$ /usr/bin/docker compose --env-file /tmp/openriak-docker-3.4.0-alpine-3.21-otp24-m7b600sa/.env.cluster --project-directory /tmp/openriak-docker-3.4.0-alpine-3.21-otp24-m7b600sa --file /tmp/openriak-docker-3.4.0-alpine-3.21-otp24-m7b600sa/compose.cluster.test.yaml up --detach --no-build
started: 2026-09-11T08:47:14Z
 Network openriak-kv-340-alpine-321-otp24-node-cluster_openriak  Creating
 Network openriak-kv-340-alpine-321-otp24-node-cluster_openriak  Created
 Container openriak-kv-3.4.0-alpine-3.21-otp24-node-4-t-180301z  Creating
 Container openriak-kv-3.4.0-alpine-3.21-otp24-node-5-t-180301z  Creating
 Container openriak-kv-3.4.0-alpine-3.21-otp24-node-3-t-180301z  Creating
 Container openriak-kv-3.4.0-alpine-3.21-otp24-node-2-t-180301z  Creating
 Container openriak-kv-3.4.0-alpine-3.21-otp24-node-1-t-180301z  Creating
 Container openriak-kv-3.4.0-alpine-3.21-otp24-node-5-t-180301z  Created
 Container openriak-kv-3.4.0-alpine-3.21-otp24-node-4-t-180301z  Created
 Container openriak-kv-3.4.0-alpine-3.21-otp24-node-1-t-180301z  Created
 Container openriak-kv-3.4.0-alpine-3.21-otp24-node-3-t-180301z  Created
 Container openriak-kv-3.4.0-alpine-3.21-otp24-node-2-t-180301z  Created
 Container openriak-kv-3.4.0-alpine-3.21-otp24-node-3-t-180301z  Starting
 Container openriak-kv-3.4.0-alpine-3.21-otp24-node-4-t-180301z  Starting
 Container openriak-kv-3.4.0-alpine-3.21-otp24-node-5-t-180301z  Starting
 Container openriak-kv-3.4.0-alpine-3.21-otp24-node-2-t-180301z  Starting
 Container openriak-kv-3.4.0-alpine-3.21-otp24-node-1-t-180301z  Starting
 Container openriak-kv-3.4.0-alpine-3.21-otp24-node-4-t-180301z  Started
 Container openriak-kv-3.4.0-alpine-3.21-otp24-node-3-t-180301z  Started
 Container openriak-kv-3.4.0-alpine-3.21-otp24-node-1-t-180301z  Started
 Container openriak-kv-3.4.0-alpine-3.21-otp24-node-5-t-180301z  Started
 Container openriak-kv-3.4.0-alpine-3.21-otp24-node-2-t-180301z  Started

timeout_seconds: 3600
exit_code: 0
