$ /usr/bin/docker buildx build --builder openriak-kv-multiarch --load --platform linux/amd64 --pull=false --no-cache --tag tiotjp/openriak-kv:test-3.4.0-alpine-3.21-otp24-linux-amd64-20260911t084633.180301z --file /home/peter/openriak-builds/openriak-distributed/openriak-docker-2026-09-11-b/living-room-a/20260911T084617.243958Z/results/3.4.0/3.4.0-alpine-3.21-otp24/platforms/linux-amd64/runs/20260911T084633.180301Z/Dockerfile /home/peter/openriak-builds/openriak-distributed/openriak-docker-2026-09-11-b/living-room-a/20260911T084617.243958Z/results/3.4.0/3.4.0-alpine-3.21-otp24/platforms/linux-amd64/runs/20260911T084633.180301Z
started: 2026-09-11T08:46:33Z
#0 building with "openriak-kv-multiarch" instance using docker-container driver

#1 [internal] load build definition from Dockerfile
#1 transferring dockerfile: 42.78kB done
#1 DONE 0.0s

#2 resolve image config for docker-image://docker.io/docker/dockerfile:1.7
#2 DONE 1.7s

#3 docker-image://docker.io/docker/dockerfile:1.7@sha256:a57df69d0ea827fb7266491f2813635de6f17269be881f696fbfdf2d83dda33e
#3 resolve docker.io/docker/dockerfile:1.7@sha256:a57df69d0ea827fb7266491f2813635de6f17269be881f696fbfdf2d83dda33e done
#3 sha256:96918c57e42509b97f10c074d80672ecdbd3bb7dcd38c1bd95960cf291207416 0B / 11.98MB 0.2s
#3 sha256:96918c57e42509b97f10c074d80672ecdbd3bb7dcd38c1bd95960cf291207416 11.98MB / 11.98MB 0.3s done
#3 extracting sha256:96918c57e42509b97f10c074d80672ecdbd3bb7dcd38c1bd95960cf291207416 0.1s done
#3 DONE 0.4s

#4 [internal] load metadata for docker.io/library/alpine:3.21@sha256:48b0309ca019d89d40f670aa1bc06e426dc0931948452e8491e3d65087abc07d
#4 DONE 1.3s

#5 [internal] load .dockerignore
#5 transferring context: 2B done
#5 DONE 0.0s

#6 [internal] preparing inline document
#6 DONE 0.0s

#7 [internal] preparing inline document
#7 DONE 0.0s

#8 [package-amd64 1/2] FROM docker.io/library/alpine:3.21@sha256:48b0309ca019d89d40f670aa1bc06e426dc0931948452e8491e3d65087abc07d
#8 resolve docker.io/library/alpine:3.21@sha256:48b0309ca019d89d40f670aa1bc06e426dc0931948452e8491e3d65087abc07d 0.0s done
#8 sha256:897d797d2723cf0e318402f4d6f37d51b011517e5cf09246b22155f0fa90dc81 0B / 3.65MB 0.2s
#8 sha256:897d797d2723cf0e318402f4d6f37d51b011517e5cf09246b22155f0fa90dc81 3.65MB / 3.65MB 0.2s done
#8 extracting sha256:897d797d2723cf0e318402f4d6f37d51b011517e5cf09246b22155f0fa90dc81 0.1s done
#8 DONE 0.3s

#9 [download-amd64 1/1] ADD --checksum=sha256:140f1decb585e5855990c140b58afcb2ba3629e5dc65fffab8d0eaaa0621cc69 https://files.tiot.jp/alpine/v3.21/main/x86_64/riak-3.4.0.24-r1.apk /riak-3.4.0.24-r1.apk
#9 DONE 1.1s

#10 [download-amd64 1/1] ADD --checksum=sha256:140f1decb585e5855990c140b58afcb2ba3629e5dc65fffab8d0eaaa0621cc69 https://files.tiot.jp/alpine/v3.21/main/x86_64/riak-3.4.0.24-r1.apk /riak-3.4.0.24-r1.apk
#10 DONE 0.0s

#11 [package-amd64 2/2] RUN --mount=type=bind,from=download-amd64,target=/opt/openriak-package,ro <<'OPENRIAK_PACKAGE_INSTALL' (set -eu...)
#11 0.079 fetch https://dl-cdn.alpinelinux.org/alpine/v3.21/main/x86_64/APKINDEX.tar.gz
#11 0.416 fetch https://dl-cdn.alpinelinux.org/alpine/v3.21/community/x86_64/APKINDEX.tar.gz
#11 0.982 OK: 7 MiB in 15 packages
#11 1.053 fetch https://dl-cdn.alpinelinux.org/alpine/v3.21/main/x86_64/APKINDEX.tar.gz
#11 1.135 fetch https://dl-cdn.alpinelinux.org/alpine/v3.21/community/x86_64/APKINDEX.tar.gz
#11 1.461 (1/19) Installing ncurses-terminfo-base (6.5_p20241006-r3)
#11 1.468 (2/19) Installing libncursesw (6.5_p20241006-r3)
#11 1.479 (3/19) Installing readline (8.2.13-r0)
#11 1.486 (4/19) Installing bash (5.2.37-r0)
#11 1.504 Executing bash-5.2.37-r0.post-install
#11 1.508 (5/19) Installing ca-certificates (20260413-r0)
#11 1.542 (6/19) Installing coreutils-env (9.5-r2)
#11 1.547 (7/19) Installing coreutils-fmt (9.5-r2)
#11 1.552 (8/19) Installing coreutils-sha512sum (9.5-r2)
#11 1.556 (9/19) Installing acl-libs (2.3.2-r1)
#11 1.560 (10/19) Installing libattr (2.5.2-r2)
#11 1.563 (11/19) Installing skalibs-libs (2.14.3.0-r0)
#11 1.570 (12/19) Installing utmps-libs (0.1.2.3-r2)
#11 1.573 (13/19) Installing coreutils (9.5-r2)
#11 1.593 (14/19) Installing libmd (1.1.0-r0)
#11 1.598 (15/19) Installing libbsd (0.12.2-r0)
#11 1.606 (16/19) Installing linux-pam (1.6.1-r1)
#11 1.620 (17/19) Installing shadow (4.16.0-r1)
#11 1.636 (18/19) Installing su-exec (0.2-r3)
#11 1.640 (19/19) Installing tzdata (2026c-r0)
#11 1.686 Executing busybox-1.37.0-r14.trigger
#11 1.691 Executing ca-certificates-20260413-r0.trigger
#11 1.727 OK: 13 MiB in 34 packages
#11 1.808 fetch https://dl-cdn.alpinelinux.org/alpine/v3.21/main/x86_64/APKINDEX.tar.gz
#11 1.890 fetch https://dl-cdn.alpinelinux.org/alpine/v3.21/community/x86_64/APKINDEX.tar.gz
#11 2.215 (1/3) Installing libgcc (14.2.0-r4)
#11 2.222 (2/3) Installing libstdc++ (14.2.0-r4)
#11 2.246 (3/3) Installing riak (3.4.0.24-r1)
#11 2.705 Executing busybox-1.37.0-r14.trigger
#11 2.711 OK: 61 MiB in 37 packages
#11 DONE 2.9s

#12 [final 1/4] RUN <<'OPENRIAK_IMAGE_SETUP' (set -eu...)
#12 0.081 uid=100(riak) gid=101(riak) groups=101(riak),101(riak)
#12 DONE 0.1s

#13 [final 2/4] COPY <<OPENRIAK_ENTRYPOINT /usr/local/bin/openriak-entrypoint
#13 DONE 0.0s

#14 [final 3/4] COPY <<OPENRIAK_HEALTHCHECK /usr/local/bin/openriak-healthcheck
#14 DONE 0.0s

#15 [final 4/4] RUN <<'OPENRIAK_SCRIPT_SETUP' (set -eu...)
#15 DONE 0.1s

#16 exporting to docker image format
#16 exporting layers
#16 exporting layers 2.1s done
#16 exporting manifest sha256:7b162f83d3f940a01bf646cf5e2cd9558446a114cf826e8c7af46dd527d510a7 done
#16 exporting config sha256:283f5d6d0cc26cd76531aa9cda700c634646dc2e552383baded408105f8b949e done
#16 sending tarball
#16 sending tarball 1.2s done
#16 DONE 3.3s

#17 importing to docker
#17 loading layer 40e8e3fb7102 393.22kB / 36.40MB 0.8s done
#17 loading layer 4b87c13fb517 24.56kB / 24.56kB 0.0s done
#17 loading layer cd9c74a306e4 7.70kB / 7.70kB 0.0s done
#17 loading layer 2d41f37c5390 390B / 390B 0.0s done
#17 loading layer 6808ca0cbb95 7.88kB / 7.88kB 0.0s done
#17 DONE 0.8s

timeout_seconds: 3600
exit_code: 0
