$ /usr/bin/docker logs openriak-kv-3.4.0-fedora-43-otp26-node-4-t-978535z
started: 2026-09-11T10:50:52Z
2026-09-11T19:47:11+09:00 [openriak-entrypoint] configuration: timezone = Asia/Tokyo
usermod: no changes
2026-09-11T19:47:11+09:00 [openriak-entrypoint] configuration: riak UID/GID = 19001/19002
2026-09-11T19:47:11+09:00 [openriak-entrypoint] configuration: preparing mounted directories
2026-09-11T19:47:11+09:00 [openriak-entrypoint] configuration: seeding /etc/riak from packaged defaults
2026-09-11T19:47:11+09:00 [openriak-entrypoint] configuration: current Docker IPv4 address = 172.25.0.6
2026-09-11T19:47:11+09:00 [openriak-entrypoint] configuration: waiting for coordinator cookie before daemon startup
2026-09-11T19:47:12+09:00 [openriak-entrypoint] configuration: waiting for coordinator cookie before daemon startup
2026-09-11T19:47:13+09:00 [openriak-entrypoint] configuration: waiting for coordinator cookie before daemon startup
2026-09-11T19:47:14+09:00 [openriak-entrypoint] configuration: waiting for coordinator cookie before daemon startup
2026-09-11T19:47:15+09:00 [openriak-entrypoint] configuration: waiting for coordinator cookie before daemon startup
2026-09-11T19:47:16+09:00 [openriak-entrypoint] configuration: waiting for coordinator cookie before daemon startup
2026-09-11T19:47:17+09:00 [openriak-entrypoint] configuration: waiting for coordinator cookie before daemon startup
2026-09-11T19:47:18+09:00 [openriak-entrypoint] configuration: waiting for coordinator cookie before daemon startup
2026-09-11T19:47:19+09:00 [openriak-entrypoint] configuration: waiting for coordinator cookie before daemon startup
2026-09-11T19:47:20+09:00 [openriak-entrypoint] configuration: waiting for coordinator cookie before daemon startup
2026-09-11T19:47:21+09:00 [openriak-entrypoint] configuration: waiting for coordinator cookie before daemon startup
2026-09-11T19:47:22+09:00 [openriak-entrypoint] configuration: waiting for coordinator cookie before daemon startup
2026-09-11T19:47:25+09:00 [openriak-entrypoint] configuration: waiting for coordinator cookie before daemon startup
2026-09-11T19:47:26+09:00 [openriak-entrypoint] configuration: waiting for coordinator cookie before daemon startup
2026-09-11T19:47:27+09:00 [openriak-entrypoint] configuration: waiting for coordinator cookie before daemon startup
2026-09-11T19:47:28+09:00 [openriak-entrypoint] configuration: waiting for coordinator cookie before daemon startup
2026-09-11T19:47:29+09:00 [openriak-entrypoint] configuration: waiting for coordinator cookie before daemon startup
2026-09-11T19:47:30+09:00 [openriak-entrypoint] configuration: waiting for coordinator cookie before daemon startup
2026-09-11T19:47:31+09:00 [openriak-entrypoint] configuration: adopted coordinator cookie before daemon startup
2026-09-11T19:47:31+09:00 [openriak-entrypoint] configuration: nodename = openriak-kv@node-04.cluster-a.openriak
2026-09-11T19:47:31+09:00 [openriak-entrypoint] configuration: distributed_cookie = openriak-e7a3db8222966bde656ffd49ecdf7271
2026-09-11T19:47:31+09:00 [openriak-entrypoint] configuration: effective distributed cookie = openriak-e7a3db8222966bde656ffd49ecdf7271
2026-09-11T19:47:31+09:00 [openriak-entrypoint] configuration: ring_size = 8
2026-09-11T19:47:31+09:00 [openriak-entrypoint] configuration: storage_backend = leveled
2026-09-11T19:47:32+09:00 [openriak-entrypoint] configuration: anti_entropy = passive
2026-09-11T19:47:32+09:00 [openriak-entrypoint] configuration: tictacaae_active = active
2026-09-11T19:47:32+09:00 [openriak-entrypoint] configuration: tictacaae_storeheads = enabled
2026-09-11T19:47:32+09:00 [openriak-entrypoint] configuration: listener.http.internal = 0.0.0.0:8098
2026-09-11T19:47:32+09:00 [openriak-entrypoint] configuration: listener.protobuf.internal = 0.0.0.0:8087
2026-09-11T19:47:32+09:00 [openriak-entrypoint] configuration: logger.max_file_size = 2MB
2026-09-11T19:47:32+09:00 [openriak-entrypoint] configuration: logger.max_files = 4
2026-09-11T19:47:32+09:00 [openriak-entrypoint] startup: validating configuration and generating VM arguments
2026-09-11T19:47:35+09:00 [openriak-entrypoint] startup: configuration is valid (config is OK -config /var/lib/riak/generated.conf/app.2026.09.11.19.47.32.config -args_file /var/lib/riak/generated.conf/vm.2026.09.11.19.47.32.args -vm_args /var/lib/riak/generated.conf/vm.2026.09.11.19.47.32.args)
2026-09-11T19:47:35+09:00 [openriak-entrypoint] startup: starting OpenRiak as a daemon
!!!!
!!!! WARNING: ulimit -n is 1024; 65536 is the recommended minimum.
!!!!
2026-09-11T19:47:41+09:00 [openriak-entrypoint] startup: daemon command completed
2026-09-11T19:47:41+09:00 [openriak-entrypoint] startup: waiting for BEAM and riak ping
2026-09-11T19:47:42+09:00 [openriak-entrypoint] startup: BEAM is running and riak ping returned pong
2026-09-11T19:47:42+09:00 [openriak-entrypoint] startup: waiting for the riak_kv service
2026-09-11T19:47:43+09:00 [openriak-entrypoint] startup: waiting for riak_kv (attempt 1, services=[])
2026-09-11T19:47:45+09:00 [openriak-entrypoint] startup: waiting for riak_kv (attempt 2, services=[])
2026-09-11T19:47:47+09:00 [openriak-entrypoint] startup: waiting for riak_kv (attempt 3, services=[])
2026-09-11T19:47:49+09:00 [openriak-entrypoint] startup: waiting for riak_kv (attempt 4, services=[])
2026-09-11T19:47:52+09:00 [openriak-entrypoint] startup: riak_kv service is up ([riak_kv,riak_pipe,riak_repl])
2026-09-11T19:47:52+09:00 [openriak-entrypoint] startup: waiting for Riak transfers to complete
2026-09-11T19:47:53+09:00 [openriak-entrypoint] startup: transfers complete (No transfers active Active Transfers: ok)
2026-09-11T19:47:53+09:00 [openriak-entrypoint] cluster: Role: Follower
2026-09-11T19:47:55+09:00 [openriak-entrypoint] cluster: announced openriak-kv@node-04.cluster-a.openriak at 172.25.0.6 to coordinator openriak-kv@node-01.cluster-a.openriak (8822bfb0a0f94ef9)
2026-09-11T19:47:55+09:00 [openriak-entrypoint] cluster: follower waiting for coordinator approval (1s/3600s)
2026-09-11T19:47:57+09:00 [openriak-entrypoint] cluster: follower waiting for coordinator approval (2s/3600s)
2026-09-11T19:47:58+09:00 [openriak-entrypoint] cluster: follower waiting for coordinator approval (3s/3600s)
2026-09-11T19:47:59+09:00 [openriak-entrypoint] cluster: join approved by openriak-kv@node-01.cluster-a.openriak (8822bfb0a0f94ef9)
2026-09-11T19:48:00+09:00 [openriak-entrypoint] cluster: join: Success: staged join request for 'openriak-kv@node-04.cluster-a.openriak' to 'openriak-kv@node-01.cluster-a.openriak'
2026-09-11T19:48:00+09:00 [openriak-entrypoint] cluster: join: ok
2026-09-11T19:48:00+09:00 [openriak-entrypoint] cluster: join request accepted; waiting for plan and commit
2026-09-11T19:48:01+09:00 [openriak-entrypoint] cluster: waiting for the ring to become ready
2026-09-11T19:48:02+09:00 [openriak-entrypoint] cluster: ring is ready (TRUE All nodes agree on the ring ['openriak-kv@node-01.cluster-a.openriak', 'openriak-kv@node-02.cluster-a.openriak', 'openriak-kv@node-03.cluster-a.openriak', 'openriak-kv@node-04.cluster-a.openriak'] ok)
2026-09-11T19:48:02+09:00 [openriak-entrypoint] startup: waiting for Riak transfers to complete
2026-09-11T19:48:03+09:00 [openriak-entrypoint] startup: waiting for transfers (attempt 1, transfers='openriak-kv@node-05.cluster-a.openriak' waiting to handoff 8 partitions 'openriak-kv@node-04.cluster-a.openriak' waiting to handoff 8 partitions 'openriak-kv@node-03.cluster-a.openriak' waiting to handoff 8 partitions 'openriak-kv@node-02.cluster-a.openriak' waiting to handoff 8 partitions Active Transfers: ok)
2026-09-11T19:48:05+09:00 [openriak-entrypoint] startup: waiting for transfers (attempt 2, transfers='openriak-kv@node-05.cluster-a.openriak' waiting to handoff 8 partitions 'openriak-kv@node-04.cluster-a.openriak' waiting to handoff 8 partitions 'openriak-kv@node-03.cluster-a.openriak' waiting to handoff 8 partitions 'openriak-kv@node-02.cluster-a.openriak' waiting to handoff 8 partitions Active Transfers: ok)
2026-09-11T19:48:07+09:00 [openriak-entrypoint] startup: waiting for transfers (attempt 3, transfers='openriak-kv@node-05.cluster-a.openriak' waiting to handoff 8 partitions 'openriak-kv@node-04.cluster-a.openriak' waiting to handoff 8 partitions 'openriak-kv@node-03.cluster-a.openriak' waiting to handoff 8 partitions 'openriak-kv@node-02.cluster-a.openriak' waiting to handoff 8 partitions Active Transfers: ok)
2026-09-11T19:48:09+09:00 [openriak-entrypoint] startup: waiting for transfers (attempt 4, transfers='openriak-kv@node-05.cluster-a.openriak' waiting to handoff 8 partitions 'openriak-kv@node-04.cluster-a.openriak' waiting to handoff 8 partitions 'openriak-kv@node-03.cluster-a.openriak' waiting to handoff 8 partitions 'openriak-kv@node-02.cluster-a.openriak' waiting to handoff 8 partitions Active Transfers: ok)
2026-09-11T19:48:11+09:00 [openriak-entrypoint] startup: waiting for transfers (attempt 5, transfers='openriak-kv@node-05.cluster-a.openriak' waiting to handoff 7 partitions 'openriak-kv@node-04.cluster-a.openriak' waiting to handoff 7 partitions 'openriak-kv@node-03.cluster-a.openriak' waiting to handoff 6 partitions 'openriak-kv@node-02.cluster-a.openriak' waiting to handoff 6 partitions Active Transfers: ok)
2026-09-11T19:48:13+09:00 [openriak-entrypoint] startup: waiting for transfers (attempt 6, transfers='openriak-kv@node-05.cluster-a.openriak' waiting to handoff 7 partitions 'openriak-kv@node-04.cluster-a.openriak' waiting to handoff 7 partitions 'openriak-kv@node-03.cluster-a.openriak' waiting to handoff 6 partitions 'openriak-kv@node-02.cluster-a.openriak' waiting to handoff 6 partitions Active Transfers: ok)
2026-09-11T19:48:16+09:00 [openriak-entrypoint] startup: waiting for transfers (attempt 7, transfers='openriak-kv@node-05.cluster-a.openriak' waiting to handoff 7 partitions 'openriak-kv@node-04.cluster-a.openriak' waiting to handoff 7 partitions 'openriak-kv@node-03.cluster-a.openriak' waiting to handoff 6 partitions 'openriak-kv@node-02.cluster-a.openriak' waiting to handoff 6 partitions Active Transfers: ok)
2026-09-11T19:48:17+09:00 [openriak-entrypoint] startup: waiting for transfers (attempt 8, transfers='openriak-kv@node-05.cluster-a.openriak' waiting to handoff 7 partitions 'openriak-kv@node-04.cluster-a.openriak' waiting to handoff 7 partitions 'openriak-kv@node-03.cluster-a.openriak' waiting to handoff 6 partitions 'openriak-kv@node-02.cluster-a.openriak' waiting to handoff 6 partitions Active Transfers: ok)
2026-09-11T19:48:19+09:00 [openriak-entrypoint] startup: waiting for transfers (attempt 9, transfers='openriak-kv@node-05.cluster-a.openriak' waiting to handoff 7 partitions 'openriak-kv@node-04.cluster-a.openriak' waiting to handoff 7 partitions 'openriak-kv@node-03.cluster-a.openriak' waiting to handoff 6 partitions 'openriak-kv@node-02.cluster-a.openriak' waiting to handoff 6 partitions Active Transfers: ok)
2026-09-11T19:48:21+09:00 [openriak-entrypoint] startup: waiting for transfers (attempt 10, transfers='openriak-kv@node-05.cluster-a.openriak' waiting to handoff 7 partitions 'openriak-kv@node-04.cluster-a.openriak' waiting to handoff 7 partitions 'openriak-kv@node-03.cluster-a.openriak' waiting to handoff 6 partitions 'openriak-kv@node-02.cluster-a.openriak' waiting to handoff 6 partitions Active Transfers: ok)
2026-09-11T19:48:23+09:00 [openriak-entrypoint] startup: waiting for transfers (attempt 11, transfers='openriak-kv@node-05.cluster-a.openriak' waiting to handoff 7 partitions 'openriak-kv@node-04.cluster-a.openriak' waiting to handoff 7 partitions 'openriak-kv@node-03.cluster-a.openriak' waiting to handoff 6 partitions 'openriak-kv@node-02.cluster-a.openriak' waiting to handoff 6 partitions Active Transfers: ok)
2026-09-11T19:48:25+09:00 [openriak-entrypoint] startup: waiting for transfers (attempt 12, transfers='openriak-kv@node-05.cluster-a.openriak' waiting to handoff 7 partitions 'openriak-kv@node-04.cluster-a.openriak' waiting to handoff 7 partitions 'openriak-kv@node-03.cluster-a.openriak' waiting to handoff 6 partitions 'openriak-kv@node-02.cluster-a.openriak' waiting to handoff 6 partitions Active Transfers: ok)
2026-09-11T19:48:29+09:00 [openriak-entrypoint] startup: waiting for transfers (attempt 13, transfers='openriak-kv@node-05.cluster-a.openriak' waiting to handoff 7 partitions 'openriak-kv@node-04.cluster-a.openriak' waiting to handoff 7 partitions 'openriak-kv@node-03.cluster-a.openriak' waiting to handoff 6 partitions 'openriak-kv@node-02.cluster-a.openriak' waiting to handoff 6 partitions Active Transfers: ok)
2026-09-11T19:48:31+09:00 [openriak-entrypoint] startup: waiting for transfers (attempt 14, transfers='openriak-kv@node-05.cluster-a.openriak' waiting to handoff 7 partitions 'openriak-kv@node-04.cluster-a.openriak' waiting to handoff 7 partitions 'openriak-kv@node-03.cluster-a.openriak' waiting to handoff 6 partitions 'openriak-kv@node-02.cluster-a.openriak' waiting to handoff 6 partitions Active Transfers: ok)
2026-09-11T19:48:33+09:00 [openriak-entrypoint] startup: waiting for transfers (attempt 15, transfers='openriak-kv@node-05.cluster-a.openriak' waiting to handoff 7 partitions 'openriak-kv@node-04.cluster-a.openriak' waiting to handoff 7 partitions 'openriak-kv@node-03.cluster-a.openriak' waiting to handoff 6 partitions 'openriak-kv@node-02.cluster-a.openriak' waiting to handoff 6 partitions Active Transfers: ok)
2026-09-11T19:48:35+09:00 [openriak-entrypoint] startup: waiting for transfers (attempt 16, transfers='openriak-kv@node-05.cluster-a.openriak' waiting to handoff 7 partitions 'openriak-kv@node-04.cluster-a.openriak' waiting to handoff 7 partitions 'openriak-kv@node-03.cluster-a.openriak' waiting to handoff 6 partitions 'openriak-kv@node-02.cluster-a.openriak' waiting to handoff 6 partitions Active Transfers: ok)
2026-09-11T19:48:37+09:00 [openriak-entrypoint] startup: waiting for transfers (attempt 17, transfers='openriak-kv@node-05.cluster-a.openriak' waiting to handoff 7 partitions 'openriak-kv@node-04.cluster-a.openriak' waiting to handoff 7 partitions 'openriak-kv@node-03.cluster-a.openriak' waiting to handoff 6 partitions 'openriak-kv@node-02.cluster-a.openriak' waiting to handoff 6 partitions Active Transfers: ok)
2026-09-11T19:48:39+09:00 [openriak-entrypoint] startup: waiting for transfers (attempt 18, transfers='openriak-kv@node-05.cluster-a.openriak' waiting to handoff 7 partitions 'openriak-kv@node-04.cluster-a.openriak' waiting to handoff 7 partitions 'openriak-kv@node-03.cluster-a.openriak' waiting to handoff 6 partitions 'openriak-kv@node-02.cluster-a.openriak' waiting to handoff 6 partitions Active Transfers: ok)
2026-09-11T19:48:41+09:00 [openriak-entrypoint] startup: waiting for transfers (attempt 19, transfers='openriak-kv@node-05.cluster-a.openriak' waiting to handoff 7 partitions 'openriak-kv@node-04.cluster-a.openriak' waiting to handoff 7 partitions 'openriak-kv@node-03.cluster-a.openriak' waiting to handoff 6 partitions 'openriak-kv@node-02.cluster-a.openriak' waiting to handoff 6 partitions Active Transfers: ok)
2026-09-11T19:48:43+09:00 [openriak-entrypoint] startup: waiting for transfers (attempt 20, transfers='openriak-kv@node-05.cluster-a.openriak' waiting to handoff 7 partitions 'openriak-kv@node-04.cluster-a.openriak' waiting to handoff 7 partitions 'openriak-kv@node-03.cluster-a.openriak' waiting to handoff 6 partitions 'openriak-kv@node-02.cluster-a.openriak' waiting to handoff 6 partitions Active Transfers: ok)
2026-09-11T19:48:45+09:00 [openriak-entrypoint] startup: waiting for transfers (attempt 21, transfers='openriak-kv@node-05.cluster-a.openriak' waiting to handoff 7 partitions 'openriak-kv@node-04.cluster-a.openriak' waiting to handoff 7 partitions 'openriak-kv@node-03.cluster-a.openriak' waiting to handoff 6 partitions 'openriak-kv@node-02.cluster-a.openriak' waiting to handoff 6 partitions Active Transfers: ok)
2026-09-11T19:48:47+09:00 [openriak-entrypoint] startup: waiting for transfers (attempt 22, transfers='openriak-kv@node-05.cluster-a.openriak' waiting to handoff 7 partitions 'openriak-kv@node-04.cluster-a.openriak' waiting to handoff 7 partitions 'openriak-kv@node-03.cluster-a.openriak' waiting to handoff 6 partitions 'openriak-kv@node-02.cluster-a.openriak' waiting to handoff 6 partitions Active Transfers: ok)
2026-09-11T19:48:49+09:00 [openriak-entrypoint] startup: waiting for transfers (attempt 23, transfers='openriak-kv@node-05.cluster-a.openriak' waiting to handoff 7 partitions 'openriak-kv@node-04.cluster-a.openriak' waiting to handoff 7 partitions 'openriak-kv@node-03.cluster-a.openriak' waiting to handoff 6 partitions 'openriak-kv@node-02.cluster-a.openriak' waiting to handoff 6 partitions Active Transfers: ok)
2026-09-11T19:48:51+09:00 [openriak-entrypoint] startup: waiting for transfers (attempt 24, transfers='openriak-kv@node-05.cluster-a.openriak' waiting to handoff 7 partitions 'openriak-kv@node-04.cluster-a.openriak' waiting to handoff 7 partitions 'openriak-kv@node-03.cluster-a.openriak' waiting to handoff 6 partitions 'openriak-kv@node-02.cluster-a.openriak' waiting to handoff 6 partitions Active Transfers: ok)
2026-09-11T19:48:53+09:00 [openriak-entrypoint] startup: waiting for transfers (attempt 25, transfers='openriak-kv@node-05.cluster-a.openriak' waiting to handoff 7 partitions 'openriak-kv@node-04.cluster-a.openriak' waiting to handoff 7 partitions 'openriak-kv@node-03.cluster-a.openriak' waiting to handoff 6 partitions 'openriak-kv@node-02.cluster-a.openriak' waiting to handoff 6 partitions Active Transfers: ok)
2026-09-11T19:48:55+09:00 [openriak-entrypoint] startup: waiting for transfers (attempt 26, transfers='openriak-kv@node-05.cluster-a.openriak' waiting to handoff 7 partitions 'openriak-kv@node-04.cluster-a.openriak' waiting to handoff 7 partitions 'openriak-kv@node-03.cluster-a.openriak' waiting to handoff 6 partitions 'openriak-kv@node-02.cluster-a.openriak' waiting to handoff 6 partitions Active Transfers: ok)
2026-09-11T19:48:57+09:00 [openriak-entrypoint] startup: waiting for transfers (attempt 27, transfers='openriak-kv@node-05.cluster-a.openriak' waiting to handoff 7 partitions 'openriak-kv@node-04.cluster-a.openriak' waiting to handoff 7 partitions 'openriak-kv@node-03.cluster-a.openriak' waiting to handoff 6 partitions 'openriak-kv@node-02.cluster-a.openriak' waiting to handoff 6 partitions Active Transfers: ok)
2026-09-11T19:49:01+09:00 [openriak-entrypoint] startup: waiting for transfers (attempt 28, transfers='openriak-kv@node-05.cluster-a.openriak' waiting to handoff 7 partitions 'openriak-kv@node-04.cluster-a.openriak' waiting to handoff 7 partitions 'openriak-kv@node-03.cluster-a.openriak' waiting to handoff 6 partitions 'openriak-kv@node-02.cluster-a.openriak' waiting to handoff 6 partitions Active Transfers: ok)
2026-09-11T19:49:03+09:00 [openriak-entrypoint] startup: waiting for transfers (attempt 29, transfers='openriak-kv@node-05.cluster-a.openriak' waiting to handoff 7 partitions 'openriak-kv@node-04.cluster-a.openriak' waiting to handoff 7 partitions 'openriak-kv@node-03.cluster-a.openriak' waiting to handoff 6 partitions 'openriak-kv@node-02.cluster-a.openriak' waiting to handoff 6 partitions Active Transfers: ok)
2026-09-11T19:49:05+09:00 [openriak-entrypoint] startup: waiting for transfers (attempt 30, transfers='openriak-kv@node-05.cluster-a.openriak' waiting to handoff 7 partitions 'openriak-kv@node-04.cluster-a.openriak' waiting to handoff 7 partitions 'openriak-kv@node-03.cluster-a.openriak' waiting to handoff 6 partitions 'openriak-kv@node-02.cluster-a.openriak' waiting to handoff 6 partitions Active Transfers: ok)
2026-09-11T19:49:07+09:00 [openriak-entrypoint] startup: waiting for transfers (attempt 31, transfers='openriak-kv@node-05.cluster-a.openriak' waiting to handoff 7 partitions 'openriak-kv@node-04.cluster-a.openriak' waiting to handoff 7 partitions 'openriak-kv@node-03.cluster-a.openriak' waiting to handoff 6 partitions 'openriak-kv@node-02.cluster-a.openriak' waiting to handoff 6 partitions Active Transfers: ok)
2026-09-11T19:49:08+09:00 [openriak-entrypoint] startup: waiting for transfers (attempt 32, transfers='openriak-kv@node-05.cluster-a.openriak' waiting to handoff 7 partitions 'openriak-kv@node-04.cluster-a.openriak' waiting to handoff 6 partitions 'openriak-kv@node-03.cluster-a.openriak' waiting to handoff 6 partitions 'openriak-kv@node-02.cluster-a.openriak' waiting to handoff 6 partitions Active Transfers: ok)
2026-09-11T19:49:10+09:00 [openriak-entrypoint] startup: waiting for transfers (attempt 33, transfers='openriak-kv@node-05.cluster-a.openriak' waiting to handoff 7 partitions 'openriak-kv@node-04.cluster-a.openriak' waiting to handoff 6 partitions 'openriak-kv@node-03.cluster-a.openriak' waiting to handoff 6 partitions 'openriak-kv@node-02.cluster-a.openriak' waiting to handoff 5 partitions Active Transfers: ok)
2026-09-11T19:49:13+09:00 [openriak-entrypoint] startup: waiting for transfers (attempt 34, transfers='openriak-kv@node-05.cluster-a.openriak' waiting to handoff 7 partitions 'openriak-kv@node-04.cluster-a.openriak' waiting to handoff 6 partitions 'openriak-kv@node-03.cluster-a.openriak' waiting to handoff 6 partitions 'openriak-kv@node-02.cluster-a.openriak' waiting to handoff 5 partitions Active Transfers: ok)
2026-09-11T19:49:15+09:00 [openriak-entrypoint] startup: waiting for transfers (attempt 35, transfers='openriak-kv@node-05.cluster-a.openriak' waiting to handoff 7 partitions 'openriak-kv@node-04.cluster-a.openriak' waiting to handoff 6 partitions 'openriak-kv@node-03.cluster-a.openriak' waiting to handoff 5 partitions 'openriak-kv@node-02.cluster-a.openriak' waiting to handoff 5 partitions Active Transfers: ok)
2026-09-11T19:49:17+09:00 [openriak-entrypoint] startup: waiting for transfers (attempt 36, transfers='openriak-kv@node-05.cluster-a.openriak' waiting to handoff 7 partitions 'openriak-kv@node-04.cluster-a.openriak' waiting to handoff 6 partitions 'openriak-kv@node-03.cluster-a.openriak' waiting to handoff 5 partitions 'openriak-kv@node-02.cluster-a.openriak' waiting to handoff 4 partitions Active Transfers: ok)
2026-09-11T19:49:19+09:00 [openriak-entrypoint] startup: waiting for transfers (attempt 37, transfers='openriak-kv@node-05.cluster-a.openriak' waiting to handoff 7 partitions 'openriak-kv@node-04.cluster-a.openriak' waiting to handoff 6 partitions 'openriak-kv@node-03.cluster-a.openriak' waiting to handoff 5 partitions 'openriak-kv@node-02.cluster-a.openriak' waiting to handoff 4 partitions Active Transfers: ok)
2026-09-11T19:49:20+09:00 [openriak-entrypoint] startup: waiting for transfers (attempt 38, transfers='openriak-kv@node-05.cluster-a.openriak' waiting to handoff 6 partitions 'openriak-kv@node-04.cluster-a.openriak' waiting to handoff 5 partitions 'openriak-kv@node-03.cluster-a.openriak' waiting to handoff 5 partitions 'openriak-kv@node-02.cluster-a.openriak' waiting to handoff 4 partitions Active Transfers: ok)
2026-09-11T19:49:23+09:00 [openriak-entrypoint] startup: waiting for transfers (attempt 39, transfers='openriak-kv@node-05.cluster-a.openriak' waiting to handoff 6 partitions 'openriak-kv@node-04.cluster-a.openriak' waiting to handoff 5 partitions 'openriak-kv@node-03.cluster-a.openriak' waiting to handoff 5 partitions 'openriak-kv@node-02.cluster-a.openriak' waiting to handoff 4 partitions Active Transfers: ok)
2026-09-11T19:49:25+09:00 [openriak-entrypoint] startup: waiting for transfers (attempt 40, transfers='openriak-kv@node-05.cluster-a.openriak' waiting to handoff 6 partitions 'openriak-kv@node-04.cluster-a.openriak' waiting to handoff 5 partitions 'openriak-kv@node-03.cluster-a.openriak' waiting to handoff 5 partitions 'openriak-kv@node-02.cluster-a.openriak' waiting to handoff 4 partitions Active Transfers: ok)
2026-09-11T19:49:27+09:00 [openriak-entrypoint] startup: waiting for transfers (attempt 41, transfers='openriak-kv@node-05.cluster-a.openriak' waiting to handoff 6 partitions 'openriak-kv@node-04.cluster-a.openriak' waiting to handoff 4 partitions 'openriak-kv@node-03.cluster-a.openriak' waiting to handoff 5 partitions 'openriak-kv@node-02.cluster-a.openriak' waiting to handoff 3 partitions Active Transfers: ok)
2026-09-11T19:49:29+09:00 [openriak-entrypoint] startup: waiting for transfers (attempt 42, transfers='openriak-kv@node-05.cluster-a.openriak' waiting to handoff 6 partitions 'openriak-kv@node-04.cluster-a.openriak' waiting to handoff 4 partitions 'openriak-kv@node-03.cluster-a.openriak' waiting to handoff 5 partitions 'openriak-kv@node-02.cluster-a.openriak' waiting to handoff 3 partitions Active Transfers: ok)
2026-09-11T19:49:33+09:00 [openriak-entrypoint] startup: waiting for transfers (attempt 43, transfers='openriak-kv@node-05.cluster-a.openriak' waiting to handoff 6 partitions 'openriak-kv@node-04.cluster-a.openriak' waiting to handoff 4 partitions 'openriak-kv@node-03.cluster-a.openriak' waiting to handoff 5 partitions 'openriak-kv@node-02.cluster-a.openriak' waiting to handoff 3 partitions Active Transfers: ok)
2026-09-11T19:49:35+09:00 [openriak-entrypoint] startup: waiting for transfers (attempt 44, transfers='openriak-kv@node-05.cluster-a.openriak' waiting to handoff 6 partitions 'openriak-kv@node-04.cluster-a.openriak' waiting to handoff 3 partitions 'openriak-kv@node-03.cluster-a.openriak' waiting to handoff 3 partitions 'openriak-kv@node-02.cluster-a.openriak' waiting to handoff 3 partitions Active Transfers: ok)
2026-09-11T19:49:37+09:00 [openriak-entrypoint] startup: waiting for transfers (attempt 45, transfers='openriak-kv@node-05.cluster-a.openriak' waiting to handoff 6 partitions 'openriak-kv@node-04.cluster-a.openriak' waiting to handoff 3 partitions 'openriak-kv@node-03.cluster-a.openriak' waiting to handoff 3 partitions 'openriak-kv@node-02.cluster-a.openriak' waiting to handoff 3 partitions Active Transfers: ok)
2026-09-11T19:49:39+09:00 [openriak-entrypoint] startup: waiting for transfers (attempt 46, transfers='openriak-kv@node-05.cluster-a.openriak' waiting to handoff 5 partitions 'openriak-kv@node-04.cluster-a.openriak' waiting to handoff 3 partitions 'openriak-kv@node-03.cluster-a.openriak' waiting to handoff 3 partitions 'openriak-kv@node-02.cluster-a.openriak' waiting to handoff 2 partitions Active Transfers: ok)
2026-09-11T19:49:41+09:00 [openriak-entrypoint] startup: waiting for transfers (attempt 47, transfers='openriak-kv@node-05.cluster-a.openriak' waiting to handoff 4 partitions 'openriak-kv@node-04.cluster-a.openriak' waiting to handoff 3 partitions 'openriak-kv@node-03.cluster-a.openriak' waiting to handoff 3 partitions 'openriak-kv@node-02.cluster-a.openriak' waiting to handoff 2 partitions Active Transfers: ok)
2026-09-11T19:49:43+09:00 [openriak-entrypoint] startup: waiting for transfers (attempt 48, transfers='openriak-kv@node-05.cluster-a.openriak' waiting to handoff 3 partitions 'openriak-kv@node-04.cluster-a.openriak' waiting to handoff 3 partitions 'openriak-kv@node-03.cluster-a.openriak' waiting to handoff 3 partitions 'openriak-kv@node-02.cluster-a.openriak' waiting to handoff 2 partitions Active Transfers: ok)
2026-09-11T19:49:45+09:00 [openriak-entrypoint] startup: waiting for transfers (attempt 49, transfers='openriak-kv@node-05.cluster-a.openriak' waiting to handoff 1 partitions 'openriak-kv@node-04.cluster-a.openriak' waiting to handoff 2 partitions 'openriak-kv@node-03.cluster-a.openriak' waiting to handoff 3 partitions 'openriak-kv@node-02.cluster-a.openriak' waiting to handoff 1 partitions Active Transfers: ok)
2026-09-11T19:49:47+09:00 [openriak-entrypoint] startup: waiting for transfers (attempt 50, transfers='openriak-kv@node-05.cluster-a.openriak' waiting to handoff 1 partitions 'openriak-kv@node-04.cluster-a.openriak' waiting to handoff 2 partitions 'openriak-kv@node-03.cluster-a.openriak' waiting to handoff 3 partitions 'openriak-kv@node-02.cluster-a.openriak' waiting to handoff 1 partitions Active Transfers: ok)
2026-09-11T19:49:49+09:00 [openriak-entrypoint] startup: waiting for transfers (attempt 51, transfers='openriak-kv@node-05.cluster-a.openriak' waiting to handoff 1 partitions 'openriak-kv@node-04.cluster-a.openriak' waiting to handoff 2 partitions 'openriak-kv@node-03.cluster-a.openriak' waiting to handoff 3 partitions Active Transfers: ok)
2026-09-11T19:49:50+09:00 [openriak-entrypoint] startup: waiting for transfers (attempt 52, transfers='openriak-kv@node-05.cluster-a.openriak' waiting to handoff 1 partitions 'openriak-kv@node-04.cluster-a.openriak' waiting to handoff 1 partitions 'openriak-kv@node-03.cluster-a.openriak' waiting to handoff 3 partitions Active Transfers: ok)
2026-09-11T19:49:52+09:00 [openriak-entrypoint] startup: waiting for transfers (attempt 53, transfers='openriak-kv@node-05.cluster-a.openriak' waiting to handoff 1 partitions 'openriak-kv@node-04.cluster-a.openriak' waiting to handoff 1 partitions 'openriak-kv@node-03.cluster-a.openriak' waiting to handoff 2 partitions Active Transfers: ok)
2026-09-11T19:49:55+09:00 [openriak-entrypoint] startup: waiting for transfers (attempt 54, transfers='openriak-kv@node-03.cluster-a.openriak' waiting to handoff 1 partitions Active Transfers: ok)
2026-09-11T19:49:57+09:00 [openriak-entrypoint] startup: waiting for transfers (attempt 55, transfers='openriak-kv@node-03.cluster-a.openriak' waiting to handoff 1 partitions Active Transfers: ok)
2026-09-11T19:49:59+09:00 [openriak-entrypoint] startup: transfers complete (No transfers active Active Transfers: ok)
2026-09-11T19:49:59+09:00 [openriak-entrypoint] cluster: waiting for coordinator completion confirmation
2026-09-11T19:50:00+09:00 [openriak-entrypoint] cluster: coordinator confirmed completion for openriak-kv@node-04.cluster-a.openriak
2026-09-11T19:50:00+09:00 [openriak-entrypoint] cluster: follower joined openriak-kv@node-01.cluster-a.openriak successfully
2026-09-11T19:50:00+09:00 [openriak-entrypoint] startup: OpenRiak is ready
2026-09-11T19:50:00+09:00 [openriak-entrypoint] monitor: sleeping for 1s
2026-09-11T19:50:01+09:00 [openriak-entrypoint] monitor: BEAM is running and riak ping returned pong
2026-09-11T19:50:01+09:00 [openriak-entrypoint] monitor: sleeping for 1s
2026-09-11T19:50:04+09:00 [openriak-entrypoint] monitor: BEAM is running and riak ping returned pong
2026-09-11T19:50:04+09:00 [openriak-entrypoint] monitor: sleeping for 1s
2026-09-11T19:50:06+09:00 [openriak-entrypoint] monitor: BEAM is running and riak ping returned pong
2026-09-11T19:50:06+09:00 [openriak-entrypoint] monitor: sleeping for 1s
2026-09-11T19:50:07+09:00 [openriak-entrypoint] monitor: BEAM is running and riak ping returned pong
2026-09-11T19:50:07+09:00 [openriak-entrypoint] monitor: sleeping for 1s
2026-09-11T19:50:09+09:00 [openriak-entrypoint] monitor: BEAM is running and riak ping returned pong
2026-09-11T19:50:09+09:00 [openriak-entrypoint] monitor: sleeping for 1s
2026-09-11T19:50:11+09:00 [openriak-entrypoint] monitor: BEAM is running and riak ping returned pong
2026-09-11T19:50:11+09:00 [openriak-entrypoint] monitor: sleeping for 1s
2026-09-11T19:50:13+09:00 [openriak-entrypoint] monitor: BEAM is running and riak ping returned pong
2026-09-11T19:50:13+09:00 [openriak-entrypoint] monitor: sleeping for 1s
2026-09-11T19:50:19+09:00 [openriak-entrypoint] monitor: BEAM is running and riak ping returned pong
2026-09-11T19:50:19+09:00 [openriak-entrypoint] monitor: sleeping for 1s
2026-09-11T19:50:22+09:00 [openriak-entrypoint] monitor: BEAM is running and riak ping returned pong
2026-09-11T19:50:22+09:00 [openriak-entrypoint] monitor: sleeping for 1s
2026-09-11T19:50:23+09:00 [openriak-entrypoint] monitor: BEAM is running and riak ping returned pong
2026-09-11T19:50:23+09:00 [openriak-entrypoint] monitor: sleeping for 1s
2026-09-11T19:50:25+09:00 [openriak-entrypoint] monitor: BEAM is running and riak ping returned pong
2026-09-11T19:50:25+09:00 [openriak-entrypoint] monitor: sleeping for 1s
2026-09-11T19:50:26+09:00 [openriak-entrypoint] monitor: BEAM is running and riak ping returned pong
2026-09-11T19:50:26+09:00 [openriak-entrypoint] monitor: sleeping for 1s
2026-09-11T19:50:28+09:00 [openriak-entrypoint] monitor: BEAM is running and riak ping returned pong
2026-09-11T19:50:28+09:00 [openriak-entrypoint] monitor: sleeping for 1s
2026-09-11T19:50:30+09:00 [openriak-entrypoint] monitor: BEAM is running and riak ping returned pong
2026-09-11T19:50:30+09:00 [openriak-entrypoint] monitor: sleeping for 1s
2026-09-11T19:50:31+09:00 [openriak-entrypoint] monitor: BEAM is running and riak ping returned pong
2026-09-11T19:50:31+09:00 [openriak-entrypoint] monitor: sleeping for 1s
2026-09-11T19:50:33+09:00 [openriak-entrypoint] monitor: BEAM is running and riak ping returned pong
2026-09-11T19:50:33+09:00 [openriak-entrypoint] monitor: sleeping for 1s
2026-09-11T19:50:37+09:00 [openriak-entrypoint] monitor: BEAM is running and riak ping returned pong
2026-09-11T19:50:37+09:00 [openriak-entrypoint] monitor: sleeping for 1s
2026-09-11T19:50:38+09:00 [openriak-entrypoint] monitor: BEAM is running and riak ping returned pong
2026-09-11T19:50:38+09:00 [openriak-entrypoint] monitor: sleeping for 1s
2026-09-11T19:50:40+09:00 [openriak-entrypoint] monitor: BEAM is running and riak ping returned pong
2026-09-11T19:50:40+09:00 [openriak-entrypoint] monitor: sleeping for 1s
2026-09-11T19:50:41+09:00 [openriak-entrypoint] monitor: BEAM is running and riak ping returned pong
2026-09-11T19:50:41+09:00 [openriak-entrypoint] monitor: sleeping for 1s
2026-09-11T19:50:43+09:00 [openriak-entrypoint] monitor: BEAM is running and riak ping returned pong
2026-09-11T19:50:43+09:00 [openriak-entrypoint] monitor: sleeping for 1s
2026-09-11T19:50:45+09:00 [openriak-entrypoint] monitor: BEAM is running and riak ping returned pong
2026-09-11T19:50:45+09:00 [openriak-entrypoint] monitor: sleeping for 1s
2026-09-11T19:50:46+09:00 [openriak-entrypoint] monitor: BEAM is running and riak ping returned pong
2026-09-11T19:50:46+09:00 [openriak-entrypoint] monitor: sleeping for 1s
2026-09-11T19:50:48+09:00 [openriak-entrypoint] monitor: BEAM is running and riak ping returned pong
2026-09-11T19:50:48+09:00 [openriak-entrypoint] monitor: sleeping for 1s
2026-09-11T19:50:49+09:00 [openriak-entrypoint] monitor: BEAM is running and riak ping returned pong
2026-09-11T19:50:49+09:00 [openriak-entrypoint] monitor: sleeping for 1s
2026-09-11T19:50:50+09:00 [openriak-entrypoint] monitor: BEAM is running and riak ping returned pong
2026-09-11T19:50:50+09:00 [openriak-entrypoint] monitor: sleeping for 1s
2026-09-11T19:50:52+09:00 [openriak-entrypoint] monitor: BEAM is running and riak ping returned pong
2026-09-11T19:50:52+09:00 [openriak-entrypoint] monitor: sleeping for 1s

timeout_seconds: 3600
exit_code: 0
