$ /usr/bin/docker exec openriak-kv-3.4.0-fedora-43-otp26-node-2-t-978535z sh -c 'date +%z
id -u riak
id -g riak
stat -c '"'"'%u:%g'"'"' /etc/riak /var/lib/riak /var/log/riak'
started: 2026-09-11T10:50:50Z
+0900
19001
19002
19001:19002
19001:19002
19001:19002

timeout_seconds: 3600
exit_code: 0
$ /usr/bin/docker container inspect openriak-kv-3.4.0-fedora-43-otp26-node-2-t-978535z
started: 2026-09-11T10:50:50Z
[
    {
        "Id": "a47d5f9bea171f796297596a3fd189d90232949ae4c8a780ee6f996ae5e5e720",
        "Created": "2026-09-11T10:47:10.006973501Z",
        "Path": "/usr/local/bin/openriak-entrypoint",
        "Args": [],
        "State": {
            "Status": "running",
            "Running": true,
            "Paused": false,
            "Restarting": false,
            "OOMKilled": false,
            "Dead": false,
            "Pid": 62196,
            "ExitCode": 0,
            "Error": "",
            "StartedAt": "2026-09-11T10:47:10.602885047Z",
            "FinishedAt": "0001-01-01T00:00:00Z",
            "Health": {
                "Status": "healthy",
                "FailingStreak": 0,
                "Log": [
                    {
                        "Start": "2026-09-11T10:49:55.492422458Z",
                        "End": "2026-09-11T10:49:56.085066082Z",
                        "ExitCode": 0,
                        "Output": "OpenRiak healthcheck passed: BEAM is running and riak ping returned pong\n"
                    },
                    {
                        "Start": "2026-09-11T10:50:07.894241881Z",
                        "End": "2026-09-11T10:50:08.258466758Z",
                        "ExitCode": 0,
                        "Output": "OpenRiak healthcheck passed: BEAM is running and riak ping returned pong\n"
                    },
                    {
                        "Start": "2026-09-11T10:50:18.260131474Z",
                        "End": "2026-09-11T10:50:20.792088404Z",
                        "ExitCode": 0,
                        "Output": "OpenRiak healthcheck passed: BEAM is running and riak ping returned pong\n"
                    },
                    {
                        "Start": "2026-09-11T10:50:30.793960141Z",
                        "End": "2026-09-11T10:50:31.612196644Z",
                        "ExitCode": 0,
                        "Output": "OpenRiak healthcheck passed: BEAM is running and riak ping returned pong\n"
                    },
                    {
                        "Start": "2026-09-11T10:50:43.437095112Z",
                        "End": "2026-09-11T10:50:44.220129867Z",
                        "ExitCode": 0,
                        "Output": "OpenRiak healthcheck passed: BEAM is running and riak ping returned pong\n"
                    }
                ]
            }
        },
        "Image": "sha256:901ffdf7a03498f20c726b4a6109920ec4a30e458b5c4d5d4e257b3730f09278",
        "ResolvConfPath": "/var/lib/docker/containers/a47d5f9bea171f796297596a3fd189d90232949ae4c8a780ee6f996ae5e5e720/resolv.conf",
        "HostnamePath": "/var/lib/docker/containers/a47d5f9bea171f796297596a3fd189d90232949ae4c8a780ee6f996ae5e5e720/hostname",
        "HostsPath": "/var/lib/docker/containers/a47d5f9bea171f796297596a3fd189d90232949ae4c8a780ee6f996ae5e5e720/hosts",
        "LogPath": "/var/lib/docker/containers/a47d5f9bea171f796297596a3fd189d90232949ae4c8a780ee6f996ae5e5e720/a47d5f9bea171f796297596a3fd189d90232949ae4c8a780ee6f996ae5e5e720-json.log",
        "Name": "/openriak-kv-3.4.0-fedora-43-otp26-node-2-t-978535z",
        "RestartCount": 0,
        "Driver": "overlay2",
        "Platform": "linux",
        "MountLabel": "",
        "ProcessLabel": "",
        "AppArmorProfile": "",
        "ExecIDs": null,
        "HostConfig": {
            "Binds": [
                "/tmp/openriak-docker-3.4.0-fedora-43-otp26-3059x74q/openriak-kv-3.4.0-fedora-43-otp26-node-2/data:/var/lib/riak:rw",
                "/tmp/openriak-docker-3.4.0-fedora-43-otp26-3059x74q/openriak-kv-3.4.0-fedora-43-otp26-node-2/logs:/var/log/riak:rw",
                "/tmp/openriak-docker-3.4.0-fedora-43-otp26-3059x74q/openriak-kv-3.4.0-fedora-43-otp26-node-cluster-control:/var/lib/openriak-cluster-control:rw",
                "/tmp/openriak-docker-3.4.0-fedora-43-otp26-3059x74q/openriak-kv-3.4.0-fedora-43-otp26-node-2/config:/etc/riak:rw"
            ],
            "ContainerIDFile": "",
            "LogConfig": {
                "Type": "json-file",
                "Config": {
                    "max-file": "3",
                    "max-size": "10m"
                }
            },
            "NetworkMode": "openriak-kv-340-fedora-43-otp26-node-cluster_openriak",
            "PortBindings": {},
            "RestartPolicy": {
                "Name": "no",
                "MaximumRetryCount": 0
            },
            "AutoRemove": false,
            "VolumeDriver": "",
            "VolumesFrom": null,
            "ConsoleSize": [
                0,
                0
            ],
            "CapAdd": null,
            "CapDrop": null,
            "CgroupnsMode": "private",
            "Dns": null,
            "DnsOptions": null,
            "DnsSearch": null,
            "ExtraHosts": [],
            "GroupAdd": null,
            "IpcMode": "private",
            "Cgroup": "",
            "Links": null,
            "OomScoreAdj": 0,
            "PidMode": "",
            "Privileged": false,
            "PublishAllPorts": false,
            "ReadonlyRootfs": false,
            "SecurityOpt": null,
            "UTSMode": "",
            "UsernsMode": "",
            "ShmSize": 67108864,
            "Runtime": "runc",
            "Isolation": "",
            "CpuShares": 0,
            "Memory": 0,
            "NanoCpus": 0,
            "CgroupParent": "",
            "BlkioWeight": 0,
            "BlkioWeightDevice": null,
            "BlkioDeviceReadBps": null,
            "BlkioDeviceWriteBps": null,
            "BlkioDeviceReadIOps": null,
            "BlkioDeviceWriteIOps": null,
            "CpuPeriod": 0,
            "CpuQuota": 0,
            "CpuRealtimePeriod": 0,
            "CpuRealtimeRuntime": 0,
            "CpusetCpus": "",
            "CpusetMems": "",
            "Devices": null,
            "DeviceCgroupRules": null,
            "DeviceRequests": null,
            "MemoryReservation": 0,
            "MemorySwap": 0,
            "MemorySwappiness": null,
            "OomKillDisable": null,
            "PidsLimit": null,
            "Ulimits": [
                {
                    "Name": "nofile",
                    "Hard": 100000,
                    "Soft": 100000
                }
            ],
            "CpuCount": 0,
            "CpuPercent": 0,
            "IOMaximumIOps": 0,
            "IOMaximumBandwidth": 0,
            "MaskedPaths": [
                "/proc/acpi",
                "/proc/asound",
                "/proc/interrupts",
                "/proc/kcore",
                "/proc/keys",
                "/proc/latency_stats",
                "/proc/sched_debug",
                "/proc/scsi",
                "/proc/timer_list",
                "/proc/timer_stats",
                "/sys/devices/virtual/powercap",
                "/sys/firmware"
            ],
            "ReadonlyPaths": [
                "/proc/bus",
                "/proc/fs",
                "/proc/irq",
                "/proc/sys",
                "/proc/sysrq-trigger"
            ]
        },
        "GraphDriver": {
            "Data": {
                "ID": "a47d5f9bea171f796297596a3fd189d90232949ae4c8a780ee6f996ae5e5e720",
                "LowerDir": "/var/lib/docker/overlay2/ef3e2fceeba83f1629c61377962ee63aada774743d44e2cba092172142824461-init/diff:/var/lib/docker/overlay2/48a8658e7a4fb4f55b29d8f6ae00c4bc7e7a55b1e6320bb93b0bcccb232f9d67/diff:/var/lib/docker/overlay2/0414716a71b18cf75a5b78572de629237bcce568ac6674942fc844ff5fa47b8f/diff:/var/lib/docker/overlay2/d27fde67b9b5cc26bb801fa37de25bc78b0210e99102e55ecc9b70c676b7bda9/diff:/var/lib/docker/overlay2/cf1d95227b1f987fe2c484de1e384cecbe98dee39d5f8d36e873923085c12017/diff:/var/lib/docker/overlay2/7300872c4d2b3356511cb89214b54a9c8a35b86d218ec205879c4a1af04453c8/diff:/var/lib/docker/overlay2/2491dd14f60e1625926b4848fa0a08c4a87875fa55f327baaa4c5e2181cdb910/diff",
                "MergedDir": "/var/lib/docker/overlay2/ef3e2fceeba83f1629c61377962ee63aada774743d44e2cba092172142824461/merged",
                "UpperDir": "/var/lib/docker/overlay2/ef3e2fceeba83f1629c61377962ee63aada774743d44e2cba092172142824461/diff",
                "WorkDir": "/var/lib/docker/overlay2/ef3e2fceeba83f1629c61377962ee63aada774743d44e2cba092172142824461/work"
            },
            "Name": "overlay2"
        },
        "Mounts": [
            {
                "Type": "bind",
                "Source": "/tmp/openriak-docker-3.4.0-fedora-43-otp26-3059x74q/openriak-kv-3.4.0-fedora-43-otp26-node-2/data",
                "Destination": "/var/lib/riak",
                "Mode": "rw",
                "RW": true,
                "Propagation": "rprivate"
            },
            {
                "Type": "bind",
                "Source": "/tmp/openriak-docker-3.4.0-fedora-43-otp26-3059x74q/openriak-kv-3.4.0-fedora-43-otp26-node-2/logs",
                "Destination": "/var/log/riak",
                "Mode": "rw",
                "RW": true,
                "Propagation": "rprivate"
            },
            {
                "Type": "bind",
                "Source": "/tmp/openriak-docker-3.4.0-fedora-43-otp26-3059x74q/openriak-kv-3.4.0-fedora-43-otp26-node-cluster-control",
                "Destination": "/var/lib/openriak-cluster-control",
                "Mode": "rw",
                "RW": true,
                "Propagation": "rprivate"
            },
            {
                "Type": "bind",
                "Source": "/tmp/openriak-docker-3.4.0-fedora-43-otp26-3059x74q/openriak-kv-3.4.0-fedora-43-otp26-node-2/config",
                "Destination": "/etc/riak",
                "Mode": "rw",
                "RW": true,
                "Propagation": "rprivate"
            }
        ],
        "Config": {
            "Hostname": "node-02.cluster-a.openriak",
            "Domainname": "",
            "User": "",
            "AttachStdin": false,
            "AttachStdout": true,
            "AttachStderr": true,
            "ExposedPorts": {
                "8087/tcp": {},
                "8098/tcp": {}
            },
            "Tty": false,
            "OpenStdin": false,
            "StdinOnce": false,
            "Env": [
                "TZ=Asia/Tokyo",
                "RIAK_LOG_MAX_FILE_SIZE=2MB",
                "RIAK_GID=19002",
                "RIAK_NODE_HOST=node-02.cluster-a.openriak",
                "RIAK_LOG_MAX_FILES=4",
                "OPENRIAK_CLUSTER_MODE=cluster",
                "RIAK_UID=19001",
                "OPENRIAK_CLUSTER_WAIT_SECONDS=3600",
                "RIAK_MONITOR_INTERVAL_SECONDS=1",
                "RIAK_DISTRIBUTED_COOKIE=openriak-50bbef548d0ad04844073c93f4f04de0",
                "OPENRIAK_CLUSTER_POLL_SECONDS=1",
                "PATH=/usr/local/sbin:/usr/local/bin:/usr/sbin:/usr/bin:/sbin:/bin",
                "DISTTAG=f43container",
                "FGC=f43",
                "FBR=f43",
                "RIAK_NODE_NAME=",
                "RIAK_RING_SIZE=8",
                "RIAK_STORAGE_BACKEND=leveled",
                "RIAK_ANTI_ENTROPY=passive",
                "RIAK_TICTACAAE_ACTIVE=active",
                "RIAK_TICTACAAE_STOREHEADS=enabled",
                "RIAK_HTTP_LISTENER=0.0.0.0:8098",
                "RIAK_PB_LISTENER=0.0.0.0:8087",
                "RIAK_NOFILE_LIMIT=100000",
                "RIAK_INIT_ONLY=0",
                "RIAK_STARTUP_POLL_SECONDS=1",
                "RIAK_SHUTDOWN_POLL_SECONDS=1",
                "OPENRIAK_CLUSTER_CONTROL_DIR=/var/lib/openriak-cluster-control",
                "role="
            ],
            "Cmd": null,
            "Healthcheck": {
                "Test": [
                    "CMD",
                    "/usr/local/bin/openriak-healthcheck"
                ],
                "Interval": 10000000000,
                "Timeout": 60000000000,
                "StartPeriod": 120000000000,
                "Retries": 3
            },
            "Image": "tiotjp/openriak-kv:test-3.4.0-fedora-43-otp26-linux-amd64-20260911t104600.978535z",
            "Volumes": {
                "/etc/riak": {},
                "/var/lib/riak": {},
                "/var/log/riak": {}
            },
            "WorkingDir": "/",
            "Entrypoint": [
                "/usr/local/bin/openriak-entrypoint"
            ],
            "Labels": {
                "com.docker.compose.config-hash": "517158aa9b4d63228b82ef12cbc68b510556c2655c5ba10ca1f46e2296611819",
                "com.docker.compose.container-number": "1",
                "com.docker.compose.depends_on": "",
                "com.docker.compose.image": "sha256:901ffdf7a03498f20c726b4a6109920ec4a30e458b5c4d5d4e257b3730f09278",
                "com.docker.compose.oneoff": "False",
                "com.docker.compose.project": "openriak-kv-340-fedora-43-otp26-node-cluster",
                "com.docker.compose.project.config_files": "/tmp/openriak-docker-3.4.0-fedora-43-otp26-3059x74q/compose.cluster.test.yaml",
                "com.docker.compose.project.environment_file": "/tmp/openriak-docker-3.4.0-fedora-43-otp26-3059x74q/.env.cluster",
                "com.docker.compose.project.working_dir": "/tmp/openriak-docker-3.4.0-fedora-43-otp26-3059x74q",
                "com.docker.compose.service": "node2",
                "com.docker.compose.version": "5.4.0",
                "desktop.docker.io/wsl-distro": "Ubuntu",
                "maintainer": "Clement Verna \u003ccverna@fedoraproject.org\u003e",
                "org.opencontainers.image.description": "Package-backed OpenRiak KV with single-node and cluster startup support",
                "org.opencontainers.image.source": "https://github.com/TI-Tokyo/openriak-docs",
                "org.opencontainers.image.title": "OpenRiak KV",
                "org.opencontainers.image.url": "https://www.tiot.jp/",
                "org.opencontainers.image.vendor": "TI Tokyo",
                "org.opencontainers.image.version": "3.4.0",
                "org.openriak.image.tag": "tiotjp/openriak-kv:3.4.0-fedora-43-otp26",
                "org.openriak.os.name": "fedora",
                "org.openriak.os.release": "43",
                "org.openriak.os.version": "43",
                "org.openriak.otp.version": "26"
            },
            "StopSignal": "SIGTERM",
            "StopTimeout": 120
        },
        "NetworkSettings": {
            "SandboxID": "5f7bd812044039fc66739b66da4a677b17e69dba3d40a346f1345d6575a37a8a",
            "SandboxKey": "/var/run/docker/netns/5f7bd8120440",
            "Ports": {
                "8087/tcp": null,
                "8098/tcp": null
            },
            "Networks": {
                "openriak-kv-340-fedora-43-otp26-node-cluster_openriak": {
                    "IPAMConfig": {},
                    "Links": null,
                    "Aliases": [
                        "openriak-kv-3.4.0-fedora-43-otp26-node-2-t-978535z",
                        "node2",
                        "node-02.cluster-a.openriak"
                    ],
                    "DriverOpts": null,
                    "GwPriority": 0,
                    "NetworkID": "e3573c9ea40bb57e1698c7f780b1d86313f8467f39efd12a8be44a04ef7f8a6f",
                    "EndpointID": "dd189697d73e92fbc16027afc135f8e7c1aa80b2eae58e963beee0e8ad266c96",
                    "Gateway": "172.25.0.1",
                    "IPAddress": "172.25.0.5",
                    "MacAddress": "e2:9d:dd:47:68:f5",
                    "IPPrefixLen": 16,
                    "IPv6Gateway": "",
                    "GlobalIPv6Address": "",
                    "GlobalIPv6PrefixLen": 0,
                    "DNSNames": [
                        "openriak-kv-3.4.0-fedora-43-otp26-node-2-t-978535z",
                        "node2",
                        "node-02.cluster-a.openriak",
                        "a47d5f9bea17"
                    ]
                }
            }
        }
    }
]

timeout_seconds: 3600
exit_code: 0
