$ /usr/bin/docker logs openriak-kv-3.4.0-fedora-43-otp26-node-t-978535z
started: 2026-09-11T10:47:08Z
2026-09-11T19:46:39+09:00 [openriak-entrypoint] configuration: timezone = Asia/Tokyo
usermod: no changes
2026-09-11T19:46:40+09:00 [openriak-entrypoint] configuration: riak UID/GID = 19001/19002
2026-09-11T19:46:40+09:00 [openriak-entrypoint] configuration: preparing mounted directories
2026-09-11T19:46:40+09:00 [openriak-entrypoint] configuration: using existing /etc/riak/riak.conf
2026-09-11T19:46:40+09:00 [openriak-entrypoint] configuration: current Docker IPv4 address = 172.25.0.2
2026-09-11T19:46:40+09:00 [openriak-entrypoint] configuration: preserving distributed cookie from existing riak.conf
2026-09-11T19:46:40+09:00 [openriak-entrypoint] configuration: preserving nodename from existing riak.conf
2026-09-11T19:46:40+09:00 [openriak-entrypoint] configuration: effective distributed cookie = openriak-8b78a1f6148a010ad18544286e7279a8
2026-09-11T19:46:40+09:00 [openriak-entrypoint] configuration: preserving ring_size from existing riak.conf
2026-09-11T19:46:40+09:00 [openriak-entrypoint] configuration: preserving storage_backend from existing riak.conf
2026-09-11T19:46:40+09:00 [openriak-entrypoint] configuration: preserving anti_entropy from existing riak.conf
2026-09-11T19:46:40+09:00 [openriak-entrypoint] configuration: preserving tictacaae_active from existing riak.conf
2026-09-11T19:46:40+09:00 [openriak-entrypoint] configuration: preserving tictacaae_storeheads from existing riak.conf
2026-09-11T19:46:40+09:00 [openriak-entrypoint] configuration: preserving listener.http.internal from existing riak.conf
2026-09-11T19:46:40+09:00 [openriak-entrypoint] configuration: preserving listener.protobuf.internal from existing riak.conf
2026-09-11T19:46:40+09:00 [openriak-entrypoint] configuration: preserving logger.max_file_size from existing riak.conf
2026-09-11T19:46:40+09:00 [openriak-entrypoint] configuration: preserving logger.max_files from existing riak.conf
2026-09-11T19:46:40+09:00 [openriak-entrypoint] startup: validating configuration and generating VM arguments
2026-09-11T19:46:41+09:00 [openriak-entrypoint] startup: configuration is valid (config is OK -config /var/lib/riak/generated.conf/app.2026.09.11.19.46.40.config -args_file /var/lib/riak/generated.conf/vm.2026.09.11.19.46.40.args -vm_args /var/lib/riak/generated.conf/vm.2026.09.11.19.46.40.args)
2026-09-11T19:46:41+09:00 [openriak-entrypoint] startup: starting OpenRiak as a daemon
!!!!
!!!! WARNING: ulimit -n is 1024; 65536 is the recommended minimum.
!!!!
2026-09-11T19:46:46+09:00 [openriak-entrypoint] startup: daemon command completed
2026-09-11T19:46:46+09:00 [openriak-entrypoint] startup: waiting for BEAM and riak ping
2026-09-11T19:46:46+09:00 [openriak-entrypoint] startup: BEAM is running and riak ping returned pong
2026-09-11T19:46:46+09:00 [openriak-entrypoint] startup: waiting for the riak_kv service
2026-09-11T19:46:47+09:00 [openriak-entrypoint] startup: waiting for riak_kv (attempt 1, services=[])
2026-09-11T19:46:48+09:00 [openriak-entrypoint] startup: waiting for riak_kv (attempt 2, services=[])
2026-09-11T19:46:50+09:00 [openriak-entrypoint] startup: waiting for riak_kv (attempt 3, services=[])
2026-09-11T19:46:54+09:00 [openriak-entrypoint] startup: waiting for riak_kv (attempt 4, services=[])
2026-09-11T19:46:56+09:00 [openriak-entrypoint] startup: waiting for riak_kv (attempt 5, services=[])
2026-09-11T19:46:57+09:00 [openriak-entrypoint] startup: riak_kv service is up ([riak_kv,riak_pipe,riak_repl])
2026-09-11T19:46:57+09:00 [openriak-entrypoint] startup: waiting for Riak transfers to complete
2026-09-11T19:46:58+09:00 [openriak-entrypoint] startup: transfers complete (No transfers active Active Transfers: ok)
2026-09-11T19:46:58+09:00 [openriak-entrypoint] startup: OpenRiak is ready
2026-09-11T19:46:58+09:00 [openriak-entrypoint] monitor: sleeping for 1s
2026-09-11T19:46:59+09:00 [openriak-entrypoint] monitor: BEAM is running and riak ping returned pong
2026-09-11T19:46:59+09:00 [openriak-entrypoint] monitor: sleeping for 1s
2026-09-11T19:47:01+09:00 [openriak-entrypoint] monitor: BEAM is running and riak ping returned pong
2026-09-11T19:47:01+09:00 [openriak-entrypoint] monitor: sleeping for 1s
2026-09-11T19:47:02+09:00 [openriak-entrypoint] monitor: BEAM is running and riak ping returned pong
2026-09-11T19:47:02+09:00 [openriak-entrypoint] monitor: sleeping for 1s
2026-09-11T19:47:04+09:00 [openriak-entrypoint] shutdown: received SIGTERM
2026-09-11T19:47:04+09:00 [openriak-entrypoint] shutdown: requesting OpenRiak stop
2026-09-11T19:47:07+09:00 [openriak-entrypoint] shutdown: OpenRiak accepted the stop request
2026-09-11T19:47:07+09:00 [openriak-entrypoint] shutdown: BEAM stopped; container is exiting

timeout_seconds: 3600
exit_code: 0
