$ /usr/bin/docker buildx build --builder openriak-kv-multiarch --load --platform linux/amd64 --pull=false --no-cache --tag tiotjp/openriak-kv:test-3.4.0-fedora-43-otp26-linux-amd64-20260911t104600.978535z --file /home/peter/openriak-builds/openriak-distributed/openriak-docker-2026-09-11-b/local/20260911T084617.243958Z/results/3.4.0/3.4.0-fedora-43-otp26/platforms/linux-amd64/runs/20260911T104600.978535Z/Dockerfile /home/peter/openriak-builds/openriak-distributed/openriak-docker-2026-09-11-b/local/20260911T084617.243958Z/results/3.4.0/3.4.0-fedora-43-otp26/platforms/linux-amd64/runs/20260911T104600.978535Z
started: 2026-09-11T10:46:01Z
#0 building with "openriak-kv-multiarch" instance using docker-container driver

#1 [internal] load build definition from Dockerfile
#1 transferring dockerfile: 44.08kB done
#1 DONE 0.1s

#2 resolve image config for docker-image://docker.io/docker/dockerfile:1.7
#2 DONE 0.4s

#3 docker-image://docker.io/docker/dockerfile:1.7@sha256:a57df69d0ea827fb7266491f2813635de6f17269be881f696fbfdf2d83dda33e
#3 resolve docker.io/docker/dockerfile:1.7@sha256:a57df69d0ea827fb7266491f2813635de6f17269be881f696fbfdf2d83dda33e 0.0s done
#3 CACHED

#4 [internal] load metadata for docker.io/library/fedora:43@sha256:a651ddf48ea28a06ed4e1e6519f51c9f47e7a5a138722ade87369b8fbb7e5b42
#4 ...

#5 [auth] library/fedora:pull token for registry-1.docker.io
#5 DONE 0.0s

#4 [internal] load metadata for docker.io/library/fedora:43@sha256:a651ddf48ea28a06ed4e1e6519f51c9f47e7a5a138722ade87369b8fbb7e5b42
#4 DONE 0.7s

#6 [internal] load .dockerignore
#6 transferring context: 2B done
#6 DONE 0.1s

#7 [download-amd64 1/1] ADD --checksum=sha256:72c02db420dc5a0cde5c27a2bd1813fc74e56b663f1167b9b7a0795fae5bfc77 https://files.tiot.jp/riak/kv/3.4/3.4.0/rhel/9/riak-3.4.0.OTP26-1.el9.x86_64.rpm /riak-3.4.0.OTP26-1.el9.x86_64.rpm
#7 CACHED

#8 [internal] preparing inline document
#8 CACHED

#9 [internal] preparing inline document
#9 CACHED

#10 [package-amd64 1/2] FROM docker.io/library/fedora:43@sha256:a651ddf48ea28a06ed4e1e6519f51c9f47e7a5a138722ade87369b8fbb7e5b42
#10 resolve docker.io/library/fedora:43@sha256:a651ddf48ea28a06ed4e1e6519f51c9f47e7a5a138722ade87369b8fbb7e5b42 0.1s done
#10 CACHED

#11 [download-amd64 1/1] ADD --checksum=sha256:72c02db420dc5a0cde5c27a2bd1813fc74e56b663f1167b9b7a0795fae5bfc77 https://files.tiot.jp/riak/kv/3.4/3.4.0/rhel/9/riak-3.4.0.OTP26-1.el9.x86_64.rpm /riak-3.4.0.OTP26-1.el9.x86_64.rpm
#11 DONE 0.1s

#12 [package-amd64 2/2] RUN --mount=type=bind,from=download-amd64,target=/opt/openriak-package,ro <<'OPENRIAK_PACKAGE_INSTALL' (set -eu...)
#12 0.345 Updating and loading repositories:
#12 3.600  Fedora 43 openh264 (From Cisco) - x86_ 100% |   2.5 KiB/s |   5.8 KiB |  00m02s
#12 5.510  Fedora 43 - x86_64                     100% |   6.9 MiB/s |  35.4 MiB |  00m05s
#12 5.641  Fedora 43 - x86_64 - Updates           100% |   3.0 MiB/s |  11.9 MiB |  00m04s
#12 11.16 Repositories loaded.
#12 13.20 Package                                  Arch   Version                     Repository                            Size
#12 13.20 Upgrading:
#12 13.20  ca-certificates                         noarch 2026.2.90_v9.0.317-1.fc43   updates                            2.7 MiB
#12 13.20    replacing ca-certificates             noarch 2025.2.80_v9.0.304-1.2.fc43 b19937cf82db4c2c8570d3daf4365919   2.7 MiB
#12 13.20  curl                                    x86_64 8.15.0-10.fc43              updates                          461.4 KiB
#12 13.20    replacing curl                        x86_64 8.15.0-8.fc43               b19937cf82db4c2c8570d3daf4365919 461.4 KiB
#12 13.20  elfutils-default-yama-scope             noarch 0.196-1.fc43                updates                            1.8 KiB
#12 13.20    replacing elfutils-default-yama-scope noarch 0.195-1.fc43                b19937cf82db4c2c8570d3daf4365919   1.8 KiB
#12 13.20  elfutils-libelf                         x86_64 0.196-1.fc43                updates                            1.4 MiB
#12 13.20    replacing elfutils-libelf             x86_64 0.195-1.fc43                b19937cf82db4c2c8570d3daf4365919   1.2 MiB
#12 13.20  elfutils-libs                           x86_64 0.196-1.fc43                updates                          695.4 KiB
#12 13.20    replacing elfutils-libs               x86_64 0.195-1.fc43                b19937cf82db4c2c8570d3daf4365919 691.5 KiB
#12 13.20  fedora-gpg-keys                         noarch 43-2                        updates                          259.0 KiB
#12 13.20    replacing fedora-gpg-keys             noarch 43-1                        ea0661eb48fb4368809d6b12b9f9e888 131.2 KiB
#12 13.20  fedora-repos                            noarch 43-2                        updates                            4.9 KiB
#12 13.20    replacing fedora-repos                noarch 43-1                        ea0661eb48fb4368809d6b12b9f9e888   4.9 KiB
#12 13.20  libcap-ng                               x86_64 0.9.5-1.fc43                updates                           68.8 KiB
#12 13.20    replacing libcap-ng                   x86_64 0.9.3-1.fc43                b19937cf82db4c2c8570d3daf4365919  69.0 KiB
#12 13.20  libcurl                                 x86_64 8.15.0-10.fc43              updates                          907.0 KiB
#12 13.20    replacing libcurl                     x86_64 8.15.0-8.fc43               b19937cf82db4c2c8570d3daf4365919 907.1 KiB
#12 13.20  libevent                                x86_64 2.1.13-1.fc43               updates                          884.4 KiB
#12 13.20    replacing libevent                    x86_64 2.1.12-16.fc43              ea0661eb48fb4368809d6b12b9f9e888 883.1 KiB
#12 13.20  libtirpc                                x86_64 1.3.7-1.rc1.fc43            updates                          200.3 KiB
#12 13.20    replacing libtirpc                    x86_64 1.3.7-1.fc43                b19937cf82db4c2c8570d3daf4365919 200.4 KiB
#12 13.20  openssl-libs                            x86_64 1:3.5.8-1.fc43              updates                            8.9 MiB
#12 13.20    replacing openssl-libs                x86_64 1:3.5.7-2.fc43              b19937cf82db4c2c8570d3daf4365919   8.9 MiB
#12 13.20  rpm-sequoia                             x86_64 1.10.3-1.fc43               updates                            2.4 MiB
#12 13.20    replacing rpm-sequoia                 x86_64 1.10.2-4.fc43               b19937cf82db4c2c8570d3daf4365919   2.4 MiB
#12 13.20 
#12 13.20 Transaction Summary:
#12 13.20  Upgrading:         13 packages
#12 13.20  Replacing:         13 packages
#12 13.20 
#12 13.20 Total size of inbound packages is 6 MiB. Need to download 6 MiB.
#12 13.20 After this operation, 424 KiB extra will be used (install 19 MiB, remove 18 MiB).
#12 13.35 [ 1/13] curl-0:8.15.0-10.fc43.x86_64    100% |   1.4 MiB/s | 226.6 KiB |  00m00s
#12 13.39 [ 2/13] libcurl-0:8.15.0-10.fc43.x86_64 100% |   2.1 MiB/s | 403.5 KiB |  00m00s
#12 13.46 [ 3/13] elfutils-default-yama-scope-0:0 100% | 112.2 KiB/s |  11.3 KiB |  00m00s
#12 13.48 [ 4/13] ca-certificates-0:2026.2.90_v9. 100% |   3.4 MiB/s | 973.1 KiB |  00m00s
#12 13.57 [ 5/13] elfutils-libelf-0:0.196-1.fc43. 100% |   1.3 MiB/s | 235.6 KiB |  00m00s
#12 13.57 [ 6/13] elfutils-libs-0:0.196-1.fc43.x8 100% |   2.3 MiB/s | 272.8 KiB |  00m00s
#12 13.59 [ 7/13] fedora-gpg-keys-0:43-2.noarch   100% |   1.7 MiB/s | 184.2 KiB |  00m00s
#12 13.59 [ 8/13] fedora-repos-0:43-2.noarch      100% | 403.6 KiB/s |   8.9 KiB |  00m00s
#12 13.60 [ 9/13] libcap-ng-0:0.9.5-1.fc43.x86_64 100% |   1.5 MiB/s |  34.0 KiB |  00m00s
#12 13.64 [10/13] libevent-0:2.1.13-1.fc43.x86_64 100% |   4.5 MiB/s | 259.5 KiB |  00m00s
#12 13.65 [11/13] libtirpc-0:1.3.7-1.rc1.fc43.x86 100% |   1.6 MiB/s |  94.9 KiB |  00m00s
#12 13.80 [12/13] rpm-sequoia-0:1.10.3-1.fc43.x86 100% |   5.9 MiB/s | 940.6 KiB |  00m00s
#12 13.82 [13/13] openssl-libs-1:3.5.8-1.fc43.x86 100% |  11.9 MiB/s |   2.6 MiB |  00m00s
#12 13.82 --------------------------------------------------------------------------------
#12 13.82 [13/13] Total                           100% |  10.0 MiB/s |   6.2 MiB |  00m01s
#12 13.82 Running transaction
#12 14.06 [ 1/28] Verify package files            100% | 481.0   B/s |  13.0   B |  00m00s
#12 14.10 [ 2/28] Prepare transaction             100% | 764.0   B/s |  26.0   B |  00m00s
#12 14.11 [ 3/28] Upgrading fedora-gpg-keys-0:43- 100% |   7.5 MiB/s | 355.0 KiB |  00m00s
#12 14.12 [ 4/28] Upgrading elfutils-libelf-0:0.1 100% | 143.9 MiB/s |   1.4 MiB |  00m00s
#12 14.17 [ 5/28] Upgrading elfutils-default-yama 100% |  70.4 KiB/s |   2.0 KiB |  00m00s
#12 15.77 [ 6/28] Upgrading ca-certificates-0:202 100% |   1.5 MiB/s |   2.5 MiB |  00m02s
#12 15.82 [ 7/28] Upgrading openssl-libs-1:3.5.8- 100% | 178.5 MiB/s |   8.9 MiB |  00m00s
#12 15.83 [ 8/28] Upgrading libcurl-0:8.15.0-10.f 100% |  80.6 MiB/s | 908.1 KiB |  00m00s
#12 15.86 [ 9/28] Upgrading curl-0:8.15.0-10.fc43 100% |  17.4 MiB/s | 463.9 KiB |  00m00s
#12 15.87 [10/28] Upgrading libevent-0:2.1.13-1.f 100% |  72.3 MiB/s | 888.2 KiB |  00m00s
#12 15.89 [11/28] Upgrading rpm-sequoia-0:1.10.3- 100% | 163.4 MiB/s |   2.5 MiB |  00m00s
#12 15.91 [12/28] Upgrading elfutils-libs-0:0.196 100% |  61.9 MiB/s | 697.2 KiB |  00m00s
#12 15.93 [13/28] Upgrading fedora-repos-0:43-2.n 100% | 218.9 KiB/s |   5.7 KiB |  00m00s
#12 15.94 [14/28] Upgrading libtirpc-0:1.3.7-1.rc 100% |  10.4 MiB/s | 202.3 KiB |  00m00s
#12 15.95 [15/28] Upgrading libcap-ng-0:0.9.5-1.f 100% |   7.7 MiB/s |  70.6 KiB |  00m00s
#12 15.96 [16/28] Removing elfutils-libs-0:0.195- 100% |   1.7 KiB/s |  12.0   B |  00m00s
#12 15.97 [17/28] Removing libevent-0:2.1.12-16.f 100% |   2.6 KiB/s |  24.0   B |  00m00s
#12 15.98 [18/28] Removing rpm-sequoia-0:1.10.2-4 100% | 642.0   B/s |   9.0   B |  00m00s
#12 16.00 [19/28] Removing curl-0:8.15.0-8.fc43.x 100% |   1.0 KiB/s |  17.0   B |  00m00s
#12 16.00 [20/28] Removing fedora-repos-0:43-1.no 100% |   1.0 KiB/s |   5.0   B |  00m00s
#12 16.01 [21/28] Removing fedora-gpg-keys-0:43-1 100% |  59.6 KiB/s | 305.0   B |  00m00s
#12 16.01 [22/28] Removing elfutils-default-yama- 100% | 250.0   B/s |   1.0   B |  00m00s
#12 16.03 [23/28] Removing libcurl-0:8.15.0-8.fc4 100% | 875.0   B/s |   7.0   B |  00m00s
#12 16.04 [24/28] Removing openssl-libs-1:3.5.7-2 100% |   2.4 KiB/s |  39.0   B |  00m00s
#12 16.06 [25/28] Removing ca-certificates-0:2025 100% |  54.5 KiB/s | 781.0   B |  00m00s
#12 16.06 [26/28] Removing elfutils-libelf-0:0.19 100% |   1.6 KiB/s |  15.0   B |  00m00s
#12 16.07 [27/28] Removing libtirpc-0:1.3.7-1.fc4 100% |   1.5 KiB/s |  14.0   B |  00m00s
#12 20.72 [28/28] Removing libcap-ng-0:0.9.3-1.fc 100% |   2.0   B/s |  12.0   B |  00m05s
#12 20.72 Complete!
#12 20.76 Updating and loading repositories:
#12 21.51 Repositories loaded.
#12 21.70 Package "bash-5.3.0-2.fc43.x86_64" is already installed.
#12 21.70 Package "ca-certificates-2026.2.90_v9.0.317-1.fc43.noarch" is already installed.
#12 21.70 Package "glibc-2.42-16.fc43.x86_64" is already installed.
#12 21.70 Package "libgcc-15.3.1-1.fc43.x86_64" is already installed.
#12 21.70 Package "libstdc++-15.3.1-1.fc43.x86_64" is already installed.
#12 21.70 Package "ncurses-libs-6.5-7.20250614.fc43.x86_64" is already installed.
#12 21.70 Package "openssl-libs-1:3.5.8-1.fc43.x86_64" is already installed.
#12 21.70 Package "pam-1.7.1-5.fc43.x86_64" is already installed.
#12 21.70 Package "shadow-utils-2:4.18.0-3.fc43.x86_64" is already installed.
#12 21.70 Package "sudo-1.9.17-7.p2.fc43.x86_64" is already installed.
#12 21.70 Package "zlib-ng-compat-2.3.3-2.fc43.x86_64" is already installed.
#12 21.70 Package "tzdata-2026c-1.fc43.noarch" is already installed.
#12 21.70 
#12 21.70 Package      Arch   Version        Repository      Size
#12 21.70 Installing:
#12 21.70  hostname    x86_64 3.25-3.fc43    fedora      41.4 KiB
#12 21.70  procps-ng   x86_64 4.0.4-7.fc43.1 updates      1.0 MiB
#12 21.70  util-linux  x86_64 2.41.5-1.fc43  updates      3.5 MiB
#12 21.70 Installing dependencies:
#12 21.70  libfdisk    x86_64 2.41.5-1.fc43  updates    380.3 KiB
#12 21.70  liblastlog2 x86_64 2.41.5-1.fc43  updates     37.6 KiB
#12 21.70 
#12 21.70 Transaction Summary:
#12 21.70  Installing:         5 packages
#12 21.70 
#12 21.70 Total size of inbound packages is 2 MiB. Need to download 2 MiB.
#12 21.70 After this operation, 5 MiB extra will be used (install 5 MiB, remove 0 B).
#12 23.51 [1/5] hostname-0:3.25-3.fc43.x86_64     100% | 142.5 KiB/s |  27.5 KiB |  00m00s
#12 23.63 [2/5] util-linux-0:2.41.5-1.fc43.x86_64 100% |   3.8 MiB/s |   1.2 MiB |  00m00s
#12 23.70 [3/5] libfdisk-0:2.41.5-1.fc43.x86_64   100% | 858.6 KiB/s | 162.3 KiB |  00m00s
#12 23.73 [4/5] liblastlog2-0:2.41.5-1.fc43.x86_6 100% | 245.9 KiB/s |  23.8 KiB |  00m00s
#12 23.82 [5/5] procps-ng-0:4.0.4-7.fc43.1.x86_64 100% | 721.5 KiB/s | 364.4 KiB |  00m01s
#12 23.82 --------------------------------------------------------------------------------
#12 23.82 [5/5] Total                             100% | 847.9 KiB/s |   1.8 MiB |  00m02s
#12 23.82 Running transaction
#12 24.04 [1/7] Verify package files              100% | 555.0   B/s |   5.0   B |  00m00s
#12 24.05 [2/7] Prepare transaction               100% | 294.0   B/s |   5.0   B |  00m00s
#12 24.20 [3/7] Installing liblastlog2-0:2.41.5-1 100% | 241.1 KiB/s |  39.5 KiB |  00m00s
#12 24.31 [4/7] Installing libfdisk-0:2.41.5-1.fc 100% |   5.6 MiB/s | 381.4 KiB |  00m00s
#12 24.58 [5/7] Installing util-linux-0:2.41.5-1. 100% |  11.4 MiB/s |   3.6 MiB |  00m00s
#12 24.70 [6/7] Installing procps-ng-0:4.0.4-7.fc 100% |   8.7 MiB/s |   1.0 MiB |  00m00s
#12 25.27 [7/7] Installing hostname-0:3.25-3.fc43 100% |  78.4 KiB/s |  44.4 KiB |  00m01s
#12 25.27 Complete!
#12 25.31 Removed 18 files, 11 directories (total of 105 MiB). 0 errors occurred.
#12 25.34 Verifying...                          ########################################
#12 25.45 Preparing...                          ########################################
#12 26.74 Updating / installing...
#12 26.74 riak-3.4.0.OTP26-1.el9                ########################################
#12 DONE 27.5s

#13 [final 1/4] RUN <<'OPENRIAK_IMAGE_SETUP' (set -eu...)
#13 0.148 uid=999(riak) gid=999(riak) groups=999(riak)
#13 DONE 0.2s

#14 [final 2/4] COPY <<OPENRIAK_ENTRYPOINT /usr/local/bin/openriak-entrypoint
#14 DONE 0.1s

#15 [final 3/4] COPY <<OPENRIAK_HEALTHCHECK /usr/local/bin/openriak-healthcheck
#15 DONE 0.1s

#16 [final 4/4] RUN <<'OPENRIAK_SCRIPT_SETUP' (set -eu...)
#16 DONE 0.1s

#17 exporting to docker image format
#17 exporting layers
#17 exporting layers 3.0s done
#17 exporting manifest sha256:d98ccf7a9d0b57cbf0c4bf48957bd91f3db12d6c24c0d4d579664860b879d111 0.0s done
#17 exporting config sha256:901ffdf7a03498f20c726b4a6109920ec4a30e458b5c4d5d4e257b3730f09278 0.0s done
#17 sending tarball
#17 sending tarball 2.7s done
#17 DONE 5.7s

#18 importing to docker
#18 loading layer 49d530d0b261 47.75MB / 47.75MB 1.8s done
#18 loading layer e8532b5ed87d 23.57kB / 23.57kB 0.2s done
#18 loading layer 861cc02df711 7.70kB / 7.70kB 0.2s done
#18 loading layer ba4f2edb4d99 390B / 390B 0.1s done
#18 loading layer 83d90e7d38be 7.88kB / 7.88kB 0.1s done
#18 DONE 1.8s

timeout_seconds: 3600
exit_code: 0
