$ /usr/bin/docker logs openriak-kv-3.4.0-ubuntu-noble-otp24-node-3-t-628945z
started: 2026-09-11T13:44:41Z
2026-09-11T21:52:40+09:00 [openriak-entrypoint] configuration: timezone = Asia/Tokyo
usermod: no changes
2026-09-11T21:52:42+09:00 [openriak-entrypoint] configuration: riak UID/GID = 19001/19002
2026-09-11T21:52:42+09:00 [openriak-entrypoint] configuration: preparing mounted directories
2026-09-11T21:52:42+09:00 [openriak-entrypoint] configuration: seeding /etc/riak from packaged defaults
2026-09-11T21:52:42+09:00 [openriak-entrypoint] configuration: current Docker IPv4 address = 172.19.0.3
2026-09-11T21:52:43+09:00 [openriak-entrypoint] configuration: waiting for coordinator cookie before daemon startup
2026-09-11T21:52:44+09:00 [openriak-entrypoint] configuration: waiting for coordinator cookie before daemon startup
2026-09-11T21:52:45+09:00 [openriak-entrypoint] configuration: waiting for coordinator cookie before daemon startup
2026-09-11T21:52:46+09:00 [openriak-entrypoint] configuration: waiting for coordinator cookie before daemon startup
2026-09-11T21:52:47+09:00 [openriak-entrypoint] configuration: waiting for coordinator cookie before daemon startup
2026-09-11T21:52:48+09:00 [openriak-entrypoint] configuration: waiting for coordinator cookie before daemon startup
2026-09-11T21:52:50+09:00 [openriak-entrypoint] configuration: waiting for coordinator cookie before daemon startup
2026-09-11T21:52:51+09:00 [openriak-entrypoint] configuration: waiting for coordinator cookie before daemon startup
2026-09-11T21:52:52+09:00 [openriak-entrypoint] configuration: waiting for coordinator cookie before daemon startup
2026-09-11T21:52:53+09:00 [openriak-entrypoint] configuration: waiting for coordinator cookie before daemon startup
2026-09-11T21:52:54+09:00 [openriak-entrypoint] configuration: waiting for coordinator cookie before daemon startup
2026-09-11T21:52:55+09:00 [openriak-entrypoint] configuration: waiting for coordinator cookie before daemon startup
2026-09-11T21:52:56+09:00 [openriak-entrypoint] configuration: waiting for coordinator cookie before daemon startup
2026-09-11T21:52:58+09:00 [openriak-entrypoint] configuration: waiting for coordinator cookie before daemon startup
2026-09-11T21:52:59+09:00 [openriak-entrypoint] configuration: waiting for coordinator cookie before daemon startup
2026-09-11T21:53:00+09:00 [openriak-entrypoint] configuration: waiting for coordinator cookie before daemon startup
2026-09-11T21:53:01+09:00 [openriak-entrypoint] configuration: waiting for coordinator cookie before daemon startup
2026-09-11T21:53:02+09:00 [openriak-entrypoint] configuration: waiting for coordinator cookie before daemon startup
2026-09-11T21:53:03+09:00 [openriak-entrypoint] configuration: waiting for coordinator cookie before daemon startup
2026-09-11T21:53:04+09:00 [openriak-entrypoint] configuration: waiting for coordinator cookie before daemon startup
2026-09-11T21:53:05+09:00 [openriak-entrypoint] configuration: waiting for coordinator cookie before daemon startup
2026-09-11T21:53:07+09:00 [openriak-entrypoint] configuration: waiting for coordinator cookie before daemon startup
2026-09-11T21:53:08+09:00 [openriak-entrypoint] configuration: waiting for coordinator cookie before daemon startup
2026-09-11T21:53:09+09:00 [openriak-entrypoint] configuration: waiting for coordinator cookie before daemon startup
2026-09-11T21:53:10+09:00 [openriak-entrypoint] configuration: waiting for coordinator cookie before daemon startup
2026-09-11T21:53:11+09:00 [openriak-entrypoint] configuration: waiting for coordinator cookie before daemon startup
2026-09-11T21:53:12+09:00 [openriak-entrypoint] configuration: waiting for coordinator cookie before daemon startup
2026-09-11T21:53:13+09:00 [openriak-entrypoint] configuration: waiting for coordinator cookie before daemon startup
2026-09-11T21:53:14+09:00 [openriak-entrypoint] configuration: waiting for coordinator cookie before daemon startup
2026-09-11T21:53:16+09:00 [openriak-entrypoint] configuration: waiting for coordinator cookie before daemon startup
2026-09-11T21:53:17+09:00 [openriak-entrypoint] configuration: waiting for coordinator cookie before daemon startup
2026-09-11T21:53:18+09:00 [openriak-entrypoint] configuration: waiting for coordinator cookie before daemon startup
2026-09-11T21:53:19+09:00 [openriak-entrypoint] configuration: waiting for coordinator cookie before daemon startup
2026-09-11T21:53:20+09:00 [openriak-entrypoint] configuration: waiting for coordinator cookie before daemon startup
2026-09-11T21:53:21+09:00 [openriak-entrypoint] configuration: waiting for coordinator cookie before daemon startup
2026-09-11T21:53:22+09:00 [openriak-entrypoint] configuration: waiting for coordinator cookie before daemon startup
2026-09-11T21:53:23+09:00 [openriak-entrypoint] configuration: waiting for coordinator cookie before daemon startup
2026-09-11T21:53:24+09:00 [openriak-entrypoint] configuration: waiting for coordinator cookie before daemon startup
2026-09-11T21:53:26+09:00 [openriak-entrypoint] configuration: waiting for coordinator cookie before daemon startup
2026-09-11T21:53:27+09:00 [openriak-entrypoint] configuration: waiting for coordinator cookie before daemon startup
2026-09-11T21:53:28+09:00 [openriak-entrypoint] configuration: waiting for coordinator cookie before daemon startup
2026-09-11T21:53:29+09:00 [openriak-entrypoint] configuration: waiting for coordinator cookie before daemon startup
2026-09-11T21:53:30+09:00 [openriak-entrypoint] configuration: waiting for coordinator cookie before daemon startup
2026-09-11T21:53:31+09:00 [openriak-entrypoint] configuration: waiting for coordinator cookie before daemon startup
2026-09-11T21:53:32+09:00 [openriak-entrypoint] configuration: waiting for coordinator cookie before daemon startup
2026-09-11T21:53:33+09:00 [openriak-entrypoint] configuration: waiting for coordinator cookie before daemon startup
2026-09-11T21:53:35+09:00 [openriak-entrypoint] configuration: waiting for coordinator cookie before daemon startup
2026-09-11T21:53:36+09:00 [openriak-entrypoint] configuration: waiting for coordinator cookie before daemon startup
2026-09-11T21:53:37+09:00 [openriak-entrypoint] configuration: waiting for coordinator cookie before daemon startup
2026-09-11T21:53:38+09:00 [openriak-entrypoint] configuration: waiting for coordinator cookie before daemon startup
2026-09-11T21:53:39+09:00 [openriak-entrypoint] configuration: waiting for coordinator cookie before daemon startup
2026-09-11T21:53:40+09:00 [openriak-entrypoint] configuration: waiting for coordinator cookie before daemon startup
2026-09-11T21:53:41+09:00 [openriak-entrypoint] configuration: waiting for coordinator cookie before daemon startup
2026-09-11T21:53:42+09:00 [openriak-entrypoint] configuration: waiting for coordinator cookie before daemon startup
2026-09-11T21:53:44+09:00 [openriak-entrypoint] configuration: waiting for coordinator cookie before daemon startup
2026-09-11T21:53:45+09:00 [openriak-entrypoint] configuration: waiting for coordinator cookie before daemon startup
2026-09-11T21:53:46+09:00 [openriak-entrypoint] configuration: waiting for coordinator cookie before daemon startup
2026-09-11T21:53:47+09:00 [openriak-entrypoint] configuration: waiting for coordinator cookie before daemon startup
2026-09-11T21:53:48+09:00 [openriak-entrypoint] configuration: waiting for coordinator cookie before daemon startup
2026-09-11T21:53:49+09:00 [openriak-entrypoint] configuration: waiting for coordinator cookie before daemon startup
2026-09-11T21:53:50+09:00 [openriak-entrypoint] configuration: waiting for coordinator cookie before daemon startup
2026-09-11T21:53:51+09:00 [openriak-entrypoint] configuration: waiting for coordinator cookie before daemon startup
2026-09-11T21:53:52+09:00 [openriak-entrypoint] configuration: waiting for coordinator cookie before daemon startup
2026-09-11T21:53:54+09:00 [openriak-entrypoint] configuration: waiting for coordinator cookie before daemon startup
2026-09-11T21:53:55+09:00 [openriak-entrypoint] configuration: waiting for coordinator cookie before daemon startup
2026-09-11T21:53:56+09:00 [openriak-entrypoint] configuration: waiting for coordinator cookie before daemon startup
2026-09-11T21:53:57+09:00 [openriak-entrypoint] configuration: waiting for coordinator cookie before daemon startup
2026-09-11T21:53:58+09:00 [openriak-entrypoint] configuration: waiting for coordinator cookie before daemon startup
2026-09-11T21:53:59+09:00 [openriak-entrypoint] configuration: waiting for coordinator cookie before daemon startup
2026-09-11T21:54:00+09:00 [openriak-entrypoint] configuration: waiting for coordinator cookie before daemon startup
2026-09-11T21:54:01+09:00 [openriak-entrypoint] configuration: waiting for coordinator cookie before daemon startup
2026-09-11T21:54:02+09:00 [openriak-entrypoint] configuration: waiting for coordinator cookie before daemon startup
2026-09-11T21:54:04+09:00 [openriak-entrypoint] configuration: waiting for coordinator cookie before daemon startup
2026-09-11T21:54:05+09:00 [openriak-entrypoint] configuration: waiting for coordinator cookie before daemon startup
2026-09-11T21:54:06+09:00 [openriak-entrypoint] configuration: waiting for coordinator cookie before daemon startup
2026-09-11T21:54:07+09:00 [openriak-entrypoint] configuration: waiting for coordinator cookie before daemon startup
2026-09-11T21:54:08+09:00 [openriak-entrypoint] configuration: waiting for coordinator cookie before daemon startup
2026-09-11T21:54:09+09:00 [openriak-entrypoint] configuration: waiting for coordinator cookie before daemon startup
2026-09-11T21:54:10+09:00 [openriak-entrypoint] configuration: waiting for coordinator cookie before daemon startup
2026-09-11T21:54:12+09:00 [openriak-entrypoint] configuration: waiting for coordinator cookie before daemon startup
2026-09-11T21:54:13+09:00 [openriak-entrypoint] configuration: waiting for coordinator cookie before daemon startup
2026-09-11T21:54:14+09:00 [openriak-entrypoint] configuration: waiting for coordinator cookie before daemon startup
2026-09-11T21:54:15+09:00 [openriak-entrypoint] configuration: waiting for coordinator cookie before daemon startup
2026-09-11T21:54:16+09:00 [openriak-entrypoint] configuration: waiting for coordinator cookie before daemon startup
2026-09-11T21:54:17+09:00 [openriak-entrypoint] configuration: waiting for coordinator cookie before daemon startup
2026-09-11T21:54:18+09:00 [openriak-entrypoint] configuration: waiting for coordinator cookie before daemon startup
2026-09-11T21:54:19+09:00 [openriak-entrypoint] configuration: waiting for coordinator cookie before daemon startup
2026-09-11T21:54:21+09:00 [openriak-entrypoint] configuration: waiting for coordinator cookie before daemon startup
2026-09-11T21:54:22+09:00 [openriak-entrypoint] configuration: waiting for coordinator cookie before daemon startup
2026-09-11T21:54:23+09:00 [openriak-entrypoint] configuration: waiting for coordinator cookie before daemon startup
2026-09-11T21:54:24+09:00 [openriak-entrypoint] configuration: waiting for coordinator cookie before daemon startup
2026-09-11T21:54:25+09:00 [openriak-entrypoint] configuration: waiting for coordinator cookie before daemon startup
2026-09-11T21:54:26+09:00 [openriak-entrypoint] configuration: waiting for coordinator cookie before daemon startup
2026-09-11T21:54:27+09:00 [openriak-entrypoint] configuration: waiting for coordinator cookie before daemon startup
2026-09-11T21:54:28+09:00 [openriak-entrypoint] configuration: waiting for coordinator cookie before daemon startup
2026-09-11T21:54:30+09:00 [openriak-entrypoint] configuration: waiting for coordinator cookie before daemon startup
2026-09-11T21:54:31+09:00 [openriak-entrypoint] configuration: waiting for coordinator cookie before daemon startup
2026-09-11T21:54:32+09:00 [openriak-entrypoint] configuration: waiting for coordinator cookie before daemon startup
2026-09-11T21:54:33+09:00 [openriak-entrypoint] configuration: waiting for coordinator cookie before daemon startup
2026-09-11T21:54:34+09:00 [openriak-entrypoint] configuration: waiting for coordinator cookie before daemon startup
2026-09-11T21:54:35+09:00 [openriak-entrypoint] configuration: waiting for coordinator cookie before daemon startup
2026-09-11T21:54:37+09:00 [openriak-entrypoint] configuration: waiting for coordinator cookie before daemon startup
2026-09-11T21:54:38+09:00 [openriak-entrypoint] configuration: waiting for coordinator cookie before daemon startup
2026-09-11T21:54:39+09:00 [openriak-entrypoint] configuration: waiting for coordinator cookie before daemon startup
2026-09-11T21:54:40+09:00 [openriak-entrypoint] configuration: waiting for coordinator cookie before daemon startup
2026-09-11T21:54:41+09:00 [openriak-entrypoint] configuration: waiting for coordinator cookie before daemon startup
2026-09-11T21:54:43+09:00 [openriak-entrypoint] configuration: waiting for coordinator cookie before daemon startup
2026-09-11T21:54:44+09:00 [openriak-entrypoint] configuration: waiting for coordinator cookie before daemon startup
2026-09-11T21:54:45+09:00 [openriak-entrypoint] configuration: waiting for coordinator cookie before daemon startup
2026-09-11T21:54:46+09:00 [openriak-entrypoint] configuration: waiting for coordinator cookie before daemon startup
2026-09-11T21:54:47+09:00 [openriak-entrypoint] configuration: waiting for coordinator cookie before daemon startup
2026-09-11T21:54:48+09:00 [openriak-entrypoint] configuration: waiting for coordinator cookie before daemon startup
2026-09-11T21:54:50+09:00 [openriak-entrypoint] configuration: waiting for coordinator cookie before daemon startup
2026-09-11T21:54:51+09:00 [openriak-entrypoint] configuration: waiting for coordinator cookie before daemon startup
2026-09-11T21:54:52+09:00 [openriak-entrypoint] configuration: waiting for coordinator cookie before daemon startup
2026-09-11T21:54:53+09:00 [openriak-entrypoint] configuration: waiting for coordinator cookie before daemon startup
2026-09-11T21:54:54+09:00 [openriak-entrypoint] configuration: waiting for coordinator cookie before daemon startup
2026-09-11T21:54:55+09:00 [openriak-entrypoint] configuration: waiting for coordinator cookie before daemon startup
2026-09-11T21:54:57+09:00 [openriak-entrypoint] configuration: waiting for coordinator cookie before daemon startup
2026-09-11T21:54:58+09:00 [openriak-entrypoint] configuration: waiting for coordinator cookie before daemon startup
2026-09-11T21:54:59+09:00 [openriak-entrypoint] configuration: waiting for coordinator cookie before daemon startup
2026-09-11T21:55:00+09:00 [openriak-entrypoint] configuration: waiting for coordinator cookie before daemon startup
2026-09-11T21:55:01+09:00 [openriak-entrypoint] configuration: waiting for coordinator cookie before daemon startup
2026-09-11T21:55:02+09:00 [openriak-entrypoint] configuration: waiting for coordinator cookie before daemon startup
2026-09-11T21:55:04+09:00 [openriak-entrypoint] configuration: waiting for coordinator cookie before daemon startup
2026-09-11T21:55:05+09:00 [openriak-entrypoint] configuration: waiting for coordinator cookie before daemon startup
2026-09-11T21:55:06+09:00 [openriak-entrypoint] configuration: waiting for coordinator cookie before daemon startup
2026-09-11T21:55:07+09:00 [openriak-entrypoint] configuration: waiting for coordinator cookie before daemon startup
2026-09-11T21:55:08+09:00 [openriak-entrypoint] configuration: waiting for coordinator cookie before daemon startup
2026-09-11T21:55:09+09:00 [openriak-entrypoint] configuration: waiting for coordinator cookie before daemon startup
2026-09-11T21:55:11+09:00 [openriak-entrypoint] configuration: waiting for coordinator cookie before daemon startup
2026-09-11T21:55:12+09:00 [openriak-entrypoint] configuration: waiting for coordinator cookie before daemon startup
2026-09-11T21:55:13+09:00 [openriak-entrypoint] configuration: waiting for coordinator cookie before daemon startup
2026-09-11T21:55:14+09:00 [openriak-entrypoint] configuration: waiting for coordinator cookie before daemon startup
2026-09-11T21:55:15+09:00 [openriak-entrypoint] configuration: waiting for coordinator cookie before daemon startup
2026-09-11T21:55:16+09:00 [openriak-entrypoint] configuration: waiting for coordinator cookie before daemon startup
2026-09-11T21:55:18+09:00 [openriak-entrypoint] configuration: waiting for coordinator cookie before daemon startup
2026-09-11T21:55:19+09:00 [openriak-entrypoint] configuration: waiting for coordinator cookie before daemon startup
2026-09-11T21:55:20+09:00 [openriak-entrypoint] configuration: waiting for coordinator cookie before daemon startup
2026-09-11T21:55:21+09:00 [openriak-entrypoint] configuration: waiting for coordinator cookie before daemon startup
2026-09-11T21:55:22+09:00 [openriak-entrypoint] configuration: waiting for coordinator cookie before daemon startup
2026-09-11T21:55:23+09:00 [openriak-entrypoint] configuration: waiting for coordinator cookie before daemon startup
2026-09-11T21:55:24+09:00 [openriak-entrypoint] configuration: waiting for coordinator cookie before daemon startup
2026-09-11T21:55:26+09:00 [openriak-entrypoint] configuration: waiting for coordinator cookie before daemon startup
2026-09-11T21:55:27+09:00 [openriak-entrypoint] configuration: waiting for coordinator cookie before daemon startup
2026-09-11T21:55:28+09:00 [openriak-entrypoint] configuration: waiting for coordinator cookie before daemon startup
2026-09-11T21:55:29+09:00 [openriak-entrypoint] configuration: waiting for coordinator cookie before daemon startup
2026-09-11T21:55:30+09:00 [openriak-entrypoint] configuration: waiting for coordinator cookie before daemon startup
2026-09-11T21:55:31+09:00 [openriak-entrypoint] configuration: waiting for coordinator cookie before daemon startup
2026-09-11T21:55:32+09:00 [openriak-entrypoint] configuration: waiting for coordinator cookie before daemon startup
2026-09-11T21:55:34+09:00 [openriak-entrypoint] configuration: waiting for coordinator cookie before daemon startup
2026-09-11T21:55:35+09:00 [openriak-entrypoint] configuration: waiting for coordinator cookie before daemon startup
2026-09-11T21:55:36+09:00 [openriak-entrypoint] configuration: waiting for coordinator cookie before daemon startup
2026-09-11T21:55:37+09:00 [openriak-entrypoint] configuration: waiting for coordinator cookie before daemon startup
2026-09-11T21:55:38+09:00 [openriak-entrypoint] configuration: waiting for coordinator cookie before daemon startup
2026-09-11T21:55:40+09:00 [openriak-entrypoint] configuration: waiting for coordinator cookie before daemon startup
2026-09-11T21:55:41+09:00 [openriak-entrypoint] configuration: waiting for coordinator cookie before daemon startup
2026-09-11T21:55:42+09:00 [openriak-entrypoint] configuration: waiting for coordinator cookie before daemon startup
2026-09-11T21:55:43+09:00 [openriak-entrypoint] configuration: waiting for coordinator cookie before daemon startup
2026-09-11T21:55:44+09:00 [openriak-entrypoint] configuration: waiting for coordinator cookie before daemon startup
2026-09-11T21:55:45+09:00 [openriak-entrypoint] configuration: waiting for coordinator cookie before daemon startup
2026-09-11T21:55:46+09:00 [openriak-entrypoint] configuration: waiting for coordinator cookie before daemon startup
2026-09-11T21:55:48+09:00 [openriak-entrypoint] configuration: waiting for coordinator cookie before daemon startup
2026-09-11T21:55:49+09:00 [openriak-entrypoint] configuration: waiting for coordinator cookie before daemon startup
2026-09-11T21:55:50+09:00 [openriak-entrypoint] configuration: waiting for coordinator cookie before daemon startup
2026-09-11T21:55:51+09:00 [openriak-entrypoint] configuration: waiting for coordinator cookie before daemon startup
2026-09-11T21:55:52+09:00 [openriak-entrypoint] configuration: waiting for coordinator cookie before daemon startup
2026-09-11T21:55:54+09:00 [openriak-entrypoint] configuration: waiting for coordinator cookie before daemon startup
2026-09-11T21:55:55+09:00 [openriak-entrypoint] configuration: waiting for coordinator cookie before daemon startup
2026-09-11T21:55:56+09:00 [openriak-entrypoint] configuration: waiting for coordinator cookie before daemon startup
2026-09-11T21:55:57+09:00 [openriak-entrypoint] configuration: waiting for coordinator cookie before daemon startup
2026-09-11T21:55:58+09:00 [openriak-entrypoint] configuration: waiting for coordinator cookie before daemon startup
2026-09-11T21:55:59+09:00 [openriak-entrypoint] configuration: waiting for coordinator cookie before daemon startup
2026-09-11T21:56:01+09:00 [openriak-entrypoint] configuration: waiting for coordinator cookie before daemon startup
2026-09-11T21:56:02+09:00 [openriak-entrypoint] configuration: waiting for coordinator cookie before daemon startup
2026-09-11T21:56:03+09:00 [openriak-entrypoint] configuration: waiting for coordinator cookie before daemon startup
2026-09-11T21:56:04+09:00 [openriak-entrypoint] configuration: waiting for coordinator cookie before daemon startup
2026-09-11T21:56:05+09:00 [openriak-entrypoint] configuration: waiting for coordinator cookie before daemon startup
2026-09-11T21:56:06+09:00 [openriak-entrypoint] configuration: waiting for coordinator cookie before daemon startup
2026-09-11T21:56:08+09:00 [openriak-entrypoint] configuration: waiting for coordinator cookie before daemon startup
2026-09-11T21:56:09+09:00 [openriak-entrypoint] configuration: waiting for coordinator cookie before daemon startup
2026-09-11T21:56:12+09:00 [openriak-entrypoint] configuration: adopted coordinator cookie before daemon startup
2026-09-11T21:56:14+09:00 [openriak-entrypoint] configuration: nodename = openriak-kv@node-03.cluster-a.openriak
2026-09-11T21:56:14+09:00 [openriak-entrypoint] configuration: distributed_cookie = openriak-fcf78cb1d7494b373b24e8d985697021
2026-09-11T21:56:15+09:00 [openriak-entrypoint] configuration: effective distributed cookie = openriak-fcf78cb1d7494b373b24e8d985697021
2026-09-11T21:56:16+09:00 [openriak-entrypoint] configuration: ring_size = 8
2026-09-11T21:56:17+09:00 [openriak-entrypoint] configuration: storage_backend = leveled
2026-09-11T21:56:18+09:00 [openriak-entrypoint] configuration: anti_entropy = passive
2026-09-11T21:56:19+09:00 [openriak-entrypoint] configuration: tictacaae_active = active
2026-09-11T21:56:20+09:00 [openriak-entrypoint] configuration: tictacaae_storeheads = enabled
2026-09-11T21:56:21+09:00 [openriak-entrypoint] configuration: listener.http.internal = 0.0.0.0:8098
2026-09-11T21:56:21+09:00 [openriak-entrypoint] configuration: listener.protobuf.internal = 0.0.0.0:8087
2026-09-11T21:56:23+09:00 [openriak-entrypoint] configuration: logger.max_file_size = 2MB
2026-09-11T21:56:24+09:00 [openriak-entrypoint] configuration: logger.max_files = 4
2026-09-11T21:56:25+09:00 [openriak-entrypoint] startup: validating configuration and generating VM arguments
2026-09-11T22:00:04+09:00 [openriak-entrypoint] startup: configuration is valid (config is OK -config /var/lib/riak/generated.conf/app.2026.09.11.21.57.17.config -args_file /var/lib/riak/generated.conf/vm.2026.09.11.21.57.18.args -vm_args /var/lib/riak/generated.conf/vm.2026.09.11.21.57.18.args)
2026-09-11T22:00:04+09:00 [openriak-entrypoint] startup: starting OpenRiak as a daemon
!!!!
!!!! WARNING: ulimit -n is 1024; 65536 is the recommended minimum.
!!!!
2026-09-11T22:04:56+09:00 [openriak-entrypoint] startup: daemon command completed
2026-09-11T22:04:57+09:00 [openriak-entrypoint] startup: waiting for BEAM and riak ping
2026-09-11T22:05:18+09:00 [openriak-entrypoint] startup: BEAM is running and riak ping returned pong
2026-09-11T22:05:18+09:00 [openriak-entrypoint] startup: waiting for the riak_kv service
2026-09-11T22:05:58+09:00 [openriak-entrypoint] startup: riak_kv service is up ([riak_kv,riak_pipe,riak_repl])
2026-09-11T22:05:58+09:00 [openriak-entrypoint] startup: waiting for Riak transfers to complete
2026-09-11T22:06:38+09:00 [openriak-entrypoint] startup: transfers complete (No transfers active Active Transfers: ok)
2026-09-11T22:06:38+09:00 [openriak-entrypoint] cluster: Role: Follower
2026-09-11T22:07:23+09:00 [openriak-entrypoint] cluster: announced openriak-kv@node-03.cluster-a.openriak at 172.19.0.3 to coordinator openriak-kv@node-01.cluster-a.openriak (a9f05939971df1b2)
2026-09-11T22:07:23+09:00 [openriak-entrypoint] cluster: follower waiting for coordinator approval (1s/3600s)
2026-09-11T22:07:27+09:00 [openriak-entrypoint] cluster: follower waiting for coordinator approval (2s/3600s)
2026-09-11T22:07:30+09:00 [openriak-entrypoint] cluster: follower waiting for coordinator approval (3s/3600s)
2026-09-11T22:07:34+09:00 [openriak-entrypoint] cluster: join approved by openriak-kv@node-01.cluster-a.openriak (a9f05939971df1b2)
2026-09-11T22:08:13+09:00 [openriak-entrypoint] cluster: join: Success: staged join request for 'openriak-kv@node-03.cluster-a.openriak' to 'openriak-kv@node-01.cluster-a.openriak'
2026-09-11T22:08:13+09:00 [openriak-entrypoint] cluster: join: ok
2026-09-11T22:08:14+09:00 [openriak-entrypoint] cluster: join request accepted; waiting for plan and commit
2026-09-11T22:09:00+09:00 [openriak-entrypoint] cluster: waiting for the ring to become ready
2026-09-11T22:09:41+09:00 [openriak-entrypoint] cluster: ring is ready (TRUE All nodes agree on the ring ['openriak-kv@node-01.cluster-a.openriak', 'openriak-kv@node-02.cluster-a.openriak', 'openriak-kv@node-03.cluster-a.openriak', 'openriak-kv@node-04.cluster-a.openriak', 'openriak-kv@node-05.cluster-a.openriak'] ok)
2026-09-11T22:09:41+09:00 [openriak-entrypoint] startup: waiting for Riak transfers to complete
2026-09-11T22:10:23+09:00 [openriak-entrypoint] startup: transfers complete (No transfers active Active Transfers: ok)
2026-09-11T22:10:23+09:00 [openriak-entrypoint] cluster: waiting for coordinator completion confirmation
2026-09-11T22:12:26+09:00 [openriak-entrypoint] cluster: coordinator confirmed completion for openriak-kv@node-03.cluster-a.openriak
2026-09-11T22:12:26+09:00 [openriak-entrypoint] cluster: follower joined openriak-kv@node-01.cluster-a.openriak successfully
2026-09-11T22:12:26+09:00 [openriak-entrypoint] startup: OpenRiak is ready
2026-09-11T22:12:26+09:00 [openriak-entrypoint] monitor: sleeping for 1s
2026-09-11T22:12:50+09:00 [openriak-entrypoint] monitor: BEAM is running and riak ping returned pong
2026-09-11T22:12:51+09:00 [openriak-entrypoint] monitor: sleeping for 1s
2026-09-11T22:13:22+09:00 [openriak-entrypoint] monitor: BEAM is running and riak ping returned pong
2026-09-11T22:13:22+09:00 [openriak-entrypoint] monitor: sleeping for 1s
2026-09-11T22:13:55+09:00 [openriak-entrypoint] monitor: BEAM is running and riak ping returned pong
2026-09-11T22:13:55+09:00 [openriak-entrypoint] monitor: sleeping for 1s
2026-09-11T22:14:27+09:00 [openriak-entrypoint] monitor: BEAM is running and riak ping returned pong
2026-09-11T22:14:27+09:00 [openriak-entrypoint] monitor: sleeping for 1s
2026-09-11T22:14:55+09:00 [openriak-entrypoint] monitor: BEAM is running and riak ping returned pong
2026-09-11T22:14:55+09:00 [openriak-entrypoint] monitor: sleeping for 1s
2026-09-11T22:15:25+09:00 [openriak-entrypoint] monitor: BEAM is running and riak ping returned pong
2026-09-11T22:15:26+09:00 [openriak-entrypoint] monitor: sleeping for 1s
2026-09-11T22:15:57+09:00 [openriak-entrypoint] monitor: BEAM is running and riak ping returned pong
2026-09-11T22:15:58+09:00 [openriak-entrypoint] monitor: sleeping for 1s
2026-09-11T22:16:25+09:00 [openriak-entrypoint] monitor: BEAM is running and riak ping returned pong
2026-09-11T22:16:25+09:00 [openriak-entrypoint] monitor: sleeping for 1s
2026-09-11T22:16:47+09:00 [openriak-entrypoint] monitor: BEAM is running and riak ping returned pong
2026-09-11T22:16:48+09:00 [openriak-entrypoint] monitor: sleeping for 1s
2026-09-11T22:17:09+09:00 [openriak-entrypoint] monitor: BEAM is running and riak ping returned pong
2026-09-11T22:17:09+09:00 [openriak-entrypoint] monitor: sleeping for 1s
2026-09-11T22:17:28+09:00 [openriak-entrypoint] monitor: BEAM is running and riak ping returned pong
2026-09-11T22:17:28+09:00 [openriak-entrypoint] monitor: sleeping for 1s
2026-09-11T22:17:52+09:00 [openriak-entrypoint] monitor: BEAM is running and riak ping returned pong
2026-09-11T22:17:53+09:00 [openriak-entrypoint] monitor: sleeping for 1s
2026-09-11T22:18:12+09:00 [openriak-entrypoint] monitor: BEAM is running and riak ping returned pong
2026-09-11T22:18:12+09:00 [openriak-entrypoint] monitor: sleeping for 1s
2026-09-11T22:18:33+09:00 [openriak-entrypoint] monitor: BEAM is running and riak ping returned pong
2026-09-11T22:18:33+09:00 [openriak-entrypoint] monitor: sleeping for 1s
2026-09-11T22:18:57+09:00 [openriak-entrypoint] monitor: BEAM is running and riak ping returned pong
2026-09-11T22:18:57+09:00 [openriak-entrypoint] monitor: sleeping for 1s
2026-09-11T22:19:15+09:00 [openriak-entrypoint] monitor: BEAM is running and riak ping returned pong
2026-09-11T22:19:15+09:00 [openriak-entrypoint] monitor: sleeping for 1s
2026-09-11T22:19:37+09:00 [openriak-entrypoint] monitor: BEAM is running and riak ping returned pong
2026-09-11T22:19:38+09:00 [openriak-entrypoint] monitor: sleeping for 1s
2026-09-11T22:19:58+09:00 [openriak-entrypoint] monitor: BEAM is running and riak ping returned pong
2026-09-11T22:19:59+09:00 [openriak-entrypoint] monitor: sleeping for 1s
2026-09-11T22:20:17+09:00 [openriak-entrypoint] monitor: BEAM is running and riak ping returned pong
2026-09-11T22:20:18+09:00 [openriak-entrypoint] monitor: sleeping for 1s
2026-09-11T22:20:42+09:00 [openriak-entrypoint] monitor: BEAM is running and riak ping returned pong
2026-09-11T22:20:42+09:00 [openriak-entrypoint] monitor: sleeping for 1s
2026-09-11T22:21:02+09:00 [openriak-entrypoint] monitor: BEAM is running and riak ping returned pong
2026-09-11T22:21:02+09:00 [openriak-entrypoint] monitor: sleeping for 1s
2026-09-11T22:21:24+09:00 [openriak-entrypoint] monitor: BEAM is running and riak ping returned pong
2026-09-11T22:21:24+09:00 [openriak-entrypoint] monitor: sleeping for 1s
2026-09-11T22:21:47+09:00 [openriak-entrypoint] monitor: BEAM is running and riak ping returned pong
2026-09-11T22:21:47+09:00 [openriak-entrypoint] monitor: sleeping for 1s
2026-09-11T22:22:05+09:00 [openriak-entrypoint] monitor: BEAM is running and riak ping returned pong
2026-09-11T22:22:05+09:00 [openriak-entrypoint] monitor: sleeping for 1s
2026-09-11T22:22:29+09:00 [openriak-entrypoint] monitor: BEAM is running and riak ping returned pong
2026-09-11T22:22:30+09:00 [openriak-entrypoint] monitor: sleeping for 1s
2026-09-11T22:22:49+09:00 [openriak-entrypoint] monitor: BEAM is running and riak ping returned pong
2026-09-11T22:22:50+09:00 [openriak-entrypoint] monitor: sleeping for 1s
2026-09-11T22:23:09+09:00 [openriak-entrypoint] monitor: BEAM is running and riak ping returned pong
2026-09-11T22:23:10+09:00 [openriak-entrypoint] monitor: sleeping for 1s
2026-09-11T22:23:32+09:00 [openriak-entrypoint] monitor: BEAM is running and riak ping returned pong
2026-09-11T22:23:32+09:00 [openriak-entrypoint] monitor: sleeping for 1s
2026-09-11T22:23:49+09:00 [openriak-entrypoint] monitor: BEAM is running and riak ping returned pong
2026-09-11T22:23:49+09:00 [openriak-entrypoint] monitor: sleeping for 1s
2026-09-11T22:24:14+09:00 [openriak-entrypoint] monitor: BEAM is running and riak ping returned pong
2026-09-11T22:24:14+09:00 [openriak-entrypoint] monitor: sleeping for 1s
2026-09-11T22:24:34+09:00 [openriak-entrypoint] monitor: BEAM is running and riak ping returned pong
2026-09-11T22:24:34+09:00 [openriak-entrypoint] monitor: sleeping for 1s
2026-09-11T22:24:54+09:00 [openriak-entrypoint] monitor: BEAM is running and riak ping returned pong
2026-09-11T22:24:54+09:00 [openriak-entrypoint] monitor: sleeping for 1s
2026-09-11T22:25:18+09:00 [openriak-entrypoint] monitor: BEAM is running and riak ping returned pong
2026-09-11T22:25:18+09:00 [openriak-entrypoint] monitor: sleeping for 1s
2026-09-11T22:25:36+09:00 [openriak-entrypoint] monitor: BEAM is running and riak ping returned pong
2026-09-11T22:25:36+09:00 [openriak-entrypoint] monitor: sleeping for 1s
2026-09-11T22:26:00+09:00 [openriak-entrypoint] monitor: BEAM is running and riak ping returned pong
2026-09-11T22:26:00+09:00 [openriak-entrypoint] monitor: sleeping for 1s
2026-09-11T22:26:20+09:00 [openriak-entrypoint] monitor: BEAM is running and riak ping returned pong
2026-09-11T22:26:20+09:00 [openriak-entrypoint] monitor: sleeping for 1s
2026-09-11T22:26:39+09:00 [openriak-entrypoint] monitor: BEAM is running and riak ping returned pong
2026-09-11T22:26:40+09:00 [openriak-entrypoint] monitor: sleeping for 1s
2026-09-11T22:27:03+09:00 [openriak-entrypoint] monitor: BEAM is running and riak ping returned pong
2026-09-11T22:27:03+09:00 [openriak-entrypoint] monitor: sleeping for 1s
2026-09-11T22:27:21+09:00 [openriak-entrypoint] monitor: BEAM is running and riak ping returned pong
2026-09-11T22:27:21+09:00 [openriak-entrypoint] monitor: sleeping for 1s
2026-09-11T22:27:45+09:00 [openriak-entrypoint] monitor: BEAM is running and riak ping returned pong
2026-09-11T22:27:45+09:00 [openriak-entrypoint] monitor: sleeping for 1s
2026-09-11T22:28:06+09:00 [openriak-entrypoint] monitor: BEAM is running and riak ping returned pong
2026-09-11T22:28:06+09:00 [openriak-entrypoint] monitor: sleeping for 1s
2026-09-11T22:28:26+09:00 [openriak-entrypoint] monitor: BEAM is running and riak ping returned pong
2026-09-11T22:28:26+09:00 [openriak-entrypoint] monitor: sleeping for 1s
2026-09-11T22:28:47+09:00 [openriak-entrypoint] monitor: BEAM is running and riak ping returned pong
2026-09-11T22:28:47+09:00 [openriak-entrypoint] monitor: sleeping for 1s
2026-09-11T22:29:06+09:00 [openriak-entrypoint] monitor: BEAM is running and riak ping returned pong
2026-09-11T22:29:06+09:00 [openriak-entrypoint] monitor: sleeping for 1s
2026-09-11T22:29:30+09:00 [openriak-entrypoint] monitor: BEAM is running and riak ping returned pong
2026-09-11T22:29:30+09:00 [openriak-entrypoint] monitor: sleeping for 1s
2026-09-11T22:29:51+09:00 [openriak-entrypoint] monitor: BEAM is running and riak ping returned pong
2026-09-11T22:29:51+09:00 [openriak-entrypoint] monitor: sleeping for 1s
2026-09-11T22:30:12+09:00 [openriak-entrypoint] monitor: BEAM is running and riak ping returned pong
2026-09-11T22:30:12+09:00 [openriak-entrypoint] monitor: sleeping for 1s
2026-09-11T22:30:36+09:00 [openriak-entrypoint] monitor: BEAM is running and riak ping returned pong
2026-09-11T22:30:36+09:00 [openriak-entrypoint] monitor: sleeping for 1s
2026-09-11T22:30:54+09:00 [openriak-entrypoint] monitor: BEAM is running and riak ping returned pong
2026-09-11T22:30:54+09:00 [openriak-entrypoint] monitor: sleeping for 1s
2026-09-11T22:31:17+09:00 [openriak-entrypoint] monitor: BEAM is running and riak ping returned pong
2026-09-11T22:31:18+09:00 [openriak-entrypoint] monitor: sleeping for 1s
2026-09-11T22:31:39+09:00 [openriak-entrypoint] monitor: BEAM is running and riak ping returned pong
2026-09-11T22:31:39+09:00 [openriak-entrypoint] monitor: sleeping for 1s
2026-09-11T22:32:05+09:00 [openriak-entrypoint] monitor: BEAM is running and riak ping returned pong
2026-09-11T22:32:05+09:00 [openriak-entrypoint] monitor: sleeping for 1s
2026-09-11T22:32:37+09:00 [openriak-entrypoint] monitor: BEAM is running and riak ping returned pong
2026-09-11T22:32:37+09:00 [openriak-entrypoint] monitor: sleeping for 1s
2026-09-11T22:33:09+09:00 [openriak-entrypoint] monitor: BEAM is running and riak ping returned pong
2026-09-11T22:33:09+09:00 [openriak-entrypoint] monitor: sleeping for 1s
2026-09-11T22:33:39+09:00 [openriak-entrypoint] monitor: BEAM is running and riak ping returned pong
2026-09-11T22:33:40+09:00 [openriak-entrypoint] monitor: sleeping for 1s
2026-09-11T22:34:10+09:00 [openriak-entrypoint] monitor: BEAM is running and riak ping returned pong
2026-09-11T22:34:10+09:00 [openriak-entrypoint] monitor: sleeping for 1s
2026-09-11T22:34:43+09:00 [openriak-entrypoint] monitor: BEAM is running and riak ping returned pong
2026-09-11T22:34:43+09:00 [openriak-entrypoint] monitor: sleeping for 1s
2026-09-11T22:35:12+09:00 [openriak-entrypoint] monitor: BEAM is running and riak ping returned pong
2026-09-11T22:35:13+09:00 [openriak-entrypoint] monitor: sleeping for 1s
2026-09-11T22:35:38+09:00 [openriak-entrypoint] monitor: BEAM is running and riak ping returned pong
2026-09-11T22:35:38+09:00 [openriak-entrypoint] monitor: sleeping for 1s
2026-09-11T22:36:02+09:00 [openriak-entrypoint] monitor: BEAM is running and riak ping returned pong
2026-09-11T22:36:02+09:00 [openriak-entrypoint] monitor: sleeping for 1s
2026-09-11T22:36:19+09:00 [openriak-entrypoint] monitor: BEAM is running and riak ping returned pong
2026-09-11T22:36:19+09:00 [openriak-entrypoint] monitor: sleeping for 1s
2026-09-11T22:36:42+09:00 [openriak-entrypoint] monitor: BEAM is running and riak ping returned pong
2026-09-11T22:36:43+09:00 [openriak-entrypoint] monitor: sleeping for 1s
2026-09-11T22:37:03+09:00 [openriak-entrypoint] monitor: BEAM is running and riak ping returned pong
2026-09-11T22:37:03+09:00 [openriak-entrypoint] monitor: sleeping for 1s
2026-09-11T22:37:23+09:00 [openriak-entrypoint] monitor: BEAM is running and riak ping returned pong
2026-09-11T22:37:23+09:00 [openriak-entrypoint] monitor: sleeping for 1s
2026-09-11T22:37:45+09:00 [openriak-entrypoint] monitor: BEAM is running and riak ping returned pong
2026-09-11T22:37:46+09:00 [openriak-entrypoint] monitor: sleeping for 1s
2026-09-11T22:38:04+09:00 [openriak-entrypoint] monitor: BEAM is running and riak ping returned pong
2026-09-11T22:38:04+09:00 [openriak-entrypoint] monitor: sleeping for 1s
2026-09-11T22:38:28+09:00 [openriak-entrypoint] monitor: BEAM is running and riak ping returned pong
2026-09-11T22:38:28+09:00 [openriak-entrypoint] monitor: sleeping for 1s
2026-09-11T22:38:48+09:00 [openriak-entrypoint] monitor: BEAM is running and riak ping returned pong
2026-09-11T22:38:49+09:00 [openriak-entrypoint] monitor: sleeping for 1s
2026-09-11T22:39:09+09:00 [openriak-entrypoint] monitor: BEAM is running and riak ping returned pong
2026-09-11T22:39:09+09:00 [openriak-entrypoint] monitor: sleeping for 1s
2026-09-11T22:39:33+09:00 [openriak-entrypoint] monitor: BEAM is running and riak ping returned pong
2026-09-11T22:39:33+09:00 [openriak-entrypoint] monitor: sleeping for 1s
2026-09-11T22:39:50+09:00 [openriak-entrypoint] monitor: BEAM is running and riak ping returned pong
2026-09-11T22:39:50+09:00 [openriak-entrypoint] monitor: sleeping for 1s
2026-09-11T22:40:15+09:00 [openriak-entrypoint] monitor: BEAM is running and riak ping returned pong
2026-09-11T22:40:15+09:00 [openriak-entrypoint] monitor: sleeping for 1s
2026-09-11T22:40:35+09:00 [openriak-entrypoint] monitor: BEAM is running and riak ping returned pong
2026-09-11T22:40:35+09:00 [openriak-entrypoint] monitor: sleeping for 1s
2026-09-11T22:40:55+09:00 [openriak-entrypoint] monitor: BEAM is running and riak ping returned pong
2026-09-11T22:40:55+09:00 [openriak-entrypoint] monitor: sleeping for 1s
2026-09-11T22:41:21+09:00 [openriak-entrypoint] monitor: BEAM is running and riak ping returned pong
2026-09-11T22:41:21+09:00 [openriak-entrypoint] monitor: sleeping for 1s
2026-09-11T22:41:38+09:00 [openriak-entrypoint] monitor: BEAM is running and riak ping returned pong
2026-09-11T22:41:38+09:00 [openriak-entrypoint] monitor: sleeping for 1s
2026-09-11T22:42:01+09:00 [openriak-entrypoint] monitor: BEAM is running and riak ping returned pong
2026-09-11T22:42:01+09:00 [openriak-entrypoint] monitor: sleeping for 1s
2026-09-11T22:42:21+09:00 [openriak-entrypoint] monitor: BEAM is running and riak ping returned pong
2026-09-11T22:42:22+09:00 [openriak-entrypoint] monitor: sleeping for 1s
2026-09-11T22:42:40+09:00 [openriak-entrypoint] monitor: BEAM is running and riak ping returned pong
2026-09-11T22:42:40+09:00 [openriak-entrypoint] monitor: sleeping for 1s
2026-09-11T22:43:05+09:00 [openriak-entrypoint] monitor: BEAM is running and riak ping returned pong
2026-09-11T22:43:05+09:00 [openriak-entrypoint] monitor: sleeping for 1s
2026-09-11T22:43:25+09:00 [openriak-entrypoint] monitor: BEAM is running and riak ping returned pong
2026-09-11T22:43:25+09:00 [openriak-entrypoint] monitor: sleeping for 1s
2026-09-11T22:43:48+09:00 [openriak-entrypoint] monitor: BEAM is running and riak ping returned pong
2026-09-11T22:43:48+09:00 [openriak-entrypoint] monitor: sleeping for 1s
2026-09-11T22:44:11+09:00 [openriak-entrypoint] monitor: BEAM is running and riak ping returned pong
2026-09-11T22:44:11+09:00 [openriak-entrypoint] monitor: sleeping for 1s
2026-09-11T22:44:30+09:00 [openriak-entrypoint] monitor: BEAM is running and riak ping returned pong
2026-09-11T22:44:30+09:00 [openriak-entrypoint] monitor: sleeping for 1s

timeout_seconds: 3600
exit_code: 0
