$ /usr/bin/docker logs openriak-kv-3.4.0-ubuntu-noble-otp24-node-1-t-628945z
started: 2026-09-11T13:43:11Z
2026-09-11T21:52:40+09:00 [openriak-entrypoint] configuration: timezone = Asia/Tokyo
usermod: no changes
2026-09-11T21:52:42+09:00 [openriak-entrypoint] configuration: riak UID/GID = 19001/19002
2026-09-11T21:52:42+09:00 [openriak-entrypoint] configuration: preparing mounted directories
2026-09-11T21:52:43+09:00 [openriak-entrypoint] configuration: seeding /etc/riak from packaged defaults
2026-09-11T21:52:43+09:00 [openriak-entrypoint] configuration: current Docker IPv4 address = 172.19.0.4
2026-09-11T21:52:43+09:00 [openriak-entrypoint] configuration: nodename = openriak-kv@node-01.cluster-a.openriak
2026-09-11T21:52:44+09:00 [openriak-entrypoint] configuration: distributed_cookie = openriak-fcf78cb1d7494b373b24e8d985697021
2026-09-11T21:52:44+09:00 [openriak-entrypoint] configuration: effective distributed cookie = openriak-fcf78cb1d7494b373b24e8d985697021
2026-09-11T21:52:44+09:00 [openriak-entrypoint] configuration: ring_size = 8
2026-09-11T21:52:44+09:00 [openriak-entrypoint] configuration: storage_backend = leveled
2026-09-11T21:52:45+09:00 [openriak-entrypoint] configuration: anti_entropy = passive
2026-09-11T21:52:45+09:00 [openriak-entrypoint] configuration: tictacaae_active = active
2026-09-11T21:52:45+09:00 [openriak-entrypoint] configuration: tictacaae_storeheads = enabled
2026-09-11T21:52:46+09:00 [openriak-entrypoint] configuration: listener.http.internal = 0.0.0.0:8098
2026-09-11T21:52:46+09:00 [openriak-entrypoint] configuration: listener.protobuf.internal = 0.0.0.0:8087
2026-09-11T21:52:46+09:00 [openriak-entrypoint] configuration: logger.max_file_size = 2MB
2026-09-11T21:52:47+09:00 [openriak-entrypoint] configuration: logger.max_files = 4
2026-09-11T21:52:47+09:00 [openriak-entrypoint] startup: validating configuration and generating VM arguments
2026-09-11T21:53:42+09:00 [openriak-entrypoint] startup: configuration is valid (config is OK -config /var/lib/riak/generated.conf/app.2026.09.11.21.52.59.config -args_file /var/lib/riak/generated.conf/vm.2026.09.11.21.52.59.args -vm_args /var/lib/riak/generated.conf/vm.2026.09.11.21.52.59.args)
2026-09-11T21:53:42+09:00 [openriak-entrypoint] startup: starting OpenRiak as a daemon
!!!!
!!!! WARNING: ulimit -n is 1024; 65536 is the recommended minimum.
!!!!
2026-09-11T21:55:30+09:00 [openriak-entrypoint] startup: daemon command completed
2026-09-11T21:55:30+09:00 [openriak-entrypoint] startup: waiting for BEAM and riak ping
2026-09-11T21:55:42+09:00 [openriak-entrypoint] startup: BEAM is running and riak ping returned pong
2026-09-11T21:55:42+09:00 [openriak-entrypoint] startup: waiting for the riak_kv service
2026-09-11T21:55:58+09:00 [openriak-entrypoint] startup: riak_kv service is up ([riak_kv,riak_pipe,riak_repl])
2026-09-11T21:55:59+09:00 [openriak-entrypoint] startup: waiting for Riak transfers to complete
2026-09-11T21:56:09+09:00 [openriak-entrypoint] startup: transfers complete (No transfers active Active Transfers: ok)
2026-09-11T21:56:09+09:00 [openriak-entrypoint] cluster: Role: Coordinator
2026-09-11T21:56:09+09:00 [openriak-entrypoint] cluster: published coordinator openriak-kv@node-01.cluster-a.openriak at 172.19.0.4 in openriak-kv@node-01.cluster-a.openriak-a9f05939971df1b2-coordinator
2026-09-11T21:57:12+09:00 [openriak-entrypoint] monitor: Coordinator is healthy; sleeping for 1s
2026-09-11T21:57:33+09:00 [openriak-entrypoint] monitor: Coordinator is healthy; sleeping for 1s
2026-09-11T21:57:53+09:00 [openriak-entrypoint] monitor: Coordinator is healthy; sleeping for 1s
2026-09-11T21:58:20+09:00 [openriak-entrypoint] monitor: Coordinator is healthy; sleeping for 1s
2026-09-11T21:58:38+09:00 [openriak-entrypoint] monitor: Coordinator is healthy; sleeping for 1s
2026-09-11T21:59:01+09:00 [openriak-entrypoint] monitor: Coordinator is healthy; sleeping for 1s
2026-09-11T21:59:24+09:00 [openriak-entrypoint] monitor: Coordinator is healthy; sleeping for 1s
2026-09-11T21:59:41+09:00 [openriak-entrypoint] monitor: Coordinator is healthy; sleeping for 1s
2026-09-11T22:00:07+09:00 [openriak-entrypoint] monitor: Coordinator is healthy; sleeping for 1s
2026-09-11T22:00:27+09:00 [openriak-entrypoint] monitor: Coordinator is healthy; sleeping for 1s
2026-09-11T22:00:48+09:00 [openriak-entrypoint] monitor: Coordinator is healthy; sleeping for 1s
2026-09-11T22:01:14+09:00 [openriak-entrypoint] monitor: Coordinator is healthy; sleeping for 1s
2026-09-11T22:01:33+09:00 [openriak-entrypoint] monitor: Coordinator is healthy; sleeping for 1s
2026-09-11T22:01:58+09:00 [openriak-entrypoint] monitor: Coordinator is healthy; sleeping for 1s
2026-09-11T22:02:22+09:00 [openriak-entrypoint] monitor: Coordinator is healthy; sleeping for 1s
2026-09-11T22:02:43+09:00 [openriak-entrypoint] monitor: Coordinator is healthy; sleeping for 1s
2026-09-11T22:03:09+09:00 [openriak-entrypoint] monitor: Coordinator is healthy; sleeping for 1s
2026-09-11T22:03:32+09:00 [openriak-entrypoint] monitor: Coordinator is healthy; sleeping for 1s
2026-09-11T22:03:52+09:00 [openriak-entrypoint] monitor: Coordinator is healthy; sleeping for 1s
2026-09-11T22:04:18+09:00 [openriak-entrypoint] monitor: Coordinator is healthy; sleeping for 1s
2026-09-11T22:04:39+09:00 [openriak-entrypoint] monitor: Coordinator is healthy; sleeping for 1s
2026-09-11T22:05:03+09:00 [openriak-entrypoint] monitor: Coordinator is healthy; sleeping for 1s
2026-09-11T22:05:25+09:00 [openriak-entrypoint] monitor: Coordinator is healthy; sleeping for 1s
2026-09-11T22:05:43+09:00 [openriak-entrypoint] monitor: Coordinator is healthy; sleeping for 1s
2026-09-11T22:06:09+09:00 [openriak-entrypoint] monitor: Coordinator is healthy; sleeping for 1s
2026-09-11T22:06:27+09:00 [openriak-entrypoint] monitor: Coordinator is healthy; sleeping for 1s
2026-09-11T22:06:30+09:00 [openriak-entrypoint] cluster: approved follower openriak-kv@node-02.cluster-a.openriak at 172.19.0.6
2026-09-11T22:06:52+09:00 [openriak-entrypoint] monitor: Coordinator is healthy; sleeping for 1s
2026-09-11T22:07:27+09:00 [openriak-entrypoint] monitor: Coordinator is healthy; sleeping for 1s
2026-09-11T22:07:32+09:00 [openriak-entrypoint] cluster: approved follower openriak-kv@node-03.cluster-a.openriak at 172.19.0.3
2026-09-11T22:07:34+09:00 [openriak-entrypoint] cluster: approved follower openriak-kv@node-04.cluster-a.openriak at 172.19.0.5
2026-09-11T22:07:37+09:00 [openriak-entrypoint] cluster: approved follower openriak-kv@node-05.cluster-a.openriak at 172.19.0.2
2026-09-11T22:07:37+09:00 [openriak-entrypoint] cluster: waiting for 3 approved or ready node(s) before planning 1 joined node(s)
2026-09-11T22:08:09+09:00 [openriak-entrypoint] monitor: Coordinator is healthy; sleeping for 1s
2026-09-11T22:08:11+09:00 [openriak-entrypoint] cluster: waiting for 3 approved or ready node(s) before planning 1 joined node(s)
2026-09-11T22:08:44+09:00 [openriak-entrypoint] monitor: Coordinator is healthy; sleeping for 1s
2026-09-11T22:08:46+09:00 [openriak-entrypoint] cluster: planning a batch of 4 joined node(s)
2026-09-11T22:09:46+09:00 [openriak-entrypoint] cluster: plan: =============================== Staged Changes ================================
2026-09-11T22:09:46+09:00 [openriak-entrypoint] cluster: plan: Action         Details(s)
2026-09-11T22:09:46+09:00 [openriak-entrypoint] cluster: plan: -------------------------------------------------------------------------------
2026-09-11T22:09:46+09:00 [openriak-entrypoint] cluster: plan: join           'openriak-kv@node-02.cluster-a.openriak'
2026-09-11T22:09:47+09:00 [openriak-entrypoint] cluster: plan: join           'openriak-kv@node-03.cluster-a.openriak'
2026-09-11T22:09:47+09:00 [openriak-entrypoint] cluster: plan: join           'openriak-kv@node-04.cluster-a.openriak'
2026-09-11T22:09:47+09:00 [openriak-entrypoint] cluster: plan: join           'openriak-kv@node-05.cluster-a.openriak'
2026-09-11T22:09:47+09:00 [openriak-entrypoint] cluster: plan: -------------------------------------------------------------------------------
2026-09-11T22:09:48+09:00 [openriak-entrypoint] cluster: plan: 
2026-09-11T22:09:48+09:00 [openriak-entrypoint] cluster: plan: 
2026-09-11T22:09:48+09:00 [openriak-entrypoint] cluster: plan: NOTE: Applying these changes will result in 1 cluster transition
2026-09-11T22:09:49+09:00 [openriak-entrypoint] cluster: plan: 
2026-09-11T22:09:49+09:00 [openriak-entrypoint] cluster: plan: ###############################################################################
2026-09-11T22:09:49+09:00 [openriak-entrypoint] cluster: plan:                          After cluster transition 1/1
2026-09-11T22:09:50+09:00 [openriak-entrypoint] cluster: plan: ###############################################################################
2026-09-11T22:09:50+09:00 [openriak-entrypoint] cluster: plan: 
2026-09-11T22:09:50+09:00 [openriak-entrypoint] cluster: plan: ================================= Membership ==================================
2026-09-11T22:09:51+09:00 [openriak-entrypoint] cluster: plan: Status     Ring    Pending    Node
2026-09-11T22:09:51+09:00 [openriak-entrypoint] cluster: plan: -------------------------------------------------------------------------------
2026-09-11T22:09:51+09:00 [openriak-entrypoint] cluster: plan: valid     100.0%     25.0%    openriak-kv@node-01.cluster-a.openriak
2026-09-11T22:09:52+09:00 [openriak-entrypoint] cluster: plan: valid       0.0%     25.0%    openriak-kv@node-02.cluster-a.openriak
2026-09-11T22:09:52+09:00 [openriak-entrypoint] cluster: plan: valid       0.0%     25.0%    openriak-kv@node-03.cluster-a.openriak
2026-09-11T22:09:52+09:00 [openriak-entrypoint] cluster: plan: valid       0.0%     12.5%    openriak-kv@node-04.cluster-a.openriak
2026-09-11T22:09:53+09:00 [openriak-entrypoint] cluster: plan: valid       0.0%     12.5%    openriak-kv@node-05.cluster-a.openriak
2026-09-11T22:09:53+09:00 [openriak-entrypoint] cluster: plan: -------------------------------------------------------------------------------
2026-09-11T22:09:53+09:00 [openriak-entrypoint] cluster: plan: Valid:5 / Leaving:0 / Exiting:0 / Joining:0 / Down:0
2026-09-11T22:09:53+09:00 [openriak-entrypoint] cluster: plan: 
2026-09-11T22:09:54+09:00 [openriak-entrypoint] cluster: plan: Transfers resulting from cluster changes: 6
2026-09-11T22:09:54+09:00 [openriak-entrypoint] cluster: plan:   1 transfers from 'openriak-kv@node-01.cluster-a.openriak' to 'openriak-kv@node-04.cluster-a.openriak'
2026-09-11T22:09:54+09:00 [openriak-entrypoint] cluster: plan:   1 transfers from 'openriak-kv@node-01.cluster-a.openriak' to 'openriak-kv@node-05.cluster-a.openriak'
2026-09-11T22:09:55+09:00 [openriak-entrypoint] cluster: plan:   2 transfers from 'openriak-kv@node-01.cluster-a.openriak' to 'openriak-kv@node-03.cluster-a.openriak'
2026-09-11T22:09:55+09:00 [openriak-entrypoint] cluster: plan:   2 transfers from 'openriak-kv@node-01.cluster-a.openriak' to 'openriak-kv@node-02.cluster-a.openriak'
2026-09-11T22:09:56+09:00 [openriak-entrypoint] cluster: plan: 
2026-09-11T22:09:56+09:00 [openriak-entrypoint] cluster: plan: ok
2026-09-11T22:09:57+09:00 [openriak-entrypoint] cluster: committing the planned membership changes
2026-09-11T22:10:36+09:00 [openriak-entrypoint] cluster: commit: Cluster changes committed
2026-09-11T22:10:36+09:00 [openriak-entrypoint] cluster: commit: ok
2026-09-11T22:10:36+09:00 [openriak-entrypoint] cluster: waiting for the ring to become ready
2026-09-11T22:11:05+09:00 [openriak-entrypoint] cluster: ring is ready (TRUE All nodes agree on the ring ['openriak-kv@node-01.cluster-a.openriak', 'openriak-kv@node-02.cluster-a.openriak', 'openriak-kv@node-03.cluster-a.openriak', 'openriak-kv@node-04.cluster-a.openriak', 'openriak-kv@node-05.cluster-a.openriak'] ok)
2026-09-11T22:11:05+09:00 [openriak-entrypoint] startup: waiting for Riak transfers to complete
2026-09-11T22:11:31+09:00 [openriak-entrypoint] startup: waiting for transfers (attempt 1, transfers='openriak-kv@node-01.cluster-a.openriak' waiting to handoff 2 partitions Active Transfers: ok)
2026-09-11T22:11:58+09:00 [openriak-entrypoint] startup: waiting for transfers (attempt 2, transfers='openriak-kv@node-01.cluster-a.openriak' waiting to handoff 2 partitions Active Transfers: ok)
2026-09-11T22:12:26+09:00 [openriak-entrypoint] startup: transfers complete (No transfers active Active Transfers: ok)
2026-09-11T22:12:26+09:00 [openriak-entrypoint] cluster: completed follower openriak-kv@node-02.cluster-a.openriak-a9f05939971df1b2
2026-09-11T22:12:26+09:00 [openriak-entrypoint] cluster: completed follower openriak-kv@node-03.cluster-a.openriak-a9f05939971df1b2
2026-09-11T22:12:26+09:00 [openriak-entrypoint] cluster: completed follower openriak-kv@node-04.cluster-a.openriak-a9f05939971df1b2
2026-09-11T22:12:27+09:00 [openriak-entrypoint] cluster: completed follower openriak-kv@node-05.cluster-a.openriak-a9f05939971df1b2
2026-09-11T22:12:50+09:00 [openriak-entrypoint] monitor: Coordinator is healthy; sleeping for 1s
2026-09-11T22:13:09+09:00 [openriak-entrypoint] monitor: Coordinator is healthy; sleeping for 1s
2026-09-11T22:13:29+09:00 [openriak-entrypoint] monitor: Coordinator is healthy; sleeping for 1s
2026-09-11T22:13:51+09:00 [openriak-entrypoint] monitor: Coordinator is healthy; sleeping for 1s
2026-09-11T22:14:09+09:00 [openriak-entrypoint] monitor: Coordinator is healthy; sleeping for 1s
2026-09-11T22:14:35+09:00 [openriak-entrypoint] monitor: Coordinator is healthy; sleeping for 1s
2026-09-11T22:14:55+09:00 [openriak-entrypoint] monitor: Coordinator is healthy; sleeping for 1s
2026-09-11T22:15:16+09:00 [openriak-entrypoint] monitor: Coordinator is healthy; sleeping for 1s
2026-09-11T22:15:40+09:00 [openriak-entrypoint] monitor: Coordinator is healthy; sleeping for 1s
2026-09-11T22:15:58+09:00 [openriak-entrypoint] monitor: Coordinator is healthy; sleeping for 1s
2026-09-11T22:16:22+09:00 [openriak-entrypoint] monitor: Coordinator is healthy; sleeping for 1s
2026-09-11T22:16:44+09:00 [openriak-entrypoint] monitor: Coordinator is healthy; sleeping for 1s
2026-09-11T22:17:03+09:00 [openriak-entrypoint] monitor: Coordinator is healthy; sleeping for 1s
2026-09-11T22:17:28+09:00 [openriak-entrypoint] monitor: Coordinator is healthy; sleeping for 1s
2026-09-11T22:17:48+09:00 [openriak-entrypoint] monitor: Coordinator is healthy; sleeping for 1s
2026-09-11T22:18:08+09:00 [openriak-entrypoint] monitor: Coordinator is healthy; sleeping for 1s
2026-09-11T22:18:31+09:00 [openriak-entrypoint] monitor: Coordinator is healthy; sleeping for 1s
2026-09-11T22:18:47+09:00 [openriak-entrypoint] monitor: Coordinator is healthy; sleeping for 1s
2026-09-11T22:19:13+09:00 [openriak-entrypoint] monitor: Coordinator is healthy; sleeping for 1s
2026-09-11T22:19:32+09:00 [openriak-entrypoint] monitor: Coordinator is healthy; sleeping for 1s
2026-09-11T22:19:54+09:00 [openriak-entrypoint] monitor: Coordinator is healthy; sleeping for 1s
2026-09-11T22:20:17+09:00 [openriak-entrypoint] monitor: Coordinator is healthy; sleeping for 1s
2026-09-11T22:20:34+09:00 [openriak-entrypoint] monitor: Coordinator is healthy; sleeping for 1s
2026-09-11T22:20:59+09:00 [openriak-entrypoint] monitor: Coordinator is healthy; sleeping for 1s
2026-09-11T22:21:19+09:00 [openriak-entrypoint] monitor: Coordinator is healthy; sleeping for 1s
2026-09-11T22:21:39+09:00 [openriak-entrypoint] monitor: Coordinator is healthy; sleeping for 1s
2026-09-11T22:22:02+09:00 [openriak-entrypoint] monitor: Coordinator is healthy; sleeping for 1s
2026-09-11T22:22:21+09:00 [openriak-entrypoint] monitor: Coordinator is healthy; sleeping for 1s
2026-09-11T22:22:44+09:00 [openriak-entrypoint] monitor: Coordinator is healthy; sleeping for 1s
2026-09-11T22:23:05+09:00 [openriak-entrypoint] monitor: Coordinator is healthy; sleeping for 1s
2026-09-11T22:23:24+09:00 [openriak-entrypoint] monitor: Coordinator is healthy; sleeping for 1s
2026-09-11T22:23:47+09:00 [openriak-entrypoint] monitor: Coordinator is healthy; sleeping for 1s
2026-09-11T22:24:05+09:00 [openriak-entrypoint] monitor: Coordinator is healthy; sleeping for 1s
2026-09-11T22:24:37+09:00 [openriak-entrypoint] monitor: Coordinator is healthy; sleeping for 1s
2026-09-11T22:25:08+09:00 [openriak-entrypoint] monitor: Coordinator is healthy; sleeping for 1s
2026-09-11T22:25:37+09:00 [openriak-entrypoint] monitor: Coordinator is healthy; sleeping for 1s
2026-09-11T22:26:08+09:00 [openriak-entrypoint] monitor: Coordinator is healthy; sleeping for 1s
2026-09-11T22:26:42+09:00 [openriak-entrypoint] monitor: Coordinator is healthy; sleeping for 1s
2026-09-11T22:27:12+09:00 [openriak-entrypoint] monitor: Coordinator is healthy; sleeping for 1s
2026-09-11T22:27:41+09:00 [openriak-entrypoint] monitor: Coordinator is healthy; sleeping for 1s
2026-09-11T22:28:06+09:00 [openriak-entrypoint] monitor: Coordinator is healthy; sleeping for 1s
2026-09-11T22:28:27+09:00 [openriak-entrypoint] monitor: Coordinator is healthy; sleeping for 1s
2026-09-11T22:28:46+09:00 [openriak-entrypoint] monitor: Coordinator is healthy; sleeping for 1s
2026-09-11T22:29:09+09:00 [openriak-entrypoint] monitor: Coordinator is healthy; sleeping for 1s
2026-09-11T22:29:28+09:00 [openriak-entrypoint] monitor: Coordinator is healthy; sleeping for 1s
2026-09-11T22:29:49+09:00 [openriak-entrypoint] monitor: Coordinator is healthy; sleeping for 1s
2026-09-11T22:30:09+09:00 [openriak-entrypoint] monitor: Coordinator is healthy; sleeping for 1s
2026-09-11T22:30:29+09:00 [openriak-entrypoint] monitor: Coordinator is healthy; sleeping for 1s
2026-09-11T22:30:53+09:00 [openriak-entrypoint] monitor: Coordinator is healthy; sleeping for 1s
2026-09-11T22:31:11+09:00 [openriak-entrypoint] monitor: Coordinator is healthy; sleeping for 1s
2026-09-11T22:31:33+09:00 [openriak-entrypoint] monitor: Coordinator is healthy; sleeping for 1s
2026-09-11T22:31:55+09:00 [openriak-entrypoint] monitor: Coordinator is healthy; sleeping for 1s
2026-09-11T22:32:15+09:00 [openriak-entrypoint] monitor: Coordinator is healthy; sleeping for 1s
2026-09-11T22:32:39+09:00 [openriak-entrypoint] monitor: Coordinator is healthy; sleeping for 1s
2026-09-11T22:33:00+09:00 [openriak-entrypoint] monitor: Coordinator is healthy; sleeping for 1s
2026-09-11T22:33:22+09:00 [openriak-entrypoint] monitor: Coordinator is healthy; sleeping for 1s
2026-09-11T22:33:46+09:00 [openriak-entrypoint] monitor: Coordinator is healthy; sleeping for 1s
2026-09-11T22:34:04+09:00 [openriak-entrypoint] monitor: Coordinator is healthy; sleeping for 1s
2026-09-11T22:34:28+09:00 [openriak-entrypoint] monitor: Coordinator is healthy; sleeping for 1s
2026-09-11T22:34:48+09:00 [openriak-entrypoint] monitor: Coordinator is healthy; sleeping for 1s
2026-09-11T22:35:06+09:00 [openriak-entrypoint] monitor: Coordinator is healthy; sleeping for 1s
2026-09-11T22:35:31+09:00 [openriak-entrypoint] monitor: Coordinator is healthy; sleeping for 1s
2026-09-11T22:35:51+09:00 [openriak-entrypoint] monitor: Coordinator is healthy; sleeping for 1s
2026-09-11T22:36:12+09:00 [openriak-entrypoint] monitor: Coordinator is healthy; sleeping for 1s
2026-09-11T22:36:35+09:00 [openriak-entrypoint] monitor: Coordinator is healthy; sleeping for 1s
2026-09-11T22:36:54+09:00 [openriak-entrypoint] monitor: Coordinator is healthy; sleeping for 1s
2026-09-11T22:37:18+09:00 [openriak-entrypoint] monitor: Coordinator is healthy; sleeping for 1s
2026-09-11T22:37:38+09:00 [openriak-entrypoint] monitor: Coordinator is healthy; sleeping for 1s
2026-09-11T22:38:00+09:00 [openriak-entrypoint] monitor: Coordinator is healthy; sleeping for 1s
2026-09-11T22:38:25+09:00 [openriak-entrypoint] monitor: Coordinator is healthy; sleeping for 1s
2026-09-11T22:38:44+09:00 [openriak-entrypoint] monitor: Coordinator is healthy; sleeping for 1s
2026-09-11T22:39:06+09:00 [openriak-entrypoint] monitor: Coordinator is healthy; sleeping for 1s
2026-09-11T22:39:30+09:00 [openriak-entrypoint] monitor: Coordinator is healthy; sleeping for 1s
2026-09-11T22:39:49+09:00 [openriak-entrypoint] monitor: Coordinator is healthy; sleeping for 1s
2026-09-11T22:40:14+09:00 [openriak-entrypoint] monitor: Coordinator is healthy; sleeping for 1s
2026-09-11T22:40:33+09:00 [openriak-entrypoint] monitor: Coordinator is healthy; sleeping for 1s
2026-09-11T22:40:55+09:00 [openriak-entrypoint] monitor: Coordinator is healthy; sleeping for 1s
2026-09-11T22:41:18+09:00 [openriak-entrypoint] monitor: Coordinator is healthy; sleeping for 1s
2026-09-11T22:41:37+09:00 [openriak-entrypoint] monitor: Coordinator is healthy; sleeping for 1s
2026-09-11T22:42:01+09:00 [openriak-entrypoint] monitor: Coordinator is healthy; sleeping for 1s
2026-09-11T22:42:19+09:00 [openriak-entrypoint] monitor: Coordinator is healthy; sleeping for 1s
2026-09-11T22:42:40+09:00 [openriak-entrypoint] monitor: Coordinator is healthy; sleeping for 1s
2026-09-11T22:43:06+09:00 [openriak-entrypoint] monitor: Coordinator is healthy; sleeping for 1s

timeout_seconds: 3600
exit_code: 0
