$ /usr/bin/docker exec openriak-kv-3.4.0-ubuntu-noble-otp24-node-t-628945z sh -c 'date +%z
id -u riak
id -g riak
stat -c '"'"'%u:%g'"'"' /etc/riak /var/lib/riak /var/log/riak'
started: 2026-09-11T12:52:04Z
+0900
19001
19002
19001:19002
19001:19002
19001:19002

timeout_seconds: 3600
exit_code: 0
$ /usr/bin/docker container inspect openriak-kv-3.4.0-ubuntu-noble-otp24-node-t-628945z
started: 2026-09-11T12:52:04Z
[
    {
        "Id": "a47adff365b2d94f8aabd783497d9f70c0e1f570be9cf2fb17a78f75b8add296",
        "Created": "2026-09-11T12:49:52.916020563Z",
        "Path": "/usr/local/bin/openriak-entrypoint",
        "Args": [],
        "State": {
            "Status": "running",
            "Running": true,
            "Paused": false,
            "Restarting": false,
            "OOMKilled": false,
            "Dead": false,
            "Pid": 3962873,
            "ExitCode": 0,
            "Error": "",
            "StartedAt": "2026-09-11T12:49:52.939096207Z",
            "FinishedAt": "0001-01-01T00:00:00Z",
            "Health": {
                "Status": "healthy",
                "FailingStreak": 0,
                "Log": [
                    {
                        "Start": "2026-09-11T12:50:54.120506194Z",
                        "End": "2026-09-11T12:50:58.887167181Z",
                        "ExitCode": 1,
                        "Output": "OpenRiak healthcheck failed: riak ping did not return pong\n"
                    },
                    {
                        "Start": "2026-09-11T12:51:03.888574347Z",
                        "End": "2026-09-11T12:51:10.384330434Z",
                        "ExitCode": 0,
                        "Output": "OpenRiak healthcheck passed: BEAM is running and riak ping returned pong\n"
                    },
                    {
                        "Start": "2026-09-11T12:51:20.384975966Z",
                        "End": "2026-09-11T12:51:27.540046033Z",
                        "ExitCode": 0,
                        "Output": "OpenRiak healthcheck passed: BEAM is running and riak ping returned pong\n"
                    },
                    {
                        "Start": "2026-09-11T12:51:37.541466513Z",
                        "End": "2026-09-11T12:51:42.512584133Z",
                        "ExitCode": 0,
                        "Output": "OpenRiak healthcheck passed: BEAM is running and riak ping returned pong\n"
                    },
                    {
                        "Start": "2026-09-11T12:51:52.513168041Z",
                        "End": "2026-09-11T12:51:57.471282316Z",
                        "ExitCode": 0,
                        "Output": "OpenRiak healthcheck passed: BEAM is running and riak ping returned pong\n"
                    }
                ]
            }
        },
        "Image": "sha256:487b87460fa958f9feb1cf094a1732d5096516d15edbdb9b8e059c943f8e10c1",
        "ResolvConfPath": "/var/snap/docker/common/var-lib-docker/containers/a47adff365b2d94f8aabd783497d9f70c0e1f570be9cf2fb17a78f75b8add296/resolv.conf",
        "HostnamePath": "/var/snap/docker/common/var-lib-docker/containers/a47adff365b2d94f8aabd783497d9f70c0e1f570be9cf2fb17a78f75b8add296/hostname",
        "HostsPath": "/var/snap/docker/common/var-lib-docker/containers/a47adff365b2d94f8aabd783497d9f70c0e1f570be9cf2fb17a78f75b8add296/hosts",
        "LogPath": "/var/snap/docker/common/var-lib-docker/containers/a47adff365b2d94f8aabd783497d9f70c0e1f570be9cf2fb17a78f75b8add296/a47adff365b2d94f8aabd783497d9f70c0e1f570be9cf2fb17a78f75b8add296-json.log",
        "Name": "/openriak-kv-3.4.0-ubuntu-noble-otp24-node-t-628945z",
        "RestartCount": 0,
        "Driver": "overlay2",
        "Platform": "linux",
        "MountLabel": "",
        "ProcessLabel": "",
        "AppArmorProfile": "docker-default",
        "ExecIDs": null,
        "HostConfig": {
            "Binds": [
                "/home/peter/openriak-builds/tmp/openriak-docker-3.4.0-ubuntu-noble-otp24-wesn2xbk/openriak-kv-3.4.0-ubuntu-noble-otp24-node/config:/etc/riak:rw",
                "/home/peter/openriak-builds/tmp/openriak-docker-3.4.0-ubuntu-noble-otp24-wesn2xbk/openriak-kv-3.4.0-ubuntu-noble-otp24-node/data:/var/lib/riak:rw",
                "/home/peter/openriak-builds/tmp/openriak-docker-3.4.0-ubuntu-noble-otp24-wesn2xbk/openriak-kv-3.4.0-ubuntu-noble-otp24-node/logs:/var/log/riak:rw"
            ],
            "ContainerIDFile": "",
            "LogConfig": {
                "Type": "json-file",
                "Config": {
                    "max-file": "3",
                    "max-size": "10m"
                }
            },
            "NetworkMode": "openriak-kv-340-ubuntu-noble-otp24-node_openriak",
            "PortBindings": {},
            "RestartPolicy": {
                "Name": "no",
                "MaximumRetryCount": 0
            },
            "AutoRemove": false,
            "VolumeDriver": "",
            "VolumesFrom": null,
            "ConsoleSize": [
                0,
                0
            ],
            "CapAdd": null,
            "CapDrop": null,
            "CgroupnsMode": "private",
            "Dns": null,
            "DnsOptions": null,
            "DnsSearch": null,
            "ExtraHosts": [],
            "GroupAdd": null,
            "IpcMode": "private",
            "Cgroup": "",
            "Links": null,
            "OomScoreAdj": 0,
            "PidMode": "",
            "Privileged": false,
            "PublishAllPorts": false,
            "ReadonlyRootfs": false,
            "SecurityOpt": null,
            "UTSMode": "",
            "UsernsMode": "",
            "ShmSize": 67108864,
            "Runtime": "runc",
            "Isolation": "",
            "CpuShares": 0,
            "Memory": 0,
            "NanoCpus": 0,
            "CgroupParent": "",
            "BlkioWeight": 0,
            "BlkioWeightDevice": null,
            "BlkioDeviceReadBps": null,
            "BlkioDeviceWriteBps": null,
            "BlkioDeviceReadIOps": null,
            "BlkioDeviceWriteIOps": null,
            "CpuPeriod": 0,
            "CpuQuota": 0,
            "CpuRealtimePeriod": 0,
            "CpuRealtimeRuntime": 0,
            "CpusetCpus": "",
            "CpusetMems": "",
            "Devices": null,
            "DeviceCgroupRules": null,
            "DeviceRequests": null,
            "MemoryReservation": 0,
            "MemorySwap": 0,
            "MemorySwappiness": null,
            "OomKillDisable": null,
            "PidsLimit": null,
            "Ulimits": [
                {
                    "Name": "nofile",
                    "Hard": 100000,
                    "Soft": 100000
                }
            ],
            "CpuCount": 0,
            "CpuPercent": 0,
            "IOMaximumIOps": 0,
            "IOMaximumBandwidth": 0,
            "MaskedPaths": [
                "/proc/acpi",
                "/proc/asound",
                "/proc/interrupts",
                "/proc/kcore",
                "/proc/keys",
                "/proc/latency_stats",
                "/proc/sched_debug",
                "/proc/scsi",
                "/proc/timer_list",
                "/proc/timer_stats",
                "/sys/devices/virtual/powercap",
                "/sys/firmware",
                "/sys/devices/system/cpu/cpu0/thermal_throttle",
                "/sys/devices/system/cpu/cpu1/thermal_throttle",
                "/sys/devices/system/cpu/cpu2/thermal_throttle",
                "/sys/devices/system/cpu/cpu3/thermal_throttle"
            ],
            "ReadonlyPaths": [
                "/proc/bus",
                "/proc/fs",
                "/proc/irq",
                "/proc/sys",
                "/proc/sysrq-trigger"
            ]
        },
        "GraphDriver": {
            "Data": {
                "ID": "a47adff365b2d94f8aabd783497d9f70c0e1f570be9cf2fb17a78f75b8add296",
                "LowerDir": "/var/snap/docker/common/var-lib-docker/overlay2/aecb49fb18339abcba01ba93eed4a9b45cf8977c9529df6aa8be807b392718c8-init/diff:/var/snap/docker/common/var-lib-docker/overlay2/2a63165f370dd2f7ef9e8324444d2d0e8a48403f70b14a786b9a70b7916dfe19/diff:/var/snap/docker/common/var-lib-docker/overlay2/8318f4ba7d3ca4d9b88a1ba787faa72a04a4c6023003883236320ad0df1e08f9/diff:/var/snap/docker/common/var-lib-docker/overlay2/a8a9b8e4755701354b6219a06300c065e7b5aa07950bdb267d0ffbc941c9c8e0/diff:/var/snap/docker/common/var-lib-docker/overlay2/c997852f13b7b3c50ce644dd2ff7178d0298a80563279b6bd1dd156e039f268f/diff:/var/snap/docker/common/var-lib-docker/overlay2/b53d29658913a3ec634b902d2905f2237eac5ea300e3aa27445450744a3e85d7/diff",
                "MergedDir": "/var/snap/docker/common/var-lib-docker/overlay2/aecb49fb18339abcba01ba93eed4a9b45cf8977c9529df6aa8be807b392718c8/merged",
                "UpperDir": "/var/snap/docker/common/var-lib-docker/overlay2/aecb49fb18339abcba01ba93eed4a9b45cf8977c9529df6aa8be807b392718c8/diff",
                "WorkDir": "/var/snap/docker/common/var-lib-docker/overlay2/aecb49fb18339abcba01ba93eed4a9b45cf8977c9529df6aa8be807b392718c8/work"
            },
            "Name": "overlay2"
        },
        "Mounts": [
            {
                "Type": "bind",
                "Source": "/home/peter/openriak-builds/tmp/openriak-docker-3.4.0-ubuntu-noble-otp24-wesn2xbk/openriak-kv-3.4.0-ubuntu-noble-otp24-node/config",
                "Destination": "/etc/riak",
                "Mode": "rw",
                "RW": true,
                "Propagation": "rprivate"
            },
            {
                "Type": "bind",
                "Source": "/home/peter/openriak-builds/tmp/openriak-docker-3.4.0-ubuntu-noble-otp24-wesn2xbk/openriak-kv-3.4.0-ubuntu-noble-otp24-node/data",
                "Destination": "/var/lib/riak",
                "Mode": "rw",
                "RW": true,
                "Propagation": "rprivate"
            },
            {
                "Type": "bind",
                "Source": "/home/peter/openriak-builds/tmp/openriak-docker-3.4.0-ubuntu-noble-otp24-wesn2xbk/openriak-kv-3.4.0-ubuntu-noble-otp24-node/logs",
                "Destination": "/var/log/riak",
                "Mode": "rw",
                "RW": true,
                "Propagation": "rprivate"
            }
        ],
        "Config": {
            "Hostname": "node-01.cluster-a.openriak",
            "Domainname": "",
            "User": "",
            "AttachStdin": false,
            "AttachStdout": true,
            "AttachStderr": true,
            "ExposedPorts": {
                "8087/tcp": {},
                "8098/tcp": {}
            },
            "Tty": false,
            "OpenStdin": false,
            "StdinOnce": false,
            "Env": [
                "TZ=Asia/Tokyo",
                "RIAK_UID=19001",
                "RIAK_GID=19002",
                "RIAK_LOG_MAX_FILE_SIZE=2MB",
                "RIAK_LOG_MAX_FILES=4",
                "RIAK_NODE_HOST=node-01.cluster-a.openriak",
                "RIAK_DISTRIBUTED_COOKIE=openriak-fcf78cb1d7494b373b24e8d985697021",
                "RIAK_MONITOR_INTERVAL_SECONDS=1",
                "PATH=/usr/local/sbin:/usr/local/bin:/usr/sbin:/usr/bin:/sbin:/bin",
                "RIAK_NODE_NAME=",
                "RIAK_RING_SIZE=8",
                "RIAK_STORAGE_BACKEND=leveled",
                "RIAK_ANTI_ENTROPY=passive",
                "RIAK_TICTACAAE_ACTIVE=active",
                "RIAK_TICTACAAE_STOREHEADS=enabled",
                "RIAK_HTTP_LISTENER=0.0.0.0:8098",
                "RIAK_PB_LISTENER=0.0.0.0:8087",
                "RIAK_NOFILE_LIMIT=100000",
                "RIAK_INIT_ONLY=0",
                "RIAK_STARTUP_POLL_SECONDS=1",
                "RIAK_SHUTDOWN_POLL_SECONDS=1",
                "OPENRIAK_CLUSTER_MODE=single",
                "OPENRIAK_CLUSTER_CONTROL_DIR=/var/lib/openriak-cluster-control",
                "OPENRIAK_CLUSTER_POLL_SECONDS=1",
                "OPENRIAK_CLUSTER_WAIT_SECONDS=300",
                "role="
            ],
            "Cmd": null,
            "Healthcheck": {
                "Test": [
                    "CMD",
                    "/usr/local/bin/openriak-healthcheck"
                ],
                "Interval": 10000000000,
                "Timeout": 60000000000,
                "StartPeriod": 120000000000,
                "Retries": 3
            },
            "Image": "tiotjp/openriak-kv:test-3.4.0-ubuntu-noble-otp24-linux-arm64-20260911t124628.628945z",
            "Volumes": {
                "/etc/riak": {},
                "/var/lib/riak": {},
                "/var/log/riak": {}
            },
            "WorkingDir": "/",
            "Entrypoint": [
                "/usr/local/bin/openriak-entrypoint"
            ],
            "Labels": {
                "com.docker.compose.config-hash": "346adca86ed9af8c55edd5129e20b5cdf95cc7398364494c17d224c3c3411b3e",
                "com.docker.compose.container-number": "1",
                "com.docker.compose.depends_on": "",
                "com.docker.compose.image": "sha256:487b87460fa958f9feb1cf094a1732d5096516d15edbdb9b8e059c943f8e10c1",
                "com.docker.compose.oneoff": "False",
                "com.docker.compose.project": "openriak-kv-340-ubuntu-noble-otp24-node",
                "com.docker.compose.project.config_files": "/home/peter/openriak-builds/tmp/openriak-docker-3.4.0-ubuntu-noble-otp24-wesn2xbk/compose.single.test.yaml",
                "com.docker.compose.project.environment_file": "/home/peter/openriak-builds/tmp/openriak-docker-3.4.0-ubuntu-noble-otp24-wesn2xbk/.env.single",
                "com.docker.compose.project.working_dir": "/home/peter/openriak-builds/tmp/openriak-docker-3.4.0-ubuntu-noble-otp24-wesn2xbk",
                "com.docker.compose.service": "node",
                "com.docker.compose.version": "2.32.4",
                "org.opencontainers.image.description": "Package-backed OpenRiak KV with single-node and cluster startup support",
                "org.opencontainers.image.source": "https://github.com/TI-Tokyo/openriak-docs",
                "org.opencontainers.image.title": "OpenRiak KV",
                "org.opencontainers.image.url": "https://www.tiot.jp/",
                "org.opencontainers.image.vendor": "TI Tokyo",
                "org.opencontainers.image.version": "3.4.0",
                "org.openriak.image.tag": "tiotjp/openriak-kv:3.4.0-ubuntu-noble-otp24",
                "org.openriak.os.name": "ubuntu",
                "org.openriak.os.release": "noble",
                "org.openriak.os.version": "24.04",
                "org.openriak.otp.version": "24"
            },
            "StopSignal": "SIGTERM",
            "StopTimeout": 120
        },
        "NetworkSettings": {
            "SandboxID": "1326a2c23f7932fb64565d727e101d64cba288e8e86a0dc9fd95fe485fb560a3",
            "SandboxKey": "/run/snap.docker/netns/1326a2c23f79",
            "Ports": {
                "8087/tcp": null,
                "8098/tcp": null
            },
            "Networks": {
                "openriak-kv-340-ubuntu-noble-otp24-node_openriak": {
                    "IPAMConfig": {},
                    "Links": null,
                    "Aliases": [
                        "openriak-kv-3.4.0-ubuntu-noble-otp24-node-t-628945z",
                        "node",
                        "node-01.cluster-a.openriak"
                    ],
                    "DriverOpts": null,
                    "GwPriority": 0,
                    "NetworkID": "09e882c267fe317e27970ee000ed98bc9d0283b904c9a4701a3523d36d6fd4b1",
                    "EndpointID": "8c55b1170d2e06f3b7c4cbcab6427bf64202b81015c5cb3c4a7e7b4ee61b89ff",
                    "Gateway": "172.19.0.1",
                    "IPAddress": "172.19.0.2",
                    "MacAddress": "ea:fe:52:d6:61:f5",
                    "IPPrefixLen": 16,
                    "IPv6Gateway": "",
                    "GlobalIPv6Address": "",
                    "GlobalIPv6PrefixLen": 0,
                    "DNSNames": [
                        "openriak-kv-3.4.0-ubuntu-noble-otp24-node-t-628945z",
                        "node",
                        "node-01.cluster-a.openriak",
                        "a47adff365b2"
                    ]
                }
            }
        }
    }
]

timeout_seconds: 3600
exit_code: 0
$ /usr/bin/docker exec openriak-kv-3.4.0-ubuntu-noble-otp24-node-t-628945z sh -ec 'test ! -e /usr/bin/perl
test ! -e /usr/bin/python3
test -s /var/lib/dpkg/status
dpkg --compare-versions "$(dpkg-query -W -f='"'"'${Version}'"'"' libc6)" ge '"'"'2.39-0ubuntu8.9'"'"'
test ! -e /bin/tar
test ! -e /usr/bin/tar
'
started: 2026-09-11T12:52:04Z

timeout_seconds: 3600
exit_code: 0
