nohup: ignoring input
================================================================
Docker script started at 2026-09-07 00:18:10
Version:       3.4.0, 3.4.1
OS:            all
Architecture:  all
Namespace:     openriak
Vendor:        OpenRiak
Output:        docs cache
Docs updates:  enabled
Timeout:       1800s
Cluster nodes: 5
================================================================
[01/35] 2026-09-07 00:18:10 openriak/openriak-kv:3.4.0-alpine-3.21-otp24 (linux/amd64, linux/arm64)
        2026-09-07 00:18:10   Pulling alpine:3.21 for linux/amd64
        2026-09-07 00:18:12   Pulling alpine:3.21 for linux/arm64
        2026-09-07 00:18:14   Testing linux/amd64 (timeout 1800s per phase)
        2026-09-07 00:18:14     Creating Dockerfile, compose YAML files and .env for this run
        2026-09-07 00:18:14     Building image (timeout 1800s)
        2026-09-07 00:18:33     Testing single node (timeout 1800s)
        2026-09-07 00:19:07     Testing 5-node cluster (timeout 1800s)
Refresh stopped by operator; current test cleanup completed.
