================================================================
Docker script started at 2026-09-05 21:09:38
Version:       3.4.0, 3.4.1
OS:            fedora-36-x86_64
Architecture:  x86_64
Timeout:       1800s
Cluster nodes: 5
================================================================
[1/2] 2026-09-05 21:09:38 Refreshing openriak/openriak-kv:3.4.0-fedora-36-otp26-x86_64
[1/2] 2026-09-05 21:09:38   - Pulling and pinning base image (timeout 1800s)
[1/2] 2026-09-05 21:09:49   - Creating Dockerfile, compose YAML files and .env for this run
[1/2] 2026-09-05 21:09:49   - Building image (timeout 1800s)
[1/2] 2026-09-05 21:12:01   - FAILED (duration 135s)
[2/2] 2026-09-05 21:12:01 Refreshing openriak/openriak-kv:3.4.1-fedora-36-otp26-x86_64
[2/2] 2026-09-05 21:12:01   - Pulling and pinning base image (timeout 1800s)
[2/2] 2026-09-05 21:12:03   - Creating Dockerfile, compose YAML files and .env for this run
[2/2] 2026-09-05 21:12:03   - Building image (timeout 1800s)
[2/2] 2026-09-05 21:13:30   - FAILED (duration 83s)
================================================================
Docker script started at 2026-09-05 21:14:31
Version:       3.4.0, 3.4.1
OS:            fedora-36-x86_64
Architecture:  x86_64
Timeout:       1800s
Cluster nodes: 5
================================================================
[1/2] 2026-09-05 21:14:31 Refreshing openriak/openriak-kv:3.4.0-fedora-36-otp26-x86_64
[1/2] 2026-09-05 21:14:31   - Pulling and pinning base image (timeout 1800s)
[1/2] 2026-09-05 21:14:34   - Creating Dockerfile, compose YAML files and .env for this run
[1/2] 2026-09-05 21:14:34   - Building image (timeout 1800s)
[1/2] 2026-09-05 21:16:23   - FAILED (duration 106s)
[2/2] 2026-09-05 21:16:23 Refreshing openriak/openriak-kv:3.4.1-fedora-36-otp26-x86_64
[2/2] 2026-09-05 21:16:23   - Pulling and pinning base image (timeout 1800s)
[2/2] 2026-09-05 21:16:25   - Creating Dockerfile, compose YAML files and .env for this run
[2/2] 2026-09-05 21:16:26   - Building image (timeout 1800s)
[2/2] 2026-09-05 21:18:14   - FAILED (duration 103s)
