$ /usr/bin/docker buildx build --builder openriak-kv-multiarch --load --platform linux/amd64 --pull=false --no-cache --tag tiotjp/openriak-kv:test-3.4.1-fedora-43-otp26-linux-amd64-20260911t090627.273196z --file /home/peter/openriak-builds/openriak-distributed/openriak-docker-2026-09-11-b/living-room-b/20260911T084617.243958Z/results/3.4.1/3.4.1-fedora-43-otp26/platforms/linux-amd64/runs/20260911T090627.273196Z/Dockerfile /home/peter/openriak-builds/openriak-distributed/openriak-docker-2026-09-11-b/living-room-b/20260911T084617.243958Z/results/3.4.1/3.4.1-fedora-43-otp26/platforms/linux-amd64/runs/20260911T090627.273196Z
started: 2026-09-11T09:06:27Z
#0 building with "openriak-kv-multiarch" instance using docker-container driver

#1 [internal] load build definition from Dockerfile
#1 transferring dockerfile: 44.08kB done
#1 DONE 0.0s

#2 resolve image config for docker-image://docker.io/docker/dockerfile:1.7
#2 DONE 0.5s

#3 docker-image://docker.io/docker/dockerfile:1.7@sha256:a57df69d0ea827fb7266491f2813635de6f17269be881f696fbfdf2d83dda33e
#3 resolve docker.io/docker/dockerfile:1.7@sha256:a57df69d0ea827fb7266491f2813635de6f17269be881f696fbfdf2d83dda33e done
#3 CACHED

#4 [internal] load metadata for docker.io/library/fedora:43@sha256:a651ddf48ea28a06ed4e1e6519f51c9f47e7a5a138722ade87369b8fbb7e5b42
#4 DONE 1.2s

#5 [internal] load .dockerignore
#5 transferring context: 2B done
#5 DONE 0.0s

#6 [internal] preparing inline document
#6 CACHED

#7 [internal] preparing inline document
#7 CACHED

#8 [package-amd64 1/2] FROM docker.io/library/fedora:43@sha256:a651ddf48ea28a06ed4e1e6519f51c9f47e7a5a138722ade87369b8fbb7e5b42
#8 resolve docker.io/library/fedora:43@sha256:a651ddf48ea28a06ed4e1e6519f51c9f47e7a5a138722ade87369b8fbb7e5b42 done
#8 sha256:bc8941826c0ead5b46cf94a29978c726072f4a3f7304aa5d9a4240fe388cafcf 0B / 67.56MB 0.2s
#8 sha256:bc8941826c0ead5b46cf94a29978c726072f4a3f7304aa5d9a4240fe388cafcf 9.44MB / 67.56MB 0.3s
#8 sha256:bc8941826c0ead5b46cf94a29978c726072f4a3f7304aa5d9a4240fe388cafcf 20.97MB / 67.56MB 0.5s
#8 sha256:bc8941826c0ead5b46cf94a29978c726072f4a3f7304aa5d9a4240fe388cafcf 31.46MB / 67.56MB 0.6s
#8 ...

#9 [download-amd64 1/1] ADD --checksum=sha256:952f04a57622b160ef01d7aa15d3871924221766f1cd08dc74bf5ecd3ffbe9ea https://files.tiot.jp/riak/kv/3.4/3.4.1/rhel/9/riak-3.4.1.OTP26-1.el9.x86_64.rpm /riak-3.4.1.OTP26-1.el9.x86_64.rpm
#9 DONE 0.7s

#8 [package-amd64 1/2] FROM docker.io/library/fedora:43@sha256:a651ddf48ea28a06ed4e1e6519f51c9f47e7a5a138722ade87369b8fbb7e5b42
#8 sha256:bc8941826c0ead5b46cf94a29978c726072f4a3f7304aa5d9a4240fe388cafcf 47.19MB / 67.56MB 0.8s
#8 ...

#10 [download-amd64 1/1] ADD --checksum=sha256:952f04a57622b160ef01d7aa15d3871924221766f1cd08dc74bf5ecd3ffbe9ea https://files.tiot.jp/riak/kv/3.4/3.4.1/rhel/9/riak-3.4.1.OTP26-1.el9.x86_64.rpm /riak-3.4.1.OTP26-1.el9.x86_64.rpm
#10 DONE 0.0s

#8 [package-amd64 1/2] FROM docker.io/library/fedora:43@sha256:a651ddf48ea28a06ed4e1e6519f51c9f47e7a5a138722ade87369b8fbb7e5b42
#8 sha256:bc8941826c0ead5b46cf94a29978c726072f4a3f7304aa5d9a4240fe388cafcf 63.96MB / 67.56MB 0.9s
#8 sha256:bc8941826c0ead5b46cf94a29978c726072f4a3f7304aa5d9a4240fe388cafcf 67.56MB / 67.56MB 1.0s done
#8 extracting sha256:bc8941826c0ead5b46cf94a29978c726072f4a3f7304aa5d9a4240fe388cafcf
#8 extracting sha256:bc8941826c0ead5b46cf94a29978c726072f4a3f7304aa5d9a4240fe388cafcf 1.7s done
#8 DONE 2.7s

#11 [package-amd64 2/2] RUN --mount=type=bind,from=download-amd64,target=/opt/openriak-package,ro <<'OPENRIAK_PACKAGE_INSTALL' (set -eu...)
#11 0.106 Updating and loading repositories:
#11 3.105  Fedora 43 openh264 (From Cisco) - x86_ 100% |   1.9 KiB/s |   5.8 KiB |  00m03s
#11 3.443  Fedora 43 - x86_64 - Updates           100% |   8.9 MiB/s |  23.1 MiB |  00m03s
#11 4.982  Fedora 43 - x86_64                     100% |   7.6 MiB/s |  35.4 MiB |  00m05s
#11 9.145 Repositories loaded.
#11 11.27 Total size of inbound packages is 6 MiB. Need to download 6 MiB.
#11 11.27 After this operation, 424 KiB extra will be used (install 19 MiB, remove 18 MiB).
#11 11.27 Package                                  Arch   Version                     Repository                            Size
#11 11.27 Upgrading:
#11 11.27  ca-certificates                         noarch 2026.2.90_v9.0.317-1.fc43   updates                            2.7 MiB
#11 11.27    replacing ca-certificates             noarch 2025.2.80_v9.0.304-1.2.fc43 b19937cf82db4c2c8570d3daf4365919   2.7 MiB
#11 11.27  curl                                    x86_64 8.15.0-10.fc43              updates                          461.4 KiB
#11 11.27    replacing curl                        x86_64 8.15.0-8.fc43               b19937cf82db4c2c8570d3daf4365919 461.4 KiB
#11 11.27  elfutils-default-yama-scope             noarch 0.196-1.fc43                updates                            1.8 KiB
#11 11.27    replacing elfutils-default-yama-scope noarch 0.195-1.fc43                b19937cf82db4c2c8570d3daf4365919   1.8 KiB
#11 11.27  elfutils-libelf                         x86_64 0.196-1.fc43                updates                            1.4 MiB
#11 11.27    replacing elfutils-libelf             x86_64 0.195-1.fc43                b19937cf82db4c2c8570d3daf4365919   1.2 MiB
#11 11.27  elfutils-libs                           x86_64 0.196-1.fc43                updates                          695.4 KiB
#11 11.27    replacing elfutils-libs               x86_64 0.195-1.fc43                b19937cf82db4c2c8570d3daf4365919 691.5 KiB
#11 11.27  fedora-gpg-keys                         noarch 43-2                        updates                          259.0 KiB
#11 11.27    replacing fedora-gpg-keys             noarch 43-1                        ea0661eb48fb4368809d6b12b9f9e888 131.2 KiB
#11 11.27  fedora-repos                            noarch 43-2                        updates                            4.9 KiB
#11 11.27    replacing fedora-repos                noarch 43-1                        ea0661eb48fb4368809d6b12b9f9e888   4.9 KiB
#11 11.27  libcap-ng                               x86_64 0.9.5-1.fc43                updates                           68.8 KiB
#11 11.27    replacing libcap-ng                   x86_64 0.9.3-1.fc43                b19937cf82db4c2c8570d3daf4365919  69.0 KiB
#11 11.27  libcurl                                 x86_64 8.15.0-10.fc43              updates                          907.0 KiB
#11 11.27    replacing libcurl                     x86_64 8.15.0-8.fc43               b19937cf82db4c2c8570d3daf4365919 907.1 KiB
#11 11.27  libevent                                x86_64 2.1.13-1.fc43               updates                          884.4 KiB
#11 11.27    replacing libevent                    x86_64 2.1.12-16.fc43              ea0661eb48fb4368809d6b12b9f9e888 883.1 KiB
#11 11.27  libtirpc                                x86_64 1.3.7-1.rc1.fc43            updates                          200.3 KiB
#11 11.27    replacing libtirpc                    x86_64 1.3.7-1.fc43                b19937cf82db4c2c8570d3daf4365919 200.4 KiB
#11 11.27  openssl-libs                            x86_64 1:3.5.8-1.fc43              updates                            8.9 MiB
#11 11.27    replacing openssl-libs                x86_64 1:3.5.7-2.fc43              b19937cf82db4c2c8570d3daf4365919   8.9 MiB
#11 11.27  rpm-sequoia                             x86_64 1.10.3-1.fc43               updates                            2.4 MiB
#11 11.27    replacing rpm-sequoia                 x86_64 1.10.2-4.fc43               b19937cf82db4c2c8570d3daf4365919   2.4 MiB
#11 11.27 
#11 11.27 Transaction Summary:
#11 11.27  Upgrading:         13 packages
#11 11.27  Replacing:         13 packages
#11 11.27 
#11 11.40 [ 1/13] curl-0:8.15.0-10.fc43.x86_64    100% |   1.8 MiB/s | 226.6 KiB |  00m00s
#11 11.43 [ 2/13] libcurl-0:8.15.0-10.fc43.x86_64 100% |   2.6 MiB/s | 403.5 KiB |  00m00s
#11 11.46 [ 3/13] elfutils-default-yama-scope-0:0 100% | 179.9 KiB/s |  11.3 KiB |  00m00s
#11 11.48 [ 4/13] ca-certificates-0:2026.2.90_v9. 100% |   4.6 MiB/s | 973.1 KiB |  00m00s
#11 11.50 [ 5/13] elfutils-libelf-0:0.196-1.fc43. 100% |   3.3 MiB/s | 235.6 KiB |  00m00s
#11 11.51 [ 6/13] elfutils-libs-0:0.196-1.fc43.x8 100% |   5.7 MiB/s | 272.8 KiB |  00m00s
#11 11.52 [ 7/13] fedora-gpg-keys-0:43-2.noarch   100% |   5.1 MiB/s | 184.2 KiB |  00m00s
#11 11.52 [ 8/13] fedora-repos-0:43-2.noarch      100% | 422.8 KiB/s |   8.9 KiB |  00m00s
#11 11.53 [ 9/13] libcap-ng-0:0.9.5-1.fc43.x86_64 100% |   2.8 MiB/s |  34.0 KiB |  00m00s
#11 11.55 [10/13] libevent-0:2.1.13-1.fc43.x86_64 100% |   7.9 MiB/s | 259.5 KiB |  00m00s
#11 11.56 [11/13] libtirpc-0:1.3.7-1.rc1.fc43.x86 100% |   2.6 MiB/s |  94.9 KiB |  00m00s
#11 11.66 [12/13] rpm-sequoia-0:1.10.3-1.fc43.x86 100% |   9.1 MiB/s | 940.6 KiB |  00m00s
#11 11.67 [13/13] openssl-libs-1:3.5.8-1.fc43.x86 100% |  18.1 MiB/s |   2.6 MiB |  00m00s
#11 11.67 --------------------------------------------------------------------------------
#11 11.67 [13/13] Total                           100% |  15.5 MiB/s |   6.2 MiB |  00m00s
#11 11.67 Running transaction
#11 11.97 [ 1/28] Verify package files            100% | 232.0   B/s |  13.0   B |  00m00s
#11 11.98 [ 2/28] Prepare transaction             100% | 702.0   B/s |  26.0   B |  00m00s
#11 12.03 [ 3/28] Upgrading fedora-gpg-keys-0:43- 100% |   7.5 MiB/s | 355.0 KiB |  00m00s
#11 12.03 [ 4/28] Upgrading elfutils-libelf-0:0.1 100% | 179.9 MiB/s |   1.4 MiB |  00m00s
#11 12.08 [ 5/28] Upgrading elfutils-default-yama 100% | 102.1 KiB/s |   2.0 KiB |  00m00s
#11 13.97 [ 6/28] Upgrading ca-certificates-0:202 100% |   1.3 MiB/s |   2.5 MiB |  00m02s
#11 14.04 [ 7/28] Upgrading openssl-libs-1:3.5.8- 100% | 156.5 MiB/s |   8.9 MiB |  00m00s
#11 14.04 [ 8/28] Upgrading libcurl-0:8.15.0-10.f 100% | 110.9 MiB/s | 908.1 KiB |  00m00s
#11 14.07 [ 9/28] Upgrading curl-0:8.15.0-10.fc43 100% |  19.7 MiB/s | 463.9 KiB |  00m00s
#11 14.07 [10/28] Upgrading libevent-0:2.1.13-1.f 100% |  78.8 MiB/s | 888.2 KiB |  00m00s
#11 14.09 [11/28] Upgrading rpm-sequoia-0:1.10.3- 100% | 163.4 MiB/s |   2.5 MiB |  00m00s
#11 14.10 [12/28] Upgrading elfutils-libs-0:0.196 100% |  85.1 MiB/s | 697.2 KiB |  00m00s
#11 14.11 [13/28] Upgrading fedora-repos-0:43-2.n 100% |   1.4 MiB/s |   5.7 KiB |  00m00s
#11 14.11 [14/28] Upgrading libtirpc-0:1.3.7-1.rc 100% |  32.9 MiB/s | 202.3 KiB |  00m00s
#11 14.11 [15/28] Upgrading libcap-ng-0:0.9.5-1.f 100% |  17.2 MiB/s |  70.6 KiB |  00m00s
#11 14.12 [16/28] Removing elfutils-libs-0:0.195- 100% |   2.9 KiB/s |  12.0   B |  00m00s
#11 14.12 [17/28] Removing libevent-0:2.1.12-16.f 100% |   5.9 KiB/s |  24.0   B |  00m00s
#11 14.14 [18/28] Removing rpm-sequoia-0:1.10.2-4 100% | 692.0   B/s |   9.0   B |  00m00s
#11 14.15 [19/28] Removing curl-0:8.15.0-8.fc43.x 100% |   1.3 KiB/s |  17.0   B |  00m00s
#11 14.15 [20/28] Removing fedora-repos-0:43-1.no 100% |   4.9 KiB/s |   5.0   B |  00m00s
#11 14.15 [21/28] Removing fedora-gpg-keys-0:43-1 100% | 148.9 KiB/s | 305.0   B |  00m00s
#11 14.16 [22/28] Removing elfutils-default-yama- 100% |   1.0 KiB/s |   1.0   B |  00m00s
#11 14.16 [23/28] Removing libcurl-0:8.15.0-8.fc4 100% |   2.3 KiB/s |   7.0   B |  00m00s
#11 14.18 [24/28] Removing openssl-libs-1:3.5.7-2 100% |   2.2 KiB/s |  39.0   B |  00m00s
#11 14.20 [25/28] Removing ca-certificates-0:2025 100% |  54.5 KiB/s | 781.0   B |  00m00s
#11 14.21 [26/28] Removing elfutils-libelf-0:0.19 100% |   1.1 KiB/s |  15.0   B |  00m00s
#11 14.21 [27/28] Removing libtirpc-0:1.3.7-1.fc4 100% |   4.6 KiB/s |  14.0   B |  00m00s
#11 16.29 [28/28] Removing libcap-ng-0:0.9.3-1.fc 100% |   5.0   B/s |  12.0   B |  00m02s
#11 16.29 Complete!
#11 16.34 Updating and loading repositories:
#11 17.02 Repositories loaded.
#11 17.21 Package "bash-5.3.0-2.fc43.x86_64" is already installed.
#11 17.21 Package "ca-certificates-2026.2.90_v9.0.317-1.fc43.noarch" is already installed.
#11 17.21 Package "glibc-2.42-16.fc43.x86_64" is already installed.
#11 17.21 Package "libgcc-15.3.1-1.fc43.x86_64" is already installed.
#11 17.21 Package "libstdc++-15.3.1-1.fc43.x86_64" is already installed.
#11 17.21 Package "ncurses-libs-6.5-7.20250614.fc43.x86_64" is already installed.
#11 17.21 Package "openssl-libs-1:3.5.8-1.fc43.x86_64" is already installed.
#11 17.21 Package "pam-1.7.1-5.fc43.x86_64" is already installed.
#11 17.21 Package "shadow-utils-2:4.18.0-3.fc43.x86_64" is already installed.
#11 17.21 Package "sudo-1.9.17-7.p2.fc43.x86_64" is already installed.
#11 17.21 Package "zlib-ng-compat-2.3.3-2.fc43.x86_64" is already installed.
#11 17.21 Package "tzdata-2026c-1.fc43.noarch" is already installed.
#11 17.21 
#11 17.21 Total size of inbound packages is 2 MiB. Need to download 2 MiB.
#11 17.21 After this operation, 5 MiB extra will be used (install 5 MiB, remove 0 B).
#11 17.21 Package      Arch   Version        Repository      Size
#11 17.21 Installing:
#11 17.21  hostname    x86_64 3.25-3.fc43    fedora      41.4 KiB
#11 17.21  procps-ng   x86_64 4.0.4-7.fc43.1 updates      1.0 MiB
#11 17.21  util-linux  x86_64 2.41.5-1.fc43  updates      3.5 MiB
#11 17.21 Installing dependencies:
#11 17.21  libfdisk    x86_64 2.41.5-1.fc43  updates    380.3 KiB
#11 17.21  liblastlog2 x86_64 2.41.5-1.fc43  updates     37.6 KiB
#11 17.21 
#11 17.21 Transaction Summary:
#11 17.21  Installing:         5 packages
#11 17.21 
#11 18.28 [1/5] hostname-0:3.25-3.fc43.x86_64     100% |   1.1 MiB/s |  27.5 KiB |  00m00s
#11 18.39 [2/5] libfdisk-0:2.41.5-1.fc43.x86_64   100% |   1.4 MiB/s | 162.3 KiB |  00m00s
#11 18.40 [3/5] procps-ng-0:4.0.4-7.fc43.1.x86_64 100% |   2.4 MiB/s | 364.4 KiB |  00m00s
#11 18.40 [4/5] liblastlog2-0:2.41.5-1.fc43.x86_6 100% |   1.8 MiB/s |  23.8 KiB |  00m00s
#11 18.53 [5/5] util-linux-0:2.41.5-1.fc43.x86_64 100% |   4.3 MiB/s |   1.2 MiB |  00m00s
#11 18.53 --------------------------------------------------------------------------------
#11 18.53 [5/5] Total                             100% |   1.3 MiB/s |   1.8 MiB |  00m01s
#11 18.53 Running transaction
#11 18.66 [1/7] Verify package files              100% | 312.0   B/s |   5.0   B |  00m00s
#11 18.67 [2/7] Prepare transaction               100% | 200.0   B/s |   5.0   B |  00m00s
#11 18.68 [3/7] Installing liblastlog2-0:2.41.5-1 100% |   3.0 MiB/s |  39.5 KiB |  00m00s
#11 18.72 [4/7] Installing libfdisk-0:2.41.5-1.fc 100% |  53.2 MiB/s | 381.4 KiB |  00m00s
#11 18.81 [5/7] Installing util-linux-0:2.41.5-1. 100% |  33.3 MiB/s |   3.6 MiB |  00m00s
#11 18.83 [6/7] Installing procps-ng-0:4.0.4-7.fc 100% |  28.1 MiB/s |   1.0 MiB |  00m00s
#11 18.88 [7/7] Installing hostname-0:3.25-3.fc43 100% | 853.1 KiB/s |  44.4 KiB |  00m00s
#11 18.88 Complete!
#11 18.94 Removed 18 files, 11 directories (total of 105 MiB). 0 errors occurred.
#11 18.96 Verifying...                          ########################################
#11 19.22 Preparing...                          ########################################
#11 19.27 Updating / installing...
#11 19.27 riak-3.4.1.OTP26-1.el9                ########################################
#11 DONE 19.9s

#12 [final 1/4] RUN <<'OPENRIAK_IMAGE_SETUP' (set -eu...)
#12 0.089 uid=999(riak) gid=999(riak) groups=999(riak)
#12 DONE 0.1s

#13 [final 2/4] COPY <<OPENRIAK_ENTRYPOINT /usr/local/bin/openriak-entrypoint
#13 DONE 0.0s

#14 [final 3/4] COPY <<OPENRIAK_HEALTHCHECK /usr/local/bin/openriak-healthcheck
#14 DONE 0.0s

#15 [final 4/4] RUN <<'OPENRIAK_SCRIPT_SETUP' (set -eu...)
#15 DONE 0.1s

#16 exporting to docker image format
#16 exporting layers
#16 exporting layers 3.1s done
#16 exporting manifest sha256:76d9f82c83b4d258abdca0735a0646837c80a4187f2d5e12f4915e7c3dd0ceb6 done
#16 exporting config sha256:bea792a9f837aba4a25d483a2796b4932041be4ef3a8527f9918ac32914b5700 done
#16 sending tarball
#16 sending tarball 3.0s done
#16 DONE 6.2s

#17 importing to docker
#17 loading layer 3f71dd9ea01e 47.85MB / 47.85MB 2.1s done
#17 loading layer e4f31ed7e1be 23.62kB / 23.62kB 0.4s done
#17 loading layer b080aad1bd60 7.70kB / 7.70kB 0.3s done
#17 loading layer b554d0b23658 387B / 387B 0.2s done
#17 loading layer 78a285afaa28 7.87kB / 7.87kB 0.1s done
#17 DONE 2.1s

timeout_seconds: 3600
exit_code: 0
