$ /usr/bin/docker compose --env-file /home/peter/openriak-builds/tmp/openriak-docker-3.4.0-centos-9-otp26-7oolixd4/.env.cluster --project-directory /home/peter/openriak-builds/tmp/openriak-docker-3.4.0-centos-9-otp26-7oolixd4 --file /home/peter/openriak-builds/tmp/openriak-docker-3.4.0-centos-9-otp26-7oolixd4/compose.cluster.test.yaml up --detach --no-build
started: 2026-09-11T14:58:51Z
 Network openriak-kv-340-centos-9-otp26-node-cluster_openriak  Creating
 Network openriak-kv-340-centos-9-otp26-node-cluster_openriak  Created
 Container openriak-kv-3.4.0-centos-9-otp26-node-3-t-249850z  Creating
 Container openriak-kv-3.4.0-centos-9-otp26-node-5-t-249850z  Creating
 Container openriak-kv-3.4.0-centos-9-otp26-node-4-t-249850z  Creating
 Container openriak-kv-3.4.0-centos-9-otp26-node-2-t-249850z  Creating
 Container openriak-kv-3.4.0-centos-9-otp26-node-1-t-249850z  Creating
 Container openriak-kv-3.4.0-centos-9-otp26-node-3-t-249850z  Created
 Container openriak-kv-3.4.0-centos-9-otp26-node-4-t-249850z  Created
 Container openriak-kv-3.4.0-centos-9-otp26-node-1-t-249850z  Created
 Container openriak-kv-3.4.0-centos-9-otp26-node-5-t-249850z  Created
 Container openriak-kv-3.4.0-centos-9-otp26-node-2-t-249850z  Created
 Container openriak-kv-3.4.0-centos-9-otp26-node-5-t-249850z  Starting
 Container openriak-kv-3.4.0-centos-9-otp26-node-2-t-249850z  Starting
 Container openriak-kv-3.4.0-centos-9-otp26-node-4-t-249850z  Starting
 Container openriak-kv-3.4.0-centos-9-otp26-node-1-t-249850z  Starting
 Container openriak-kv-3.4.0-centos-9-otp26-node-3-t-249850z  Starting
 Container openriak-kv-3.4.0-centos-9-otp26-node-2-t-249850z  Started
 Container openriak-kv-3.4.0-centos-9-otp26-node-5-t-249850z  Started
 Container openriak-kv-3.4.0-centos-9-otp26-node-1-t-249850z  Started
 Container openriak-kv-3.4.0-centos-9-otp26-node-4-t-249850z  Started
 Container openriak-kv-3.4.0-centos-9-otp26-node-3-t-249850z  Started

timeout_seconds: 3600
exit_code: 0
