$ /usr/bin/docker exec openriak-kv-3.4.0-centos-9-otp26-node-2-t-249850z sh -c 'date +%z
id -u riak
id -g riak
stat -c '"'"'%u:%g'"'"' /etc/riak /var/lib/riak /var/log/riak'
started: 2026-09-11T15:02:10Z
+0900
19001
19002
19001:19002
19001:19002
19001:19002

timeout_seconds: 3600
exit_code: 0
$ /usr/bin/docker container inspect openriak-kv-3.4.0-centos-9-otp26-node-2-t-249850z
started: 2026-09-11T15:02:10Z
[
    {
        "Id": "6c08f356f80b05bde7039ec8c8dbb3db595d064eb014a88f103e827ee66dd4c5",
        "Created": "2026-09-11T14:58:52.040696715Z",
        "Path": "/usr/local/bin/openriak-entrypoint",
        "Args": [],
        "State": {
            "Status": "running",
            "Running": true,
            "Paused": false,
            "Restarting": false,
            "OOMKilled": false,
            "Dead": false,
            "Pid": 458455,
            "ExitCode": 0,
            "Error": "",
            "StartedAt": "2026-09-11T14:58:52.282857522Z",
            "FinishedAt": "0001-01-01T00:00:00Z",
            "Health": {
                "Status": "healthy",
                "FailingStreak": 0,
                "Log": [
                    {
                        "Start": "2026-09-11T15:01:24.761925461Z",
                        "End": "2026-09-11T15:01:25.928963486Z",
                        "ExitCode": 0,
                        "Output": "OpenRiak healthcheck passed: BEAM is running and riak ping returned pong\n"
                    },
                    {
                        "Start": "2026-09-11T15:01:35.930146016Z",
                        "End": "2026-09-11T15:01:37.067321382Z",
                        "ExitCode": 0,
                        "Output": "OpenRiak healthcheck passed: BEAM is running and riak ping returned pong\n"
                    },
                    {
                        "Start": "2026-09-11T15:01:47.068748776Z",
                        "End": "2026-09-11T15:01:47.721191612Z",
                        "ExitCode": 0,
                        "Output": "OpenRiak healthcheck passed: BEAM is running and riak ping returned pong\n"
                    },
                    {
                        "Start": "2026-09-11T15:01:57.722533096Z",
                        "End": "2026-09-11T15:01:58.431137745Z",
                        "ExitCode": 0,
                        "Output": "OpenRiak healthcheck passed: BEAM is running and riak ping returned pong\n"
                    },
                    {
                        "Start": "2026-09-11T15:02:08.432188377Z",
                        "End": "2026-09-11T15:02:09.045630624Z",
                        "ExitCode": 0,
                        "Output": "OpenRiak healthcheck passed: BEAM is running and riak ping returned pong\n"
                    }
                ]
            }
        },
        "Image": "sha256:48d0b950f1d365f3e53f5552c3622a9bd1b249b26f754e4f9994f9c93b5c1bc8",
        "ResolvConfPath": "/var/snap/docker/common/var-lib-docker/containers/6c08f356f80b05bde7039ec8c8dbb3db595d064eb014a88f103e827ee66dd4c5/resolv.conf",
        "HostnamePath": "/var/snap/docker/common/var-lib-docker/containers/6c08f356f80b05bde7039ec8c8dbb3db595d064eb014a88f103e827ee66dd4c5/hostname",
        "HostsPath": "/var/snap/docker/common/var-lib-docker/containers/6c08f356f80b05bde7039ec8c8dbb3db595d064eb014a88f103e827ee66dd4c5/hosts",
        "LogPath": "/var/snap/docker/common/var-lib-docker/containers/6c08f356f80b05bde7039ec8c8dbb3db595d064eb014a88f103e827ee66dd4c5/6c08f356f80b05bde7039ec8c8dbb3db595d064eb014a88f103e827ee66dd4c5-json.log",
        "Name": "/openriak-kv-3.4.0-centos-9-otp26-node-2-t-249850z",
        "RestartCount": 0,
        "Driver": "overlay2",
        "Platform": "linux",
        "MountLabel": "",
        "ProcessLabel": "",
        "AppArmorProfile": "docker-default",
        "ExecIDs": null,
        "HostConfig": {
            "Binds": [
                "/home/peter/openriak-builds/tmp/openriak-docker-3.4.0-centos-9-otp26-7oolixd4/openriak-kv-3.4.0-centos-9-otp26-node-2/config:/etc/riak:rw",
                "/home/peter/openriak-builds/tmp/openriak-docker-3.4.0-centos-9-otp26-7oolixd4/openriak-kv-3.4.0-centos-9-otp26-node-2/data:/var/lib/riak:rw",
                "/home/peter/openriak-builds/tmp/openriak-docker-3.4.0-centos-9-otp26-7oolixd4/openriak-kv-3.4.0-centos-9-otp26-node-2/logs:/var/log/riak:rw",
                "/home/peter/openriak-builds/tmp/openriak-docker-3.4.0-centos-9-otp26-7oolixd4/openriak-kv-3.4.0-centos-9-otp26-node-cluster-control:/var/lib/openriak-cluster-control:rw"
            ],
            "ContainerIDFile": "",
            "LogConfig": {
                "Type": "json-file",
                "Config": {
                    "max-file": "3",
                    "max-size": "10m"
                }
            },
            "NetworkMode": "openriak-kv-340-centos-9-otp26-node-cluster_openriak",
            "PortBindings": {},
            "RestartPolicy": {
                "Name": "no",
                "MaximumRetryCount": 0
            },
            "AutoRemove": false,
            "VolumeDriver": "",
            "VolumesFrom": null,
            "ConsoleSize": [
                0,
                0
            ],
            "CapAdd": null,
            "CapDrop": null,
            "CgroupnsMode": "private",
            "Dns": null,
            "DnsOptions": null,
            "DnsSearch": null,
            "ExtraHosts": [],
            "GroupAdd": null,
            "IpcMode": "private",
            "Cgroup": "",
            "Links": null,
            "OomScoreAdj": 0,
            "PidMode": "",
            "Privileged": false,
            "PublishAllPorts": false,
            "ReadonlyRootfs": false,
            "SecurityOpt": null,
            "UTSMode": "",
            "UsernsMode": "",
            "ShmSize": 67108864,
            "Runtime": "runc",
            "Isolation": "",
            "CpuShares": 0,
            "Memory": 0,
            "NanoCpus": 0,
            "CgroupParent": "",
            "BlkioWeight": 0,
            "BlkioWeightDevice": null,
            "BlkioDeviceReadBps": null,
            "BlkioDeviceWriteBps": null,
            "BlkioDeviceReadIOps": null,
            "BlkioDeviceWriteIOps": null,
            "CpuPeriod": 0,
            "CpuQuota": 0,
            "CpuRealtimePeriod": 0,
            "CpuRealtimeRuntime": 0,
            "CpusetCpus": "",
            "CpusetMems": "",
            "Devices": null,
            "DeviceCgroupRules": null,
            "DeviceRequests": null,
            "MemoryReservation": 0,
            "MemorySwap": 0,
            "MemorySwappiness": null,
            "OomKillDisable": null,
            "PidsLimit": null,
            "Ulimits": [
                {
                    "Name": "nofile",
                    "Hard": 100000,
                    "Soft": 100000
                }
            ],
            "CpuCount": 0,
            "CpuPercent": 0,
            "IOMaximumIOps": 0,
            "IOMaximumBandwidth": 0,
            "MaskedPaths": [
                "/proc/acpi",
                "/proc/asound",
                "/proc/interrupts",
                "/proc/kcore",
                "/proc/keys",
                "/proc/latency_stats",
                "/proc/sched_debug",
                "/proc/scsi",
                "/proc/timer_list",
                "/proc/timer_stats",
                "/sys/devices/virtual/powercap",
                "/sys/firmware",
                "/sys/devices/system/cpu/cpu0/thermal_throttle",
                "/sys/devices/system/cpu/cpu1/thermal_throttle",
                "/sys/devices/system/cpu/cpu2/thermal_throttle",
                "/sys/devices/system/cpu/cpu3/thermal_throttle"
            ],
            "ReadonlyPaths": [
                "/proc/bus",
                "/proc/fs",
                "/proc/irq",
                "/proc/sys",
                "/proc/sysrq-trigger"
            ]
        },
        "GraphDriver": {
            "Data": {
                "ID": "6c08f356f80b05bde7039ec8c8dbb3db595d064eb014a88f103e827ee66dd4c5",
                "LowerDir": "/var/snap/docker/common/var-lib-docker/overlay2/00f6015e2b7654298267abe57ada91e7e6824bc31629a542b0aa5671e5741a92-init/diff:/var/snap/docker/common/var-lib-docker/overlay2/9c9fc8f37f91ea8877dfdd71d8ca399eac39d9ca3934ad25cb3d77e7a01de510/diff:/var/snap/docker/common/var-lib-docker/overlay2/6dda8d677d2e992275cf86fc26be42f9c2195b87922be00cf36c5b196ac2d89c/diff:/var/snap/docker/common/var-lib-docker/overlay2/a004068d05dbeb9d89edc78512e443adb2a8fc1de377b70cf1da85e62e44ac58/diff:/var/snap/docker/common/var-lib-docker/overlay2/946021c0de907e928a59326a26d5371517c412c30eba801f96f67d68e5102455/diff:/var/snap/docker/common/var-lib-docker/overlay2/d6783d0f4baea3b2c722cf3f0d46700202ddf0ac0719592f05a4aba6fbbe8541/diff",
                "MergedDir": "/var/snap/docker/common/var-lib-docker/overlay2/00f6015e2b7654298267abe57ada91e7e6824bc31629a542b0aa5671e5741a92/merged",
                "UpperDir": "/var/snap/docker/common/var-lib-docker/overlay2/00f6015e2b7654298267abe57ada91e7e6824bc31629a542b0aa5671e5741a92/diff",
                "WorkDir": "/var/snap/docker/common/var-lib-docker/overlay2/00f6015e2b7654298267abe57ada91e7e6824bc31629a542b0aa5671e5741a92/work"
            },
            "Name": "overlay2"
        },
        "Mounts": [
            {
                "Type": "bind",
                "Source": "/home/peter/openriak-builds/tmp/openriak-docker-3.4.0-centos-9-otp26-7oolixd4/openriak-kv-3.4.0-centos-9-otp26-node-2/config",
                "Destination": "/etc/riak",
                "Mode": "rw",
                "RW": true,
                "Propagation": "rprivate"
            },
            {
                "Type": "bind",
                "Source": "/home/peter/openriak-builds/tmp/openriak-docker-3.4.0-centos-9-otp26-7oolixd4/openriak-kv-3.4.0-centos-9-otp26-node-2/data",
                "Destination": "/var/lib/riak",
                "Mode": "rw",
                "RW": true,
                "Propagation": "rprivate"
            },
            {
                "Type": "bind",
                "Source": "/home/peter/openriak-builds/tmp/openriak-docker-3.4.0-centos-9-otp26-7oolixd4/openriak-kv-3.4.0-centos-9-otp26-node-2/logs",
                "Destination": "/var/log/riak",
                "Mode": "rw",
                "RW": true,
                "Propagation": "rprivate"
            },
            {
                "Type": "bind",
                "Source": "/home/peter/openriak-builds/tmp/openriak-docker-3.4.0-centos-9-otp26-7oolixd4/openriak-kv-3.4.0-centos-9-otp26-node-cluster-control",
                "Destination": "/var/lib/openriak-cluster-control",
                "Mode": "rw",
                "RW": true,
                "Propagation": "rprivate"
            }
        ],
        "Config": {
            "Hostname": "node-02.cluster-a.openriak",
            "Domainname": "",
            "User": "",
            "AttachStdin": false,
            "AttachStdout": true,
            "AttachStderr": true,
            "ExposedPorts": {
                "8087/tcp": {},
                "8098/tcp": {}
            },
            "Tty": false,
            "OpenStdin": false,
            "StdinOnce": false,
            "Env": [
                "OPENRIAK_CLUSTER_POLL_SECONDS=1",
                "RIAK_GID=19002",
                "OPENRIAK_CLUSTER_MODE=cluster",
                "RIAK_LOG_MAX_FILE_SIZE=2MB",
                "RIAK_UID=19001",
                "RIAK_LOG_MAX_FILES=4",
                "OPENRIAK_CLUSTER_WAIT_SECONDS=3600",
                "TZ=Asia/Tokyo",
                "RIAK_MONITOR_INTERVAL_SECONDS=1",
                "RIAK_DISTRIBUTED_COOKIE=openriak-4d35a1646c9252cda4183edf00e04577",
                "RIAK_NODE_HOST=node-02.cluster-a.openriak",
                "PATH=/usr/local/sbin:/usr/local/bin:/usr/sbin:/usr/bin:/sbin:/bin",
                "RIAK_NODE_NAME=",
                "RIAK_RING_SIZE=8",
                "RIAK_STORAGE_BACKEND=leveled",
                "RIAK_ANTI_ENTROPY=passive",
                "RIAK_TICTACAAE_ACTIVE=active",
                "RIAK_TICTACAAE_STOREHEADS=enabled",
                "RIAK_HTTP_LISTENER=0.0.0.0:8098",
                "RIAK_PB_LISTENER=0.0.0.0:8087",
                "RIAK_NOFILE_LIMIT=100000",
                "RIAK_INIT_ONLY=0",
                "RIAK_STARTUP_POLL_SECONDS=1",
                "RIAK_SHUTDOWN_POLL_SECONDS=1",
                "OPENRIAK_CLUSTER_CONTROL_DIR=/var/lib/openriak-cluster-control",
                "role="
            ],
            "Cmd": null,
            "Healthcheck": {
                "Test": [
                    "CMD",
                    "/usr/local/bin/openriak-healthcheck"
                ],
                "Interval": 10000000000,
                "Timeout": 60000000000,
                "StartPeriod": 120000000000,
                "Retries": 3
            },
            "Image": "tiotjp/openriak-kv:test-3.4.0-centos-9-otp26-linux-amd64-20260911t145748.249850z",
            "Volumes": {
                "/etc/riak": {},
                "/var/lib/riak": {},
                "/var/log/riak": {}
            },
            "WorkingDir": "/",
            "Entrypoint": [
                "/usr/local/bin/openriak-entrypoint"
            ],
            "Labels": {
                "com.docker.compose.config-hash": "c116f3e5319ef2c30b91cb747c84bd4958fe21e13d3b1f076551dd4670e755a0",
                "com.docker.compose.container-number": "1",
                "com.docker.compose.depends_on": "",
                "com.docker.compose.image": "sha256:48d0b950f1d365f3e53f5552c3622a9bd1b249b26f754e4f9994f9c93b5c1bc8",
                "com.docker.compose.oneoff": "False",
                "com.docker.compose.project": "openriak-kv-340-centos-9-otp26-node-cluster",
                "com.docker.compose.project.config_files": "/home/peter/openriak-builds/tmp/openriak-docker-3.4.0-centos-9-otp26-7oolixd4/compose.cluster.test.yaml",
                "com.docker.compose.project.environment_file": "/home/peter/openriak-builds/tmp/openriak-docker-3.4.0-centos-9-otp26-7oolixd4/.env.cluster",
                "com.docker.compose.project.working_dir": "/home/peter/openriak-builds/tmp/openriak-docker-3.4.0-centos-9-otp26-7oolixd4",
                "com.docker.compose.service": "node2",
                "com.docker.compose.version": "2.32.4",
                "org.opencontainers.image.description": "Package-backed OpenRiak KV with single-node and cluster startup support",
                "org.opencontainers.image.source": "https://github.com/TI-Tokyo/openriak-docs",
                "org.opencontainers.image.title": "OpenRiak KV",
                "org.opencontainers.image.url": "https://www.tiot.jp/",
                "org.opencontainers.image.vendor": "TI Tokyo",
                "org.opencontainers.image.version": "3.4.0",
                "org.openriak.image.tag": "tiotjp/openriak-kv:3.4.0-centos-9-otp26",
                "org.openriak.os.name": "centos",
                "org.openriak.os.release": "9",
                "org.openriak.os.version": "9",
                "org.openriak.otp.version": "26"
            },
            "StopSignal": "SIGTERM",
            "StopTimeout": 120
        },
        "NetworkSettings": {
            "SandboxID": "c0e85e5177cbcf50497fd49a09b3167678988987c650a8d337afece608ef3314",
            "SandboxKey": "/run/snap.docker/netns/c0e85e5177cb",
            "Ports": {
                "8087/tcp": null,
                "8098/tcp": null
            },
            "Networks": {
                "openriak-kv-340-centos-9-otp26-node-cluster_openriak": {
                    "IPAMConfig": {},
                    "Links": null,
                    "Aliases": [
                        "openriak-kv-3.4.0-centos-9-otp26-node-2-t-249850z",
                        "node2",
                        "node-02.cluster-a.openriak"
                    ],
                    "DriverOpts": null,
                    "GwPriority": 0,
                    "NetworkID": "c014980d27b4c7bb625590898c5d16d287ec50d8872a56194c86bd29a7a23326",
                    "EndpointID": "fdcdc6a19cf25126dc7285aebf5aa8637f7f9c95f6c7d958d650b35bc42bfbb2",
                    "Gateway": "172.19.0.1",
                    "IPAddress": "172.19.0.2",
                    "MacAddress": "f6:51:e0:ca:ae:4d",
                    "IPPrefixLen": 16,
                    "IPv6Gateway": "",
                    "GlobalIPv6Address": "",
                    "GlobalIPv6PrefixLen": 0,
                    "DNSNames": [
                        "openriak-kv-3.4.0-centos-9-otp26-node-2-t-249850z",
                        "node2",
                        "node-02.cluster-a.openriak",
                        "6c08f356f80b"
                    ]
                }
            }
        }
    }
]

timeout_seconds: 3600
exit_code: 0
$ /usr/bin/docker exec openriak-kv-3.4.0-centos-9-otp26-node-2-t-249850z sh -ec 'for name in python python3 perl pip pip3 dnf yum microdnf rpm
do
    if command -v "$name" >/dev/null 2>&1
    then
        echo "Unexpected runtime command: $name" >&2
        exit 1
    fi
done
if find /usr /opt -type f \( -iname '"'"'*python*'"'"' -o -iname '"'"'*setuptools*'"'"' -o -name perl \) | grep .
then
    echo '"'"'Unexpected interpreter files'"'"' >&2
    exit 1
fi
test -s /usr/share/openriak-build/runtime-packages.txt
test -s /etc/os-release
'
started: 2026-09-11T15:02:10Z

timeout_seconds: 3600
exit_code: 0
