$ /usr/bin/docker compose --env-file /home/peter/openriak-builds/tmp/openriak-docker-3.4.0-centos-9-otp26-7oolixd4/.env.cluster --project-directory /home/peter/openriak-builds/tmp/openriak-docker-3.4.0-centos-9-otp26-7oolixd4 --file /home/peter/openriak-builds/tmp/openriak-docker-3.4.0-centos-9-otp26-7oolixd4/compose.cluster.test.yaml down --remove-orphans --timeout 120
started: 2026-09-11T15:02:23Z
 Container openriak-kv-3.4.0-centos-9-otp26-node-5-t-249850z  Stopping
 Container openriak-kv-3.4.0-centos-9-otp26-node-3-t-249850z  Stopping
 Container openriak-kv-3.4.0-centos-9-otp26-node-2-t-249850z  Stopping
 Container openriak-kv-3.4.0-centos-9-otp26-node-1-t-249850z  Stopping
 Container openriak-kv-3.4.0-centos-9-otp26-node-4-t-249850z  Stopping
 Container openriak-kv-3.4.0-centos-9-otp26-node-2-t-249850z  Stopped
 Container openriak-kv-3.4.0-centos-9-otp26-node-1-t-249850z  Stopped
 Container openriak-kv-3.4.0-centos-9-otp26-node-1-t-249850z  Removing
 Container openriak-kv-3.4.0-centos-9-otp26-node-4-t-249850z  Stopped
 Container openriak-kv-3.4.0-centos-9-otp26-node-4-t-249850z  Removing
 Container openriak-kv-3.4.0-centos-9-otp26-node-2-t-249850z  Removing
 Container openriak-kv-3.4.0-centos-9-otp26-node-5-t-249850z  Stopped
 Container openriak-kv-3.4.0-centos-9-otp26-node-5-t-249850z  Removing
 Container openriak-kv-3.4.0-centos-9-otp26-node-3-t-249850z  Stopped
 Container openriak-kv-3.4.0-centos-9-otp26-node-3-t-249850z  Removing
 Container openriak-kv-3.4.0-centos-9-otp26-node-4-t-249850z  Removed
 Container openriak-kv-3.4.0-centos-9-otp26-node-3-t-249850z  Removed
 Container openriak-kv-3.4.0-centos-9-otp26-node-1-t-249850z  Removed
 Container openriak-kv-3.4.0-centos-9-otp26-node-2-t-249850z  Removed
 Container openriak-kv-3.4.0-centos-9-otp26-node-5-t-249850z  Removed
 Network openriak-kv-340-centos-9-otp26-node-cluster_openriak  Removing
 Network openriak-kv-340-centos-9-otp26-node-cluster_openriak  Removed

timeout_seconds: 3600
exit_code: 0
