$ /usr/bin/docker buildx build --builder openriak-kv-multiarch --load --platform linux/amd64 --pull=false --no-cache --tag tiotjp/openriak-kv:test-3.4.0-centos-9-otp26-linux-amd64-20260911t145748.249850z --file /home/peter/openriak-builds/openriak-distributed/openriak-docker-2026-09-11-b/living-room-b/20260911T084617.243958Z/results/3.4.0/3.4.0-centos-9-otp26/platforms/linux-amd64/runs/20260911T145748.249850Z/Dockerfile /home/peter/openriak-builds/openriak-distributed/openriak-docker-2026-09-11-b/living-room-b/20260911T084617.243958Z/results/3.4.0/3.4.0-centos-9-otp26/platforms/linux-amd64/runs/20260911T145748.249850Z
started: 2026-09-11T14:57:48Z
#0 building with "openriak-kv-multiarch" instance using docker-container driver

#1 [internal] load build definition from Dockerfile
#1 transferring dockerfile: 43.84kB done
#1 DONE 0.0s

#2 resolve image config for docker-image://docker.io/docker/dockerfile:1.7
#2 DONE 0.2s

#3 docker-image://docker.io/docker/dockerfile:1.7@sha256:a57df69d0ea827fb7266491f2813635de6f17269be881f696fbfdf2d83dda33e
#3 resolve docker.io/docker/dockerfile:1.7@sha256:a57df69d0ea827fb7266491f2813635de6f17269be881f696fbfdf2d83dda33e 0.0s done
#3 CACHED

#4 [internal] load metadata for quay.io/centos/centos:stream9@sha256:7d3c87ab567add60d0153a6a17bc10d0f19cd982a2d533724298ebd1ee751eab
#4 DONE 0.6s

#5 [internal] load .dockerignore
#5 transferring context: 2B done
#5 DONE 0.0s

#6 [download-amd64 1/1] ADD --checksum=sha256:72c02db420dc5a0cde5c27a2bd1813fc74e56b663f1167b9b7a0795fae5bfc77 https://files.tiot.jp/riak/kv/3.4/3.4.0/rhel/9/riak-3.4.0.OTP26-1.el9.x86_64.rpm /riak-3.4.0.OTP26-1.el9.x86_64.rpm
#6 CACHED

#7 [internal] preparing inline document
#7 CACHED

#8 [internal] preparing inline document
#8 CACHED

#9 [install-amd64 1/2] FROM quay.io/centos/centos:stream9@sha256:7d3c87ab567add60d0153a6a17bc10d0f19cd982a2d533724298ebd1ee751eab
#9 resolve quay.io/centos/centos:stream9@sha256:7d3c87ab567add60d0153a6a17bc10d0f19cd982a2d533724298ebd1ee751eab done
#9 CACHED

#10 [download-amd64 1/1] ADD --checksum=sha256:72c02db420dc5a0cde5c27a2bd1813fc74e56b663f1167b9b7a0795fae5bfc77 https://files.tiot.jp/riak/kv/3.4/3.4.0/rhel/9/riak-3.4.0.OTP26-1.el9.x86_64.rpm /riak-3.4.0.OTP26-1.el9.x86_64.rpm
#10 DONE 0.0s

#11 [install-amd64 2/2] RUN --mount=type=bind,from=download-amd64,target=/opt/openriak-package,ro <<'OPENRIAK_PACKAGE_INSTALL' (set -eu...)
#11 0.660 CentOS Stream 9 - BaseOS                         21 MB/s | 8.9 MB     00:00    
#11 2.611 CentOS Stream 9 - AppStream                      44 MB/s |  28 MB     00:00    
#11 8.894 CentOS Stream 9 - Extras packages                49 kB/s |  22 kB     00:00    
#11 10.02 Dependencies resolved.
#11 10.03 ================================================================================
#11 10.03  Package                  Arch     Version                       Repo      Size
#11 10.03 ================================================================================
#11 10.03 Installing:
#11 10.03  bash                     x86_64   5.1.8-9.el9                   baseos   1.7 M
#11 10.03  ca-certificates          noarch   2026.2.90_v9.0.316-90.0.el9   baseos   1.0 M
#11 10.03  centos-stream-release    noarch   9.0-38.el9                    baseos    24 k
#11 10.03  coreutils                x86_64   8.32-43.el9                   baseos   1.2 M
#11 10.03  findutils                x86_64   1:4.8.0-7.el9                 baseos   547 k
#11 10.03  gawk                     x86_64   5.1.0-7.el9                   baseos   1.0 M
#11 10.03  glibc                    x86_64   2.34-277.el9                  baseos   2.0 M
#11 10.03  glibc-minimal-langpack   x86_64   2.34-277.el9                  baseos    23 k
#11 10.03  grep                     x86_64   3.6-5.el9                     baseos   269 k
#11 10.03  hostname                 x86_64   3.23-6.el9                    baseos    29 k
#11 10.03  libgcc                   x86_64   11.5.0-15.el9                 baseos    84 k
#11 10.03  libstdc++                x86_64   11.5.0-15.el9                 baseos   744 k
#11 10.03  ncurses-libs             x86_64   6.2-12.20210508.el9           baseos   328 k
#11 10.03  openssl-libs             x86_64   1:3.5.8-1.el9                 baseos   2.3 M
#11 10.03  pam                      x86_64   1.5.1-30.el9                  baseos   624 k
#11 10.03  procps-ng                x86_64   3.3.17-15.el9                 baseos   345 k
#11 10.03  sed                      x86_64   4.8-10.el9                    baseos   303 k
#11 10.03  shadow-utils             x86_64   2:4.9-17.el9                  baseos   1.2 M
#11 10.03  sudo                     x86_64   1.9.17p2-4.el9                baseos   1.3 M
#11 10.03  tzdata                   noarch   2026c-1.el9                   baseos   905 k
#11 10.03  util-linux               x86_64   2.37.4-27.el9                 baseos   2.3 M
#11 10.03  zlib                     x86_64   1.2.11-41.el9                 baseos    91 k
#11 10.03 Installing dependencies:
#11 10.03  alternatives             x86_64   1.24-2.el9                    baseos    39 k
#11 10.03  audit-libs               x86_64   3.1.5-9.el9                   baseos   120 k
#11 10.03  basesystem               noarch   11-13.el9                     baseos   3.9 k
#11 10.03  bzip2-libs               x86_64   1.0.8-11.el9                  baseos    39 k
#11 10.03  centos-gpg-keys          noarch   9.0-38.el9                    baseos    24 k
#11 10.03  centos-stream-repos      noarch   9.0-38.el9                    baseos   8.9 k
#11 10.03  coreutils-common         x86_64   8.32-43.el9                   baseos   2.0 M
#11 10.03  cracklib                 x86_64   2.9.6-28.el9                  baseos    93 k
#11 10.03  cracklib-dicts           x86_64   2.9.6-28.el9                  baseos   3.6 M
#11 10.03  crypto-policies          noarch   20260714-1.git65b74f7.el9     baseos    89 k
#11 10.03  cyrus-sasl-lib           x86_64   2.1.27-21.el9                 baseos   769 k
#11 10.03  filesystem               x86_64   3.16-5.el9                    baseos   4.8 M
#11 10.03  gdbm-libs                x86_64   1:1.23-1.el9                  baseos    56 k
#11 10.03  glibc-common             x86_64   2.34-277.el9                  baseos   307 k
#11 10.03  gmp                      x86_64   1:6.2.0-13.el9                baseos   315 k
#11 10.03  gzip                     x86_64   1.12-2.el9                    baseos   161 k
#11 10.03  keyutils-libs            x86_64   1.6.3-1.el9                   baseos    32 k
#11 10.03  krb5-libs                x86_64   1.21.1-10.el9                 baseos   765 k
#11 10.03  libacl                   x86_64   2.4.0-2.el9                   baseos    24 k
#11 10.03  libattr                  x86_64   2.6.0-2.el9                   baseos    17 k
#11 10.03  libblkid                 x86_64   2.37.4-27.el9                 baseos   105 k
#11 10.03  libcap                   x86_64   2.48-10.el9                   baseos    70 k
#11 10.03  libcap-ng                x86_64   0.8.2-7.el9                   baseos    33 k
#11 10.03  libcom_err               x86_64   1.46.5-8.el9                  baseos    26 k
#11 10.03  libdb                    x86_64   5.3.28-57.el9                 baseos   735 k
#11 10.03  libeconf                 x86_64   0.4.1-7.el9                   baseos    26 k
#11 10.03  libevent                 x86_64   2.1.12-8.el9                  baseos   262 k
#11 10.03  libfdisk                 x86_64   2.37.4-27.el9                 baseos   151 k
#11 10.03  libffi                   x86_64   3.4.2-8.el9                   baseos    38 k
#11 10.03  libgcrypt                x86_64   1.10.0-13.el9                 baseos   505 k
#11 10.03  libgpg-error             x86_64   1.42-5.el9                    baseos   216 k
#11 10.03  libmount                 x86_64   2.37.4-27.el9                 baseos   132 k
#11 10.03  libpwquality             x86_64   1.4.4-8.el9                   baseos   119 k
#11 10.03  libselinux               x86_64   3.6-4.el9                     baseos    84 k
#11 10.03  libsemanage              x86_64   3.6-5.el9                     baseos   118 k
#11 10.03  libsepol                 x86_64   3.6-3.el9                     baseos   329 k
#11 10.03  libsigsegv               x86_64   2.13-4.el9                    baseos    27 k
#11 10.03  libsmartcols             x86_64   2.37.4-27.el9                 baseos    60 k
#11 10.03  libtasn1                 x86_64   4.16.0-10.el9                 baseos    73 k
#11 10.03  libtool-ltdl             x86_64   2.4.6-46.el9                  baseos    36 k
#11 10.03  libutempter              x86_64   1.2.1-6.el9                   baseos    27 k
#11 10.03  libuuid                  x86_64   2.37.4-27.el9                 baseos    25 k
#11 10.03  libverto                 x86_64   0.3.2-3.el9                   baseos    22 k
#11 10.03  libxcrypt                x86_64   4.4.18-3.el9                  baseos   116 k
#11 10.03  libzstd                  x86_64   1.5.5-1.el9                   baseos   295 k
#11 10.03  lz4-libs                 x86_64   1.9.3-5.el9                   baseos    68 k
#11 10.03  mpfr                     x86_64   4.1.0-10.el9                  baseos   324 k
#11 10.03  ncurses-base             noarch   6.2-12.20210508.el9           baseos    95 k
#11 10.03  openldap                 x86_64   2.6.13-1.el9                  baseos   285 k
#11 10.03  openssl                  x86_64   1:3.5.8-1.el9                 baseos   1.5 M
#11 10.03  openssl-fips-provider    x86_64   1:3.5.8-1.el9                 baseos   812 k
#11 10.03  p11-kit                  x86_64   0.26.4-1.el9                  baseos   609 k
#11 10.03  p11-kit-trust            x86_64   0.26.4-1.el9                  baseos   156 k
#11 10.03  pcre                     x86_64   8.44-4.el9                    baseos   197 k
#11 10.03  pcre2                    x86_64   10.40-6.el9                   baseos   234 k
#11 10.03  pcre2-syntax             noarch   10.40-6.el9                   baseos   141 k
#11 10.03  readline                 x86_64   8.1-4.el9                     baseos   212 k
#11 10.03  setup                    noarch   2.13.7-10.el9                 baseos   146 k
#11 10.03  systemd-libs             x86_64   252-78.el9                    baseos   642 k
#11 10.03  util-linux-core          x86_64   2.37.4-27.el9                 baseos   456 k
#11 10.03  xz-libs                  x86_64   5.2.5-8.el9                   baseos    93 k
#11 10.03 
#11 10.03 Transaction Summary
#11 10.03 ================================================================================
#11 10.03 Install  83 Packages
#11 10.03 
#11 10.04 Total download size: 41 M
#11 10.04 Installed size: 115 M
#11 10.04 Downloading Packages:
#11 10.67 (1/83): basesystem-11-13.el9.noarch.rpm          90 kB/s | 3.9 kB     00:00    
#11 10.68 (2/83): alternatives-1.24-2.el9.x86_64.rpm      711 kB/s |  39 kB     00:00    
#11 10.71 (3/83): audit-libs-3.1.5-9.el9.x86_64.rpm       1.5 MB/s | 120 kB     00:00    
#11 10.71 (4/83): bzip2-libs-1.0.8-11.el9.x86_64.rpm      1.4 MB/s |  39 kB     00:00    
#11 10.72 (5/83): centos-gpg-keys-9.0-38.el9.noarch.rpm   1.9 MB/s |  24 kB     00:00    
#11 10.74 (6/83): centos-stream-release-9.0-38.el9.noarch 1.9 MB/s |  24 kB     00:00    
#11 10.75 (7/83): centos-stream-repos-9.0-38.el9.noarch.r 715 kB/s | 8.9 kB     00:00    
#11 10.87 (8/83): ca-certificates-2026.2.90_v9.0.316-90.0 6.1 MB/s | 1.0 MB     00:00    
#11 10.97 (9/83): coreutils-8.32-43.el9.x86_64.rpm        5.3 MB/s | 1.2 MB     00:00    
#11 10.99 (10/83): cracklib-2.9.6-28.el9.x86_64.rpm       6.3 MB/s |  93 kB     00:00    
#11 11.01 (11/83): coreutils-common-8.32-43.el9.x86_64.rp  15 MB/s | 2.0 MB     00:00    
#11 11.03 (12/83): bash-5.1.8-9.el9.x86_64.rpm            4.7 MB/s | 1.7 MB     00:00    
#11 11.03 (13/83): crypto-policies-20260714-1.git65b74f7. 4.4 MB/s |  89 kB     00:00    
#11 11.09 (14/83): cyrus-sasl-lib-2.1.27-21.el9.x86_64.rp  12 MB/s | 769 kB     00:00    
#11 11.14 (15/83): findutils-4.8.0-7.el9.x86_64.rpm        12 MB/s | 547 kB     00:00    
#11 11.20 (16/83): gawk-5.1.0-7.el9.x86_64.rpm             18 MB/s | 1.0 MB     00:00    
#11 11.21 (17/83): cracklib-dicts-2.9.6-28.el9.x86_64.rpm  16 MB/s | 3.6 MB     00:00    
#11 11.21 (18/83): gdbm-libs-1.23-1.el9.x86_64.rpm        3.1 MB/s |  56 kB     00:00    
#11 11.24 (19/83): filesystem-3.16-5.el9.x86_64.rpm        24 MB/s | 4.8 MB     00:00    
#11 11.24 (20/83): glibc-common-2.34-277.el9.x86_64.rpm    12 MB/s | 307 kB     00:00    
#11 11.25 (21/83): glibc-minimal-langpack-2.34-277.el9.x8 1.9 MB/s |  23 kB     00:00    
#11 11.26 (22/83): gmp-6.2.0-13.el9.x86_64.rpm             14 MB/s | 315 kB     00:00    
#11 11.27 (23/83): grep-3.6-5.el9.x86_64.rpm               14 MB/s | 269 kB     00:00    
#11 11.28 (24/83): gzip-1.12-2.el9.x86_64.rpm              12 MB/s | 161 kB     00:00    
#11 11.28 (25/83): hostname-3.23-6.el9.x86_64.rpm         2.1 MB/s |  29 kB     00:00    
#11 11.29 (26/83): keyutils-libs-1.6.3-1.el9.x86_64.rpm   2.4 MB/s |  32 kB     00:00    
#11 11.31 (27/83): glibc-2.34-277.el9.x86_64.rpm           21 MB/s | 2.0 MB     00:00    
#11 11.31 (28/83): libacl-2.4.0-2.el9.x86_64.rpm          1.3 MB/s |  24 kB     00:00    
#11 11.32 (29/83): krb5-libs-1.21.1-10.el9.x86_64.rpm      17 MB/s | 765 kB     00:00    
#11 11.32 (30/83): libattr-2.6.0-2.el9.x86_64.rpm         1.0 MB/s |  17 kB     00:00    
#11 11.33 (31/83): libblkid-2.37.4-27.el9.x86_64.rpm      5.8 MB/s | 105 kB     00:00    
#11 11.34 (32/83): libcap-2.48-10.el9.x86_64.rpm          4.5 MB/s |  70 kB     00:00    
#11 11.34 (33/83): libcap-ng-0.8.2-7.el9.x86_64.rpm       1.9 MB/s |  33 kB     00:00    
#11 11.34 (34/83): libcom_err-1.46.5-8.el9.x86_64.rpm     1.6 MB/s |  26 kB     00:00    
#11 11.35 (35/83): libeconf-0.4.1-7.el9.x86_64.rpm        2.2 MB/s |  26 kB     00:00    
#11 11.37 (36/83): libevent-2.1.12-8.el9.x86_64.rpm        11 MB/s | 262 kB     00:00    
#11 11.37 (37/83): libfdisk-2.37.4-27.el9.x86_64.rpm      9.1 MB/s | 151 kB     00:00    
#11 11.38 (38/83): libdb-5.3.28-57.el9.x86_64.rpm          21 MB/s | 735 kB     00:00    
#11 11.38 (39/83): libgcc-11.5.0-15.el9.x86_64.rpm        7.2 MB/s |  84 kB     00:00    
#11 11.39 (40/83): libffi-3.4.2-8.el9.x86_64.rpm          2.3 MB/s |  38 kB     00:00    
#11 11.40 (41/83): libgcrypt-1.10.0-13.el9.x86_64.rpm      21 MB/s | 505 kB     00:00    
#11 11.40 (42/83): libmount-2.37.4-27.el9.x86_64.rpm      7.3 MB/s | 132 kB     00:00    
#11 11.41 (43/83): libgpg-error-1.42-5.el9.x86_64.rpm     9.6 MB/s | 216 kB     00:00    
#11 11.42 (44/83): libpwquality-1.4.4-8.el9.x86_64.rpm    7.4 MB/s | 119 kB     00:00    
#11 11.42 (45/83): libselinux-3.6-4.el9.x86_64.rpm        5.3 MB/s |  84 kB     00:00    
#11 11.42 (46/83): libsemanage-3.6-5.el9.x86_64.rpm       7.2 MB/s | 118 kB     00:00    
#11 11.43 (47/83): libsigsegv-2.13-4.el9.x86_64.rpm       2.0 MB/s |  27 kB     00:00    
#11 11.44 (48/83): libsmartcols-2.37.4-27.el9.x86_64.rpm  4.8 MB/s |  60 kB     00:00    
#11 11.44 (49/83): libsepol-3.6-3.el9.x86_64.rpm           14 MB/s | 329 kB     00:00    
#11 11.45 (50/83): libtasn1-4.16.0-10.el9.x86_64.rpm      5.1 MB/s |  73 kB     00:00    
#11 11.46 (51/83): libtool-ltdl-2.4.6-46.el9.x86_64.rpm   2.6 MB/s |  36 kB     00:00    
#11 11.46 (52/83): libstdc++-11.5.0-15.el9.x86_64.rpm      27 MB/s | 744 kB     00:00    
#11 11.46 (53/83): libutempter-1.2.1-6.el9.x86_64.rpm     2.0 MB/s |  27 kB     00:00    
#11 11.47 (54/83): libuuid-2.37.4-27.el9.x86_64.rpm       2.2 MB/s |  25 kB     00:00    
#11 11.48 (55/83): libxcrypt-4.4.18-3.el9.x86_64.rpm      7.6 MB/s | 116 kB     00:00    
#11 11.49 (56/83): libzstd-1.5.5-1.el9.x86_64.rpm          13 MB/s | 295 kB     00:00    
#11 11.49 (57/83): libverto-0.3.2-3.el9.x86_64.rpm        722 kB/s |  22 kB     00:00    
#11 11.49 (58/83): lz4-libs-1.9.3-5.el9.x86_64.rpm        4.4 MB/s |  68 kB     00:00    
#11 11.51 (59/83): ncurses-base-6.2-12.20210508.el9.noarc 6.3 MB/s |  95 kB     00:00    
#11 11.51 (60/83): mpfr-4.1.0-10.el9.x86_64.rpm            14 MB/s | 324 kB     00:00    
#11 11.52 (61/83): ncurses-libs-6.2-12.20210508.el9.x86_6  14 MB/s | 328 kB     00:00    
#11 11.53 (62/83): openldap-2.6.13-1.el9.x86_64.rpm        12 MB/s | 285 kB     00:00    
#11 11.58 (63/83): openssl-3.5.8-1.el9.x86_64.rpm          23 MB/s | 1.5 MB     00:00    
#11 11.59 (64/83): openssl-fips-provider-3.5.8-1.el9.x86_  11 MB/s | 812 kB     00:00    
#11 11.60 (65/83): p11-kit-trust-0.26.4-1.el9.x86_64.rpm   11 MB/s | 156 kB     00:00    
#11 11.61 (66/83): openssl-libs-3.5.8-1.el9.x86_64.rpm     29 MB/s | 2.3 MB     00:00    
#11 11.62 (67/83): p11-kit-0.26.4-1.el9.x86_64.rpm         14 MB/s | 609 kB     00:00    
#11 11.63 (68/83): pcre-8.44-4.el9.x86_64.rpm              13 MB/s | 197 kB     00:00    
#11 11.65 (69/83): pam-1.5.1-30.el9.x86_64.rpm             13 MB/s | 624 kB     00:00    
#11 11.65 (70/83): pcre2-syntax-10.40-6.el9.noarch.rpm    6.4 MB/s | 141 kB     00:00    
#11 11.67 (71/83): readline-8.1-4.el9.x86_64.rpm           10 MB/s | 212 kB     00:00    
#11 11.68 (72/83): procps-ng-3.3.17-15.el9.x86_64.rpm      11 MB/s | 345 kB     00:00    
#11 11.69 (73/83): sed-4.8-10.el9.x86_64.rpm               20 MB/s | 303 kB     00:00    
#11 11.69 (74/83): pcre2-10.40-6.el9.x86_64.rpm           3.2 MB/s | 234 kB     00:00    
#11 11.70 (75/83): setup-2.13.7-10.el9.noarch.rpm         7.2 MB/s | 146 kB     00:00    
#11 11.73 (76/83): shadow-utils-4.9-17.el9.x86_64.rpm      30 MB/s | 1.2 MB     00:00    
#11 11.76 (77/83): tzdata-2026c-1.el9.noarch.rpm           31 MB/s | 905 kB     00:00    
#11 11.81 (78/83): util-linux-2.37.4-27.el9.x86_64.rpm     39 MB/s | 2.3 MB     00:00    
#11 11.83 (79/83): util-linux-core-2.37.4-27.el9.x86_64.r  27 MB/s | 456 kB     00:00    
#11 11.84 (80/83): xz-libs-5.2.5-8.el9.x86_64.rpm         6.4 MB/s |  93 kB     00:00    
#11 11.86 (81/83): zlib-1.2.11-41.el9.x86_64.rpm          6.0 MB/s |  91 kB     00:00    
#11 12.03 (82/83): sudo-1.9.17p2-4.el9.x86_64.rpm         4.0 MB/s | 1.3 MB     00:00    
#11 12.44 (83/83): systemd-libs-252-78.el9.x86_64.rpm     872 kB/s | 642 kB     00:00    
#11 12.44 --------------------------------------------------------------------------------
#11 12.44 Total                                            17 MB/s |  41 MB     00:02     
#11 12.46 CentOS Stream 9 - BaseOS                        1.6 MB/s | 1.6 kB     00:00    
#11 12.53 Importing GPG key 0x8483C65D:
#11 12.53  Userid     : "CentOS (CentOS Official Signing Key) <security@centos.org>"
#11 12.53  Fingerprint: 99DB 70FA E1D7 CE22 7FB6 4882 05B5 55B3 8483 C65D
#11 12.53  From       : /etc/pki/rpm-gpg/RPM-GPG-KEY-centosofficial
#11 12.53 Key imported successfully
#11 13.66 Running transaction check
#11 13.72 Transaction check succeeded.
#11 13.72 Running transaction test
#11 14.59 Transaction test succeeded.
#11 14.59 Running transaction
#11 15.17   Running scriptlet: filesystem-3.16-5.el9.x86_64                           1/1 
#11 15.53   Preparing        :                                                        1/1 
#11 15.69   Installing       : tzdata-2026c-1.el9.noarch                             1/83 
#11 15.70   Installing       : pcre2-syntax-10.40-6.el9.noarch                       2/83 
#11 15.72   Installing       : ncurses-base-6.2-12.20210508.el9.noarch               3/83 
#11 15.74   Installing       : coreutils-common-8.32-43.el9.x86_64                   4/83 
#11 15.75   Installing       : centos-gpg-keys-9.0-38.el9.noarch                     5/83 
#11 15.75   Installing       : centos-stream-repos-9.0-38.el9.noarch                 6/83 
#11 15.75   Installing       : centos-stream-release-9.0-38.el9.noarch               7/83 
#11 15.76   Installing       : setup-2.13.7-10.el9.noarch                            8/83 
#11 15.76   Running scriptlet: setup-2.13.7-10.el9.noarch                            8/83 
#11 15.82   Installing       : filesystem-3.16-5.el9.x86_64                          9/83 
#11 15.87   Installing       : basesystem-11-13.el9.noarch                          10/83 
#11 15.88   Installing       : ncurses-libs-6.2-12.20210508.el9.x86_64              11/83 
#11 15.91   Installing       : bash-5.1.8-9.el9.x86_64                              12/83 
#11 15.91   Running scriptlet: bash-5.1.8-9.el9.x86_64                              12/83 
#11 15.91   Installing       : libgcc-11.5.0-15.el9.x86_64                          13/83 
#11 15.91   Running scriptlet: libgcc-11.5.0-15.el9.x86_64                          13/83 
#11 15.92   Installing       : glibc-minimal-langpack-2.34-277.el9.x86_64           14/83 
#11 15.93   Installing       : glibc-common-2.34-277.el9.x86_64                     15/83 
#11 15.93   Running scriptlet: glibc-2.34-277.el9.x86_64                            16/83 
#11 15.97   Installing       : glibc-2.34-277.el9.x86_64                            16/83 
#11 15.98   Running scriptlet: glibc-2.34-277.el9.x86_64                            16/83 
#11 16.61   Installing       : libuuid-2.37.4-27.el9.x86_64                         17/83 
#11 16.62   Installing       : libxcrypt-4.4.18-3.el9.x86_64                        18/83 
#11 16.62   Installing       : zlib-1.2.11-41.el9.x86_64                            19/83 
#11 16.63   Installing       : gmp-1:6.2.0-13.el9.x86_64                            20/83 
#11 16.63   Installing       : libacl-2.4.0-2.el9.x86_64                            21/83 
#11 16.64   Installing       : libattr-2.6.0-2.el9.x86_64                           22/83 
#11 16.64   Installing       : libcap-2.48-10.el9.x86_64                            23/83 
#11 16.65   Installing       : libcap-ng-0.8.2-7.el9.x86_64                         24/83 
#11 16.65   Installing       : audit-libs-3.1.5-9.el9.x86_64                        25/83 
#11 16.65   Installing       : libcom_err-1.46.5-8.el9.x86_64                       26/83 
#11 16.66   Installing       : libffi-3.4.2-8.el9.x86_64                            27/83 
#11 16.67   Installing       : libsepol-3.6-3.el9.x86_64                            28/83 
#11 16.67   Installing       : libsigsegv-2.13-4.el9.x86_64                         29/83 
#11 16.67   Installing       : libsmartcols-2.37.4-27.el9.x86_64                    30/83 
#11 16.68   Installing       : libtasn1-4.16.0-10.el9.x86_64                        31/83 
#11 16.69   Installing       : p11-kit-0.26.4-1.el9.x86_64                          32/83 
#11 16.70   Installing       : readline-8.1-4.el9.x86_64                            33/83 
#11 16.72   Installing       : crypto-policies-20260714-1.git65b74f7.el9.noarch     34/83 
#11 16.72   Running scriptlet: crypto-policies-20260714-1.git65b74f7.el9.noarch     34/83 
#11 16.73   Installing       : mpfr-4.1.0-10.el9.x86_64                             35/83 
#11 16.74   Installing       : gawk-5.1.0-7.el9.x86_64                              36/83 
#11 16.75   Installing       : alternatives-1.24-2.el9.x86_64                       37/83 
#11 16.75   Installing       : p11-kit-trust-0.26.4-1.el9.x86_64                    38/83 
#11 16.76   Running scriptlet: p11-kit-trust-0.26.4-1.el9.x86_64                    38/83 
#11 17.08   Installing       : bzip2-libs-1.0.8-11.el9.x86_64                       39/83 
#11 17.08   Installing       : gdbm-libs-1:1.23-1.el9.x86_64                        40/83 
#11 17.08   Installing       : keyutils-libs-1.6.3-1.el9.x86_64                     41/83 
#11 17.10   Installing       : libdb-5.3.28-57.el9.x86_64                           42/83 
#11 17.10   Installing       : libeconf-0.4.1-7.el9.x86_64                          43/83 
#11 17.11   Installing       : libgpg-error-1.42-5.el9.x86_64                       44/83 
#11 17.12   Installing       : libgcrypt-1.10.0-13.el9.x86_64                       45/83 
#11 17.12   Installing       : libtool-ltdl-2.4.6-46.el9.x86_64                     46/83 
#11 17.13   Installing       : libverto-0.3.2-3.el9.x86_64                          47/83 
#11 17.13   Installing       : libzstd-1.5.5-1.el9.x86_64                           48/83 
#11 17.14   Installing       : lz4-libs-1.9.3-5.el9.x86_64                          49/83 
#11 17.14   Installing       : pcre-8.44-4.el9.x86_64                               50/83 
#11 17.15   Installing       : grep-3.6-5.el9.x86_64                                51/83 
#11 17.16   Installing       : pcre2-10.40-6.el9.x86_64                             52/83 
#11 17.16   Installing       : libselinux-3.6-4.el9.x86_64                          53/83 
#11 17.16   Installing       : sed-4.8-10.el9.x86_64                                54/83 
#11 17.17   Installing       : findutils-1:4.8.0-7.el9.x86_64                       55/83 
#11 17.19   Installing       : openssl-fips-provider-1:3.5.8-1.el9.x86_64           56/83 
#11 17.23   Installing       : openssl-libs-1:3.5.8-1.el9.x86_64                    57/83 
#11 17.28   Installing       : coreutils-8.32-43.el9.x86_64                         58/83 
#11 17.29   Running scriptlet: ca-certificates-2026.2.90_v9.0.316-90.0.el9.noarch   59/83 
#11 17.62   Installing       : ca-certificates-2026.2.90_v9.0.316-90.0.el9.noarch   59/83 
#11 17.63   Running scriptlet: ca-certificates-2026.2.90_v9.0.316-90.0.el9.noarch   59/83 
#11 19.01   Installing       : libblkid-2.37.4-27.el9.x86_64                        60/83 
#11 19.01   Running scriptlet: libblkid-2.37.4-27.el9.x86_64                        60/83 
#11 19.34   Installing       : libmount-2.37.4-27.el9.x86_64                        61/83 
#11 19.34   Installing       : libfdisk-2.37.4-27.el9.x86_64                        62/83 
#11 19.35   Installing       : gzip-1.12-2.el9.x86_64                               63/83 
#11 19.35   Installing       : cracklib-2.9.6-28.el9.x86_64                         64/83 
#11 19.42   Installing       : cracklib-dicts-2.9.6-28.el9.x86_64                   65/83 
#11 19.44   Installing       : krb5-libs-1.21.1-10.el9.x86_64                       66/83 
#11 19.45   Installing       : cyrus-sasl-lib-2.1.27-21.el9.x86_64                  67/83 
#11 19.47   Installing       : openssl-1:3.5.8-1.el9.x86_64                         68/83 
#11 19.48   Installing       : libpwquality-1.4.4-8.el9.x86_64                      69/83 
#11 19.51   Installing       : pam-1.5.1-30.el9.x86_64                              70/83 
#11 19.52   Installing       : libevent-2.1.12-8.el9.x86_64                         71/83 
#11 19.52   Installing       : libsemanage-3.6-5.el9.x86_64                         72/83 
#11 19.55   Installing       : shadow-utils-2:4.9-17.el9.x86_64                     73/83 
#11 19.55   Running scriptlet: libutempter-1.2.1-6.el9.x86_64                       74/83 
#11 19.90   Installing       : libutempter-1.2.1-6.el9.x86_64                       74/83 
#11 19.92   Installing       : openldap-2.6.13-1.el9.x86_64                         75/83 
#11 19.93   Installing       : xz-libs-5.2.5-8.el9.x86_64                           76/83 
#11 19.95   Installing       : systemd-libs-252-78.el9.x86_64                       77/83 
#11 19.95   Running scriptlet: systemd-libs-252-78.el9.x86_64                       77/83 
#11 20.30   Installing       : util-linux-core-2.37.4-27.el9.x86_64                 78/83 
#11 20.30   Running scriptlet: util-linux-core-2.37.4-27.el9.x86_64                 78/83 
#11 20.67   Installing       : util-linux-2.37.4-27.el9.x86_64                      79/83 
#11 20.69   Installing       : procps-ng-3.3.17-15.el9.x86_64                       80/83 
#11 20.72   Installing       : sudo-1.9.17p2-4.el9.x86_64                           81/83 
#11 20.73   Running scriptlet: sudo-1.9.17p2-4.el9.x86_64                           81/83 
#11 21.05   Installing       : hostname-3.23-6.el9.x86_64                           82/83 
#11 21.05   Running scriptlet: hostname-3.23-6.el9.x86_64                           82/83 
#11 21.39   Installing       : libstdc++-11.5.0-15.el9.x86_64                       83/83 
#11 21.40   Running scriptlet: filesystem-3.16-5.el9.x86_64                         83/83 
#11 21.73   Running scriptlet: ca-certificates-2026.2.90_v9.0.316-90.0.el9.noarch   83/83 
#11 23.12   Running scriptlet: libstdc++-11.5.0-15.el9.x86_64                       83/83 
#11 23.56   Verifying        : alternatives-1.24-2.el9.x86_64                        1/83 
#11 23.56   Verifying        : audit-libs-3.1.5-9.el9.x86_64                         2/83 
#11 23.56   Verifying        : basesystem-11-13.el9.noarch                           3/83 
#11 23.56   Verifying        : bash-5.1.8-9.el9.x86_64                               4/83 
#11 23.56   Verifying        : bzip2-libs-1.0.8-11.el9.x86_64                        5/83 
#11 23.56   Verifying        : ca-certificates-2026.2.90_v9.0.316-90.0.el9.noarch    6/83 
#11 23.56   Verifying        : centos-gpg-keys-9.0-38.el9.noarch                     7/83 
#11 23.56   Verifying        : centos-stream-release-9.0-38.el9.noarch               8/83 
#11 23.56   Verifying        : centos-stream-repos-9.0-38.el9.noarch                 9/83 
#11 23.56   Verifying        : coreutils-8.32-43.el9.x86_64                         10/83 
#11 23.56   Verifying        : coreutils-common-8.32-43.el9.x86_64                  11/83 
#11 23.56   Verifying        : cracklib-2.9.6-28.el9.x86_64                         12/83 
#11 23.56   Verifying        : cracklib-dicts-2.9.6-28.el9.x86_64                   13/83 
#11 23.56   Verifying        : crypto-policies-20260714-1.git65b74f7.el9.noarch     14/83 
#11 23.56   Verifying        : cyrus-sasl-lib-2.1.27-21.el9.x86_64                  15/83 
#11 23.56   Verifying        : filesystem-3.16-5.el9.x86_64                         16/83 
#11 23.56   Verifying        : findutils-1:4.8.0-7.el9.x86_64                       17/83 
#11 23.56   Verifying        : gawk-5.1.0-7.el9.x86_64                              18/83 
#11 23.56   Verifying        : gdbm-libs-1:1.23-1.el9.x86_64                        19/83 
#11 23.56   Verifying        : glibc-2.34-277.el9.x86_64                            20/83 
#11 23.56   Verifying        : glibc-common-2.34-277.el9.x86_64                     21/83 
#11 23.56   Verifying        : glibc-minimal-langpack-2.34-277.el9.x86_64           22/83 
#11 23.56   Verifying        : gmp-1:6.2.0-13.el9.x86_64                            23/83 
#11 23.56   Verifying        : grep-3.6-5.el9.x86_64                                24/83 
#11 23.56   Verifying        : gzip-1.12-2.el9.x86_64                               25/83 
#11 23.56   Verifying        : hostname-3.23-6.el9.x86_64                           26/83 
#11 23.56   Verifying        : keyutils-libs-1.6.3-1.el9.x86_64                     27/83 
#11 23.56   Verifying        : krb5-libs-1.21.1-10.el9.x86_64                       28/83 
#11 23.56   Verifying        : libacl-2.4.0-2.el9.x86_64                            29/83 
#11 23.56   Verifying        : libattr-2.6.0-2.el9.x86_64                           30/83 
#11 23.56   Verifying        : libblkid-2.37.4-27.el9.x86_64                        31/83 
#11 23.56   Verifying        : libcap-2.48-10.el9.x86_64                            32/83 
#11 23.56   Verifying        : libcap-ng-0.8.2-7.el9.x86_64                         33/83 
#11 23.56   Verifying        : libcom_err-1.46.5-8.el9.x86_64                       34/83 
#11 23.56   Verifying        : libdb-5.3.28-57.el9.x86_64                           35/83 
#11 23.56   Verifying        : libeconf-0.4.1-7.el9.x86_64                          36/83 
#11 23.56   Verifying        : libevent-2.1.12-8.el9.x86_64                         37/83 
#11 23.56   Verifying        : libfdisk-2.37.4-27.el9.x86_64                        38/83 
#11 23.56   Verifying        : libffi-3.4.2-8.el9.x86_64                            39/83 
#11 23.56   Verifying        : libgcc-11.5.0-15.el9.x86_64                          40/83 
#11 23.56   Verifying        : libgcrypt-1.10.0-13.el9.x86_64                       41/83 
#11 23.56   Verifying        : libgpg-error-1.42-5.el9.x86_64                       42/83 
#11 23.56   Verifying        : libmount-2.37.4-27.el9.x86_64                        43/83 
#11 23.56   Verifying        : libpwquality-1.4.4-8.el9.x86_64                      44/83 
#11 23.56   Verifying        : libselinux-3.6-4.el9.x86_64                          45/83 
#11 23.56   Verifying        : libsemanage-3.6-5.el9.x86_64                         46/83 
#11 23.56   Verifying        : libsepol-3.6-3.el9.x86_64                            47/83 
#11 23.56   Verifying        : libsigsegv-2.13-4.el9.x86_64                         48/83 
#11 23.56   Verifying        : libsmartcols-2.37.4-27.el9.x86_64                    49/83 
#11 23.56   Verifying        : libstdc++-11.5.0-15.el9.x86_64                       50/83 
#11 23.56   Verifying        : libtasn1-4.16.0-10.el9.x86_64                        51/83 
#11 23.56   Verifying        : libtool-ltdl-2.4.6-46.el9.x86_64                     52/83 
#11 23.56   Verifying        : libutempter-1.2.1-6.el9.x86_64                       53/83 
#11 23.56   Verifying        : libuuid-2.37.4-27.el9.x86_64                         54/83 
#11 23.56   Verifying        : libverto-0.3.2-3.el9.x86_64                          55/83 
#11 23.56   Verifying        : libxcrypt-4.4.18-3.el9.x86_64                        56/83 
#11 23.56   Verifying        : libzstd-1.5.5-1.el9.x86_64                           57/83 
#11 23.56   Verifying        : lz4-libs-1.9.3-5.el9.x86_64                          58/83 
#11 23.56   Verifying        : mpfr-4.1.0-10.el9.x86_64                             59/83 
#11 23.56   Verifying        : ncurses-base-6.2-12.20210508.el9.noarch              60/83 
#11 23.56   Verifying        : ncurses-libs-6.2-12.20210508.el9.x86_64              61/83 
#11 23.56   Verifying        : openldap-2.6.13-1.el9.x86_64                         62/83 
#11 23.56   Verifying        : openssl-1:3.5.8-1.el9.x86_64                         63/83 
#11 23.56   Verifying        : openssl-fips-provider-1:3.5.8-1.el9.x86_64           64/83 
#11 23.56   Verifying        : openssl-libs-1:3.5.8-1.el9.x86_64                    65/83 
#11 23.56   Verifying        : p11-kit-0.26.4-1.el9.x86_64                          66/83 
#11 23.56   Verifying        : p11-kit-trust-0.26.4-1.el9.x86_64                    67/83 
#11 23.56   Verifying        : pam-1.5.1-30.el9.x86_64                              68/83 
#11 23.56   Verifying        : pcre-8.44-4.el9.x86_64                               69/83 
#11 23.56   Verifying        : pcre2-10.40-6.el9.x86_64                             70/83 
#11 23.56   Verifying        : pcre2-syntax-10.40-6.el9.noarch                      71/83 
#11 23.56   Verifying        : procps-ng-3.3.17-15.el9.x86_64                       72/83 
#11 23.56   Verifying        : readline-8.1-4.el9.x86_64                            73/83 
#11 23.56   Verifying        : sed-4.8-10.el9.x86_64                                74/83 
#11 23.56   Verifying        : setup-2.13.7-10.el9.noarch                           75/83 
#11 23.56   Verifying        : shadow-utils-2:4.9-17.el9.x86_64                     76/83 
#11 23.56   Verifying        : sudo-1.9.17p2-4.el9.x86_64                           77/83 
#11 23.56   Verifying        : systemd-libs-252-78.el9.x86_64                       78/83 
#11 23.56   Verifying        : tzdata-2026c-1.el9.noarch                            79/83 
#11 23.57   Verifying        : util-linux-2.37.4-27.el9.x86_64                      80/83 
#11 23.57   Verifying        : util-linux-core-2.37.4-27.el9.x86_64                 81/83 
#11 23.57   Verifying        : xz-libs-5.2.5-8.el9.x86_64                           82/83 
#11 23.57   Verifying        : zlib-1.2.11-41.el9.x86_64                            83/83 
#11 23.64 
#11 23.64 Installed:
#11 23.64   alternatives-1.24-2.el9.x86_64                                                
#11 23.64   audit-libs-3.1.5-9.el9.x86_64                                                 
#11 23.64   basesystem-11-13.el9.noarch                                                   
#11 23.64   bash-5.1.8-9.el9.x86_64                                                       
#11 23.64   bzip2-libs-1.0.8-11.el9.x86_64                                                
#11 23.64   ca-certificates-2026.2.90_v9.0.316-90.0.el9.noarch                            
#11 23.64   centos-gpg-keys-9.0-38.el9.noarch                                             
#11 23.64   centos-stream-release-9.0-38.el9.noarch                                       
#11 23.64   centos-stream-repos-9.0-38.el9.noarch                                         
#11 23.64   coreutils-8.32-43.el9.x86_64                                                  
#11 23.64   coreutils-common-8.32-43.el9.x86_64                                           
#11 23.64   cracklib-2.9.6-28.el9.x86_64                                                  
#11 23.64   cracklib-dicts-2.9.6-28.el9.x86_64                                            
#11 23.64   crypto-policies-20260714-1.git65b74f7.el9.noarch                              
#11 23.64   cyrus-sasl-lib-2.1.27-21.el9.x86_64                                           
#11 23.64   filesystem-3.16-5.el9.x86_64                                                  
#11 23.64   findutils-1:4.8.0-7.el9.x86_64                                                
#11 23.64   gawk-5.1.0-7.el9.x86_64                                                       
#11 23.64   gdbm-libs-1:1.23-1.el9.x86_64                                                 
#11 23.64   glibc-2.34-277.el9.x86_64                                                     
#11 23.64   glibc-common-2.34-277.el9.x86_64                                              
#11 23.64   glibc-minimal-langpack-2.34-277.el9.x86_64                                    
#11 23.64   gmp-1:6.2.0-13.el9.x86_64                                                     
#11 23.64   grep-3.6-5.el9.x86_64                                                         
#11 23.64   gzip-1.12-2.el9.x86_64                                                        
#11 23.64   hostname-3.23-6.el9.x86_64                                                    
#11 23.64   keyutils-libs-1.6.3-1.el9.x86_64                                              
#11 23.64   krb5-libs-1.21.1-10.el9.x86_64                                                
#11 23.64   libacl-2.4.0-2.el9.x86_64                                                     
#11 23.64   libattr-2.6.0-2.el9.x86_64                                                    
#11 23.64   libblkid-2.37.4-27.el9.x86_64                                                 
#11 23.64   libcap-2.48-10.el9.x86_64                                                     
#11 23.64   libcap-ng-0.8.2-7.el9.x86_64                                                  
#11 23.64   libcom_err-1.46.5-8.el9.x86_64                                                
#11 23.64   libdb-5.3.28-57.el9.x86_64                                                    
#11 23.64   libeconf-0.4.1-7.el9.x86_64                                                   
#11 23.64   libevent-2.1.12-8.el9.x86_64                                                  
#11 23.64   libfdisk-2.37.4-27.el9.x86_64                                                 
#11 23.64   libffi-3.4.2-8.el9.x86_64                                                     
#11 23.64   libgcc-11.5.0-15.el9.x86_64                                                   
#11 23.64   libgcrypt-1.10.0-13.el9.x86_64                                                
#11 23.64   libgpg-error-1.42-5.el9.x86_64                                                
#11 23.64   libmount-2.37.4-27.el9.x86_64                                                 
#11 23.64   libpwquality-1.4.4-8.el9.x86_64                                               
#11 23.64   libselinux-3.6-4.el9.x86_64                                                   
#11 23.64   libsemanage-3.6-5.el9.x86_64                                                  
#11 23.64   libsepol-3.6-3.el9.x86_64                                                     
#11 23.64   libsigsegv-2.13-4.el9.x86_64                                                  
#11 23.64   libsmartcols-2.37.4-27.el9.x86_64                                             
#11 23.64   libstdc++-11.5.0-15.el9.x86_64                                                
#11 23.64   libtasn1-4.16.0-10.el9.x86_64                                                 
#11 23.64   libtool-ltdl-2.4.6-46.el9.x86_64                                              
#11 23.64   libutempter-1.2.1-6.el9.x86_64                                                
#11 23.64   libuuid-2.37.4-27.el9.x86_64                                                  
#11 23.64   libverto-0.3.2-3.el9.x86_64                                                   
#11 23.64   libxcrypt-4.4.18-3.el9.x86_64                                                 
#11 23.64   libzstd-1.5.5-1.el9.x86_64                                                    
#11 23.64   lz4-libs-1.9.3-5.el9.x86_64                                                   
#11 23.64   mpfr-4.1.0-10.el9.x86_64                                                      
#11 23.64   ncurses-base-6.2-12.20210508.el9.noarch                                       
#11 23.64   ncurses-libs-6.2-12.20210508.el9.x86_64                                       
#11 23.64   openldap-2.6.13-1.el9.x86_64                                                  
#11 23.64   openssl-1:3.5.8-1.el9.x86_64                                                  
#11 23.64   openssl-fips-provider-1:3.5.8-1.el9.x86_64                                    
#11 23.64   openssl-libs-1:3.5.8-1.el9.x86_64                                             
#11 23.64   p11-kit-0.26.4-1.el9.x86_64                                                   
#11 23.64   p11-kit-trust-0.26.4-1.el9.x86_64                                             
#11 23.64   pam-1.5.1-30.el9.x86_64                                                       
#11 23.64   pcre-8.44-4.el9.x86_64                                                        
#11 23.64   pcre2-10.40-6.el9.x86_64                                                      
#11 23.64   pcre2-syntax-10.40-6.el9.noarch                                               
#11 23.64   procps-ng-3.3.17-15.el9.x86_64                                                
#11 23.64   readline-8.1-4.el9.x86_64                                                     
#11 23.64   sed-4.8-10.el9.x86_64                                                         
#11 23.64   setup-2.13.7-10.el9.noarch                                                    
#11 23.64   shadow-utils-2:4.9-17.el9.x86_64                                              
#11 23.64   sudo-1.9.17p2-4.el9.x86_64                                                    
#11 23.64   systemd-libs-252-78.el9.x86_64                                                
#11 23.64   tzdata-2026c-1.el9.noarch                                                     
#11 23.64   util-linux-2.37.4-27.el9.x86_64                                               
#11 23.64   util-linux-core-2.37.4-27.el9.x86_64                                          
#11 23.64   xz-libs-5.2.5-8.el9.x86_64                                                    
#11 23.64   zlib-1.2.11-41.el9.x86_64                                                     
#11 23.64 
#11 23.64 Complete!
#11 23.74 Verifying...                          ########################################
#11 24.04 Preparing...                          ########################################
#11 24.42 Updating / installing...
#11 24.42 riak-3.4.0.OTP26-1.el9                ########################################
#11 DONE 25.6s

#12 [package-amd64 1/1] COPY --from=install-amd64 /openriak-rootfs/ /
#12 DONE 0.6s

#13 [final 1/4] RUN <<'OPENRIAK_IMAGE_SETUP' (set -eu...)
#13 0.106 uid=999(riak) gid=999(riak) groups=999(riak)
#13 DONE 0.2s

#14 [final 2/4] COPY <<OPENRIAK_ENTRYPOINT /usr/local/bin/openriak-entrypoint
#14 DONE 0.0s

#15 [final 3/4] COPY <<OPENRIAK_HEALTHCHECK /usr/local/bin/openriak-healthcheck
#15 DONE 0.0s

#16 [final 4/4] RUN <<'OPENRIAK_SCRIPT_SETUP' (set -eu...)
#16 DONE 0.1s

#17 exporting to docker image format
#17 exporting layers
#17 exporting layers 5.6s done
#17 exporting manifest sha256:37926f0f765c20b786b96eb01cc8cdda9fb9bed793a2faff769d9e0adda09976 done
#17 exporting config sha256:48d0b950f1d365f3e53f5552c3622a9bd1b249b26f754e4f9994f9c93b5c1bc8 done
#17 sending tarball
#17 ...

#18 importing to docker
#18 loading layer 34dbf4c82086 557.06kB / 70.37MB
#18 loading layer 995cf9054b68 23.58kB / 23.58kB
#18 loading layer 34dbf4c82086 70.37MB / 70.37MB 1.7s done
#18 loading layer 995cf9054b68 23.58kB / 23.58kB 0.0s done
#18 loading layer 4186f785c6df 7.70kB / 7.70kB 0.0s done
#18 loading layer ae2d1179dbad 387B / 387B 0.0s done
#18 loading layer b009ccaad1d2 7.87kB / 7.87kB 0.0s done
#18 DONE 1.8s

#17 exporting to docker image format
#17 sending tarball 2.3s done
#17 DONE 7.9s

timeout_seconds: 3600
exit_code: 0
