$ /usr/bin/docker logs openriak-kv-3.4.0-amazon-linux-2023-otp26-node-1-t-316095z
started: 2026-09-11T12:40:20Z
2026-09-11T21:04:47+09:00 [openriak-entrypoint] configuration: timezone = Asia/Tokyo
usermod: no changes
2026-09-11T21:04:50+09:00 [openriak-entrypoint] configuration: riak UID/GID = 19001/19002
2026-09-11T21:04:50+09:00 [openriak-entrypoint] configuration: preparing mounted directories
2026-09-11T21:04:50+09:00 [openriak-entrypoint] configuration: seeding /etc/riak from packaged defaults
2026-09-11T21:04:51+09:00 [openriak-entrypoint] configuration: current Docker IPv4 address = 172.18.0.3
2026-09-11T21:04:51+09:00 [openriak-entrypoint] configuration: nodename = openriak-kv@node-01.cluster-a.openriak
2026-09-11T21:04:52+09:00 [openriak-entrypoint] configuration: distributed_cookie = openriak-31ee41309259a91e2731ae7f69df8b70
2026-09-11T21:04:52+09:00 [openriak-entrypoint] configuration: effective distributed cookie = openriak-31ee41309259a91e2731ae7f69df8b70
2026-09-11T21:04:52+09:00 [openriak-entrypoint] configuration: ring_size = 8
2026-09-11T21:04:53+09:00 [openriak-entrypoint] configuration: storage_backend = leveled
2026-09-11T21:04:53+09:00 [openriak-entrypoint] configuration: anti_entropy = passive
2026-09-11T21:04:54+09:00 [openriak-entrypoint] configuration: tictacaae_active = active
2026-09-11T21:04:54+09:00 [openriak-entrypoint] configuration: tictacaae_storeheads = enabled
2026-09-11T21:04:54+09:00 [openriak-entrypoint] configuration: listener.http.internal = 0.0.0.0:8098
2026-09-11T21:04:55+09:00 [openriak-entrypoint] configuration: listener.protobuf.internal = 0.0.0.0:8087
2026-09-11T21:04:55+09:00 [openriak-entrypoint] configuration: logger.max_file_size = 2MB
2026-09-11T21:04:56+09:00 [openriak-entrypoint] configuration: logger.max_files = 4
2026-09-11T21:04:56+09:00 [openriak-entrypoint] startup: validating configuration and generating VM arguments
2026-09-11T21:05:33+09:00 [openriak-entrypoint] startup: configuration is valid (config is OK -config /var/lib/riak/generated.conf/app.2026.09.11.21.05.09.config -args_file /var/lib/riak/generated.conf/vm.2026.09.11.21.05.09.args -vm_args /var/lib/riak/generated.conf/vm.2026.09.11.21.05.09.args)
2026-09-11T21:05:33+09:00 [openriak-entrypoint] startup: starting OpenRiak as a daemon
2026-09-11T21:07:03+09:00 [openriak-entrypoint] startup: daemon command completed
2026-09-11T21:07:03+09:00 [openriak-entrypoint] startup: waiting for BEAM and riak ping
2026-09-11T21:07:12+09:00 [openriak-entrypoint] startup: BEAM is running and riak ping returned pong
2026-09-11T21:07:12+09:00 [openriak-entrypoint] startup: waiting for the riak_kv service
2026-09-11T21:07:29+09:00 [openriak-entrypoint] startup: riak_kv service is up ([riak_kv,riak_pipe,riak_repl])
2026-09-11T21:07:29+09:00 [openriak-entrypoint] startup: waiting for Riak transfers to complete
2026-09-11T21:07:49+09:00 [openriak-entrypoint] startup: transfers complete (No transfers active Active Transfers: ok)
2026-09-11T21:07:50+09:00 [openriak-entrypoint] cluster: Role: Coordinator
2026-09-11T21:07:50+09:00 [openriak-entrypoint] cluster: published coordinator openriak-kv@node-01.cluster-a.openriak at 172.18.0.3 in openriak-kv@node-01.cluster-a.openriak-bbdd851e8fda86ae-coordinator
2026-09-11T21:08:54+09:00 [openriak-entrypoint] monitor: Coordinator is healthy; sleeping for 1s
2026-09-11T21:09:19+09:00 [openriak-entrypoint] monitor: Coordinator is healthy; sleeping for 1s
2026-09-11T21:09:44+09:00 [openriak-entrypoint] monitor: Coordinator is healthy; sleeping for 1s
2026-09-11T21:10:03+09:00 [openriak-entrypoint] monitor: Coordinator is healthy; sleeping for 1s
2026-09-11T21:10:30+09:00 [openriak-entrypoint] monitor: Coordinator is healthy; sleeping for 1s
2026-09-11T21:10:54+09:00 [openriak-entrypoint] monitor: Coordinator is healthy; sleeping for 1s
2026-09-11T21:11:14+09:00 [openriak-entrypoint] monitor: Coordinator is healthy; sleeping for 1s
2026-09-11T21:11:43+09:00 [openriak-entrypoint] monitor: Coordinator is healthy; sleeping for 1s
2026-09-11T21:12:04+09:00 [openriak-entrypoint] monitor: Coordinator is healthy; sleeping for 1s
2026-09-11T21:12:27+09:00 [openriak-entrypoint] monitor: Coordinator is healthy; sleeping for 1s
2026-09-11T21:12:53+09:00 [openriak-entrypoint] monitor: Coordinator is healthy; sleeping for 1s
2026-09-11T21:13:14+09:00 [openriak-entrypoint] monitor: Coordinator is healthy; sleeping for 1s
2026-09-11T21:13:39+09:00 [openriak-entrypoint] monitor: Coordinator is healthy; sleeping for 1s
2026-09-11T21:14:04+09:00 [openriak-entrypoint] monitor: Coordinator is healthy; sleeping for 1s
2026-09-11T21:14:25+09:00 [openriak-entrypoint] monitor: Coordinator is healthy; sleeping for 1s
2026-09-11T21:14:51+09:00 [openriak-entrypoint] monitor: Coordinator is healthy; sleeping for 1s
2026-09-11T21:15:14+09:00 [openriak-entrypoint] monitor: Coordinator is healthy; sleeping for 1s
2026-09-11T21:15:35+09:00 [openriak-entrypoint] monitor: Coordinator is healthy; sleeping for 1s
2026-09-11T21:15:39+09:00 [openriak-entrypoint] cluster: approved follower openriak-kv@node-05.cluster-a.openriak at 172.18.0.6
2026-09-11T21:16:03+09:00 [openriak-entrypoint] monitor: Coordinator is healthy; sleeping for 1s
2026-09-11T21:16:06+09:00 [openriak-entrypoint] cluster: approved follower openriak-kv@node-02.cluster-a.openriak at 172.18.0.2
2026-09-11T21:16:30+09:00 [openriak-entrypoint] monitor: Coordinator is healthy; sleeping for 1s
2026-09-11T21:16:32+09:00 [openriak-entrypoint] cluster: waiting for 1 approved or ready node(s) before planning 1 joined node(s)
2026-09-11T21:16:51+09:00 [openriak-entrypoint] monitor: Coordinator is healthy; sleeping for 1s
2026-09-11T21:16:52+09:00 [openriak-entrypoint] cluster: planning a batch of 2 joined node(s)
2026-09-11T21:17:31+09:00 [openriak-entrypoint] cluster: plan: =============================== Staged Changes ================================
2026-09-11T21:17:31+09:00 [openriak-entrypoint] cluster: plan: Action         Details(s)
2026-09-11T21:17:31+09:00 [openriak-entrypoint] cluster: plan: -------------------------------------------------------------------------------
2026-09-11T21:17:32+09:00 [openriak-entrypoint] cluster: plan: join           'openriak-kv@node-02.cluster-a.openriak'
2026-09-11T21:17:32+09:00 [openriak-entrypoint] cluster: plan: join           'openriak-kv@node-05.cluster-a.openriak'
2026-09-11T21:17:32+09:00 [openriak-entrypoint] cluster: plan: -------------------------------------------------------------------------------
2026-09-11T21:17:32+09:00 [openriak-entrypoint] cluster: plan: 
2026-09-11T21:17:33+09:00 [openriak-entrypoint] cluster: plan: 
2026-09-11T21:17:33+09:00 [openriak-entrypoint] cluster: plan: NOTE: Applying these changes will result in 1 cluster transition
2026-09-11T21:17:33+09:00 [openriak-entrypoint] cluster: plan: 
2026-09-11T21:17:33+09:00 [openriak-entrypoint] cluster: plan: ###############################################################################
2026-09-11T21:17:34+09:00 [openriak-entrypoint] cluster: plan:                          After cluster transition 1/1
2026-09-11T21:17:34+09:00 [openriak-entrypoint] cluster: plan: ###############################################################################
2026-09-11T21:17:34+09:00 [openriak-entrypoint] cluster: plan: 
2026-09-11T21:17:34+09:00 [openriak-entrypoint] cluster: plan: ================================= Membership ==================================
2026-09-11T21:17:34+09:00 [openriak-entrypoint] cluster: plan: Status     Ring    Pending    Node
2026-09-11T21:17:34+09:00 [openriak-entrypoint] cluster: plan: -------------------------------------------------------------------------------
2026-09-11T21:17:35+09:00 [openriak-entrypoint] cluster: plan: valid     100.0%     50.0%    openriak-kv@node-01.cluster-a.openriak
2026-09-11T21:17:35+09:00 [openriak-entrypoint] cluster: plan: valid       0.0%     25.0%    openriak-kv@node-02.cluster-a.openriak
2026-09-11T21:17:35+09:00 [openriak-entrypoint] cluster: plan: valid       0.0%     25.0%    openriak-kv@node-05.cluster-a.openriak
2026-09-11T21:17:35+09:00 [openriak-entrypoint] cluster: plan: -------------------------------------------------------------------------------
2026-09-11T21:17:35+09:00 [openriak-entrypoint] cluster: plan: Valid:3 / Leaving:0 / Exiting:0 / Joining:0 / Down:0
2026-09-11T21:17:36+09:00 [openriak-entrypoint] cluster: plan: 
2026-09-11T21:17:36+09:00 [openriak-entrypoint] cluster: plan: WARNING: Not all replicas will be on distinct nodes
2026-09-11T21:17:36+09:00 [openriak-entrypoint] cluster: plan: 
2026-09-11T21:17:36+09:00 [openriak-entrypoint] cluster: plan: Transfers resulting from cluster changes: 4
2026-09-11T21:17:36+09:00 [openriak-entrypoint] cluster: plan:   2 transfers from 'openriak-kv@node-01.cluster-a.openriak' to 'openriak-kv@node-05.cluster-a.openriak'
2026-09-11T21:17:36+09:00 [openriak-entrypoint] cluster: plan:   2 transfers from 'openriak-kv@node-01.cluster-a.openriak' to 'openriak-kv@node-02.cluster-a.openriak'
2026-09-11T21:17:36+09:00 [openriak-entrypoint] cluster: plan: 
2026-09-11T21:17:37+09:00 [openriak-entrypoint] cluster: plan: ok
2026-09-11T21:17:38+09:00 [openriak-entrypoint] cluster: committing the planned membership changes
2026-09-11T21:18:15+09:00 [openriak-entrypoint] cluster: commit: Cluster changes committed
2026-09-11T21:18:15+09:00 [openriak-entrypoint] cluster: commit: ok
2026-09-11T21:18:16+09:00 [openriak-entrypoint] cluster: waiting for the ring to become ready
2026-09-11T21:18:59+09:00 [openriak-entrypoint] cluster: ring is ready (TRUE All nodes agree on the ring ['openriak-kv@node-01.cluster-a.openriak', 'openriak-kv@node-02.cluster-a.openriak', 'openriak-kv@node-05.cluster-a.openriak'] ok)
2026-09-11T21:18:59+09:00 [openriak-entrypoint] startup: waiting for Riak transfers to complete
2026-09-11T21:19:36+09:00 [openriak-entrypoint] startup: transfers complete (No transfers active Active Transfers: ok)
2026-09-11T21:19:37+09:00 [openriak-entrypoint] cluster: completed follower openriak-kv@node-02.cluster-a.openriak-bbdd851e8fda86ae
2026-09-11T21:19:37+09:00 [openriak-entrypoint] cluster: completed follower openriak-kv@node-05.cluster-a.openriak-bbdd851e8fda86ae
2026-09-11T21:19:57+09:00 [openriak-entrypoint] monitor: Coordinator is healthy; sleeping for 1s
2026-09-11T21:20:02+09:00 [openriak-entrypoint] cluster: approved follower openriak-kv@node-03.cluster-a.openriak at 172.18.0.4
2026-09-11T21:20:04+09:00 [openriak-entrypoint] cluster: approved follower openriak-kv@node-04.cluster-a.openriak at 172.18.0.5
2026-09-11T21:20:23+09:00 [openriak-entrypoint] monitor: Coordinator is healthy; sleeping for 1s
2026-09-11T21:21:00+09:00 [openriak-entrypoint] monitor: Coordinator is healthy; sleeping for 1s
2026-09-11T21:21:02+09:00 [openriak-entrypoint] cluster: planning a batch of 2 joined node(s)
2026-09-11T21:22:00+09:00 [openriak-entrypoint] cluster: plan: =============================== Staged Changes ================================
2026-09-11T21:22:00+09:00 [openriak-entrypoint] cluster: plan: Action         Details(s)
2026-09-11T21:22:00+09:00 [openriak-entrypoint] cluster: plan: -------------------------------------------------------------------------------
2026-09-11T21:22:01+09:00 [openriak-entrypoint] cluster: plan: join           'openriak-kv@node-03.cluster-a.openriak'
2026-09-11T21:22:01+09:00 [openriak-entrypoint] cluster: plan: join           'openriak-kv@node-04.cluster-a.openriak'
2026-09-11T21:22:01+09:00 [openriak-entrypoint] cluster: plan: -------------------------------------------------------------------------------
2026-09-11T21:22:01+09:00 [openriak-entrypoint] cluster: plan: 
2026-09-11T21:22:01+09:00 [openriak-entrypoint] cluster: plan: 
2026-09-11T21:22:02+09:00 [openriak-entrypoint] cluster: plan: NOTE: Applying these changes will result in 1 cluster transition
2026-09-11T21:22:02+09:00 [openriak-entrypoint] cluster: plan: 
2026-09-11T21:22:02+09:00 [openriak-entrypoint] cluster: plan: ###############################################################################
2026-09-11T21:22:03+09:00 [openriak-entrypoint] cluster: plan:                          After cluster transition 1/1
2026-09-11T21:22:03+09:00 [openriak-entrypoint] cluster: plan: ###############################################################################
2026-09-11T21:22:03+09:00 [openriak-entrypoint] cluster: plan: 
2026-09-11T21:22:04+09:00 [openriak-entrypoint] cluster: plan: ================================= Membership ==================================
2026-09-11T21:22:04+09:00 [openriak-entrypoint] cluster: plan: Status     Ring    Pending    Node
2026-09-11T21:22:04+09:00 [openriak-entrypoint] cluster: plan: -------------------------------------------------------------------------------
2026-09-11T21:22:04+09:00 [openriak-entrypoint] cluster: plan: valid      50.0%     25.0%    openriak-kv@node-01.cluster-a.openriak
2026-09-11T21:22:05+09:00 [openriak-entrypoint] cluster: plan: valid      25.0%     25.0%    openriak-kv@node-02.cluster-a.openriak
2026-09-11T21:22:05+09:00 [openriak-entrypoint] cluster: plan: valid       0.0%     25.0%    openriak-kv@node-03.cluster-a.openriak
2026-09-11T21:22:05+09:00 [openriak-entrypoint] cluster: plan: valid       0.0%     12.5%    openriak-kv@node-04.cluster-a.openriak
2026-09-11T21:22:06+09:00 [openriak-entrypoint] cluster: plan: valid      25.0%     12.5%    openriak-kv@node-05.cluster-a.openriak
2026-09-11T21:22:06+09:00 [openriak-entrypoint] cluster: plan: -------------------------------------------------------------------------------
2026-09-11T21:22:07+09:00 [openriak-entrypoint] cluster: plan: Valid:5 / Leaving:0 / Exiting:0 / Joining:0 / Down:0
2026-09-11T21:22:07+09:00 [openriak-entrypoint] cluster: plan: 
2026-09-11T21:22:07+09:00 [openriak-entrypoint] cluster: plan: Transfers resulting from cluster changes: 4
2026-09-11T21:22:07+09:00 [openriak-entrypoint] cluster: plan:   1 transfers from 'openriak-kv@node-01.cluster-a.openriak' to 'openriak-kv@node-04.cluster-a.openriak'
2026-09-11T21:22:08+09:00 [openriak-entrypoint] cluster: plan:   1 transfers from 'openriak-kv@node-01.cluster-a.openriak' to 'openriak-kv@node-05.cluster-a.openriak'
2026-09-11T21:22:08+09:00 [openriak-entrypoint] cluster: plan:   2 transfers from 'openriak-kv@node-05.cluster-a.openriak' to 'openriak-kv@node-03.cluster-a.openriak'
2026-09-11T21:22:08+09:00 [openriak-entrypoint] cluster: plan: 
2026-09-11T21:22:09+09:00 [openriak-entrypoint] cluster: plan: ok
2026-09-11T21:22:09+09:00 [openriak-entrypoint] cluster: committing the planned membership changes
2026-09-11T21:23:08+09:00 [openriak-entrypoint] cluster: commit: Cluster changes committed
2026-09-11T21:23:08+09:00 [openriak-entrypoint] cluster: commit: ok
2026-09-11T21:23:09+09:00 [openriak-entrypoint] cluster: waiting for the ring to become ready
2026-09-11T21:23:58+09:00 [openriak-entrypoint] cluster: ring is ready (TRUE All nodes agree on the ring ['openriak-kv@node-01.cluster-a.openriak', 'openriak-kv@node-02.cluster-a.openriak', 'openriak-kv@node-03.cluster-a.openriak', 'openriak-kv@node-04.cluster-a.openriak', 'openriak-kv@node-05.cluster-a.openriak'] ok)
2026-09-11T21:23:58+09:00 [openriak-entrypoint] startup: waiting for Riak transfers to complete
2026-09-11T21:24:37+09:00 [openriak-entrypoint] startup: transfers complete (No transfers active Active Transfers: ok)
2026-09-11T21:24:37+09:00 [openriak-entrypoint] cluster: completed follower openriak-kv@node-03.cluster-a.openriak-bbdd851e8fda86ae
2026-09-11T21:24:37+09:00 [openriak-entrypoint] cluster: completed follower openriak-kv@node-04.cluster-a.openriak-bbdd851e8fda86ae
2026-09-11T21:25:03+09:00 [openriak-entrypoint] monitor: Coordinator is healthy; sleeping for 1s
2026-09-11T21:25:23+09:00 [openriak-entrypoint] monitor: Coordinator is healthy; sleeping for 1s
2026-09-11T21:25:47+09:00 [openriak-entrypoint] monitor: Coordinator is healthy; sleeping for 1s
2026-09-11T21:26:11+09:00 [openriak-entrypoint] monitor: Coordinator is healthy; sleeping for 1s
2026-09-11T21:26:33+09:00 [openriak-entrypoint] monitor: Coordinator is healthy; sleeping for 1s
2026-09-11T21:26:57+09:00 [openriak-entrypoint] monitor: Coordinator is healthy; sleeping for 1s
2026-09-11T21:27:23+09:00 [openriak-entrypoint] monitor: Coordinator is healthy; sleeping for 1s
2026-09-11T21:27:43+09:00 [openriak-entrypoint] monitor: Coordinator is healthy; sleeping for 1s
2026-09-11T21:28:09+09:00 [openriak-entrypoint] monitor: Coordinator is healthy; sleeping for 1s
2026-09-11T21:28:33+09:00 [openriak-entrypoint] monitor: Coordinator is healthy; sleeping for 1s
2026-09-11T21:28:52+09:00 [openriak-entrypoint] monitor: Coordinator is healthy; sleeping for 1s
2026-09-11T21:29:20+09:00 [openriak-entrypoint] monitor: Coordinator is healthy; sleeping for 1s
2026-09-11T21:29:41+09:00 [openriak-entrypoint] monitor: Coordinator is healthy; sleeping for 1s
2026-09-11T21:30:03+09:00 [openriak-entrypoint] monitor: Coordinator is healthy; sleeping for 1s
2026-09-11T21:30:29+09:00 [openriak-entrypoint] monitor: Coordinator is healthy; sleeping for 1s
2026-09-11T21:30:49+09:00 [openriak-entrypoint] monitor: Coordinator is healthy; sleeping for 1s
2026-09-11T21:31:13+09:00 [openriak-entrypoint] monitor: Coordinator is healthy; sleeping for 1s
2026-09-11T21:31:36+09:00 [openriak-entrypoint] monitor: Coordinator is healthy; sleeping for 1s
2026-09-11T21:31:56+09:00 [openriak-entrypoint] monitor: Coordinator is healthy; sleeping for 1s
2026-09-11T21:32:23+09:00 [openriak-entrypoint] monitor: Coordinator is healthy; sleeping for 1s
2026-09-11T21:32:44+09:00 [openriak-entrypoint] monitor: Coordinator is healthy; sleeping for 1s
2026-09-11T21:33:06+09:00 [openriak-entrypoint] monitor: Coordinator is healthy; sleeping for 1s
2026-09-11T21:33:33+09:00 [openriak-entrypoint] monitor: Coordinator is healthy; sleeping for 1s
2026-09-11T21:33:54+09:00 [openriak-entrypoint] monitor: Coordinator is healthy; sleeping for 1s
2026-09-11T21:34:17+09:00 [openriak-entrypoint] monitor: Coordinator is healthy; sleeping for 1s
2026-09-11T21:34:43+09:00 [openriak-entrypoint] monitor: Coordinator is healthy; sleeping for 1s
2026-09-11T21:35:02+09:00 [openriak-entrypoint] monitor: Coordinator is healthy; sleeping for 1s
2026-09-11T21:35:28+09:00 [openriak-entrypoint] monitor: Coordinator is healthy; sleeping for 1s
2026-09-11T21:35:53+09:00 [openriak-entrypoint] monitor: Coordinator is healthy; sleeping for 1s
2026-09-11T21:36:12+09:00 [openriak-entrypoint] monitor: Coordinator is healthy; sleeping for 1s
2026-09-11T21:36:39+09:00 [openriak-entrypoint] monitor: Coordinator is healthy; sleeping for 1s
2026-09-11T21:37:02+09:00 [openriak-entrypoint] monitor: Coordinator is healthy; sleeping for 1s
2026-09-11T21:37:22+09:00 [openriak-entrypoint] monitor: Coordinator is healthy; sleeping for 1s
2026-09-11T21:37:48+09:00 [openriak-entrypoint] monitor: Coordinator is healthy; sleeping for 1s
2026-09-11T21:38:09+09:00 [openriak-entrypoint] monitor: Coordinator is healthy; sleeping for 1s
2026-09-11T21:38:31+09:00 [openriak-entrypoint] monitor: Coordinator is healthy; sleeping for 1s
2026-09-11T21:38:58+09:00 [openriak-entrypoint] monitor: Coordinator is healthy; sleeping for 1s
2026-09-11T21:39:16+09:00 [openriak-entrypoint] monitor: Coordinator is healthy; sleeping for 1s
2026-09-11T21:39:41+09:00 [openriak-entrypoint] monitor: Coordinator is healthy; sleeping for 1s
2026-09-11T21:40:04+09:00 [openriak-entrypoint] monitor: Coordinator is healthy; sleeping for 1s

timeout_seconds: 3600
exit_code: 0
