$ /usr/bin/docker compose --env-file /tmp/openriak-docker-3.4.0-amazon-linux-2023-otp26-_wqvglix/.env.cluster --project-directory /tmp/openriak-docker-3.4.0-amazon-linux-2023-otp26-_wqvglix --file /tmp/openriak-docker-3.4.0-amazon-linux-2023-otp26-_wqvglix/compose.cluster.test.yaml up --detach --no-build
started: 2026-09-11T12:04:46Z
 Network openriak-kv-340-amazon-linux-2023-otp26-node-cluster_openriak  Creating
 Network openriak-kv-340-amazon-linux-2023-otp26-node-cluster_openriak  Created
 Container openriak-kv-3.4.0-amazon-linux-2023-otp26-node-2-t-316095z  Creating
 Container openriak-kv-3.4.0-amazon-linux-2023-otp26-node-4-t-316095z  Creating
 Container openriak-kv-3.4.0-amazon-linux-2023-otp26-node-3-t-316095z  Creating
 Container openriak-kv-3.4.0-amazon-linux-2023-otp26-node-1-t-316095z  Creating
 Container openriak-kv-3.4.0-amazon-linux-2023-otp26-node-5-t-316095z  Creating
 Container openriak-kv-3.4.0-amazon-linux-2023-otp26-node-4-t-316095z  Created
 Container openriak-kv-3.4.0-amazon-linux-2023-otp26-node-2-t-316095z  Created
 Container openriak-kv-3.4.0-amazon-linux-2023-otp26-node-5-t-316095z  Created
 Container openriak-kv-3.4.0-amazon-linux-2023-otp26-node-1-t-316095z  Created
 Container openriak-kv-3.4.0-amazon-linux-2023-otp26-node-3-t-316095z  Created
 Container openriak-kv-3.4.0-amazon-linux-2023-otp26-node-1-t-316095z  Starting
 Container openriak-kv-3.4.0-amazon-linux-2023-otp26-node-3-t-316095z  Starting
 Container openriak-kv-3.4.0-amazon-linux-2023-otp26-node-2-t-316095z  Starting
 Container openriak-kv-3.4.0-amazon-linux-2023-otp26-node-4-t-316095z  Starting
 Container openriak-kv-3.4.0-amazon-linux-2023-otp26-node-5-t-316095z  Starting
 Container openriak-kv-3.4.0-amazon-linux-2023-otp26-node-2-t-316095z  Started
 Container openriak-kv-3.4.0-amazon-linux-2023-otp26-node-1-t-316095z  Started
 Container openriak-kv-3.4.0-amazon-linux-2023-otp26-node-4-t-316095z  Started
 Container openriak-kv-3.4.0-amazon-linux-2023-otp26-node-3-t-316095z  Started
 Container openriak-kv-3.4.0-amazon-linux-2023-otp26-node-5-t-316095z  Started

timeout_seconds: 3600
exit_code: 0
