$ /usr/bin/docker compose --env-file /tmp/openriak-docker-3.4.0-amazon-linux-2023-otp26-_wqvglix/.env.cluster --project-directory /tmp/openriak-docker-3.4.0-amazon-linux-2023-otp26-_wqvglix --file /tmp/openriak-docker-3.4.0-amazon-linux-2023-otp26-_wqvglix/compose.cluster.test.yaml down --remove-orphans --timeout 120
started: 2026-09-11T12:44:46Z
 Container openriak-kv-3.4.0-amazon-linux-2023-otp26-node-1-t-316095z  Stopping
 Container openriak-kv-3.4.0-amazon-linux-2023-otp26-node-4-t-316095z  Stopping
 Container openriak-kv-3.4.0-amazon-linux-2023-otp26-node-5-t-316095z  Stopping
 Container openriak-kv-3.4.0-amazon-linux-2023-otp26-node-2-t-316095z  Stopping
 Container openriak-kv-3.4.0-amazon-linux-2023-otp26-node-3-t-316095z  Stopping
 Container openriak-kv-3.4.0-amazon-linux-2023-otp26-node-4-t-316095z  Stopped
 Container openriak-kv-3.4.0-amazon-linux-2023-otp26-node-4-t-316095z  Removing
 Container openriak-kv-3.4.0-amazon-linux-2023-otp26-node-3-t-316095z  Stopped
 Container openriak-kv-3.4.0-amazon-linux-2023-otp26-node-3-t-316095z  Removing
 Container openriak-kv-3.4.0-amazon-linux-2023-otp26-node-2-t-316095z  Stopped
 Container openriak-kv-3.4.0-amazon-linux-2023-otp26-node-2-t-316095z  Removing
 Container openriak-kv-3.4.0-amazon-linux-2023-otp26-node-5-t-316095z  Stopped
 Container openriak-kv-3.4.0-amazon-linux-2023-otp26-node-5-t-316095z  Removing
 Container openriak-kv-3.4.0-amazon-linux-2023-otp26-node-1-t-316095z  Stopped
 Container openriak-kv-3.4.0-amazon-linux-2023-otp26-node-1-t-316095z  Removing
 Container openriak-kv-3.4.0-amazon-linux-2023-otp26-node-3-t-316095z  Removed
 Container openriak-kv-3.4.0-amazon-linux-2023-otp26-node-4-t-316095z  Removed
 Container openriak-kv-3.4.0-amazon-linux-2023-otp26-node-5-t-316095z  Removed
 Container openriak-kv-3.4.0-amazon-linux-2023-otp26-node-2-t-316095z  Removed
 Container openriak-kv-3.4.0-amazon-linux-2023-otp26-node-1-t-316095z  Removed
 Network openriak-kv-340-amazon-linux-2023-otp26-node-cluster_openriak  Removing
 Network openriak-kv-340-amazon-linux-2023-otp26-node-cluster_openriak  Removed

timeout_seconds: 3600
exit_code: 0
