$ /usr/bin/docker logs openriak-kv-3.4.0-amazon-linux-2023-otp26-node-t-316095z
started: 2026-09-11T12:04:46Z
2026-09-11T21:02:14+09:00 [openriak-entrypoint] configuration: timezone = Asia/Tokyo
usermod: no changes
2026-09-11T21:02:15+09:00 [openriak-entrypoint] configuration: riak UID/GID = 19001/19002
2026-09-11T21:02:15+09:00 [openriak-entrypoint] configuration: preparing mounted directories
2026-09-11T21:02:15+09:00 [openriak-entrypoint] configuration: using existing /etc/riak/riak.conf
2026-09-11T21:02:15+09:00 [openriak-entrypoint] configuration: current Docker IPv4 address = 172.19.0.2
2026-09-11T21:02:15+09:00 [openriak-entrypoint] configuration: preserving distributed cookie from existing riak.conf
2026-09-11T21:02:15+09:00 [openriak-entrypoint] configuration: preserving nodename from existing riak.conf
2026-09-11T21:02:15+09:00 [openriak-entrypoint] configuration: effective distributed cookie = openriak-e5c7d21784b785a451e18f16847e16d0
2026-09-11T21:02:16+09:00 [openriak-entrypoint] configuration: preserving ring_size from existing riak.conf
2026-09-11T21:02:16+09:00 [openriak-entrypoint] configuration: preserving storage_backend from existing riak.conf
2026-09-11T21:02:16+09:00 [openriak-entrypoint] configuration: preserving anti_entropy from existing riak.conf
2026-09-11T21:02:16+09:00 [openriak-entrypoint] configuration: preserving tictacaae_active from existing riak.conf
2026-09-11T21:02:16+09:00 [openriak-entrypoint] configuration: preserving tictacaae_storeheads from existing riak.conf
2026-09-11T21:02:16+09:00 [openriak-entrypoint] configuration: preserving listener.http.internal from existing riak.conf
2026-09-11T21:02:16+09:00 [openriak-entrypoint] configuration: preserving listener.protobuf.internal from existing riak.conf
2026-09-11T21:02:16+09:00 [openriak-entrypoint] configuration: preserving logger.max_file_size from existing riak.conf
2026-09-11T21:02:16+09:00 [openriak-entrypoint] configuration: preserving logger.max_files from existing riak.conf
2026-09-11T21:02:16+09:00 [openriak-entrypoint] startup: validating configuration and generating VM arguments
2026-09-11T21:02:39+09:00 [openriak-entrypoint] startup: configuration is valid (config is OK -config /var/lib/riak/generated.conf/app.2026.09.11.21.02.24.config -args_file /var/lib/riak/generated.conf/vm.2026.09.11.21.02.24.args -vm_args /var/lib/riak/generated.conf/vm.2026.09.11.21.02.24.args)
2026-09-11T21:02:39+09:00 [openriak-entrypoint] startup: starting OpenRiak as a daemon
2026-09-11T21:03:27+09:00 [openriak-entrypoint] startup: daemon command completed
2026-09-11T21:03:27+09:00 [openriak-entrypoint] startup: waiting for BEAM and riak ping
2026-09-11T21:03:32+09:00 [openriak-entrypoint] startup: BEAM is running and riak ping returned pong
2026-09-11T21:03:32+09:00 [openriak-entrypoint] startup: waiting for the riak_kv service
2026-09-11T21:03:43+09:00 [openriak-entrypoint] startup: riak_kv service is up ([riak_kv,riak_pipe,riak_repl])
2026-09-11T21:03:43+09:00 [openriak-entrypoint] startup: waiting for Riak transfers to complete
2026-09-11T21:03:54+09:00 [openriak-entrypoint] startup: transfers complete (No transfers active Active Transfers: ok)
2026-09-11T21:03:54+09:00 [openriak-entrypoint] startup: OpenRiak is ready
2026-09-11T21:03:54+09:00 [openriak-entrypoint] monitor: sleeping for 1s
2026-09-11T21:04:00+09:00 [openriak-entrypoint] monitor: BEAM is running and riak ping returned pong
2026-09-11T21:04:00+09:00 [openriak-entrypoint] monitor: sleeping for 1s
2026-09-11T21:04:08+09:00 [openriak-entrypoint] monitor: BEAM is running and riak ping returned pong
2026-09-11T21:04:08+09:00 [openriak-entrypoint] monitor: sleeping for 1s
2026-09-11T21:04:16+09:00 [openriak-entrypoint] monitor: BEAM is running and riak ping returned pong
2026-09-11T21:04:16+09:00 [openriak-entrypoint] monitor: sleeping for 1s
2026-09-11T21:04:22+09:00 [openriak-entrypoint] shutdown: received SIGTERM
2026-09-11T21:04:22+09:00 [openriak-entrypoint] shutdown: requesting OpenRiak stop
2026-09-11T21:04:42+09:00 [openriak-entrypoint] shutdown: OpenRiak accepted the stop request
2026-09-11T21:04:42+09:00 [openriak-entrypoint] shutdown: waiting for BEAM to stop (attempt 1)
2026-09-11T21:04:43+09:00 [openriak-entrypoint] shutdown: waiting for BEAM to stop (attempt 2)
2026-09-11T21:04:45+09:00 [openriak-entrypoint] shutdown: waiting for BEAM to stop (attempt 3)
2026-09-11T21:04:46+09:00 [openriak-entrypoint] shutdown: BEAM stopped; container is exiting

timeout_seconds: 3600
exit_code: 0
