$ /usr/bin/docker exec openriak-kv-3.4.0-amazon-linux-2023-otp26-node-t-316095z sh -c 'date +%z
id -u riak
id -g riak
stat -c '"'"'%u:%g'"'"' /etc/riak /var/lib/riak /var/log/riak'
started: 2026-09-11T12:04:12Z
+0900
19001
19002
19001:19002
19001:19002
19001:19002

timeout_seconds: 3600
exit_code: 0
$ /usr/bin/docker container inspect openriak-kv-3.4.0-amazon-linux-2023-otp26-node-t-316095z
started: 2026-09-11T12:04:13Z
[
    {
        "Id": "d65a1775e641459cb7c5a61a3245fb143419a0d368f73df511baeb106a1dcc53",
        "Created": "2026-09-11T12:02:14.286883648Z",
        "Path": "/usr/local/bin/openriak-entrypoint",
        "Args": [],
        "State": {
            "Status": "running",
            "Running": true,
            "Paused": false,
            "Restarting": false,
            "OOMKilled": false,
            "Dead": false,
            "Pid": 357252,
            "ExitCode": 0,
            "Error": "",
            "StartedAt": "2026-09-11T12:02:14.321141105Z",
            "FinishedAt": "0001-01-01T00:00:00Z",
            "Health": {
                "Status": "healthy",
                "FailingStreak": 0,
                "Log": [
                    {
                        "Start": "2026-09-11T12:02:48.004078527Z",
                        "End": "2026-09-11T12:02:53.677898611Z",
                        "ExitCode": 1,
                        "Output": "OpenRiak healthcheck failed: riak ping did not return pong\n"
                    },
                    {
                        "Start": "2026-09-11T12:02:58.679403574Z",
                        "End": "2026-09-11T12:03:06.922295765Z",
                        "ExitCode": 0,
                        "Output": "OpenRiak healthcheck passed: BEAM is running and riak ping returned pong\n"
                    },
                    {
                        "Start": "2026-09-11T12:03:16.922970388Z",
                        "End": "2026-09-11T12:03:23.907563761Z",
                        "ExitCode": 0,
                        "Output": "OpenRiak healthcheck passed: BEAM is running and riak ping returned pong\n"
                    },
                    {
                        "Start": "2026-09-11T12:03:33.908600936Z",
                        "End": "2026-09-11T12:03:39.965035714Z",
                        "ExitCode": 0,
                        "Output": "OpenRiak healthcheck passed: BEAM is running and riak ping returned pong\n"
                    },
                    {
                        "Start": "2026-09-11T12:03:49.966163303Z",
                        "End": "2026-09-11T12:03:56.133613188Z",
                        "ExitCode": 0,
                        "Output": "OpenRiak healthcheck passed: BEAM is running and riak ping returned pong\n"
                    }
                ]
            }
        },
        "Image": "sha256:ab52869e92bf83ba3f73542475ac3b041ecadb23e6fac8bd8749672f17645315",
        "ResolvConfPath": "/var/lib/docker/containers/d65a1775e641459cb7c5a61a3245fb143419a0d368f73df511baeb106a1dcc53/resolv.conf",
        "HostnamePath": "/var/lib/docker/containers/d65a1775e641459cb7c5a61a3245fb143419a0d368f73df511baeb106a1dcc53/hostname",
        "HostsPath": "/var/lib/docker/containers/d65a1775e641459cb7c5a61a3245fb143419a0d368f73df511baeb106a1dcc53/hosts",
        "LogPath": "/var/lib/docker/containers/d65a1775e641459cb7c5a61a3245fb143419a0d368f73df511baeb106a1dcc53/d65a1775e641459cb7c5a61a3245fb143419a0d368f73df511baeb106a1dcc53-json.log",
        "Name": "/openriak-kv-3.4.0-amazon-linux-2023-otp26-node-t-316095z",
        "RestartCount": 0,
        "Driver": "overlay2",
        "Platform": "linux",
        "MountLabel": "",
        "ProcessLabel": "",
        "AppArmorProfile": "docker-default",
        "ExecIDs": [
            "6100571e029ca296ec9e11e7147c3446217d18b389660f033b3e01cfb7fdafe1"
        ],
        "HostConfig": {
            "Binds": [
                "/tmp/openriak-docker-3.4.0-amazon-linux-2023-otp26-_wqvglix/openriak-kv-3.4.0-amazon-linux-2023-otp26-node/logs:/var/log/riak:rw",
                "/tmp/openriak-docker-3.4.0-amazon-linux-2023-otp26-_wqvglix/openriak-kv-3.4.0-amazon-linux-2023-otp26-node/config:/etc/riak:rw",
                "/tmp/openriak-docker-3.4.0-amazon-linux-2023-otp26-_wqvglix/openriak-kv-3.4.0-amazon-linux-2023-otp26-node/data:/var/lib/riak:rw"
            ],
            "ContainerIDFile": "",
            "LogConfig": {
                "Type": "json-file",
                "Config": {
                    "max-file": "3",
                    "max-size": "10m"
                }
            },
            "NetworkMode": "openriak-kv-340-amazon-linux-2023-otp26-node_openriak",
            "PortBindings": {},
            "RestartPolicy": {
                "Name": "no",
                "MaximumRetryCount": 0
            },
            "AutoRemove": false,
            "VolumeDriver": "",
            "VolumesFrom": null,
            "ConsoleSize": [
                0,
                0
            ],
            "CapAdd": null,
            "CapDrop": null,
            "CgroupnsMode": "private",
            "Dns": null,
            "DnsOptions": null,
            "DnsSearch": null,
            "ExtraHosts": [],
            "GroupAdd": null,
            "IpcMode": "private",
            "Cgroup": "",
            "Links": null,
            "OomScoreAdj": 0,
            "PidMode": "",
            "Privileged": false,
            "PublishAllPorts": false,
            "ReadonlyRootfs": false,
            "SecurityOpt": null,
            "UTSMode": "",
            "UsernsMode": "",
            "ShmSize": 67108864,
            "Runtime": "runc",
            "Isolation": "",
            "CpuShares": 0,
            "Memory": 0,
            "NanoCpus": 0,
            "CgroupParent": "",
            "BlkioWeight": 0,
            "BlkioWeightDevice": null,
            "BlkioDeviceReadBps": null,
            "BlkioDeviceWriteBps": null,
            "BlkioDeviceReadIOps": null,
            "BlkioDeviceWriteIOps": null,
            "CpuPeriod": 0,
            "CpuQuota": 0,
            "CpuRealtimePeriod": 0,
            "CpuRealtimeRuntime": 0,
            "CpusetCpus": "",
            "CpusetMems": "",
            "Devices": null,
            "DeviceCgroupRules": null,
            "DeviceRequests": null,
            "MemoryReservation": 0,
            "MemorySwap": 0,
            "MemorySwappiness": null,
            "OomKillDisable": null,
            "PidsLimit": null,
            "Ulimits": [
                {
                    "Name": "nofile",
                    "Hard": 100000,
                    "Soft": 100000
                }
            ],
            "CpuCount": 0,
            "CpuPercent": 0,
            "IOMaximumIOps": 0,
            "IOMaximumBandwidth": 0,
            "MaskedPaths": [
                "/proc/asound",
                "/proc/acpi",
                "/proc/kcore",
                "/proc/keys",
                "/proc/latency_stats",
                "/proc/timer_list",
                "/proc/timer_stats",
                "/proc/sched_debug",
                "/proc/scsi",
                "/sys/firmware",
                "/sys/devices/virtual/powercap"
            ],
            "ReadonlyPaths": [
                "/proc/bus",
                "/proc/fs",
                "/proc/irq",
                "/proc/sys",
                "/proc/sysrq-trigger"
            ]
        },
        "GraphDriver": {
            "Data": {
                "LowerDir": "/var/lib/docker/overlay2/cf781e77e9810bd83a954ac2677ffb349b244fea3b889a311ffbbd48cad10bbd-init/diff:/var/lib/docker/overlay2/9509f9294d5f743faec3b82fe47b3c41df11d4cd8ff145c5acd0f9e5d1a034d8/diff:/var/lib/docker/overlay2/ae171278b35936b2fe187c4b7ec513f3e189eb757dea1987d3f6a39f72cdef48/diff:/var/lib/docker/overlay2/ecc68517d19cb3c686ca28dee845e255114f6463ca81509183ef93931e35d0ca/diff:/var/lib/docker/overlay2/a199d856bc4e6b6470d196dbedc8d23315ded93e414059b4f4d09fc4d9bef278/diff:/var/lib/docker/overlay2/0be06b1c93ff2e120d664f98fdf0fc3ca9cf95638afad282aa4d1c35733e57b1/diff:/var/lib/docker/overlay2/0dc84e3108b1a417fadb08b63595a391e5307f324902cee66025f31d7961225f/diff",
                "MergedDir": "/var/lib/docker/overlay2/cf781e77e9810bd83a954ac2677ffb349b244fea3b889a311ffbbd48cad10bbd/merged",
                "UpperDir": "/var/lib/docker/overlay2/cf781e77e9810bd83a954ac2677ffb349b244fea3b889a311ffbbd48cad10bbd/diff",
                "WorkDir": "/var/lib/docker/overlay2/cf781e77e9810bd83a954ac2677ffb349b244fea3b889a311ffbbd48cad10bbd/work"
            },
            "Name": "overlay2"
        },
        "Mounts": [
            {
                "Type": "bind",
                "Source": "/tmp/openriak-docker-3.4.0-amazon-linux-2023-otp26-_wqvglix/openriak-kv-3.4.0-amazon-linux-2023-otp26-node/logs",
                "Destination": "/var/log/riak",
                "Mode": "rw",
                "RW": true,
                "Propagation": "rprivate"
            },
            {
                "Type": "bind",
                "Source": "/tmp/openriak-docker-3.4.0-amazon-linux-2023-otp26-_wqvglix/openriak-kv-3.4.0-amazon-linux-2023-otp26-node/config",
                "Destination": "/etc/riak",
                "Mode": "rw",
                "RW": true,
                "Propagation": "rprivate"
            },
            {
                "Type": "bind",
                "Source": "/tmp/openriak-docker-3.4.0-amazon-linux-2023-otp26-_wqvglix/openriak-kv-3.4.0-amazon-linux-2023-otp26-node/data",
                "Destination": "/var/lib/riak",
                "Mode": "rw",
                "RW": true,
                "Propagation": "rprivate"
            }
        ],
        "Config": {
            "Hostname": "node-01.cluster-a.openriak",
            "Domainname": "",
            "User": "",
            "AttachStdin": false,
            "AttachStdout": true,
            "AttachStderr": true,
            "ExposedPorts": {
                "8087/tcp": {},
                "8098/tcp": {}
            },
            "Tty": false,
            "OpenStdin": false,
            "StdinOnce": false,
            "Env": [
                "TZ=Asia/Tokyo",
                "RIAK_UID=19001",
                "RIAK_GID=19002",
                "RIAK_LOG_MAX_FILE_SIZE=2MB",
                "RIAK_LOG_MAX_FILES=4",
                "RIAK_NODE_HOST=node-01.cluster-a.openriak",
                "RIAK_DISTRIBUTED_COOKIE=openriak-31ee41309259a91e2731ae7f69df8b70",
                "RIAK_MONITOR_INTERVAL_SECONDS=1",
                "PATH=/usr/local/sbin:/usr/local/bin:/usr/sbin:/usr/bin:/sbin:/bin",
                "RIAK_NODE_NAME=",
                "RIAK_RING_SIZE=8",
                "RIAK_STORAGE_BACKEND=leveled",
                "RIAK_ANTI_ENTROPY=passive",
                "RIAK_TICTACAAE_ACTIVE=active",
                "RIAK_TICTACAAE_STOREHEADS=enabled",
                "RIAK_HTTP_LISTENER=0.0.0.0:8098",
                "RIAK_PB_LISTENER=0.0.0.0:8087",
                "RIAK_NOFILE_LIMIT=100000",
                "RIAK_INIT_ONLY=0",
                "RIAK_STARTUP_POLL_SECONDS=1",
                "RIAK_SHUTDOWN_POLL_SECONDS=1",
                "OPENRIAK_CLUSTER_MODE=single",
                "OPENRIAK_CLUSTER_CONTROL_DIR=/var/lib/openriak-cluster-control",
                "OPENRIAK_CLUSTER_POLL_SECONDS=1",
                "OPENRIAK_CLUSTER_WAIT_SECONDS=300",
                "role="
            ],
            "Cmd": null,
            "Healthcheck": {
                "Test": [
                    "CMD",
                    "/usr/local/bin/openriak-healthcheck"
                ],
                "Interval": 10000000000,
                "Timeout": 60000000000,
                "StartPeriod": 120000000000,
                "Retries": 3
            },
            "Image": "tiotjp/openriak-kv:test-3.4.0-amazon-linux-2023-otp26-linux-arm64-20260911t115738.316095z",
            "Volumes": {
                "/etc/riak": {},
                "/var/lib/riak": {},
                "/var/log/riak": {}
            },
            "WorkingDir": "/",
            "Entrypoint": [
                "/usr/local/bin/openriak-entrypoint"
            ],
            "OnBuild": null,
            "Labels": {
                "com.docker.compose.config-hash": "081bd6aa6ff0b63a863a96a4aee21c200adbccd51ee0485135d40ec47bcbe100",
                "com.docker.compose.container-number": "1",
                "com.docker.compose.depends_on": "",
                "com.docker.compose.image": "sha256:ab52869e92bf83ba3f73542475ac3b041ecadb23e6fac8bd8749672f17645315",
                "com.docker.compose.oneoff": "False",
                "com.docker.compose.project": "openriak-kv-340-amazon-linux-2023-otp26-node",
                "com.docker.compose.project.config_files": "/tmp/openriak-docker-3.4.0-amazon-linux-2023-otp26-_wqvglix/compose.single.test.yaml",
                "com.docker.compose.project.environment_file": "/tmp/openriak-docker-3.4.0-amazon-linux-2023-otp26-_wqvglix/.env.single",
                "com.docker.compose.project.working_dir": "/tmp/openriak-docker-3.4.0-amazon-linux-2023-otp26-_wqvglix",
                "com.docker.compose.service": "node",
                "com.docker.compose.version": "2.29.1",
                "org.opencontainers.image.description": "Package-backed OpenRiak KV with single-node and cluster startup support",
                "org.opencontainers.image.source": "https://github.com/TI-Tokyo/openriak-docs",
                "org.opencontainers.image.title": "OpenRiak KV",
                "org.opencontainers.image.url": "https://www.tiot.jp/",
                "org.opencontainers.image.vendor": "TI Tokyo",
                "org.opencontainers.image.version": "3.4.0",
                "org.openriak.image.tag": "tiotjp/openriak-kv:3.4.0-amazon-linux-2023-otp26",
                "org.openriak.os.name": "amazon-linux",
                "org.openriak.os.release": "2023",
                "org.openriak.os.version": "2023",
                "org.openriak.otp.version": "26"
            },
            "StopSignal": "SIGTERM",
            "StopTimeout": 120
        },
        "NetworkSettings": {
            "Bridge": "",
            "SandboxID": "4bd408119b642edb64e6426a5c6b6c4c541e421a91430ff8c741212635d7dcb7",
            "SandboxKey": "/var/run/docker/netns/4bd408119b64",
            "Ports": {
                "8087/tcp": null,
                "8098/tcp": null
            },
            "HairpinMode": false,
            "LinkLocalIPv6Address": "",
            "LinkLocalIPv6PrefixLen": 0,
            "SecondaryIPAddresses": null,
            "SecondaryIPv6Addresses": null,
            "EndpointID": "",
            "Gateway": "",
            "GlobalIPv6Address": "",
            "GlobalIPv6PrefixLen": 0,
            "IPAddress": "",
            "IPPrefixLen": 0,
            "IPv6Gateway": "",
            "MacAddress": "",
            "Networks": {
                "openriak-kv-340-amazon-linux-2023-otp26-node_openriak": {
                    "IPAMConfig": {},
                    "Links": null,
                    "Aliases": [
                        "openriak-kv-3.4.0-amazon-linux-2023-otp26-node-t-316095z",
                        "node",
                        "node-01.cluster-a.openriak"
                    ],
                    "MacAddress": "02:42:ac:13:00:02",
                    "DriverOpts": null,
                    "NetworkID": "7030b53891ae53becc98c2f7943153cf243b72b7901f2968063035fe5128725f",
                    "EndpointID": "5b987cb25857bcfdc997a09361ff1d59be5f55bc919c4c0806f475391ef2c0ce",
                    "Gateway": "172.19.0.1",
                    "IPAddress": "172.19.0.2",
                    "IPPrefixLen": 16,
                    "IPv6Gateway": "",
                    "GlobalIPv6Address": "",
                    "GlobalIPv6PrefixLen": 0,
                    "DNSNames": [
                        "openriak-kv-3.4.0-amazon-linux-2023-otp26-node-t-316095z",
                        "node",
                        "node-01.cluster-a.openriak",
                        "d65a1775e641"
                    ]
                }
            }
        }
    }
]

timeout_seconds: 3600
exit_code: 0
