$ /usr/bin/docker compose --env-file /tmp/openriak-docker-3.4.1-rocky-8-otp26-6xddtw3h/.env.cluster --project-directory /tmp/openriak-docker-3.4.1-rocky-8-otp26-6xddtw3h --file /tmp/openriak-docker-3.4.1-rocky-8-otp26-6xddtw3h/compose.cluster.test.yaml down --remove-orphans --timeout 120
started: 2026-09-11T11:52:42Z
 Container openriak-kv-3.4.1-rocky-8-otp26-node-2-t-749048z Stopping 
 Container openriak-kv-3.4.1-rocky-8-otp26-node-3-t-749048z Stopping 
 Container openriak-kv-3.4.1-rocky-8-otp26-node-1-t-749048z Stopping 
 Container openriak-kv-3.4.1-rocky-8-otp26-node-5-t-749048z Stopping 
 Container openriak-kv-3.4.1-rocky-8-otp26-node-4-t-749048z Stopping 
 Container openriak-kv-3.4.1-rocky-8-otp26-node-1-t-749048z Stopped 
 Container openriak-kv-3.4.1-rocky-8-otp26-node-1-t-749048z Removing 
 Container openriak-kv-3.4.1-rocky-8-otp26-node-2-t-749048z Stopped 
 Container openriak-kv-3.4.1-rocky-8-otp26-node-2-t-749048z Removing 
 Container openriak-kv-3.4.1-rocky-8-otp26-node-3-t-749048z Stopped 
 Container openriak-kv-3.4.1-rocky-8-otp26-node-3-t-749048z Removing 
 Container openriak-kv-3.4.1-rocky-8-otp26-node-4-t-749048z Stopped 
 Container openriak-kv-3.4.1-rocky-8-otp26-node-4-t-749048z Removing 
 Container openriak-kv-3.4.1-rocky-8-otp26-node-5-t-749048z Stopped 
 Container openriak-kv-3.4.1-rocky-8-otp26-node-5-t-749048z Removing 
 Container openriak-kv-3.4.1-rocky-8-otp26-node-1-t-749048z Removed 
 Container openriak-kv-3.4.1-rocky-8-otp26-node-2-t-749048z Removed 
 Container openriak-kv-3.4.1-rocky-8-otp26-node-3-t-749048z Removed 
 Container openriak-kv-3.4.1-rocky-8-otp26-node-4-t-749048z Removed 
 Container openriak-kv-3.4.1-rocky-8-otp26-node-5-t-749048z Removed 
 Network openriak-kv-341-rocky-8-otp26-node-cluster_openriak Removing 
 Network openriak-kv-341-rocky-8-otp26-node-cluster_openriak Removed 

timeout_seconds: 3600
exit_code: 0
