$ /usr/bin/docker exec openriak-kv-3.4.1-rocky-8-otp26-node-3-t-749048z sh -c 'date +%z
id -u riak
id -g riak
stat -c '"'"'%u:%g'"'"' /etc/riak /var/lib/riak /var/log/riak'
started: 2026-09-11T11:52:30Z
+0900
19001
19002
19001:19002
19001:19002
19001:19002

timeout_seconds: 3600
exit_code: 0
$ /usr/bin/docker container inspect openriak-kv-3.4.1-rocky-8-otp26-node-3-t-749048z
started: 2026-09-11T11:52:31Z
[
    {
        "Id": "5a6cf69ca419e0b3f4a60e3eb7ac4ab7fc52fea2d72e0b60681712b5446113da",
        "Created": "2026-09-11T11:49:11.127493055Z",
        "Path": "/usr/local/bin/openriak-entrypoint",
        "Args": [],
        "State": {
            "Status": "running",
            "Running": true,
            "Paused": false,
            "Restarting": false,
            "OOMKilled": false,
            "Dead": false,
            "Pid": 32504,
            "ExitCode": 0,
            "Error": "",
            "StartedAt": "2026-09-11T11:49:11.451275169Z",
            "FinishedAt": "0001-01-01T00:00:00Z",
            "Health": {
                "Status": "healthy",
                "FailingStreak": 0,
                "Log": [
                    {
                        "Start": "2026-09-11T11:51:35.987253268Z",
                        "End": "2026-09-11T11:51:36.815435898Z",
                        "ExitCode": 0,
                        "Output": "OpenRiak healthcheck passed: BEAM is running and riak ping returned pong\n"
                    },
                    {
                        "Start": "2026-09-11T11:51:48.73103673Z",
                        "End": "2026-09-11T11:51:49.64863351Z",
                        "ExitCode": 0,
                        "Output": "OpenRiak healthcheck passed: BEAM is running and riak ping returned pong\n"
                    },
                    {
                        "Start": "2026-09-11T11:51:59.650264269Z",
                        "End": "2026-09-11T11:52:00.183294997Z",
                        "ExitCode": 0,
                        "Output": "OpenRiak healthcheck passed: BEAM is running and riak ping returned pong\n"
                    },
                    {
                        "Start": "2026-09-11T11:52:10.184353984Z",
                        "End": "2026-09-11T11:52:10.808387399Z",
                        "ExitCode": 0,
                        "Output": "OpenRiak healthcheck passed: BEAM is running and riak ping returned pong\n"
                    },
                    {
                        "Start": "2026-09-11T11:52:22.733646133Z",
                        "End": "2026-09-11T11:52:23.437897012Z",
                        "ExitCode": 0,
                        "Output": "OpenRiak healthcheck passed: BEAM is running and riak ping returned pong\n"
                    }
                ]
            }
        },
        "Image": "sha256:b06c81699bb7dc4aa4c927b36483792b7a78bbcba7879db9bb87144dc96feab3",
        "ResolvConfPath": "/var/lib/docker/containers/5a6cf69ca419e0b3f4a60e3eb7ac4ab7fc52fea2d72e0b60681712b5446113da/resolv.conf",
        "HostnamePath": "/var/lib/docker/containers/5a6cf69ca419e0b3f4a60e3eb7ac4ab7fc52fea2d72e0b60681712b5446113da/hostname",
        "HostsPath": "/var/lib/docker/containers/5a6cf69ca419e0b3f4a60e3eb7ac4ab7fc52fea2d72e0b60681712b5446113da/hosts",
        "LogPath": "/var/lib/docker/containers/5a6cf69ca419e0b3f4a60e3eb7ac4ab7fc52fea2d72e0b60681712b5446113da/5a6cf69ca419e0b3f4a60e3eb7ac4ab7fc52fea2d72e0b60681712b5446113da-json.log",
        "Name": "/openriak-kv-3.4.1-rocky-8-otp26-node-3-t-749048z",
        "RestartCount": 0,
        "Driver": "overlay2",
        "Platform": "linux",
        "MountLabel": "",
        "ProcessLabel": "",
        "AppArmorProfile": "",
        "ExecIDs": null,
        "HostConfig": {
            "Binds": [
                "/tmp/openriak-docker-3.4.1-rocky-8-otp26-6xddtw3h/openriak-kv-3.4.1-rocky-8-otp26-node-3/config:/etc/riak:rw",
                "/tmp/openriak-docker-3.4.1-rocky-8-otp26-6xddtw3h/openriak-kv-3.4.1-rocky-8-otp26-node-3/data:/var/lib/riak:rw",
                "/tmp/openriak-docker-3.4.1-rocky-8-otp26-6xddtw3h/openriak-kv-3.4.1-rocky-8-otp26-node-3/logs:/var/log/riak:rw",
                "/tmp/openriak-docker-3.4.1-rocky-8-otp26-6xddtw3h/openriak-kv-3.4.1-rocky-8-otp26-node-cluster-control:/var/lib/openriak-cluster-control:rw"
            ],
            "ContainerIDFile": "",
            "LogConfig": {
                "Type": "json-file",
                "Config": {
                    "max-file": "3",
                    "max-size": "10m"
                }
            },
            "NetworkMode": "openriak-kv-341-rocky-8-otp26-node-cluster_openriak",
            "PortBindings": {},
            "RestartPolicy": {
                "Name": "no",
                "MaximumRetryCount": 0
            },
            "AutoRemove": false,
            "VolumeDriver": "",
            "VolumesFrom": null,
            "ConsoleSize": [
                0,
                0
            ],
            "CapAdd": null,
            "CapDrop": null,
            "CgroupnsMode": "private",
            "Dns": null,
            "DnsOptions": null,
            "DnsSearch": null,
            "ExtraHosts": [],
            "GroupAdd": null,
            "IpcMode": "private",
            "Cgroup": "",
            "Links": null,
            "OomScoreAdj": 0,
            "PidMode": "",
            "Privileged": false,
            "PublishAllPorts": false,
            "ReadonlyRootfs": false,
            "SecurityOpt": null,
            "UTSMode": "",
            "UsernsMode": "",
            "ShmSize": 67108864,
            "Runtime": "runc",
            "Isolation": "",
            "CpuShares": 0,
            "Memory": 0,
            "NanoCpus": 0,
            "CgroupParent": "",
            "BlkioWeight": 0,
            "BlkioWeightDevice": null,
            "BlkioDeviceReadBps": null,
            "BlkioDeviceWriteBps": null,
            "BlkioDeviceReadIOps": null,
            "BlkioDeviceWriteIOps": null,
            "CpuPeriod": 0,
            "CpuQuota": 0,
            "CpuRealtimePeriod": 0,
            "CpuRealtimeRuntime": 0,
            "CpusetCpus": "",
            "CpusetMems": "",
            "Devices": null,
            "DeviceCgroupRules": null,
            "DeviceRequests": null,
            "MemoryReservation": 0,
            "MemorySwap": 0,
            "MemorySwappiness": null,
            "OomKillDisable": null,
            "PidsLimit": null,
            "Ulimits": [
                {
                    "Name": "nofile",
                    "Hard": 100000,
                    "Soft": 100000
                }
            ],
            "CpuCount": 0,
            "CpuPercent": 0,
            "IOMaximumIOps": 0,
            "IOMaximumBandwidth": 0,
            "MaskedPaths": [
                "/proc/acpi",
                "/proc/asound",
                "/proc/interrupts",
                "/proc/kcore",
                "/proc/keys",
                "/proc/latency_stats",
                "/proc/sched_debug",
                "/proc/scsi",
                "/proc/timer_list",
                "/proc/timer_stats",
                "/sys/devices/virtual/powercap",
                "/sys/firmware"
            ],
            "ReadonlyPaths": [
                "/proc/bus",
                "/proc/fs",
                "/proc/irq",
                "/proc/sys",
                "/proc/sysrq-trigger"
            ]
        },
        "GraphDriver": {
            "Data": {
                "ID": "5a6cf69ca419e0b3f4a60e3eb7ac4ab7fc52fea2d72e0b60681712b5446113da",
                "LowerDir": "/var/lib/docker/overlay2/f99cb08c06e8e172ffffb9f10f030f14180252132f6663aeb15375481d8e940e-init/diff:/var/lib/docker/overlay2/bc58c92e09eec1286462a063d7940566f729ef32d71c6ea6c055e28a53591ede/diff:/var/lib/docker/overlay2/618212c09b8478d2e3055b819705b43dd9ec41c65ab38f34ec324771d1dd1df8/diff:/var/lib/docker/overlay2/faa3c05333a5b6ecdb1c9ed9ff79aa9c204969a75051e78ae4dc6ae79e7c756b/diff:/var/lib/docker/overlay2/24d5ecc3ad187d8c1cf9c18e954816c8c568f05db7db1565e7862f92eb4f441c/diff:/var/lib/docker/overlay2/80490b6ca20ddcfde33019ca004800402ef184b121dd41b63bd7d5ec220c8734/diff",
                "MergedDir": "/var/lib/docker/overlay2/f99cb08c06e8e172ffffb9f10f030f14180252132f6663aeb15375481d8e940e/merged",
                "UpperDir": "/var/lib/docker/overlay2/f99cb08c06e8e172ffffb9f10f030f14180252132f6663aeb15375481d8e940e/diff",
                "WorkDir": "/var/lib/docker/overlay2/f99cb08c06e8e172ffffb9f10f030f14180252132f6663aeb15375481d8e940e/work"
            },
            "Name": "overlay2"
        },
        "Mounts": [
            {
                "Type": "bind",
                "Source": "/tmp/openriak-docker-3.4.1-rocky-8-otp26-6xddtw3h/openriak-kv-3.4.1-rocky-8-otp26-node-cluster-control",
                "Destination": "/var/lib/openriak-cluster-control",
                "Mode": "rw",
                "RW": true,
                "Propagation": "rprivate"
            },
            {
                "Type": "bind",
                "Source": "/tmp/openriak-docker-3.4.1-rocky-8-otp26-6xddtw3h/openriak-kv-3.4.1-rocky-8-otp26-node-3/config",
                "Destination": "/etc/riak",
                "Mode": "rw",
                "RW": true,
                "Propagation": "rprivate"
            },
            {
                "Type": "bind",
                "Source": "/tmp/openriak-docker-3.4.1-rocky-8-otp26-6xddtw3h/openriak-kv-3.4.1-rocky-8-otp26-node-3/data",
                "Destination": "/var/lib/riak",
                "Mode": "rw",
                "RW": true,
                "Propagation": "rprivate"
            },
            {
                "Type": "bind",
                "Source": "/tmp/openriak-docker-3.4.1-rocky-8-otp26-6xddtw3h/openriak-kv-3.4.1-rocky-8-otp26-node-3/logs",
                "Destination": "/var/log/riak",
                "Mode": "rw",
                "RW": true,
                "Propagation": "rprivate"
            }
        ],
        "Config": {
            "Hostname": "node-03.cluster-a.openriak",
            "Domainname": "",
            "User": "",
            "AttachStdin": false,
            "AttachStdout": true,
            "AttachStderr": true,
            "ExposedPorts": {
                "8087/tcp": {},
                "8098/tcp": {}
            },
            "Tty": false,
            "OpenStdin": false,
            "StdinOnce": false,
            "Env": [
                "RIAK_NODE_HOST=node-03.cluster-a.openriak",
                "RIAK_GID=19002",
                "OPENRIAK_CLUSTER_POLL_SECONDS=1",
                "RIAK_LOG_MAX_FILES=4",
                "RIAK_LOG_MAX_FILE_SIZE=2MB",
                "RIAK_UID=19001",
                "RIAK_DISTRIBUTED_COOKIE=openriak-b7d1862b1e9372cb93a1bc339392c23c",
                "OPENRIAK_CLUSTER_WAIT_SECONDS=3600",
                "TZ=Asia/Tokyo",
                "RIAK_MONITOR_INTERVAL_SECONDS=1",
                "OPENRIAK_CLUSTER_MODE=cluster",
                "PATH=/usr/local/sbin:/usr/local/bin:/usr/sbin:/usr/bin:/sbin:/bin",
                "RIAK_NODE_NAME=",
                "RIAK_RING_SIZE=8",
                "RIAK_STORAGE_BACKEND=leveled",
                "RIAK_ANTI_ENTROPY=passive",
                "RIAK_TICTACAAE_ACTIVE=active",
                "RIAK_TICTACAAE_STOREHEADS=enabled",
                "RIAK_HTTP_LISTENER=0.0.0.0:8098",
                "RIAK_PB_LISTENER=0.0.0.0:8087",
                "RIAK_NOFILE_LIMIT=100000",
                "RIAK_INIT_ONLY=0",
                "RIAK_STARTUP_POLL_SECONDS=1",
                "RIAK_SHUTDOWN_POLL_SECONDS=1",
                "OPENRIAK_CLUSTER_CONTROL_DIR=/var/lib/openriak-cluster-control",
                "role="
            ],
            "Cmd": null,
            "Healthcheck": {
                "Test": [
                    "CMD",
                    "/usr/local/bin/openriak-healthcheck"
                ],
                "Interval": 10000000000,
                "Timeout": 60000000000,
                "StartPeriod": 120000000000,
                "Retries": 3
            },
            "Image": "tiotjp/openriak-kv:test-3.4.1-rocky-8-otp26-linux-amd64-20260911t114719.749048z",
            "Volumes": {
                "/etc/riak": {},
                "/var/lib/riak": {},
                "/var/log/riak": {}
            },
            "WorkingDir": "/",
            "Entrypoint": [
                "/usr/local/bin/openriak-entrypoint"
            ],
            "Labels": {
                "com.docker.compose.config-hash": "8139abcef24fc0e9d936c3526c11bede48b20bd7fe6202f6bcfefb17bb2f0396",
                "com.docker.compose.container-number": "1",
                "com.docker.compose.depends_on": "",
                "com.docker.compose.image": "sha256:b06c81699bb7dc4aa4c927b36483792b7a78bbcba7879db9bb87144dc96feab3",
                "com.docker.compose.oneoff": "False",
                "com.docker.compose.project": "openriak-kv-341-rocky-8-otp26-node-cluster",
                "com.docker.compose.project.config_files": "/tmp/openriak-docker-3.4.1-rocky-8-otp26-6xddtw3h/compose.cluster.test.yaml",
                "com.docker.compose.project.environment_file": "/tmp/openriak-docker-3.4.1-rocky-8-otp26-6xddtw3h/.env.cluster",
                "com.docker.compose.project.working_dir": "/tmp/openriak-docker-3.4.1-rocky-8-otp26-6xddtw3h",
                "com.docker.compose.service": "node3",
                "com.docker.compose.version": "5.4.0",
                "desktop.docker.io/wsl-distro": "Ubuntu",
                "org.opencontainers.image.description": "Package-backed OpenRiak KV with single-node and cluster startup support",
                "org.opencontainers.image.source": "https://github.com/TI-Tokyo/openriak-docs",
                "org.opencontainers.image.title": "OpenRiak KV",
                "org.opencontainers.image.url": "https://www.tiot.jp/",
                "org.opencontainers.image.vendor": "TI Tokyo",
                "org.opencontainers.image.version": "3.4.1",
                "org.openriak.image.tag": "tiotjp/openriak-kv:3.4.1-rocky-8-otp26",
                "org.openriak.os.name": "rocky",
                "org.openriak.os.release": "8",
                "org.openriak.os.version": "8",
                "org.openriak.otp.version": "26"
            },
            "StopSignal": "SIGTERM",
            "StopTimeout": 120
        },
        "NetworkSettings": {
            "SandboxID": "4646bff652a7e8521d4075aabffd5eeab1bfc2ca0e6b01feb9968e79c166b98b",
            "SandboxKey": "/var/run/docker/netns/4646bff652a7",
            "Ports": {
                "8087/tcp": null,
                "8098/tcp": null
            },
            "Networks": {
                "openriak-kv-341-rocky-8-otp26-node-cluster_openriak": {
                    "IPAMConfig": {},
                    "Links": null,
                    "Aliases": [
                        "openriak-kv-3.4.1-rocky-8-otp26-node-3-t-749048z",
                        "node3",
                        "node-03.cluster-a.openriak"
                    ],
                    "DriverOpts": null,
                    "GwPriority": 0,
                    "NetworkID": "335bb18ed768b25a989285038e759a78dbe6e9efe12a1824e17e5c92da0a63a9",
                    "EndpointID": "2f751cfb8b70d084df4568da713d0a9aa12f38e7d1b620e3bb6964264340f0b6",
                    "Gateway": "172.25.0.1",
                    "IPAddress": "172.25.0.6",
                    "MacAddress": "1e:73:ca:c2:6d:83",
                    "IPPrefixLen": 16,
                    "IPv6Gateway": "",
                    "GlobalIPv6Address": "",
                    "GlobalIPv6PrefixLen": 0,
                    "DNSNames": [
                        "openriak-kv-3.4.1-rocky-8-otp26-node-3-t-749048z",
                        "node3",
                        "node-03.cluster-a.openriak",
                        "5a6cf69ca419"
                    ]
                }
            }
        }
    }
]

timeout_seconds: 3600
exit_code: 0
$ /usr/bin/docker exec openriak-kv-3.4.1-rocky-8-otp26-node-3-t-749048z sh -ec 'for name in python python3 perl pip pip3 dnf yum microdnf rpm
do
    if command -v "$name" >/dev/null 2>&1
    then
        echo "Unexpected runtime command: $name" >&2
        exit 1
    fi
done
if find /usr /opt -type f \( -iname '"'"'*python*'"'"' -o -iname '"'"'*setuptools*'"'"' -o -name perl \) | grep .
then
    echo '"'"'Unexpected interpreter files'"'"' >&2
    exit 1
fi
test -s /usr/share/openriak-build/runtime-packages.txt
test -s /etc/os-release
'
started: 2026-09-11T11:52:31Z

timeout_seconds: 3600
exit_code: 0
