$ /usr/bin/docker exec openriak-kv-3.4.1-rocky-8-otp26-node-2-t-749048z sh -c 'date +%z
id -u riak
id -g riak
stat -c '"'"'%u:%g'"'"' /etc/riak /var/lib/riak /var/log/riak'
started: 2026-09-11T11:52:28Z
+0900
19001
19002
19001:19002
19001:19002
19001:19002

timeout_seconds: 3600
exit_code: 0
$ /usr/bin/docker container inspect openriak-kv-3.4.1-rocky-8-otp26-node-2-t-749048z
started: 2026-09-11T11:52:28Z
[
    {
        "Id": "9d862491cc75bd7facb82a839b4894024203bdb37ac60af03deea7b3716dc5f8",
        "Created": "2026-09-11T11:49:11.083735627Z",
        "Path": "/usr/local/bin/openriak-entrypoint",
        "Args": [],
        "State": {
            "Status": "running",
            "Running": true,
            "Paused": false,
            "Restarting": false,
            "OOMKilled": false,
            "Dead": false,
            "Pid": 32502,
            "ExitCode": 0,
            "Error": "",
            "StartedAt": "2026-09-11T11:49:11.446283106Z",
            "FinishedAt": "0001-01-01T00:00:00Z",
            "Health": {
                "Status": "healthy",
                "FailingStreak": 0,
                "Log": [
                    {
                        "Start": "2026-09-11T11:51:36.541504238Z",
                        "End": "2026-09-11T11:51:37.205448307Z",
                        "ExitCode": 0,
                        "Output": "OpenRiak healthcheck passed: BEAM is running and riak ping returned pong\n"
                    },
                    {
                        "Start": "2026-09-11T11:51:49.120737802Z",
                        "End": "2026-09-11T11:51:50.012592274Z",
                        "ExitCode": 0,
                        "Output": "OpenRiak healthcheck passed: BEAM is running and riak ping returned pong\n"
                    },
                    {
                        "Start": "2026-09-11T11:52:00.014270462Z",
                        "End": "2026-09-11T11:52:00.583917987Z",
                        "ExitCode": 0,
                        "Output": "OpenRiak healthcheck passed: BEAM is running and riak ping returned pong\n"
                    },
                    {
                        "Start": "2026-09-11T11:52:10.585611704Z",
                        "End": "2026-09-11T11:52:11.209709362Z",
                        "ExitCode": 0,
                        "Output": "OpenRiak healthcheck passed: BEAM is running and riak ping returned pong\n"
                    },
                    {
                        "Start": "2026-09-11T11:52:23.134393475Z",
                        "End": "2026-09-11T11:52:23.9698506Z",
                        "ExitCode": 0,
                        "Output": "OpenRiak healthcheck passed: BEAM is running and riak ping returned pong\n"
                    }
                ]
            }
        },
        "Image": "sha256:b06c81699bb7dc4aa4c927b36483792b7a78bbcba7879db9bb87144dc96feab3",
        "ResolvConfPath": "/var/lib/docker/containers/9d862491cc75bd7facb82a839b4894024203bdb37ac60af03deea7b3716dc5f8/resolv.conf",
        "HostnamePath": "/var/lib/docker/containers/9d862491cc75bd7facb82a839b4894024203bdb37ac60af03deea7b3716dc5f8/hostname",
        "HostsPath": "/var/lib/docker/containers/9d862491cc75bd7facb82a839b4894024203bdb37ac60af03deea7b3716dc5f8/hosts",
        "LogPath": "/var/lib/docker/containers/9d862491cc75bd7facb82a839b4894024203bdb37ac60af03deea7b3716dc5f8/9d862491cc75bd7facb82a839b4894024203bdb37ac60af03deea7b3716dc5f8-json.log",
        "Name": "/openriak-kv-3.4.1-rocky-8-otp26-node-2-t-749048z",
        "RestartCount": 0,
        "Driver": "overlay2",
        "Platform": "linux",
        "MountLabel": "",
        "ProcessLabel": "",
        "AppArmorProfile": "",
        "ExecIDs": null,
        "HostConfig": {
            "Binds": [
                "/tmp/openriak-docker-3.4.1-rocky-8-otp26-6xddtw3h/openriak-kv-3.4.1-rocky-8-otp26-node-2/data:/var/lib/riak:rw",
                "/tmp/openriak-docker-3.4.1-rocky-8-otp26-6xddtw3h/openriak-kv-3.4.1-rocky-8-otp26-node-2/logs:/var/log/riak:rw",
                "/tmp/openriak-docker-3.4.1-rocky-8-otp26-6xddtw3h/openriak-kv-3.4.1-rocky-8-otp26-node-cluster-control:/var/lib/openriak-cluster-control:rw",
                "/tmp/openriak-docker-3.4.1-rocky-8-otp26-6xddtw3h/openriak-kv-3.4.1-rocky-8-otp26-node-2/config:/etc/riak:rw"
            ],
            "ContainerIDFile": "",
            "LogConfig": {
                "Type": "json-file",
                "Config": {
                    "max-file": "3",
                    "max-size": "10m"
                }
            },
            "NetworkMode": "openriak-kv-341-rocky-8-otp26-node-cluster_openriak",
            "PortBindings": {},
            "RestartPolicy": {
                "Name": "no",
                "MaximumRetryCount": 0
            },
            "AutoRemove": false,
            "VolumeDriver": "",
            "VolumesFrom": null,
            "ConsoleSize": [
                0,
                0
            ],
            "CapAdd": null,
            "CapDrop": null,
            "CgroupnsMode": "private",
            "Dns": null,
            "DnsOptions": null,
            "DnsSearch": null,
            "ExtraHosts": [],
            "GroupAdd": null,
            "IpcMode": "private",
            "Cgroup": "",
            "Links": null,
            "OomScoreAdj": 0,
            "PidMode": "",
            "Privileged": false,
            "PublishAllPorts": false,
            "ReadonlyRootfs": false,
            "SecurityOpt": null,
            "UTSMode": "",
            "UsernsMode": "",
            "ShmSize": 67108864,
            "Runtime": "runc",
            "Isolation": "",
            "CpuShares": 0,
            "Memory": 0,
            "NanoCpus": 0,
            "CgroupParent": "",
            "BlkioWeight": 0,
            "BlkioWeightDevice": null,
            "BlkioDeviceReadBps": null,
            "BlkioDeviceWriteBps": null,
            "BlkioDeviceReadIOps": null,
            "BlkioDeviceWriteIOps": null,
            "CpuPeriod": 0,
            "CpuQuota": 0,
            "CpuRealtimePeriod": 0,
            "CpuRealtimeRuntime": 0,
            "CpusetCpus": "",
            "CpusetMems": "",
            "Devices": null,
            "DeviceCgroupRules": null,
            "DeviceRequests": null,
            "MemoryReservation": 0,
            "MemorySwap": 0,
            "MemorySwappiness": null,
            "OomKillDisable": null,
            "PidsLimit": null,
            "Ulimits": [
                {
                    "Name": "nofile",
                    "Hard": 100000,
                    "Soft": 100000
                }
            ],
            "CpuCount": 0,
            "CpuPercent": 0,
            "IOMaximumIOps": 0,
            "IOMaximumBandwidth": 0,
            "MaskedPaths": [
                "/proc/acpi",
                "/proc/asound",
                "/proc/interrupts",
                "/proc/kcore",
                "/proc/keys",
                "/proc/latency_stats",
                "/proc/sched_debug",
                "/proc/scsi",
                "/proc/timer_list",
                "/proc/timer_stats",
                "/sys/devices/virtual/powercap",
                "/sys/firmware"
            ],
            "ReadonlyPaths": [
                "/proc/bus",
                "/proc/fs",
                "/proc/irq",
                "/proc/sys",
                "/proc/sysrq-trigger"
            ]
        },
        "GraphDriver": {
            "Data": {
                "ID": "9d862491cc75bd7facb82a839b4894024203bdb37ac60af03deea7b3716dc5f8",
                "LowerDir": "/var/lib/docker/overlay2/3fcc6d0cf1a1197c9bf92db09fdbc94f7bf5aeebfbda944674a540e073c85fa5-init/diff:/var/lib/docker/overlay2/bc58c92e09eec1286462a063d7940566f729ef32d71c6ea6c055e28a53591ede/diff:/var/lib/docker/overlay2/618212c09b8478d2e3055b819705b43dd9ec41c65ab38f34ec324771d1dd1df8/diff:/var/lib/docker/overlay2/faa3c05333a5b6ecdb1c9ed9ff79aa9c204969a75051e78ae4dc6ae79e7c756b/diff:/var/lib/docker/overlay2/24d5ecc3ad187d8c1cf9c18e954816c8c568f05db7db1565e7862f92eb4f441c/diff:/var/lib/docker/overlay2/80490b6ca20ddcfde33019ca004800402ef184b121dd41b63bd7d5ec220c8734/diff",
                "MergedDir": "/var/lib/docker/overlay2/3fcc6d0cf1a1197c9bf92db09fdbc94f7bf5aeebfbda944674a540e073c85fa5/merged",
                "UpperDir": "/var/lib/docker/overlay2/3fcc6d0cf1a1197c9bf92db09fdbc94f7bf5aeebfbda944674a540e073c85fa5/diff",
                "WorkDir": "/var/lib/docker/overlay2/3fcc6d0cf1a1197c9bf92db09fdbc94f7bf5aeebfbda944674a540e073c85fa5/work"
            },
            "Name": "overlay2"
        },
        "Mounts": [
            {
                "Type": "bind",
                "Source": "/tmp/openriak-docker-3.4.1-rocky-8-otp26-6xddtw3h/openriak-kv-3.4.1-rocky-8-otp26-node-2/data",
                "Destination": "/var/lib/riak",
                "Mode": "rw",
                "RW": true,
                "Propagation": "rprivate"
            },
            {
                "Type": "bind",
                "Source": "/tmp/openriak-docker-3.4.1-rocky-8-otp26-6xddtw3h/openriak-kv-3.4.1-rocky-8-otp26-node-2/logs",
                "Destination": "/var/log/riak",
                "Mode": "rw",
                "RW": true,
                "Propagation": "rprivate"
            },
            {
                "Type": "bind",
                "Source": "/tmp/openriak-docker-3.4.1-rocky-8-otp26-6xddtw3h/openriak-kv-3.4.1-rocky-8-otp26-node-cluster-control",
                "Destination": "/var/lib/openriak-cluster-control",
                "Mode": "rw",
                "RW": true,
                "Propagation": "rprivate"
            },
            {
                "Type": "bind",
                "Source": "/tmp/openriak-docker-3.4.1-rocky-8-otp26-6xddtw3h/openriak-kv-3.4.1-rocky-8-otp26-node-2/config",
                "Destination": "/etc/riak",
                "Mode": "rw",
                "RW": true,
                "Propagation": "rprivate"
            }
        ],
        "Config": {
            "Hostname": "node-02.cluster-a.openriak",
            "Domainname": "",
            "User": "",
            "AttachStdin": false,
            "AttachStdout": true,
            "AttachStderr": true,
            "ExposedPorts": {
                "8087/tcp": {},
                "8098/tcp": {}
            },
            "Tty": false,
            "OpenStdin": false,
            "StdinOnce": false,
            "Env": [
                "RIAK_NODE_HOST=node-02.cluster-a.openriak",
                "RIAK_GID=19002",
                "OPENRIAK_CLUSTER_MODE=cluster",
                "OPENRIAK_CLUSTER_WAIT_SECONDS=3600",
                "OPENRIAK_CLUSTER_POLL_SECONDS=1",
                "TZ=Asia/Tokyo",
                "RIAK_LOG_MAX_FILES=4",
                "RIAK_DISTRIBUTED_COOKIE=openriak-419fc6425a3daeca4b1960cb452ad465",
                "RIAK_MONITOR_INTERVAL_SECONDS=1",
                "RIAK_UID=19001",
                "RIAK_LOG_MAX_FILE_SIZE=2MB",
                "PATH=/usr/local/sbin:/usr/local/bin:/usr/sbin:/usr/bin:/sbin:/bin",
                "RIAK_NODE_NAME=",
                "RIAK_RING_SIZE=8",
                "RIAK_STORAGE_BACKEND=leveled",
                "RIAK_ANTI_ENTROPY=passive",
                "RIAK_TICTACAAE_ACTIVE=active",
                "RIAK_TICTACAAE_STOREHEADS=enabled",
                "RIAK_HTTP_LISTENER=0.0.0.0:8098",
                "RIAK_PB_LISTENER=0.0.0.0:8087",
                "RIAK_NOFILE_LIMIT=100000",
                "RIAK_INIT_ONLY=0",
                "RIAK_STARTUP_POLL_SECONDS=1",
                "RIAK_SHUTDOWN_POLL_SECONDS=1",
                "OPENRIAK_CLUSTER_CONTROL_DIR=/var/lib/openriak-cluster-control",
                "role="
            ],
            "Cmd": null,
            "Healthcheck": {
                "Test": [
                    "CMD",
                    "/usr/local/bin/openriak-healthcheck"
                ],
                "Interval": 10000000000,
                "Timeout": 60000000000,
                "StartPeriod": 120000000000,
                "Retries": 3
            },
            "Image": "tiotjp/openriak-kv:test-3.4.1-rocky-8-otp26-linux-amd64-20260911t114719.749048z",
            "Volumes": {
                "/etc/riak": {},
                "/var/lib/riak": {},
                "/var/log/riak": {}
            },
            "WorkingDir": "/",
            "Entrypoint": [
                "/usr/local/bin/openriak-entrypoint"
            ],
            "Labels": {
                "com.docker.compose.config-hash": "493fa3aca4c5c10323724f7799a8718623ffd8cb421500f1ae744bf4a68d05f7",
                "com.docker.compose.container-number": "1",
                "com.docker.compose.depends_on": "",
                "com.docker.compose.image": "sha256:b06c81699bb7dc4aa4c927b36483792b7a78bbcba7879db9bb87144dc96feab3",
                "com.docker.compose.oneoff": "False",
                "com.docker.compose.project": "openriak-kv-341-rocky-8-otp26-node-cluster",
                "com.docker.compose.project.config_files": "/tmp/openriak-docker-3.4.1-rocky-8-otp26-6xddtw3h/compose.cluster.test.yaml",
                "com.docker.compose.project.environment_file": "/tmp/openriak-docker-3.4.1-rocky-8-otp26-6xddtw3h/.env.cluster",
                "com.docker.compose.project.working_dir": "/tmp/openriak-docker-3.4.1-rocky-8-otp26-6xddtw3h",
                "com.docker.compose.service": "node2",
                "com.docker.compose.version": "5.4.0",
                "desktop.docker.io/wsl-distro": "Ubuntu",
                "org.opencontainers.image.description": "Package-backed OpenRiak KV with single-node and cluster startup support",
                "org.opencontainers.image.source": "https://github.com/TI-Tokyo/openriak-docs",
                "org.opencontainers.image.title": "OpenRiak KV",
                "org.opencontainers.image.url": "https://www.tiot.jp/",
                "org.opencontainers.image.vendor": "TI Tokyo",
                "org.opencontainers.image.version": "3.4.1",
                "org.openriak.image.tag": "tiotjp/openriak-kv:3.4.1-rocky-8-otp26",
                "org.openriak.os.name": "rocky",
                "org.openriak.os.release": "8",
                "org.openriak.os.version": "8",
                "org.openriak.otp.version": "26"
            },
            "StopSignal": "SIGTERM",
            "StopTimeout": 120
        },
        "NetworkSettings": {
            "SandboxID": "555ab62fe197808460ef6d771a17099ffa10083de4ae17e6a52cfa1f98561358",
            "SandboxKey": "/var/run/docker/netns/555ab62fe197",
            "Ports": {
                "8087/tcp": null,
                "8098/tcp": null
            },
            "Networks": {
                "openriak-kv-341-rocky-8-otp26-node-cluster_openriak": {
                    "IPAMConfig": {},
                    "Links": null,
                    "Aliases": [
                        "openriak-kv-3.4.1-rocky-8-otp26-node-2-t-749048z",
                        "node2",
                        "node-02.cluster-a.openriak"
                    ],
                    "DriverOpts": null,
                    "GwPriority": 0,
                    "NetworkID": "335bb18ed768b25a989285038e759a78dbe6e9efe12a1824e17e5c92da0a63a9",
                    "EndpointID": "dec02579c79fb3857558351ce0cb0748e61643b5f33098ac55002a8655050909",
                    "Gateway": "172.25.0.1",
                    "IPAddress": "172.25.0.5",
                    "MacAddress": "ba:fd:93:c3:72:1d",
                    "IPPrefixLen": 16,
                    "IPv6Gateway": "",
                    "GlobalIPv6Address": "",
                    "GlobalIPv6PrefixLen": 0,
                    "DNSNames": [
                        "openriak-kv-3.4.1-rocky-8-otp26-node-2-t-749048z",
                        "node2",
                        "node-02.cluster-a.openriak",
                        "9d862491cc75"
                    ]
                }
            }
        }
    }
]

timeout_seconds: 3600
exit_code: 0
$ /usr/bin/docker exec openriak-kv-3.4.1-rocky-8-otp26-node-2-t-749048z sh -ec 'for name in python python3 perl pip pip3 dnf yum microdnf rpm
do
    if command -v "$name" >/dev/null 2>&1
    then
        echo "Unexpected runtime command: $name" >&2
        exit 1
    fi
done
if find /usr /opt -type f \( -iname '"'"'*python*'"'"' -o -iname '"'"'*setuptools*'"'"' -o -name perl \) | grep .
then
    echo '"'"'Unexpected interpreter files'"'"' >&2
    exit 1
fi
test -s /usr/share/openriak-build/runtime-packages.txt
test -s /etc/os-release
'
started: 2026-09-11T11:52:28Z

timeout_seconds: 3600
exit_code: 0
