$ /usr/bin/docker logs openriak-kv-3.4.1-rocky-8-otp26-node-t-749048z
started: 2026-09-11T11:49:09Z
2026-09-11T20:48:41+09:00 [openriak-entrypoint] configuration: timezone = Asia/Tokyo
usermod: no changes
2026-09-11T20:48:41+09:00 [openriak-entrypoint] configuration: riak UID/GID = 19001/19002
2026-09-11T20:48:41+09:00 [openriak-entrypoint] configuration: preparing mounted directories
2026-09-11T20:48:41+09:00 [openriak-entrypoint] configuration: using existing /etc/riak/riak.conf
2026-09-11T20:48:41+09:00 [openriak-entrypoint] configuration: current Docker IPv4 address = 172.25.0.2
2026-09-11T20:48:41+09:00 [openriak-entrypoint] configuration: preserving distributed cookie from existing riak.conf
2026-09-11T20:48:41+09:00 [openriak-entrypoint] configuration: preserving nodename from existing riak.conf
2026-09-11T20:48:41+09:00 [openriak-entrypoint] configuration: effective distributed cookie = openriak-559cf2e6bab1733ad6b498054d1c5e58
2026-09-11T20:48:41+09:00 [openriak-entrypoint] configuration: preserving ring_size from existing riak.conf
2026-09-11T20:48:41+09:00 [openriak-entrypoint] configuration: preserving storage_backend from existing riak.conf
2026-09-11T20:48:41+09:00 [openriak-entrypoint] configuration: preserving anti_entropy from existing riak.conf
2026-09-11T20:48:41+09:00 [openriak-entrypoint] configuration: preserving tictacaae_active from existing riak.conf
2026-09-11T20:48:41+09:00 [openriak-entrypoint] configuration: preserving tictacaae_storeheads from existing riak.conf
2026-09-11T20:48:41+09:00 [openriak-entrypoint] configuration: preserving listener.http.internal from existing riak.conf
2026-09-11T20:48:41+09:00 [openriak-entrypoint] configuration: preserving listener.protobuf.internal from existing riak.conf
2026-09-11T20:48:41+09:00 [openriak-entrypoint] configuration: preserving logger.max_file_size from existing riak.conf
2026-09-11T20:48:41+09:00 [openriak-entrypoint] configuration: preserving logger.max_files from existing riak.conf
2026-09-11T20:48:41+09:00 [openriak-entrypoint] startup: validating configuration and generating VM arguments
2026-09-11T20:48:44+09:00 [openriak-entrypoint] startup: configuration is valid (config is OK -config /var/lib/riak/generated.conf/app.2026.09.11.20.48.42.config -args_file /var/lib/riak/generated.conf/vm.2026.09.11.20.48.42.args -vm_args /var/lib/riak/generated.conf/vm.2026.09.11.20.48.42.args)
2026-09-11T20:48:44+09:00 [openriak-entrypoint] startup: starting OpenRiak as a daemon
2026-09-11T20:48:49+09:00 [openriak-entrypoint] startup: daemon command completed
2026-09-11T20:48:49+09:00 [openriak-entrypoint] startup: waiting for BEAM and riak ping
2026-09-11T20:48:49+09:00 [openriak-entrypoint] startup: BEAM is running and riak ping returned pong
2026-09-11T20:48:49+09:00 [openriak-entrypoint] startup: waiting for the riak_kv service
2026-09-11T20:48:49+09:00 [openriak-entrypoint] startup: waiting for riak_kv (attempt 1, services=[])
2026-09-11T20:48:51+09:00 [openriak-entrypoint] startup: waiting for riak_kv (attempt 2, services=[])
2026-09-11T20:48:53+09:00 [openriak-entrypoint] startup: waiting for riak_kv (attempt 3, services=[])
2026-09-11T20:48:55+09:00 [openriak-entrypoint] startup: waiting for riak_kv (attempt 4, services=[])
2026-09-11T20:48:56+09:00 [openriak-entrypoint] startup: waiting for riak_kv (attempt 5, services=[])
2026-09-11T20:48:58+09:00 [openriak-entrypoint] startup: riak_kv service is up ([riak_kv,riak_pipe,riak_repl])
2026-09-11T20:48:58+09:00 [openriak-entrypoint] startup: waiting for Riak transfers to complete
2026-09-11T20:48:58+09:00 [openriak-entrypoint] startup: transfers complete (No transfers active Active Transfers: ok)
2026-09-11T20:48:58+09:00 [openriak-entrypoint] startup: OpenRiak is ready
2026-09-11T20:48:58+09:00 [openriak-entrypoint] monitor: sleeping for 1s
2026-09-11T20:49:00+09:00 [openriak-entrypoint] monitor: BEAM is running and riak ping returned pong
2026-09-11T20:49:00+09:00 [openriak-entrypoint] monitor: sleeping for 1s
2026-09-11T20:49:01+09:00 [openriak-entrypoint] monitor: BEAM is running and riak ping returned pong
2026-09-11T20:49:01+09:00 [openriak-entrypoint] monitor: sleeping for 1s
2026-09-11T20:49:04+09:00 [openriak-entrypoint] monitor: BEAM is running and riak ping returned pong
2026-09-11T20:49:04+09:00 [openriak-entrypoint] monitor: sleeping for 1s
2026-09-11T20:49:05+09:00 [openriak-entrypoint] shutdown: received SIGTERM
2026-09-11T20:49:05+09:00 [openriak-entrypoint] shutdown: requesting OpenRiak stop
2026-09-11T20:49:09+09:00 [openriak-entrypoint] shutdown: OpenRiak accepted the stop request
2026-09-11T20:49:09+09:00 [openriak-entrypoint] shutdown: BEAM stopped; container is exiting

timeout_seconds: 3600
exit_code: 0
