$ /usr/bin/docker buildx build --builder openriak-kv-multiarch --load --platform linux/amd64 --pull=false --no-cache --tag tiotjp/openriak-kv:test-3.4.1-rocky-8-otp26-linux-amd64-20260911t114719.749048z --file /home/peter/openriak-builds/openriak-distributed/openriak-docker-2026-09-11-b/local/20260911T084617.243958Z/results/3.4.1/3.4.1-rocky-8-otp26/platforms/linux-amd64/runs/20260911T114719.749048Z/Dockerfile /home/peter/openriak-builds/openriak-distributed/openriak-docker-2026-09-11-b/local/20260911T084617.243958Z/results/3.4.1/3.4.1-rocky-8-otp26/platforms/linux-amd64/runs/20260911T114719.749048Z
started: 2026-09-11T11:47:20Z
#0 building with "openriak-kv-multiarch" instance using docker-container driver

#1 [internal] load build definition from Dockerfile
#1 DONE 0.0s

#1 [internal] load build definition from Dockerfile
#1 transferring dockerfile: 44.37kB done
#1 DONE 0.1s

#2 resolve image config for docker-image://docker.io/docker/dockerfile:1.7
#2 DONE 0.4s

#3 docker-image://docker.io/docker/dockerfile:1.7@sha256:a57df69d0ea827fb7266491f2813635de6f17269be881f696fbfdf2d83dda33e
#3 resolve docker.io/docker/dockerfile:1.7@sha256:a57df69d0ea827fb7266491f2813635de6f17269be881f696fbfdf2d83dda33e 0.0s done
#3 CACHED

#4 [internal] load metadata for docker.io/library/rockylinux:8@sha256:9794037624aaa6212aeada1d28861ef5e0a935adaf93e4ef79837119f2a2d04c
#4 ...

#5 [auth] library/rockylinux:pull token for registry-1.docker.io
#5 DONE 0.0s

#4 [internal] load metadata for docker.io/library/rockylinux:8@sha256:9794037624aaa6212aeada1d28861ef5e0a935adaf93e4ef79837119f2a2d04c
#4 DONE 0.6s

#6 [internal] load .dockerignore
#6 transferring context: 2B done
#6 DONE 0.1s

#7 [download-amd64 1/1] ADD --checksum=sha256:ffcc9ce4af826a508e4927a8c725d5e21dd6dcb565d8adba4ae3ca6ef3f146ea https://files.tiot.jp/riak/kv/3.4/3.4.1/rhel/8/riak-3.4.1.OTP26-1.el8.x86_64.rpm /riak-3.4.1.OTP26-1.el8.x86_64.rpm
#7 CACHED

#8 [internal] preparing inline document
#8 CACHED

#9 [internal] preparing inline document
#9 CACHED

#10 [install-amd64 1/2] FROM docker.io/library/rockylinux:8@sha256:9794037624aaa6212aeada1d28861ef5e0a935adaf93e4ef79837119f2a2d04c
#10 resolve docker.io/library/rockylinux:8@sha256:9794037624aaa6212aeada1d28861ef5e0a935adaf93e4ef79837119f2a2d04c 0.1s done
#10 CACHED

#11 [download-amd64 1/1] ADD --checksum=sha256:ffcc9ce4af826a508e4927a8c725d5e21dd6dcb565d8adba4ae3ca6ef3f146ea https://files.tiot.jp/riak/kv/3.4/3.4.1/rhel/8/riak-3.4.1.OTP26-1.el8.x86_64.rpm /riak-3.4.1.OTP26-1.el8.x86_64.rpm
#11 DONE 0.1s

#12 [install-amd64 2/2] RUN --mount=type=bind,from=download-amd64,target=/opt/openriak-package,ro <<'OPENRIAK_PACKAGE_INSTALL' (set -eu...)
#12 6.579 Rocky Linux 8 - AppStream                       5.7 MB/s |  33 MB     00:05    
#12 16.94 Rocky Linux 8 - BaseOS                           18 MB/s |  80 MB     00:04    
#12 29.76 Rocky Linux 8 - Extras                          9.6 kB/s |  15 kB     00:01    
#12 31.69 Dependencies resolved.
#12 31.70 ================================================================================
#12 31.70  Package                 Arch    Version                          Repo     Size
#12 31.70 ================================================================================
#12 31.70 Installing:
#12 31.70  bash                    x86_64  4.4.20-6.el8_10                  baseos  1.5 M
#12 31.70  ca-certificates         noarch  2025.2.80_v9.0.304-80.2.el8_10   baseos  1.0 M
#12 31.70  coreutils               x86_64  8.30-20.el8_10                   baseos  1.2 M
#12 31.70  findutils               x86_64  1:4.6.0-24.el8_10                baseos  526 k
#12 31.70  gawk                    x86_64  4.2.1-4.el8                      baseos  1.1 M
#12 31.70  glibc                   x86_64  2.28-251.el8_10.40               baseos  2.2 M
#12 31.70  glibc-minimal-langpack  x86_64  2.28-251.el8_10.40               baseos   73 k
#12 31.70  grep                    x86_64  3.1-6.el8                        baseos  272 k
#12 31.70  hostname                x86_64  3.20-6.el8                       baseos   31 k
#12 31.70  libgcc                  x86_64  8.5.0-28.el8_10                  baseos   81 k
#12 31.70  libstdc++               x86_64  8.5.0-28.el8_10                  baseos  473 k
#12 31.70  ncurses-libs            x86_64  6.1-10.20180224.el8              baseos  333 k
#12 31.70  openssl-libs            x86_64  1:1.1.1k-17.el8_10               baseos  1.5 M
#12 31.70  pam                     x86_64  1.3.1-40.el8_10                  baseos  749 k
#12 31.70  procps-ng               x86_64  3.3.15-14.el8                    baseos  329 k
#12 31.70  rocky-release           noarch  8.10-1.14.el8                    baseos   23 k
#12 31.70  sed                     x86_64  4.5-5.el8                        baseos  297 k
#12 31.70  shadow-utils            x86_64  2:4.6-23.el8_10                  baseos  1.2 M
#12 31.70  sudo                    x86_64  1.9.5p2-1.el8_10.5               baseos  1.0 M
#12 31.70  tzdata                  noarch  2026c-1.el8_10                   baseos  549 k
#12 31.70  util-linux              x86_64  2.32.1-48.el8_10                 baseos  2.5 M
#12 31.70  zlib                    x86_64  1.2.11-26.el8                    baseos  102 k
#12 31.70 Installing dependencies:
#12 31.70  audit-libs              x86_64  3.1.2-1.el8_10.1                 baseos  124 k
#12 31.70  basesystem              noarch  11-5.el8                         baseos  9.3 k
#12 31.70  bzip2-libs              x86_64  1.0.6-28.el8_10                  baseos   47 k
#12 31.70  chkconfig               x86_64  1.19.2-1.el8                     baseos  197 k
#12 31.70  coreutils-common        x86_64  8.30-20.el8_10                   baseos  2.0 M
#12 31.70  cracklib                x86_64  2.9.6-15.el8                     baseos   92 k
#12 31.70  cracklib-dicts          x86_64  2.9.6-15.el8                     baseos  4.0 M
#12 31.70  crypto-policies         noarch  20230731-1.git3177e06.el8        baseos   63 k
#12 31.70  cyrus-sasl-lib          x86_64  2.1.27-6.el8_5                   baseos  122 k
#12 31.70  filesystem              x86_64  3.8-6.el8                        baseos  1.1 M
#12 31.70  glibc-common            x86_64  2.28-251.el8_10.40               baseos  1.0 M
#12 31.70  gmp                     x86_64  1:6.1.2-12.el8                   baseos  317 k
#12 31.70  gzip                    x86_64  1.9-15.el8_10                    baseos  166 k
#12 31.70  info                    x86_64  6.5-7.el8                        baseos  197 k
#12 31.70  keyutils-libs           x86_64  1.5.10-9.el8                     baseos   33 k
#12 31.70  krb5-libs               x86_64  1.18.2-34.el8_10                 baseos  844 k
#12 31.70  libacl                  x86_64  2.4.0-1.el8_10                   baseos   38 k
#12 31.70  libattr                 x86_64  2.6.0-1.el8_10                   baseos   26 k
#12 31.70  libblkid                x86_64  2.32.1-48.el8_10                 baseos  220 k
#12 31.70  libcap                  x86_64  2.48-6.el8_10.1                  baseos   74 k
#12 31.70  libcap-ng               x86_64  0.7.11-1.el8                     baseos   32 k
#12 31.70  libcom_err              x86_64  1.45.6-7.el8_10                  baseos   49 k
#12 31.70  libdb                   x86_64  5.3.28-42.el8_4                  baseos  750 k
#12 31.70  libfdisk                x86_64  2.32.1-48.el8_10                 baseos  253 k
#12 31.70  libffi                  x86_64  3.1-24.el8                       baseos   37 k
#12 31.70  libgcrypt               x86_64  1.8.5-8.el8_10                   baseos  462 k
#12 31.70  libgpg-error            x86_64  1.31-1.el8                       baseos  240 k
#12 31.70  libmount                x86_64  2.32.1-48.el8_10                 baseos  236 k
#12 31.70  libnsl2                 x86_64  1.2.0-2.20180605git4a062cf.el8   baseos   56 k
#12 31.70  libpwquality            x86_64  1.4.4-6.el8                      baseos  106 k
#12 31.70  libselinux              x86_64  2.9-11.el8_10                    baseos  165 k
#12 31.70  libsemanage             x86_64  2.9-12.el8_10                    baseos  168 k
#12 31.70  libsepol                x86_64  2.9-3.el8                        baseos  339 k
#12 31.70  libsigsegv              x86_64  2.11-5.el8                       baseos   29 k
#12 31.70  libsmartcols            x86_64  2.32.1-48.el8_10                 baseos  179 k
#12 31.70  libtasn1                x86_64  4.13-6.el8_10                    baseos   76 k
#12 31.70  libtirpc                x86_64  1.1.4-12.el8_10                  baseos  113 k
#12 31.70  libutempter             x86_64  1.1.6-14.el8                     baseos   31 k
#12 31.70  libuuid                 x86_64  2.32.1-48.el8_10                 baseos   99 k
#12 31.70  libverto                x86_64  0.3.2-2.el8                      baseos   23 k
#12 31.70  libxcrypt               x86_64  4.1.1-6.el8                      baseos   72 k
#12 31.70  lz4-libs                x86_64  1.8.3-5.el8_10                   baseos   65 k
#12 31.70  mpfr                    x86_64  3.1.6-1.el8                      baseos  219 k
#12 31.70  ncurses                 x86_64  6.1-10.20180224.el8              baseos  386 k
#12 31.70  ncurses-base            noarch  6.1-10.20180224.el8              baseos   80 k
#12 31.70  openldap                x86_64  2.4.46-21.el8_10                 baseos  353 k
#12 31.70  p11-kit                 x86_64  0.23.22-2.el8                    baseos  326 k
#12 31.70  p11-kit-trust           x86_64  0.23.22-2.el8                    baseos  137 k
#12 31.70  pcre                    x86_64  8.42-6.el8                       baseos  210 k
#12 31.70  pcre2                   x86_64  10.32-3.el8_6                    baseos  246 k
#12 31.70  popt                    x86_64  1.18-1.el8                       baseos   60 k
#12 31.70  readline                x86_64  7.0-10.el8                       baseos  198 k
#12 31.70  rocky-gpg-keys          noarch  8.10-1.14.el8                    baseos   14 k
#12 31.70  rocky-repos             noarch  8.10-1.14.el8                    baseos   17 k
#12 31.70  setup                   noarch  2.12.2-11.el8                    baseos  180 k
#12 31.70  systemd-libs            x86_64  239-82.el8_10.19                 baseos  1.1 M
#12 31.70  vim-minimal             x86_64  2:8.0.1763-31.el8_10.7           baseos  578 k
#12 31.70  xz-libs                 x86_64  5.2.4-4.el8_6                    baseos   93 k
#12 31.70 
#12 31.70 Transaction Summary
#12 31.70 ================================================================================
#12 31.70 Install  80 Packages
#12 31.70 
#12 31.70 Total download size: 35 M
#12 31.70 Installed size: 111 M
#12 31.70 Downloading Packages:
#12 33.10 (1/80): basesystem-11-5.el8.noarch.rpm           17 kB/s | 9.3 kB     00:00    
#12 33.16 (2/80): bzip2-libs-1.0.6-28.el8_10.x86_64.rpm   755 kB/s |  47 kB     00:00    
#12 33.22 (3/80): audit-libs-3.1.2-1.el8_10.1.x86_64.rpm  187 kB/s | 124 kB     00:00    
#12 33.29 (4/80): chkconfig-1.19.2-1.el8.x86_64.rpm       3.0 MB/s | 197 kB     00:00    
#12 33.44 (5/80): bash-4.4.20-6.el8_10.x86_64.rpm         1.8 MB/s | 1.5 MB     00:00    
#12 33.45 (6/80): coreutils-8.30-20.el8_10.x86_64.rpm     7.8 MB/s | 1.2 MB     00:00    
#12 33.48 (7/80): cracklib-2.9.6-15.el8.x86_64.rpm        2.9 MB/s |  92 kB     00:00    
#12 33.58 (8/80): ca-certificates-2025.2.80_v9.0.304-80.2 2.4 MB/s | 1.0 MB     00:00    
#12 33.63 (9/80): coreutils-common-8.30-20.el8_10.x86_64.  11 MB/s | 2.0 MB     00:00    
#12 33.66 (10/80): cyrus-sasl-lib-2.1.27-6.el8_5.x86_64.r 3.7 MB/s | 122 kB     00:00    
#12 33.73 (11/80): filesystem-3.8-6.el8.x86_64.rpm         15 MB/s | 1.1 MB     00:00    
#12 33.78 (12/80): findutils-4.6.0-24.el8_10.x86_64.rpm    11 MB/s | 526 kB     00:00    
#12 34.37 (13/80): gawk-4.2.1-4.el8.x86_64.rpm            1.9 MB/s | 1.1 MB     00:00    
#12 34.40 (14/80): crypto-policies-20230731-1.git3177e06.  77 kB/s |  63 kB     00:00    
#12 34.55 (15/80): cracklib-dicts-2.9.6-15.el8.x86_64.rpm 3.7 MB/s | 4.0 MB     00:01    
#12 34.59 (16/80): glibc-minimal-langpack-2.28-251.el8_10 1.8 MB/s |  73 kB     00:00    
#12 34.64 (17/80): glibc-2.28-251.el8_10.40.x86_64.rpm    8.1 MB/s | 2.2 MB     00:00    
#12 34.65 (18/80): glibc-common-2.28-251.el8_10.40.x86_64 4.0 MB/s | 1.0 MB     00:00    
#12 34.66 (19/80): gmp-6.1.2-12.el8.x86_64.rpm            4.5 MB/s | 317 kB     00:00    
#12 34.67 [MIRROR] gzip-1.9-15.el8_10.x86_64.rpm: Status code: 404 for https://ftp.jaist.ac.jp/pub/Linux/rocky/8.10/BaseOS/x86_64/os/Packages/g/gzip-1.9-15.el8_10.x86_64.rpm (IP: 150.65.7.130)
#12 34.68 (20/80): hostname-3.20-6.el8.x86_64.rpm         1.4 MB/s |  31 kB     00:00    
#12 34.69 (21/80): grep-3.1-6.el8.x86_64.rpm              5.4 MB/s | 272 kB     00:00    
#12 34.75 (22/80): info-6.5-7.el8.x86_64.rpm              2.8 MB/s | 197 kB     00:00    
#12 34.75 (23/80): keyutils-libs-1.5.10-9.el8.x86_64.rpm  509 kB/s |  33 kB     00:00    
#12 34.78 (24/80): libacl-2.4.0-1.el8_10.x86_64.rpm       1.8 MB/s |  38 kB     00:00    
#12 34.80 (25/80): libattr-2.6.0-1.el8_10.x86_64.rpm      1.0 MB/s |  26 kB     00:00    
#12 34.84 (26/80): krb5-libs-1.18.2-34.el8_10.x86_64.rpm  9.6 MB/s | 844 kB     00:00    
#12 34.84 (27/80): libblkid-2.32.1-48.el8_10.x86_64.rpm   5.7 MB/s | 220 kB     00:00    
#12 34.86 (28/80): libcap-2.48-6.el8_10.1.x86_64.rpm      3.0 MB/s |  74 kB     00:00    
#12 34.87 (29/80): libcap-ng-0.7.11-1.el8.x86_64.rpm      1.1 MB/s |  32 kB     00:00    
#12 34.88 (30/80): libcom_err-1.45.6-7.el8_10.x86_64.rpm  2.1 MB/s |  49 kB     00:00    
#12 34.92 (31/80): libfdisk-2.32.1-48.el8_10.x86_64.rpm   6.6 MB/s | 253 kB     00:00    
#12 34.93 (32/80): gzip-1.9-15.el8_10.x86_64.rpm          600 kB/s | 166 kB     00:00    
#12 34.94 (33/80): libffi-3.1-24.el8.x86_64.rpm           1.7 MB/s |  37 kB     00:00    
#12 34.95 (34/80): libdb-5.3.28-42.el8_4.x86_64.rpm       9.1 MB/s | 750 kB     00:00    
#12 34.96 (35/80): libgcc-8.5.0-28.el8_10.x86_64.rpm      2.5 MB/s |  81 kB     00:00    
#12 35.00 (36/80): libgcrypt-1.8.5-8.el8_10.x86_64.rpm    8.4 MB/s | 462 kB     00:00    
#12 35.00 (37/80): libgpg-error-1.31-1.el8.x86_64.rpm     4.8 MB/s | 240 kB     00:00    
#12 35.01 (38/80): libmount-2.32.1-48.el8_10.x86_64.rpm   4.7 MB/s | 236 kB     00:00    
#12 35.02 (39/80): libnsl2-1.2.0-2.20180605git4a062cf.el8 2.5 MB/s |  56 kB     00:00    
#12 35.04 (40/80): libpwquality-1.4.4-6.el8.x86_64.rpm    3.2 MB/s | 106 kB     00:00    
#12 35.05 (41/80): libselinux-2.9-11.el8_10.x86_64.rpm    4.8 MB/s | 165 kB     00:00    
#12 35.05 (42/80): libsemanage-2.9-12.el8_10.x86_64.rpm   5.0 MB/s | 168 kB     00:00    
#12 35.07 (43/80): libsigsegv-2.11-5.el8.x86_64.rpm       1.3 MB/s |  29 kB     00:00    
#12 35.09 (44/80): libsmartcols-2.32.1-48.el8_10.x86_64.r 5.6 MB/s | 179 kB     00:00    
#12 35.10 (45/80): libsepol-2.9-3.el8.x86_64.rpm          5.4 MB/s | 339 kB     00:00    
#12 35.11 (46/80): libtasn1-4.13-6.el8_10.x86_64.rpm      3.0 MB/s |  76 kB     00:00    
#12 35.12 (47/80): libstdc++-8.5.0-28.el8_10.x86_64.rpm   9.0 MB/s | 473 kB     00:00    
#12 35.13 (48/80): libtirpc-1.1.4-12.el8_10.x86_64.rpm    4.0 MB/s | 113 kB     00:00    
#12 35.13 (49/80): libutempter-1.1.6-14.el8.x86_64.rpm    1.3 MB/s |  31 kB     00:00    
#12 35.15 (50/80): libuuid-2.32.1-48.el8_10.x86_64.rpm    3.5 MB/s |  99 kB     00:00    
#12 35.15 (51/80): libverto-0.3.2-2.el8.x86_64.rpm        942 kB/s |  23 kB     00:00    
#12 35.16 (52/80): libxcrypt-4.1.1-6.el8.x86_64.rpm       2.8 MB/s |  72 kB     00:00    
#12 35.17 (53/80): lz4-libs-1.8.3-5.el8_10.x86_64.rpm     2.8 MB/s |  65 kB     00:00    
#12 35.20 (54/80): mpfr-3.1.6-1.el8.x86_64.rpm            4.9 MB/s | 219 kB     00:00    
#12 35.21 (55/80): ncurses-base-6.1-10.20180224.el8.noarc 2.4 MB/s |  80 kB     00:00    
#12 35.21 (56/80): ncurses-6.1-10.20180224.el8.x86_64.rpm 7.3 MB/s | 386 kB     00:00    
#12 35.31 (57/80): openldap-2.4.46-21.el8_10.x86_64.rpm   3.2 MB/s | 353 kB     00:00    
#12 35.32 (58/80): ncurses-libs-6.1-10.20180224.el8.x86_6 2.7 MB/s | 333 kB     00:00    
#12 35.36 (59/80): p11-kit-trust-0.23.22-2.el8.x86_64.rpm 4.0 MB/s | 137 kB     00:00    
#12 35.36 (60/80): p11-kit-0.23.22-2.el8.x86_64.rpm       6.3 MB/s | 326 kB     00:00    
#12 35.40 (61/80): openssl-libs-1.1.1k-17.el8_10.x86_64.r 7.7 MB/s | 1.5 MB     00:00    
#12 35.43 (62/80): pcre-8.42-6.el8.x86_64.rpm             3.3 MB/s | 210 kB     00:00    
#12 35.45 (63/80): pcre2-10.32-3.el8_6.x86_64.rpm         5.7 MB/s | 246 kB     00:00    
#12 35.46 (64/80): popt-1.18-1.el8.x86_64.rpm             2.1 MB/s |  60 kB     00:00    
#12 35.47 (65/80): pam-1.3.1-40.el8_10.x86_64.rpm         6.5 MB/s | 749 kB     00:00    
#12 36.38 (66/80): readline-7.0-10.el8.x86_64.rpm         215 kB/s | 198 kB     00:00    
#12 36.40 (67/80): procps-ng-3.3.15-14.el8.x86_64.rpm     348 kB/s | 329 kB     00:00    
#12 36.41 (68/80): rocky-gpg-keys-8.10-1.14.el8.noarch.rp  15 kB/s |  14 kB     00:00    
#12 36.42 (69/80): rocky-release-8.10-1.14.el8.noarch.rpm 626 kB/s |  23 kB     00:00    
#12 36.42 (70/80): rocky-repos-8.10-1.14.el8.noarch.rpm   637 kB/s |  17 kB     00:00    
#12 36.45 (71/80): sed-4.5-5.el8.x86_64.rpm               6.8 MB/s | 297 kB     00:00    
#12 36.46 (72/80): setup-2.12.2-11.el8.noarch.rpm         4.0 MB/s | 180 kB     00:00    
#12 36.55 (73/80): sudo-1.9.5p2-1.el8_10.5.x86_64.rpm      11 MB/s | 1.0 MB     00:00    
#12 36.56 (74/80): shadow-utils-4.6-23.el8_10.x86_64.rpm  8.8 MB/s | 1.2 MB     00:00    
#12 36.58 (75/80): systemd-libs-239-82.el8_10.19.x86_64.r  10 MB/s | 1.1 MB     00:00    
#12 37.66 [MIRROR] vim-minimal-8.0.1763-31.el8_10.7.x86_64.rpm: Status code: 404 for https://ftp.jaist.ac.jp/pub/Linux/rocky/8.10/BaseOS/x86_64/os/Packages/v/vim-minimal-8.0.1763-31.el8_10.7.x86_64.rpm (IP: 150.65.7.130)
#12 37.74 (76/80): vim-minimal-8.0.1763-31.el8_10.7.x86_6 498 kB/s | 578 kB     00:01    
#12 37.77 (77/80): tzdata-2026c-1.el8_10.noarch.rpm       452 kB/s | 549 kB     00:01    
#12 37.78 (78/80): xz-libs-5.2.4-4.el8_6.x86_64.rpm       2.5 MB/s |  93 kB     00:00    
#12 37.80 (79/80): util-linux-2.32.1-48.el8_10.x86_64.rpm 2.0 MB/s | 2.5 MB     00:01    
#12 37.90 (80/80): zlib-1.2.11-26.el8.x86_64.rpm          768 kB/s | 102 kB     00:00    
#12 37.91 --------------------------------------------------------------------------------
#12 37.91 Total                                           5.7 MB/s |  35 MB     00:06     
#12 37.93 Rocky Linux 8 - BaseOS                          1.6 MB/s | 1.6 kB     00:00    
#12 38.02 Importing GPG key 0x6D745A60:
#12 38.02  Userid     : "Release Engineering <infrastructure@rockylinux.org>"
#12 38.02  Fingerprint: 7051 C470 A929 F454 CEBE 37B7 15AF 5DAC 6D74 5A60
#12 38.02  From       : /etc/pki/rpm-gpg/RPM-GPG-KEY-rockyofficial
#12 38.03 Key imported successfully
#12 39.01 Running transaction check
#12 39.04 Transaction check succeeded.
#12 39.04 Running transaction test
#12 39.51 Transaction test succeeded.
#12 39.51 Running transaction
#12 40.90   Running scriptlet: filesystem-3.8-6.el8.x86_64                            1/1 
#12 41.21   Preparing        :                                                        1/1 
#12 41.22   Installing       : libgcc-8.5.0-28.el8_10.x86_64                         1/80 
#12 41.26   Running scriptlet: libgcc-8.5.0-28.el8_10.x86_64                         1/80 
#12 41.28   Installing       : crypto-policies-20230731-1.git3177e06.el8.noarch      2/80 
#12 41.32   Running scriptlet: crypto-policies-20230731-1.git3177e06.el8.noarch      2/80 
#12 41.51   Installing       : tzdata-2026c-1.el8_10.noarch                          3/80 
#12 41.55   Installing       : rocky-gpg-keys-8.10-1.14.el8.noarch                   4/80 
#12 41.58   Installing       : rocky-release-8.10-1.14.el8.noarch                    5/80 
#12 41.62   Installing       : rocky-repos-8.10-1.14.el8.noarch                      6/80 
#12 41.67   Installing       : setup-2.12.2-11.el8.noarch                            7/80 
#12 41.70   Running scriptlet: setup-2.12.2-11.el8.noarch                            7/80 
#12 41.76   Installing       : filesystem-3.8-6.el8.x86_64                           8/80 
#12 41.87   Installing       : basesystem-11-5.el8.noarch                            9/80 
#12 41.91   Installing       : ncurses-base-6.1-10.20180224.el8.noarch              10/80 
#12 41.97   Installing       : pcre2-10.32-3.el8_6.x86_64                           11/80 
#12 42.00   Installing       : libselinux-2.9-11.el8_10.x86_64                      12/80 
#12 42.07   Installing       : ncurses-libs-6.1-10.20180224.el8.x86_64              13/80 
#12 42.10   Installing       : glibc-minimal-langpack-2.28-251.el8_10.40.x86_64     14/80 
#12 42.28   Installing       : glibc-common-2.28-251.el8_10.40.x86_64               15/80 
#12 42.31   Running scriptlet: glibc-2.28-251.el8_10.40.x86_64                      16/80 
#12 42.51   Installing       : glibc-2.28-251.el8_10.40.x86_64                      16/80 
#12 42.55   Running scriptlet: glibc-2.28-251.el8_10.40.x86_64                      16/80 
#12 42.91   Installing       : bash-4.4.20-6.el8_10.x86_64                          17/80 
#12 42.93   Running scriptlet: bash-4.4.20-6.el8_10.x86_64                          17/80 
#12 42.96   Installing       : libsepol-2.9-3.el8.x86_64                            18/80 
#12 42.99   Running scriptlet: libsepol-2.9-3.el8.x86_64                            18/80 
#12 43.13   Installing       : zlib-1.2.11-26.el8.x86_64                            19/80 
#12 43.17   Installing       : info-6.5-7.el8.x86_64                                20/80 
#12 43.21   Installing       : libacl-2.4.0-1.el8_10.x86_64                         21/80 
#12 43.24   Installing       : libuuid-2.32.1-48.el8_10.x86_64                      22/80 
#12 43.27   Running scriptlet: libuuid-2.32.1-48.el8_10.x86_64                      22/80 
#12 43.40   Installing       : libxcrypt-4.1.1-6.el8.x86_64                         23/80 
#12 43.45   Installing       : sed-4.5-5.el8.x86_64                                 24/80 
#12 43.49   Running scriptlet: sed-4.5-5.el8.x86_64                                 24/80 
#12 43.62 install-info: No such file or directory for /dev/null
#12 43.62 
#12 43.64   Installing       : gmp-1:6.1.2-12.el8.x86_64                            25/80 
#12 43.67   Running scriptlet: gmp-1:6.1.2-12.el8.x86_64                            25/80 
#12 43.80   Installing       : libcom_err-1.45.6-7.el8_10.x86_64                    26/80 
#12 43.82   Running scriptlet: libcom_err-1.45.6-7.el8_10.x86_64                    26/80 
#12 43.96   Installing       : libattr-2.6.0-1.el8_10.x86_64                        27/80 
#12 43.99   Installing       : libcap-2.48-6.el8_10.1.x86_64                        28/80 
#12 44.02   Installing       : libcap-ng-0.7.11-1.el8.x86_64                        29/80 
#12 44.06   Installing       : audit-libs-3.1.2-1.el8_10.1.x86_64                   30/80 
#12 44.11   Installing       : mpfr-3.1.6-1.el8.x86_64                              31/80 
#12 44.14   Running scriptlet: mpfr-3.1.6-1.el8.x86_64                              31/80 
#12 44.31   Installing       : vim-minimal-2:8.0.1763-31.el8_10.7.x86_64            32/80 
#12 44.49   Installing       : coreutils-common-8.30-20.el8_10.x86_64               33/80 
#12 44.53   Running scriptlet: coreutils-common-8.30-20.el8_10.x86_64               33/80 
#12 44.67   Installing       : readline-7.0-10.el8.x86_64                           34/80 
#12 44.70   Running scriptlet: readline-7.0-10.el8.x86_64                           34/80 
#12 44.83 install-info: No such file or directory for /usr/share/info/history.info
#12 44.83 install-info: No such file or directory for /usr/share/info/rluserman.info
#12 44.83 
#12 44.84   Installing       : bzip2-libs-1.0.6-28.el8_10.x86_64                    35/80 
#12 44.87   Installing       : libsemanage-2.9-12.el8_10.x86_64                     36/80 
#12 44.91   Installing       : keyutils-libs-1.5.10-9.el8.x86_64                    37/80 
#12 44.94   Installing       : libffi-3.1-24.el8.x86_64                             38/80 
#12 45.01   Installing       : p11-kit-0.23.22-2.el8.x86_64                         39/80 
#12 45.05   Installing       : libgpg-error-1.31-1.el8.x86_64                       40/80 
#12 45.12   Installing       : libgcrypt-1.8.5-8.el8_10.x86_64                      41/80 
#12 45.14   Running scriptlet: libgcrypt-1.8.5-8.el8_10.x86_64                      41/80 
#12 45.28   Installing       : libsigsegv-2.11-5.el8.x86_64                         42/80 
#12 45.38   Installing       : gawk-4.2.1-4.el8.x86_64                              43/80 
#12 45.42   Installing       : libsmartcols-2.32.1-48.el8_10.x86_64                 44/80 
#12 45.45   Running scriptlet: libsmartcols-2.32.1-48.el8_10.x86_64                 44/80 
#12 45.59   Installing       : libtasn1-4.13-6.el8_10.x86_64                        45/80 
#12 45.61   Running scriptlet: libtasn1-4.13-6.el8_10.x86_64                        45/80 
#12 45.75   Installing       : libverto-0.3.2-2.el8.x86_64                          46/80 
#12 45.78   Installing       : lz4-libs-1.8.3-5.el8_10.x86_64                       47/80 
#12 45.83   Installing       : ncurses-6.1-10.20180224.el8.x86_64                   48/80 
#12 45.88   Installing       : pcre-8.42-6.el8.x86_64                               49/80 
#12 45.93   Installing       : grep-3.1-6.el8.x86_64                                50/80 
#12 45.96   Running scriptlet: grep-3.1-6.el8.x86_64                                50/80 
#12 46.09 install-info: No such file or directory for /usr/share/info/grep.info.gz
#12 46.09 
#12 46.09   Installing       : popt-1.18-1.el8.x86_64                               51/80 
#12 46.14   Installing       : chkconfig-1.19.2-1.el8.x86_64                        52/80 
#12 46.18   Installing       : p11-kit-trust-0.23.22-2.el8.x86_64                   53/80 
#12 46.22   Running scriptlet: p11-kit-trust-0.23.22-2.el8.x86_64                   53/80 
#12 46.45   Installing       : openssl-libs-1:1.1.1k-17.el8_10.x86_64               54/80 
#12 46.49   Running scriptlet: openssl-libs-1:1.1.1k-17.el8_10.x86_64               54/80 
#12 46.76   Installing       : coreutils-8.30-20.el8_10.x86_64                      55/80 
#12 46.80   Running scriptlet: ca-certificates-2025.2.80_v9.0.304-80.2.el8_10.noa   56/80 
#12 46.99   Installing       : ca-certificates-2025.2.80_v9.0.304-80.2.el8_10.noa   56/80 
#12 47.02   Running scriptlet: ca-certificates-2025.2.80_v9.0.304-80.2.el8_10.noa   56/80 
#12 47.83   Installing       : libblkid-2.32.1-48.el8_10.x86_64                     57/80 
#12 47.86   Running scriptlet: libblkid-2.32.1-48.el8_10.x86_64                     57/80 
#12 48.00   Installing       : libmount-2.32.1-48.el8_10.x86_64                     58/80 
#12 48.03   Running scriptlet: libmount-2.32.1-48.el8_10.x86_64                     58/80 
#12 48.23   Installing       : krb5-libs-1.18.2-34.el8_10.x86_64                    59/80 
#12 48.28   Installing       : libtirpc-1.1.4-12.el8_10.x86_64                      60/80 
#12 48.30   Running scriptlet: libtirpc-1.1.4-12.el8_10.x86_64                      60/80 
#12 48.49   Installing       : libdb-5.3.28-42.el8_4.x86_64                         61/80 
#12 48.52   Running scriptlet: libdb-5.3.28-42.el8_4.x86_64                         61/80 
#12 48.66   Installing       : cyrus-sasl-lib-2.1.27-6.el8_5.x86_64                 62/80 
#12 48.69   Running scriptlet: cyrus-sasl-lib-2.1.27-6.el8_5.x86_64                 62/80 
#12 48.84   Installing       : openldap-2.4.46-21.el8_10.x86_64                     63/80 
#12 48.94   Installing       : libnsl2-1.2.0-2.20180605git4a062cf.el8.x86_64        64/80 
#12 49.08   Running scriptlet: libnsl2-1.2.0-2.20180605git4a062cf.el8.x86_64        64/80 
#12 49.33   Installing       : libfdisk-2.32.1-48.el8_10.x86_64                     65/80 
#12 49.80   Running scriptlet: libfdisk-2.32.1-48.el8_10.x86_64                     65/80 
#12 50.04   Installing       : gzip-1.9-15.el8_10.x86_64                            66/80 
#12 50.45   Running scriptlet: gzip-1.9-15.el8_10.x86_64                            66/80 
#12 50.59   Installing       : cracklib-2.9.6-15.el8.x86_64                         67/80 
#12 51.82   Installing       : cracklib-dicts-2.9.6-15.el8.x86_64                   68/80 
#12 52.34   Installing       : libpwquality-1.4.4-6.el8.x86_64                      69/80 
#12 52.84   Installing       : pam-1.3.1-40.el8_10.x86_64                           70/80 
#12 53.38   Running scriptlet: pam-1.3.1-40.el8_10.x86_64                           70/80 
#12 53.76   Installing       : shadow-utils-2:4.6-23.el8_10.x86_64                  71/80 
#12 54.15   Running scriptlet: libutempter-1.1.6-14.el8.x86_64                      72/80 
#12 54.76   Installing       : libutempter-1.1.6-14.el8.x86_64                      72/80 
#12 55.19   Installing       : xz-libs-5.2.4-4.el8_6.x86_64                         73/80 
#12 55.70   Installing       : systemd-libs-239-82.el8_10.19.x86_64                 74/80 
#12 56.13   Running scriptlet: systemd-libs-239-82.el8_10.19.x86_64                 74/80 
#12 56.29   Installing       : procps-ng-3.3.15-14.el8.x86_64                       75/80 
#12 56.65   Installing       : util-linux-2.32.1-48.el8_10.x86_64                   76/80 
#12 56.71   Running scriptlet: util-linux-2.32.1-48.el8_10.x86_64                   76/80 
#12 56.92   Installing       : sudo-1.9.5p2-1.el8_10.5.x86_64                       77/80 
#12 56.96   Running scriptlet: sudo-1.9.5p2-1.el8_10.5.x86_64                       77/80 
#12 57.12   Installing       : findutils-1:4.6.0-24.el8_10.x86_64                   78/80 
#12 57.15   Running scriptlet: findutils-1:4.6.0-24.el8_10.x86_64                   78/80 
#12 57.27   Installing       : hostname-3.20-6.el8.x86_64                           79/80 
#12 57.30   Running scriptlet: hostname-3.20-6.el8.x86_64                           79/80 
#12 57.45   Installing       : libstdc++-8.5.0-28.el8_10.x86_64                     80/80 
#12 57.49   Running scriptlet: libstdc++-8.5.0-28.el8_10.x86_64                     80/80 
#12 57.62   Running scriptlet: filesystem-3.8-6.el8.x86_64                          80/80 
#12 57.76   Running scriptlet: ca-certificates-2025.2.80_v9.0.304-80.2.el8_10.noa   80/80 
#12 58.53   Running scriptlet: glibc-common-2.28-251.el8_10.40.x86_64               80/80 
#12 58.66   Running scriptlet: info-6.5-7.el8.x86_64                                80/80 
#12 58.81   Verifying        : audit-libs-3.1.2-1.el8_10.1.x86_64                    1/80 
#12 58.81   Verifying        : basesystem-11-5.el8.noarch                            2/80 
#12 58.81   Verifying        : bash-4.4.20-6.el8_10.x86_64                           3/80 
#12 58.81   Verifying        : bzip2-libs-1.0.6-28.el8_10.x86_64                     4/80 
#12 58.81   Verifying        : ca-certificates-2025.2.80_v9.0.304-80.2.el8_10.noa    5/80 
#12 58.81   Verifying        : chkconfig-1.19.2-1.el8.x86_64                         6/80 
#12 58.81   Verifying        : coreutils-8.30-20.el8_10.x86_64                       7/80 
#12 58.81   Verifying        : coreutils-common-8.30-20.el8_10.x86_64                8/80 
#12 58.81   Verifying        : cracklib-2.9.6-15.el8.x86_64                          9/80 
#12 58.81   Verifying        : cracklib-dicts-2.9.6-15.el8.x86_64                   10/80 
#12 58.81   Verifying        : crypto-policies-20230731-1.git3177e06.el8.noarch     11/80 
#12 58.81   Verifying        : cyrus-sasl-lib-2.1.27-6.el8_5.x86_64                 12/80 
#12 58.81   Verifying        : filesystem-3.8-6.el8.x86_64                          13/80 
#12 58.81   Verifying        : findutils-1:4.6.0-24.el8_10.x86_64                   14/80 
#12 58.81   Verifying        : gawk-4.2.1-4.el8.x86_64                              15/80 
#12 58.81   Verifying        : glibc-2.28-251.el8_10.40.x86_64                      16/80 
#12 58.81   Verifying        : glibc-common-2.28-251.el8_10.40.x86_64               17/80 
#12 58.81   Verifying        : glibc-minimal-langpack-2.28-251.el8_10.40.x86_64     18/80 
#12 58.81   Verifying        : gmp-1:6.1.2-12.el8.x86_64                            19/80 
#12 58.81   Verifying        : grep-3.1-6.el8.x86_64                                20/80 
#12 58.81   Verifying        : gzip-1.9-15.el8_10.x86_64                            21/80 
#12 58.81   Verifying        : hostname-3.20-6.el8.x86_64                           22/80 
#12 58.81   Verifying        : info-6.5-7.el8.x86_64                                23/80 
#12 58.81   Verifying        : keyutils-libs-1.5.10-9.el8.x86_64                    24/80 
#12 58.81   Verifying        : krb5-libs-1.18.2-34.el8_10.x86_64                    25/80 
#12 58.81   Verifying        : libacl-2.4.0-1.el8_10.x86_64                         26/80 
#12 58.81   Verifying        : libattr-2.6.0-1.el8_10.x86_64                        27/80 
#12 58.81   Verifying        : libblkid-2.32.1-48.el8_10.x86_64                     28/80 
#12 58.81   Verifying        : libcap-2.48-6.el8_10.1.x86_64                        29/80 
#12 58.81   Verifying        : libcap-ng-0.7.11-1.el8.x86_64                        30/80 
#12 58.81   Verifying        : libcom_err-1.45.6-7.el8_10.x86_64                    31/80 
#12 58.81   Verifying        : libdb-5.3.28-42.el8_4.x86_64                         32/80 
#12 58.81   Verifying        : libfdisk-2.32.1-48.el8_10.x86_64                     33/80 
#12 58.81   Verifying        : libffi-3.1-24.el8.x86_64                             34/80 
#12 58.81   Verifying        : libgcc-8.5.0-28.el8_10.x86_64                        35/80 
#12 58.81   Verifying        : libgcrypt-1.8.5-8.el8_10.x86_64                      36/80 
#12 58.81   Verifying        : libgpg-error-1.31-1.el8.x86_64                       37/80 
#12 58.81   Verifying        : libmount-2.32.1-48.el8_10.x86_64                     38/80 
#12 58.81   Verifying        : libnsl2-1.2.0-2.20180605git4a062cf.el8.x86_64        39/80 
#12 58.81   Verifying        : libpwquality-1.4.4-6.el8.x86_64                      40/80 
#12 58.81   Verifying        : libselinux-2.9-11.el8_10.x86_64                      41/80 
#12 58.81   Verifying        : libsemanage-2.9-12.el8_10.x86_64                     42/80 
#12 58.81   Verifying        : libsepol-2.9-3.el8.x86_64                            43/80 
#12 58.81   Verifying        : libsigsegv-2.11-5.el8.x86_64                         44/80 
#12 58.81   Verifying        : libsmartcols-2.32.1-48.el8_10.x86_64                 45/80 
#12 58.81   Verifying        : libstdc++-8.5.0-28.el8_10.x86_64                     46/80 
#12 58.81   Verifying        : libtasn1-4.13-6.el8_10.x86_64                        47/80 
#12 58.81   Verifying        : libtirpc-1.1.4-12.el8_10.x86_64                      48/80 
#12 58.81   Verifying        : libutempter-1.1.6-14.el8.x86_64                      49/80 
#12 58.81   Verifying        : libuuid-2.32.1-48.el8_10.x86_64                      50/80 
#12 58.81   Verifying        : libverto-0.3.2-2.el8.x86_64                          51/80 
#12 58.81   Verifying        : libxcrypt-4.1.1-6.el8.x86_64                         52/80 
#12 58.81   Verifying        : lz4-libs-1.8.3-5.el8_10.x86_64                       53/80 
#12 58.81   Verifying        : mpfr-3.1.6-1.el8.x86_64                              54/80 
#12 58.81   Verifying        : ncurses-6.1-10.20180224.el8.x86_64                   55/80 
#12 58.81   Verifying        : ncurses-base-6.1-10.20180224.el8.noarch              56/80 
#12 58.81   Verifying        : ncurses-libs-6.1-10.20180224.el8.x86_64              57/80 
#12 58.81   Verifying        : openldap-2.4.46-21.el8_10.x86_64                     58/80 
#12 58.81   Verifying        : openssl-libs-1:1.1.1k-17.el8_10.x86_64               59/80 
#12 58.81   Verifying        : p11-kit-0.23.22-2.el8.x86_64                         60/80 
#12 58.81   Verifying        : p11-kit-trust-0.23.22-2.el8.x86_64                   61/80 
#12 58.81   Verifying        : pam-1.3.1-40.el8_10.x86_64                           62/80 
#12 58.81   Verifying        : pcre-8.42-6.el8.x86_64                               63/80 
#12 58.81   Verifying        : pcre2-10.32-3.el8_6.x86_64                           64/80 
#12 58.81   Verifying        : popt-1.18-1.el8.x86_64                               65/80 
#12 58.81   Verifying        : procps-ng-3.3.15-14.el8.x86_64                       66/80 
#12 58.81   Verifying        : readline-7.0-10.el8.x86_64                           67/80 
#12 58.81   Verifying        : rocky-gpg-keys-8.10-1.14.el8.noarch                  68/80 
#12 58.81   Verifying        : rocky-release-8.10-1.14.el8.noarch                   69/80 
#12 58.81   Verifying        : rocky-repos-8.10-1.14.el8.noarch                     70/80 
#12 58.81   Verifying        : sed-4.5-5.el8.x86_64                                 71/80 
#12 58.81   Verifying        : setup-2.12.2-11.el8.noarch                           72/80 
#12 58.81   Verifying        : shadow-utils-2:4.6-23.el8_10.x86_64                  73/80 
#12 58.81   Verifying        : sudo-1.9.5p2-1.el8_10.5.x86_64                       74/80 
#12 58.81   Verifying        : systemd-libs-239-82.el8_10.19.x86_64                 75/80 
#12 58.81   Verifying        : tzdata-2026c-1.el8_10.noarch                         76/80 
#12 58.81   Verifying        : util-linux-2.32.1-48.el8_10.x86_64                   77/80 
#12 58.81   Verifying        : vim-minimal-2:8.0.1763-31.el8_10.7.x86_64            78/80 
#12 58.81   Verifying        : xz-libs-5.2.4-4.el8_6.x86_64                         79/80 
#12 58.81   Verifying        : zlib-1.2.11-26.el8.x86_64                            80/80 
#12 59.30 
#12 59.30 Installed:
#12 59.30   audit-libs-3.1.2-1.el8_10.1.x86_64                                            
#12 59.30   basesystem-11-5.el8.noarch                                                    
#12 59.30   bash-4.4.20-6.el8_10.x86_64                                                   
#12 59.30   bzip2-libs-1.0.6-28.el8_10.x86_64                                             
#12 59.30   ca-certificates-2025.2.80_v9.0.304-80.2.el8_10.noarch                         
#12 59.30   chkconfig-1.19.2-1.el8.x86_64                                                 
#12 59.30   coreutils-8.30-20.el8_10.x86_64                                               
#12 59.30   coreutils-common-8.30-20.el8_10.x86_64                                        
#12 59.30   cracklib-2.9.6-15.el8.x86_64                                                  
#12 59.30   cracklib-dicts-2.9.6-15.el8.x86_64                                            
#12 59.30   crypto-policies-20230731-1.git3177e06.el8.noarch                              
#12 59.30   cyrus-sasl-lib-2.1.27-6.el8_5.x86_64                                          
#12 59.30   filesystem-3.8-6.el8.x86_64                                                   
#12 59.30   findutils-1:4.6.0-24.el8_10.x86_64                                            
#12 59.30   gawk-4.2.1-4.el8.x86_64                                                       
#12 59.30   glibc-2.28-251.el8_10.40.x86_64                                               
#12 59.30   glibc-common-2.28-251.el8_10.40.x86_64                                        
#12 59.30   glibc-minimal-langpack-2.28-251.el8_10.40.x86_64                              
#12 59.30   gmp-1:6.1.2-12.el8.x86_64                                                     
#12 59.30   grep-3.1-6.el8.x86_64                                                         
#12 59.30   gzip-1.9-15.el8_10.x86_64                                                     
#12 59.30   hostname-3.20-6.el8.x86_64                                                    
#12 59.30   info-6.5-7.el8.x86_64                                                         
#12 59.30   keyutils-libs-1.5.10-9.el8.x86_64                                             
#12 59.30   krb5-libs-1.18.2-34.el8_10.x86_64                                             
#12 59.30   libacl-2.4.0-1.el8_10.x86_64                                                  
#12 59.30   libattr-2.6.0-1.el8_10.x86_64                                                 
#12 59.30   libblkid-2.32.1-48.el8_10.x86_64                                              
#12 59.30   libcap-2.48-6.el8_10.1.x86_64                                                 
#12 59.30   libcap-ng-0.7.11-1.el8.x86_64                                                 
#12 59.30   libcom_err-1.45.6-7.el8_10.x86_64                                             
#12 59.30   libdb-5.3.28-42.el8_4.x86_64                                                  
#12 59.30   libfdisk-2.32.1-48.el8_10.x86_64                                              
#12 59.30   libffi-3.1-24.el8.x86_64                                                      
#12 59.30   libgcc-8.5.0-28.el8_10.x86_64                                                 
#12 59.30   libgcrypt-1.8.5-8.el8_10.x86_64                                               
#12 59.30   libgpg-error-1.31-1.el8.x86_64                                                
#12 59.30   libmount-2.32.1-48.el8_10.x86_64                                              
#12 59.30   libnsl2-1.2.0-2.20180605git4a062cf.el8.x86_64                                 
#12 59.30   libpwquality-1.4.4-6.el8.x86_64                                               
#12 59.30   libselinux-2.9-11.el8_10.x86_64                                               
#12 59.30   libsemanage-2.9-12.el8_10.x86_64                                              
#12 59.30   libsepol-2.9-3.el8.x86_64                                                     
#12 59.30   libsigsegv-2.11-5.el8.x86_64                                                  
#12 59.30   libsmartcols-2.32.1-48.el8_10.x86_64                                          
#12 59.30   libstdc++-8.5.0-28.el8_10.x86_64                                              
#12 59.30   libtasn1-4.13-6.el8_10.x86_64                                                 
#12 59.30   libtirpc-1.1.4-12.el8_10.x86_64                                               
#12 59.30   libutempter-1.1.6-14.el8.x86_64                                               
#12 59.30   libuuid-2.32.1-48.el8_10.x86_64                                               
#12 59.30   libverto-0.3.2-2.el8.x86_64                                                   
#12 59.30   libxcrypt-4.1.1-6.el8.x86_64                                                  
#12 59.30   lz4-libs-1.8.3-5.el8_10.x86_64                                                
#12 59.30   mpfr-3.1.6-1.el8.x86_64                                                       
#12 59.30   ncurses-6.1-10.20180224.el8.x86_64                                            
#12 59.30   ncurses-base-6.1-10.20180224.el8.noarch                                       
#12 59.30   ncurses-libs-6.1-10.20180224.el8.x86_64                                       
#12 59.30   openldap-2.4.46-21.el8_10.x86_64                                              
#12 59.30   openssl-libs-1:1.1.1k-17.el8_10.x86_64                                        
#12 59.30   p11-kit-0.23.22-2.el8.x86_64                                                  
#12 59.30   p11-kit-trust-0.23.22-2.el8.x86_64                                            
#12 59.30   pam-1.3.1-40.el8_10.x86_64                                                    
#12 59.30   pcre-8.42-6.el8.x86_64                                                        
#12 59.30   pcre2-10.32-3.el8_6.x86_64                                                    
#12 59.30   popt-1.18-1.el8.x86_64                                                        
#12 59.30   procps-ng-3.3.15-14.el8.x86_64                                                
#12 59.30   readline-7.0-10.el8.x86_64                                                    
#12 59.30   rocky-gpg-keys-8.10-1.14.el8.noarch                                           
#12 59.30   rocky-release-8.10-1.14.el8.noarch                                            
#12 59.30   rocky-repos-8.10-1.14.el8.noarch                                              
#12 59.30   sed-4.5-5.el8.x86_64                                                          
#12 59.30   setup-2.12.2-11.el8.noarch                                                    
#12 59.30   shadow-utils-2:4.6-23.el8_10.x86_64                                           
#12 59.30   sudo-1.9.5p2-1.el8_10.5.x86_64                                                
#12 59.30   systemd-libs-239-82.el8_10.19.x86_64                                          
#12 59.30   tzdata-2026c-1.el8_10.noarch                                                  
#12 59.30   util-linux-2.32.1-48.el8_10.x86_64                                            
#12 59.30   vim-minimal-2:8.0.1763-31.el8_10.7.x86_64                                     
#12 59.30   xz-libs-5.2.4-4.el8_6.x86_64                                                  
#12 59.30   zlib-1.2.11-26.el8.x86_64                                                     
#12 59.30 
#12 59.30 Complete!
#12 59.44 Verifying...                          ########################################
#12 59.53 Preparing...                          ########################################
#12 59.74 Updating / installing...
#12 59.74 riak-3.4.1.OTP26-1.el8                ########################################
#12 DONE 62.8s

#13 [package-amd64 1/1] COPY --from=install-amd64 /openriak-rootfs/ /
#13 DONE 0.8s

#14 [final 1/4] RUN <<'OPENRIAK_IMAGE_SETUP' (set -eu...)
#14 0.146 uid=999(riak) gid=999(riak) groups=999(riak)
#14 DONE 0.3s

#15 [final 2/4] COPY <<OPENRIAK_ENTRYPOINT /usr/local/bin/openriak-entrypoint
#15 DONE 0.1s

#16 [final 3/4] COPY <<OPENRIAK_HEALTHCHECK /usr/local/bin/openriak-healthcheck
#16 DONE 0.1s

#17 [final 4/4] RUN <<'OPENRIAK_SCRIPT_SETUP' (set -eu...)
#17 DONE 0.1s

#18 exporting to docker image format
#18 exporting layers
#18 exporting layers 7.4s done
#18 exporting manifest sha256:9f77ef81f9a50c4e92055af5a91d6bb20677f6933412984130e0681d5f078716 0.0s done
#18 exporting config sha256:b06c81699bb7dc4aa4c927b36483792b7a78bbcba7879db9bb87144dc96feab3 0.0s done
#18 sending tarball
#18 ...

#19 importing to docker
#19 loading layer 0c6cee9ad3e2 557.06kB / 71.83MB
#19 loading layer 0c6cee9ad3e2 70.19MB / 71.83MB 2.6s
#19 loading layer ae4979bec069 23.62kB / 23.62kB
#19 loading layer 5c5c3f72f80f 7.70kB / 7.70kB
#19 loading layer b2f32577fe37 387B / 387B
#19 loading layer 0c6cee9ad3e2 71.83MB / 71.83MB 3.0s done
#19 loading layer 8fce1a39d0fc 7.87kB / 7.87kB
#19 loading layer ae4979bec069 23.62kB / 23.62kB 0.3s done
#19 loading layer 5c5c3f72f80f 7.70kB / 7.70kB 0.2s done
#19 loading layer b2f32577fe37 387B / 387B 0.1s done
#19 loading layer 8fce1a39d0fc 7.87kB / 7.87kB 0.1s done
#19 DONE 3.0s

#18 exporting to docker image format
#18 sending tarball 3.5s done
#18 DONE 11.0s

timeout_seconds: 3600
exit_code: 0
