$ /usr/bin/docker compose --env-file /tmp/openriak-docker-3.4.1-oracle-linux-9-otp26-lw9312cz/.env.cluster --project-directory /tmp/openriak-docker-3.4.1-oracle-linux-9-otp26-lw9312cz --file /tmp/openriak-docker-3.4.1-oracle-linux-9-otp26-lw9312cz/compose.cluster.test.yaml up --detach --no-build
started: 2026-09-11T11:43:17Z
 Network openriak-kv-341-oracle-linux-9-otp26-node-cluster_openriak Creating 
 Network openriak-kv-341-oracle-linux-9-otp26-node-cluster_openriak Creating 
 Network openriak-kv-341-oracle-linux-9-otp26-node-cluster_openriak Created 
 Network openriak-kv-341-oracle-linux-9-otp26-node-cluster_openriak Created 
 Container openriak-kv-3.4.1-oracle-linux-9-otp26-node-5-t-258980z Creating 
 Container openriak-kv-3.4.1-oracle-linux-9-otp26-node-3-t-258980z Creating 
 Container openriak-kv-3.4.1-oracle-linux-9-otp26-node-2-t-258980z Creating 
 Container openriak-kv-3.4.1-oracle-linux-9-otp26-node-1-t-258980z Creating 
 Container openriak-kv-3.4.1-oracle-linux-9-otp26-node-4-t-258980z Creating 
 Container openriak-kv-3.4.1-oracle-linux-9-otp26-node-3-t-258980z Created 
 Container openriak-kv-3.4.1-oracle-linux-9-otp26-node-5-t-258980z Created 
 Container openriak-kv-3.4.1-oracle-linux-9-otp26-node-2-t-258980z Created 
 Container openriak-kv-3.4.1-oracle-linux-9-otp26-node-4-t-258980z Created 
 Container openriak-kv-3.4.1-oracle-linux-9-otp26-node-1-t-258980z Created 
 Container openriak-kv-3.4.1-oracle-linux-9-otp26-node-4-t-258980z Starting 
 Container openriak-kv-3.4.1-oracle-linux-9-otp26-node-5-t-258980z Starting 
 Container openriak-kv-3.4.1-oracle-linux-9-otp26-node-2-t-258980z Starting 
 Container openriak-kv-3.4.1-oracle-linux-9-otp26-node-1-t-258980z Starting 
 Container openriak-kv-3.4.1-oracle-linux-9-otp26-node-3-t-258980z Starting 
 Container openriak-kv-3.4.1-oracle-linux-9-otp26-node-5-t-258980z Started 
 Container openriak-kv-3.4.1-oracle-linux-9-otp26-node-2-t-258980z Started 
 Container openriak-kv-3.4.1-oracle-linux-9-otp26-node-3-t-258980z Started 
 Container openriak-kv-3.4.1-oracle-linux-9-otp26-node-4-t-258980z Started 
 Container openriak-kv-3.4.1-oracle-linux-9-otp26-node-1-t-258980z Started 

timeout_seconds: 3600
exit_code: 0
