$ /usr/bin/docker exec openriak-kv-3.4.1-oracle-linux-9-otp26-node-3-t-258980z sh -c 'date +%z
id -u riak
id -g riak
stat -c '"'"'%u:%g'"'"' /etc/riak /var/lib/riak /var/log/riak'
started: 2026-09-11T11:46:52Z
+0900
19001
19002
19001:19002
19001:19002
19001:19002

timeout_seconds: 3600
exit_code: 0
$ /usr/bin/docker container inspect openriak-kv-3.4.1-oracle-linux-9-otp26-node-3-t-258980z
started: 2026-09-11T11:46:52Z
[
    {
        "Id": "331dd0271248db700a8fca28f8ce4bb9605f1c3201be67c44fefdb58c506bb41",
        "Created": "2026-09-11T11:43:17.941409618Z",
        "Path": "/usr/local/bin/openriak-entrypoint",
        "Args": [],
        "State": {
            "Status": "running",
            "Running": true,
            "Paused": false,
            "Restarting": false,
            "OOMKilled": false,
            "Dead": false,
            "Pid": 6684,
            "ExitCode": 0,
            "Error": "",
            "StartedAt": "2026-09-11T11:43:18.587731229Z",
            "FinishedAt": "0001-01-01T00:00:00Z",
            "Health": {
                "Status": "healthy",
                "FailingStreak": 0,
                "Log": [
                    {
                        "Start": "2026-09-11T11:45:57.401971278Z",
                        "End": "2026-09-11T11:45:58.122266915Z",
                        "ExitCode": 0,
                        "Output": "OpenRiak healthcheck passed: BEAM is running and riak ping returned pong\n"
                    },
                    {
                        "Start": "2026-09-11T11:46:08.123331689Z",
                        "End": "2026-09-11T11:46:08.762290513Z",
                        "ExitCode": 0,
                        "Output": "OpenRiak healthcheck passed: BEAM is running and riak ping returned pong\n"
                    },
                    {
                        "Start": "2026-09-11T11:46:18.764710553Z",
                        "End": "2026-09-11T11:46:19.473043546Z",
                        "ExitCode": 0,
                        "Output": "OpenRiak healthcheck passed: BEAM is running and riak ping returned pong\n"
                    },
                    {
                        "Start": "2026-09-11T11:46:31.360789381Z",
                        "End": "2026-09-11T11:46:31.966363043Z",
                        "ExitCode": 0,
                        "Output": "OpenRiak healthcheck passed: BEAM is running and riak ping returned pong\n"
                    },
                    {
                        "Start": "2026-09-11T11:46:41.968218983Z",
                        "End": "2026-09-11T11:46:42.520635446Z",
                        "ExitCode": 0,
                        "Output": "OpenRiak healthcheck passed: BEAM is running and riak ping returned pong\n"
                    }
                ]
            }
        },
        "Image": "sha256:635d76620a88062a8c7ced5e123e183ee93c69421e72e696d488736f3d41b828",
        "ResolvConfPath": "/var/lib/docker/containers/331dd0271248db700a8fca28f8ce4bb9605f1c3201be67c44fefdb58c506bb41/resolv.conf",
        "HostnamePath": "/var/lib/docker/containers/331dd0271248db700a8fca28f8ce4bb9605f1c3201be67c44fefdb58c506bb41/hostname",
        "HostsPath": "/var/lib/docker/containers/331dd0271248db700a8fca28f8ce4bb9605f1c3201be67c44fefdb58c506bb41/hosts",
        "LogPath": "/var/lib/docker/containers/331dd0271248db700a8fca28f8ce4bb9605f1c3201be67c44fefdb58c506bb41/331dd0271248db700a8fca28f8ce4bb9605f1c3201be67c44fefdb58c506bb41-json.log",
        "Name": "/openriak-kv-3.4.1-oracle-linux-9-otp26-node-3-t-258980z",
        "RestartCount": 0,
        "Driver": "overlay2",
        "Platform": "linux",
        "MountLabel": "",
        "ProcessLabel": "",
        "AppArmorProfile": "",
        "ExecIDs": [
            "399d086f83b75b89bb2a5fcf091cda34af791b7294a7e21d862360ddf14c0090"
        ],
        "HostConfig": {
            "Binds": [
                "/tmp/openriak-docker-3.4.1-oracle-linux-9-otp26-lw9312cz/openriak-kv-3.4.1-oracle-linux-9-otp26-node-3/config:/etc/riak:rw",
                "/tmp/openriak-docker-3.4.1-oracle-linux-9-otp26-lw9312cz/openriak-kv-3.4.1-oracle-linux-9-otp26-node-3/data:/var/lib/riak:rw",
                "/tmp/openriak-docker-3.4.1-oracle-linux-9-otp26-lw9312cz/openriak-kv-3.4.1-oracle-linux-9-otp26-node-3/logs:/var/log/riak:rw",
                "/tmp/openriak-docker-3.4.1-oracle-linux-9-otp26-lw9312cz/openriak-kv-3.4.1-oracle-linux-9-otp26-node-cluster-control:/var/lib/openriak-cluster-control:rw"
            ],
            "ContainerIDFile": "",
            "LogConfig": {
                "Type": "json-file",
                "Config": {
                    "max-file": "3",
                    "max-size": "10m"
                }
            },
            "NetworkMode": "openriak-kv-341-oracle-linux-9-otp26-node-cluster_openriak",
            "PortBindings": {},
            "RestartPolicy": {
                "Name": "no",
                "MaximumRetryCount": 0
            },
            "AutoRemove": false,
            "VolumeDriver": "",
            "VolumesFrom": null,
            "ConsoleSize": [
                0,
                0
            ],
            "CapAdd": null,
            "CapDrop": null,
            "CgroupnsMode": "private",
            "Dns": null,
            "DnsOptions": null,
            "DnsSearch": null,
            "ExtraHosts": [],
            "GroupAdd": null,
            "IpcMode": "private",
            "Cgroup": "",
            "Links": null,
            "OomScoreAdj": 0,
            "PidMode": "",
            "Privileged": false,
            "PublishAllPorts": false,
            "ReadonlyRootfs": false,
            "SecurityOpt": null,
            "UTSMode": "",
            "UsernsMode": "",
            "ShmSize": 67108864,
            "Runtime": "runc",
            "Isolation": "",
            "CpuShares": 0,
            "Memory": 0,
            "NanoCpus": 0,
            "CgroupParent": "",
            "BlkioWeight": 0,
            "BlkioWeightDevice": null,
            "BlkioDeviceReadBps": null,
            "BlkioDeviceWriteBps": null,
            "BlkioDeviceReadIOps": null,
            "BlkioDeviceWriteIOps": null,
            "CpuPeriod": 0,
            "CpuQuota": 0,
            "CpuRealtimePeriod": 0,
            "CpuRealtimeRuntime": 0,
            "CpusetCpus": "",
            "CpusetMems": "",
            "Devices": null,
            "DeviceCgroupRules": null,
            "DeviceRequests": null,
            "MemoryReservation": 0,
            "MemorySwap": 0,
            "MemorySwappiness": null,
            "OomKillDisable": null,
            "PidsLimit": null,
            "Ulimits": [
                {
                    "Name": "nofile",
                    "Hard": 100000,
                    "Soft": 100000
                }
            ],
            "CpuCount": 0,
            "CpuPercent": 0,
            "IOMaximumIOps": 0,
            "IOMaximumBandwidth": 0,
            "MaskedPaths": [
                "/proc/acpi",
                "/proc/asound",
                "/proc/interrupts",
                "/proc/kcore",
                "/proc/keys",
                "/proc/latency_stats",
                "/proc/sched_debug",
                "/proc/scsi",
                "/proc/timer_list",
                "/proc/timer_stats",
                "/sys/devices/virtual/powercap",
                "/sys/firmware"
            ],
            "ReadonlyPaths": [
                "/proc/bus",
                "/proc/fs",
                "/proc/irq",
                "/proc/sys",
                "/proc/sysrq-trigger"
            ]
        },
        "GraphDriver": {
            "Data": {
                "ID": "331dd0271248db700a8fca28f8ce4bb9605f1c3201be67c44fefdb58c506bb41",
                "LowerDir": "/var/lib/docker/overlay2/715a1aa427c29d58d6bffb1ca9fb64df934b79e7deef87d63b50f07a803f7eed-init/diff:/var/lib/docker/overlay2/31cf698de392ef28859f12ab3f2ca12210766c8a6ef33dfee2e353193ccb986a/diff:/var/lib/docker/overlay2/dbf58debf7145b3c22bb1dce9b8d25a611b89f38d917cf587b422d83dc360c01/diff:/var/lib/docker/overlay2/87b09a809b7bc9c1848e744f45c149e06b1cef421393ff51761e318959038642/diff:/var/lib/docker/overlay2/443536ef0b40a09c2135611ec5f4873b826f8dc08db071f6061d73f0878426a2/diff:/var/lib/docker/overlay2/4363e4f0b1990bdbb716caa0aa36a2f2f40e44d5e14b85af5c2ed52348140987/diff",
                "MergedDir": "/var/lib/docker/overlay2/715a1aa427c29d58d6bffb1ca9fb64df934b79e7deef87d63b50f07a803f7eed/merged",
                "UpperDir": "/var/lib/docker/overlay2/715a1aa427c29d58d6bffb1ca9fb64df934b79e7deef87d63b50f07a803f7eed/diff",
                "WorkDir": "/var/lib/docker/overlay2/715a1aa427c29d58d6bffb1ca9fb64df934b79e7deef87d63b50f07a803f7eed/work"
            },
            "Name": "overlay2"
        },
        "Mounts": [
            {
                "Type": "bind",
                "Source": "/tmp/openriak-docker-3.4.1-oracle-linux-9-otp26-lw9312cz/openriak-kv-3.4.1-oracle-linux-9-otp26-node-3/logs",
                "Destination": "/var/log/riak",
                "Mode": "rw",
                "RW": true,
                "Propagation": "rprivate"
            },
            {
                "Type": "bind",
                "Source": "/tmp/openriak-docker-3.4.1-oracle-linux-9-otp26-lw9312cz/openriak-kv-3.4.1-oracle-linux-9-otp26-node-cluster-control",
                "Destination": "/var/lib/openriak-cluster-control",
                "Mode": "rw",
                "RW": true,
                "Propagation": "rprivate"
            },
            {
                "Type": "bind",
                "Source": "/tmp/openriak-docker-3.4.1-oracle-linux-9-otp26-lw9312cz/openriak-kv-3.4.1-oracle-linux-9-otp26-node-3/config",
                "Destination": "/etc/riak",
                "Mode": "rw",
                "RW": true,
                "Propagation": "rprivate"
            },
            {
                "Type": "bind",
                "Source": "/tmp/openriak-docker-3.4.1-oracle-linux-9-otp26-lw9312cz/openriak-kv-3.4.1-oracle-linux-9-otp26-node-3/data",
                "Destination": "/var/lib/riak",
                "Mode": "rw",
                "RW": true,
                "Propagation": "rprivate"
            }
        ],
        "Config": {
            "Hostname": "node-03.cluster-a.openriak",
            "Domainname": "",
            "User": "",
            "AttachStdin": false,
            "AttachStdout": true,
            "AttachStderr": true,
            "ExposedPorts": {
                "8087/tcp": {},
                "8098/tcp": {}
            },
            "Tty": false,
            "OpenStdin": false,
            "StdinOnce": false,
            "Env": [
                "RIAK_UID=19001",
                "OPENRIAK_CLUSTER_MODE=cluster",
                "RIAK_MONITOR_INTERVAL_SECONDS=1",
                "RIAK_GID=19002",
                "TZ=Asia/Tokyo",
                "RIAK_LOG_MAX_FILES=4",
                "RIAK_NODE_HOST=node-03.cluster-a.openriak",
                "OPENRIAK_CLUSTER_POLL_SECONDS=1",
                "OPENRIAK_CLUSTER_WAIT_SECONDS=3600",
                "RIAK_DISTRIBUTED_COOKIE=openriak-bdc13389d62e338d7750e9192c05ada3",
                "RIAK_LOG_MAX_FILE_SIZE=2MB",
                "PATH=/usr/local/sbin:/usr/local/bin:/usr/sbin:/usr/bin:/sbin:/bin",
                "RIAK_NODE_NAME=",
                "RIAK_RING_SIZE=8",
                "RIAK_STORAGE_BACKEND=leveled",
                "RIAK_ANTI_ENTROPY=passive",
                "RIAK_TICTACAAE_ACTIVE=active",
                "RIAK_TICTACAAE_STOREHEADS=enabled",
                "RIAK_HTTP_LISTENER=0.0.0.0:8098",
                "RIAK_PB_LISTENER=0.0.0.0:8087",
                "RIAK_NOFILE_LIMIT=100000",
                "RIAK_INIT_ONLY=0",
                "RIAK_STARTUP_POLL_SECONDS=1",
                "RIAK_SHUTDOWN_POLL_SECONDS=1",
                "OPENRIAK_CLUSTER_CONTROL_DIR=/var/lib/openriak-cluster-control",
                "role="
            ],
            "Cmd": null,
            "Healthcheck": {
                "Test": [
                    "CMD",
                    "/usr/local/bin/openriak-healthcheck"
                ],
                "Interval": 10000000000,
                "Timeout": 60000000000,
                "StartPeriod": 120000000000,
                "Retries": 3
            },
            "Image": "tiotjp/openriak-kv:test-3.4.1-oracle-linux-9-otp26-linux-amd64-20260911t113950.258980z",
            "Volumes": {
                "/etc/riak": {},
                "/var/lib/riak": {},
                "/var/log/riak": {}
            },
            "WorkingDir": "/",
            "Entrypoint": [
                "/usr/local/bin/openriak-entrypoint"
            ],
            "Labels": {
                "com.docker.compose.config-hash": "755017dcd683b770622d49c775371ab247479314013bc6a4bba41747dd2ad064",
                "com.docker.compose.container-number": "1",
                "com.docker.compose.depends_on": "",
                "com.docker.compose.image": "sha256:635d76620a88062a8c7ced5e123e183ee93c69421e72e696d488736f3d41b828",
                "com.docker.compose.oneoff": "False",
                "com.docker.compose.project": "openriak-kv-341-oracle-linux-9-otp26-node-cluster",
                "com.docker.compose.project.config_files": "/tmp/openriak-docker-3.4.1-oracle-linux-9-otp26-lw9312cz/compose.cluster.test.yaml",
                "com.docker.compose.project.environment_file": "/tmp/openriak-docker-3.4.1-oracle-linux-9-otp26-lw9312cz/.env.cluster",
                "com.docker.compose.project.working_dir": "/tmp/openriak-docker-3.4.1-oracle-linux-9-otp26-lw9312cz",
                "com.docker.compose.service": "node3",
                "com.docker.compose.version": "5.4.0",
                "desktop.docker.io/wsl-distro": "Ubuntu",
                "org.opencontainers.image.description": "Package-backed OpenRiak KV with single-node and cluster startup support",
                "org.opencontainers.image.source": "https://github.com/TI-Tokyo/openriak-docs",
                "org.opencontainers.image.title": "OpenRiak KV",
                "org.opencontainers.image.url": "https://www.tiot.jp/",
                "org.opencontainers.image.vendor": "TI Tokyo",
                "org.opencontainers.image.version": "3.4.1",
                "org.openriak.image.tag": "tiotjp/openriak-kv:3.4.1-oracle-linux-9-otp26",
                "org.openriak.os.name": "oracle-linux",
                "org.openriak.os.release": "9",
                "org.openriak.os.version": "9",
                "org.openriak.otp.version": "26"
            },
            "StopSignal": "SIGTERM",
            "StopTimeout": 120
        },
        "NetworkSettings": {
            "SandboxID": "9e4e40f352f48297dadb70d0d9c314411c4fcd647c1eb0592a924bb114484b16",
            "SandboxKey": "/var/run/docker/netns/9e4e40f352f4",
            "Ports": {
                "8087/tcp": null,
                "8098/tcp": null
            },
            "Networks": {
                "openriak-kv-341-oracle-linux-9-otp26-node-cluster_openriak": {
                    "IPAMConfig": {},
                    "Links": null,
                    "Aliases": [
                        "openriak-kv-3.4.1-oracle-linux-9-otp26-node-3-t-258980z",
                        "node3",
                        "node-03.cluster-a.openriak"
                    ],
                    "DriverOpts": null,
                    "GwPriority": 0,
                    "NetworkID": "e00268641a80c3a2cbbaff83e9637762fa1f8410b0df70e5465d4262956c1f7e",
                    "EndpointID": "06a9e1c88478c1964f2a0bf4bfd69c8a18f59031895317240730ad94f03d8310",
                    "Gateway": "172.25.0.1",
                    "IPAddress": "172.25.0.5",
                    "MacAddress": "76:00:f6:52:b9:ad",
                    "IPPrefixLen": 16,
                    "IPv6Gateway": "",
                    "GlobalIPv6Address": "",
                    "GlobalIPv6PrefixLen": 0,
                    "DNSNames": [
                        "openriak-kv-3.4.1-oracle-linux-9-otp26-node-3-t-258980z",
                        "node3",
                        "node-03.cluster-a.openriak",
                        "331dd0271248"
                    ]
                }
            }
        }
    }
]

timeout_seconds: 3600
exit_code: 0
$ /usr/bin/docker exec openriak-kv-3.4.1-oracle-linux-9-otp26-node-3-t-258980z sh -ec 'if find /usr /lib /lib64 -name '"'"'libssh.so*'"'"' | grep .
then
    echo '"'"'Unexpected libssh runtime library'"'"' >&2
    exit 1
fi
for name in python python3 perl pip pip3 dnf yum microdnf rpm
do
    if command -v "$name" >/dev/null 2>&1
    then
        echo "Unexpected runtime command: $name" >&2
        exit 1
    fi
done
if find /usr /opt -type f \( -iname '"'"'*python*'"'"' -o -iname '"'"'*setuptools*'"'"' -o -name perl \) | grep .
then
    echo '"'"'Unexpected interpreter files'"'"' >&2
    exit 1
fi
test -s /usr/share/openriak-build/runtime-packages.txt
test -s /etc/os-release
'
started: 2026-09-11T11:46:52Z

timeout_seconds: 3600
exit_code: 0
