$ /usr/bin/docker exec openriak-kv-3.4.1-oracle-linux-9-otp26-node-5-t-258980z sh -c 'date +%z
id -u riak
id -g riak
stat -c '"'"'%u:%g'"'"' /etc/riak /var/lib/riak /var/log/riak'
started: 2026-09-11T11:46:59Z
+0900
19001
19002
19001:19002
19001:19002
19001:19002

timeout_seconds: 3600
exit_code: 0
$ /usr/bin/docker container inspect openriak-kv-3.4.1-oracle-linux-9-otp26-node-5-t-258980z
started: 2026-09-11T11:46:59Z
[
    {
        "Id": "b3a1c177b4dd8d0c80e051523981c8a3bf7afac84aa1ca514e76ee6cd34c5cd3",
        "Created": "2026-09-11T11:43:18.174326967Z",
        "Path": "/usr/local/bin/openriak-entrypoint",
        "Args": [],
        "State": {
            "Status": "running",
            "Running": true,
            "Paused": false,
            "Restarting": false,
            "OOMKilled": false,
            "Dead": false,
            "Pid": 6573,
            "ExitCode": 0,
            "Error": "",
            "StartedAt": "2026-09-11T11:43:18.529852148Z",
            "FinishedAt": "0001-01-01T00:00:00Z",
            "Health": {
                "Status": "healthy",
                "FailingStreak": 0,
                "Log": [
                    {
                        "Start": "2026-09-11T11:46:06.414311619Z",
                        "End": "2026-09-11T11:46:07.076956463Z",
                        "ExitCode": 0,
                        "Output": "OpenRiak healthcheck passed: BEAM is running and riak ping returned pong\n"
                    },
                    {
                        "Start": "2026-09-11T11:46:17.078645461Z",
                        "End": "2026-09-11T11:46:17.787561416Z",
                        "ExitCode": 0,
                        "Output": "OpenRiak healthcheck passed: BEAM is running and riak ping returned pong\n"
                    },
                    {
                        "Start": "2026-09-11T11:46:29.673772728Z",
                        "End": "2026-09-11T11:46:30.290363894Z",
                        "ExitCode": 0,
                        "Output": "OpenRiak healthcheck passed: BEAM is running and riak ping returned pong\n"
                    },
                    {
                        "Start": "2026-09-11T11:46:40.291975734Z",
                        "End": "2026-09-11T11:46:40.81004063Z",
                        "ExitCode": 0,
                        "Output": "OpenRiak healthcheck passed: BEAM is running and riak ping returned pong\n"
                    },
                    {
                        "Start": "2026-09-11T11:46:50.81223597Z",
                        "End": "2026-09-11T11:46:51.405830357Z",
                        "ExitCode": 0,
                        "Output": "OpenRiak healthcheck passed: BEAM is running and riak ping returned pong\n"
                    }
                ]
            }
        },
        "Image": "sha256:635d76620a88062a8c7ced5e123e183ee93c69421e72e696d488736f3d41b828",
        "ResolvConfPath": "/var/lib/docker/containers/b3a1c177b4dd8d0c80e051523981c8a3bf7afac84aa1ca514e76ee6cd34c5cd3/resolv.conf",
        "HostnamePath": "/var/lib/docker/containers/b3a1c177b4dd8d0c80e051523981c8a3bf7afac84aa1ca514e76ee6cd34c5cd3/hostname",
        "HostsPath": "/var/lib/docker/containers/b3a1c177b4dd8d0c80e051523981c8a3bf7afac84aa1ca514e76ee6cd34c5cd3/hosts",
        "LogPath": "/var/lib/docker/containers/b3a1c177b4dd8d0c80e051523981c8a3bf7afac84aa1ca514e76ee6cd34c5cd3/b3a1c177b4dd8d0c80e051523981c8a3bf7afac84aa1ca514e76ee6cd34c5cd3-json.log",
        "Name": "/openriak-kv-3.4.1-oracle-linux-9-otp26-node-5-t-258980z",
        "RestartCount": 0,
        "Driver": "overlay2",
        "Platform": "linux",
        "MountLabel": "",
        "ProcessLabel": "",
        "AppArmorProfile": "",
        "ExecIDs": null,
        "HostConfig": {
            "Binds": [
                "/tmp/openriak-docker-3.4.1-oracle-linux-9-otp26-lw9312cz/openriak-kv-3.4.1-oracle-linux-9-otp26-node-5/config:/etc/riak:rw",
                "/tmp/openriak-docker-3.4.1-oracle-linux-9-otp26-lw9312cz/openriak-kv-3.4.1-oracle-linux-9-otp26-node-5/data:/var/lib/riak:rw",
                "/tmp/openriak-docker-3.4.1-oracle-linux-9-otp26-lw9312cz/openriak-kv-3.4.1-oracle-linux-9-otp26-node-5/logs:/var/log/riak:rw",
                "/tmp/openriak-docker-3.4.1-oracle-linux-9-otp26-lw9312cz/openriak-kv-3.4.1-oracle-linux-9-otp26-node-cluster-control:/var/lib/openriak-cluster-control:rw"
            ],
            "ContainerIDFile": "",
            "LogConfig": {
                "Type": "json-file",
                "Config": {
                    "max-file": "3",
                    "max-size": "10m"
                }
            },
            "NetworkMode": "openriak-kv-341-oracle-linux-9-otp26-node-cluster_openriak",
            "PortBindings": {},
            "RestartPolicy": {
                "Name": "no",
                "MaximumRetryCount": 0
            },
            "AutoRemove": false,
            "VolumeDriver": "",
            "VolumesFrom": null,
            "ConsoleSize": [
                0,
                0
            ],
            "CapAdd": null,
            "CapDrop": null,
            "CgroupnsMode": "private",
            "Dns": null,
            "DnsOptions": null,
            "DnsSearch": null,
            "ExtraHosts": [],
            "GroupAdd": null,
            "IpcMode": "private",
            "Cgroup": "",
            "Links": null,
            "OomScoreAdj": 0,
            "PidMode": "",
            "Privileged": false,
            "PublishAllPorts": false,
            "ReadonlyRootfs": false,
            "SecurityOpt": null,
            "UTSMode": "",
            "UsernsMode": "",
            "ShmSize": 67108864,
            "Runtime": "runc",
            "Isolation": "",
            "CpuShares": 0,
            "Memory": 0,
            "NanoCpus": 0,
            "CgroupParent": "",
            "BlkioWeight": 0,
            "BlkioWeightDevice": null,
            "BlkioDeviceReadBps": null,
            "BlkioDeviceWriteBps": null,
            "BlkioDeviceReadIOps": null,
            "BlkioDeviceWriteIOps": null,
            "CpuPeriod": 0,
            "CpuQuota": 0,
            "CpuRealtimePeriod": 0,
            "CpuRealtimeRuntime": 0,
            "CpusetCpus": "",
            "CpusetMems": "",
            "Devices": null,
            "DeviceCgroupRules": null,
            "DeviceRequests": null,
            "MemoryReservation": 0,
            "MemorySwap": 0,
            "MemorySwappiness": null,
            "OomKillDisable": null,
            "PidsLimit": null,
            "Ulimits": [
                {
                    "Name": "nofile",
                    "Hard": 100000,
                    "Soft": 100000
                }
            ],
            "CpuCount": 0,
            "CpuPercent": 0,
            "IOMaximumIOps": 0,
            "IOMaximumBandwidth": 0,
            "MaskedPaths": [
                "/proc/acpi",
                "/proc/asound",
                "/proc/interrupts",
                "/proc/kcore",
                "/proc/keys",
                "/proc/latency_stats",
                "/proc/sched_debug",
                "/proc/scsi",
                "/proc/timer_list",
                "/proc/timer_stats",
                "/sys/devices/virtual/powercap",
                "/sys/firmware"
            ],
            "ReadonlyPaths": [
                "/proc/bus",
                "/proc/fs",
                "/proc/irq",
                "/proc/sys",
                "/proc/sysrq-trigger"
            ]
        },
        "GraphDriver": {
            "Data": {
                "ID": "b3a1c177b4dd8d0c80e051523981c8a3bf7afac84aa1ca514e76ee6cd34c5cd3",
                "LowerDir": "/var/lib/docker/overlay2/e1739c1bc03e62105d47c1fbb6c8037f63056ff3228c1d63d73f3e7b08b574a3-init/diff:/var/lib/docker/overlay2/31cf698de392ef28859f12ab3f2ca12210766c8a6ef33dfee2e353193ccb986a/diff:/var/lib/docker/overlay2/dbf58debf7145b3c22bb1dce9b8d25a611b89f38d917cf587b422d83dc360c01/diff:/var/lib/docker/overlay2/87b09a809b7bc9c1848e744f45c149e06b1cef421393ff51761e318959038642/diff:/var/lib/docker/overlay2/443536ef0b40a09c2135611ec5f4873b826f8dc08db071f6061d73f0878426a2/diff:/var/lib/docker/overlay2/4363e4f0b1990bdbb716caa0aa36a2f2f40e44d5e14b85af5c2ed52348140987/diff",
                "MergedDir": "/var/lib/docker/overlay2/e1739c1bc03e62105d47c1fbb6c8037f63056ff3228c1d63d73f3e7b08b574a3/merged",
                "UpperDir": "/var/lib/docker/overlay2/e1739c1bc03e62105d47c1fbb6c8037f63056ff3228c1d63d73f3e7b08b574a3/diff",
                "WorkDir": "/var/lib/docker/overlay2/e1739c1bc03e62105d47c1fbb6c8037f63056ff3228c1d63d73f3e7b08b574a3/work"
            },
            "Name": "overlay2"
        },
        "Mounts": [
            {
                "Type": "bind",
                "Source": "/tmp/openriak-docker-3.4.1-oracle-linux-9-otp26-lw9312cz/openriak-kv-3.4.1-oracle-linux-9-otp26-node-5/data",
                "Destination": "/var/lib/riak",
                "Mode": "rw",
                "RW": true,
                "Propagation": "rprivate"
            },
            {
                "Type": "bind",
                "Source": "/tmp/openriak-docker-3.4.1-oracle-linux-9-otp26-lw9312cz/openriak-kv-3.4.1-oracle-linux-9-otp26-node-5/logs",
                "Destination": "/var/log/riak",
                "Mode": "rw",
                "RW": true,
                "Propagation": "rprivate"
            },
            {
                "Type": "bind",
                "Source": "/tmp/openriak-docker-3.4.1-oracle-linux-9-otp26-lw9312cz/openriak-kv-3.4.1-oracle-linux-9-otp26-node-cluster-control",
                "Destination": "/var/lib/openriak-cluster-control",
                "Mode": "rw",
                "RW": true,
                "Propagation": "rprivate"
            },
            {
                "Type": "bind",
                "Source": "/tmp/openriak-docker-3.4.1-oracle-linux-9-otp26-lw9312cz/openriak-kv-3.4.1-oracle-linux-9-otp26-node-5/config",
                "Destination": "/etc/riak",
                "Mode": "rw",
                "RW": true,
                "Propagation": "rprivate"
            }
        ],
        "Config": {
            "Hostname": "node-05.cluster-a.openriak",
            "Domainname": "",
            "User": "",
            "AttachStdin": false,
            "AttachStdout": true,
            "AttachStderr": true,
            "ExposedPorts": {
                "8087/tcp": {},
                "8098/tcp": {}
            },
            "Tty": false,
            "OpenStdin": false,
            "StdinOnce": false,
            "Env": [
                "RIAK_UID=19001",
                "RIAK_LOG_MAX_FILES=4",
                "RIAK_GID=19002",
                "RIAK_DISTRIBUTED_COOKIE=openriak-ad673c7d22c601a698e7bd85688ecc97",
                "RIAK_LOG_MAX_FILE_SIZE=2MB",
                "OPENRIAK_CLUSTER_POLL_SECONDS=1",
                "RIAK_NODE_HOST=node-05.cluster-a.openriak",
                "OPENRIAK_CLUSTER_WAIT_SECONDS=3600",
                "TZ=Asia/Tokyo",
                "RIAK_MONITOR_INTERVAL_SECONDS=1",
                "OPENRIAK_CLUSTER_MODE=cluster",
                "PATH=/usr/local/sbin:/usr/local/bin:/usr/sbin:/usr/bin:/sbin:/bin",
                "RIAK_NODE_NAME=",
                "RIAK_RING_SIZE=8",
                "RIAK_STORAGE_BACKEND=leveled",
                "RIAK_ANTI_ENTROPY=passive",
                "RIAK_TICTACAAE_ACTIVE=active",
                "RIAK_TICTACAAE_STOREHEADS=enabled",
                "RIAK_HTTP_LISTENER=0.0.0.0:8098",
                "RIAK_PB_LISTENER=0.0.0.0:8087",
                "RIAK_NOFILE_LIMIT=100000",
                "RIAK_INIT_ONLY=0",
                "RIAK_STARTUP_POLL_SECONDS=1",
                "RIAK_SHUTDOWN_POLL_SECONDS=1",
                "OPENRIAK_CLUSTER_CONTROL_DIR=/var/lib/openriak-cluster-control",
                "role="
            ],
            "Cmd": null,
            "Healthcheck": {
                "Test": [
                    "CMD",
                    "/usr/local/bin/openriak-healthcheck"
                ],
                "Interval": 10000000000,
                "Timeout": 60000000000,
                "StartPeriod": 120000000000,
                "Retries": 3
            },
            "Image": "tiotjp/openriak-kv:test-3.4.1-oracle-linux-9-otp26-linux-amd64-20260911t113950.258980z",
            "Volumes": {
                "/etc/riak": {},
                "/var/lib/riak": {},
                "/var/log/riak": {}
            },
            "WorkingDir": "/",
            "Entrypoint": [
                "/usr/local/bin/openriak-entrypoint"
            ],
            "Labels": {
                "com.docker.compose.config-hash": "81d4ee6693c49b1b564221dbebd0b9d44da734d633e2db15fd252a939de2a55f",
                "com.docker.compose.container-number": "1",
                "com.docker.compose.depends_on": "",
                "com.docker.compose.image": "sha256:635d76620a88062a8c7ced5e123e183ee93c69421e72e696d488736f3d41b828",
                "com.docker.compose.oneoff": "False",
                "com.docker.compose.project": "openriak-kv-341-oracle-linux-9-otp26-node-cluster",
                "com.docker.compose.project.config_files": "/tmp/openriak-docker-3.4.1-oracle-linux-9-otp26-lw9312cz/compose.cluster.test.yaml",
                "com.docker.compose.project.environment_file": "/tmp/openriak-docker-3.4.1-oracle-linux-9-otp26-lw9312cz/.env.cluster",
                "com.docker.compose.project.working_dir": "/tmp/openriak-docker-3.4.1-oracle-linux-9-otp26-lw9312cz",
                "com.docker.compose.service": "node5",
                "com.docker.compose.version": "5.4.0",
                "desktop.docker.io/wsl-distro": "Ubuntu",
                "org.opencontainers.image.description": "Package-backed OpenRiak KV with single-node and cluster startup support",
                "org.opencontainers.image.source": "https://github.com/TI-Tokyo/openriak-docs",
                "org.opencontainers.image.title": "OpenRiak KV",
                "org.opencontainers.image.url": "https://www.tiot.jp/",
                "org.opencontainers.image.vendor": "TI Tokyo",
                "org.opencontainers.image.version": "3.4.1",
                "org.openriak.image.tag": "tiotjp/openriak-kv:3.4.1-oracle-linux-9-otp26",
                "org.openriak.os.name": "oracle-linux",
                "org.openriak.os.release": "9",
                "org.openriak.os.version": "9",
                "org.openriak.otp.version": "26"
            },
            "StopSignal": "SIGTERM",
            "StopTimeout": 120
        },
        "NetworkSettings": {
            "SandboxID": "f0ff80961901b64e183c274807a9ca16e99b6abbbb1e1f672b1bc13055f89a0a",
            "SandboxKey": "/var/run/docker/netns/f0ff80961901",
            "Ports": {
                "8087/tcp": null,
                "8098/tcp": null
            },
            "Networks": {
                "openriak-kv-341-oracle-linux-9-otp26-node-cluster_openriak": {
                    "IPAMConfig": {},
                    "Links": null,
                    "Aliases": [
                        "openriak-kv-3.4.1-oracle-linux-9-otp26-node-5-t-258980z",
                        "node5",
                        "node-05.cluster-a.openriak"
                    ],
                    "DriverOpts": null,
                    "GwPriority": 0,
                    "NetworkID": "e00268641a80c3a2cbbaff83e9637762fa1f8410b0df70e5465d4262956c1f7e",
                    "EndpointID": "dc234bf34c6bfaf9b9e26b2ec6bf78bfd8a219d0a6fbffc2a399bc97cac9d61c",
                    "Gateway": "172.25.0.1",
                    "IPAddress": "172.25.0.2",
                    "MacAddress": "a2:f9:36:7e:83:68",
                    "IPPrefixLen": 16,
                    "IPv6Gateway": "",
                    "GlobalIPv6Address": "",
                    "GlobalIPv6PrefixLen": 0,
                    "DNSNames": [
                        "openriak-kv-3.4.1-oracle-linux-9-otp26-node-5-t-258980z",
                        "node5",
                        "node-05.cluster-a.openriak",
                        "b3a1c177b4dd"
                    ]
                }
            }
        }
    }
]

timeout_seconds: 3600
exit_code: 0
$ /usr/bin/docker exec openriak-kv-3.4.1-oracle-linux-9-otp26-node-5-t-258980z sh -ec 'if find /usr /lib /lib64 -name '"'"'libssh.so*'"'"' | grep .
then
    echo '"'"'Unexpected libssh runtime library'"'"' >&2
    exit 1
fi
for name in python python3 perl pip pip3 dnf yum microdnf rpm
do
    if command -v "$name" >/dev/null 2>&1
    then
        echo "Unexpected runtime command: $name" >&2
        exit 1
    fi
done
if find /usr /opt -type f \( -iname '"'"'*python*'"'"' -o -iname '"'"'*setuptools*'"'"' -o -name perl \) | grep .
then
    echo '"'"'Unexpected interpreter files'"'"' >&2
    exit 1
fi
test -s /usr/share/openriak-build/runtime-packages.txt
test -s /etc/os-release
'
started: 2026-09-11T11:47:00Z

timeout_seconds: 3600
exit_code: 0
