$ /usr/bin/docker container inspect openriak-kv-3.4.1-oracle-linux-9-otp26-node-1-t-258980z
started: 2026-09-11T11:43:16Z
[]
Error response from daemon: No such container: openriak-kv-3.4.1-oracle-linux-9-otp26-node-1-t-258980z

timeout_seconds: 3600
exit_code: 1
$ /usr/bin/docker container inspect openriak-kv-3.4.1-oracle-linux-9-otp26-node-2-t-258980z
started: 2026-09-11T11:43:17Z
[]
Error response from daemon: No such container: openriak-kv-3.4.1-oracle-linux-9-otp26-node-2-t-258980z

timeout_seconds: 3600
exit_code: 1
$ /usr/bin/docker container inspect openriak-kv-3.4.1-oracle-linux-9-otp26-node-3-t-258980z
started: 2026-09-11T11:43:17Z
[]
Error response from daemon: No such container: openriak-kv-3.4.1-oracle-linux-9-otp26-node-3-t-258980z

timeout_seconds: 3600
exit_code: 1
$ /usr/bin/docker container inspect openriak-kv-3.4.1-oracle-linux-9-otp26-node-4-t-258980z
started: 2026-09-11T11:43:17Z
[]
Error response from daemon: No such container: openriak-kv-3.4.1-oracle-linux-9-otp26-node-4-t-258980z

timeout_seconds: 3600
exit_code: 1
$ /usr/bin/docker container inspect openriak-kv-3.4.1-oracle-linux-9-otp26-node-5-t-258980z
started: 2026-09-11T11:43:17Z
[]
Error response from daemon: No such container: openriak-kv-3.4.1-oracle-linux-9-otp26-node-5-t-258980z

timeout_seconds: 3600
exit_code: 1
