$ /usr/bin/docker exec openriak-kv-3.4.0-ubuntu-jammy-otp24-node-4-t-203135z sh -c 'date +%z
id -u riak
id -g riak
stat -c '"'"'%u:%g'"'"' /etc/riak /var/lib/riak /var/log/riak'
started: 2026-09-11T11:18:19Z
+0900
19001
19002
19001:19002
19001:19002
19001:19002

timeout_seconds: 3600
exit_code: 0
$ /usr/bin/docker container inspect openriak-kv-3.4.0-ubuntu-jammy-otp24-node-4-t-203135z
started: 2026-09-11T11:18:19Z
[
    {
        "Id": "aee536f0c51551fea692bf7e4060517e8eae3d620b7dc2075116854e5fba84e2",
        "Created": "2026-09-11T11:14:12.721192759Z",
        "Path": "/usr/local/bin/openriak-entrypoint",
        "Args": [],
        "State": {
            "Status": "running",
            "Running": true,
            "Paused": false,
            "Restarting": false,
            "OOMKilled": false,
            "Dead": false,
            "Pid": 54078,
            "ExitCode": 0,
            "Error": "",
            "StartedAt": "2026-09-11T11:14:13.232887531Z",
            "FinishedAt": "0001-01-01T00:00:00Z",
            "Health": {
                "Status": "healthy",
                "FailingStreak": 0,
                "Log": [
                    {
                        "Start": "2026-09-11T11:17:30.123361668Z",
                        "End": "2026-09-11T11:17:31.121180359Z",
                        "ExitCode": 0,
                        "Output": "OpenRiak healthcheck passed: BEAM is running and riak ping returned pong\n"
                    },
                    {
                        "Start": "2026-09-11T11:17:42.98116115Z",
                        "End": "2026-09-11T11:17:43.665137121Z",
                        "ExitCode": 0,
                        "Output": "OpenRiak healthcheck passed: BEAM is running and riak ping returned pong\n"
                    },
                    {
                        "Start": "2026-09-11T11:17:53.666806933Z",
                        "End": "2026-09-11T11:17:54.122320139Z",
                        "ExitCode": 0,
                        "Output": "OpenRiak healthcheck passed: BEAM is running and riak ping returned pong\n"
                    },
                    {
                        "Start": "2026-09-11T11:18:04.123892775Z",
                        "End": "2026-09-11T11:18:04.618077136Z",
                        "ExitCode": 0,
                        "Output": "OpenRiak healthcheck passed: BEAM is running and riak ping returned pong\n"
                    },
                    {
                        "Start": "2026-09-11T11:18:16.517301011Z",
                        "End": "2026-09-11T11:18:17.3540812Z",
                        "ExitCode": 0,
                        "Output": "OpenRiak healthcheck passed: BEAM is running and riak ping returned pong\n"
                    }
                ]
            }
        },
        "Image": "sha256:4ff0ddca4bfa95bae9934182866f7dee2664ecd366dbf79393e053eb3dd1883d",
        "ResolvConfPath": "/var/lib/docker/containers/aee536f0c51551fea692bf7e4060517e8eae3d620b7dc2075116854e5fba84e2/resolv.conf",
        "HostnamePath": "/var/lib/docker/containers/aee536f0c51551fea692bf7e4060517e8eae3d620b7dc2075116854e5fba84e2/hostname",
        "HostsPath": "/var/lib/docker/containers/aee536f0c51551fea692bf7e4060517e8eae3d620b7dc2075116854e5fba84e2/hosts",
        "LogPath": "/var/lib/docker/containers/aee536f0c51551fea692bf7e4060517e8eae3d620b7dc2075116854e5fba84e2/aee536f0c51551fea692bf7e4060517e8eae3d620b7dc2075116854e5fba84e2-json.log",
        "Name": "/openriak-kv-3.4.0-ubuntu-jammy-otp24-node-4-t-203135z",
        "RestartCount": 0,
        "Driver": "overlay2",
        "Platform": "linux",
        "MountLabel": "",
        "ProcessLabel": "",
        "AppArmorProfile": "",
        "ExecIDs": null,
        "HostConfig": {
            "Binds": [
                "/tmp/openriak-docker-3.4.0-ubuntu-jammy-otp24-91entxo9/openriak-kv-3.4.0-ubuntu-jammy-otp24-node-4/config:/etc/riak:rw",
                "/tmp/openriak-docker-3.4.0-ubuntu-jammy-otp24-91entxo9/openriak-kv-3.4.0-ubuntu-jammy-otp24-node-4/data:/var/lib/riak:rw",
                "/tmp/openriak-docker-3.4.0-ubuntu-jammy-otp24-91entxo9/openriak-kv-3.4.0-ubuntu-jammy-otp24-node-4/logs:/var/log/riak:rw",
                "/tmp/openriak-docker-3.4.0-ubuntu-jammy-otp24-91entxo9/openriak-kv-3.4.0-ubuntu-jammy-otp24-node-cluster-control:/var/lib/openriak-cluster-control:rw"
            ],
            "ContainerIDFile": "",
            "LogConfig": {
                "Type": "json-file",
                "Config": {
                    "max-file": "3",
                    "max-size": "10m"
                }
            },
            "NetworkMode": "openriak-kv-340-ubuntu-jammy-otp24-node-cluster_openriak",
            "PortBindings": {},
            "RestartPolicy": {
                "Name": "no",
                "MaximumRetryCount": 0
            },
            "AutoRemove": false,
            "VolumeDriver": "",
            "VolumesFrom": null,
            "ConsoleSize": [
                0,
                0
            ],
            "CapAdd": null,
            "CapDrop": null,
            "CgroupnsMode": "private",
            "Dns": null,
            "DnsOptions": null,
            "DnsSearch": null,
            "ExtraHosts": [],
            "GroupAdd": null,
            "IpcMode": "private",
            "Cgroup": "",
            "Links": null,
            "OomScoreAdj": 0,
            "PidMode": "",
            "Privileged": false,
            "PublishAllPorts": false,
            "ReadonlyRootfs": false,
            "SecurityOpt": null,
            "UTSMode": "",
            "UsernsMode": "",
            "ShmSize": 67108864,
            "Runtime": "runc",
            "Isolation": "",
            "CpuShares": 0,
            "Memory": 0,
            "NanoCpus": 0,
            "CgroupParent": "",
            "BlkioWeight": 0,
            "BlkioWeightDevice": null,
            "BlkioDeviceReadBps": null,
            "BlkioDeviceWriteBps": null,
            "BlkioDeviceReadIOps": null,
            "BlkioDeviceWriteIOps": null,
            "CpuPeriod": 0,
            "CpuQuota": 0,
            "CpuRealtimePeriod": 0,
            "CpuRealtimeRuntime": 0,
            "CpusetCpus": "",
            "CpusetMems": "",
            "Devices": null,
            "DeviceCgroupRules": null,
            "DeviceRequests": null,
            "MemoryReservation": 0,
            "MemorySwap": 0,
            "MemorySwappiness": null,
            "OomKillDisable": null,
            "PidsLimit": null,
            "Ulimits": [
                {
                    "Name": "nofile",
                    "Hard": 100000,
                    "Soft": 100000
                }
            ],
            "CpuCount": 0,
            "CpuPercent": 0,
            "IOMaximumIOps": 0,
            "IOMaximumBandwidth": 0,
            "MaskedPaths": [
                "/proc/acpi",
                "/proc/asound",
                "/proc/interrupts",
                "/proc/kcore",
                "/proc/keys",
                "/proc/latency_stats",
                "/proc/sched_debug",
                "/proc/scsi",
                "/proc/timer_list",
                "/proc/timer_stats",
                "/sys/devices/virtual/powercap",
                "/sys/firmware"
            ],
            "ReadonlyPaths": [
                "/proc/bus",
                "/proc/fs",
                "/proc/irq",
                "/proc/sys",
                "/proc/sysrq-trigger"
            ]
        },
        "GraphDriver": {
            "Data": {
                "ID": "aee536f0c51551fea692bf7e4060517e8eae3d620b7dc2075116854e5fba84e2",
                "LowerDir": "/var/lib/docker/overlay2/80eee80308064d9d59de46048b148cd4bf92c9f99e7c6145ae9e25484c6f016c-init/diff:/var/lib/docker/overlay2/bc57cf82ce56e8138e853a1aa8a918de6a42d74e7a0c160926476a617c1e1573/diff:/var/lib/docker/overlay2/738d883f91a49ab74a8b4d4dbd94f16be172ba9bee5b6d9944ba7498100ebbc0/diff:/var/lib/docker/overlay2/abbce012e24d575077c2e25a9abf6610b6728de0c6e49d65b9dfdb20f85d51b0/diff:/var/lib/docker/overlay2/6cf5d18990c2bdfa61dc3c50cdfe3828074a382e1b0cac2763bdb65ac3fab827/diff:/var/lib/docker/overlay2/afaabcb7bc074f7f469f26defdc88b5484c7291b288df56acf5d48949dfe3746/diff",
                "MergedDir": "/var/lib/docker/overlay2/80eee80308064d9d59de46048b148cd4bf92c9f99e7c6145ae9e25484c6f016c/merged",
                "UpperDir": "/var/lib/docker/overlay2/80eee80308064d9d59de46048b148cd4bf92c9f99e7c6145ae9e25484c6f016c/diff",
                "WorkDir": "/var/lib/docker/overlay2/80eee80308064d9d59de46048b148cd4bf92c9f99e7c6145ae9e25484c6f016c/work"
            },
            "Name": "overlay2"
        },
        "Mounts": [
            {
                "Type": "bind",
                "Source": "/tmp/openriak-docker-3.4.0-ubuntu-jammy-otp24-91entxo9/openriak-kv-3.4.0-ubuntu-jammy-otp24-node-4/config",
                "Destination": "/etc/riak",
                "Mode": "rw",
                "RW": true,
                "Propagation": "rprivate"
            },
            {
                "Type": "bind",
                "Source": "/tmp/openriak-docker-3.4.0-ubuntu-jammy-otp24-91entxo9/openriak-kv-3.4.0-ubuntu-jammy-otp24-node-4/data",
                "Destination": "/var/lib/riak",
                "Mode": "rw",
                "RW": true,
                "Propagation": "rprivate"
            },
            {
                "Type": "bind",
                "Source": "/tmp/openriak-docker-3.4.0-ubuntu-jammy-otp24-91entxo9/openriak-kv-3.4.0-ubuntu-jammy-otp24-node-4/logs",
                "Destination": "/var/log/riak",
                "Mode": "rw",
                "RW": true,
                "Propagation": "rprivate"
            },
            {
                "Type": "bind",
                "Source": "/tmp/openriak-docker-3.4.0-ubuntu-jammy-otp24-91entxo9/openriak-kv-3.4.0-ubuntu-jammy-otp24-node-cluster-control",
                "Destination": "/var/lib/openriak-cluster-control",
                "Mode": "rw",
                "RW": true,
                "Propagation": "rprivate"
            }
        ],
        "Config": {
            "Hostname": "node-04.cluster-a.openriak",
            "Domainname": "",
            "User": "",
            "AttachStdin": false,
            "AttachStdout": true,
            "AttachStderr": true,
            "ExposedPorts": {
                "8087/tcp": {},
                "8098/tcp": {}
            },
            "Tty": false,
            "OpenStdin": false,
            "StdinOnce": false,
            "Env": [
                "RIAK_DISTRIBUTED_COOKIE=openriak-1e5fd9c6e4471eca5f0cbdcab086d519",
                "RIAK_GID=19002",
                "OPENRIAK_CLUSTER_WAIT_SECONDS=3600",
                "OPENRIAK_CLUSTER_MODE=cluster",
                "RIAK_NODE_HOST=node-04.cluster-a.openriak",
                "TZ=Asia/Tokyo",
                "OPENRIAK_CLUSTER_POLL_SECONDS=1",
                "RIAK_UID=19001",
                "RIAK_LOG_MAX_FILE_SIZE=2MB",
                "RIAK_MONITOR_INTERVAL_SECONDS=1",
                "RIAK_LOG_MAX_FILES=4",
                "PATH=/usr/local/sbin:/usr/local/bin:/usr/sbin:/usr/bin:/sbin:/bin",
                "RIAK_NODE_NAME=",
                "RIAK_RING_SIZE=8",
                "RIAK_STORAGE_BACKEND=leveled",
                "RIAK_ANTI_ENTROPY=passive",
                "RIAK_TICTACAAE_ACTIVE=active",
                "RIAK_TICTACAAE_STOREHEADS=enabled",
                "RIAK_HTTP_LISTENER=0.0.0.0:8098",
                "RIAK_PB_LISTENER=0.0.0.0:8087",
                "RIAK_NOFILE_LIMIT=100000",
                "RIAK_INIT_ONLY=0",
                "RIAK_STARTUP_POLL_SECONDS=1",
                "RIAK_SHUTDOWN_POLL_SECONDS=1",
                "OPENRIAK_CLUSTER_CONTROL_DIR=/var/lib/openriak-cluster-control",
                "role="
            ],
            "Cmd": null,
            "Healthcheck": {
                "Test": [
                    "CMD",
                    "/usr/local/bin/openriak-healthcheck"
                ],
                "Interval": 10000000000,
                "Timeout": 60000000000,
                "StartPeriod": 120000000000,
                "Retries": 3
            },
            "Image": "tiotjp/openriak-kv:test-3.4.0-ubuntu-jammy-otp24-linux-amd64-20260911t110443.203135z",
            "Volumes": {
                "/etc/riak": {},
                "/var/lib/riak": {},
                "/var/log/riak": {}
            },
            "WorkingDir": "/",
            "Entrypoint": [
                "/usr/local/bin/openriak-entrypoint"
            ],
            "Labels": {
                "com.docker.compose.config-hash": "83126e81bf6950b9126c370deae248879c488fa22d27cb222648f093f04286ee",
                "com.docker.compose.container-number": "1",
                "com.docker.compose.depends_on": "",
                "com.docker.compose.image": "sha256:4ff0ddca4bfa95bae9934182866f7dee2664ecd366dbf79393e053eb3dd1883d",
                "com.docker.compose.oneoff": "False",
                "com.docker.compose.project": "openriak-kv-340-ubuntu-jammy-otp24-node-cluster",
                "com.docker.compose.project.config_files": "/tmp/openriak-docker-3.4.0-ubuntu-jammy-otp24-91entxo9/compose.cluster.test.yaml",
                "com.docker.compose.project.environment_file": "/tmp/openriak-docker-3.4.0-ubuntu-jammy-otp24-91entxo9/.env.cluster",
                "com.docker.compose.project.working_dir": "/tmp/openriak-docker-3.4.0-ubuntu-jammy-otp24-91entxo9",
                "com.docker.compose.service": "node4",
                "com.docker.compose.version": "5.4.0",
                "desktop.docker.io/wsl-distro": "Ubuntu",
                "org.opencontainers.image.description": "Package-backed OpenRiak KV with single-node and cluster startup support",
                "org.opencontainers.image.source": "https://github.com/TI-Tokyo/openriak-docs",
                "org.opencontainers.image.title": "OpenRiak KV",
                "org.opencontainers.image.url": "https://www.tiot.jp/",
                "org.opencontainers.image.vendor": "TI Tokyo",
                "org.opencontainers.image.version": "3.4.0",
                "org.openriak.image.tag": "tiotjp/openriak-kv:3.4.0-ubuntu-jammy-otp24",
                "org.openriak.os.name": "ubuntu",
                "org.openriak.os.release": "jammy",
                "org.openriak.os.version": "22.04",
                "org.openriak.otp.version": "24"
            },
            "StopSignal": "SIGTERM",
            "StopTimeout": 120
        },
        "NetworkSettings": {
            "SandboxID": "a074a21c13aec744b877a6987c36bf0d62ff6b7e71a4d273a1d1aeb4e9c63605",
            "SandboxKey": "/var/run/docker/netns/a074a21c13ae",
            "Ports": {
                "8087/tcp": null,
                "8098/tcp": null
            },
            "Networks": {
                "openriak-kv-340-ubuntu-jammy-otp24-node-cluster_openriak": {
                    "IPAMConfig": {},
                    "Links": null,
                    "Aliases": [
                        "openriak-kv-3.4.0-ubuntu-jammy-otp24-node-4-t-203135z",
                        "node4",
                        "node-04.cluster-a.openriak"
                    ],
                    "DriverOpts": null,
                    "GwPriority": 0,
                    "NetworkID": "92a9fe13d095e9f2b9ff99ed687ad3ecbd79d3a2536cc683fd0d7380a1a33a34",
                    "EndpointID": "dcde84497476302f41e2b26c60c25afb75dd1fdd55026b4e016b9998bd67f155",
                    "Gateway": "172.25.0.1",
                    "IPAddress": "172.25.0.3",
                    "MacAddress": "76:65:3f:06:21:c4",
                    "IPPrefixLen": 16,
                    "IPv6Gateway": "",
                    "GlobalIPv6Address": "",
                    "GlobalIPv6PrefixLen": 0,
                    "DNSNames": [
                        "openriak-kv-3.4.0-ubuntu-jammy-otp24-node-4-t-203135z",
                        "node4",
                        "node-04.cluster-a.openriak",
                        "aee536f0c515"
                    ]
                }
            }
        }
    }
]

timeout_seconds: 3600
exit_code: 0
$ /usr/bin/docker exec openriak-kv-3.4.0-ubuntu-jammy-otp24-node-4-t-203135z sh -ec 'test ! -e /usr/bin/perl
test ! -e /usr/bin/python3
test -s /var/lib/dpkg/status
dpkg --compare-versions "$(dpkg-query -W -f='"'"'${Version}'"'"' libc6)" ge '"'"'2.35-0ubuntu3.15'"'"'
test ! -e /bin/tar
test ! -e /usr/bin/tar
'
started: 2026-09-11T11:18:19Z

timeout_seconds: 3600
exit_code: 0
