$ /usr/bin/docker exec openriak-kv-3.4.0-alpine-3.21-otp24-node-3-t-180301z sh -c 'date +%z
id -u riak
id -g riak
stat -c '"'"'%u:%g'"'"' /etc/riak /var/lib/riak /var/log/riak'
started: 2026-09-11T08:50:37Z
+0900
19001
19002
19001:19002
19001:19002
19001:19002

timeout_seconds: 3600
exit_code: 0
$ /usr/bin/docker container inspect openriak-kv-3.4.0-alpine-3.21-otp24-node-3-t-180301z
started: 2026-09-11T08:50:37Z
[
    {
        "Id": "f7fcaf9c50d42a08e5e3437fb2f266014c5444bdf1f434442d76fad3bda6a8c4",
        "Created": "2026-09-11T08:47:15.188183531Z",
        "Path": "/usr/local/bin/openriak-entrypoint",
        "Args": [],
        "State": {
            "Status": "running",
            "Running": true,
            "Paused": false,
            "Restarting": false,
            "OOMKilled": false,
            "Dead": false,
            "Pid": 3319703,
            "ExitCode": 0,
            "Error": "",
            "StartedAt": "2026-09-11T08:47:16.05786955Z",
            "FinishedAt": "0001-01-01T00:00:00Z",
            "Health": {
                "Status": "healthy",
                "FailingStreak": 0,
                "Log": [
                    {
                        "Start": "2026-09-11T08:49:43.986012498Z",
                        "End": "2026-09-11T08:49:44.800241682Z",
                        "ExitCode": 0,
                        "Output": "OpenRiak healthcheck passed: BEAM is running and riak ping returned pong\n"
                    },
                    {
                        "Start": "2026-09-11T08:49:54.801309513Z",
                        "End": "2026-09-11T08:49:55.438576929Z",
                        "ExitCode": 0,
                        "Output": "OpenRiak healthcheck passed: BEAM is running and riak ping returned pong\n"
                    },
                    {
                        "Start": "2026-09-11T08:50:05.43954204Z",
                        "End": "2026-09-11T08:50:06.532263692Z",
                        "ExitCode": 0,
                        "Output": "OpenRiak healthcheck passed: BEAM is running and riak ping returned pong\n"
                    },
                    {
                        "Start": "2026-09-11T08:50:16.532996109Z",
                        "End": "2026-09-11T08:50:17.279763423Z",
                        "ExitCode": 0,
                        "Output": "OpenRiak healthcheck passed: BEAM is running and riak ping returned pong\n"
                    },
                    {
                        "Start": "2026-09-11T08:50:27.280663791Z",
                        "End": "2026-09-11T08:50:28.329930513Z",
                        "ExitCode": 0,
                        "Output": "OpenRiak healthcheck passed: BEAM is running and riak ping returned pong\n"
                    }
                ]
            }
        },
        "Image": "sha256:283f5d6d0cc26cd76531aa9cda700c634646dc2e552383baded408105f8b949e",
        "ResolvConfPath": "/var/lib/docker/containers/f7fcaf9c50d42a08e5e3437fb2f266014c5444bdf1f434442d76fad3bda6a8c4/resolv.conf",
        "HostnamePath": "/var/lib/docker/containers/f7fcaf9c50d42a08e5e3437fb2f266014c5444bdf1f434442d76fad3bda6a8c4/hostname",
        "HostsPath": "/var/lib/docker/containers/f7fcaf9c50d42a08e5e3437fb2f266014c5444bdf1f434442d76fad3bda6a8c4/hosts",
        "LogPath": "/var/lib/docker/containers/f7fcaf9c50d42a08e5e3437fb2f266014c5444bdf1f434442d76fad3bda6a8c4/f7fcaf9c50d42a08e5e3437fb2f266014c5444bdf1f434442d76fad3bda6a8c4-json.log",
        "Name": "/openriak-kv-3.4.0-alpine-3.21-otp24-node-3-t-180301z",
        "RestartCount": 0,
        "Driver": "overlay2",
        "Platform": "linux",
        "MountLabel": "",
        "ProcessLabel": "",
        "AppArmorProfile": "docker-default",
        "ExecIDs": null,
        "HostConfig": {
            "Binds": [
                "/tmp/openriak-docker-3.4.0-alpine-3.21-otp24-m7b600sa/openriak-kv-3.4.0-alpine-3.21-otp24-node-3/config:/etc/riak:rw",
                "/tmp/openriak-docker-3.4.0-alpine-3.21-otp24-m7b600sa/openriak-kv-3.4.0-alpine-3.21-otp24-node-3/data:/var/lib/riak:rw",
                "/tmp/openriak-docker-3.4.0-alpine-3.21-otp24-m7b600sa/openriak-kv-3.4.0-alpine-3.21-otp24-node-3/logs:/var/log/riak:rw",
                "/tmp/openriak-docker-3.4.0-alpine-3.21-otp24-m7b600sa/openriak-kv-3.4.0-alpine-3.21-otp24-node-cluster-control:/var/lib/openriak-cluster-control:rw"
            ],
            "ContainerIDFile": "",
            "LogConfig": {
                "Type": "json-file",
                "Config": {
                    "max-file": "3",
                    "max-size": "10m"
                }
            },
            "NetworkMode": "openriak-kv-340-alpine-321-otp24-node-cluster_openriak",
            "PortBindings": {},
            "RestartPolicy": {
                "Name": "no",
                "MaximumRetryCount": 0
            },
            "AutoRemove": false,
            "VolumeDriver": "",
            "VolumesFrom": null,
            "ConsoleSize": [
                0,
                0
            ],
            "CapAdd": null,
            "CapDrop": null,
            "CgroupnsMode": "private",
            "Dns": null,
            "DnsOptions": null,
            "DnsSearch": null,
            "ExtraHosts": [],
            "GroupAdd": null,
            "IpcMode": "private",
            "Cgroup": "",
            "Links": null,
            "OomScoreAdj": 0,
            "PidMode": "",
            "Privileged": false,
            "PublishAllPorts": false,
            "ReadonlyRootfs": false,
            "SecurityOpt": null,
            "UTSMode": "",
            "UsernsMode": "",
            "ShmSize": 67108864,
            "Runtime": "runc",
            "Isolation": "",
            "CpuShares": 0,
            "Memory": 0,
            "NanoCpus": 0,
            "CgroupParent": "",
            "BlkioWeight": 0,
            "BlkioWeightDevice": null,
            "BlkioDeviceReadBps": null,
            "BlkioDeviceWriteBps": null,
            "BlkioDeviceReadIOps": null,
            "BlkioDeviceWriteIOps": null,
            "CpuPeriod": 0,
            "CpuQuota": 0,
            "CpuRealtimePeriod": 0,
            "CpuRealtimeRuntime": 0,
            "CpusetCpus": "",
            "CpusetMems": "",
            "Devices": null,
            "DeviceCgroupRules": null,
            "DeviceRequests": null,
            "MemoryReservation": 0,
            "MemorySwap": 0,
            "MemorySwappiness": null,
            "OomKillDisable": null,
            "PidsLimit": null,
            "Ulimits": [
                {
                    "Name": "nofile",
                    "Hard": 100000,
                    "Soft": 100000
                }
            ],
            "CpuCount": 0,
            "CpuPercent": 0,
            "IOMaximumIOps": 0,
            "IOMaximumBandwidth": 0,
            "MaskedPaths": [
                "/proc/asound",
                "/proc/acpi",
                "/proc/kcore",
                "/proc/keys",
                "/proc/latency_stats",
                "/proc/timer_list",
                "/proc/timer_stats",
                "/proc/sched_debug",
                "/proc/scsi",
                "/sys/firmware",
                "/sys/devices/virtual/powercap"
            ],
            "ReadonlyPaths": [
                "/proc/bus",
                "/proc/fs",
                "/proc/irq",
                "/proc/sys",
                "/proc/sysrq-trigger"
            ]
        },
        "GraphDriver": {
            "Data": {
                "LowerDir": "/var/lib/docker/overlay2/b6597535e8cdd79dc6eeaea28ab1ae51a8f1765c228548892db9b3749245b69b-init/diff:/var/lib/docker/overlay2/d817ff8ce4d92297fb364e82669eea89b2293e98df1364421c661663bf324a16/diff:/var/lib/docker/overlay2/f25df375a1939b39ff07a70d83f7c0e5d748ba7e01f7f6d13a82b73ddac61857/diff:/var/lib/docker/overlay2/3fcd6b13e644fe569ab0c9868727aa9f69c630a6f66d0bf6e307e9d5a69c7161/diff:/var/lib/docker/overlay2/a5fe5d38b88fb3995904e1fd1143b2ceaa0ef56272800cbab603b66daccba2ad/diff:/var/lib/docker/overlay2/dbc8598471e9f3f908721c4f470006affa5f3c5e7f3b4f5a43acf5dc832a5e0b/diff:/var/lib/docker/overlay2/915cd4a33ce17348e76f088bcddd7b406c6790ce134b5bdb809462b1ff94b721/diff",
                "MergedDir": "/var/lib/docker/overlay2/b6597535e8cdd79dc6eeaea28ab1ae51a8f1765c228548892db9b3749245b69b/merged",
                "UpperDir": "/var/lib/docker/overlay2/b6597535e8cdd79dc6eeaea28ab1ae51a8f1765c228548892db9b3749245b69b/diff",
                "WorkDir": "/var/lib/docker/overlay2/b6597535e8cdd79dc6eeaea28ab1ae51a8f1765c228548892db9b3749245b69b/work"
            },
            "Name": "overlay2"
        },
        "Mounts": [
            {
                "Type": "bind",
                "Source": "/tmp/openriak-docker-3.4.0-alpine-3.21-otp24-m7b600sa/openriak-kv-3.4.0-alpine-3.21-otp24-node-3/config",
                "Destination": "/etc/riak",
                "Mode": "rw",
                "RW": true,
                "Propagation": "rprivate"
            },
            {
                "Type": "bind",
                "Source": "/tmp/openriak-docker-3.4.0-alpine-3.21-otp24-m7b600sa/openriak-kv-3.4.0-alpine-3.21-otp24-node-3/data",
                "Destination": "/var/lib/riak",
                "Mode": "rw",
                "RW": true,
                "Propagation": "rprivate"
            },
            {
                "Type": "bind",
                "Source": "/tmp/openriak-docker-3.4.0-alpine-3.21-otp24-m7b600sa/openriak-kv-3.4.0-alpine-3.21-otp24-node-3/logs",
                "Destination": "/var/log/riak",
                "Mode": "rw",
                "RW": true,
                "Propagation": "rprivate"
            },
            {
                "Type": "bind",
                "Source": "/tmp/openriak-docker-3.4.0-alpine-3.21-otp24-m7b600sa/openriak-kv-3.4.0-alpine-3.21-otp24-node-cluster-control",
                "Destination": "/var/lib/openriak-cluster-control",
                "Mode": "rw",
                "RW": true,
                "Propagation": "rprivate"
            }
        ],
        "Config": {
            "Hostname": "node-03.cluster-a.openriak",
            "Domainname": "",
            "User": "",
            "AttachStdin": false,
            "AttachStdout": true,
            "AttachStderr": true,
            "ExposedPorts": {
                "8087/tcp": {},
                "8098/tcp": {}
            },
            "Tty": false,
            "OpenStdin": false,
            "StdinOnce": false,
            "Env": [
                "RIAK_UID=19001",
                "OPENRIAK_CLUSTER_MODE=cluster",
                "RIAK_LOG_MAX_FILE_SIZE=2MB",
                "OPENRIAK_CLUSTER_POLL_SECONDS=1",
                "OPENRIAK_CLUSTER_WAIT_SECONDS=3600",
                "RIAK_DISTRIBUTED_COOKIE=openriak-d83fe0596b4f16bde6575230ba9713ee",
                "RIAK_GID=19002",
                "RIAK_NODE_HOST=node-03.cluster-a.openriak",
                "TZ=Asia/Tokyo",
                "RIAK_MONITOR_INTERVAL_SECONDS=1",
                "RIAK_LOG_MAX_FILES=4",
                "PATH=/usr/local/sbin:/usr/local/bin:/usr/sbin:/usr/bin:/sbin:/bin",
                "RIAK_NODE_NAME=",
                "RIAK_RING_SIZE=8",
                "RIAK_STORAGE_BACKEND=leveled",
                "RIAK_ANTI_ENTROPY=passive",
                "RIAK_TICTACAAE_ACTIVE=active",
                "RIAK_TICTACAAE_STOREHEADS=enabled",
                "RIAK_HTTP_LISTENER=0.0.0.0:8098",
                "RIAK_PB_LISTENER=0.0.0.0:8087",
                "RIAK_NOFILE_LIMIT=100000",
                "RIAK_INIT_ONLY=0",
                "RIAK_STARTUP_POLL_SECONDS=1",
                "RIAK_SHUTDOWN_POLL_SECONDS=1",
                "OPENRIAK_CLUSTER_CONTROL_DIR=/var/lib/openriak-cluster-control",
                "role="
            ],
            "Cmd": null,
            "Healthcheck": {
                "Test": [
                    "CMD",
                    "/usr/local/bin/openriak-healthcheck"
                ],
                "Interval": 10000000000,
                "Timeout": 60000000000,
                "StartPeriod": 120000000000,
                "Retries": 3
            },
            "Image": "tiotjp/openriak-kv:test-3.4.0-alpine-3.21-otp24-linux-amd64-20260911t084633.180301z",
            "Volumes": {
                "/etc/riak": {},
                "/var/lib/riak": {},
                "/var/log/riak": {}
            },
            "WorkingDir": "/",
            "Entrypoint": [
                "/usr/local/bin/openriak-entrypoint"
            ],
            "OnBuild": null,
            "Labels": {
                "com.docker.compose.config-hash": "b557b4b1d53b3e525e6102891661cd2886e45903c07c8ad7230feb69adb81fd3",
                "com.docker.compose.container-number": "1",
                "com.docker.compose.depends_on": "",
                "com.docker.compose.image": "sha256:283f5d6d0cc26cd76531aa9cda700c634646dc2e552383baded408105f8b949e",
                "com.docker.compose.oneoff": "False",
                "com.docker.compose.project": "openriak-kv-340-alpine-321-otp24-node-cluster",
                "com.docker.compose.project.config_files": "/tmp/openriak-docker-3.4.0-alpine-3.21-otp24-m7b600sa/compose.cluster.test.yaml",
                "com.docker.compose.project.environment_file": "/tmp/openriak-docker-3.4.0-alpine-3.21-otp24-m7b600sa/.env.cluster",
                "com.docker.compose.project.working_dir": "/tmp/openriak-docker-3.4.0-alpine-3.21-otp24-m7b600sa",
                "com.docker.compose.service": "node3",
                "com.docker.compose.version": "2.29.1",
                "org.opencontainers.image.description": "Package-backed OpenRiak KV with single-node and cluster startup support",
                "org.opencontainers.image.source": "https://github.com/TI-Tokyo/openriak-docs",
                "org.opencontainers.image.title": "OpenRiak KV",
                "org.opencontainers.image.url": "https://www.tiot.jp/",
                "org.opencontainers.image.vendor": "TI Tokyo",
                "org.opencontainers.image.version": "3.4.0",
                "org.openriak.image.tag": "tiotjp/openriak-kv:3.4.0-alpine-3.21-otp24",
                "org.openriak.os.name": "alpine",
                "org.openriak.os.release": "3.21",
                "org.openriak.os.version": "3.21",
                "org.openriak.otp.version": "24"
            },
            "StopSignal": "SIGTERM",
            "StopTimeout": 120
        },
        "NetworkSettings": {
            "Bridge": "",
            "SandboxID": "c2e1830447099ab6076b416d453426e15b8ef0d499b7b0adbc9edac011d69e76",
            "SandboxKey": "/var/run/docker/netns/c2e183044709",
            "Ports": {
                "8087/tcp": null,
                "8098/tcp": null
            },
            "HairpinMode": false,
            "LinkLocalIPv6Address": "",
            "LinkLocalIPv6PrefixLen": 0,
            "SecondaryIPAddresses": null,
            "SecondaryIPv6Addresses": null,
            "EndpointID": "",
            "Gateway": "",
            "GlobalIPv6Address": "",
            "GlobalIPv6PrefixLen": 0,
            "IPAddress": "",
            "IPPrefixLen": 0,
            "IPv6Gateway": "",
            "MacAddress": "",
            "Networks": {
                "openriak-kv-340-alpine-321-otp24-node-cluster_openriak": {
                    "IPAMConfig": {},
                    "Links": null,
                    "Aliases": [
                        "openriak-kv-3.4.0-alpine-3.21-otp24-node-3-t-180301z",
                        "node3",
                        "node-03.cluster-a.openriak"
                    ],
                    "MacAddress": "02:42:ac:12:00:03",
                    "DriverOpts": null,
                    "NetworkID": "655f6133b8fbdb5e284beaaee206a1cf2de2ad7f243ce70c57c9632912f9ff0f",
                    "EndpointID": "a8d4429457e71ff99235e359a7ad4772f2d5bc5a69a6d9bc7a3665528646cc5e",
                    "Gateway": "172.18.0.1",
                    "IPAddress": "172.18.0.3",
                    "IPPrefixLen": 16,
                    "IPv6Gateway": "",
                    "GlobalIPv6Address": "",
                    "GlobalIPv6PrefixLen": 0,
                    "DNSNames": [
                        "openriak-kv-3.4.0-alpine-3.21-otp24-node-3-t-180301z",
                        "node3",
                        "node-03.cluster-a.openriak",
                        "f7fcaf9c50d4"
                    ]
                }
            }
        }
    }
]

timeout_seconds: 3600
exit_code: 0
$ /usr/bin/docker exec openriak-kv-3.4.0-alpine-3.21-otp24-node-3-t-180301z sh -ec 'if command -v curl >/dev/null 2>&1
then
    echo '"'"'Unexpected curl executable in Alpine image'"'"' >&2
    exit 1
fi
for package in curl libcurl
do
    if apk info -e "$package" >/dev/null 2>&1
    then
        echo "Unexpected $package package in Alpine image" >&2
        exit 1
    fi
done
for library in /usr/lib/libcurl.so*
do
    test ! -e "$library"
done
apk info -e coreutils
'
started: 2026-09-11T08:50:38Z
coreutils

timeout_seconds: 3600
exit_code: 0
