$ /usr/bin/docker compose --env-file /tmp/openriak-docker-3.4.0-alpine-3.21-otp24-m7b600sa/.env.cluster --project-directory /tmp/openriak-docker-3.4.0-alpine-3.21-otp24-m7b600sa --file /tmp/openriak-docker-3.4.0-alpine-3.21-otp24-m7b600sa/compose.cluster.test.yaml down --remove-orphans --timeout 120
started: 2026-09-11T08:50:49Z
 Container openriak-kv-3.4.0-alpine-3.21-otp24-node-2-t-180301z  Stopping
 Container openriak-kv-3.4.0-alpine-3.21-otp24-node-4-t-180301z  Stopping
 Container openriak-kv-3.4.0-alpine-3.21-otp24-node-3-t-180301z  Stopping
 Container openriak-kv-3.4.0-alpine-3.21-otp24-node-5-t-180301z  Stopping
 Container openriak-kv-3.4.0-alpine-3.21-otp24-node-1-t-180301z  Stopping
 Container openriak-kv-3.4.0-alpine-3.21-otp24-node-2-t-180301z  Stopped
 Container openriak-kv-3.4.0-alpine-3.21-otp24-node-2-t-180301z  Removing
 Container openriak-kv-3.4.0-alpine-3.21-otp24-node-4-t-180301z  Stopped
 Container openriak-kv-3.4.0-alpine-3.21-otp24-node-4-t-180301z  Removing
 Container openriak-kv-3.4.0-alpine-3.21-otp24-node-5-t-180301z  Stopped
 Container openriak-kv-3.4.0-alpine-3.21-otp24-node-3-t-180301z  Stopped
 Container openriak-kv-3.4.0-alpine-3.21-otp24-node-3-t-180301z  Removing
 Container openriak-kv-3.4.0-alpine-3.21-otp24-node-1-t-180301z  Stopped
 Container openriak-kv-3.4.0-alpine-3.21-otp24-node-1-t-180301z  Removing
 Container openriak-kv-3.4.0-alpine-3.21-otp24-node-5-t-180301z  Removing
 Container openriak-kv-3.4.0-alpine-3.21-otp24-node-5-t-180301z  Removed
 Container openriak-kv-3.4.0-alpine-3.21-otp24-node-2-t-180301z  Removed
 Container openriak-kv-3.4.0-alpine-3.21-otp24-node-4-t-180301z  Removed
 Container openriak-kv-3.4.0-alpine-3.21-otp24-node-3-t-180301z  Removed
 Container openriak-kv-3.4.0-alpine-3.21-otp24-node-1-t-180301z  Removed
 Network openriak-kv-340-alpine-321-otp24-node-cluster_openriak  Removing
 Network openriak-kv-340-alpine-321-otp24-node-cluster_openriak  Removed

timeout_seconds: 3600
exit_code: 0
