$ /usr/bin/docker compose --env-file /tmp/openriak-docker-3.4.1-centos-8-otp26-sc7vndj0/.env.cluster --project-directory /tmp/openriak-docker-3.4.1-centos-8-otp26-sc7vndj0 --file /tmp/openriak-docker-3.4.1-centos-8-otp26-sc7vndj0/compose.cluster.test.yaml up --detach --no-build
started: 2026-09-11T11:30:15Z
 Network openriak-kv-341-centos-8-otp26-node-cluster_openriak Creating 
 Network openriak-kv-341-centos-8-otp26-node-cluster_openriak Creating 
 Network openriak-kv-341-centos-8-otp26-node-cluster_openriak Created 
 Network openriak-kv-341-centos-8-otp26-node-cluster_openriak Created 
 Container openriak-kv-3.4.1-centos-8-otp26-node-5-t-158452z Creating 
 Container openriak-kv-3.4.1-centos-8-otp26-node-3-t-158452z Creating 
 Container openriak-kv-3.4.1-centos-8-otp26-node-1-t-158452z Creating 
 Container openriak-kv-3.4.1-centos-8-otp26-node-2-t-158452z Creating 
 Container openriak-kv-3.4.1-centos-8-otp26-node-4-t-158452z Creating 
 Container openriak-kv-3.4.1-centos-8-otp26-node-1-t-158452z Created 
 Container openriak-kv-3.4.1-centos-8-otp26-node-3-t-158452z Created 
 Container openriak-kv-3.4.1-centos-8-otp26-node-4-t-158452z Created 
 Container openriak-kv-3.4.1-centos-8-otp26-node-2-t-158452z Created 
 Container openriak-kv-3.4.1-centos-8-otp26-node-5-t-158452z Created 
 Container openriak-kv-3.4.1-centos-8-otp26-node-5-t-158452z Starting 
 Container openriak-kv-3.4.1-centos-8-otp26-node-1-t-158452z Starting 
 Container openriak-kv-3.4.1-centos-8-otp26-node-4-t-158452z Starting 
 Container openriak-kv-3.4.1-centos-8-otp26-node-3-t-158452z Starting 
 Container openriak-kv-3.4.1-centos-8-otp26-node-2-t-158452z Starting 
 Container openriak-kv-3.4.1-centos-8-otp26-node-5-t-158452z Started 
 Container openriak-kv-3.4.1-centos-8-otp26-node-2-t-158452z Started 
 Container openriak-kv-3.4.1-centos-8-otp26-node-3-t-158452z Started 
 Container openriak-kv-3.4.1-centos-8-otp26-node-1-t-158452z Started 
 Container openriak-kv-3.4.1-centos-8-otp26-node-4-t-158452z Started 

timeout_seconds: 3600
exit_code: 0
