$ /usr/bin/docker buildx build --builder openriak-kv-multiarch --load --platform linux/amd64 --pull=false --no-cache --tag tiotjp/openriak-kv:test-3.4.1-centos-8-otp26-linux-amd64-20260911t112856.158452z --file /home/peter/openriak-builds/openriak-distributed/openriak-docker-2026-09-11-b/local/20260911T084617.243958Z/results/3.4.1/3.4.1-centos-8-otp26/platforms/linux-amd64/runs/20260911T112856.158452Z/Dockerfile /home/peter/openriak-builds/openriak-distributed/openriak-docker-2026-09-11-b/local/20260911T084617.243958Z/results/3.4.1/3.4.1-centos-8-otp26/platforms/linux-amd64/runs/20260911T112856.158452Z
started: 2026-09-11T11:28:56Z
#0 building with "openriak-kv-multiarch" instance using docker-container driver

#1 [internal] load build definition from Dockerfile
#1 transferring dockerfile: 45.27kB done
#1 DONE 0.1s

#2 resolve image config for docker-image://docker.io/docker/dockerfile:1.7
#2 ...

#3 [auth] docker/dockerfile:pull token for registry-1.docker.io
#3 DONE 0.0s

#2 resolve image config for docker-image://docker.io/docker/dockerfile:1.7
#2 DONE 1.8s

#4 docker-image://docker.io/docker/dockerfile:1.7@sha256:a57df69d0ea827fb7266491f2813635de6f17269be881f696fbfdf2d83dda33e
#4 resolve docker.io/docker/dockerfile:1.7@sha256:a57df69d0ea827fb7266491f2813635de6f17269be881f696fbfdf2d83dda33e 0.0s done
#4 CACHED

#5 [internal] load metadata for quay.io/centos/centos:stream8@sha256:20da069d4f8126c4517ee563e6e723d4cbe79ff62f6c4597f753478af91a09a3
#5 DONE 0.9s

#6 [internal] load .dockerignore
#6 transferring context: 2B done
#6 DONE 0.1s

#7 [download-amd64 1/1] ADD --checksum=sha256:ffcc9ce4af826a508e4927a8c725d5e21dd6dcb565d8adba4ae3ca6ef3f146ea https://files.tiot.jp/riak/kv/3.4/3.4.1/rhel/8/riak-3.4.1.OTP26-1.el8.x86_64.rpm /riak-3.4.1.OTP26-1.el8.x86_64.rpm
#7 CACHED

#8 [internal] preparing inline document
#8 CACHED

#9 [internal] preparing inline document
#9 CACHED

#10 [install-amd64 1/2] FROM quay.io/centos/centos:stream8@sha256:20da069d4f8126c4517ee563e6e723d4cbe79ff62f6c4597f753478af91a09a3
#10 resolve quay.io/centos/centos:stream8@sha256:20da069d4f8126c4517ee563e6e723d4cbe79ff62f6c4597f753478af91a09a3 0.1s done
#10 CACHED

#11 [download-amd64 1/1] ADD --checksum=sha256:ffcc9ce4af826a508e4927a8c725d5e21dd6dcb565d8adba4ae3ca6ef3f146ea https://files.tiot.jp/riak/kv/3.4/3.4.1/rhel/8/riak-3.4.1.OTP26-1.el8.x86_64.rpm /riak-3.4.1.OTP26-1.el8.x86_64.rpm
#11 DONE 0.1s

#12 [install-amd64 2/2] RUN --mount=type=bind,from=download-amd64,target=/opt/openriak-package,ro <<'OPENRIAK_PACKAGE_INSTALL' (set -eu...)
#12 2.485 CentOS Stream 8 - AppStream                      13 MB/s |  29 MB     00:02    
#12 7.249 CentOS Stream 8 - BaseOS                         26 MB/s |  10 MB     00:00    
#12 8.775 CentOS Stream 8 - Extras                        194 kB/s |  18 kB     00:00    
#12 8.979 CentOS Stream 8 - Extras common packages         81 kB/s | 8.0 kB     00:00    
#12 10.72 Dependencies resolved.
#12 10.72 ================================================================================
#12 10.72  Package                 Arch    Version                          Repo     Size
#12 10.72 ================================================================================
#12 10.72 Installing:
#12 10.72  bash                    x86_64  4.4.20-5.el8                     baseos  1.6 M
#12 10.72  ca-certificates         noarch  2023.2.60_v7.0.306-80.0.el8      baseos  935 k
#12 10.72  centos-stream-release   noarch  8.6-1.el8                        baseos   22 k
#12 10.72  coreutils               x86_64  8.30-15.el8                      baseos  1.2 M
#12 10.72  findutils               x86_64  1:4.6.0-22.el8                   baseos  537 k
#12 10.72  gawk                    x86_64  4.2.1-4.el8                      baseos  1.1 M
#12 10.72  glibc                   x86_64  2.28-251.el8.2                   baseos  2.3 M
#12 10.72  glibc-minimal-langpack  x86_64  2.28-251.el8.2                   baseos   65 k
#12 10.72  grep                    x86_64  3.1-6.el8                        baseos  274 k
#12 10.72  hostname                x86_64  3.20-7.el8.0.1                   baseos   32 k
#12 10.72  libgcc                  x86_64  8.5.0-22.el8                     baseos   82 k
#12 10.72  libstdc++               x86_64  8.5.0-22.el8                     baseos  458 k
#12 10.72  ncurses-libs            x86_64  6.1-10.20180224.el8              baseos  339 k
#12 10.72  openssl-libs            x86_64  1:1.1.1k-12.el8                  baseos  1.5 M
#12 10.72  pam                     x86_64  1.3.1-33.el8                     baseos  851 k
#12 10.72  procps-ng               x86_64  3.3.15-14.el8                    baseos  330 k
#12 10.72  sed                     x86_64  4.5-5.el8                        baseos  298 k
#12 10.72  shadow-utils            x86_64  2:4.6-22.el8                     baseos  1.3 M
#12 10.72  tzdata                  noarch  2024a-1.el8                      baseos  881 k
#12 10.72  util-linux              x86_64  2.32.1-46.el8                    baseos  2.6 M
#12 10.72  zlib                    x86_64  1.2.11-25.el8                    baseos  103 k
#12 10.72 Installing dependencies:
#12 10.72  audit-libs              x86_64  3.1.2-1.el8                      baseos  125 k
#12 10.72  basesystem              noarch  11-5.el8                         baseos   10 k
#12 10.72  bzip2-libs              x86_64  1.0.6-26.el8                     baseos   48 k
#12 10.72  centos-gpg-keys         noarch  1:8-6.el8                        baseos   14 k
#12 10.72  centos-stream-repos     noarch  8-6.el8                          baseos   20 k
#12 10.72  chkconfig               x86_64  1.19.2-1.el8                     baseos  217 k
#12 10.72  coreutils-common        x86_64  8.30-15.el8                      baseos  2.0 M
#12 10.72  cracklib                x86_64  2.9.6-15.el8                     baseos   93 k
#12 10.72  cracklib-dicts          x86_64  2.9.6-15.el8                     baseos  4.0 M
#12 10.72  crypto-policies         noarch  20230731-1.git3177e06.el8        baseos   64 k
#12 10.72  filesystem              x86_64  3.8-6.el8                        baseos  1.1 M
#12 10.72  glibc-common            x86_64  2.28-251.el8.2                   baseos  1.0 M
#12 10.72  gmp                     x86_64  1:6.1.2-12.el8                   baseos  318 k
#12 10.72  gzip                    x86_64  1.9-13.el8                       baseos  167 k
#12 10.72  info                    x86_64  6.5-7.el8_5                      baseos  198 k
#12 10.72  keyutils-libs           x86_64  1.5.10-9.el8                     baseos   34 k
#12 10.72  krb5-libs               x86_64  1.18.2-27.el8                    baseos  853 k
#12 10.72  libacl                  x86_64  2.2.53-3.el8                     baseos   35 k
#12 10.72  libattr                 x86_64  2.4.48-3.el8                     baseos   27 k
#12 10.72  libblkid                x86_64  2.32.1-46.el8                    baseos  221 k
#12 10.72  libcap                  x86_64  2.48-5.el8                       baseos   77 k
#12 10.72  libcap-ng               x86_64  0.7.11-1.el8                     baseos   33 k
#12 10.72  libcom_err              x86_64  1.45.6-5.el8                     baseos   49 k
#12 10.72  libdb                   x86_64  5.3.28-42.el8_4                  baseos  751 k
#12 10.72  libfdisk                x86_64  2.32.1-46.el8                    baseos  254 k
#12 10.72  libffi                  x86_64  3.1-24.el8                       baseos   38 k
#12 10.72  libgcrypt               x86_64  1.8.5-7.el8                      baseos  463 k
#12 10.72  libgpg-error            x86_64  1.31-1.el8                       baseos  242 k
#12 10.72  libmount                x86_64  2.32.1-46.el8                    baseos  237 k
#12 10.72  libnsl2                 x86_64  1.2.0-2.20180605git4a062cf.el8   baseos   58 k
#12 10.72  libpwquality            x86_64  1.4.4-6.el8                      baseos  120 k
#12 10.72  libselinux              x86_64  2.9-8.el8                        baseos  166 k
#12 10.72  libsemanage             x86_64  2.9-9.el8                        baseos  168 k
#12 10.72  libsepol                x86_64  2.9-3.el8                        baseos  340 k
#12 10.72  libsigsegv              x86_64  2.11-5.el8                       baseos   30 k
#12 10.72  libsmartcols            x86_64  2.32.1-46.el8                    baseos  180 k
#12 10.72  libtasn1                x86_64  4.13-4.el8                       baseos   76 k
#12 10.72  libtirpc                x86_64  1.1.4-12.el8                     baseos  114 k
#12 10.72  libutempter             x86_64  1.1.6-14.el8                     baseos   32 k
#12 10.72  libuuid                 x86_64  2.32.1-46.el8                    baseos   99 k
#12 10.72  libverto                x86_64  0.3.2-2.el8                      baseos   24 k
#12 10.72  libxcrypt               x86_64  4.1.1-6.el8                      baseos   73 k
#12 10.72  lz4-libs                x86_64  1.8.3-3.el8_4                    baseos   66 k
#12 10.72  mpfr                    x86_64  3.1.6-1.el8                      baseos  221 k
#12 10.72  ncurses                 x86_64  6.1-10.20180224.el8              baseos  393 k
#12 10.72  ncurses-base            noarch  6.1-10.20180224.el8              baseos  114 k
#12 10.72  p11-kit                 x86_64  0.23.22-2.el8                    baseos  344 k
#12 10.72  p11-kit-trust           x86_64  0.23.22-2.el8                    baseos  138 k
#12 10.72  pcre                    x86_64  8.42-6.el8                       baseos  211 k
#12 10.72  pcre2                   x86_64  10.32-3.el8                      baseos  247 k
#12 10.72  popt                    x86_64  1.18-1.el8                       baseos   61 k
#12 10.72  readline                x86_64  7.0-10.el8                       baseos  199 k
#12 10.72  setup                   noarch  2.12.2-11.el8                    baseos  185 k
#12 10.72  systemd-libs            x86_64  239-82.el8.1                     baseos  1.1 M
#12 10.72  xz-libs                 x86_64  5.2.4-4.el8                      baseos   94 k
#12 10.72 
#12 10.72 Transaction Summary
#12 10.72 ================================================================================
#12 10.72 Install  76 Packages
#12 10.72 
#12 10.73 Total download size: 34 M
#12 10.73 Installed size: 104 M
#12 10.73 Downloading Packages:
#12 10.78 (1/76): basesystem-11-5.el8.noarch.rpm          224 kB/s |  10 kB     00:00    
#12 10.80 (2/76): audit-libs-3.1.2-1.el8.x86_64.rpm       1.8 MB/s | 125 kB     00:00    
#12 10.81 (3/76): bzip2-libs-1.0.6-26.el8.x86_64.rpm      1.7 MB/s |  48 kB     00:00    
#12 10.82 (4/76): centos-gpg-keys-8-6.el8.noarch.rpm      881 kB/s |  14 kB     00:00    
#12 10.84 (5/76): centos-stream-release-8.6-1.el8.noarch. 1.5 MB/s |  22 kB     00:00    
#12 10.86 (6/76): centos-stream-repos-8-6.el8.noarch.rpm  1.2 MB/s |  20 kB     00:00    
#12 10.87 (7/76): bash-4.4.20-5.el8.x86_64.rpm             11 MB/s | 1.6 MB     00:00    
#12 10.88 (8/76): ca-certificates-2023.2.60_v7.0.306-80.0  12 MB/s | 935 kB     00:00    
#12 10.89 (9/76): chkconfig-1.19.2-1.el8.x86_64.rpm       5.7 MB/s | 217 kB     00:00    
#12 10.92 (10/76): cracklib-2.9.6-15.el8.x86_64.rpm       3.4 MB/s |  93 kB     00:00    
#12 10.96 (11/76): coreutils-8.30-15.el8.x86_64.rpm        13 MB/s | 1.2 MB     00:00    
#12 10.98 (12/76): crypto-policies-20230731-1.git3177e06. 3.4 MB/s |  64 kB     00:00    
#12 11.03 (13/76): coreutils-common-8.30-15.el8.x86_64.rp  13 MB/s | 2.0 MB     00:00    
#12 11.08 (14/76): filesystem-3.8-6.el8.x86_64.rpm         11 MB/s | 1.1 MB     00:00    
#12 11.09 (15/76): findutils-4.6.0-22.el8.x86_64.rpm      8.4 MB/s | 537 kB     00:00    
#12 11.19 (16/76): gawk-4.2.1-4.el8.x86_64.rpm             10 MB/s | 1.1 MB     00:00    
#12 11.22 (17/76): cracklib-dicts-2.9.6-15.el8.x86_64.rpm  13 MB/s | 4.0 MB     00:00    
#12 11.24 (18/76): glibc-minimal-langpack-2.28-251.el8.2. 2.8 MB/s |  65 kB     00:00    
#12 11.28 (19/76): glibc-2.28-251.el8.2.x86_64.rpm         12 MB/s | 2.3 MB     00:00    
#12 11.30 (20/76): glibc-common-2.28-251.el8.2.x86_64.rpm  10 MB/s | 1.0 MB     00:00    
#12 11.30 (21/76): gmp-6.1.2-12.el8.x86_64.rpm            5.1 MB/s | 318 kB     00:00    
#12 11.32 (22/76): gzip-1.9-13.el8.x86_64.rpm             5.7 MB/s | 167 kB     00:00    
#12 11.33 (23/76): hostname-3.20-7.el8.0.1.x86_64.rpm     1.2 MB/s |  32 kB     00:00    
#12 11.34 (24/76): grep-3.1-6.el8.x86_64.rpm              5.3 MB/s | 274 kB     00:00    
#12 11.35 (25/76): keyutils-libs-1.5.10-9.el8.x86_64.rpm  2.1 MB/s |  34 kB     00:00    
#12 11.35 (26/76): info-6.5-7.el8_5.x86_64.rpm            7.2 MB/s | 198 kB     00:00    
#12 11.37 (27/76): libacl-2.2.53-3.el8.x86_64.rpm         1.6 MB/s |  35 kB     00:00    
#12 11.37 (28/76): libattr-2.4.48-3.el8.x86_64.rpm        1.2 MB/s |  27 kB     00:00    
#12 11.40 (29/76): libcap-2.48-5.el8.x86_64.rpm           3.1 MB/s |  77 kB     00:00    
#12 11.41 (30/76): krb5-libs-1.18.2-27.el8.x86_64.rpm      12 MB/s | 853 kB     00:00    
#12 11.41 (31/76): libblkid-2.32.1-46.el8.x86_64.rpm      5.0 MB/s | 221 kB     00:00    
#12 11.42 (32/76): libcap-ng-0.7.11-1.el8.x86_64.rpm      1.7 MB/s |  33 kB     00:00    
#12 11.43 (33/76): libcom_err-1.45.6-5.el8.x86_64.rpm     2.3 MB/s |  49 kB     00:00    
#12 11.45 (34/76): libffi-3.1-24.el8.x86_64.rpm           2.1 MB/s |  38 kB     00:00    
#12 11.47 (35/76): libgcc-8.5.0-22.el8.x86_64.rpm         3.8 MB/s |  82 kB     00:00    
#12 11.48 (36/76): libfdisk-2.32.1-46.el8.x86_64.rpm      4.4 MB/s | 254 kB     00:00    
#12 11.48 (37/76): libdb-5.3.28-42.el8_4.x86_64.rpm        11 MB/s | 751 kB     00:00    
#12 11.51 (38/76): libgpg-error-1.31-1.el8.x86_64.rpm     7.2 MB/s | 242 kB     00:00    
#12 11.52 (39/76): libgcrypt-1.8.5-7.el8.x86_64.rpm       9.6 MB/s | 463 kB     00:00    
#12 11.52 (40/76): libmount-2.32.1-46.el8.x86_64.rpm      5.9 MB/s | 237 kB     00:00    
#12 11.53 (41/76): libnsl2-1.2.0-2.20180605git4a062cf.el8 2.9 MB/s |  58 kB     00:00    
#12 11.54 (42/76): libpwquality-1.4.4-6.el8.x86_64.rpm    4.3 MB/s | 120 kB     00:00    
#12 11.55 (43/76): libselinux-2.9-8.el8.x86_64.rpm        5.9 MB/s | 166 kB     00:00    
#12 11.56 (44/76): libsemanage-2.9-9.el8.x86_64.rpm       5.3 MB/s | 168 kB     00:00    
#12 11.57 (45/76): libsigsegv-2.11-5.el8.x86_64.rpm       1.6 MB/s |  30 kB     00:00    
#12 11.59 (46/76): libsepol-2.9-3.el8.x86_64.rpm          6.8 MB/s | 340 kB     00:00    
#12 11.60 (47/76): libsmartcols-2.32.1-46.el8.x86_64.rpm  4.5 MB/s | 180 kB     00:00    
#12 11.61 (48/76): libstdc++-8.5.0-22.el8.x86_64.rpm       10 MB/s | 458 kB     00:00    
#12 11.62 (49/76): libtasn1-4.13-4.el8.x86_64.rpm         2.7 MB/s |  76 kB     00:00    
#12 11.63 (50/76): libtirpc-1.1.4-12.el8.x86_64.rpm       4.2 MB/s | 114 kB     00:00    
#12 11.64 (51/76): libutempter-1.1.6-14.el8.x86_64.rpm    1.6 MB/s |  32 kB     00:00    
#12 11.64 (52/76): libverto-0.3.2-2.el8.x86_64.rpm        1.7 MB/s |  24 kB     00:00    
#12 11.65 (53/76): libuuid-2.32.1-46.el8.x86_64.rpm       3.6 MB/s |  99 kB     00:00    
#12 11.66 (54/76): libxcrypt-4.1.1-6.el8.x86_64.rpm       3.6 MB/s |  73 kB     00:00    
#12 11.66 (55/76): lz4-libs-1.8.3-3.el8_4.x86_64.rpm      2.9 MB/s |  66 kB     00:00    
#12 11.68 (56/76): mpfr-3.1.6-1.el8.x86_64.rpm            7.8 MB/s | 221 kB     00:00    
#12 11.69 (57/76): ncurses-6.1-10.20180224.el8.x86_64.rpm  11 MB/s | 393 kB     00:00    
#12 11.70 (58/76): ncurses-base-6.1-10.20180224.el8.noarc 3.3 MB/s | 114 kB     00:00    
#12 11.72 (59/76): ncurses-libs-6.1-10.20180224.el8.x86_6 8.7 MB/s | 339 kB     00:00    
#12 11.74 (60/76): p11-kit-0.23.22-2.el8.x86_64.rpm       7.9 MB/s | 344 kB     00:00    
#12 11.76 (61/76): p11-kit-trust-0.23.22-2.el8.x86_64.rpm 3.4 MB/s | 138 kB     00:00    
#12 11.79 (62/76): pcre-8.42-6.el8.x86_64.rpm             6.6 MB/s | 211 kB     00:00    
#12 11.82 (63/76): pam-1.3.1-33.el8.x86_64.rpm             11 MB/s | 851 kB     00:00    
#12 11.83 (64/76): openssl-libs-1.1.1k-12.el8.x86_64.rpm   11 MB/s | 1.5 MB     00:00    
#12 11.83 (65/76): pcre2-10.32-3.el8.x86_64.rpm           5.2 MB/s | 247 kB     00:00    
#12 11.84 (66/76): popt-1.18-1.el8.x86_64.rpm             2.9 MB/s |  61 kB     00:00    
#12 11.88 (67/76): readline-7.0-10.el8.x86_64.rpm         4.8 MB/s | 199 kB     00:00    
#12 11.88 (68/76): procps-ng-3.3.15-14.el8.x86_64.rpm     5.8 MB/s | 330 kB     00:00    
#12 11.89 (69/76): sed-4.5-5.el8.x86_64.rpm               5.9 MB/s | 298 kB     00:00    
#12 11.90 (70/76): setup-2.12.2-11.el8.noarch.rpm         7.6 MB/s | 185 kB     00:00    
#12 11.99 (71/76): tzdata-2024a-1.el8.noarch.rpm          9.9 MB/s | 881 kB     00:00    
#12 12.00 (72/76): shadow-utils-4.6-22.el8.x86_64.rpm      11 MB/s | 1.3 MB     00:00    
#12 12.01 (73/76): systemd-libs-239-82.el8.1.x86_64.rpm   9.5 MB/s | 1.1 MB     00:00    
#12 12.04 (74/76): xz-libs-5.2.4-4.el8.x86_64.rpm         2.8 MB/s |  94 kB     00:00    
#12 12.04 (75/76): zlib-1.2.11-25.el8.x86_64.rpm          3.2 MB/s | 103 kB     00:00    
#12 12.12 (76/76): util-linux-2.32.1-46.el8.x86_64.rpm     20 MB/s | 2.6 MB     00:00    
#12 12.12 --------------------------------------------------------------------------------
#12 12.12 Total                                            24 MB/s |  34 MB     00:01     
#12 12.13 CentOS Stream 8 - BaseOS                        1.6 MB/s | 1.6 kB     00:00    
#12 12.19 Importing GPG key 0x8483C65D:
#12 12.19  Userid     : "CentOS (CentOS Official Signing Key) <security@centos.org>"
#12 12.19  Fingerprint: 99DB 70FA E1D7 CE22 7FB6 4882 05B5 55B3 8483 C65D
#12 12.19  From       : /etc/pki/rpm-gpg/RPM-GPG-KEY-centosofficial
#12 12.19 Key imported successfully
#12 12.95 Running transaction check
#12 12.97 Transaction check succeeded.
#12 12.97 Running transaction test
#12 13.44 Transaction test succeeded.
#12 13.44 Running transaction
#12 14.73   Running scriptlet: filesystem-3.8-6.el8.x86_64                            1/1 
#12 14.98   Preparing        :                                                        1/1 
#12 14.99   Installing       : libgcc-8.5.0-22.el8.x86_64                            1/76 
#12 15.03   Running scriptlet: libgcc-8.5.0-22.el8.x86_64                            1/76 
#12 15.04   Installing       : crypto-policies-20230731-1.git3177e06.el8.noarch      2/76 
#12 15.08   Running scriptlet: crypto-policies-20230731-1.git3177e06.el8.noarch      2/76 
#12 15.19   Installing       : tzdata-2024a-1.el8.noarch                             3/76 
#12 15.24   Installing       : ncurses-base-6.1-10.20180224.el8.noarch               4/76 
#12 15.28   Installing       : centos-gpg-keys-1:8-6.el8.noarch                      5/76 
#12 15.31   Installing       : centos-stream-release-8.6-1.el8.noarch                6/76 
#12 15.35   Installing       : centos-stream-repos-8-6.el8.noarch                    7/76 
#12 15.40   Installing       : setup-2.12.2-11.el8.noarch                            8/76 
#12 15.42   Running scriptlet: setup-2.12.2-11.el8.noarch                            8/76 
#12 15.47   Installing       : filesystem-3.8-6.el8.x86_64                           9/76 
#12 15.56   Installing       : basesystem-11-5.el8.noarch                           10/76 
#12 15.60   Installing       : pcre2-10.32-3.el8.x86_64                             11/76 
#12 15.64   Installing       : libselinux-2.9-8.el8.x86_64                          12/76 
#12 15.69   Installing       : ncurses-libs-6.1-10.20180224.el8.x86_64              13/76 
#12 15.73   Installing       : glibc-minimal-langpack-2.28-251.el8.2.x86_64         14/76 
#12 15.89   Installing       : glibc-common-2.28-251.el8.2.x86_64                   15/76 
#12 15.92   Running scriptlet: glibc-2.28-251.el8.2.x86_64                          16/76 
#12 16.09   Installing       : glibc-2.28-251.el8.2.x86_64                          16/76 
#12 16.14   Running scriptlet: glibc-2.28-251.el8.2.x86_64                          16/76 
#12 16.45   Installing       : bash-4.4.20-5.el8.x86_64                             17/76 
#12 16.48   Running scriptlet: bash-4.4.20-5.el8.x86_64                             17/76 
#12 16.50   Installing       : libsepol-2.9-3.el8.x86_64                            18/76 
#12 16.53   Running scriptlet: libsepol-2.9-3.el8.x86_64                            18/76 
#12 16.64   Installing       : libuuid-2.32.1-46.el8.x86_64                         19/76 
#12 16.67   Running scriptlet: libuuid-2.32.1-46.el8.x86_64                         19/76 
#12 16.79   Installing       : zlib-1.2.11-25.el8.x86_64                            20/76 
#12 16.83   Installing       : info-6.5-7.el8_5.x86_64                              21/76 
#12 16.88   Installing       : gmp-1:6.1.2-12.el8.x86_64                            22/76 
#12 16.91   Running scriptlet: gmp-1:6.1.2-12.el8.x86_64                            22/76 
#12 17.03   Installing       : libattr-2.4.48-3.el8.x86_64                          23/76 
#12 17.06   Installing       : libacl-2.2.53-3.el8.x86_64                           24/76 
#12 17.11   Installing       : sed-4.5-5.el8.x86_64                                 25/76 
#12 17.14   Running scriptlet: sed-4.5-5.el8.x86_64                                 25/76 
#12 17.25 install-info: No such file or directory for /dev/null
#12 17.25 
#12 17.25   Installing       : libxcrypt-4.1.1-6.el8.x86_64                         26/76 
#12 17.29   Installing       : libcap-2.48-5.el8.x86_64                             27/76 
#12 17.32   Installing       : libcap-ng-0.7.11-1.el8.x86_64                        28/76 
#12 17.36   Installing       : audit-libs-3.1.2-1.el8.x86_64                        29/76 
#12 17.39   Installing       : libcom_err-1.45.6-5.el8.x86_64                       30/76 
#12 17.42   Running scriptlet: libcom_err-1.45.6-5.el8.x86_64                       30/76 
#12 17.55   Installing       : mpfr-3.1.6-1.el8.x86_64                              31/76 
#12 17.57   Running scriptlet: mpfr-3.1.6-1.el8.x86_64                              31/76 
#12 17.82   Installing       : coreutils-common-8.30-15.el8.x86_64                  32/76 
#12 17.86   Running scriptlet: coreutils-common-8.30-15.el8.x86_64                  32/76 
#12 17.97   Installing       : readline-7.0-10.el8.x86_64                           33/76 
#12 18.00   Running scriptlet: readline-7.0-10.el8.x86_64                           33/76 
#12 18.12 install-info: No such file or directory for /usr/share/info/history.info
#12 18.12 install-info: No such file or directory for /usr/share/info/rluserman.info
#12 18.12 
#12 18.12   Installing       : bzip2-libs-1.0.6-26.el8.x86_64                       34/76 
#12 18.16   Installing       : libsemanage-2.9-9.el8.x86_64                         35/76 
#12 18.19   Installing       : keyutils-libs-1.5.10-9.el8.x86_64                    36/76 
#12 18.22   Installing       : libffi-3.1-24.el8.x86_64                             37/76 
#12 18.28   Installing       : p11-kit-0.23.22-2.el8.x86_64                         38/76 
#12 18.33   Installing       : libgpg-error-1.31-1.el8.x86_64                       39/76 
#12 18.39   Installing       : libgcrypt-1.8.5-7.el8.x86_64                         40/76 
#12 18.42   Running scriptlet: libgcrypt-1.8.5-7.el8.x86_64                         40/76 
#12 18.54   Installing       : libsigsegv-2.11-5.el8.x86_64                         41/76 
#12 18.62   Installing       : gawk-4.2.1-4.el8.x86_64                              42/76 
#12 18.67   Installing       : libsmartcols-2.32.1-46.el8.x86_64                    43/76 
#12 18.70   Running scriptlet: libsmartcols-2.32.1-46.el8.x86_64                    43/76 
#12 18.86   Installing       : libtasn1-4.13-4.el8.x86_64                           44/76 
#12 18.89   Running scriptlet: libtasn1-4.13-4.el8.x86_64                           44/76 
#12 19.00   Installing       : libverto-0.3.2-2.el8.x86_64                          45/76 
#12 19.04   Installing       : lz4-libs-1.8.3-3.el8_4.x86_64                        46/76 
#12 19.08   Installing       : ncurses-6.1-10.20180224.el8.x86_64                   47/76 
#12 19.13   Installing       : pcre-8.42-6.el8.x86_64                               48/76 
#12 19.18   Installing       : grep-3.1-6.el8.x86_64                                49/76 
#12 19.21   Running scriptlet: grep-3.1-6.el8.x86_64                                49/76 
#12 19.32 install-info: No such file or directory for /usr/share/info/grep.info.gz
#12 19.32 
#12 19.33   Installing       : popt-1.18-1.el8.x86_64                               50/76 
#12 19.38   Installing       : chkconfig-1.19.2-1.el8.x86_64                        51/76 
#12 19.42   Installing       : p11-kit-trust-0.23.22-2.el8.x86_64                   52/76 
#12 19.45   Running scriptlet: p11-kit-trust-0.23.22-2.el8.x86_64                   52/76 
#12 19.67   Installing       : openssl-libs-1:1.1.1k-12.el8.x86_64                  53/76 
#12 19.70   Running scriptlet: openssl-libs-1:1.1.1k-12.el8.x86_64                  53/76 
#12 19.95   Installing       : coreutils-8.30-15.el8.x86_64                         54/76 
#12 19.99   Running scriptlet: ca-certificates-2023.2.60_v7.0.306-80.0.el8.noarch   55/76 
#12 20.16   Installing       : ca-certificates-2023.2.60_v7.0.306-80.0.el8.noarch   55/76 
#12 20.19   Running scriptlet: ca-certificates-2023.2.60_v7.0.306-80.0.el8.noarch   55/76 
#12 21.71   Installing       : libblkid-2.32.1-46.el8.x86_64                        56/76 
#12 21.74   Running scriptlet: libblkid-2.32.1-46.el8.x86_64                        56/76 
#12 21.87   Installing       : libmount-2.32.1-46.el8.x86_64                        57/76 
#12 22.95   Running scriptlet: libmount-2.32.1-46.el8.x86_64                        57/76 
#12 23.08   Installing       : libfdisk-2.32.1-46.el8.x86_64                        58/76 
#12 23.10   Running scriptlet: libfdisk-2.32.1-46.el8.x86_64                        58/76 
#12 23.23   Installing       : gzip-1.9-13.el8.x86_64                               59/76 
#12 23.26   Running scriptlet: gzip-1.9-13.el8.x86_64                               59/76 
#12 23.37   Installing       : cracklib-2.9.6-15.el8.x86_64                         60/76 
#12 23.67   Installing       : cracklib-dicts-2.9.6-15.el8.x86_64                   61/76 
#12 23.75   Installing       : krb5-libs-1.18.2-27.el8.x86_64                       62/76 
#12 23.79   Installing       : libtirpc-1.1.4-12.el8.x86_64                         63/76 
#12 23.82   Running scriptlet: libtirpc-1.1.4-12.el8.x86_64                         63/76 
#12 23.94   Installing       : libnsl2-1.2.0-2.20180605git4a062cf.el8.x86_64        64/76 
#12 23.97   Running scriptlet: libnsl2-1.2.0-2.20180605git4a062cf.el8.x86_64        64/76 
#12 24.18   Installing       : shadow-utils-2:4.6-22.el8.x86_64                     65/76 
#12 24.21   Running scriptlet: libutempter-1.1.6-14.el8.x86_64                      66/76 
#12 24.37   Installing       : libutempter-1.1.6-14.el8.x86_64                      66/76 
#12 24.45   Installing       : libdb-5.3.28-42.el8_4.x86_64                         67/76 
#12 24.48   Running scriptlet: libdb-5.3.28-42.el8_4.x86_64                         67/76 
#12 24.61   Installing       : libpwquality-1.4.4-6.el8.x86_64                      68/76 
#12 24.70   Installing       : pam-1.3.1-33.el8.x86_64                              69/76 
#12 24.74   Running scriptlet: pam-1.3.1-33.el8.x86_64                              69/76 
#12 24.87   Installing       : xz-libs-5.2.4-4.el8.x86_64                           70/76 
#12 24.99   Installing       : systemd-libs-239-82.el8.1.x86_64                     71/76 
#12 25.03   Running scriptlet: systemd-libs-239-82.el8.1.x86_64                     71/76 
#12 25.18   Installing       : procps-ng-3.3.15-14.el8.x86_64                       72/76 
#12 25.43   Installing       : util-linux-2.32.1-46.el8.x86_64                      73/76 
#12 25.47   Running scriptlet: util-linux-2.32.1-46.el8.x86_64                      73/76 
#12 25.61   Installing       : findutils-1:4.6.0-22.el8.x86_64                      74/76 
#12 25.65   Running scriptlet: findutils-1:4.6.0-22.el8.x86_64                      74/76 
#12 25.76   Installing       : hostname-3.20-7.el8.0.1.x86_64                       75/76 
#12 25.79   Running scriptlet: hostname-3.20-7.el8.0.1.x86_64                       75/76 
#12 25.94   Installing       : libstdc++-8.5.0-22.el8.x86_64                        76/76 
#12 25.97   Running scriptlet: libstdc++-8.5.0-22.el8.x86_64                        76/76 
#12 26.09   Running scriptlet: filesystem-3.8-6.el8.x86_64                          76/76 
#12 26.20   Running scriptlet: ca-certificates-2023.2.60_v7.0.306-80.0.el8.noarch   76/76 
#12 26.89   Running scriptlet: glibc-common-2.28-251.el8.2.x86_64                   76/76 
#12 27.07   Verifying        : audit-libs-3.1.2-1.el8.x86_64                         1/76 
#12 27.07   Verifying        : basesystem-11-5.el8.noarch                            2/76 
#12 27.07   Verifying        : bash-4.4.20-5.el8.x86_64                              3/76 
#12 27.07   Verifying        : bzip2-libs-1.0.6-26.el8.x86_64                        4/76 
#12 27.07   Verifying        : ca-certificates-2023.2.60_v7.0.306-80.0.el8.noarch    5/76 
#12 27.07   Verifying        : centos-gpg-keys-1:8-6.el8.noarch                      6/76 
#12 27.07   Verifying        : centos-stream-release-8.6-1.el8.noarch                7/76 
#12 27.07   Verifying        : centos-stream-repos-8-6.el8.noarch                    8/76 
#12 27.07   Verifying        : chkconfig-1.19.2-1.el8.x86_64                         9/76 
#12 27.07   Verifying        : coreutils-8.30-15.el8.x86_64                         10/76 
#12 27.07   Verifying        : coreutils-common-8.30-15.el8.x86_64                  11/76 
#12 27.07   Verifying        : cracklib-2.9.6-15.el8.x86_64                         12/76 
#12 27.07   Verifying        : cracklib-dicts-2.9.6-15.el8.x86_64                   13/76 
#12 27.07   Verifying        : crypto-policies-20230731-1.git3177e06.el8.noarch     14/76 
#12 27.07   Verifying        : filesystem-3.8-6.el8.x86_64                          15/76 
#12 27.07   Verifying        : findutils-1:4.6.0-22.el8.x86_64                      16/76 
#12 27.07   Verifying        : gawk-4.2.1-4.el8.x86_64                              17/76 
#12 27.07   Verifying        : glibc-2.28-251.el8.2.x86_64                          18/76 
#12 27.07   Verifying        : glibc-common-2.28-251.el8.2.x86_64                   19/76 
#12 27.07   Verifying        : glibc-minimal-langpack-2.28-251.el8.2.x86_64         20/76 
#12 27.07   Verifying        : gmp-1:6.1.2-12.el8.x86_64                            21/76 
#12 27.07   Verifying        : grep-3.1-6.el8.x86_64                                22/76 
#12 27.07   Verifying        : gzip-1.9-13.el8.x86_64                               23/76 
#12 27.07   Verifying        : hostname-3.20-7.el8.0.1.x86_64                       24/76 
#12 27.07   Verifying        : info-6.5-7.el8_5.x86_64                              25/76 
#12 27.07   Verifying        : keyutils-libs-1.5.10-9.el8.x86_64                    26/76 
#12 27.07   Verifying        : krb5-libs-1.18.2-27.el8.x86_64                       27/76 
#12 27.07   Verifying        : libacl-2.2.53-3.el8.x86_64                           28/76 
#12 27.07   Verifying        : libattr-2.4.48-3.el8.x86_64                          29/76 
#12 27.07   Verifying        : libblkid-2.32.1-46.el8.x86_64                        30/76 
#12 27.07   Verifying        : libcap-2.48-5.el8.x86_64                             31/76 
#12 27.07   Verifying        : libcap-ng-0.7.11-1.el8.x86_64                        32/76 
#12 27.07   Verifying        : libcom_err-1.45.6-5.el8.x86_64                       33/76 
#12 27.07   Verifying        : libdb-5.3.28-42.el8_4.x86_64                         34/76 
#12 27.07   Verifying        : libfdisk-2.32.1-46.el8.x86_64                        35/76 
#12 27.07   Verifying        : libffi-3.1-24.el8.x86_64                             36/76 
#12 27.07   Verifying        : libgcc-8.5.0-22.el8.x86_64                           37/76 
#12 27.07   Verifying        : libgcrypt-1.8.5-7.el8.x86_64                         38/76 
#12 27.07   Verifying        : libgpg-error-1.31-1.el8.x86_64                       39/76 
#12 27.07   Verifying        : libmount-2.32.1-46.el8.x86_64                        40/76 
#12 27.07   Verifying        : libnsl2-1.2.0-2.20180605git4a062cf.el8.x86_64        41/76 
#12 27.07   Verifying        : libpwquality-1.4.4-6.el8.x86_64                      42/76 
#12 27.07   Verifying        : libselinux-2.9-8.el8.x86_64                          43/76 
#12 27.07   Verifying        : libsemanage-2.9-9.el8.x86_64                         44/76 
#12 27.07   Verifying        : libsepol-2.9-3.el8.x86_64                            45/76 
#12 27.07   Verifying        : libsigsegv-2.11-5.el8.x86_64                         46/76 
#12 27.07   Verifying        : libsmartcols-2.32.1-46.el8.x86_64                    47/76 
#12 27.07   Verifying        : libstdc++-8.5.0-22.el8.x86_64                        48/76 
#12 27.07   Verifying        : libtasn1-4.13-4.el8.x86_64                           49/76 
#12 27.07   Verifying        : libtirpc-1.1.4-12.el8.x86_64                         50/76 
#12 27.07   Verifying        : libutempter-1.1.6-14.el8.x86_64                      51/76 
#12 27.07   Verifying        : libuuid-2.32.1-46.el8.x86_64                         52/76 
#12 27.07   Verifying        : libverto-0.3.2-2.el8.x86_64                          53/76 
#12 27.07   Verifying        : libxcrypt-4.1.1-6.el8.x86_64                         54/76 
#12 27.07   Verifying        : lz4-libs-1.8.3-3.el8_4.x86_64                        55/76 
#12 27.07   Verifying        : mpfr-3.1.6-1.el8.x86_64                              56/76 
#12 27.07   Verifying        : ncurses-6.1-10.20180224.el8.x86_64                   57/76 
#12 27.07   Verifying        : ncurses-base-6.1-10.20180224.el8.noarch              58/76 
#12 27.07   Verifying        : ncurses-libs-6.1-10.20180224.el8.x86_64              59/76 
#12 27.07   Verifying        : openssl-libs-1:1.1.1k-12.el8.x86_64                  60/76 
#12 27.07   Verifying        : p11-kit-0.23.22-2.el8.x86_64                         61/76 
#12 27.07   Verifying        : p11-kit-trust-0.23.22-2.el8.x86_64                   62/76 
#12 27.07   Verifying        : pam-1.3.1-33.el8.x86_64                              63/76 
#12 27.07   Verifying        : pcre-8.42-6.el8.x86_64                               64/76 
#12 27.07   Verifying        : pcre2-10.32-3.el8.x86_64                             65/76 
#12 27.07   Verifying        : popt-1.18-1.el8.x86_64                               66/76 
#12 27.07   Verifying        : procps-ng-3.3.15-14.el8.x86_64                       67/76 
#12 27.07   Verifying        : readline-7.0-10.el8.x86_64                           68/76 
#12 27.07   Verifying        : sed-4.5-5.el8.x86_64                                 69/76 
#12 27.07   Verifying        : setup-2.12.2-11.el8.noarch                           70/76 
#12 27.07   Verifying        : shadow-utils-2:4.6-22.el8.x86_64                     71/76 
#12 27.07   Verifying        : systemd-libs-239-82.el8.1.x86_64                     72/76 
#12 27.07   Verifying        : tzdata-2024a-1.el8.noarch                            73/76 
#12 27.07   Verifying        : util-linux-2.32.1-46.el8.x86_64                      74/76 
#12 27.07   Verifying        : xz-libs-5.2.4-4.el8.x86_64                           75/76 
#12 27.07   Verifying        : zlib-1.2.11-25.el8.x86_64                            76/76 
#12 27.51 
#12 27.51 Installed:
#12 27.51   audit-libs-3.1.2-1.el8.x86_64                                                 
#12 27.51   basesystem-11-5.el8.noarch                                                    
#12 27.51   bash-4.4.20-5.el8.x86_64                                                      
#12 27.51   bzip2-libs-1.0.6-26.el8.x86_64                                                
#12 27.51   ca-certificates-2023.2.60_v7.0.306-80.0.el8.noarch                            
#12 27.51   centos-gpg-keys-1:8-6.el8.noarch                                              
#12 27.51   centos-stream-release-8.6-1.el8.noarch                                        
#12 27.51   centos-stream-repos-8-6.el8.noarch                                            
#12 27.51   chkconfig-1.19.2-1.el8.x86_64                                                 
#12 27.51   coreutils-8.30-15.el8.x86_64                                                  
#12 27.51   coreutils-common-8.30-15.el8.x86_64                                           
#12 27.51   cracklib-2.9.6-15.el8.x86_64                                                  
#12 27.51   cracklib-dicts-2.9.6-15.el8.x86_64                                            
#12 27.51   crypto-policies-20230731-1.git3177e06.el8.noarch                              
#12 27.51   filesystem-3.8-6.el8.x86_64                                                   
#12 27.51   findutils-1:4.6.0-22.el8.x86_64                                               
#12 27.51   gawk-4.2.1-4.el8.x86_64                                                       
#12 27.51   glibc-2.28-251.el8.2.x86_64                                                   
#12 27.51   glibc-common-2.28-251.el8.2.x86_64                                            
#12 27.51   glibc-minimal-langpack-2.28-251.el8.2.x86_64                                  
#12 27.51   gmp-1:6.1.2-12.el8.x86_64                                                     
#12 27.51   grep-3.1-6.el8.x86_64                                                         
#12 27.51   gzip-1.9-13.el8.x86_64                                                        
#12 27.51   hostname-3.20-7.el8.0.1.x86_64                                                
#12 27.51   info-6.5-7.el8_5.x86_64                                                       
#12 27.51   keyutils-libs-1.5.10-9.el8.x86_64                                             
#12 27.51   krb5-libs-1.18.2-27.el8.x86_64                                                
#12 27.51   libacl-2.2.53-3.el8.x86_64                                                    
#12 27.51   libattr-2.4.48-3.el8.x86_64                                                   
#12 27.51   libblkid-2.32.1-46.el8.x86_64                                                 
#12 27.51   libcap-2.48-5.el8.x86_64                                                      
#12 27.51   libcap-ng-0.7.11-1.el8.x86_64                                                 
#12 27.51   libcom_err-1.45.6-5.el8.x86_64                                                
#12 27.51   libdb-5.3.28-42.el8_4.x86_64                                                  
#12 27.51   libfdisk-2.32.1-46.el8.x86_64                                                 
#12 27.51   libffi-3.1-24.el8.x86_64                                                      
#12 27.51   libgcc-8.5.0-22.el8.x86_64                                                    
#12 27.51   libgcrypt-1.8.5-7.el8.x86_64                                                  
#12 27.51   libgpg-error-1.31-1.el8.x86_64                                                
#12 27.51   libmount-2.32.1-46.el8.x86_64                                                 
#12 27.51   libnsl2-1.2.0-2.20180605git4a062cf.el8.x86_64                                 
#12 27.51   libpwquality-1.4.4-6.el8.x86_64                                               
#12 27.51   libselinux-2.9-8.el8.x86_64                                                   
#12 27.51   libsemanage-2.9-9.el8.x86_64                                                  
#12 27.51   libsepol-2.9-3.el8.x86_64                                                     
#12 27.51   libsigsegv-2.11-5.el8.x86_64                                                  
#12 27.51   libsmartcols-2.32.1-46.el8.x86_64                                             
#12 27.51   libstdc++-8.5.0-22.el8.x86_64                                                 
#12 27.51   libtasn1-4.13-4.el8.x86_64                                                    
#12 27.51   libtirpc-1.1.4-12.el8.x86_64                                                  
#12 27.51   libutempter-1.1.6-14.el8.x86_64                                               
#12 27.51   libuuid-2.32.1-46.el8.x86_64                                                  
#12 27.51   libverto-0.3.2-2.el8.x86_64                                                   
#12 27.51   libxcrypt-4.1.1-6.el8.x86_64                                                  
#12 27.51   lz4-libs-1.8.3-3.el8_4.x86_64                                                 
#12 27.51   mpfr-3.1.6-1.el8.x86_64                                                       
#12 27.51   ncurses-6.1-10.20180224.el8.x86_64                                            
#12 27.51   ncurses-base-6.1-10.20180224.el8.noarch                                       
#12 27.51   ncurses-libs-6.1-10.20180224.el8.x86_64                                       
#12 27.51   openssl-libs-1:1.1.1k-12.el8.x86_64                                           
#12 27.51   p11-kit-0.23.22-2.el8.x86_64                                                  
#12 27.51   p11-kit-trust-0.23.22-2.el8.x86_64                                            
#12 27.51   pam-1.3.1-33.el8.x86_64                                                       
#12 27.51   pcre-8.42-6.el8.x86_64                                                        
#12 27.51   pcre2-10.32-3.el8.x86_64                                                      
#12 27.51   popt-1.18-1.el8.x86_64                                                        
#12 27.51   procps-ng-3.3.15-14.el8.x86_64                                                
#12 27.51   readline-7.0-10.el8.x86_64                                                    
#12 27.51   sed-4.5-5.el8.x86_64                                                          
#12 27.51   setup-2.12.2-11.el8.noarch                                                    
#12 27.51   shadow-utils-2:4.6-22.el8.x86_64                                              
#12 27.51   systemd-libs-239-82.el8.1.x86_64                                              
#12 27.51   tzdata-2024a-1.el8.noarch                                                     
#12 27.51   util-linux-2.32.1-46.el8.x86_64                                               
#12 27.51   xz-libs-5.2.4-4.el8.x86_64                                                    
#12 27.51   zlib-1.2.11-25.el8.x86_64                                                     
#12 27.51 
#12 27.51 Complete!
#12 27.66 Verifying...                          ########################################
#12 27.73 Preparing...                          ########################################
#12 27.89 Updating / installing...
#12 27.89 riak-3.4.1.OTP26-1.el8                ########################################
#12 DONE 30.7s

#13 [package-amd64 1/1] COPY --from=install-amd64 /openriak-rootfs/ /
#13 DONE 0.5s

#14 [final 1/4] RUN <<'OPENRIAK_IMAGE_SETUP' (set -eu...)
#14 0.144 uid=999(riak) gid=999(riak) groups=999(riak)
#14 DONE 0.8s

#15 [final 2/4] COPY <<OPENRIAK_ENTRYPOINT /usr/local/bin/openriak-entrypoint
#15 DONE 1.2s

#16 [final 3/4] COPY <<OPENRIAK_HEALTHCHECK /usr/local/bin/openriak-healthcheck
#16 DONE 0.9s

#17 [final 4/4] RUN <<'OPENRIAK_SCRIPT_SETUP' (set -eu...)
#17 DONE 1.3s

#18 exporting to docker image format
#18 exporting layers
#18 exporting layers 6.8s done
#18 exporting manifest sha256:ff65216080b50521cdc4a445a1f36214bed33f411bc4255acaef0ae0b8b8322d 0.0s done
#18 exporting config sha256:a113c574d584bcd29fe5b44fca6b8a957e29f5e35a51f718854395c18f9bf270 0.0s done
#18 sending tarball
#18 ...

#19 importing to docker
#19 loading layer 52d382224b74 557.06kB / 69.79MB
#19 loading layer 52d382224b74 68.52MB / 69.79MB 2.2s
#19 loading layer 750d38fbe292 23.61kB / 23.61kB
#19 loading layer 6c3a212d3460 7.70kB / 7.70kB
#19 loading layer 9370a2d4c9bb 386B / 386B
#19 loading layer 52d382224b74 69.79MB / 69.79MB 2.5s done
#19 loading layer 0c8ec45b6c05 7.88kB / 7.88kB
#19 loading layer 750d38fbe292 23.61kB / 23.61kB 0.2s done
#19 loading layer 6c3a212d3460 7.70kB / 7.70kB 0.2s done
#19 loading layer 9370a2d4c9bb 386B / 386B 0.1s done
#19 loading layer 0c8ec45b6c05 7.88kB / 7.88kB 0.1s done
#19 DONE 2.5s

#18 exporting to docker image format
#18 sending tarball 3.0s done
#18 DONE 9.9s

timeout_seconds: 3600
exit_code: 0
