$ /usr/bin/docker buildx build --builder openriak-kv-multiarch --load --platform linux/amd64 --pull=false --no-cache --tag tiotjp/openriak-kv:test-3.4.1-centos-8-otp26-linux-amd64-20260911t111848.205199z --file /home/peter/openriak-builds/openriak-distributed/openriak-docker-2026-09-11-b/local/20260911T084617.243958Z/results/3.4.1/3.4.1-centos-8-otp26/platforms/linux-amd64/runs/20260911T111848.205199Z/Dockerfile /home/peter/openriak-builds/openriak-distributed/openriak-docker-2026-09-11-b/local/20260911T084617.243958Z/results/3.4.1/3.4.1-centos-8-otp26/platforms/linux-amd64/runs/20260911T111848.205199Z
started: 2026-09-11T11:18:48Z
#0 building with "openriak-kv-multiarch" instance using docker-container driver

#1 [internal] load build definition from Dockerfile
#1 transferring dockerfile: 45.27kB 0.0s done
#1 DONE 0.1s

#2 resolve image config for docker-image://docker.io/docker/dockerfile:1.7
#2 DONE 0.5s

#3 docker-image://docker.io/docker/dockerfile:1.7@sha256:a57df69d0ea827fb7266491f2813635de6f17269be881f696fbfdf2d83dda33e
#3 resolve docker.io/docker/dockerfile:1.7@sha256:a57df69d0ea827fb7266491f2813635de6f17269be881f696fbfdf2d83dda33e 0.0s done
#3 CACHED

#4 [internal] load metadata for quay.io/centos/centos:stream8@sha256:20da069d4f8126c4517ee563e6e723d4cbe79ff62f6c4597f753478af91a09a3
#4 DONE 0.6s

#5 [internal] load .dockerignore
#5 transferring context: 2B done
#5 DONE 0.1s

#6 [download-amd64 1/1] ADD --checksum=sha256:ffcc9ce4af826a508e4927a8c725d5e21dd6dcb565d8adba4ae3ca6ef3f146ea https://files.tiot.jp/riak/kv/3.4/3.4.1/rhel/8/riak-3.4.1.OTP26-1.el8.x86_64.rpm /riak-3.4.1.OTP26-1.el8.x86_64.rpm
#6 CACHED

#7 [internal] preparing inline document
#7 CACHED

#8 [internal] preparing inline document
#8 CACHED

#9 [install-amd64 1/2] FROM quay.io/centos/centos:stream8@sha256:20da069d4f8126c4517ee563e6e723d4cbe79ff62f6c4597f753478af91a09a3
#9 resolve quay.io/centos/centos:stream8@sha256:20da069d4f8126c4517ee563e6e723d4cbe79ff62f6c4597f753478af91a09a3 0.1s done
#9 CACHED

#10 [download-amd64 1/1] ADD --checksum=sha256:ffcc9ce4af826a508e4927a8c725d5e21dd6dcb565d8adba4ae3ca6ef3f146ea https://files.tiot.jp/riak/kv/3.4/3.4.1/rhel/8/riak-3.4.1.OTP26-1.el8.x86_64.rpm /riak-3.4.1.OTP26-1.el8.x86_64.rpm
#10 DONE 0.1s

#11 [install-amd64 2/2] RUN --mount=type=bind,from=download-amd64,target=/opt/openriak-package,ro <<'OPENRIAK_PACKAGE_INSTALL' (set -eu...)
#11 4.520 CentOS Stream 8 - AppStream                     7.8 MB/s |  29 MB     00:03    
#11 13.10 CentOS Stream 8 - BaseOS                         16 MB/s |  10 MB     00:00    
#11 15.50 CentOS Stream 8 - Extras                        163 kB/s |  18 kB     00:00    
#11 15.89 CentOS Stream 8 - Extras common packages         31 kB/s | 8.0 kB     00:00    
#11 18.39 Dependencies resolved.
#11 18.40 ================================================================================
#11 18.40  Package                 Arch    Version                          Repo     Size
#11 18.40 ================================================================================
#11 18.40 Installing:
#11 18.40  bash                    x86_64  4.4.20-5.el8                     baseos  1.6 M
#11 18.40  ca-certificates         noarch  2023.2.60_v7.0.306-80.0.el8      baseos  935 k
#11 18.40  centos-stream-release   noarch  8.6-1.el8                        baseos   22 k
#11 18.40  coreutils               x86_64  8.30-15.el8                      baseos  1.2 M
#11 18.40  findutils               x86_64  1:4.6.0-22.el8                   baseos  537 k
#11 18.40  gawk                    x86_64  4.2.1-4.el8                      baseos  1.1 M
#11 18.40  glibc                   x86_64  2.28-251.el8.2                   baseos  2.3 M
#11 18.40  glibc-minimal-langpack  x86_64  2.28-251.el8.2                   baseos   65 k
#11 18.40  grep                    x86_64  3.1-6.el8                        baseos  274 k
#11 18.40  hostname                x86_64  3.20-7.el8.0.1                   baseos   32 k
#11 18.40  libgcc                  x86_64  8.5.0-22.el8                     baseos   82 k
#11 18.40  libstdc++               x86_64  8.5.0-22.el8                     baseos  458 k
#11 18.40  ncurses-libs            x86_64  6.1-10.20180224.el8              baseos  339 k
#11 18.40  openssl-libs            x86_64  1:1.1.1k-12.el8                  baseos  1.5 M
#11 18.40  pam                     x86_64  1.3.1-33.el8                     baseos  851 k
#11 18.40  procps-ng               x86_64  3.3.15-14.el8                    baseos  330 k
#11 18.40  sed                     x86_64  4.5-5.el8                        baseos  298 k
#11 18.40  shadow-utils            x86_64  2:4.6-22.el8                     baseos  1.3 M
#11 18.40  tzdata                  noarch  2024a-1.el8                      baseos  881 k
#11 18.40  util-linux              x86_64  2.32.1-46.el8                    baseos  2.6 M
#11 18.40  zlib                    x86_64  1.2.11-25.el8                    baseos  103 k
#11 18.40 Installing dependencies:
#11 18.40  audit-libs              x86_64  3.1.2-1.el8                      baseos  125 k
#11 18.40  basesystem              noarch  11-5.el8                         baseos   10 k
#11 18.40  bzip2-libs              x86_64  1.0.6-26.el8                     baseos   48 k
#11 18.40  centos-gpg-keys         noarch  1:8-6.el8                        baseos   14 k
#11 18.40  centos-stream-repos     noarch  8-6.el8                          baseos   20 k
#11 18.40  chkconfig               x86_64  1.19.2-1.el8                     baseos  217 k
#11 18.40  coreutils-common        x86_64  8.30-15.el8                      baseos  2.0 M
#11 18.40  cracklib                x86_64  2.9.6-15.el8                     baseos   93 k
#11 18.40  cracklib-dicts          x86_64  2.9.6-15.el8                     baseos  4.0 M
#11 18.40  crypto-policies         noarch  20230731-1.git3177e06.el8        baseos   64 k
#11 18.40  filesystem              x86_64  3.8-6.el8                        baseos  1.1 M
#11 18.40  glibc-common            x86_64  2.28-251.el8.2                   baseos  1.0 M
#11 18.40  gmp                     x86_64  1:6.1.2-12.el8                   baseos  318 k
#11 18.40  gzip                    x86_64  1.9-13.el8                       baseos  167 k
#11 18.40  info                    x86_64  6.5-7.el8_5                      baseos  198 k
#11 18.40  keyutils-libs           x86_64  1.5.10-9.el8                     baseos   34 k
#11 18.40  krb5-libs               x86_64  1.18.2-27.el8                    baseos  853 k
#11 18.40  libacl                  x86_64  2.2.53-3.el8                     baseos   35 k
#11 18.40  libattr                 x86_64  2.4.48-3.el8                     baseos   27 k
#11 18.40  libblkid                x86_64  2.32.1-46.el8                    baseos  221 k
#11 18.40  libcap                  x86_64  2.48-5.el8                       baseos   77 k
#11 18.40  libcap-ng               x86_64  0.7.11-1.el8                     baseos   33 k
#11 18.40  libcom_err              x86_64  1.45.6-5.el8                     baseos   49 k
#11 18.40  libdb                   x86_64  5.3.28-42.el8_4                  baseos  751 k
#11 18.40  libfdisk                x86_64  2.32.1-46.el8                    baseos  254 k
#11 18.40  libffi                  x86_64  3.1-24.el8                       baseos   38 k
#11 18.40  libgcrypt               x86_64  1.8.5-7.el8                      baseos  463 k
#11 18.40  libgpg-error            x86_64  1.31-1.el8                       baseos  242 k
#11 18.40  libmount                x86_64  2.32.1-46.el8                    baseos  237 k
#11 18.40  libnsl2                 x86_64  1.2.0-2.20180605git4a062cf.el8   baseos   58 k
#11 18.40  libpwquality            x86_64  1.4.4-6.el8                      baseos  120 k
#11 18.40  libselinux              x86_64  2.9-8.el8                        baseos  166 k
#11 18.40  libsemanage             x86_64  2.9-9.el8                        baseos  168 k
#11 18.40  libsepol                x86_64  2.9-3.el8                        baseos  340 k
#11 18.40  libsigsegv              x86_64  2.11-5.el8                       baseos   30 k
#11 18.40  libsmartcols            x86_64  2.32.1-46.el8                    baseos  180 k
#11 18.40  libtasn1                x86_64  4.13-4.el8                       baseos   76 k
#11 18.40  libtirpc                x86_64  1.1.4-12.el8                     baseos  114 k
#11 18.40  libutempter             x86_64  1.1.6-14.el8                     baseos   32 k
#11 18.40  libuuid                 x86_64  2.32.1-46.el8                    baseos   99 k
#11 18.40  libverto                x86_64  0.3.2-2.el8                      baseos   24 k
#11 18.40  libxcrypt               x86_64  4.1.1-6.el8                      baseos   73 k
#11 18.40  lz4-libs                x86_64  1.8.3-3.el8_4                    baseos   66 k
#11 18.40  mpfr                    x86_64  3.1.6-1.el8                      baseos  221 k
#11 18.40  ncurses                 x86_64  6.1-10.20180224.el8              baseos  393 k
#11 18.40  ncurses-base            noarch  6.1-10.20180224.el8              baseos  114 k
#11 18.40  p11-kit                 x86_64  0.23.22-2.el8                    baseos  344 k
#11 18.40  p11-kit-trust           x86_64  0.23.22-2.el8                    baseos  138 k
#11 18.40  pcre                    x86_64  8.42-6.el8                       baseos  211 k
#11 18.40  pcre2                   x86_64  10.32-3.el8                      baseos  247 k
#11 18.40  popt                    x86_64  1.18-1.el8                       baseos   61 k
#11 18.40  readline                x86_64  7.0-10.el8                       baseos  199 k
#11 18.40  setup                   noarch  2.12.2-11.el8                    baseos  185 k
#11 18.40  systemd-libs            x86_64  239-82.el8.1                     baseos  1.1 M
#11 18.40  xz-libs                 x86_64  5.2.4-4.el8                      baseos   94 k
#11 18.40 
#11 18.40 Transaction Summary
#11 18.40 ================================================================================
#11 18.40 Install  76 Packages
#11 18.40 
#11 18.40 Total download size: 34 M
#11 18.40 Installed size: 104 M
#11 18.41 Downloading Packages:
#11 18.57 (1/76): basesystem-11-5.el8.noarch.rpm           68 kB/s |  10 kB     00:00    
#11 18.67 (2/76): audit-libs-3.1.2-1.el8.x86_64.rpm       492 kB/s | 125 kB     00:00    
#11 18.69 (3/76): bzip2-libs-1.0.6-26.el8.x86_64.rpm      396 kB/s |  48 kB     00:00    
#11 18.80 (4/76): centos-gpg-keys-8-6.el8.noarch.rpm      127 kB/s |  14 kB     00:00    
#11 18.85 (5/76): bash-4.4.20-5.el8.x86_64.rpm            3.6 MB/s | 1.6 MB     00:00    
#11 18.92 (6/76): centos-stream-release-8.6-1.el8.noarch. 192 kB/s |  22 kB     00:00    
#11 18.97 (7/76): centos-stream-repos-8-6.el8.noarch.rpm  174 kB/s |  20 kB     00:00    
#11 19.06 (8/76): chkconfig-1.19.2-1.el8.x86_64.rpm       1.5 MB/s | 217 kB     00:00    
#11 19.30 (9/76): coreutils-common-8.30-15.el8.x86_64.rpm 8.4 MB/s | 2.0 MB     00:00    
#11 19.34 (10/76): ca-certificates-2023.2.60_v7.0.306-80. 1.4 MB/s | 935 kB     00:00    
#11 19.42 (11/76): cracklib-2.9.6-15.el8.x86_64.rpm       766 kB/s |  93 kB     00:00    
#11 19.54 (12/76): crypto-policies-20230731-1.git3177e06. 513 kB/s |  64 kB     00:00    
#11 19.68 (13/76): coreutils-8.30-15.el8.x86_64.rpm       1.7 MB/s | 1.2 MB     00:00    
#11 19.76 (14/76): cracklib-dicts-2.9.6-15.el8.x86_64.rpm 9.5 MB/s | 4.0 MB     00:00    
#11 19.77 (15/76): filesystem-3.8-6.el8.x86_64.rpm        4.7 MB/s | 1.1 MB     00:00    
#11 19.84 (16/76): findutils-4.6.0-22.el8.x86_64.rpm      3.5 MB/s | 537 kB     00:00    
#11 19.96 (17/76): gawk-4.2.1-4.el8.x86_64.rpm            5.6 MB/s | 1.1 MB     00:00    
#11 20.01 (18/76): glibc-common-2.28-251.el8.2.x86_64.rpm 5.9 MB/s | 1.0 MB     00:00    
#11 20.07 (19/76): glibc-2.28-251.el8.2.x86_64.rpm        7.7 MB/s | 2.3 MB     00:00    
#11 20.08 (20/76): glibc-minimal-langpack-2.28-251.el8.2. 538 kB/s |  65 kB     00:00    
#11 20.22 (21/76): gzip-1.9-13.el8.x86_64.rpm             1.2 MB/s | 167 kB     00:00    
#11 20.23 (22/76): grep-3.1-6.el8.x86_64.rpm              1.7 MB/s | 274 kB     00:00    
#11 20.36 (23/76): info-6.5-7.el8_5.x86_64.rpm            1.5 MB/s | 198 kB     00:00    
#11 20.42 (24/76): hostname-3.20-7.el8.0.1.x86_64.rpm     160 kB/s |  32 kB     00:00    
#11 20.48 (25/76): keyutils-libs-1.5.10-9.el8.x86_64.rpm  276 kB/s |  34 kB     00:00    
#11 20.50 (26/76): gmp-6.1.2-12.el8.x86_64.rpm            647 kB/s | 318 kB     00:00    
#11 20.61 (27/76): libacl-2.2.53-3.el8.x86_64.rpm         287 kB/s |  35 kB     00:00    
#11 20.61 (28/76): libattr-2.4.48-3.el8.x86_64.rpm        233 kB/s |  27 kB     00:00    
#11 20.81 (29/76): libblkid-2.32.1-46.el8.x86_64.rpm      1.1 MB/s | 221 kB     00:00    
#11 20.91 (30/76): krb5-libs-1.18.2-27.el8.x86_64.rpm     1.7 MB/s | 853 kB     00:00    
#11 20.92 (31/76): libcap-2.48-5.el8.x86_64.rpm           254 kB/s |  77 kB     00:00    
#11 20.93 (32/76): libcap-ng-0.7.11-1.el8.x86_64.rpm      295 kB/s |  33 kB     00:00    
#11 21.04 (33/76): libcom_err-1.45.6-5.el8.x86_64.rpm     408 kB/s |  49 kB     00:00    
#11 21.08 (34/76): libdb-5.3.28-42.el8_4.x86_64.rpm       4.7 MB/s | 751 kB     00:00    
#11 21.12 (35/76): libfdisk-2.32.1-46.el8.x86_64.rpm      1.3 MB/s | 254 kB     00:00    
#11 21.16 (36/76): libffi-3.1-24.el8.x86_64.rpm           296 kB/s |  38 kB     00:00    
#11 21.20 (37/76): libgcc-8.5.0-22.el8.x86_64.rpm         673 kB/s |  82 kB     00:00    
#11 21.26 (38/76): libgcrypt-1.8.5-7.el8.x86_64.rpm       3.1 MB/s | 463 kB     00:00    
#11 21.29 (39/76): libgpg-error-1.31-1.el8.x86_64.rpm     1.9 MB/s | 242 kB     00:00    
#11 21.33 (40/76): libmount-2.32.1-46.el8.x86_64.rpm      1.7 MB/s | 237 kB     00:00    
#11 21.38 (41/76): libnsl2-1.2.0-2.20180605git4a062cf.el8 501 kB/s |  58 kB     00:00    
#11 21.46 (42/76): libselinux-2.9-8.el8.x86_64.rpm        1.3 MB/s | 166 kB     00:00    
#11 21.60 (43/76): libsepol-2.9-3.el8.x86_64.rpm          2.4 MB/s | 340 kB     00:00    
#11 21.68 (44/76): libpwquality-1.4.4-6.el8.x86_64.rpm    305 kB/s | 120 kB     00:00    
#11 21.72 (45/76): libsigsegv-2.11-5.el8.x86_64.rpm       253 kB/s |  30 kB     00:00    
#11 21.77 (46/76): libsemanage-2.9-9.el8.x86_64.rpm       427 kB/s | 168 kB     00:00    
#11 21.90 (47/76): libsmartcols-2.32.1-46.el8.x86_64.rpm  834 kB/s | 180 kB     00:00    
#11 21.91 (48/76): libtasn1-4.13-4.el8.x86_64.rpm         557 kB/s |  76 kB     00:00    
#11 22.03 (49/76): libstdc++-8.5.0-22.el8.x86_64.rpm      1.5 MB/s | 458 kB     00:00    
#11 22.03 (50/76): libutempter-1.1.6-14.el8.x86_64.rpm    261 kB/s |  32 kB     00:00    
#11 22.04 (51/76): libtirpc-1.1.4-12.el8.x86_64.rpm       824 kB/s | 114 kB     00:00    
#11 22.15 (52/76): libuuid-2.32.1-46.el8.x86_64.rpm       825 kB/s |  99 kB     00:00    
#11 22.15 (53/76): libverto-0.3.2-2.el8.x86_64.rpm        200 kB/s |  24 kB     00:00    
#11 22.16 (54/76): libxcrypt-4.1.1-6.el8.x86_64.rpm       609 kB/s |  73 kB     00:00    
#11 22.27 (55/76): lz4-libs-1.8.3-3.el8_4.x86_64.rpm      529 kB/s |  66 kB     00:00    
#11 22.29 (56/76): mpfr-3.1.6-1.el8.x86_64.rpm            1.6 MB/s | 221 kB     00:00    
#11 22.31 (57/76): ncurses-6.1-10.20180224.el8.x86_64.rpm 2.6 MB/s | 393 kB     00:00    
#11 22.39 (58/76): ncurses-base-6.1-10.20180224.el8.noarc 956 kB/s | 114 kB     00:00    
#11 22.43 (59/76): ncurses-libs-6.1-10.20180224.el8.x86_6 2.5 MB/s | 339 kB     00:00    
#11 22.55 (60/76): p11-kit-0.23.22-2.el8.x86_64.rpm       2.1 MB/s | 344 kB     00:00    
#11 22.56 (61/76): p11-kit-trust-0.23.22-2.el8.x86_64.rpm 1.0 MB/s | 138 kB     00:00    
#11 22.59 (62/76): openssl-libs-1.1.1k-12.el8.x86_64.rpm  5.3 MB/s | 1.5 MB     00:00    
#11 22.70 (63/76): pcre-8.42-6.el8.x86_64.rpm             1.5 MB/s | 211 kB     00:00    
#11 22.73 (64/76): pcre2-10.32-3.el8.x86_64.rpm           1.7 MB/s | 247 kB     00:00    
#11 22.75 (65/76): pam-1.3.1-33.el8.x86_64.rpm            4.2 MB/s | 851 kB     00:00    
#11 22.83 (66/76): popt-1.18-1.el8.x86_64.rpm             489 kB/s |  61 kB     00:00    
#11 22.86 (67/76): procps-ng-3.3.15-14.el8.x86_64.rpm     2.5 MB/s | 330 kB     00:00    
#11 22.99 (68/76): setup-2.12.2-11.el8.noarch.rpm         1.4 MB/s | 185 kB     00:00    
#11 23.05 (69/76): readline-7.0-10.el8.x86_64.rpm         657 kB/s | 199 kB     00:00    
#11 23.16 (70/76): shadow-utils-4.6-22.el8.x86_64.rpm     7.8 MB/s | 1.3 MB     00:00    
#11 23.22 (71/76): sed-4.5-5.el8.x86_64.rpm               754 kB/s | 298 kB     00:00    
#11 23.24 (72/76): systemd-libs-239-82.el8.1.x86_64.rpm   6.3 MB/s | 1.1 MB     00:00    
#11 23.32 (73/76): tzdata-2024a-1.el8.noarch.rpm          5.4 MB/s | 881 kB     00:00    
#11 23.36 (74/76): xz-libs-5.2.4-4.el8.x86_64.rpm         780 kB/s |  94 kB     00:00    
#11 25.75 (75/76): zlib-1.2.11-25.el8.x86_64.rpm           43 kB/s | 103 kB     00:02    
#11 25.89 (76/76): util-linux-2.32.1-46.el8.x86_64.rpm    995 kB/s | 2.6 MB     00:02    
#11 25.90 --------------------------------------------------------------------------------
#11 25.90 Total                                           4.5 MB/s |  34 MB     00:07     
#11 25.91 CentOS Stream 8 - BaseOS                        1.6 MB/s | 1.6 kB     00:00    
#11 25.99 Importing GPG key 0x8483C65D:
#11 25.99  Userid     : "CentOS (CentOS Official Signing Key) <security@centos.org>"
#11 25.99  Fingerprint: 99DB 70FA E1D7 CE22 7FB6 4882 05B5 55B3 8483 C65D
#11 25.99  From       : /etc/pki/rpm-gpg/RPM-GPG-KEY-centosofficial
#11 25.99 Key imported successfully
#11 27.06 Running transaction check
#11 27.10 Transaction check succeeded.
#11 27.10 Running transaction test
#11 27.65 Transaction test succeeded.
#11 27.65 Running transaction
#11 29.05   Running scriptlet: filesystem-3.8-6.el8.x86_64                            1/1 
#11 29.37   Preparing        :                                                        1/1 
#11 29.38   Installing       : libgcc-8.5.0-22.el8.x86_64                            1/76 
#11 29.43   Running scriptlet: libgcc-8.5.0-22.el8.x86_64                            1/76 
#11 29.44   Installing       : crypto-policies-20230731-1.git3177e06.el8.noarch      2/76 
#11 29.48   Running scriptlet: crypto-policies-20230731-1.git3177e06.el8.noarch      2/76 
#11 29.62   Installing       : tzdata-2024a-1.el8.noarch                             3/76 
#11 29.68   Installing       : ncurses-base-6.1-10.20180224.el8.noarch               4/76 
#11 29.73   Installing       : centos-gpg-keys-1:8-6.el8.noarch                      5/76 
#11 29.77   Installing       : centos-stream-release-8.6-1.el8.noarch                6/76 
#11 29.80   Installing       : centos-stream-repos-8-6.el8.noarch                    7/76 
#11 29.85   Installing       : setup-2.12.2-11.el8.noarch                            8/76 
#11 29.88   Running scriptlet: setup-2.12.2-11.el8.noarch                            8/76 
#11 29.94   Installing       : filesystem-3.8-6.el8.x86_64                           9/76 
#11 30.06   Installing       : basesystem-11-5.el8.noarch                           10/76 
#11 30.10   Installing       : pcre2-10.32-3.el8.x86_64                             11/76 
#11 30.14   Installing       : libselinux-2.9-8.el8.x86_64                          12/76 
#11 30.20   Installing       : ncurses-libs-6.1-10.20180224.el8.x86_64              13/76 
#11 30.24   Installing       : glibc-minimal-langpack-2.28-251.el8.2.x86_64         14/76 
#11 30.43   Installing       : glibc-common-2.28-251.el8.2.x86_64                   15/76 
#11 30.47   Running scriptlet: glibc-2.28-251.el8.2.x86_64                          16/76 
#11 30.69   Installing       : glibc-2.28-251.el8.2.x86_64                          16/76 
#11 30.74   Running scriptlet: glibc-2.28-251.el8.2.x86_64                          16/76 
#11 31.13   Installing       : bash-4.4.20-5.el8.x86_64                             17/76 
#11 31.16   Running scriptlet: bash-4.4.20-5.el8.x86_64                             17/76 
#11 31.19   Installing       : libsepol-2.9-3.el8.x86_64                            18/76 
#11 31.22   Running scriptlet: libsepol-2.9-3.el8.x86_64                            18/76 
#11 31.36   Installing       : libuuid-2.32.1-46.el8.x86_64                         19/76 
#11 31.39   Running scriptlet: libuuid-2.32.1-46.el8.x86_64                         19/76 
#11 31.54   Installing       : zlib-1.2.11-25.el8.x86_64                            20/76 
#11 31.59   Installing       : info-6.5-7.el8_5.x86_64                              21/76 
#11 31.64   Installing       : gmp-1:6.1.2-12.el8.x86_64                            22/76 
#11 31.67   Running scriptlet: gmp-1:6.1.2-12.el8.x86_64                            22/76 
#11 31.81   Installing       : libattr-2.4.48-3.el8.x86_64                          23/76 
#11 31.84   Installing       : libacl-2.2.53-3.el8.x86_64                           24/76 
#11 31.90   Installing       : sed-4.5-5.el8.x86_64                                 25/76 
#11 31.93   Running scriptlet: sed-4.5-5.el8.x86_64                                 25/76 
#11 32.06 install-info: No such file or directory for /dev/null
#11 32.06 
#11 32.07   Installing       : libxcrypt-4.1.1-6.el8.x86_64                         26/76 
#11 32.10   Installing       : libcap-2.48-5.el8.x86_64                             27/76 
#11 32.13   Installing       : libcap-ng-0.7.11-1.el8.x86_64                        28/76 
#11 32.17   Installing       : audit-libs-3.1.2-1.el8.x86_64                        29/76 
#11 32.20   Installing       : libcom_err-1.45.6-5.el8.x86_64                       30/76 
#11 32.23   Running scriptlet: libcom_err-1.45.6-5.el8.x86_64                       30/76 
#11 32.41   Installing       : mpfr-3.1.6-1.el8.x86_64                              31/76 
#11 32.45   Running scriptlet: mpfr-3.1.6-1.el8.x86_64                              31/76 
#11 32.76   Installing       : coreutils-common-8.30-15.el8.x86_64                  32/76 
#11 32.80   Running scriptlet: coreutils-common-8.30-15.el8.x86_64                  32/76 
#11 32.95   Installing       : readline-7.0-10.el8.x86_64                           33/76 
#11 32.98   Running scriptlet: readline-7.0-10.el8.x86_64                           33/76 
#11 33.13 install-info: No such file or directory for /usr/share/info/history.info
#11 33.13 install-info: No such file or directory for /usr/share/info/rluserman.info
#11 33.13 
#11 33.14   Installing       : bzip2-libs-1.0.6-26.el8.x86_64                       34/76 
#11 33.18   Installing       : libsemanage-2.9-9.el8.x86_64                         35/76 
#11 33.21   Installing       : keyutils-libs-1.5.10-9.el8.x86_64                    36/76 
#11 33.24   Installing       : libffi-3.1-24.el8.x86_64                             37/76 
#11 33.31   Installing       : p11-kit-0.23.22-2.el8.x86_64                         38/76 
#11 33.37   Installing       : libgpg-error-1.31-1.el8.x86_64                       39/76 
#11 33.44   Installing       : libgcrypt-1.8.5-7.el8.x86_64                         40/76 
#11 33.47   Running scriptlet: libgcrypt-1.8.5-7.el8.x86_64                         40/76 
#11 33.63   Installing       : libsigsegv-2.11-5.el8.x86_64                         41/76 
#11 33.73   Installing       : gawk-4.2.1-4.el8.x86_64                              42/76 
#11 33.77   Installing       : libsmartcols-2.32.1-46.el8.x86_64                    43/76 
#11 33.80   Running scriptlet: libsmartcols-2.32.1-46.el8.x86_64                    43/76 
#11 33.95   Installing       : libtasn1-4.13-4.el8.x86_64                           44/76 
#11 33.98   Running scriptlet: libtasn1-4.13-4.el8.x86_64                           44/76 
#11 34.12   Installing       : libverto-0.3.2-2.el8.x86_64                          45/76 
#11 34.15   Installing       : lz4-libs-1.8.3-3.el8_4.x86_64                        46/76 
#11 34.21   Installing       : ncurses-6.1-10.20180224.el8.x86_64                   47/76 
#11 34.25   Installing       : pcre-8.42-6.el8.x86_64                               48/76 
#11 34.30   Installing       : grep-3.1-6.el8.x86_64                                49/76 
#11 34.33   Running scriptlet: grep-3.1-6.el8.x86_64                                49/76 
#11 34.46 install-info: No such file or directory for /usr/share/info/grep.info.gz
#11 34.46 
#11 34.47   Installing       : popt-1.18-1.el8.x86_64                               50/76 
#11 34.52   Installing       : chkconfig-1.19.2-1.el8.x86_64                        51/76 
#11 34.57   Installing       : p11-kit-trust-0.23.22-2.el8.x86_64                   52/76 
#11 34.60   Running scriptlet: p11-kit-trust-0.23.22-2.el8.x86_64                   52/76 
#11 34.87   Installing       : openssl-libs-1:1.1.1k-12.el8.x86_64                  53/76 
#11 34.90   Running scriptlet: openssl-libs-1:1.1.1k-12.el8.x86_64                  53/76 
#11 35.19   Installing       : coreutils-8.30-15.el8.x86_64                         54/76 
#11 35.24   Running scriptlet: ca-certificates-2023.2.60_v7.0.306-80.0.el8.noarch   55/76 
#11 35.44   Installing       : ca-certificates-2023.2.60_v7.0.306-80.0.el8.noarch   55/76 
#11 35.47   Running scriptlet: ca-certificates-2023.2.60_v7.0.306-80.0.el8.noarch   55/76 
#11 36.37   Installing       : libblkid-2.32.1-46.el8.x86_64                        56/76 
#11 36.41   Running scriptlet: libblkid-2.32.1-46.el8.x86_64                        56/76 
#11 36.56   Installing       : libmount-2.32.1-46.el8.x86_64                        57/76 
#11 36.59   Running scriptlet: libmount-2.32.1-46.el8.x86_64                        57/76 
#11 36.73   Installing       : libfdisk-2.32.1-46.el8.x86_64                        58/76 
#11 36.76   Running scriptlet: libfdisk-2.32.1-46.el8.x86_64                        58/76 
#11 36.92   Installing       : gzip-1.9-13.el8.x86_64                               59/76 
#11 36.95   Running scriptlet: gzip-1.9-13.el8.x86_64                               59/76 
#11 37.09   Installing       : cracklib-2.9.6-15.el8.x86_64                         60/76 
#11 37.41   Installing       : cracklib-dicts-2.9.6-15.el8.x86_64                   61/76 
#11 37.52   Installing       : krb5-libs-1.18.2-27.el8.x86_64                       62/76 
#11 37.56   Installing       : libtirpc-1.1.4-12.el8.x86_64                         63/76 
#11 37.59   Running scriptlet: libtirpc-1.1.4-12.el8.x86_64                         63/76 
#11 37.73   Installing       : libnsl2-1.2.0-2.20180605git4a062cf.el8.x86_64        64/76 
#11 37.76   Running scriptlet: libnsl2-1.2.0-2.20180605git4a062cf.el8.x86_64        64/76 
#11 38.03   Installing       : shadow-utils-2:4.6-22.el8.x86_64                     65/76 
#11 38.07   Running scriptlet: libutempter-1.1.6-14.el8.x86_64                      66/76 
#11 38.24   Installing       : libutempter-1.1.6-14.el8.x86_64                      66/76 
#11 38.33   Installing       : libdb-5.3.28-42.el8_4.x86_64                         67/76 
#11 38.36   Running scriptlet: libdb-5.3.28-42.el8_4.x86_64                         67/76 
#11 38.51   Installing       : libpwquality-1.4.4-6.el8.x86_64                      68/76 
#11 38.63   Installing       : pam-1.3.1-33.el8.x86_64                              69/76 
#11 38.67   Running scriptlet: pam-1.3.1-33.el8.x86_64                              69/76 
#11 38.82   Installing       : xz-libs-5.2.4-4.el8.x86_64                           70/76 
#11 38.96   Installing       : systemd-libs-239-82.el8.1.x86_64                     71/76 
#11 39.00   Running scriptlet: systemd-libs-239-82.el8.1.x86_64                     71/76 
#11 39.17   Installing       : procps-ng-3.3.15-14.el8.x86_64                       72/76 
#11 39.45   Installing       : util-linux-2.32.1-46.el8.x86_64                      73/76 
#11 39.50   Running scriptlet: util-linux-2.32.1-46.el8.x86_64                      73/76 
#11 39.67   Installing       : findutils-1:4.6.0-22.el8.x86_64                      74/76 
#11 39.71   Running scriptlet: findutils-1:4.6.0-22.el8.x86_64                      74/76 
#11 39.83   Installing       : hostname-3.20-7.el8.0.1.x86_64                       75/76 
#11 39.86   Running scriptlet: hostname-3.20-7.el8.0.1.x86_64                       75/76 
#11 40.05   Installing       : libstdc++-8.5.0-22.el8.x86_64                        76/76 
#11 40.08   Running scriptlet: libstdc++-8.5.0-22.el8.x86_64                        76/76 
#11 40.21   Running scriptlet: filesystem-3.8-6.el8.x86_64                          76/76 
#11 40.35   Running scriptlet: ca-certificates-2023.2.60_v7.0.306-80.0.el8.noarch   76/76 
#11 41.15   Running scriptlet: glibc-common-2.28-251.el8.2.x86_64                   76/76 
#11 41.32   Verifying        : audit-libs-3.1.2-1.el8.x86_64                         1/76 
#11 41.32   Verifying        : basesystem-11-5.el8.noarch                            2/76 
#11 41.32   Verifying        : bash-4.4.20-5.el8.x86_64                              3/76 
#11 41.32   Verifying        : bzip2-libs-1.0.6-26.el8.x86_64                        4/76 
#11 41.32   Verifying        : ca-certificates-2023.2.60_v7.0.306-80.0.el8.noarch    5/76 
#11 41.32   Verifying        : centos-gpg-keys-1:8-6.el8.noarch                      6/76 
#11 41.32   Verifying        : centos-stream-release-8.6-1.el8.noarch                7/76 
#11 41.32   Verifying        : centos-stream-repos-8-6.el8.noarch                    8/76 
#11 41.32   Verifying        : chkconfig-1.19.2-1.el8.x86_64                         9/76 
#11 41.32   Verifying        : coreutils-8.30-15.el8.x86_64                         10/76 
#11 41.32   Verifying        : coreutils-common-8.30-15.el8.x86_64                  11/76 
#11 41.32   Verifying        : cracklib-2.9.6-15.el8.x86_64                         12/76 
#11 41.32   Verifying        : cracklib-dicts-2.9.6-15.el8.x86_64                   13/76 
#11 41.32   Verifying        : crypto-policies-20230731-1.git3177e06.el8.noarch     14/76 
#11 41.32   Verifying        : filesystem-3.8-6.el8.x86_64                          15/76 
#11 41.32   Verifying        : findutils-1:4.6.0-22.el8.x86_64                      16/76 
#11 41.32   Verifying        : gawk-4.2.1-4.el8.x86_64                              17/76 
#11 41.32   Verifying        : glibc-2.28-251.el8.2.x86_64                          18/76 
#11 41.32   Verifying        : glibc-common-2.28-251.el8.2.x86_64                   19/76 
#11 41.32   Verifying        : glibc-minimal-langpack-2.28-251.el8.2.x86_64         20/76 
#11 41.32   Verifying        : gmp-1:6.1.2-12.el8.x86_64                            21/76 
#11 41.32   Verifying        : grep-3.1-6.el8.x86_64                                22/76 
#11 41.32   Verifying        : gzip-1.9-13.el8.x86_64                               23/76 
#11 41.32   Verifying        : hostname-3.20-7.el8.0.1.x86_64                       24/76 
#11 41.32   Verifying        : info-6.5-7.el8_5.x86_64                              25/76 
#11 41.32   Verifying        : keyutils-libs-1.5.10-9.el8.x86_64                    26/76 
#11 41.32   Verifying        : krb5-libs-1.18.2-27.el8.x86_64                       27/76 
#11 41.32   Verifying        : libacl-2.2.53-3.el8.x86_64                           28/76 
#11 41.32   Verifying        : libattr-2.4.48-3.el8.x86_64                          29/76 
#11 41.32   Verifying        : libblkid-2.32.1-46.el8.x86_64                        30/76 
#11 41.32   Verifying        : libcap-2.48-5.el8.x86_64                             31/76 
#11 41.32   Verifying        : libcap-ng-0.7.11-1.el8.x86_64                        32/76 
#11 41.32   Verifying        : libcom_err-1.45.6-5.el8.x86_64                       33/76 
#11 41.32   Verifying        : libdb-5.3.28-42.el8_4.x86_64                         34/76 
#11 41.32   Verifying        : libfdisk-2.32.1-46.el8.x86_64                        35/76 
#11 41.32   Verifying        : libffi-3.1-24.el8.x86_64                             36/76 
#11 41.32   Verifying        : libgcc-8.5.0-22.el8.x86_64                           37/76 
#11 41.32   Verifying        : libgcrypt-1.8.5-7.el8.x86_64                         38/76 
#11 41.32   Verifying        : libgpg-error-1.31-1.el8.x86_64                       39/76 
#11 41.32   Verifying        : libmount-2.32.1-46.el8.x86_64                        40/76 
#11 41.32   Verifying        : libnsl2-1.2.0-2.20180605git4a062cf.el8.x86_64        41/76 
#11 41.32   Verifying        : libpwquality-1.4.4-6.el8.x86_64                      42/76 
#11 41.32   Verifying        : libselinux-2.9-8.el8.x86_64                          43/76 
#11 41.32   Verifying        : libsemanage-2.9-9.el8.x86_64                         44/76 
#11 41.32   Verifying        : libsepol-2.9-3.el8.x86_64                            45/76 
#11 41.32   Verifying        : libsigsegv-2.11-5.el8.x86_64                         46/76 
#11 41.32   Verifying        : libsmartcols-2.32.1-46.el8.x86_64                    47/76 
#11 41.32   Verifying        : libstdc++-8.5.0-22.el8.x86_64                        48/76 
#11 41.32   Verifying        : libtasn1-4.13-4.el8.x86_64                           49/76 
#11 41.32   Verifying        : libtirpc-1.1.4-12.el8.x86_64                         50/76 
#11 41.32   Verifying        : libutempter-1.1.6-14.el8.x86_64                      51/76 
#11 41.32   Verifying        : libuuid-2.32.1-46.el8.x86_64                         52/76 
#11 41.32   Verifying        : libverto-0.3.2-2.el8.x86_64                          53/76 
#11 41.32   Verifying        : libxcrypt-4.1.1-6.el8.x86_64                         54/76 
#11 41.32   Verifying        : lz4-libs-1.8.3-3.el8_4.x86_64                        55/76 
#11 41.32   Verifying        : mpfr-3.1.6-1.el8.x86_64                              56/76 
#11 41.32   Verifying        : ncurses-6.1-10.20180224.el8.x86_64                   57/76 
#11 41.32   Verifying        : ncurses-base-6.1-10.20180224.el8.noarch              58/76 
#11 41.32   Verifying        : ncurses-libs-6.1-10.20180224.el8.x86_64              59/76 
#11 41.32   Verifying        : openssl-libs-1:1.1.1k-12.el8.x86_64                  60/76 
#11 41.32   Verifying        : p11-kit-0.23.22-2.el8.x86_64                         61/76 
#11 41.32   Verifying        : p11-kit-trust-0.23.22-2.el8.x86_64                   62/76 
#11 41.32   Verifying        : pam-1.3.1-33.el8.x86_64                              63/76 
#11 41.32   Verifying        : pcre-8.42-6.el8.x86_64                               64/76 
#11 41.32   Verifying        : pcre2-10.32-3.el8.x86_64                             65/76 
#11 41.32   Verifying        : popt-1.18-1.el8.x86_64                               66/76 
#11 41.32   Verifying        : procps-ng-3.3.15-14.el8.x86_64                       67/76 
#11 41.32   Verifying        : readline-7.0-10.el8.x86_64                           68/76 
#11 41.32   Verifying        : sed-4.5-5.el8.x86_64                                 69/76 
#11 41.32   Verifying        : setup-2.12.2-11.el8.noarch                           70/76 
#11 41.32   Verifying        : shadow-utils-2:4.6-22.el8.x86_64                     71/76 
#11 41.32   Verifying        : systemd-libs-239-82.el8.1.x86_64                     72/76 
#11 41.32   Verifying        : tzdata-2024a-1.el8.noarch                            73/76 
#11 41.32   Verifying        : util-linux-2.32.1-46.el8.x86_64                      74/76 
#11 41.32   Verifying        : xz-libs-5.2.4-4.el8.x86_64                           75/76 
#11 41.32   Verifying        : zlib-1.2.11-25.el8.x86_64                            76/76 
#11 41.75 
#11 41.75 Installed:
#11 41.75   audit-libs-3.1.2-1.el8.x86_64                                                 
#11 41.75   basesystem-11-5.el8.noarch                                                    
#11 41.75   bash-4.4.20-5.el8.x86_64                                                      
#11 41.75   bzip2-libs-1.0.6-26.el8.x86_64                                                
#11 41.75   ca-certificates-2023.2.60_v7.0.306-80.0.el8.noarch                            
#11 41.75   centos-gpg-keys-1:8-6.el8.noarch                                              
#11 41.75   centos-stream-release-8.6-1.el8.noarch                                        
#11 41.75   centos-stream-repos-8-6.el8.noarch                                            
#11 41.75   chkconfig-1.19.2-1.el8.x86_64                                                 
#11 41.75   coreutils-8.30-15.el8.x86_64                                                  
#11 41.75   coreutils-common-8.30-15.el8.x86_64                                           
#11 41.75   cracklib-2.9.6-15.el8.x86_64                                                  
#11 41.75   cracklib-dicts-2.9.6-15.el8.x86_64                                            
#11 41.75   crypto-policies-20230731-1.git3177e06.el8.noarch                              
#11 41.75   filesystem-3.8-6.el8.x86_64                                                   
#11 41.75   findutils-1:4.6.0-22.el8.x86_64                                               
#11 41.75   gawk-4.2.1-4.el8.x86_64                                                       
#11 41.75   glibc-2.28-251.el8.2.x86_64                                                   
#11 41.75   glibc-common-2.28-251.el8.2.x86_64                                            
#11 41.75   glibc-minimal-langpack-2.28-251.el8.2.x86_64                                  
#11 41.75   gmp-1:6.1.2-12.el8.x86_64                                                     
#11 41.75   grep-3.1-6.el8.x86_64                                                         
#11 41.75   gzip-1.9-13.el8.x86_64                                                        
#11 41.75   hostname-3.20-7.el8.0.1.x86_64                                                
#11 41.75   info-6.5-7.el8_5.x86_64                                                       
#11 41.75   keyutils-libs-1.5.10-9.el8.x86_64                                             
#11 41.75   krb5-libs-1.18.2-27.el8.x86_64                                                
#11 41.75   libacl-2.2.53-3.el8.x86_64                                                    
#11 41.75   libattr-2.4.48-3.el8.x86_64                                                   
#11 41.75   libblkid-2.32.1-46.el8.x86_64                                                 
#11 41.75   libcap-2.48-5.el8.x86_64                                                      
#11 41.75   libcap-ng-0.7.11-1.el8.x86_64                                                 
#11 41.75   libcom_err-1.45.6-5.el8.x86_64                                                
#11 41.75   libdb-5.3.28-42.el8_4.x86_64                                                  
#11 41.75   libfdisk-2.32.1-46.el8.x86_64                                                 
#11 41.75   libffi-3.1-24.el8.x86_64                                                      
#11 41.75   libgcc-8.5.0-22.el8.x86_64                                                    
#11 41.75   libgcrypt-1.8.5-7.el8.x86_64                                                  
#11 41.75   libgpg-error-1.31-1.el8.x86_64                                                
#11 41.75   libmount-2.32.1-46.el8.x86_64                                                 
#11 41.75   libnsl2-1.2.0-2.20180605git4a062cf.el8.x86_64                                 
#11 41.75   libpwquality-1.4.4-6.el8.x86_64                                               
#11 41.75   libselinux-2.9-8.el8.x86_64                                                   
#11 41.75   libsemanage-2.9-9.el8.x86_64                                                  
#11 41.75   libsepol-2.9-3.el8.x86_64                                                     
#11 41.75   libsigsegv-2.11-5.el8.x86_64                                                  
#11 41.75   libsmartcols-2.32.1-46.el8.x86_64                                             
#11 41.75   libstdc++-8.5.0-22.el8.x86_64                                                 
#11 41.75   libtasn1-4.13-4.el8.x86_64                                                    
#11 41.75   libtirpc-1.1.4-12.el8.x86_64                                                  
#11 41.75   libutempter-1.1.6-14.el8.x86_64                                               
#11 41.75   libuuid-2.32.1-46.el8.x86_64                                                  
#11 41.75   libverto-0.3.2-2.el8.x86_64                                                   
#11 41.75   libxcrypt-4.1.1-6.el8.x86_64                                                  
#11 41.75   lz4-libs-1.8.3-3.el8_4.x86_64                                                 
#11 41.75   mpfr-3.1.6-1.el8.x86_64                                                       
#11 41.75   ncurses-6.1-10.20180224.el8.x86_64                                            
#11 41.75   ncurses-base-6.1-10.20180224.el8.noarch                                       
#11 41.75   ncurses-libs-6.1-10.20180224.el8.x86_64                                       
#11 41.75   openssl-libs-1:1.1.1k-12.el8.x86_64                                           
#11 41.75   p11-kit-0.23.22-2.el8.x86_64                                                  
#11 41.75   p11-kit-trust-0.23.22-2.el8.x86_64                                            
#11 41.75   pam-1.3.1-33.el8.x86_64                                                       
#11 41.75   pcre-8.42-6.el8.x86_64                                                        
#11 41.75   pcre2-10.32-3.el8.x86_64                                                      
#11 41.75   popt-1.18-1.el8.x86_64                                                        
#11 41.75   procps-ng-3.3.15-14.el8.x86_64                                                
#11 41.75   readline-7.0-10.el8.x86_64                                                    
#11 41.75   sed-4.5-5.el8.x86_64                                                          
#11 41.75   setup-2.12.2-11.el8.noarch                                                    
#11 41.75   shadow-utils-2:4.6-22.el8.x86_64                                              
#11 41.75   systemd-libs-239-82.el8.1.x86_64                                              
#11 41.75   tzdata-2024a-1.el8.noarch                                                     
#11 41.75   util-linux-2.32.1-46.el8.x86_64                                               
#11 41.75   xz-libs-5.2.4-4.el8.x86_64                                                    
#11 41.75   zlib-1.2.11-25.el8.x86_64                                                     
#11 41.75 
#11 41.75 Complete!
#11 41.92 Verifying...                          ########################################
#11 41.99 Preparing...                          ########################################
#11 42.18 Updating / installing...
#11 42.18 riak-3.4.1.OTP26-1.el8                ########################################
#11 DONE 45.5s

#12 [package-amd64 1/1] COPY --from=install-amd64 /openriak-rootfs/ /
#12 DONE 0.6s

#13 [final 1/4] RUN <<'OPENRIAK_IMAGE_SETUP' (set -eu...)
#13 0.143 uid=999(riak) gid=999(riak) groups=999(riak)
#13 DONE 0.3s

#14 [final 2/4] COPY <<OPENRIAK_ENTRYPOINT /usr/local/bin/openriak-entrypoint
#14 DONE 0.1s

#15 [final 3/4] COPY <<OPENRIAK_HEALTHCHECK /usr/local/bin/openriak-healthcheck
#15 DONE 0.1s

#16 [final 4/4] RUN <<'OPENRIAK_SCRIPT_SETUP' (set -eu...)
#16 DONE 0.2s

#17 exporting to docker image format
#17 exporting layers
#17 exporting layers 6.1s done
#17 exporting manifest sha256:64933f8ddb906d802ae3e7544b8cf0da94eb7453e6f40e061144f1527c7feb85 0.0s done
#17 exporting config sha256:64b668b30278cb462cc245a0821377ac0aa05951e04f8b599d49588055f6e364 0.0s done
#17 sending tarball
#17 ...

#18 importing to docker
#18 loading layer e79ca141f731 557.06kB / 69.79MB
#18 loading layer e79ca141f731 47.91MB / 69.79MB 2.1s
#18 loading layer b309dfef92a5 23.62kB / 23.62kB
#18 loading layer 98574467059d 7.70kB / 7.70kB
#18 loading layer 98ed5a630a82 388B / 388B
#18 loading layer e79ca141f731 69.79MB / 69.79MB 3.8s done
#18 loading layer e852120f7bca 7.87kB / 7.87kB
#18 loading layer b309dfef92a5 23.62kB / 23.62kB 0.2s done
#18 loading layer 98574467059d 7.70kB / 7.70kB 0.2s done
#18 loading layer 98ed5a630a82 388B / 388B 0.1s done
#18 loading layer e852120f7bca 7.87kB / 7.87kB 0.1s done
#18 DONE 3.8s

#17 exporting to docker image format
#17 sending tarball 6.7s done
#17 DONE 12.9s

timeout_seconds: 3600
exit_code: 0
