$ /usr/bin/docker compose --env-file /tmp/openriak-docker-3.4.1-ubuntu-noble-otp26-0ye3tfz1/.env.cluster --project-directory /tmp/openriak-docker-3.4.1-ubuntu-noble-otp26-0ye3tfz1 --file /tmp/openriak-docker-3.4.1-ubuntu-noble-otp26-0ye3tfz1/compose.cluster.test.yaml up --detach --no-build
started: 2026-09-11T09:15:17Z
 Network openriak-kv-341-ubuntu-noble-otp26-node-cluster_openriak  Creating
 Network openriak-kv-341-ubuntu-noble-otp26-node-cluster_openriak  Created
 Container openriak-kv-3.4.1-ubuntu-noble-otp26-node-3-t-002932z  Creating
 Container openriak-kv-3.4.1-ubuntu-noble-otp26-node-1-t-002932z  Creating
 Container openriak-kv-3.4.1-ubuntu-noble-otp26-node-4-t-002932z  Creating
 Container openriak-kv-3.4.1-ubuntu-noble-otp26-node-5-t-002932z  Creating
 Container openriak-kv-3.4.1-ubuntu-noble-otp26-node-2-t-002932z  Creating
 Container openriak-kv-3.4.1-ubuntu-noble-otp26-node-4-t-002932z  Created
 Container openriak-kv-3.4.1-ubuntu-noble-otp26-node-1-t-002932z  Created
 Container openriak-kv-3.4.1-ubuntu-noble-otp26-node-3-t-002932z  Created
 Container openriak-kv-3.4.1-ubuntu-noble-otp26-node-2-t-002932z  Created
 Container openriak-kv-3.4.1-ubuntu-noble-otp26-node-5-t-002932z  Created
 Container openriak-kv-3.4.1-ubuntu-noble-otp26-node-5-t-002932z  Starting
 Container openriak-kv-3.4.1-ubuntu-noble-otp26-node-1-t-002932z  Starting
 Container openriak-kv-3.4.1-ubuntu-noble-otp26-node-3-t-002932z  Starting
 Container openriak-kv-3.4.1-ubuntu-noble-otp26-node-2-t-002932z  Starting
 Container openriak-kv-3.4.1-ubuntu-noble-otp26-node-4-t-002932z  Starting
 Container openriak-kv-3.4.1-ubuntu-noble-otp26-node-5-t-002932z  Started
 Container openriak-kv-3.4.1-ubuntu-noble-otp26-node-3-t-002932z  Started
 Container openriak-kv-3.4.1-ubuntu-noble-otp26-node-1-t-002932z  Started
 Container openriak-kv-3.4.1-ubuntu-noble-otp26-node-2-t-002932z  Started
 Container openriak-kv-3.4.1-ubuntu-noble-otp26-node-4-t-002932z  Started

timeout_seconds: 3600
exit_code: 0
