$ /usr/bin/docker exec openriak-kv-3.4.1-ubuntu-noble-otp26-node-t-002932z sh -c 'date +%z
id -u riak
id -g riak
stat -c '"'"'%u:%g'"'"' /etc/riak /var/lib/riak /var/log/riak'
started: 2026-09-11T09:15:11Z
+0900
19001
19002
19001:19002
19001:19002
19001:19002

timeout_seconds: 3600
exit_code: 0
$ /usr/bin/docker container inspect openriak-kv-3.4.1-ubuntu-noble-otp26-node-t-002932z
started: 2026-09-11T09:15:11Z
[
    {
        "Id": "c5d9997d42f7eebbc017f1499894dc9ed4ef277d9344a11fd5bc0f45d774a446",
        "Created": "2026-09-11T09:14:52.283079473Z",
        "Path": "/usr/local/bin/openriak-entrypoint",
        "Args": [],
        "State": {
            "Status": "running",
            "Running": true,
            "Paused": false,
            "Restarting": false,
            "OOMKilled": false,
            "Dead": false,
            "Pid": 3655185,
            "ExitCode": 0,
            "Error": "",
            "StartedAt": "2026-09-11T09:14:52.317372605Z",
            "FinishedAt": "0001-01-01T00:00:00Z",
            "Health": {
                "Status": "healthy",
                "FailingStreak": 0,
                "Log": [
                    {
                        "Start": "2026-09-11T09:14:57.456279139Z",
                        "End": "2026-09-11T09:14:57.996805616Z",
                        "ExitCode": 0,
                        "Output": "OpenRiak healthcheck passed: BEAM is running and riak ping returned pong\n"
                    },
                    {
                        "Start": "2026-09-11T09:15:07.997564941Z",
                        "End": "2026-09-11T09:15:08.407038273Z",
                        "ExitCode": 0,
                        "Output": "OpenRiak healthcheck passed: BEAM is running and riak ping returned pong\n"
                    }
                ]
            }
        },
        "Image": "sha256:9217db35bb17dba5d140fe03b906443f3bf5ab5a52f805bae09f1e84519ea960",
        "ResolvConfPath": "/var/lib/docker/containers/c5d9997d42f7eebbc017f1499894dc9ed4ef277d9344a11fd5bc0f45d774a446/resolv.conf",
        "HostnamePath": "/var/lib/docker/containers/c5d9997d42f7eebbc017f1499894dc9ed4ef277d9344a11fd5bc0f45d774a446/hostname",
        "HostsPath": "/var/lib/docker/containers/c5d9997d42f7eebbc017f1499894dc9ed4ef277d9344a11fd5bc0f45d774a446/hosts",
        "LogPath": "/var/lib/docker/containers/c5d9997d42f7eebbc017f1499894dc9ed4ef277d9344a11fd5bc0f45d774a446/c5d9997d42f7eebbc017f1499894dc9ed4ef277d9344a11fd5bc0f45d774a446-json.log",
        "Name": "/openriak-kv-3.4.1-ubuntu-noble-otp26-node-t-002932z",
        "RestartCount": 0,
        "Driver": "overlay2",
        "Platform": "linux",
        "MountLabel": "",
        "ProcessLabel": "",
        "AppArmorProfile": "docker-default",
        "ExecIDs": null,
        "HostConfig": {
            "Binds": [
                "/tmp/openriak-docker-3.4.1-ubuntu-noble-otp26-0ye3tfz1/openriak-kv-3.4.1-ubuntu-noble-otp26-node/config:/etc/riak:rw",
                "/tmp/openriak-docker-3.4.1-ubuntu-noble-otp26-0ye3tfz1/openriak-kv-3.4.1-ubuntu-noble-otp26-node/data:/var/lib/riak:rw",
                "/tmp/openriak-docker-3.4.1-ubuntu-noble-otp26-0ye3tfz1/openriak-kv-3.4.1-ubuntu-noble-otp26-node/logs:/var/log/riak:rw"
            ],
            "ContainerIDFile": "",
            "LogConfig": {
                "Type": "json-file",
                "Config": {
                    "max-file": "3",
                    "max-size": "10m"
                }
            },
            "NetworkMode": "openriak-kv-341-ubuntu-noble-otp26-node_openriak",
            "PortBindings": {},
            "RestartPolicy": {
                "Name": "no",
                "MaximumRetryCount": 0
            },
            "AutoRemove": false,
            "VolumeDriver": "",
            "VolumesFrom": null,
            "ConsoleSize": [
                0,
                0
            ],
            "CapAdd": null,
            "CapDrop": null,
            "CgroupnsMode": "private",
            "Dns": null,
            "DnsOptions": null,
            "DnsSearch": null,
            "ExtraHosts": [],
            "GroupAdd": null,
            "IpcMode": "private",
            "Cgroup": "",
            "Links": null,
            "OomScoreAdj": 0,
            "PidMode": "",
            "Privileged": false,
            "PublishAllPorts": false,
            "ReadonlyRootfs": false,
            "SecurityOpt": null,
            "UTSMode": "",
            "UsernsMode": "",
            "ShmSize": 67108864,
            "Runtime": "runc",
            "Isolation": "",
            "CpuShares": 0,
            "Memory": 0,
            "NanoCpus": 0,
            "CgroupParent": "",
            "BlkioWeight": 0,
            "BlkioWeightDevice": null,
            "BlkioDeviceReadBps": null,
            "BlkioDeviceWriteBps": null,
            "BlkioDeviceReadIOps": null,
            "BlkioDeviceWriteIOps": null,
            "CpuPeriod": 0,
            "CpuQuota": 0,
            "CpuRealtimePeriod": 0,
            "CpuRealtimeRuntime": 0,
            "CpusetCpus": "",
            "CpusetMems": "",
            "Devices": null,
            "DeviceCgroupRules": null,
            "DeviceRequests": null,
            "MemoryReservation": 0,
            "MemorySwap": 0,
            "MemorySwappiness": null,
            "OomKillDisable": null,
            "PidsLimit": null,
            "Ulimits": [
                {
                    "Name": "nofile",
                    "Hard": 100000,
                    "Soft": 100000
                }
            ],
            "CpuCount": 0,
            "CpuPercent": 0,
            "IOMaximumIOps": 0,
            "IOMaximumBandwidth": 0,
            "MaskedPaths": [
                "/proc/asound",
                "/proc/acpi",
                "/proc/kcore",
                "/proc/keys",
                "/proc/latency_stats",
                "/proc/timer_list",
                "/proc/timer_stats",
                "/proc/sched_debug",
                "/proc/scsi",
                "/sys/firmware",
                "/sys/devices/virtual/powercap"
            ],
            "ReadonlyPaths": [
                "/proc/bus",
                "/proc/fs",
                "/proc/irq",
                "/proc/sys",
                "/proc/sysrq-trigger"
            ]
        },
        "GraphDriver": {
            "Data": {
                "LowerDir": "/var/lib/docker/overlay2/5eb7d27eb216548a41aea38683b8ea130ecde07f96c2c15964ce495d87596987-init/diff:/var/lib/docker/overlay2/ee362714a1dc91128bfec076926864b96a1566a1acf27197f276f001895fc4f2/diff:/var/lib/docker/overlay2/528223b41d240d858b630f5b78d0183ee9c01cce392ca99500304f95eec1edb3/diff:/var/lib/docker/overlay2/388e3b3e0649210225c0679890b63d2fe61ef1804489eb26c4d2ad3f86a94b8b/diff:/var/lib/docker/overlay2/cb8255a037f474c405c7fa986e1e65b120a95525e5dda734a2903d2f9a12f901/diff:/var/lib/docker/overlay2/65a984a4d29a011e9a38638a1c7d213bc64c307db42e990f08bee8084b8e6625/diff",
                "MergedDir": "/var/lib/docker/overlay2/5eb7d27eb216548a41aea38683b8ea130ecde07f96c2c15964ce495d87596987/merged",
                "UpperDir": "/var/lib/docker/overlay2/5eb7d27eb216548a41aea38683b8ea130ecde07f96c2c15964ce495d87596987/diff",
                "WorkDir": "/var/lib/docker/overlay2/5eb7d27eb216548a41aea38683b8ea130ecde07f96c2c15964ce495d87596987/work"
            },
            "Name": "overlay2"
        },
        "Mounts": [
            {
                "Type": "bind",
                "Source": "/tmp/openriak-docker-3.4.1-ubuntu-noble-otp26-0ye3tfz1/openriak-kv-3.4.1-ubuntu-noble-otp26-node/data",
                "Destination": "/var/lib/riak",
                "Mode": "rw",
                "RW": true,
                "Propagation": "rprivate"
            },
            {
                "Type": "bind",
                "Source": "/tmp/openriak-docker-3.4.1-ubuntu-noble-otp26-0ye3tfz1/openriak-kv-3.4.1-ubuntu-noble-otp26-node/logs",
                "Destination": "/var/log/riak",
                "Mode": "rw",
                "RW": true,
                "Propagation": "rprivate"
            },
            {
                "Type": "bind",
                "Source": "/tmp/openriak-docker-3.4.1-ubuntu-noble-otp26-0ye3tfz1/openriak-kv-3.4.1-ubuntu-noble-otp26-node/config",
                "Destination": "/etc/riak",
                "Mode": "rw",
                "RW": true,
                "Propagation": "rprivate"
            }
        ],
        "Config": {
            "Hostname": "node-01.cluster-a.openriak",
            "Domainname": "",
            "User": "",
            "AttachStdin": false,
            "AttachStdout": true,
            "AttachStderr": true,
            "ExposedPorts": {
                "8087/tcp": {},
                "8098/tcp": {}
            },
            "Tty": false,
            "OpenStdin": false,
            "StdinOnce": false,
            "Env": [
                "RIAK_LOG_MAX_FILE_SIZE=2MB",
                "RIAK_LOG_MAX_FILES=4",
                "RIAK_NODE_HOST=node-01.cluster-a.openriak",
                "RIAK_DISTRIBUTED_COOKIE=openriak-282334c3a281c86aa2bd34da8284a52e",
                "RIAK_MONITOR_INTERVAL_SECONDS=1",
                "TZ=Asia/Tokyo",
                "RIAK_UID=19001",
                "RIAK_GID=19002",
                "PATH=/usr/local/sbin:/usr/local/bin:/usr/sbin:/usr/bin:/sbin:/bin",
                "RIAK_NODE_NAME=",
                "RIAK_RING_SIZE=8",
                "RIAK_STORAGE_BACKEND=leveled",
                "RIAK_ANTI_ENTROPY=passive",
                "RIAK_TICTACAAE_ACTIVE=active",
                "RIAK_TICTACAAE_STOREHEADS=enabled",
                "RIAK_HTTP_LISTENER=0.0.0.0:8098",
                "RIAK_PB_LISTENER=0.0.0.0:8087",
                "RIAK_NOFILE_LIMIT=100000",
                "RIAK_INIT_ONLY=0",
                "RIAK_STARTUP_POLL_SECONDS=1",
                "RIAK_SHUTDOWN_POLL_SECONDS=1",
                "OPENRIAK_CLUSTER_MODE=single",
                "OPENRIAK_CLUSTER_CONTROL_DIR=/var/lib/openriak-cluster-control",
                "OPENRIAK_CLUSTER_POLL_SECONDS=1",
                "OPENRIAK_CLUSTER_WAIT_SECONDS=300",
                "role="
            ],
            "Cmd": null,
            "Healthcheck": {
                "Test": [
                    "CMD",
                    "/usr/local/bin/openriak-healthcheck"
                ],
                "Interval": 10000000000,
                "Timeout": 60000000000,
                "StartPeriod": 120000000000,
                "Retries": 3
            },
            "Image": "tiotjp/openriak-kv:test-3.4.1-ubuntu-noble-otp26-linux-amd64-20260911t090600.002932z",
            "Volumes": {
                "/etc/riak": {},
                "/var/lib/riak": {},
                "/var/log/riak": {}
            },
            "WorkingDir": "/",
            "Entrypoint": [
                "/usr/local/bin/openriak-entrypoint"
            ],
            "OnBuild": null,
            "Labels": {
                "com.docker.compose.config-hash": "677c5f92de9ca6e48132dc2df85cb987ee079bf040b51e7cff30af4dd96d6674",
                "com.docker.compose.container-number": "1",
                "com.docker.compose.depends_on": "",
                "com.docker.compose.image": "sha256:9217db35bb17dba5d140fe03b906443f3bf5ab5a52f805bae09f1e84519ea960",
                "com.docker.compose.oneoff": "False",
                "com.docker.compose.project": "openriak-kv-341-ubuntu-noble-otp26-node",
                "com.docker.compose.project.config_files": "/tmp/openriak-docker-3.4.1-ubuntu-noble-otp26-0ye3tfz1/compose.single.test.yaml",
                "com.docker.compose.project.environment_file": "/tmp/openriak-docker-3.4.1-ubuntu-noble-otp26-0ye3tfz1/.env.single",
                "com.docker.compose.project.working_dir": "/tmp/openriak-docker-3.4.1-ubuntu-noble-otp26-0ye3tfz1",
                "com.docker.compose.service": "node",
                "com.docker.compose.version": "2.29.1",
                "org.opencontainers.image.description": "Package-backed OpenRiak KV with single-node and cluster startup support",
                "org.opencontainers.image.source": "https://github.com/TI-Tokyo/openriak-docs",
                "org.opencontainers.image.title": "OpenRiak KV",
                "org.opencontainers.image.url": "https://www.tiot.jp/",
                "org.opencontainers.image.vendor": "TI Tokyo",
                "org.opencontainers.image.version": "3.4.1",
                "org.openriak.image.tag": "tiotjp/openriak-kv:3.4.1-ubuntu-noble-otp26",
                "org.openriak.os.name": "ubuntu",
                "org.openriak.os.release": "noble",
                "org.openriak.os.version": "24.04",
                "org.openriak.otp.version": "26"
            },
            "StopSignal": "SIGTERM",
            "StopTimeout": 120
        },
        "NetworkSettings": {
            "Bridge": "",
            "SandboxID": "8cac5510054749627cd28bad831f471730d174eba45074003aede6ed4ab69e5b",
            "SandboxKey": "/var/run/docker/netns/8cac55100547",
            "Ports": {
                "8087/tcp": null,
                "8098/tcp": null
            },
            "HairpinMode": false,
            "LinkLocalIPv6Address": "",
            "LinkLocalIPv6PrefixLen": 0,
            "SecondaryIPAddresses": null,
            "SecondaryIPv6Addresses": null,
            "EndpointID": "",
            "Gateway": "",
            "GlobalIPv6Address": "",
            "GlobalIPv6PrefixLen": 0,
            "IPAddress": "",
            "IPPrefixLen": 0,
            "IPv6Gateway": "",
            "MacAddress": "",
            "Networks": {
                "openriak-kv-341-ubuntu-noble-otp26-node_openriak": {
                    "IPAMConfig": {},
                    "Links": null,
                    "Aliases": [
                        "openriak-kv-3.4.1-ubuntu-noble-otp26-node-t-002932z",
                        "node",
                        "node-01.cluster-a.openriak"
                    ],
                    "MacAddress": "02:42:ac:15:00:02",
                    "DriverOpts": null,
                    "NetworkID": "a7dca03c48955f2a6dfae7ff6160a8029a3c8a35d23d5e145c7833c37cef9f32",
                    "EndpointID": "453a70f9b8bac46b3e81b6d69210a3a3e0c4084e250277aa5b2d9ee342363c4f",
                    "Gateway": "172.21.0.1",
                    "IPAddress": "172.21.0.2",
                    "IPPrefixLen": 16,
                    "IPv6Gateway": "",
                    "GlobalIPv6Address": "",
                    "GlobalIPv6PrefixLen": 0,
                    "DNSNames": [
                        "openriak-kv-3.4.1-ubuntu-noble-otp26-node-t-002932z",
                        "node",
                        "node-01.cluster-a.openriak",
                        "c5d9997d42f7"
                    ]
                }
            }
        }
    }
]

timeout_seconds: 3600
exit_code: 0
$ /usr/bin/docker exec openriak-kv-3.4.1-ubuntu-noble-otp26-node-t-002932z sh -ec 'test ! -e /usr/bin/perl
test ! -e /usr/bin/python3
test -s /var/lib/dpkg/status
dpkg --compare-versions "$(dpkg-query -W -f='"'"'${Version}'"'"' libc6)" ge '"'"'2.39-0ubuntu8.9'"'"'
test ! -e /bin/tar
test ! -e /usr/bin/tar
'
started: 2026-09-11T09:15:11Z

timeout_seconds: 3600
exit_code: 0
