$ /usr/bin/docker exec openriak-kv-3.4.1-debian-12-otp26-node-4-t-521146z sh -c 'date +%z
id -u riak
id -g riak
stat -c '"'"'%u:%g'"'"' /etc/riak /var/lib/riak /var/log/riak'
started: 2026-09-11T11:39:29Z
+0900
19001
19002
19001:19002
19001:19002
19001:19002

timeout_seconds: 3600
exit_code: 0
$ /usr/bin/docker container inspect openriak-kv-3.4.1-debian-12-otp26-node-4-t-521146z
started: 2026-09-11T11:39:29Z
[
    {
        "Id": "7d8f4589fc91d411454bd078d87149ef7ebbf6b55ce468d2174b6ed6fdb75c42",
        "Created": "2026-09-11T11:35:10.286079052Z",
        "Path": "/usr/local/bin/openriak-entrypoint",
        "Args": [],
        "State": {
            "Status": "running",
            "Running": true,
            "Paused": false,
            "Restarting": false,
            "OOMKilled": false,
            "Dead": false,
            "Pid": 57437,
            "ExitCode": 0,
            "Error": "",
            "StartedAt": "2026-09-11T11:35:10.661643031Z",
            "FinishedAt": "0001-01-01T00:00:00Z",
            "Health": {
                "Status": "healthy",
                "FailingStreak": 0,
                "Log": [
                    {
                        "Start": "2026-09-11T11:38:34.878931697Z",
                        "End": "2026-09-11T11:38:35.622151831Z",
                        "ExitCode": 0,
                        "Output": "OpenRiak healthcheck passed: BEAM is running and riak ping returned pong\n"
                    },
                    {
                        "Start": "2026-09-11T11:38:45.624533388Z",
                        "End": "2026-09-11T11:38:46.233679842Z",
                        "ExitCode": 0,
                        "Output": "OpenRiak healthcheck passed: BEAM is running and riak ping returned pong\n"
                    },
                    {
                        "Start": "2026-09-11T11:38:58.210228675Z",
                        "End": "2026-09-11T11:38:58.718475987Z",
                        "ExitCode": 0,
                        "Output": "OpenRiak healthcheck passed: BEAM is running and riak ping returned pong\n"
                    },
                    {
                        "Start": "2026-09-11T11:39:08.720894181Z",
                        "End": "2026-09-11T11:39:09.420613843Z",
                        "ExitCode": 0,
                        "Output": "OpenRiak healthcheck passed: BEAM is running and riak ping returned pong\n"
                    },
                    {
                        "Start": "2026-09-11T11:39:19.422777741Z",
                        "End": "2026-09-11T11:39:20.407367687Z",
                        "ExitCode": 0,
                        "Output": "OpenRiak healthcheck passed: BEAM is running and riak ping returned pong\n"
                    }
                ]
            }
        },
        "Image": "sha256:283a43a6f4ecac8933fbc2820f5df8fbcfbf71ef1798b21cb1786ba6ab5f2e3e",
        "ResolvConfPath": "/var/lib/docker/containers/7d8f4589fc91d411454bd078d87149ef7ebbf6b55ce468d2174b6ed6fdb75c42/resolv.conf",
        "HostnamePath": "/var/lib/docker/containers/7d8f4589fc91d411454bd078d87149ef7ebbf6b55ce468d2174b6ed6fdb75c42/hostname",
        "HostsPath": "/var/lib/docker/containers/7d8f4589fc91d411454bd078d87149ef7ebbf6b55ce468d2174b6ed6fdb75c42/hosts",
        "LogPath": "/var/lib/docker/containers/7d8f4589fc91d411454bd078d87149ef7ebbf6b55ce468d2174b6ed6fdb75c42/7d8f4589fc91d411454bd078d87149ef7ebbf6b55ce468d2174b6ed6fdb75c42-json.log",
        "Name": "/openriak-kv-3.4.1-debian-12-otp26-node-4-t-521146z",
        "RestartCount": 0,
        "Driver": "overlay2",
        "Platform": "linux",
        "MountLabel": "",
        "ProcessLabel": "",
        "AppArmorProfile": "",
        "ExecIDs": null,
        "HostConfig": {
            "Binds": [
                "/tmp/openriak-docker-3.4.1-debian-12-otp26-rvlyt5cj/openriak-kv-3.4.1-debian-12-otp26-node-4/config:/etc/riak:rw",
                "/tmp/openriak-docker-3.4.1-debian-12-otp26-rvlyt5cj/openriak-kv-3.4.1-debian-12-otp26-node-4/data:/var/lib/riak:rw",
                "/tmp/openriak-docker-3.4.1-debian-12-otp26-rvlyt5cj/openriak-kv-3.4.1-debian-12-otp26-node-4/logs:/var/log/riak:rw",
                "/tmp/openriak-docker-3.4.1-debian-12-otp26-rvlyt5cj/openriak-kv-3.4.1-debian-12-otp26-node-cluster-control:/var/lib/openriak-cluster-control:rw"
            ],
            "ContainerIDFile": "",
            "LogConfig": {
                "Type": "json-file",
                "Config": {
                    "max-file": "3",
                    "max-size": "10m"
                }
            },
            "NetworkMode": "openriak-kv-341-debian-12-otp26-node-cluster_openriak",
            "PortBindings": {},
            "RestartPolicy": {
                "Name": "no",
                "MaximumRetryCount": 0
            },
            "AutoRemove": false,
            "VolumeDriver": "",
            "VolumesFrom": null,
            "ConsoleSize": [
                0,
                0
            ],
            "CapAdd": null,
            "CapDrop": null,
            "CgroupnsMode": "private",
            "Dns": null,
            "DnsOptions": null,
            "DnsSearch": null,
            "ExtraHosts": [],
            "GroupAdd": null,
            "IpcMode": "private",
            "Cgroup": "",
            "Links": null,
            "OomScoreAdj": 0,
            "PidMode": "",
            "Privileged": false,
            "PublishAllPorts": false,
            "ReadonlyRootfs": false,
            "SecurityOpt": null,
            "UTSMode": "",
            "UsernsMode": "",
            "ShmSize": 67108864,
            "Runtime": "runc",
            "Isolation": "",
            "CpuShares": 0,
            "Memory": 0,
            "NanoCpus": 0,
            "CgroupParent": "",
            "BlkioWeight": 0,
            "BlkioWeightDevice": null,
            "BlkioDeviceReadBps": null,
            "BlkioDeviceWriteBps": null,
            "BlkioDeviceReadIOps": null,
            "BlkioDeviceWriteIOps": null,
            "CpuPeriod": 0,
            "CpuQuota": 0,
            "CpuRealtimePeriod": 0,
            "CpuRealtimeRuntime": 0,
            "CpusetCpus": "",
            "CpusetMems": "",
            "Devices": null,
            "DeviceCgroupRules": null,
            "DeviceRequests": null,
            "MemoryReservation": 0,
            "MemorySwap": 0,
            "MemorySwappiness": null,
            "OomKillDisable": null,
            "PidsLimit": null,
            "Ulimits": [
                {
                    "Name": "nofile",
                    "Hard": 100000,
                    "Soft": 100000
                }
            ],
            "CpuCount": 0,
            "CpuPercent": 0,
            "IOMaximumIOps": 0,
            "IOMaximumBandwidth": 0,
            "MaskedPaths": [
                "/proc/acpi",
                "/proc/asound",
                "/proc/interrupts",
                "/proc/kcore",
                "/proc/keys",
                "/proc/latency_stats",
                "/proc/sched_debug",
                "/proc/scsi",
                "/proc/timer_list",
                "/proc/timer_stats",
                "/sys/devices/virtual/powercap",
                "/sys/firmware"
            ],
            "ReadonlyPaths": [
                "/proc/bus",
                "/proc/fs",
                "/proc/irq",
                "/proc/sys",
                "/proc/sysrq-trigger"
            ]
        },
        "GraphDriver": {
            "Data": {
                "ID": "7d8f4589fc91d411454bd078d87149ef7ebbf6b55ce468d2174b6ed6fdb75c42",
                "LowerDir": "/var/lib/docker/overlay2/fd798228fb801a4b7e215569bbac4dab48950682bca50087ebb886114807a74f-init/diff:/var/lib/docker/overlay2/58a8e94d15f0fdeb8b1ac8b042222e49c78288314d30584d66337939c10e45f6/diff:/var/lib/docker/overlay2/f6db6f9f945fc77d75e5752597b81ae59cf304743d11ccfdc0969d462e03239b/diff:/var/lib/docker/overlay2/8cb56a456b313eba590b6b560d4c078d2be15bedcf8c3cac7c9bd77e5fe12830/diff:/var/lib/docker/overlay2/89936322bced58cd3fb96c4349d5e43c359f83cb6e07c3a4358d6bd04d23b534/diff:/var/lib/docker/overlay2/df8d967c09f15a624ecd042bdf70999fe51afe0544dfed25f628ca389f9b2749/diff",
                "MergedDir": "/var/lib/docker/overlay2/fd798228fb801a4b7e215569bbac4dab48950682bca50087ebb886114807a74f/merged",
                "UpperDir": "/var/lib/docker/overlay2/fd798228fb801a4b7e215569bbac4dab48950682bca50087ebb886114807a74f/diff",
                "WorkDir": "/var/lib/docker/overlay2/fd798228fb801a4b7e215569bbac4dab48950682bca50087ebb886114807a74f/work"
            },
            "Name": "overlay2"
        },
        "Mounts": [
            {
                "Type": "bind",
                "Source": "/tmp/openriak-docker-3.4.1-debian-12-otp26-rvlyt5cj/openriak-kv-3.4.1-debian-12-otp26-node-4/data",
                "Destination": "/var/lib/riak",
                "Mode": "rw",
                "RW": true,
                "Propagation": "rprivate"
            },
            {
                "Type": "bind",
                "Source": "/tmp/openriak-docker-3.4.1-debian-12-otp26-rvlyt5cj/openriak-kv-3.4.1-debian-12-otp26-node-4/logs",
                "Destination": "/var/log/riak",
                "Mode": "rw",
                "RW": true,
                "Propagation": "rprivate"
            },
            {
                "Type": "bind",
                "Source": "/tmp/openriak-docker-3.4.1-debian-12-otp26-rvlyt5cj/openriak-kv-3.4.1-debian-12-otp26-node-cluster-control",
                "Destination": "/var/lib/openriak-cluster-control",
                "Mode": "rw",
                "RW": true,
                "Propagation": "rprivate"
            },
            {
                "Type": "bind",
                "Source": "/tmp/openriak-docker-3.4.1-debian-12-otp26-rvlyt5cj/openriak-kv-3.4.1-debian-12-otp26-node-4/config",
                "Destination": "/etc/riak",
                "Mode": "rw",
                "RW": true,
                "Propagation": "rprivate"
            }
        ],
        "Config": {
            "Hostname": "node-04.cluster-a.openriak",
            "Domainname": "",
            "User": "",
            "AttachStdin": false,
            "AttachStdout": true,
            "AttachStderr": true,
            "ExposedPorts": {
                "8087/tcp": {},
                "8098/tcp": {}
            },
            "Tty": false,
            "OpenStdin": false,
            "StdinOnce": false,
            "Env": [
                "RIAK_UID=19001",
                "RIAK_DISTRIBUTED_COOKIE=openriak-b8f3bac614bd5ba0db3383390b892e00",
                "OPENRIAK_CLUSTER_MODE=cluster",
                "TZ=Asia/Tokyo",
                "OPENRIAK_CLUSTER_WAIT_SECONDS=3600",
                "RIAK_LOG_MAX_FILES=4",
                "RIAK_NODE_HOST=node-04.cluster-a.openriak",
                "RIAK_LOG_MAX_FILE_SIZE=2MB",
                "OPENRIAK_CLUSTER_POLL_SECONDS=1",
                "RIAK_GID=19002",
                "RIAK_MONITOR_INTERVAL_SECONDS=1",
                "PATH=/usr/local/sbin:/usr/local/bin:/usr/sbin:/usr/bin:/sbin:/bin",
                "RIAK_NODE_NAME=",
                "RIAK_RING_SIZE=8",
                "RIAK_STORAGE_BACKEND=leveled",
                "RIAK_ANTI_ENTROPY=passive",
                "RIAK_TICTACAAE_ACTIVE=active",
                "RIAK_TICTACAAE_STOREHEADS=enabled",
                "RIAK_HTTP_LISTENER=0.0.0.0:8098",
                "RIAK_PB_LISTENER=0.0.0.0:8087",
                "RIAK_NOFILE_LIMIT=100000",
                "RIAK_INIT_ONLY=0",
                "RIAK_STARTUP_POLL_SECONDS=1",
                "RIAK_SHUTDOWN_POLL_SECONDS=1",
                "OPENRIAK_CLUSTER_CONTROL_DIR=/var/lib/openriak-cluster-control",
                "role="
            ],
            "Cmd": null,
            "Healthcheck": {
                "Test": [
                    "CMD",
                    "/usr/local/bin/openriak-healthcheck"
                ],
                "Interval": 10000000000,
                "Timeout": 60000000000,
                "StartPeriod": 120000000000,
                "Retries": 3
            },
            "Image": "tiotjp/openriak-kv:test-3.4.1-debian-12-otp26-linux-amd64-20260911t113403.521146z",
            "Volumes": {
                "/etc/riak": {},
                "/var/lib/riak": {},
                "/var/log/riak": {}
            },
            "WorkingDir": "/",
            "Entrypoint": [
                "/usr/local/bin/openriak-entrypoint"
            ],
            "Labels": {
                "com.docker.compose.config-hash": "c87aafa48c61fa06e2a4b04e34b517bb7e9d730c95cc57487b17a48899763a49",
                "com.docker.compose.container-number": "1",
                "com.docker.compose.depends_on": "",
                "com.docker.compose.image": "sha256:283a43a6f4ecac8933fbc2820f5df8fbcfbf71ef1798b21cb1786ba6ab5f2e3e",
                "com.docker.compose.oneoff": "False",
                "com.docker.compose.project": "openriak-kv-341-debian-12-otp26-node-cluster",
                "com.docker.compose.project.config_files": "/tmp/openriak-docker-3.4.1-debian-12-otp26-rvlyt5cj/compose.cluster.test.yaml",
                "com.docker.compose.project.environment_file": "/tmp/openriak-docker-3.4.1-debian-12-otp26-rvlyt5cj/.env.cluster",
                "com.docker.compose.project.working_dir": "/tmp/openriak-docker-3.4.1-debian-12-otp26-rvlyt5cj",
                "com.docker.compose.service": "node4",
                "com.docker.compose.version": "5.4.0",
                "desktop.docker.io/wsl-distro": "Ubuntu",
                "org.opencontainers.image.description": "Package-backed OpenRiak KV with single-node and cluster startup support",
                "org.opencontainers.image.source": "https://github.com/TI-Tokyo/openriak-docs",
                "org.opencontainers.image.title": "OpenRiak KV",
                "org.opencontainers.image.url": "https://www.tiot.jp/",
                "org.opencontainers.image.vendor": "TI Tokyo",
                "org.opencontainers.image.version": "3.4.1",
                "org.openriak.image.tag": "tiotjp/openriak-kv:3.4.1-debian-12-otp26",
                "org.openriak.os.name": "debian",
                "org.openriak.os.release": "12",
                "org.openriak.os.version": "12",
                "org.openriak.otp.version": "26"
            },
            "StopSignal": "SIGTERM",
            "StopTimeout": 120
        },
        "NetworkSettings": {
            "SandboxID": "100f7c4fe8a372fdf972ea17f1add805a8f1c740ba24386a9d7b2fc68bded1ba",
            "SandboxKey": "/var/run/docker/netns/100f7c4fe8a3",
            "Ports": {
                "8087/tcp": null,
                "8098/tcp": null
            },
            "Networks": {
                "openriak-kv-341-debian-12-otp26-node-cluster_openriak": {
                    "IPAMConfig": {},
                    "Links": null,
                    "Aliases": [
                        "openriak-kv-3.4.1-debian-12-otp26-node-4-t-521146z",
                        "node4",
                        "node-04.cluster-a.openriak"
                    ],
                    "DriverOpts": null,
                    "GwPriority": 0,
                    "NetworkID": "7a6916085136f5d77b28d284bd0656d30a7676067f734d5e2f552e7adf879996",
                    "EndpointID": "da218470af4139a6b14bd5f373fb5b4df61fd091588fd05f2770f3f833df7946",
                    "Gateway": "172.25.0.1",
                    "IPAddress": "172.25.0.2",
                    "MacAddress": "b2:58:59:22:bf:a3",
                    "IPPrefixLen": 16,
                    "IPv6Gateway": "",
                    "GlobalIPv6Address": "",
                    "GlobalIPv6PrefixLen": 0,
                    "DNSNames": [
                        "openriak-kv-3.4.1-debian-12-otp26-node-4-t-521146z",
                        "node4",
                        "node-04.cluster-a.openriak",
                        "7d8f4589fc91"
                    ]
                }
            }
        }
    }
]

timeout_seconds: 3600
exit_code: 0
$ /usr/bin/docker exec openriak-kv-3.4.1-debian-12-otp26-node-4-t-521146z sh -ec 'test ! -e /usr/bin/perl
test ! -e /usr/bin/python3
test -s /var/lib/dpkg/status
test ! -e /bin/tar
test ! -e /usr/bin/tar
test ! -e /usr/local/bin/tar
test -s /usr/share/openriak-build/libblkid-packages.txt
dpkg --compare-versions "$(dpkg-query -W -f='"'"'${Version}'"'"' libblkid1)" eq '"'"'2.38.1-5+deb12u3+openriak1'"'"'
test ! -e /usr/bin/gcc
test ! -d /build
test -s /usr/share/openriak-build/openssl-packages.txt
dpkg --compare-versions "$(dpkg-query -W -f='"'"'${Version}'"'"' libssl3)" ge '"'"'3.0.22-0openriak1~deb12u1'"'"'
openssl version
'
started: 2026-09-11T11:39:29Z
OpenSSL 3.0.22 25 Aug 2026 (Library: OpenSSL 3.0.22 25 Aug 2026)

timeout_seconds: 3600
exit_code: 0
