$ /usr/bin/docker compose --env-file /tmp/openriak-docker-3.4.1-debian-12-otp26-rvlyt5cj/.env.cluster --project-directory /tmp/openriak-docker-3.4.1-debian-12-otp26-rvlyt5cj --file /tmp/openriak-docker-3.4.1-debian-12-otp26-rvlyt5cj/compose.cluster.test.yaml up --detach --no-build
started: 2026-09-11T11:35:09Z
 Network openriak-kv-341-debian-12-otp26-node-cluster_openriak Creating 
 Network openriak-kv-341-debian-12-otp26-node-cluster_openriak Creating 
 Network openriak-kv-341-debian-12-otp26-node-cluster_openriak Created 
 Network openriak-kv-341-debian-12-otp26-node-cluster_openriak Created 
 Container openriak-kv-3.4.1-debian-12-otp26-node-5-t-521146z Creating 
 Container openriak-kv-3.4.1-debian-12-otp26-node-2-t-521146z Creating 
 Container openriak-kv-3.4.1-debian-12-otp26-node-4-t-521146z Creating 
 Container openriak-kv-3.4.1-debian-12-otp26-node-1-t-521146z Creating 
 Container openriak-kv-3.4.1-debian-12-otp26-node-3-t-521146z Creating 
 Container openriak-kv-3.4.1-debian-12-otp26-node-5-t-521146z Created 
 Container openriak-kv-3.4.1-debian-12-otp26-node-2-t-521146z Created 
 Container openriak-kv-3.4.1-debian-12-otp26-node-4-t-521146z Created 
 Container openriak-kv-3.4.1-debian-12-otp26-node-1-t-521146z Created 
 Container openriak-kv-3.4.1-debian-12-otp26-node-3-t-521146z Created 
 Container openriak-kv-3.4.1-debian-12-otp26-node-1-t-521146z Starting 
 Container openriak-kv-3.4.1-debian-12-otp26-node-2-t-521146z Starting 
 Container openriak-kv-3.4.1-debian-12-otp26-node-5-t-521146z Starting 
 Container openriak-kv-3.4.1-debian-12-otp26-node-3-t-521146z Starting 
 Container openriak-kv-3.4.1-debian-12-otp26-node-4-t-521146z Starting 
 Container openriak-kv-3.4.1-debian-12-otp26-node-4-t-521146z Started 
 Container openriak-kv-3.4.1-debian-12-otp26-node-1-t-521146z Started 
 Container openriak-kv-3.4.1-debian-12-otp26-node-3-t-521146z Started 
 Container openriak-kv-3.4.1-debian-12-otp26-node-5-t-521146z Started 
 Container openriak-kv-3.4.1-debian-12-otp26-node-2-t-521146z Started 

timeout_seconds: 3600
exit_code: 0
