$ /usr/bin/docker logs openriak-kv-3.4.0-rhel-9-otp26-node-4-t-324558z
started: 2026-09-11T15:17:08Z
2026-09-12T00:13:46+09:00 [openriak-entrypoint] configuration: timezone = Asia/Tokyo
usermod: no changes
2026-09-12T00:13:46+09:00 [openriak-entrypoint] configuration: riak UID/GID = 19001/19002
2026-09-12T00:13:46+09:00 [openriak-entrypoint] configuration: preparing mounted directories
2026-09-12T00:13:46+09:00 [openriak-entrypoint] configuration: seeding /etc/riak from packaged defaults
2026-09-12T00:13:46+09:00 [openriak-entrypoint] configuration: current Docker IPv4 address = 172.19.0.6
2026-09-12T00:13:46+09:00 [openriak-entrypoint] configuration: waiting for coordinator cookie before daemon startup
2026-09-12T00:13:47+09:00 [openriak-entrypoint] configuration: waiting for coordinator cookie before daemon startup
2026-09-12T00:13:48+09:00 [openriak-entrypoint] configuration: waiting for coordinator cookie before daemon startup
2026-09-12T00:13:49+09:00 [openriak-entrypoint] configuration: waiting for coordinator cookie before daemon startup
2026-09-12T00:13:50+09:00 [openriak-entrypoint] configuration: waiting for coordinator cookie before daemon startup
2026-09-12T00:13:51+09:00 [openriak-entrypoint] configuration: waiting for coordinator cookie before daemon startup
2026-09-12T00:13:52+09:00 [openriak-entrypoint] configuration: waiting for coordinator cookie before daemon startup
2026-09-12T00:13:53+09:00 [openriak-entrypoint] configuration: waiting for coordinator cookie before daemon startup
2026-09-12T00:13:54+09:00 [openriak-entrypoint] configuration: waiting for coordinator cookie before daemon startup
2026-09-12T00:13:55+09:00 [openriak-entrypoint] configuration: waiting for coordinator cookie before daemon startup
2026-09-12T00:13:56+09:00 [openriak-entrypoint] configuration: waiting for coordinator cookie before daemon startup
2026-09-12T00:13:57+09:00 [openriak-entrypoint] configuration: waiting for coordinator cookie before daemon startup
2026-09-12T00:13:58+09:00 [openriak-entrypoint] configuration: waiting for coordinator cookie before daemon startup
2026-09-12T00:13:59+09:00 [openriak-entrypoint] configuration: waiting for coordinator cookie before daemon startup
2026-09-12T00:14:00+09:00 [openriak-entrypoint] configuration: waiting for coordinator cookie before daemon startup
2026-09-12T00:14:01+09:00 [openriak-entrypoint] configuration: waiting for coordinator cookie before daemon startup
2026-09-12T00:14:02+09:00 [openriak-entrypoint] configuration: waiting for coordinator cookie before daemon startup
2026-09-12T00:14:03+09:00 [openriak-entrypoint] configuration: waiting for coordinator cookie before daemon startup
2026-09-12T00:14:04+09:00 [openriak-entrypoint] configuration: adopted coordinator cookie before daemon startup
2026-09-12T00:14:04+09:00 [openriak-entrypoint] configuration: nodename = openriak-kv@node-04.cluster-a.openriak
2026-09-12T00:14:04+09:00 [openriak-entrypoint] configuration: distributed_cookie = openriak-07bed2e1ed01c39269062bc160a74047
2026-09-12T00:14:04+09:00 [openriak-entrypoint] configuration: effective distributed cookie = openriak-07bed2e1ed01c39269062bc160a74047
2026-09-12T00:14:04+09:00 [openriak-entrypoint] configuration: ring_size = 8
2026-09-12T00:14:04+09:00 [openriak-entrypoint] configuration: storage_backend = leveled
2026-09-12T00:14:04+09:00 [openriak-entrypoint] configuration: anti_entropy = passive
2026-09-12T00:14:04+09:00 [openriak-entrypoint] configuration: tictacaae_active = active
2026-09-12T00:14:04+09:00 [openriak-entrypoint] configuration: tictacaae_storeheads = enabled
2026-09-12T00:14:04+09:00 [openriak-entrypoint] configuration: listener.http.internal = 0.0.0.0:8098
2026-09-12T00:14:04+09:00 [openriak-entrypoint] configuration: listener.protobuf.internal = 0.0.0.0:8087
2026-09-12T00:14:04+09:00 [openriak-entrypoint] configuration: logger.max_file_size = 2MB
2026-09-12T00:14:04+09:00 [openriak-entrypoint] configuration: logger.max_files = 4
2026-09-12T00:14:04+09:00 [openriak-entrypoint] startup: validating configuration and generating VM arguments
2026-09-12T00:14:10+09:00 [openriak-entrypoint] startup: configuration is valid (config is OK -config /var/lib/riak/generated.conf/app.2026.09.12.00.14.06.config -args_file /var/lib/riak/generated.conf/vm.2026.09.12.00.14.06.args -vm_args /var/lib/riak/generated.conf/vm.2026.09.12.00.14.06.args)
2026-09-12T00:14:10+09:00 [openriak-entrypoint] startup: starting OpenRiak as a daemon
2026-09-12T00:14:23+09:00 [openriak-entrypoint] startup: daemon command completed
2026-09-12T00:14:23+09:00 [openriak-entrypoint] startup: waiting for BEAM and riak ping
2026-09-12T00:14:24+09:00 [openriak-entrypoint] startup: BEAM is running and riak ping returned pong
2026-09-12T00:14:24+09:00 [openriak-entrypoint] startup: waiting for the riak_kv service
2026-09-12T00:14:26+09:00 [openriak-entrypoint] startup: waiting for riak_kv (attempt 1, services=[])
2026-09-12T00:14:28+09:00 [openriak-entrypoint] startup: waiting for riak_kv (attempt 2, services=[])
2026-09-12T00:14:31+09:00 [openriak-entrypoint] startup: riak_kv service is up ([riak_kv,riak_pipe,riak_repl])
2026-09-12T00:14:31+09:00 [openriak-entrypoint] startup: waiting for Riak transfers to complete
2026-09-12T00:14:33+09:00 [openriak-entrypoint] startup: transfers complete (No transfers active Active Transfers: ok)
2026-09-12T00:14:33+09:00 [openriak-entrypoint] cluster: Role: Follower
2026-09-12T00:14:36+09:00 [openriak-entrypoint] cluster: announced openriak-kv@node-04.cluster-a.openriak at 172.19.0.6 to coordinator openriak-kv@node-01.cluster-a.openriak (080b3c6f55edf2e2)
2026-09-12T00:14:36+09:00 [openriak-entrypoint] cluster: follower waiting for coordinator approval (1s/3600s)
2026-09-12T00:14:37+09:00 [openriak-entrypoint] cluster: follower waiting for coordinator approval (2s/3600s)
2026-09-12T00:14:38+09:00 [openriak-entrypoint] cluster: join approved by openriak-kv@node-01.cluster-a.openriak (080b3c6f55edf2e2)
2026-09-12T00:14:39+09:00 [openriak-entrypoint] cluster: join: Success: staged join request for 'openriak-kv@node-04.cluster-a.openriak' to 'openriak-kv@node-01.cluster-a.openriak'
2026-09-12T00:14:39+09:00 [openriak-entrypoint] cluster: join: ok
2026-09-12T00:14:39+09:00 [openriak-entrypoint] cluster: join request accepted; waiting for plan and commit
2026-09-12T00:14:41+09:00 [openriak-entrypoint] cluster: waiting for the ring to become ready
2026-09-12T00:14:43+09:00 [openriak-entrypoint] cluster: ring is ready (TRUE All nodes agree on the ring ['openriak-kv@node-01.cluster-a.openriak', 'openriak-kv@node-02.cluster-a.openriak', 'openriak-kv@node-03.cluster-a.openriak', 'openriak-kv@node-04.cluster-a.openriak', 'openriak-kv@node-05.cluster-a.openriak'] ok)
2026-09-12T00:14:43+09:00 [openriak-entrypoint] startup: waiting for Riak transfers to complete
2026-09-12T00:14:44+09:00 [openriak-entrypoint] startup: waiting for transfers (attempt 1, transfers='openriak-kv@node-05.cluster-a.openriak' waiting to handoff 8 partitions 'openriak-kv@node-04.cluster-a.openriak' waiting to handoff 8 partitions 'openriak-kv@node-03.cluster-a.openriak' waiting to handoff 8 partitions 'openriak-kv@node-02.cluster-a.openriak' waiting to handoff 8 partitions Active Transfers: ok)
2026-09-12T00:14:48+09:00 [openriak-entrypoint] startup: waiting for transfers (attempt 2, transfers='openriak-kv@node-05.cluster-a.openriak' waiting to handoff 8 partitions 'openriak-kv@node-04.cluster-a.openriak' waiting to handoff 8 partitions 'openriak-kv@node-03.cluster-a.openriak' waiting to handoff 8 partitions 'openriak-kv@node-02.cluster-a.openriak' waiting to handoff 8 partitions Active Transfers: ok)
2026-09-12T00:14:51+09:00 [openriak-entrypoint] startup: waiting for transfers (attempt 3, transfers='openriak-kv@node-05.cluster-a.openriak' waiting to handoff 8 partitions 'openriak-kv@node-04.cluster-a.openriak' waiting to handoff 8 partitions 'openriak-kv@node-03.cluster-a.openriak' waiting to handoff 8 partitions 'openriak-kv@node-02.cluster-a.openriak' waiting to handoff 8 partitions Active Transfers: ok)
2026-09-12T00:14:54+09:00 [openriak-entrypoint] startup: waiting for transfers (attempt 4, transfers='openriak-kv@node-05.cluster-a.openriak' waiting to handoff 8 partitions 'openriak-kv@node-04.cluster-a.openriak' waiting to handoff 8 partitions 'openriak-kv@node-03.cluster-a.openriak' waiting to handoff 8 partitions 'openriak-kv@node-02.cluster-a.openriak' waiting to handoff 8 partitions 'openriak-kv@node-01.cluster-a.openriak' does not have 6 primary partitions running Active Transfers: ok)
2026-09-12T00:14:56+09:00 [openriak-entrypoint] startup: waiting for transfers (attempt 5, transfers='openriak-kv@node-05.cluster-a.openriak' waiting to handoff 8 partitions 'openriak-kv@node-04.cluster-a.openriak' waiting to handoff 8 partitions 'openriak-kv@node-03.cluster-a.openriak' waiting to handoff 8 partitions 'openriak-kv@node-02.cluster-a.openriak' waiting to handoff 8 partitions 'openriak-kv@node-01.cluster-a.openriak' does not have 6 primary partitions running Active Transfers: ok)
2026-09-12T00:14:59+09:00 [openriak-entrypoint] startup: waiting for transfers (attempt 6, transfers='openriak-kv@node-05.cluster-a.openriak' waiting to handoff 7 partitions 'openriak-kv@node-04.cluster-a.openriak' waiting to handoff 7 partitions 'openriak-kv@node-03.cluster-a.openriak' waiting to handoff 6 partitions 'openriak-kv@node-02.cluster-a.openriak' waiting to handoff 6 partitions Active Transfers: ok)
2026-09-12T00:15:02+09:00 [openriak-entrypoint] startup: waiting for transfers (attempt 7, transfers='openriak-kv@node-05.cluster-a.openriak' waiting to handoff 7 partitions 'openriak-kv@node-04.cluster-a.openriak' waiting to handoff 7 partitions 'openriak-kv@node-03.cluster-a.openriak' waiting to handoff 6 partitions 'openriak-kv@node-02.cluster-a.openriak' waiting to handoff 6 partitions Active Transfers: ok)
2026-09-12T00:15:04+09:00 [openriak-entrypoint] startup: waiting for transfers (attempt 8, transfers='openriak-kv@node-05.cluster-a.openriak' waiting to handoff 7 partitions 'openriak-kv@node-04.cluster-a.openriak' waiting to handoff 7 partitions 'openriak-kv@node-03.cluster-a.openriak' waiting to handoff 6 partitions 'openriak-kv@node-02.cluster-a.openriak' waiting to handoff 6 partitions Active Transfers: ok)
2026-09-12T00:15:06+09:00 [openriak-entrypoint] startup: waiting for transfers (attempt 9, transfers='openriak-kv@node-05.cluster-a.openriak' waiting to handoff 7 partitions 'openriak-kv@node-04.cluster-a.openriak' waiting to handoff 7 partitions 'openriak-kv@node-03.cluster-a.openriak' waiting to handoff 6 partitions 'openriak-kv@node-02.cluster-a.openriak' waiting to handoff 6 partitions Active Transfers: ok)
2026-09-12T00:15:09+09:00 [openriak-entrypoint] startup: waiting for transfers (attempt 10, transfers='openriak-kv@node-05.cluster-a.openriak' waiting to handoff 7 partitions 'openriak-kv@node-04.cluster-a.openriak' waiting to handoff 7 partitions 'openriak-kv@node-03.cluster-a.openriak' waiting to handoff 6 partitions 'openriak-kv@node-02.cluster-a.openriak' waiting to handoff 6 partitions Active Transfers: ok)
2026-09-12T00:15:12+09:00 [openriak-entrypoint] startup: waiting for transfers (attempt 11, transfers='openriak-kv@node-05.cluster-a.openriak' waiting to handoff 7 partitions 'openriak-kv@node-04.cluster-a.openriak' waiting to handoff 7 partitions 'openriak-kv@node-03.cluster-a.openriak' waiting to handoff 6 partitions 'openriak-kv@node-02.cluster-a.openriak' waiting to handoff 6 partitions Active Transfers: ok)
2026-09-12T00:15:14+09:00 [openriak-entrypoint] startup: waiting for transfers (attempt 12, transfers='openriak-kv@node-05.cluster-a.openriak' waiting to handoff 7 partitions 'openriak-kv@node-04.cluster-a.openriak' waiting to handoff 7 partitions 'openriak-kv@node-03.cluster-a.openriak' waiting to handoff 6 partitions 'openriak-kv@node-02.cluster-a.openriak' waiting to handoff 6 partitions Active Transfers: ok)
2026-09-12T00:15:16+09:00 [openriak-entrypoint] startup: waiting for transfers (attempt 13, transfers='openriak-kv@node-05.cluster-a.openriak' waiting to handoff 7 partitions 'openriak-kv@node-04.cluster-a.openriak' waiting to handoff 7 partitions 'openriak-kv@node-03.cluster-a.openriak' waiting to handoff 6 partitions 'openriak-kv@node-02.cluster-a.openriak' waiting to handoff 6 partitions Active Transfers: ok)
2026-09-12T00:15:18+09:00 [openriak-entrypoint] startup: waiting for transfers (attempt 14, transfers='openriak-kv@node-05.cluster-a.openriak' waiting to handoff 7 partitions 'openriak-kv@node-04.cluster-a.openriak' waiting to handoff 7 partitions 'openriak-kv@node-03.cluster-a.openriak' waiting to handoff 6 partitions 'openriak-kv@node-02.cluster-a.openriak' waiting to handoff 6 partitions Active Transfers: ok)
2026-09-12T00:15:21+09:00 [openriak-entrypoint] startup: waiting for transfers (attempt 15, transfers='openriak-kv@node-05.cluster-a.openriak' waiting to handoff 7 partitions 'openriak-kv@node-04.cluster-a.openriak' waiting to handoff 7 partitions 'openriak-kv@node-03.cluster-a.openriak' waiting to handoff 6 partitions 'openriak-kv@node-02.cluster-a.openriak' waiting to handoff 6 partitions Active Transfers: ok)
2026-09-12T00:15:24+09:00 [openriak-entrypoint] startup: waiting for transfers (attempt 16, transfers='openriak-kv@node-05.cluster-a.openriak' waiting to handoff 7 partitions 'openriak-kv@node-04.cluster-a.openriak' waiting to handoff 7 partitions 'openriak-kv@node-03.cluster-a.openriak' waiting to handoff 6 partitions 'openriak-kv@node-02.cluster-a.openriak' waiting to handoff 6 partitions Active Transfers: ok)
2026-09-12T00:15:27+09:00 [openriak-entrypoint] startup: waiting for transfers (attempt 17, transfers='openriak-kv@node-05.cluster-a.openriak' waiting to handoff 7 partitions 'openriak-kv@node-04.cluster-a.openriak' waiting to handoff 7 partitions 'openriak-kv@node-03.cluster-a.openriak' waiting to handoff 6 partitions 'openriak-kv@node-02.cluster-a.openriak' waiting to handoff 6 partitions Active Transfers: ok)
2026-09-12T00:15:29+09:00 [openriak-entrypoint] startup: waiting for transfers (attempt 18, transfers='openriak-kv@node-05.cluster-a.openriak' waiting to handoff 7 partitions 'openriak-kv@node-04.cluster-a.openriak' waiting to handoff 7 partitions 'openriak-kv@node-03.cluster-a.openriak' waiting to handoff 6 partitions 'openriak-kv@node-02.cluster-a.openriak' waiting to handoff 6 partitions Active Transfers: ok)
2026-09-12T00:15:32+09:00 [openriak-entrypoint] startup: waiting for transfers (attempt 19, transfers='openriak-kv@node-05.cluster-a.openriak' waiting to handoff 7 partitions 'openriak-kv@node-04.cluster-a.openriak' waiting to handoff 7 partitions 'openriak-kv@node-03.cluster-a.openriak' waiting to handoff 6 partitions 'openriak-kv@node-02.cluster-a.openriak' waiting to handoff 6 partitions Active Transfers: ok)
2026-09-12T00:15:35+09:00 [openriak-entrypoint] startup: waiting for transfers (attempt 20, transfers='openriak-kv@node-05.cluster-a.openriak' waiting to handoff 7 partitions 'openriak-kv@node-04.cluster-a.openriak' waiting to handoff 7 partitions 'openriak-kv@node-03.cluster-a.openriak' waiting to handoff 6 partitions 'openriak-kv@node-02.cluster-a.openriak' waiting to handoff 6 partitions Active Transfers: ok)
2026-09-12T00:15:36+09:00 [openriak-entrypoint] startup: waiting for transfers (attempt 21, transfers='openriak-kv@node-05.cluster-a.openriak' waiting to handoff 7 partitions 'openriak-kv@node-04.cluster-a.openriak' waiting to handoff 7 partitions 'openriak-kv@node-03.cluster-a.openriak' waiting to handoff 6 partitions 'openriak-kv@node-02.cluster-a.openriak' waiting to handoff 6 partitions Active Transfers: ok)
2026-09-12T00:15:39+09:00 [openriak-entrypoint] startup: waiting for transfers (attempt 22, transfers='openriak-kv@node-05.cluster-a.openriak' waiting to handoff 7 partitions 'openriak-kv@node-04.cluster-a.openriak' waiting to handoff 7 partitions 'openriak-kv@node-03.cluster-a.openriak' waiting to handoff 6 partitions 'openriak-kv@node-02.cluster-a.openriak' waiting to handoff 6 partitions Active Transfers: ok)
2026-09-12T00:15:41+09:00 [openriak-entrypoint] startup: waiting for transfers (attempt 23, transfers='openriak-kv@node-05.cluster-a.openriak' waiting to handoff 7 partitions 'openriak-kv@node-04.cluster-a.openriak' waiting to handoff 7 partitions 'openriak-kv@node-03.cluster-a.openriak' waiting to handoff 6 partitions 'openriak-kv@node-02.cluster-a.openriak' waiting to handoff 6 partitions Active Transfers: ok)
2026-09-12T00:15:45+09:00 [openriak-entrypoint] startup: waiting for transfers (attempt 24, transfers='openriak-kv@node-05.cluster-a.openriak' waiting to handoff 7 partitions 'openriak-kv@node-04.cluster-a.openriak' waiting to handoff 6 partitions 'openriak-kv@node-03.cluster-a.openriak' waiting to handoff 6 partitions 'openriak-kv@node-02.cluster-a.openriak' waiting to handoff 6 partitions Active Transfers: ok)
2026-09-12T00:15:48+09:00 [openriak-entrypoint] startup: waiting for transfers (attempt 25, transfers='openriak-kv@node-05.cluster-a.openriak' waiting to handoff 6 partitions 'openriak-kv@node-04.cluster-a.openriak' waiting to handoff 6 partitions 'openriak-kv@node-03.cluster-a.openriak' waiting to handoff 6 partitions 'openriak-kv@node-02.cluster-a.openriak' waiting to handoff 6 partitions Active Transfers: ok)
2026-09-12T00:15:50+09:00 [openriak-entrypoint] startup: waiting for transfers (attempt 26, transfers='openriak-kv@node-05.cluster-a.openriak' waiting to handoff 6 partitions 'openriak-kv@node-04.cluster-a.openriak' waiting to handoff 6 partitions 'openriak-kv@node-03.cluster-a.openriak' waiting to handoff 5 partitions 'openriak-kv@node-02.cluster-a.openriak' waiting to handoff 6 partitions Active Transfers: ok)
2026-09-12T00:15:53+09:00 [openriak-entrypoint] startup: waiting for transfers (attempt 27, transfers='openriak-kv@node-05.cluster-a.openriak' waiting to handoff 5 partitions 'openriak-kv@node-04.cluster-a.openriak' waiting to handoff 6 partitions 'openriak-kv@node-03.cluster-a.openriak' waiting to handoff 5 partitions 'openriak-kv@node-02.cluster-a.openriak' waiting to handoff 6 partitions Active Transfers: ok)
2026-09-12T00:15:56+09:00 [openriak-entrypoint] startup: waiting for transfers (attempt 28, transfers='openriak-kv@node-05.cluster-a.openriak' waiting to handoff 5 partitions 'openriak-kv@node-04.cluster-a.openriak' waiting to handoff 6 partitions 'openriak-kv@node-03.cluster-a.openriak' waiting to handoff 4 partitions 'openriak-kv@node-02.cluster-a.openriak' waiting to handoff 5 partitions Active Transfers: ok)
2026-09-12T00:15:58+09:00 [openriak-entrypoint] startup: waiting for transfers (attempt 29, transfers='openriak-kv@node-05.cluster-a.openriak' waiting to handoff 5 partitions 'openriak-kv@node-04.cluster-a.openriak' waiting to handoff 6 partitions 'openriak-kv@node-03.cluster-a.openriak' waiting to handoff 4 partitions 'openriak-kv@node-02.cluster-a.openriak' waiting to handoff 5 partitions Active Transfers: ok)
2026-09-12T00:16:00+09:00 [openriak-entrypoint] startup: waiting for transfers (attempt 30, transfers='openriak-kv@node-05.cluster-a.openriak' waiting to handoff 5 partitions 'openriak-kv@node-04.cluster-a.openriak' waiting to handoff 6 partitions 'openriak-kv@node-03.cluster-a.openriak' waiting to handoff 3 partitions 'openriak-kv@node-02.cluster-a.openriak' waiting to handoff 5 partitions Active Transfers: ok)
2026-09-12T00:16:02+09:00 [openriak-entrypoint] startup: waiting for transfers (attempt 31, transfers='openriak-kv@node-05.cluster-a.openriak' waiting to handoff 5 partitions 'openriak-kv@node-04.cluster-a.openriak' waiting to handoff 6 partitions 'openriak-kv@node-03.cluster-a.openriak' waiting to handoff 3 partitions 'openriak-kv@node-02.cluster-a.openriak' waiting to handoff 4 partitions Active Transfers: ok)
2026-09-12T00:16:06+09:00 [openriak-entrypoint] startup: waiting for transfers (attempt 32, transfers='openriak-kv@node-05.cluster-a.openriak' waiting to handoff 5 partitions 'openriak-kv@node-04.cluster-a.openriak' waiting to handoff 6 partitions 'openriak-kv@node-03.cluster-a.openriak' waiting to handoff 3 partitions 'openriak-kv@node-02.cluster-a.openriak' waiting to handoff 4 partitions Active Transfers: ok)
2026-09-12T00:16:08+09:00 [openriak-entrypoint] startup: waiting for transfers (attempt 33, transfers='openriak-kv@node-05.cluster-a.openriak' waiting to handoff 5 partitions 'openriak-kv@node-04.cluster-a.openriak' waiting to handoff 4 partitions 'openriak-kv@node-03.cluster-a.openriak' waiting to handoff 2 partitions 'openriak-kv@node-02.cluster-a.openriak' waiting to handoff 4 partitions Active Transfers: ok)
2026-09-12T00:16:10+09:00 [openriak-entrypoint] startup: waiting for transfers (attempt 34, transfers='openriak-kv@node-05.cluster-a.openriak' waiting to handoff 5 partitions 'openriak-kv@node-04.cluster-a.openriak' waiting to handoff 2 partitions 'openriak-kv@node-03.cluster-a.openriak' waiting to handoff 2 partitions 'openriak-kv@node-02.cluster-a.openriak' waiting to handoff 4 partitions Active Transfers: ok)
2026-09-12T00:16:13+09:00 [openriak-entrypoint] startup: waiting for transfers (attempt 35, transfers='openriak-kv@node-05.cluster-a.openriak' waiting to handoff 5 partitions 'openriak-kv@node-04.cluster-a.openriak' waiting to handoff 1 partitions 'openriak-kv@node-03.cluster-a.openriak' waiting to handoff 2 partitions 'openriak-kv@node-02.cluster-a.openriak' waiting to handoff 3 partitions Active Transfers: ok)
2026-09-12T00:16:15+09:00 [openriak-entrypoint] startup: waiting for transfers (attempt 36, transfers='openriak-kv@node-05.cluster-a.openriak' waiting to handoff 5 partitions 'openriak-kv@node-03.cluster-a.openriak' waiting to handoff 1 partitions 'openriak-kv@node-02.cluster-a.openriak' waiting to handoff 3 partitions Active Transfers: ok)
2026-09-12T00:16:18+09:00 [openriak-entrypoint] startup: waiting for transfers (attempt 37, transfers='openriak-kv@node-05.cluster-a.openriak' waiting to handoff 4 partitions 'openriak-kv@node-03.cluster-a.openriak' waiting to handoff 1 partitions 'openriak-kv@node-02.cluster-a.openriak' waiting to handoff 1 partitions Active Transfers: ok)
2026-09-12T00:16:20+09:00 [openriak-entrypoint] startup: waiting for transfers (attempt 38, transfers='openriak-kv@node-05.cluster-a.openriak' waiting to handoff 4 partitions 'openriak-kv@node-03.cluster-a.openriak' waiting to handoff 1 partitions 'openriak-kv@node-02.cluster-a.openriak' waiting to handoff 1 partitions Active Transfers: ok)
2026-09-12T00:16:23+09:00 [openriak-entrypoint] startup: waiting for transfers (attempt 39, transfers='openriak-kv@node-05.cluster-a.openriak' waiting to handoff 4 partitions 'openriak-kv@node-03.cluster-a.openriak' waiting to handoff 1 partitions 'openriak-kv@node-02.cluster-a.openriak' waiting to handoff 1 partitions Active Transfers: ok)
2026-09-12T00:16:25+09:00 [openriak-entrypoint] startup: waiting for transfers (attempt 40, transfers='openriak-kv@node-05.cluster-a.openriak' waiting to handoff 2 partitions 'openriak-kv@node-03.cluster-a.openriak' waiting to handoff 1 partitions Active Transfers: ok)
2026-09-12T00:16:28+09:00 [openriak-entrypoint] startup: waiting for transfers (attempt 41, transfers='openriak-kv@node-05.cluster-a.openriak' waiting to handoff 1 partitions Active Transfers: ok)
2026-09-12T00:16:31+09:00 [openriak-entrypoint] startup: transfers complete (No transfers active Active Transfers: ok)
2026-09-12T00:16:31+09:00 [openriak-entrypoint] cluster: waiting for coordinator completion confirmation
2026-09-12T00:16:31+09:00 [openriak-entrypoint] cluster: coordinator confirmed completion for openriak-kv@node-04.cluster-a.openriak
2026-09-12T00:16:31+09:00 [openriak-entrypoint] cluster: follower joined openriak-kv@node-01.cluster-a.openriak successfully
2026-09-12T00:16:31+09:00 [openriak-entrypoint] startup: OpenRiak is ready
2026-09-12T00:16:31+09:00 [openriak-entrypoint] monitor: sleeping for 1s
2026-09-12T00:16:33+09:00 [openriak-entrypoint] monitor: BEAM is running and riak ping returned pong
2026-09-12T00:16:33+09:00 [openriak-entrypoint] monitor: sleeping for 1s
2026-09-12T00:16:34+09:00 [openriak-entrypoint] monitor: BEAM is running and riak ping returned pong
2026-09-12T00:16:34+09:00 [openriak-entrypoint] monitor: sleeping for 1s
2026-09-12T00:16:36+09:00 [openriak-entrypoint] monitor: BEAM is running and riak ping returned pong
2026-09-12T00:16:36+09:00 [openriak-entrypoint] monitor: sleeping for 1s
2026-09-12T00:16:38+09:00 [openriak-entrypoint] monitor: BEAM is running and riak ping returned pong
2026-09-12T00:16:38+09:00 [openriak-entrypoint] monitor: sleeping for 1s
2026-09-12T00:16:40+09:00 [openriak-entrypoint] monitor: BEAM is running and riak ping returned pong
2026-09-12T00:16:40+09:00 [openriak-entrypoint] monitor: sleeping for 1s
2026-09-12T00:16:42+09:00 [openriak-entrypoint] monitor: BEAM is running and riak ping returned pong
2026-09-12T00:16:42+09:00 [openriak-entrypoint] monitor: sleeping for 1s
2026-09-12T00:16:43+09:00 [openriak-entrypoint] monitor: BEAM is running and riak ping returned pong
2026-09-12T00:16:43+09:00 [openriak-entrypoint] monitor: sleeping for 1s
2026-09-12T00:16:45+09:00 [openriak-entrypoint] monitor: BEAM is running and riak ping returned pong
2026-09-12T00:16:45+09:00 [openriak-entrypoint] monitor: sleeping for 1s
2026-09-12T00:16:46+09:00 [openriak-entrypoint] monitor: BEAM is running and riak ping returned pong
2026-09-12T00:16:46+09:00 [openriak-entrypoint] monitor: sleeping for 1s
2026-09-12T00:16:47+09:00 [openriak-entrypoint] monitor: BEAM is running and riak ping returned pong
2026-09-12T00:16:47+09:00 [openriak-entrypoint] monitor: sleeping for 1s
2026-09-12T00:16:49+09:00 [openriak-entrypoint] monitor: BEAM is running and riak ping returned pong
2026-09-12T00:16:49+09:00 [openriak-entrypoint] monitor: sleeping for 1s
2026-09-12T00:16:52+09:00 [openriak-entrypoint] monitor: BEAM is running and riak ping returned pong
2026-09-12T00:16:52+09:00 [openriak-entrypoint] monitor: sleeping for 1s
2026-09-12T00:16:53+09:00 [openriak-entrypoint] monitor: BEAM is running and riak ping returned pong
2026-09-12T00:16:53+09:00 [openriak-entrypoint] monitor: sleeping for 1s
2026-09-12T00:16:54+09:00 [openriak-entrypoint] monitor: BEAM is running and riak ping returned pong
2026-09-12T00:16:54+09:00 [openriak-entrypoint] monitor: sleeping for 1s
2026-09-12T00:16:56+09:00 [openriak-entrypoint] monitor: BEAM is running and riak ping returned pong
2026-09-12T00:16:56+09:00 [openriak-entrypoint] monitor: sleeping for 1s
2026-09-12T00:16:57+09:00 [openriak-entrypoint] monitor: BEAM is running and riak ping returned pong
2026-09-12T00:16:57+09:00 [openriak-entrypoint] monitor: sleeping for 1s
2026-09-12T00:16:59+09:00 [openriak-entrypoint] monitor: BEAM is running and riak ping returned pong
2026-09-12T00:16:59+09:00 [openriak-entrypoint] monitor: sleeping for 1s
2026-09-12T00:17:01+09:00 [openriak-entrypoint] monitor: BEAM is running and riak ping returned pong
2026-09-12T00:17:01+09:00 [openriak-entrypoint] monitor: sleeping for 1s
2026-09-12T00:17:03+09:00 [openriak-entrypoint] monitor: BEAM is running and riak ping returned pong
2026-09-12T00:17:03+09:00 [openriak-entrypoint] monitor: sleeping for 1s
2026-09-12T00:17:04+09:00 [openriak-entrypoint] monitor: BEAM is running and riak ping returned pong
2026-09-12T00:17:04+09:00 [openriak-entrypoint] monitor: sleeping for 1s
2026-09-12T00:17:06+09:00 [openriak-entrypoint] monitor: BEAM is running and riak ping returned pong
2026-09-12T00:17:06+09:00 [openriak-entrypoint] monitor: sleeping for 1s
2026-09-12T00:17:08+09:00 [openriak-entrypoint] monitor: BEAM is running and riak ping returned pong
2026-09-12T00:17:08+09:00 [openriak-entrypoint] monitor: sleeping for 1s

timeout_seconds: 3600
exit_code: 0
