$ /usr/bin/docker compose --env-file /home/peter/openriak-builds/tmp/openriak-docker-3.4.0-rhel-9-otp26-ft42lkxs/.env.cluster --project-directory /home/peter/openriak-builds/tmp/openriak-docker-3.4.0-rhel-9-otp26-ft42lkxs --file /home/peter/openriak-builds/tmp/openriak-docker-3.4.0-rhel-9-otp26-ft42lkxs/compose.cluster.test.yaml down --remove-orphans --timeout 120
started: 2026-09-11T15:17:19Z
 Container openriak-kv-3.4.0-rhel-9-otp26-node-5-t-324558z  Stopping
 Container openriak-kv-3.4.0-rhel-9-otp26-node-3-t-324558z  Stopping
 Container openriak-kv-3.4.0-rhel-9-otp26-node-2-t-324558z  Stopping
 Container openriak-kv-3.4.0-rhel-9-otp26-node-4-t-324558z  Stopping
 Container openriak-kv-3.4.0-rhel-9-otp26-node-1-t-324558z  Stopping
 Container openriak-kv-3.4.0-rhel-9-otp26-node-5-t-324558z  Stopped
 Container openriak-kv-3.4.0-rhel-9-otp26-node-5-t-324558z  Removing
 Container openriak-kv-3.4.0-rhel-9-otp26-node-2-t-324558z  Stopped
 Container openriak-kv-3.4.0-rhel-9-otp26-node-2-t-324558z  Removing
 Container openriak-kv-3.4.0-rhel-9-otp26-node-4-t-324558z  Stopped
 Container openriak-kv-3.4.0-rhel-9-otp26-node-4-t-324558z  Removing
 Container openriak-kv-3.4.0-rhel-9-otp26-node-1-t-324558z  Stopped
 Container openriak-kv-3.4.0-rhel-9-otp26-node-1-t-324558z  Removing
 Container openriak-kv-3.4.0-rhel-9-otp26-node-3-t-324558z  Stopped
 Container openriak-kv-3.4.0-rhel-9-otp26-node-3-t-324558z  Removing
 Container openriak-kv-3.4.0-rhel-9-otp26-node-5-t-324558z  Removed
 Container openriak-kv-3.4.0-rhel-9-otp26-node-2-t-324558z  Removed
 Container openriak-kv-3.4.0-rhel-9-otp26-node-4-t-324558z  Removed
 Container openriak-kv-3.4.0-rhel-9-otp26-node-1-t-324558z  Removed
 Container openriak-kv-3.4.0-rhel-9-otp26-node-3-t-324558z  Removed
 Network openriak-kv-340-rhel-9-otp26-node-cluster_openriak  Removing
 Network openriak-kv-340-rhel-9-otp26-node-cluster_openriak  Removed

timeout_seconds: 3600
exit_code: 0
