$ /usr/bin/docker compose --env-file /tmp/openriak-docker-3.4.1-alpine-3.21-otp24-g8at9608/.env.cluster --project-directory /tmp/openriak-docker-3.4.1-alpine-3.21-otp24-g8at9608 --file /tmp/openriak-docker-3.4.1-alpine-3.21-otp24-g8at9608/compose.cluster.test.yaml down --remove-orphans --timeout 120
started: 2026-09-11T13:13:34Z
 Container openriak-kv-3.4.1-alpine-3.21-otp24-node-5-t-739292z  Stopping
 Container openriak-kv-3.4.1-alpine-3.21-otp24-node-2-t-739292z  Stopping
 Container openriak-kv-3.4.1-alpine-3.21-otp24-node-3-t-739292z  Stopping
 Container openriak-kv-3.4.1-alpine-3.21-otp24-node-4-t-739292z  Stopping
 Container openriak-kv-3.4.1-alpine-3.21-otp24-node-1-t-739292z  Stopping
 Container openriak-kv-3.4.1-alpine-3.21-otp24-node-4-t-739292z  Stopped
 Container openriak-kv-3.4.1-alpine-3.21-otp24-node-4-t-739292z  Removing
 Container openriak-kv-3.4.1-alpine-3.21-otp24-node-1-t-739292z  Stopped
 Container openriak-kv-3.4.1-alpine-3.21-otp24-node-1-t-739292z  Removing
 Container openriak-kv-3.4.1-alpine-3.21-otp24-node-5-t-739292z  Stopped
 Container openriak-kv-3.4.1-alpine-3.21-otp24-node-5-t-739292z  Removing
 Container openriak-kv-3.4.1-alpine-3.21-otp24-node-3-t-739292z  Stopped
 Container openriak-kv-3.4.1-alpine-3.21-otp24-node-3-t-739292z  Removing
 Container openriak-kv-3.4.1-alpine-3.21-otp24-node-2-t-739292z  Stopped
 Container openriak-kv-3.4.1-alpine-3.21-otp24-node-2-t-739292z  Removing
 Container openriak-kv-3.4.1-alpine-3.21-otp24-node-4-t-739292z  Removed
 Container openriak-kv-3.4.1-alpine-3.21-otp24-node-5-t-739292z  Removed
 Container openriak-kv-3.4.1-alpine-3.21-otp24-node-3-t-739292z  Removed
 Container openriak-kv-3.4.1-alpine-3.21-otp24-node-2-t-739292z  Removed
 Container openriak-kv-3.4.1-alpine-3.21-otp24-node-1-t-739292z  Removed
 Network openriak-kv-341-alpine-321-otp24-node-cluster_openriak  Removing
 Network openriak-kv-341-alpine-321-otp24-node-cluster_openriak  Removed

timeout_seconds: 3600
exit_code: 0
