$ /usr/bin/docker logs openriak-kv-3.4.1-alpine-3.21-otp24-node-5-t-739292z
started: 2026-09-11T13:12:34Z
2026-09-11T21:47:15+09:00 [openriak-entrypoint] configuration: timezone = Asia/Tokyo
usermod: no changes
2026-09-11T21:47:16+09:00 [openriak-entrypoint] configuration: riak UID/GID = 19001/19002
2026-09-11T21:47:16+09:00 [openriak-entrypoint] configuration: preparing mounted directories
2026-09-11T21:47:16+09:00 [openriak-entrypoint] configuration: seeding /etc/riak from packaged defaults
2026-09-11T21:47:17+09:00 [openriak-entrypoint] configuration: current Docker IPv4 address = 172.18.0.2
2026-09-11T21:47:17+09:00 [openriak-entrypoint] configuration: waiting for coordinator cookie before daemon startup
2026-09-11T21:47:18+09:00 [openriak-entrypoint] configuration: waiting for coordinator cookie before daemon startup
2026-09-11T21:47:19+09:00 [openriak-entrypoint] configuration: waiting for coordinator cookie before daemon startup
2026-09-11T21:47:20+09:00 [openriak-entrypoint] configuration: waiting for coordinator cookie before daemon startup
2026-09-11T21:47:21+09:00 [openriak-entrypoint] configuration: waiting for coordinator cookie before daemon startup
2026-09-11T21:47:22+09:00 [openriak-entrypoint] configuration: waiting for coordinator cookie before daemon startup
2026-09-11T21:47:24+09:00 [openriak-entrypoint] configuration: waiting for coordinator cookie before daemon startup
2026-09-11T21:47:25+09:00 [openriak-entrypoint] configuration: waiting for coordinator cookie before daemon startup
2026-09-11T21:47:26+09:00 [openriak-entrypoint] configuration: waiting for coordinator cookie before daemon startup
2026-09-11T21:47:27+09:00 [openriak-entrypoint] configuration: waiting for coordinator cookie before daemon startup
2026-09-11T21:47:28+09:00 [openriak-entrypoint] configuration: waiting for coordinator cookie before daemon startup
2026-09-11T21:47:29+09:00 [openriak-entrypoint] configuration: waiting for coordinator cookie before daemon startup
2026-09-11T21:47:30+09:00 [openriak-entrypoint] configuration: waiting for coordinator cookie before daemon startup
2026-09-11T21:47:31+09:00 [openriak-entrypoint] configuration: waiting for coordinator cookie before daemon startup
2026-09-11T21:47:32+09:00 [openriak-entrypoint] configuration: waiting for coordinator cookie before daemon startup
2026-09-11T21:47:33+09:00 [openriak-entrypoint] configuration: waiting for coordinator cookie before daemon startup
2026-09-11T21:47:34+09:00 [openriak-entrypoint] configuration: waiting for coordinator cookie before daemon startup
2026-09-11T21:47:35+09:00 [openriak-entrypoint] configuration: waiting for coordinator cookie before daemon startup
2026-09-11T21:47:37+09:00 [openriak-entrypoint] configuration: waiting for coordinator cookie before daemon startup
2026-09-11T21:47:38+09:00 [openriak-entrypoint] configuration: waiting for coordinator cookie before daemon startup
2026-09-11T21:47:39+09:00 [openriak-entrypoint] configuration: waiting for coordinator cookie before daemon startup
2026-09-11T21:47:40+09:00 [openriak-entrypoint] configuration: waiting for coordinator cookie before daemon startup
2026-09-11T21:47:41+09:00 [openriak-entrypoint] configuration: waiting for coordinator cookie before daemon startup
2026-09-11T21:47:42+09:00 [openriak-entrypoint] configuration: waiting for coordinator cookie before daemon startup
2026-09-11T21:47:43+09:00 [openriak-entrypoint] configuration: waiting for coordinator cookie before daemon startup
2026-09-11T21:47:44+09:00 [openriak-entrypoint] configuration: waiting for coordinator cookie before daemon startup
2026-09-11T21:47:45+09:00 [openriak-entrypoint] configuration: waiting for coordinator cookie before daemon startup
2026-09-11T21:47:46+09:00 [openriak-entrypoint] configuration: waiting for coordinator cookie before daemon startup
2026-09-11T21:47:47+09:00 [openriak-entrypoint] configuration: waiting for coordinator cookie before daemon startup
2026-09-11T21:47:48+09:00 [openriak-entrypoint] configuration: waiting for coordinator cookie before daemon startup
2026-09-11T21:47:50+09:00 [openriak-entrypoint] configuration: waiting for coordinator cookie before daemon startup
2026-09-11T21:47:51+09:00 [openriak-entrypoint] configuration: waiting for coordinator cookie before daemon startup
2026-09-11T21:47:52+09:00 [openriak-entrypoint] configuration: waiting for coordinator cookie before daemon startup
2026-09-11T21:47:53+09:00 [openriak-entrypoint] configuration: waiting for coordinator cookie before daemon startup
2026-09-11T21:47:54+09:00 [openriak-entrypoint] configuration: waiting for coordinator cookie before daemon startup
2026-09-11T21:47:55+09:00 [openriak-entrypoint] configuration: waiting for coordinator cookie before daemon startup
2026-09-11T21:47:56+09:00 [openriak-entrypoint] configuration: waiting for coordinator cookie before daemon startup
2026-09-11T21:47:57+09:00 [openriak-entrypoint] configuration: waiting for coordinator cookie before daemon startup
2026-09-11T21:47:58+09:00 [openriak-entrypoint] configuration: waiting for coordinator cookie before daemon startup
2026-09-11T21:47:59+09:00 [openriak-entrypoint] configuration: waiting for coordinator cookie before daemon startup
2026-09-11T21:48:00+09:00 [openriak-entrypoint] configuration: waiting for coordinator cookie before daemon startup
2026-09-11T21:48:01+09:00 [openriak-entrypoint] configuration: waiting for coordinator cookie before daemon startup
2026-09-11T21:48:03+09:00 [openriak-entrypoint] configuration: waiting for coordinator cookie before daemon startup
2026-09-11T21:48:04+09:00 [openriak-entrypoint] configuration: waiting for coordinator cookie before daemon startup
2026-09-11T21:48:05+09:00 [openriak-entrypoint] configuration: waiting for coordinator cookie before daemon startup
2026-09-11T21:48:06+09:00 [openriak-entrypoint] configuration: waiting for coordinator cookie before daemon startup
2026-09-11T21:48:07+09:00 [openriak-entrypoint] configuration: waiting for coordinator cookie before daemon startup
2026-09-11T21:48:08+09:00 [openriak-entrypoint] configuration: waiting for coordinator cookie before daemon startup
2026-09-11T21:48:09+09:00 [openriak-entrypoint] configuration: waiting for coordinator cookie before daemon startup
2026-09-11T21:48:10+09:00 [openriak-entrypoint] configuration: waiting for coordinator cookie before daemon startup
2026-09-11T21:48:11+09:00 [openriak-entrypoint] configuration: waiting for coordinator cookie before daemon startup
2026-09-11T21:48:12+09:00 [openriak-entrypoint] configuration: waiting for coordinator cookie before daemon startup
2026-09-11T21:48:14+09:00 [openriak-entrypoint] configuration: waiting for coordinator cookie before daemon startup
2026-09-11T21:48:15+09:00 [openriak-entrypoint] configuration: waiting for coordinator cookie before daemon startup
2026-09-11T21:48:16+09:00 [openriak-entrypoint] configuration: waiting for coordinator cookie before daemon startup
2026-09-11T21:48:17+09:00 [openriak-entrypoint] configuration: waiting for coordinator cookie before daemon startup
2026-09-11T21:48:18+09:00 [openriak-entrypoint] configuration: waiting for coordinator cookie before daemon startup
2026-09-11T21:48:19+09:00 [openriak-entrypoint] configuration: waiting for coordinator cookie before daemon startup
2026-09-11T21:48:20+09:00 [openriak-entrypoint] configuration: waiting for coordinator cookie before daemon startup
2026-09-11T21:48:21+09:00 [openriak-entrypoint] configuration: waiting for coordinator cookie before daemon startup
2026-09-11T21:48:22+09:00 [openriak-entrypoint] configuration: waiting for coordinator cookie before daemon startup
2026-09-11T21:48:23+09:00 [openriak-entrypoint] configuration: waiting for coordinator cookie before daemon startup
2026-09-11T21:48:24+09:00 [openriak-entrypoint] configuration: waiting for coordinator cookie before daemon startup
2026-09-11T21:48:26+09:00 [openriak-entrypoint] configuration: waiting for coordinator cookie before daemon startup
2026-09-11T21:48:27+09:00 [openriak-entrypoint] configuration: waiting for coordinator cookie before daemon startup
2026-09-11T21:48:28+09:00 [openriak-entrypoint] configuration: waiting for coordinator cookie before daemon startup
2026-09-11T21:48:29+09:00 [openriak-entrypoint] configuration: waiting for coordinator cookie before daemon startup
2026-09-11T21:48:30+09:00 [openriak-entrypoint] configuration: waiting for coordinator cookie before daemon startup
2026-09-11T21:48:31+09:00 [openriak-entrypoint] configuration: waiting for coordinator cookie before daemon startup
2026-09-11T21:48:32+09:00 [openriak-entrypoint] configuration: waiting for coordinator cookie before daemon startup
2026-09-11T21:48:33+09:00 [openriak-entrypoint] configuration: waiting for coordinator cookie before daemon startup
2026-09-11T21:48:34+09:00 [openriak-entrypoint] configuration: waiting for coordinator cookie before daemon startup
2026-09-11T21:48:35+09:00 [openriak-entrypoint] configuration: waiting for coordinator cookie before daemon startup
2026-09-11T21:48:37+09:00 [openriak-entrypoint] configuration: waiting for coordinator cookie before daemon startup
2026-09-11T21:48:38+09:00 [openriak-entrypoint] configuration: waiting for coordinator cookie before daemon startup
2026-09-11T21:48:39+09:00 [openriak-entrypoint] configuration: waiting for coordinator cookie before daemon startup
2026-09-11T21:48:40+09:00 [openriak-entrypoint] configuration: waiting for coordinator cookie before daemon startup
2026-09-11T21:48:41+09:00 [openriak-entrypoint] configuration: waiting for coordinator cookie before daemon startup
2026-09-11T21:48:42+09:00 [openriak-entrypoint] configuration: waiting for coordinator cookie before daemon startup
2026-09-11T21:48:43+09:00 [openriak-entrypoint] configuration: waiting for coordinator cookie before daemon startup
2026-09-11T21:48:44+09:00 [openriak-entrypoint] configuration: waiting for coordinator cookie before daemon startup
2026-09-11T21:48:45+09:00 [openriak-entrypoint] configuration: waiting for coordinator cookie before daemon startup
2026-09-11T21:48:47+09:00 [openriak-entrypoint] configuration: waiting for coordinator cookie before daemon startup
2026-09-11T21:48:48+09:00 [openriak-entrypoint] configuration: waiting for coordinator cookie before daemon startup
2026-09-11T21:48:49+09:00 [openriak-entrypoint] configuration: waiting for coordinator cookie before daemon startup
2026-09-11T21:48:50+09:00 [openriak-entrypoint] configuration: waiting for coordinator cookie before daemon startup
2026-09-11T21:48:51+09:00 [openriak-entrypoint] configuration: waiting for coordinator cookie before daemon startup
2026-09-11T21:48:52+09:00 [openriak-entrypoint] configuration: waiting for coordinator cookie before daemon startup
2026-09-11T21:48:53+09:00 [openriak-entrypoint] configuration: waiting for coordinator cookie before daemon startup
2026-09-11T21:48:54+09:00 [openriak-entrypoint] configuration: waiting for coordinator cookie before daemon startup
2026-09-11T21:48:55+09:00 [openriak-entrypoint] configuration: waiting for coordinator cookie before daemon startup
2026-09-11T21:48:57+09:00 [openriak-entrypoint] configuration: waiting for coordinator cookie before daemon startup
2026-09-11T21:48:58+09:00 [openriak-entrypoint] configuration: waiting for coordinator cookie before daemon startup
2026-09-11T21:48:59+09:00 [openriak-entrypoint] configuration: waiting for coordinator cookie before daemon startup
2026-09-11T21:49:00+09:00 [openriak-entrypoint] configuration: waiting for coordinator cookie before daemon startup
2026-09-11T21:49:01+09:00 [openriak-entrypoint] configuration: waiting for coordinator cookie before daemon startup
2026-09-11T21:49:02+09:00 [openriak-entrypoint] configuration: waiting for coordinator cookie before daemon startup
2026-09-11T21:49:03+09:00 [openriak-entrypoint] configuration: waiting for coordinator cookie before daemon startup
2026-09-11T21:49:04+09:00 [openriak-entrypoint] configuration: waiting for coordinator cookie before daemon startup
2026-09-11T21:49:05+09:00 [openriak-entrypoint] configuration: waiting for coordinator cookie before daemon startup
2026-09-11T21:49:07+09:00 [openriak-entrypoint] configuration: waiting for coordinator cookie before daemon startup
2026-09-11T21:49:08+09:00 [openriak-entrypoint] configuration: waiting for coordinator cookie before daemon startup
2026-09-11T21:49:09+09:00 [openriak-entrypoint] configuration: waiting for coordinator cookie before daemon startup
2026-09-11T21:49:10+09:00 [openriak-entrypoint] configuration: waiting for coordinator cookie before daemon startup
2026-09-11T21:49:11+09:00 [openriak-entrypoint] configuration: waiting for coordinator cookie before daemon startup
2026-09-11T21:49:12+09:00 [openriak-entrypoint] configuration: waiting for coordinator cookie before daemon startup
2026-09-11T21:49:13+09:00 [openriak-entrypoint] configuration: waiting for coordinator cookie before daemon startup
2026-09-11T21:49:14+09:00 [openriak-entrypoint] configuration: waiting for coordinator cookie before daemon startup
2026-09-11T21:49:15+09:00 [openriak-entrypoint] configuration: waiting for coordinator cookie before daemon startup
2026-09-11T21:49:16+09:00 [openriak-entrypoint] configuration: waiting for coordinator cookie before daemon startup
2026-09-11T21:49:17+09:00 [openriak-entrypoint] configuration: waiting for coordinator cookie before daemon startup
2026-09-11T21:49:18+09:00 [openriak-entrypoint] configuration: waiting for coordinator cookie before daemon startup
2026-09-11T21:49:20+09:00 [openriak-entrypoint] configuration: waiting for coordinator cookie before daemon startup
2026-09-11T21:49:21+09:00 [openriak-entrypoint] configuration: waiting for coordinator cookie before daemon startup
2026-09-11T21:49:22+09:00 [openriak-entrypoint] configuration: adopted coordinator cookie before daemon startup
2026-09-11T21:49:23+09:00 [openriak-entrypoint] configuration: nodename = openriak-kv@node-05.cluster-a.openriak
2026-09-11T21:49:23+09:00 [openriak-entrypoint] configuration: distributed_cookie = openriak-a3243f96ac693510f4fa145feca9e191
2026-09-11T21:49:23+09:00 [openriak-entrypoint] configuration: effective distributed cookie = openriak-a3243f96ac693510f4fa145feca9e191
2026-09-11T21:49:24+09:00 [openriak-entrypoint] configuration: ring_size = 8
2026-09-11T21:49:24+09:00 [openriak-entrypoint] configuration: storage_backend = leveled
2026-09-11T21:49:24+09:00 [openriak-entrypoint] configuration: anti_entropy = passive
2026-09-11T21:49:25+09:00 [openriak-entrypoint] configuration: tictacaae_active = active
2026-09-11T21:49:25+09:00 [openriak-entrypoint] configuration: tictacaae_storeheads = enabled
2026-09-11T21:49:25+09:00 [openriak-entrypoint] configuration: listener.http.internal = 0.0.0.0:8098
2026-09-11T21:49:26+09:00 [openriak-entrypoint] configuration: listener.protobuf.internal = 0.0.0.0:8087
2026-09-11T21:49:26+09:00 [openriak-entrypoint] configuration: logger.max_file_size = 2MB
2026-09-11T21:49:26+09:00 [openriak-entrypoint] configuration: logger.max_files = 4
2026-09-11T21:49:27+09:00 [openriak-entrypoint] startup: validating configuration and generating VM arguments
2026-09-11T21:50:58+09:00 [openriak-entrypoint] startup: configuration is valid (config is OK)
2026-09-11T21:50:58+09:00 [openriak-entrypoint] startup: starting OpenRiak as a daemon
2026-09-11T21:54:13+09:00 [openriak-entrypoint] startup: daemon command completed
2026-09-11T21:54:14+09:00 [openriak-entrypoint] startup: waiting for BEAM and riak ping
2026-09-11T21:54:31+09:00 [openriak-entrypoint] startup: BEAM is running and riak ping returned pong
2026-09-11T21:54:31+09:00 [openriak-entrypoint] startup: waiting for the riak_kv service
2026-09-11T21:54:55+09:00 [openriak-entrypoint] startup: riak_kv service is up ([riak_kv,riak_pipe,riak_repl])
2026-09-11T21:54:55+09:00 [openriak-entrypoint] startup: waiting for Riak transfers to complete
2026-09-11T21:55:13+09:00 [openriak-entrypoint] startup: transfers complete (No transfers active Active Transfers: ok)
2026-09-11T21:55:14+09:00 [openriak-entrypoint] cluster: Role: Follower
2026-09-11T21:55:33+09:00 [openriak-entrypoint] cluster: announced openriak-kv@node-05.cluster-a.openriak at 172.18.0.2 to coordinator openriak-kv@node-01.cluster-a.openriak (e17ef23229f6dfe1)
2026-09-11T21:55:33+09:00 [openriak-entrypoint] cluster: follower waiting for coordinator approval (1s/3600s)
2026-09-11T21:55:36+09:00 [openriak-entrypoint] cluster: follower waiting for coordinator approval (2s/3600s)
2026-09-11T21:55:39+09:00 [openriak-entrypoint] cluster: follower waiting for coordinator approval (3s/3600s)
2026-09-11T21:55:43+09:00 [openriak-entrypoint] cluster: join approved by openriak-kv@node-01.cluster-a.openriak (e17ef23229f6dfe1)
2026-09-11T21:56:01+09:00 [openriak-entrypoint] cluster: join: Success: staged join request for 'openriak-kv@node-05.cluster-a.openriak' to 'openriak-kv@node-01.cluster-a.openriak'
2026-09-11T21:56:01+09:00 [openriak-entrypoint] cluster: join: ok
2026-09-11T21:56:01+09:00 [openriak-entrypoint] cluster: join request accepted; waiting for plan and commit
2026-09-11T21:56:21+09:00 [openriak-entrypoint] cluster: waiting for the ring to become ready
2026-09-11T21:56:40+09:00 [openriak-entrypoint] cluster: ring is ready (TRUE All nodes agree on the ring ['openriak-kv@node-01.cluster-a.openriak', 'openriak-kv@node-02.cluster-a.openriak', 'openriak-kv@node-03.cluster-a.openriak', 'openriak-kv@node-04.cluster-a.openriak', 'openriak-kv@node-05.cluster-a.openriak'] ok)
2026-09-11T21:56:40+09:00 [openriak-entrypoint] startup: waiting for Riak transfers to complete
2026-09-11T21:57:01+09:00 [openriak-entrypoint] startup: waiting for transfers (attempt 1, transfers='openriak-kv@node-05.cluster-a.openriak' waiting to handoff 5 partitions 'openriak-kv@node-04.cluster-a.openriak' waiting to handoff 6 partitions 'openriak-kv@node-03.cluster-a.openriak' waiting to handoff 3 partitions 'openriak-kv@node-02.cluster-a.openriak' waiting to handoff 2 partitions Active Transfers: ok)
2026-09-11T21:57:24+09:00 [openriak-entrypoint] startup: waiting for transfers (attempt 2, transfers='openriak-kv@node-05.cluster-a.openriak' waiting to handoff 3 partitions 'openriak-kv@node-04.cluster-a.openriak' waiting to handoff 4 partitions 'openriak-kv@node-02.cluster-a.openriak' waiting to handoff 1 partitions 'openriak-kv@node-02.cluster-a.openriak' does not have 2 primary partitions running Active Transfers: ok)
2026-09-11T21:57:47+09:00 [openriak-entrypoint] startup: waiting for transfers (attempt 3, transfers='openriak-kv@node-04.cluster-a.openriak' waiting to handoff 4 partitions 'openriak-kv@node-02.cluster-a.openriak' waiting to handoff 1 partitions Active Transfers: ok)
2026-09-11T21:58:13+09:00 [openriak-entrypoint] startup: waiting for transfers (attempt 4, transfers='openriak-kv@node-04.cluster-a.openriak' waiting to handoff 2 partitions 'openriak-kv@node-02.cluster-a.openriak' waiting to handoff 1 partitions Active Transfers: ok)
2026-09-11T21:58:33+09:00 [openriak-entrypoint] startup: waiting for transfers (attempt 5, transfers='openriak-kv@node-04.cluster-a.openriak' waiting to handoff 2 partitions 'openriak-kv@node-02.cluster-a.openriak' waiting to handoff 1 partitions Active Transfers: ok)
2026-09-11T21:58:55+09:00 [openriak-entrypoint] startup: waiting for transfers (attempt 6, transfers='openriak-kv@node-02.cluster-a.openriak' waiting to handoff 1 partitions Active Transfers: ok)
2026-09-11T21:59:16+09:00 [openriak-entrypoint] startup: transfers complete (No transfers active Active Transfers: ok)
2026-09-11T21:59:16+09:00 [openriak-entrypoint] cluster: waiting for coordinator completion confirmation
2026-09-11T21:59:20+09:00 [openriak-entrypoint] cluster: coordinator confirmed completion for openriak-kv@node-05.cluster-a.openriak
2026-09-11T21:59:20+09:00 [openriak-entrypoint] cluster: follower joined openriak-kv@node-01.cluster-a.openriak successfully
2026-09-11T21:59:20+09:00 [openriak-entrypoint] startup: OpenRiak is ready
2026-09-11T21:59:20+09:00 [openriak-entrypoint] monitor: sleeping for 1s
2026-09-11T21:59:32+09:00 [openriak-entrypoint] monitor: BEAM is running and riak ping returned pong
2026-09-11T21:59:32+09:00 [openriak-entrypoint] monitor: sleeping for 1s
2026-09-11T21:59:41+09:00 [openriak-entrypoint] monitor: BEAM is running and riak ping returned pong
2026-09-11T21:59:41+09:00 [openriak-entrypoint] monitor: sleeping for 1s
2026-09-11T21:59:53+09:00 [openriak-entrypoint] monitor: BEAM is running and riak ping returned pong
2026-09-11T21:59:53+09:00 [openriak-entrypoint] monitor: sleeping for 1s
2026-09-11T22:00:01+09:00 [openriak-entrypoint] monitor: BEAM is running and riak ping returned pong
2026-09-11T22:00:02+09:00 [openriak-entrypoint] monitor: sleeping for 1s
2026-09-11T22:00:14+09:00 [openriak-entrypoint] monitor: BEAM is running and riak ping returned pong
2026-09-11T22:00:14+09:00 [openriak-entrypoint] monitor: sleeping for 1s
2026-09-11T22:00:22+09:00 [openriak-entrypoint] monitor: BEAM is running and riak ping returned pong
2026-09-11T22:00:22+09:00 [openriak-entrypoint] monitor: sleeping for 1s
2026-09-11T22:00:36+09:00 [openriak-entrypoint] monitor: BEAM is running and riak ping returned pong
2026-09-11T22:00:36+09:00 [openriak-entrypoint] monitor: sleeping for 1s
2026-09-11T22:00:45+09:00 [openriak-entrypoint] monitor: BEAM is running and riak ping returned pong
2026-09-11T22:00:45+09:00 [openriak-entrypoint] monitor: sleeping for 1s
2026-09-11T22:00:58+09:00 [openriak-entrypoint] monitor: BEAM is running and riak ping returned pong
2026-09-11T22:00:58+09:00 [openriak-entrypoint] monitor: sleeping for 1s
2026-09-11T22:01:06+09:00 [openriak-entrypoint] monitor: BEAM is running and riak ping returned pong
2026-09-11T22:01:07+09:00 [openriak-entrypoint] monitor: sleeping for 1s
2026-09-11T22:01:19+09:00 [openriak-entrypoint] monitor: BEAM is running and riak ping returned pong
2026-09-11T22:01:19+09:00 [openriak-entrypoint] monitor: sleeping for 1s
2026-09-11T22:01:28+09:00 [openriak-entrypoint] monitor: BEAM is running and riak ping returned pong
2026-09-11T22:01:28+09:00 [openriak-entrypoint] monitor: sleeping for 1s
2026-09-11T22:01:43+09:00 [openriak-entrypoint] monitor: BEAM is running and riak ping returned pong
2026-09-11T22:01:43+09:00 [openriak-entrypoint] monitor: sleeping for 1s
2026-09-11T22:01:57+09:00 [openriak-entrypoint] monitor: BEAM is running and riak ping returned pong
2026-09-11T22:01:57+09:00 [openriak-entrypoint] monitor: sleeping for 1s
2026-09-11T22:02:13+09:00 [openriak-entrypoint] monitor: BEAM is running and riak ping returned pong
2026-09-11T22:02:13+09:00 [openriak-entrypoint] monitor: sleeping for 1s
2026-09-11T22:02:27+09:00 [openriak-entrypoint] monitor: BEAM is running and riak ping returned pong
2026-09-11T22:02:27+09:00 [openriak-entrypoint] monitor: sleeping for 1s
2026-09-11T22:02:42+09:00 [openriak-entrypoint] monitor: BEAM is running and riak ping returned pong
2026-09-11T22:02:42+09:00 [openriak-entrypoint] monitor: sleeping for 1s
2026-09-11T22:02:59+09:00 [openriak-entrypoint] monitor: BEAM is running and riak ping returned pong
2026-09-11T22:02:59+09:00 [openriak-entrypoint] monitor: sleeping for 1s
2026-09-11T22:03:10+09:00 [openriak-entrypoint] monitor: BEAM is running and riak ping returned pong
2026-09-11T22:03:10+09:00 [openriak-entrypoint] monitor: sleeping for 1s
2026-09-11T22:03:23+09:00 [openriak-entrypoint] monitor: BEAM is running and riak ping returned pong
2026-09-11T22:03:23+09:00 [openriak-entrypoint] monitor: sleeping for 1s
2026-09-11T22:03:32+09:00 [openriak-entrypoint] monitor: BEAM is running and riak ping returned pong
2026-09-11T22:03:32+09:00 [openriak-entrypoint] monitor: sleeping for 1s
2026-09-11T22:03:45+09:00 [openriak-entrypoint] monitor: BEAM is running and riak ping returned pong
2026-09-11T22:03:45+09:00 [openriak-entrypoint] monitor: sleeping for 1s
2026-09-11T22:03:55+09:00 [openriak-entrypoint] monitor: BEAM is running and riak ping returned pong
2026-09-11T22:03:55+09:00 [openriak-entrypoint] monitor: sleeping for 1s
2026-09-11T22:04:08+09:00 [openriak-entrypoint] monitor: BEAM is running and riak ping returned pong
2026-09-11T22:04:08+09:00 [openriak-entrypoint] monitor: sleeping for 1s
2026-09-11T22:04:17+09:00 [openriak-entrypoint] monitor: BEAM is running and riak ping returned pong
2026-09-11T22:04:17+09:00 [openriak-entrypoint] monitor: sleeping for 1s
2026-09-11T22:04:30+09:00 [openriak-entrypoint] monitor: BEAM is running and riak ping returned pong
2026-09-11T22:04:30+09:00 [openriak-entrypoint] monitor: sleeping for 1s
2026-09-11T22:04:39+09:00 [openriak-entrypoint] monitor: BEAM is running and riak ping returned pong
2026-09-11T22:04:39+09:00 [openriak-entrypoint] monitor: sleeping for 1s
2026-09-11T22:04:52+09:00 [openriak-entrypoint] monitor: BEAM is running and riak ping returned pong
2026-09-11T22:04:52+09:00 [openriak-entrypoint] monitor: sleeping for 1s
2026-09-11T22:05:01+09:00 [openriak-entrypoint] monitor: BEAM is running and riak ping returned pong
2026-09-11T22:05:01+09:00 [openriak-entrypoint] monitor: sleeping for 1s
2026-09-11T22:05:14+09:00 [openriak-entrypoint] monitor: BEAM is running and riak ping returned pong
2026-09-11T22:05:14+09:00 [openriak-entrypoint] monitor: sleeping for 1s
2026-09-11T22:05:23+09:00 [openriak-entrypoint] monitor: BEAM is running and riak ping returned pong
2026-09-11T22:05:23+09:00 [openriak-entrypoint] monitor: sleeping for 1s
2026-09-11T22:05:37+09:00 [openriak-entrypoint] monitor: BEAM is running and riak ping returned pong
2026-09-11T22:05:37+09:00 [openriak-entrypoint] monitor: sleeping for 1s
2026-09-11T22:05:45+09:00 [openriak-entrypoint] monitor: BEAM is running and riak ping returned pong
2026-09-11T22:05:45+09:00 [openriak-entrypoint] monitor: sleeping for 1s
2026-09-11T22:05:59+09:00 [openriak-entrypoint] monitor: BEAM is running and riak ping returned pong
2026-09-11T22:05:59+09:00 [openriak-entrypoint] monitor: sleeping for 1s
2026-09-11T22:06:08+09:00 [openriak-entrypoint] monitor: BEAM is running and riak ping returned pong
2026-09-11T22:06:08+09:00 [openriak-entrypoint] monitor: sleeping for 1s
2026-09-11T22:06:21+09:00 [openriak-entrypoint] monitor: BEAM is running and riak ping returned pong
2026-09-11T22:06:21+09:00 [openriak-entrypoint] monitor: sleeping for 1s
2026-09-11T22:06:30+09:00 [openriak-entrypoint] monitor: BEAM is running and riak ping returned pong
2026-09-11T22:06:30+09:00 [openriak-entrypoint] monitor: sleeping for 1s
2026-09-11T22:06:45+09:00 [openriak-entrypoint] monitor: BEAM is running and riak ping returned pong
2026-09-11T22:06:45+09:00 [openriak-entrypoint] monitor: sleeping for 1s
2026-09-11T22:06:54+09:00 [openriak-entrypoint] monitor: BEAM is running and riak ping returned pong
2026-09-11T22:06:54+09:00 [openriak-entrypoint] monitor: sleeping for 1s
2026-09-11T22:07:06+09:00 [openriak-entrypoint] monitor: BEAM is running and riak ping returned pong
2026-09-11T22:07:06+09:00 [openriak-entrypoint] monitor: sleeping for 1s
2026-09-11T22:07:16+09:00 [openriak-entrypoint] monitor: BEAM is running and riak ping returned pong
2026-09-11T22:07:16+09:00 [openriak-entrypoint] monitor: sleeping for 1s
2026-09-11T22:07:28+09:00 [openriak-entrypoint] monitor: BEAM is running and riak ping returned pong
2026-09-11T22:07:28+09:00 [openriak-entrypoint] monitor: sleeping for 1s
2026-09-11T22:07:37+09:00 [openriak-entrypoint] monitor: BEAM is running and riak ping returned pong
2026-09-11T22:07:37+09:00 [openriak-entrypoint] monitor: sleeping for 1s
2026-09-11T22:07:49+09:00 [openriak-entrypoint] monitor: BEAM is running and riak ping returned pong
2026-09-11T22:07:49+09:00 [openriak-entrypoint] monitor: sleeping for 1s
2026-09-11T22:07:58+09:00 [openriak-entrypoint] monitor: BEAM is running and riak ping returned pong
2026-09-11T22:07:58+09:00 [openriak-entrypoint] monitor: sleeping for 1s
2026-09-11T22:08:11+09:00 [openriak-entrypoint] monitor: BEAM is running and riak ping returned pong
2026-09-11T22:08:11+09:00 [openriak-entrypoint] monitor: sleeping for 1s
2026-09-11T22:08:20+09:00 [openriak-entrypoint] monitor: BEAM is running and riak ping returned pong
2026-09-11T22:08:20+09:00 [openriak-entrypoint] monitor: sleeping for 1s
2026-09-11T22:08:32+09:00 [openriak-entrypoint] monitor: BEAM is running and riak ping returned pong
2026-09-11T22:08:32+09:00 [openriak-entrypoint] monitor: sleeping for 1s
2026-09-11T22:08:42+09:00 [openriak-entrypoint] monitor: BEAM is running and riak ping returned pong
2026-09-11T22:08:42+09:00 [openriak-entrypoint] monitor: sleeping for 1s
2026-09-11T22:08:55+09:00 [openriak-entrypoint] monitor: BEAM is running and riak ping returned pong
2026-09-11T22:08:55+09:00 [openriak-entrypoint] monitor: sleeping for 1s
2026-09-11T22:09:04+09:00 [openriak-entrypoint] monitor: BEAM is running and riak ping returned pong
2026-09-11T22:09:04+09:00 [openriak-entrypoint] monitor: sleeping for 1s
2026-09-11T22:09:16+09:00 [openriak-entrypoint] monitor: BEAM is running and riak ping returned pong
2026-09-11T22:09:16+09:00 [openriak-entrypoint] monitor: sleeping for 1s
2026-09-11T22:09:25+09:00 [openriak-entrypoint] monitor: BEAM is running and riak ping returned pong
2026-09-11T22:09:25+09:00 [openriak-entrypoint] monitor: sleeping for 1s
2026-09-11T22:09:36+09:00 [openriak-entrypoint] monitor: BEAM is running and riak ping returned pong
2026-09-11T22:09:36+09:00 [openriak-entrypoint] monitor: sleeping for 1s
2026-09-11T22:09:52+09:00 [openriak-entrypoint] monitor: BEAM is running and riak ping returned pong
2026-09-11T22:09:52+09:00 [openriak-entrypoint] monitor: sleeping for 1s
2026-09-11T22:10:07+09:00 [openriak-entrypoint] monitor: BEAM is running and riak ping returned pong
2026-09-11T22:10:07+09:00 [openriak-entrypoint] monitor: sleeping for 1s
2026-09-11T22:10:21+09:00 [openriak-entrypoint] monitor: BEAM is running and riak ping returned pong
2026-09-11T22:10:22+09:00 [openriak-entrypoint] monitor: sleeping for 1s
2026-09-11T22:10:36+09:00 [openriak-entrypoint] monitor: BEAM is running and riak ping returned pong
2026-09-11T22:10:36+09:00 [openriak-entrypoint] monitor: sleeping for 1s
2026-09-11T22:10:50+09:00 [openriak-entrypoint] monitor: BEAM is running and riak ping returned pong
2026-09-11T22:10:50+09:00 [openriak-entrypoint] monitor: sleeping for 1s
2026-09-11T22:11:04+09:00 [openriak-entrypoint] monitor: BEAM is running and riak ping returned pong
2026-09-11T22:11:05+09:00 [openriak-entrypoint] monitor: sleeping for 1s
2026-09-11T22:11:16+09:00 [openriak-entrypoint] monitor: BEAM is running and riak ping returned pong
2026-09-11T22:11:16+09:00 [openriak-entrypoint] monitor: sleeping for 1s
2026-09-11T22:11:28+09:00 [openriak-entrypoint] monitor: BEAM is running and riak ping returned pong
2026-09-11T22:11:28+09:00 [openriak-entrypoint] monitor: sleeping for 1s
2026-09-11T22:11:39+09:00 [openriak-entrypoint] monitor: BEAM is running and riak ping returned pong
2026-09-11T22:11:39+09:00 [openriak-entrypoint] monitor: sleeping for 1s
2026-09-11T22:11:50+09:00 [openriak-entrypoint] monitor: BEAM is running and riak ping returned pong
2026-09-11T22:11:50+09:00 [openriak-entrypoint] monitor: sleeping for 1s
2026-09-11T22:11:59+09:00 [openriak-entrypoint] monitor: BEAM is running and riak ping returned pong
2026-09-11T22:12:00+09:00 [openriak-entrypoint] monitor: sleeping for 1s
2026-09-11T22:12:11+09:00 [openriak-entrypoint] monitor: BEAM is running and riak ping returned pong
2026-09-11T22:12:11+09:00 [openriak-entrypoint] monitor: sleeping for 1s
2026-09-11T22:12:20+09:00 [openriak-entrypoint] monitor: BEAM is running and riak ping returned pong
2026-09-11T22:12:20+09:00 [openriak-entrypoint] monitor: sleeping for 1s
2026-09-11T22:12:33+09:00 [openriak-entrypoint] monitor: BEAM is running and riak ping returned pong
2026-09-11T22:12:33+09:00 [openriak-entrypoint] monitor: sleeping for 1s

timeout_seconds: 3600
exit_code: 0
