$ /usr/bin/docker exec openriak-kv-3.4.1-alpine-3.21-otp24-node-t-739292z sh -c 'date +%z
id -u riak
id -g riak
stat -c '"'"'%u:%g'"'"' /etc/riak /var/lib/riak /var/log/riak'
started: 2026-09-11T12:46:53Z
+0900
19001
19002
19001:19002
19001:19002
19001:19002

timeout_seconds: 3600
exit_code: 0
$ /usr/bin/docker container inspect openriak-kv-3.4.1-alpine-3.21-otp24-node-t-739292z
started: 2026-09-11T12:46:53Z
[
    {
        "Id": "ac8dbe051793307b03a2f3b75360c9544d3ce68a48a4abac0466f4d701105833",
        "Created": "2026-09-11T12:45:27.971105792Z",
        "Path": "/usr/local/bin/openriak-entrypoint",
        "Args": [],
        "State": {
            "Status": "running",
            "Running": true,
            "Paused": false,
            "Restarting": false,
            "OOMKilled": false,
            "Dead": false,
            "Pid": 546648,
            "ExitCode": 0,
            "Error": "",
            "StartedAt": "2026-09-11T12:45:28.346764403Z",
            "FinishedAt": "0001-01-01T00:00:00Z",
            "Health": {
                "Status": "healthy",
                "FailingStreak": 0,
                "Log": [
                    {
                        "Start": "2026-09-11T12:46:05.37412929Z",
                        "End": "2026-09-11T12:46:07.921127871Z",
                        "ExitCode": 1,
                        "Output": "OpenRiak healthcheck failed: riak ping did not return pong\n"
                    },
                    {
                        "Start": "2026-09-11T12:46:12.921851398Z",
                        "End": "2026-09-11T12:46:16.173260114Z",
                        "ExitCode": 1,
                        "Output": "OpenRiak healthcheck failed: riak ping did not return pong\n"
                    },
                    {
                        "Start": "2026-09-11T12:46:21.174783891Z",
                        "End": "2026-09-11T12:46:25.157455812Z",
                        "ExitCode": 0,
                        "Output": "OpenRiak healthcheck passed: BEAM is running and riak ping returned pong\n"
                    },
                    {
                        "Start": "2026-09-11T12:46:35.158309429Z",
                        "End": "2026-09-11T12:46:37.978205128Z",
                        "ExitCode": 0,
                        "Output": "OpenRiak healthcheck passed: BEAM is running and riak ping returned pong\n"
                    },
                    {
                        "Start": "2026-09-11T12:46:47.979301744Z",
                        "End": "2026-09-11T12:46:51.59607544Z",
                        "ExitCode": 0,
                        "Output": "OpenRiak healthcheck passed: BEAM is running and riak ping returned pong\n"
                    }
                ]
            }
        },
        "Image": "sha256:d09fc2b6ad0514e42dc2cdde7c69ac2b545ab56f366632a9dcab2d0f0ac5610f",
        "ResolvConfPath": "/var/lib/docker/containers/ac8dbe051793307b03a2f3b75360c9544d3ce68a48a4abac0466f4d701105833/resolv.conf",
        "HostnamePath": "/var/lib/docker/containers/ac8dbe051793307b03a2f3b75360c9544d3ce68a48a4abac0466f4d701105833/hostname",
        "HostsPath": "/var/lib/docker/containers/ac8dbe051793307b03a2f3b75360c9544d3ce68a48a4abac0466f4d701105833/hosts",
        "LogPath": "/var/lib/docker/containers/ac8dbe051793307b03a2f3b75360c9544d3ce68a48a4abac0466f4d701105833/ac8dbe051793307b03a2f3b75360c9544d3ce68a48a4abac0466f4d701105833-json.log",
        "Name": "/openriak-kv-3.4.1-alpine-3.21-otp24-node-t-739292z",
        "RestartCount": 0,
        "Driver": "overlay2",
        "Platform": "linux",
        "MountLabel": "",
        "ProcessLabel": "",
        "AppArmorProfile": "docker-default",
        "ExecIDs": null,
        "HostConfig": {
            "Binds": [
                "/tmp/openriak-docker-3.4.1-alpine-3.21-otp24-g8at9608/openriak-kv-3.4.1-alpine-3.21-otp24-node/data:/var/lib/riak:rw",
                "/tmp/openriak-docker-3.4.1-alpine-3.21-otp24-g8at9608/openriak-kv-3.4.1-alpine-3.21-otp24-node/logs:/var/log/riak:rw",
                "/tmp/openriak-docker-3.4.1-alpine-3.21-otp24-g8at9608/openriak-kv-3.4.1-alpine-3.21-otp24-node/config:/etc/riak:rw"
            ],
            "ContainerIDFile": "",
            "LogConfig": {
                "Type": "json-file",
                "Config": {
                    "max-file": "3",
                    "max-size": "10m"
                }
            },
            "NetworkMode": "openriak-kv-341-alpine-321-otp24-node_openriak",
            "PortBindings": {},
            "RestartPolicy": {
                "Name": "no",
                "MaximumRetryCount": 0
            },
            "AutoRemove": false,
            "VolumeDriver": "",
            "VolumesFrom": null,
            "ConsoleSize": [
                0,
                0
            ],
            "CapAdd": null,
            "CapDrop": null,
            "CgroupnsMode": "private",
            "Dns": null,
            "DnsOptions": null,
            "DnsSearch": null,
            "ExtraHosts": [],
            "GroupAdd": null,
            "IpcMode": "private",
            "Cgroup": "",
            "Links": null,
            "OomScoreAdj": 0,
            "PidMode": "",
            "Privileged": false,
            "PublishAllPorts": false,
            "ReadonlyRootfs": false,
            "SecurityOpt": null,
            "UTSMode": "",
            "UsernsMode": "",
            "ShmSize": 67108864,
            "Runtime": "runc",
            "Isolation": "",
            "CpuShares": 0,
            "Memory": 0,
            "NanoCpus": 0,
            "CgroupParent": "",
            "BlkioWeight": 0,
            "BlkioWeightDevice": null,
            "BlkioDeviceReadBps": null,
            "BlkioDeviceWriteBps": null,
            "BlkioDeviceReadIOps": null,
            "BlkioDeviceWriteIOps": null,
            "CpuPeriod": 0,
            "CpuQuota": 0,
            "CpuRealtimePeriod": 0,
            "CpuRealtimeRuntime": 0,
            "CpusetCpus": "",
            "CpusetMems": "",
            "Devices": null,
            "DeviceCgroupRules": null,
            "DeviceRequests": null,
            "MemoryReservation": 0,
            "MemorySwap": 0,
            "MemorySwappiness": null,
            "OomKillDisable": null,
            "PidsLimit": null,
            "Ulimits": [
                {
                    "Name": "nofile",
                    "Hard": 100000,
                    "Soft": 100000
                }
            ],
            "CpuCount": 0,
            "CpuPercent": 0,
            "IOMaximumIOps": 0,
            "IOMaximumBandwidth": 0,
            "MaskedPaths": [
                "/proc/asound",
                "/proc/acpi",
                "/proc/kcore",
                "/proc/keys",
                "/proc/latency_stats",
                "/proc/timer_list",
                "/proc/timer_stats",
                "/proc/sched_debug",
                "/proc/scsi",
                "/sys/firmware",
                "/sys/devices/virtual/powercap"
            ],
            "ReadonlyPaths": [
                "/proc/bus",
                "/proc/fs",
                "/proc/irq",
                "/proc/sys",
                "/proc/sysrq-trigger"
            ]
        },
        "GraphDriver": {
            "Data": {
                "LowerDir": "/var/lib/docker/overlay2/a18185ed2e8efc731751149d123f4a9ea4dae2336e5840e9877894b24493cd3e-init/diff:/var/lib/docker/overlay2/93411a0989c9b4071770998196fc8372fe34ec68742be8a440ef812bfb9f0363/diff:/var/lib/docker/overlay2/eeb6e0d897a5976a875489267c5bcd812bcd4bcbdcd6c95fa968f87588495cec/diff:/var/lib/docker/overlay2/dfc81e912df5c7afd9884be2dd96ce0a45dee3bca715139e15867e9a18e9bf64/diff:/var/lib/docker/overlay2/8580d806fc5db382f86283c5a0250c2c3cea9469f63adc32fff25f14a4a24852/diff:/var/lib/docker/overlay2/f73c26c660062ed426ec5b6ecba0eaeffc2a89a72d3caa198cb15126c424e1aa/diff:/var/lib/docker/overlay2/ca8b33bb2465f4fe46810425d6facda250d70da2259306b5f8feeadba330873a/diff",
                "MergedDir": "/var/lib/docker/overlay2/a18185ed2e8efc731751149d123f4a9ea4dae2336e5840e9877894b24493cd3e/merged",
                "UpperDir": "/var/lib/docker/overlay2/a18185ed2e8efc731751149d123f4a9ea4dae2336e5840e9877894b24493cd3e/diff",
                "WorkDir": "/var/lib/docker/overlay2/a18185ed2e8efc731751149d123f4a9ea4dae2336e5840e9877894b24493cd3e/work"
            },
            "Name": "overlay2"
        },
        "Mounts": [
            {
                "Type": "bind",
                "Source": "/tmp/openriak-docker-3.4.1-alpine-3.21-otp24-g8at9608/openriak-kv-3.4.1-alpine-3.21-otp24-node/data",
                "Destination": "/var/lib/riak",
                "Mode": "rw",
                "RW": true,
                "Propagation": "rprivate"
            },
            {
                "Type": "bind",
                "Source": "/tmp/openriak-docker-3.4.1-alpine-3.21-otp24-g8at9608/openriak-kv-3.4.1-alpine-3.21-otp24-node/logs",
                "Destination": "/var/log/riak",
                "Mode": "rw",
                "RW": true,
                "Propagation": "rprivate"
            },
            {
                "Type": "bind",
                "Source": "/tmp/openriak-docker-3.4.1-alpine-3.21-otp24-g8at9608/openriak-kv-3.4.1-alpine-3.21-otp24-node/config",
                "Destination": "/etc/riak",
                "Mode": "rw",
                "RW": true,
                "Propagation": "rprivate"
            }
        ],
        "Config": {
            "Hostname": "node-01.cluster-a.openriak",
            "Domainname": "",
            "User": "",
            "AttachStdin": false,
            "AttachStdout": true,
            "AttachStderr": true,
            "ExposedPorts": {
                "8087/tcp": {},
                "8098/tcp": {}
            },
            "Tty": false,
            "OpenStdin": false,
            "StdinOnce": false,
            "Env": [
                "TZ=Asia/Tokyo",
                "RIAK_UID=19001",
                "RIAK_GID=19002",
                "RIAK_LOG_MAX_FILE_SIZE=2MB",
                "RIAK_LOG_MAX_FILES=4",
                "RIAK_NODE_HOST=node-01.cluster-a.openriak",
                "RIAK_DISTRIBUTED_COOKIE=openriak-a3243f96ac693510f4fa145feca9e191",
                "RIAK_MONITOR_INTERVAL_SECONDS=1",
                "PATH=/usr/local/sbin:/usr/local/bin:/usr/sbin:/usr/bin:/sbin:/bin",
                "RIAK_NODE_NAME=",
                "RIAK_RING_SIZE=8",
                "RIAK_STORAGE_BACKEND=leveled",
                "RIAK_ANTI_ENTROPY=passive",
                "RIAK_TICTACAAE_ACTIVE=active",
                "RIAK_TICTACAAE_STOREHEADS=enabled",
                "RIAK_HTTP_LISTENER=0.0.0.0:8098",
                "RIAK_PB_LISTENER=0.0.0.0:8087",
                "RIAK_NOFILE_LIMIT=100000",
                "RIAK_INIT_ONLY=0",
                "RIAK_STARTUP_POLL_SECONDS=1",
                "RIAK_SHUTDOWN_POLL_SECONDS=1",
                "OPENRIAK_CLUSTER_MODE=single",
                "OPENRIAK_CLUSTER_CONTROL_DIR=/var/lib/openriak-cluster-control",
                "OPENRIAK_CLUSTER_POLL_SECONDS=1",
                "OPENRIAK_CLUSTER_WAIT_SECONDS=300",
                "role="
            ],
            "Cmd": null,
            "Healthcheck": {
                "Test": [
                    "CMD",
                    "/usr/local/bin/openriak-healthcheck"
                ],
                "Interval": 10000000000,
                "Timeout": 60000000000,
                "StartPeriod": 120000000000,
                "Retries": 3
            },
            "Image": "tiotjp/openriak-kv:test-3.4.1-alpine-3.21-otp24-linux-arm64-20260911t124459.739292z",
            "Volumes": {
                "/etc/riak": {},
                "/var/lib/riak": {},
                "/var/log/riak": {}
            },
            "WorkingDir": "/",
            "Entrypoint": [
                "/usr/local/bin/openriak-entrypoint"
            ],
            "OnBuild": null,
            "Labels": {
                "com.docker.compose.config-hash": "32479f0509134cdd6de6822fc5e073dc23c85add669c5350d55ff06c0f2f3263",
                "com.docker.compose.container-number": "1",
                "com.docker.compose.depends_on": "",
                "com.docker.compose.image": "sha256:d09fc2b6ad0514e42dc2cdde7c69ac2b545ab56f366632a9dcab2d0f0ac5610f",
                "com.docker.compose.oneoff": "False",
                "com.docker.compose.project": "openriak-kv-341-alpine-321-otp24-node",
                "com.docker.compose.project.config_files": "/tmp/openriak-docker-3.4.1-alpine-3.21-otp24-g8at9608/compose.single.test.yaml",
                "com.docker.compose.project.environment_file": "/tmp/openriak-docker-3.4.1-alpine-3.21-otp24-g8at9608/.env.single",
                "com.docker.compose.project.working_dir": "/tmp/openriak-docker-3.4.1-alpine-3.21-otp24-g8at9608",
                "com.docker.compose.service": "node",
                "com.docker.compose.version": "2.29.1",
                "org.opencontainers.image.description": "Package-backed OpenRiak KV with single-node and cluster startup support",
                "org.opencontainers.image.source": "https://github.com/TI-Tokyo/openriak-docs",
                "org.opencontainers.image.title": "OpenRiak KV",
                "org.opencontainers.image.url": "https://www.tiot.jp/",
                "org.opencontainers.image.vendor": "TI Tokyo",
                "org.opencontainers.image.version": "3.4.1",
                "org.openriak.image.tag": "tiotjp/openriak-kv:3.4.1-alpine-3.21-otp24",
                "org.openriak.os.name": "alpine",
                "org.openriak.os.release": "3.21",
                "org.openriak.os.version": "3.21",
                "org.openriak.otp.version": "24"
            },
            "StopSignal": "SIGTERM",
            "StopTimeout": 120
        },
        "NetworkSettings": {
            "Bridge": "",
            "SandboxID": "502ba52471462fa6ec57404977fa271c43d02da3ae69bccaf4000b6d85751def",
            "SandboxKey": "/var/run/docker/netns/502ba5247146",
            "Ports": {
                "8087/tcp": null,
                "8098/tcp": null
            },
            "HairpinMode": false,
            "LinkLocalIPv6Address": "",
            "LinkLocalIPv6PrefixLen": 0,
            "SecondaryIPAddresses": null,
            "SecondaryIPv6Addresses": null,
            "EndpointID": "",
            "Gateway": "",
            "GlobalIPv6Address": "",
            "GlobalIPv6PrefixLen": 0,
            "IPAddress": "",
            "IPPrefixLen": 0,
            "IPv6Gateway": "",
            "MacAddress": "",
            "Networks": {
                "openriak-kv-341-alpine-321-otp24-node_openriak": {
                    "IPAMConfig": {},
                    "Links": null,
                    "Aliases": [
                        "openriak-kv-3.4.1-alpine-3.21-otp24-node-t-739292z",
                        "node",
                        "node-01.cluster-a.openriak"
                    ],
                    "MacAddress": "02:42:ac:14:00:02",
                    "DriverOpts": null,
                    "NetworkID": "1dbb3dd5b7b7a9856b59f1cf88e5093ae82451139f41e976ea504c5080d800b3",
                    "EndpointID": "2c47c6c4aecaed74097340a0790d533cdf12c522fb2ce804eb94308d3dc3a016",
                    "Gateway": "172.20.0.1",
                    "IPAddress": "172.20.0.2",
                    "IPPrefixLen": 16,
                    "IPv6Gateway": "",
                    "GlobalIPv6Address": "",
                    "GlobalIPv6PrefixLen": 0,
                    "DNSNames": [
                        "openriak-kv-3.4.1-alpine-3.21-otp24-node-t-739292z",
                        "node",
                        "node-01.cluster-a.openriak",
                        "ac8dbe051793"
                    ]
                }
            }
        }
    }
]

timeout_seconds: 3600
exit_code: 0
$ /usr/bin/docker exec openriak-kv-3.4.1-alpine-3.21-otp24-node-t-739292z sh -ec 'if command -v curl >/dev/null 2>&1
then
    echo '"'"'Unexpected curl executable in Alpine image'"'"' >&2
    exit 1
fi
for package in curl libcurl
do
    if apk info -e "$package" >/dev/null 2>&1
    then
        echo "Unexpected $package package in Alpine image" >&2
        exit 1
    fi
done
for library in /usr/lib/libcurl.so*
do
    test ! -e "$library"
done
apk info -e coreutils
'
started: 2026-09-11T12:46:53Z
coreutils

timeout_seconds: 3600
exit_code: 0
