$ /usr/bin/docker exec openriak-kv-3.4.0-alpine-3.21-otp26-node-3-t-188110z sh -c 'date +%z
id -u riak
id -g riak
stat -c '"'"'%u:%g'"'"' /etc/riak /var/lib/riak /var/log/riak'
started: 2026-09-11T12:34:00Z
+0900
19001
19002
19001:19002
19001:19002
19001:19002

timeout_seconds: 3600
exit_code: 0
$ /usr/bin/docker container inspect openriak-kv-3.4.0-alpine-3.21-otp26-node-3-t-188110z
started: 2026-09-11T12:34:01Z
[
    {
        "Id": "d1ac071b50dee6a451017122ac2ce58da7a7eb6413e2508111710196792c0da5",
        "Created": "2026-09-11T11:36:38.077259829Z",
        "Path": "/usr/local/bin/openriak-entrypoint",
        "Args": [],
        "State": {
            "Status": "running",
            "Running": true,
            "Paused": false,
            "Restarting": false,
            "OOMKilled": false,
            "Dead": false,
            "Pid": 3556740,
            "ExitCode": 0,
            "Error": "",
            "StartedAt": "2026-09-11T11:36:38.340419335Z",
            "FinishedAt": "0001-01-01T00:00:00Z",
            "Health": {
                "Status": "healthy",
                "FailingStreak": 0,
                "Log": [
                    {
                        "Start": "2026-09-11T12:30:51.679841711Z",
                        "End": "2026-09-11T12:31:17.388021819Z",
                        "ExitCode": 0,
                        "Output": "OpenRiak healthcheck passed: BEAM is running and riak ping returned pong\n"
                    },
                    {
                        "Start": "2026-09-11T12:31:27.389549913Z",
                        "End": "2026-09-11T12:31:53.083599612Z",
                        "ExitCode": 0,
                        "Output": "OpenRiak healthcheck passed: BEAM is running and riak ping returned pong\n"
                    },
                    {
                        "Start": "2026-09-11T12:32:03.084369169Z",
                        "End": "2026-09-11T12:32:28.466730789Z",
                        "ExitCode": 0,
                        "Output": "OpenRiak healthcheck passed: BEAM is running and riak ping returned pong\n"
                    },
                    {
                        "Start": "2026-09-11T12:32:38.467484798Z",
                        "End": "2026-09-11T12:33:03.679885595Z",
                        "ExitCode": 0,
                        "Output": "OpenRiak healthcheck passed: BEAM is running and riak ping returned pong\n"
                    },
                    {
                        "Start": "2026-09-11T12:33:13.680488072Z",
                        "End": "2026-09-11T12:33:45.262746652Z",
                        "ExitCode": 0,
                        "Output": "OpenRiak healthcheck passed: BEAM is running and riak ping returned pong\n"
                    }
                ]
            }
        },
        "Image": "sha256:84d1e00be531ceb5797406273ae21051ec24bd6be5a1dfd66a52d7e6471b4288",
        "ResolvConfPath": "/var/snap/docker/common/var-lib-docker/containers/d1ac071b50dee6a451017122ac2ce58da7a7eb6413e2508111710196792c0da5/resolv.conf",
        "HostnamePath": "/var/snap/docker/common/var-lib-docker/containers/d1ac071b50dee6a451017122ac2ce58da7a7eb6413e2508111710196792c0da5/hostname",
        "HostsPath": "/var/snap/docker/common/var-lib-docker/containers/d1ac071b50dee6a451017122ac2ce58da7a7eb6413e2508111710196792c0da5/hosts",
        "LogPath": "/var/snap/docker/common/var-lib-docker/containers/d1ac071b50dee6a451017122ac2ce58da7a7eb6413e2508111710196792c0da5/d1ac071b50dee6a451017122ac2ce58da7a7eb6413e2508111710196792c0da5-json.log",
        "Name": "/openriak-kv-3.4.0-alpine-3.21-otp26-node-3-t-188110z",
        "RestartCount": 0,
        "Driver": "overlay2",
        "Platform": "linux",
        "MountLabel": "",
        "ProcessLabel": "",
        "AppArmorProfile": "docker-default",
        "ExecIDs": [
            "d008ce1edb9dd7f690bf8351b20402ea5aaab8b83c1dc0de75392b889355513c"
        ],
        "HostConfig": {
            "Binds": [
                "/home/peter/openriak-builds/tmp/openriak-docker-3.4.0-alpine-3.21-otp26-ic3yqtej/openriak-kv-3.4.0-alpine-3.21-otp26-node-3/config:/etc/riak:rw",
                "/home/peter/openriak-builds/tmp/openriak-docker-3.4.0-alpine-3.21-otp26-ic3yqtej/openriak-kv-3.4.0-alpine-3.21-otp26-node-3/data:/var/lib/riak:rw",
                "/home/peter/openriak-builds/tmp/openriak-docker-3.4.0-alpine-3.21-otp26-ic3yqtej/openriak-kv-3.4.0-alpine-3.21-otp26-node-3/logs:/var/log/riak:rw",
                "/home/peter/openriak-builds/tmp/openriak-docker-3.4.0-alpine-3.21-otp26-ic3yqtej/openriak-kv-3.4.0-alpine-3.21-otp26-node-cluster-control:/var/lib/openriak-cluster-control:rw"
            ],
            "ContainerIDFile": "",
            "LogConfig": {
                "Type": "json-file",
                "Config": {
                    "max-file": "3",
                    "max-size": "10m"
                }
            },
            "NetworkMode": "openriak-kv-340-alpine-321-otp26-node-cluster_openriak",
            "PortBindings": {},
            "RestartPolicy": {
                "Name": "no",
                "MaximumRetryCount": 0
            },
            "AutoRemove": false,
            "VolumeDriver": "",
            "VolumesFrom": null,
            "ConsoleSize": [
                0,
                0
            ],
            "CapAdd": null,
            "CapDrop": null,
            "CgroupnsMode": "private",
            "Dns": null,
            "DnsOptions": null,
            "DnsSearch": null,
            "ExtraHosts": [],
            "GroupAdd": null,
            "IpcMode": "private",
            "Cgroup": "",
            "Links": null,
            "OomScoreAdj": 0,
            "PidMode": "",
            "Privileged": false,
            "PublishAllPorts": false,
            "ReadonlyRootfs": false,
            "SecurityOpt": null,
            "UTSMode": "",
            "UsernsMode": "",
            "ShmSize": 67108864,
            "Runtime": "runc",
            "Isolation": "",
            "CpuShares": 0,
            "Memory": 0,
            "NanoCpus": 0,
            "CgroupParent": "",
            "BlkioWeight": 0,
            "BlkioWeightDevice": null,
            "BlkioDeviceReadBps": null,
            "BlkioDeviceWriteBps": null,
            "BlkioDeviceReadIOps": null,
            "BlkioDeviceWriteIOps": null,
            "CpuPeriod": 0,
            "CpuQuota": 0,
            "CpuRealtimePeriod": 0,
            "CpuRealtimeRuntime": 0,
            "CpusetCpus": "",
            "CpusetMems": "",
            "Devices": null,
            "DeviceCgroupRules": null,
            "DeviceRequests": null,
            "MemoryReservation": 0,
            "MemorySwap": 0,
            "MemorySwappiness": null,
            "OomKillDisable": null,
            "PidsLimit": null,
            "Ulimits": [
                {
                    "Name": "nofile",
                    "Hard": 100000,
                    "Soft": 100000
                }
            ],
            "CpuCount": 0,
            "CpuPercent": 0,
            "IOMaximumIOps": 0,
            "IOMaximumBandwidth": 0,
            "MaskedPaths": [
                "/proc/acpi",
                "/proc/asound",
                "/proc/interrupts",
                "/proc/kcore",
                "/proc/keys",
                "/proc/latency_stats",
                "/proc/sched_debug",
                "/proc/scsi",
                "/proc/timer_list",
                "/proc/timer_stats",
                "/sys/devices/virtual/powercap",
                "/sys/firmware",
                "/sys/devices/system/cpu/cpu0/thermal_throttle",
                "/sys/devices/system/cpu/cpu1/thermal_throttle",
                "/sys/devices/system/cpu/cpu2/thermal_throttle",
                "/sys/devices/system/cpu/cpu3/thermal_throttle"
            ],
            "ReadonlyPaths": [
                "/proc/bus",
                "/proc/fs",
                "/proc/irq",
                "/proc/sys",
                "/proc/sysrq-trigger"
            ]
        },
        "GraphDriver": {
            "Data": {
                "ID": "d1ac071b50dee6a451017122ac2ce58da7a7eb6413e2508111710196792c0da5",
                "LowerDir": "/var/snap/docker/common/var-lib-docker/overlay2/72004e6266284dbb4b885380bb0c4af157432d8c51960858bf295e67fa5748d4-init/diff:/var/snap/docker/common/var-lib-docker/overlay2/71df33c3ae811f895f8f4fe7c013a3a27724cd9979e7e180d0a0042d2115a30c/diff:/var/snap/docker/common/var-lib-docker/overlay2/e0010adca8114e87b4db11d7e5f0838a34146c5471fef62af9617a1e7106584b/diff:/var/snap/docker/common/var-lib-docker/overlay2/e06329f336829cba5f36b4d937dcbb91a7ea200e49422782783d31e410035c08/diff:/var/snap/docker/common/var-lib-docker/overlay2/fadc8da362b2ca49d1376f25699726943482fda54bb3a697b5bfab6a551dda43/diff:/var/snap/docker/common/var-lib-docker/overlay2/d6bd23a72ed06453161c0a73ebe6d28eede516d73375daa4c0ab9f83c17a52b9/diff:/var/snap/docker/common/var-lib-docker/overlay2/35fe9599257cc9c35fc31a83d17248951ca7d2947453064179c5b0c72f1b6b27/diff",
                "MergedDir": "/var/snap/docker/common/var-lib-docker/overlay2/72004e6266284dbb4b885380bb0c4af157432d8c51960858bf295e67fa5748d4/merged",
                "UpperDir": "/var/snap/docker/common/var-lib-docker/overlay2/72004e6266284dbb4b885380bb0c4af157432d8c51960858bf295e67fa5748d4/diff",
                "WorkDir": "/var/snap/docker/common/var-lib-docker/overlay2/72004e6266284dbb4b885380bb0c4af157432d8c51960858bf295e67fa5748d4/work"
            },
            "Name": "overlay2"
        },
        "Mounts": [
            {
                "Type": "bind",
                "Source": "/home/peter/openriak-builds/tmp/openriak-docker-3.4.0-alpine-3.21-otp26-ic3yqtej/openriak-kv-3.4.0-alpine-3.21-otp26-node-3/data",
                "Destination": "/var/lib/riak",
                "Mode": "rw",
                "RW": true,
                "Propagation": "rprivate"
            },
            {
                "Type": "bind",
                "Source": "/home/peter/openriak-builds/tmp/openriak-docker-3.4.0-alpine-3.21-otp26-ic3yqtej/openriak-kv-3.4.0-alpine-3.21-otp26-node-3/logs",
                "Destination": "/var/log/riak",
                "Mode": "rw",
                "RW": true,
                "Propagation": "rprivate"
            },
            {
                "Type": "bind",
                "Source": "/home/peter/openriak-builds/tmp/openriak-docker-3.4.0-alpine-3.21-otp26-ic3yqtej/openriak-kv-3.4.0-alpine-3.21-otp26-node-cluster-control",
                "Destination": "/var/lib/openriak-cluster-control",
                "Mode": "rw",
                "RW": true,
                "Propagation": "rprivate"
            },
            {
                "Type": "bind",
                "Source": "/home/peter/openriak-builds/tmp/openriak-docker-3.4.0-alpine-3.21-otp26-ic3yqtej/openriak-kv-3.4.0-alpine-3.21-otp26-node-3/config",
                "Destination": "/etc/riak",
                "Mode": "rw",
                "RW": true,
                "Propagation": "rprivate"
            }
        ],
        "Config": {
            "Hostname": "node-03.cluster-a.openriak",
            "Domainname": "",
            "User": "",
            "AttachStdin": false,
            "AttachStdout": true,
            "AttachStderr": true,
            "ExposedPorts": {
                "8087/tcp": {},
                "8098/tcp": {}
            },
            "Tty": false,
            "OpenStdin": false,
            "StdinOnce": false,
            "Env": [
                "RIAK_MONITOR_INTERVAL_SECONDS=1",
                "RIAK_LOG_MAX_FILE_SIZE=2MB",
                "RIAK_GID=19002",
                "RIAK_NODE_HOST=node-03.cluster-a.openriak",
                "TZ=Asia/Tokyo",
                "OPENRIAK_CLUSTER_WAIT_SECONDS=3600",
                "RIAK_DISTRIBUTED_COOKIE=openriak-2f29a5d9bf5c9aa7398adc4fb80314d8",
                "RIAK_LOG_MAX_FILES=4",
                "RIAK_UID=19001",
                "OPENRIAK_CLUSTER_MODE=cluster",
                "OPENRIAK_CLUSTER_POLL_SECONDS=1",
                "PATH=/usr/local/sbin:/usr/local/bin:/usr/sbin:/usr/bin:/sbin:/bin",
                "RIAK_NODE_NAME=",
                "RIAK_RING_SIZE=8",
                "RIAK_STORAGE_BACKEND=leveled",
                "RIAK_ANTI_ENTROPY=passive",
                "RIAK_TICTACAAE_ACTIVE=active",
                "RIAK_TICTACAAE_STOREHEADS=enabled",
                "RIAK_HTTP_LISTENER=0.0.0.0:8098",
                "RIAK_PB_LISTENER=0.0.0.0:8087",
                "RIAK_NOFILE_LIMIT=100000",
                "RIAK_INIT_ONLY=0",
                "RIAK_STARTUP_POLL_SECONDS=1",
                "RIAK_SHUTDOWN_POLL_SECONDS=1",
                "OPENRIAK_CLUSTER_CONTROL_DIR=/var/lib/openriak-cluster-control",
                "role="
            ],
            "Cmd": null,
            "Healthcheck": {
                "Test": [
                    "CMD",
                    "/usr/local/bin/openriak-healthcheck"
                ],
                "Interval": 10000000000,
                "Timeout": 60000000000,
                "StartPeriod": 120000000000,
                "Retries": 3
            },
            "Image": "tiotjp/openriak-kv:test-3.4.0-alpine-3.21-otp26-linux-arm64-20260911t113315.188110z",
            "Volumes": {
                "/etc/riak": {},
                "/var/lib/riak": {},
                "/var/log/riak": {}
            },
            "WorkingDir": "/",
            "Entrypoint": [
                "/usr/local/bin/openriak-entrypoint"
            ],
            "Labels": {
                "com.docker.compose.config-hash": "8f09d4e9d1fd0727f4b1278f8997ae8284a6d79c61e5d9633077e66a8ed0978d",
                "com.docker.compose.container-number": "1",
                "com.docker.compose.depends_on": "",
                "com.docker.compose.image": "sha256:84d1e00be531ceb5797406273ae21051ec24bd6be5a1dfd66a52d7e6471b4288",
                "com.docker.compose.oneoff": "False",
                "com.docker.compose.project": "openriak-kv-340-alpine-321-otp26-node-cluster",
                "com.docker.compose.project.config_files": "/home/peter/openriak-builds/tmp/openriak-docker-3.4.0-alpine-3.21-otp26-ic3yqtej/compose.cluster.test.yaml",
                "com.docker.compose.project.environment_file": "/home/peter/openriak-builds/tmp/openriak-docker-3.4.0-alpine-3.21-otp26-ic3yqtej/.env.cluster",
                "com.docker.compose.project.working_dir": "/home/peter/openriak-builds/tmp/openriak-docker-3.4.0-alpine-3.21-otp26-ic3yqtej",
                "com.docker.compose.service": "node3",
                "com.docker.compose.version": "2.32.4",
                "org.opencontainers.image.description": "Package-backed OpenRiak KV with single-node and cluster startup support",
                "org.opencontainers.image.source": "https://github.com/TI-Tokyo/openriak-docs",
                "org.opencontainers.image.title": "OpenRiak KV",
                "org.opencontainers.image.url": "https://www.tiot.jp/",
                "org.opencontainers.image.vendor": "TI Tokyo",
                "org.opencontainers.image.version": "3.4.0",
                "org.openriak.image.tag": "tiotjp/openriak-kv:3.4.0-alpine-3.21-otp26",
                "org.openriak.os.name": "alpine",
                "org.openriak.os.release": "3.21",
                "org.openriak.os.version": "3.21",
                "org.openriak.otp.version": "26"
            },
            "StopSignal": "SIGTERM",
            "StopTimeout": 120
        },
        "NetworkSettings": {
            "SandboxID": "8f5655c75f6758fa11b4ac2d08780b0e089c419b32718719b8713ffdfae17bfe",
            "SandboxKey": "/run/snap.docker/netns/8f5655c75f67",
            "Ports": {
                "8087/tcp": null,
                "8098/tcp": null
            },
            "Networks": {
                "openriak-kv-340-alpine-321-otp26-node-cluster_openriak": {
                    "IPAMConfig": {},
                    "Links": null,
                    "Aliases": [
                        "openriak-kv-3.4.0-alpine-3.21-otp26-node-3-t-188110z",
                        "node3",
                        "node-03.cluster-a.openriak"
                    ],
                    "DriverOpts": null,
                    "GwPriority": 0,
                    "NetworkID": "e8945ccfbe0a5166eb3238ee2a737164c6cdb06e1cc040e1b531e5e38e7115d8",
                    "EndpointID": "86597305d9432dac3b9de920064c6f251505ae74bd25b893a9ba3056c14f8098",
                    "Gateway": "172.19.0.1",
                    "IPAddress": "172.19.0.5",
                    "MacAddress": "92:01:67:c8:d6:a2",
                    "IPPrefixLen": 16,
                    "IPv6Gateway": "",
                    "GlobalIPv6Address": "",
                    "GlobalIPv6PrefixLen": 0,
                    "DNSNames": [
                        "openriak-kv-3.4.0-alpine-3.21-otp26-node-3-t-188110z",
                        "node3",
                        "node-03.cluster-a.openriak",
                        "d1ac071b50de"
                    ]
                }
            }
        }
    }
]

timeout_seconds: 3600
exit_code: 0
$ /usr/bin/docker exec openriak-kv-3.4.0-alpine-3.21-otp26-node-3-t-188110z sh -ec 'if command -v curl >/dev/null 2>&1
then
    echo '"'"'Unexpected curl executable in Alpine image'"'"' >&2
    exit 1
fi
for package in curl libcurl
do
    if apk info -e "$package" >/dev/null 2>&1
    then
        echo "Unexpected $package package in Alpine image" >&2
        exit 1
    fi
done
for library in /usr/lib/libcurl.so*
do
    test ! -e "$library"
done
apk info -e coreutils
'
started: 2026-09-11T12:34:01Z
coreutils

timeout_seconds: 3600
exit_code: 0
