$ /usr/bin/docker logs openriak-kv-3.4.0-alpine-3.21-otp26-node-1-t-188110z
started: 2026-09-11T12:32:02Z
2026-09-11T20:36:39+09:00 [openriak-entrypoint] configuration: timezone = Asia/Tokyo
usermod: no changes
2026-09-11T20:36:39+09:00 [openriak-entrypoint] configuration: riak UID/GID = 19001/19002
2026-09-11T20:36:39+09:00 [openriak-entrypoint] configuration: preparing mounted directories
2026-09-11T20:36:40+09:00 [openriak-entrypoint] configuration: seeding /etc/riak from packaged defaults
2026-09-11T20:36:40+09:00 [openriak-entrypoint] configuration: current Docker IPv4 address = 172.19.0.4
2026-09-11T20:36:40+09:00 [openriak-entrypoint] configuration: nodename = openriak-kv@node-01.cluster-a.openriak
2026-09-11T20:36:40+09:00 [openriak-entrypoint] configuration: distributed_cookie = openriak-3cc0ca1da56be65eb7712918bfec3fc8
2026-09-11T20:36:40+09:00 [openriak-entrypoint] configuration: effective distributed cookie = openriak-3cc0ca1da56be65eb7712918bfec3fc8
2026-09-11T20:36:41+09:00 [openriak-entrypoint] configuration: ring_size = 8
2026-09-11T20:36:41+09:00 [openriak-entrypoint] configuration: storage_backend = leveled
2026-09-11T20:36:41+09:00 [openriak-entrypoint] configuration: anti_entropy = passive
2026-09-11T20:36:41+09:00 [openriak-entrypoint] configuration: tictacaae_active = active
2026-09-11T20:36:41+09:00 [openriak-entrypoint] configuration: tictacaae_storeheads = enabled
2026-09-11T20:36:42+09:00 [openriak-entrypoint] configuration: listener.http.internal = 0.0.0.0:8098
2026-09-11T20:36:42+09:00 [openriak-entrypoint] configuration: listener.protobuf.internal = 0.0.0.0:8087
2026-09-11T20:36:42+09:00 [openriak-entrypoint] configuration: logger.max_file_size = 2MB
2026-09-11T20:36:42+09:00 [openriak-entrypoint] configuration: logger.max_files = 4
2026-09-11T20:36:42+09:00 [openriak-entrypoint] startup: validating configuration and generating VM arguments
2026-09-11T20:37:43+09:00 [openriak-entrypoint] startup: configuration is valid (config is OK -config /var/lib/riak/generated.conf/app.2026.09.11.20.36.55.config -args_file /var/lib/riak/generated.conf/vm.2026.09.11.20.36.56.args -vm_args /var/lib/riak/generated.conf/vm.2026.09.11.20.36.56.args)
2026-09-11T20:37:43+09:00 [openriak-entrypoint] startup: starting OpenRiak as a daemon
2026-09-11T20:39:38+09:00 [openriak-entrypoint] startup: daemon command completed
2026-09-11T20:39:38+09:00 [openriak-entrypoint] startup: waiting for BEAM and riak ping
2026-09-11T20:39:48+09:00 [openriak-entrypoint] startup: BEAM is running and riak ping returned pong
2026-09-11T20:39:48+09:00 [openriak-entrypoint] startup: waiting for the riak_kv service
2026-09-11T20:40:03+09:00 [openriak-entrypoint] startup: riak_kv service is up ([riak_kv,riak_pipe,riak_repl])
2026-09-11T20:40:03+09:00 [openriak-entrypoint] startup: waiting for Riak transfers to complete
2026-09-11T20:40:21+09:00 [openriak-entrypoint] startup: transfers complete (No transfers active Active Transfers: ok)
2026-09-11T20:40:21+09:00 [openriak-entrypoint] cluster: Role: Coordinator
2026-09-11T20:40:21+09:00 [openriak-entrypoint] cluster: published coordinator openriak-kv@node-01.cluster-a.openriak at 172.19.0.4 in openriak-kv@node-01.cluster-a.openriak-90183d580af6998c-coordinator
2026-09-11T20:41:28+09:00 [openriak-entrypoint] monitor: Coordinator is healthy; sleeping for 1s
2026-09-11T20:41:53+09:00 [openriak-entrypoint] monitor: Coordinator is healthy; sleeping for 1s
2026-09-11T20:42:11+09:00 [openriak-entrypoint] monitor: Coordinator is healthy; sleeping for 1s
2026-09-11T20:42:39+09:00 [openriak-entrypoint] monitor: Coordinator is healthy; sleeping for 1s
2026-09-11T20:43:02+09:00 [openriak-entrypoint] monitor: Coordinator is healthy; sleeping for 1s
2026-09-11T20:43:23+09:00 [openriak-entrypoint] monitor: Coordinator is healthy; sleeping for 1s
2026-09-11T20:43:51+09:00 [openriak-entrypoint] monitor: Coordinator is healthy; sleeping for 1s
2026-09-11T20:44:15+09:00 [openriak-entrypoint] monitor: Coordinator is healthy; sleeping for 1s
2026-09-11T20:44:34+09:00 [openriak-entrypoint] monitor: Coordinator is healthy; sleeping for 1s
2026-09-11T20:45:01+09:00 [openriak-entrypoint] monitor: Coordinator is healthy; sleeping for 1s
2026-09-11T20:45:25+09:00 [openriak-entrypoint] monitor: Coordinator is healthy; sleeping for 1s
2026-09-11T20:45:44+09:00 [openriak-entrypoint] monitor: Coordinator is healthy; sleeping for 1s
2026-09-11T20:46:13+09:00 [openriak-entrypoint] monitor: Coordinator is healthy; sleeping for 1s
2026-09-11T20:46:38+09:00 [openriak-entrypoint] monitor: Coordinator is healthy; sleeping for 1s
2026-09-11T20:46:59+09:00 [openriak-entrypoint] monitor: Coordinator is healthy; sleeping for 1s
2026-09-11T20:47:28+09:00 [openriak-entrypoint] monitor: Coordinator is healthy; sleeping for 1s
2026-09-11T20:47:53+09:00 [openriak-entrypoint] monitor: Coordinator is healthy; sleeping for 1s
2026-09-11T20:48:14+09:00 [openriak-entrypoint] monitor: Coordinator is healthy; sleeping for 1s
2026-09-11T20:48:41+09:00 [openriak-entrypoint] monitor: Coordinator is healthy; sleeping for 1s
2026-09-11T20:49:04+09:00 [openriak-entrypoint] monitor: Coordinator is healthy; sleeping for 1s
2026-09-11T20:49:24+09:00 [openriak-entrypoint] monitor: Coordinator is healthy; sleeping for 1s
2026-09-11T20:49:52+09:00 [openriak-entrypoint] monitor: Coordinator is healthy; sleeping for 1s
2026-09-11T20:50:15+09:00 [openriak-entrypoint] monitor: Coordinator is healthy; sleeping for 1s
2026-09-11T20:50:36+09:00 [openriak-entrypoint] monitor: Coordinator is healthy; sleeping for 1s
2026-09-11T20:51:02+09:00 [openriak-entrypoint] monitor: Coordinator is healthy; sleeping for 1s
2026-09-11T20:51:05+09:00 [openriak-entrypoint] cluster: approved follower openriak-kv@node-02.cluster-a.openriak at 172.19.0.6
2026-09-11T20:51:39+09:00 [openriak-entrypoint] monitor: Coordinator is healthy; sleeping for 1s
2026-09-11T20:51:42+09:00 [openriak-entrypoint] cluster: approved follower openriak-kv@node-03.cluster-a.openriak at 172.19.0.5
2026-09-11T20:52:17+09:00 [openriak-entrypoint] monitor: Coordinator is healthy; sleeping for 1s
2026-09-11T20:52:20+09:00 [openriak-entrypoint] cluster: approved follower openriak-kv@node-04.cluster-a.openriak at 172.19.0.3
2026-09-11T20:52:22+09:00 [openriak-entrypoint] cluster: approved follower openriak-kv@node-05.cluster-a.openriak at 172.19.0.2
2026-09-11T20:52:22+09:00 [openriak-entrypoint] cluster: waiting for 3 approved or ready node(s) before planning 1 joined node(s)
2026-09-11T20:52:56+09:00 [openriak-entrypoint] monitor: Coordinator is healthy; sleeping for 1s
2026-09-11T20:52:57+09:00 [openriak-entrypoint] cluster: waiting for 2 approved or ready node(s) before planning 2 joined node(s)
2026-09-11T20:53:31+09:00 [openriak-entrypoint] monitor: Coordinator is healthy; sleeping for 1s
2026-09-11T20:53:33+09:00 [openriak-entrypoint] cluster: planning a batch of 4 joined node(s)
2026-09-11T20:54:40+09:00 [openriak-entrypoint] cluster: plan: =============================== Staged Changes ================================
2026-09-11T20:54:40+09:00 [openriak-entrypoint] cluster: plan: Action         Details(s)
2026-09-11T20:54:41+09:00 [openriak-entrypoint] cluster: plan: -------------------------------------------------------------------------------
2026-09-11T20:54:41+09:00 [openriak-entrypoint] cluster: plan: join           'openriak-kv@node-02.cluster-a.openriak'
2026-09-11T20:54:41+09:00 [openriak-entrypoint] cluster: plan: join           'openriak-kv@node-03.cluster-a.openriak'
2026-09-11T20:54:41+09:00 [openriak-entrypoint] cluster: plan: join           'openriak-kv@node-04.cluster-a.openriak'
2026-09-11T20:54:41+09:00 [openriak-entrypoint] cluster: plan: join           'openriak-kv@node-05.cluster-a.openriak'
2026-09-11T20:54:41+09:00 [openriak-entrypoint] cluster: plan: -------------------------------------------------------------------------------
2026-09-11T20:54:41+09:00 [openriak-entrypoint] cluster: plan: 
2026-09-11T20:54:41+09:00 [openriak-entrypoint] cluster: plan: 
2026-09-11T20:54:41+09:00 [openriak-entrypoint] cluster: plan: NOTE: Applying these changes will result in 1 cluster transition
2026-09-11T20:54:42+09:00 [openriak-entrypoint] cluster: plan: 
2026-09-11T20:54:42+09:00 [openriak-entrypoint] cluster: plan: ###############################################################################
2026-09-11T20:54:42+09:00 [openriak-entrypoint] cluster: plan:                          After cluster transition 1/1
2026-09-11T20:54:42+09:00 [openriak-entrypoint] cluster: plan: ###############################################################################
2026-09-11T20:54:42+09:00 [openriak-entrypoint] cluster: plan: 
2026-09-11T20:54:43+09:00 [openriak-entrypoint] cluster: plan: ================================= Membership ==================================
2026-09-11T20:54:43+09:00 [openriak-entrypoint] cluster: plan: Status     Ring    Pending    Node
2026-09-11T20:54:43+09:00 [openriak-entrypoint] cluster: plan: -------------------------------------------------------------------------------
2026-09-11T20:54:43+09:00 [openriak-entrypoint] cluster: plan: valid     100.0%     25.0%    openriak-kv@node-01.cluster-a.openriak
2026-09-11T20:54:43+09:00 [openriak-entrypoint] cluster: plan: valid       0.0%     25.0%    openriak-kv@node-02.cluster-a.openriak
2026-09-11T20:54:43+09:00 [openriak-entrypoint] cluster: plan: valid       0.0%     25.0%    openriak-kv@node-03.cluster-a.openriak
2026-09-11T20:54:43+09:00 [openriak-entrypoint] cluster: plan: valid       0.0%     12.5%    openriak-kv@node-04.cluster-a.openriak
2026-09-11T20:54:43+09:00 [openriak-entrypoint] cluster: plan: valid       0.0%     12.5%    openriak-kv@node-05.cluster-a.openriak
2026-09-11T20:54:44+09:00 [openriak-entrypoint] cluster: plan: -------------------------------------------------------------------------------
2026-09-11T20:54:44+09:00 [openriak-entrypoint] cluster: plan: Valid:5 / Leaving:0 / Exiting:0 / Joining:0 / Down:0
2026-09-11T20:54:44+09:00 [openriak-entrypoint] cluster: plan: 
2026-09-11T20:54:44+09:00 [openriak-entrypoint] cluster: plan: Transfers resulting from cluster changes: 6
2026-09-11T20:54:44+09:00 [openriak-entrypoint] cluster: plan:   1 transfers from 'openriak-kv@node-01.cluster-a.openriak' to 'openriak-kv@node-04.cluster-a.openriak'
2026-09-11T20:54:44+09:00 [openriak-entrypoint] cluster: plan:   1 transfers from 'openriak-kv@node-01.cluster-a.openriak' to 'openriak-kv@node-05.cluster-a.openriak'
2026-09-11T20:54:44+09:00 [openriak-entrypoint] cluster: plan:   2 transfers from 'openriak-kv@node-01.cluster-a.openriak' to 'openriak-kv@node-03.cluster-a.openriak'
2026-09-11T20:54:45+09:00 [openriak-entrypoint] cluster: plan:   2 transfers from 'openriak-kv@node-01.cluster-a.openriak' to 'openriak-kv@node-02.cluster-a.openriak'
2026-09-11T20:54:45+09:00 [openriak-entrypoint] cluster: plan: 
2026-09-11T20:54:45+09:00 [openriak-entrypoint] cluster: plan: ok
2026-09-11T20:54:45+09:00 [openriak-entrypoint] cluster: committing the planned membership changes
2026-09-11T20:55:35+09:00 [openriak-entrypoint] cluster: commit: Cluster changes committed
2026-09-11T20:55:35+09:00 [openriak-entrypoint] cluster: commit: ok
2026-09-11T20:55:35+09:00 [openriak-entrypoint] cluster: waiting for the ring to become ready
2026-09-11T20:56:07+09:00 [openriak-entrypoint] cluster: ring is ready (TRUE All nodes agree on the ring ['openriak-kv@node-01.cluster-a.openriak', 'openriak-kv@node-02.cluster-a.openriak', 'openriak-kv@node-03.cluster-a.openriak', 'openriak-kv@node-04.cluster-a.openriak', 'openriak-kv@node-05.cluster-a.openriak'] ok)
2026-09-11T20:56:07+09:00 [openriak-entrypoint] startup: waiting for Riak transfers to complete
2026-09-11T20:56:35+09:00 [openriak-entrypoint] startup: transfers complete (No transfers active Active Transfers: ok)
2026-09-11T20:56:35+09:00 [openriak-entrypoint] cluster: completed follower openriak-kv@node-02.cluster-a.openriak-90183d580af6998c
2026-09-11T20:56:36+09:00 [openriak-entrypoint] cluster: completed follower openriak-kv@node-03.cluster-a.openriak-90183d580af6998c
2026-09-11T20:56:36+09:00 [openriak-entrypoint] cluster: completed follower openriak-kv@node-04.cluster-a.openriak-90183d580af6998c
2026-09-11T20:56:36+09:00 [openriak-entrypoint] cluster: completed follower openriak-kv@node-05.cluster-a.openriak-90183d580af6998c
2026-09-11T20:57:04+09:00 [openriak-entrypoint] monitor: Coordinator is healthy; sleeping for 1s
2026-09-11T20:57:28+09:00 [openriak-entrypoint] monitor: Coordinator is healthy; sleeping for 1s
2026-09-11T20:57:48+09:00 [openriak-entrypoint] monitor: Coordinator is healthy; sleeping for 1s
2026-09-11T20:58:16+09:00 [openriak-entrypoint] monitor: Coordinator is healthy; sleeping for 1s
2026-09-11T20:58:36+09:00 [openriak-entrypoint] monitor: Coordinator is healthy; sleeping for 1s
2026-09-11T20:58:58+09:00 [openriak-entrypoint] monitor: Coordinator is healthy; sleeping for 1s
2026-09-11T20:59:25+09:00 [openriak-entrypoint] monitor: Coordinator is healthy; sleeping for 1s
2026-09-11T20:59:47+09:00 [openriak-entrypoint] monitor: Coordinator is healthy; sleeping for 1s
2026-09-11T21:00:09+09:00 [openriak-entrypoint] monitor: Coordinator is healthy; sleeping for 1s
2026-09-11T21:00:33+09:00 [openriak-entrypoint] monitor: Coordinator is healthy; sleeping for 1s
2026-09-11T21:00:53+09:00 [openriak-entrypoint] monitor: Coordinator is healthy; sleeping for 1s
2026-09-11T21:01:17+09:00 [openriak-entrypoint] monitor: Coordinator is healthy; sleeping for 1s
2026-09-11T21:01:43+09:00 [openriak-entrypoint] monitor: Coordinator is healthy; sleeping for 1s
2026-09-11T21:02:02+09:00 [openriak-entrypoint] monitor: Coordinator is healthy; sleeping for 1s
2026-09-11T21:02:28+09:00 [openriak-entrypoint] monitor: Coordinator is healthy; sleeping for 1s
2026-09-11T21:02:52+09:00 [openriak-entrypoint] monitor: Coordinator is healthy; sleeping for 1s
2026-09-11T21:03:12+09:00 [openriak-entrypoint] monitor: Coordinator is healthy; sleeping for 1s
2026-09-11T21:03:36+09:00 [openriak-entrypoint] monitor: Coordinator is healthy; sleeping for 1s
2026-09-11T21:03:58+09:00 [openriak-entrypoint] monitor: Coordinator is healthy; sleeping for 1s
2026-09-11T21:04:18+09:00 [openriak-entrypoint] monitor: Coordinator is healthy; sleeping for 1s
2026-09-11T21:04:45+09:00 [openriak-entrypoint] monitor: Coordinator is healthy; sleeping for 1s
2026-09-11T21:05:06+09:00 [openriak-entrypoint] monitor: Coordinator is healthy; sleeping for 1s
2026-09-11T21:05:28+09:00 [openriak-entrypoint] monitor: Coordinator is healthy; sleeping for 1s
2026-09-11T21:05:54+09:00 [openriak-entrypoint] monitor: Coordinator is healthy; sleeping for 1s
2026-09-11T21:06:13+09:00 [openriak-entrypoint] monitor: Coordinator is healthy; sleeping for 1s
2026-09-11T21:06:35+09:00 [openriak-entrypoint] monitor: Coordinator is healthy; sleeping for 1s
2026-09-11T21:07:00+09:00 [openriak-entrypoint] monitor: Coordinator is healthy; sleeping for 1s
2026-09-11T21:07:21+09:00 [openriak-entrypoint] monitor: Coordinator is healthy; sleeping for 1s
2026-09-11T21:07:46+09:00 [openriak-entrypoint] monitor: Coordinator is healthy; sleeping for 1s
2026-09-11T21:08:11+09:00 [openriak-entrypoint] monitor: Coordinator is healthy; sleeping for 1s
2026-09-11T21:08:29+09:00 [openriak-entrypoint] monitor: Coordinator is healthy; sleeping for 1s
2026-09-11T21:08:55+09:00 [openriak-entrypoint] monitor: Coordinator is healthy; sleeping for 1s
2026-09-11T21:09:20+09:00 [openriak-entrypoint] monitor: Coordinator is healthy; sleeping for 1s
2026-09-11T21:09:38+09:00 [openriak-entrypoint] monitor: Coordinator is healthy; sleeping for 1s
2026-09-11T21:10:06+09:00 [openriak-entrypoint] monitor: Coordinator is healthy; sleeping for 1s
2026-09-11T21:10:29+09:00 [openriak-entrypoint] monitor: Coordinator is healthy; sleeping for 1s
2026-09-11T21:10:49+09:00 [openriak-entrypoint] monitor: Coordinator is healthy; sleeping for 1s
2026-09-11T21:11:17+09:00 [openriak-entrypoint] monitor: Coordinator is healthy; sleeping for 1s
2026-09-11T21:11:45+09:00 [openriak-entrypoint] monitor: Coordinator is healthy; sleeping for 1s
2026-09-11T21:12:18+09:00 [openriak-entrypoint] monitor: Coordinator is healthy; sleeping for 1s
2026-09-11T21:12:53+09:00 [openriak-entrypoint] monitor: Coordinator is healthy; sleeping for 1s
2026-09-11T21:13:30+09:00 [openriak-entrypoint] monitor: Coordinator is healthy; sleeping for 1s
2026-09-11T21:14:04+09:00 [openriak-entrypoint] monitor: Coordinator is healthy; sleeping for 1s
2026-09-11T21:14:34+09:00 [openriak-entrypoint] monitor: Coordinator is healthy; sleeping for 1s
2026-09-11T21:15:08+09:00 [openriak-entrypoint] monitor: Coordinator is healthy; sleeping for 1s
2026-09-11T21:15:41+09:00 [openriak-entrypoint] monitor: Coordinator is healthy; sleeping for 1s
2026-09-11T21:16:02+09:00 [openriak-entrypoint] monitor: Coordinator is healthy; sleeping for 1s
2026-09-11T21:16:23+09:00 [openriak-entrypoint] monitor: Coordinator is healthy; sleeping for 1s
2026-09-11T21:16:49+09:00 [openriak-entrypoint] monitor: Coordinator is healthy; sleeping for 1s
2026-09-11T21:17:08+09:00 [openriak-entrypoint] monitor: Coordinator is healthy; sleeping for 1s
2026-09-11T21:17:32+09:00 [openriak-entrypoint] monitor: Coordinator is healthy; sleeping for 1s
2026-09-11T21:17:58+09:00 [openriak-entrypoint] monitor: Coordinator is healthy; sleeping for 1s
2026-09-11T21:18:16+09:00 [openriak-entrypoint] monitor: Coordinator is healthy; sleeping for 1s
2026-09-11T21:18:42+09:00 [openriak-entrypoint] monitor: Coordinator is healthy; sleeping for 1s
2026-09-11T21:19:06+09:00 [openriak-entrypoint] monitor: Coordinator is healthy; sleeping for 1s
2026-09-11T21:19:25+09:00 [openriak-entrypoint] monitor: Coordinator is healthy; sleeping for 1s
2026-09-11T21:19:53+09:00 [openriak-entrypoint] monitor: Coordinator is healthy; sleeping for 1s
2026-09-11T21:20:16+09:00 [openriak-entrypoint] monitor: Coordinator is healthy; sleeping for 1s
2026-09-11T21:20:36+09:00 [openriak-entrypoint] monitor: Coordinator is healthy; sleeping for 1s
2026-09-11T21:21:03+09:00 [openriak-entrypoint] monitor: Coordinator is healthy; sleeping for 1s
2026-09-11T21:21:25+09:00 [openriak-entrypoint] monitor: Coordinator is healthy; sleeping for 1s
2026-09-11T21:21:46+09:00 [openriak-entrypoint] monitor: Coordinator is healthy; sleeping for 1s
2026-09-11T21:22:13+09:00 [openriak-entrypoint] monitor: Coordinator is healthy; sleeping for 1s
2026-09-11T21:22:34+09:00 [openriak-entrypoint] monitor: Coordinator is healthy; sleeping for 1s
2026-09-11T21:22:57+09:00 [openriak-entrypoint] monitor: Coordinator is healthy; sleeping for 1s
2026-09-11T21:23:25+09:00 [openriak-entrypoint] monitor: Coordinator is healthy; sleeping for 1s
2026-09-11T21:23:44+09:00 [openriak-entrypoint] monitor: Coordinator is healthy; sleeping for 1s
2026-09-11T21:24:08+09:00 [openriak-entrypoint] monitor: Coordinator is healthy; sleeping for 1s
2026-09-11T21:24:33+09:00 [openriak-entrypoint] monitor: Coordinator is healthy; sleeping for 1s
2026-09-11T21:24:54+09:00 [openriak-entrypoint] monitor: Coordinator is healthy; sleeping for 1s
2026-09-11T21:25:19+09:00 [openriak-entrypoint] monitor: Coordinator is healthy; sleeping for 1s
2026-09-11T21:25:42+09:00 [openriak-entrypoint] monitor: Coordinator is healthy; sleeping for 1s
2026-09-11T21:26:01+09:00 [openriak-entrypoint] monitor: Coordinator is healthy; sleeping for 1s
2026-09-11T21:26:28+09:00 [openriak-entrypoint] monitor: Coordinator is healthy; sleeping for 1s
2026-09-11T21:26:50+09:00 [openriak-entrypoint] monitor: Coordinator is healthy; sleeping for 1s
2026-09-11T21:27:11+09:00 [openriak-entrypoint] monitor: Coordinator is healthy; sleeping for 1s
2026-09-11T21:27:39+09:00 [openriak-entrypoint] monitor: Coordinator is healthy; sleeping for 1s
2026-09-11T21:27:59+09:00 [openriak-entrypoint] monitor: Coordinator is healthy; sleeping for 1s
2026-09-11T21:28:22+09:00 [openriak-entrypoint] monitor: Coordinator is healthy; sleeping for 1s
2026-09-11T21:28:47+09:00 [openriak-entrypoint] monitor: Coordinator is healthy; sleeping for 1s
2026-09-11T21:29:06+09:00 [openriak-entrypoint] monitor: Coordinator is healthy; sleeping for 1s
2026-09-11T21:29:33+09:00 [openriak-entrypoint] monitor: Coordinator is healthy; sleeping for 1s
2026-09-11T21:29:58+09:00 [openriak-entrypoint] monitor: Coordinator is healthy; sleeping for 1s
2026-09-11T21:30:16+09:00 [openriak-entrypoint] monitor: Coordinator is healthy; sleeping for 1s
2026-09-11T21:30:43+09:00 [openriak-entrypoint] monitor: Coordinator is healthy; sleeping for 1s
2026-09-11T21:31:08+09:00 [openriak-entrypoint] monitor: Coordinator is healthy; sleeping for 1s
2026-09-11T21:31:27+09:00 [openriak-entrypoint] monitor: Coordinator is healthy; sleeping for 1s
2026-09-11T21:31:56+09:00 [openriak-entrypoint] monitor: Coordinator is healthy; sleeping for 1s

timeout_seconds: 3600
exit_code: 0
