$ /usr/bin/docker compose --env-file /home/peter/openriak-builds/tmp/openriak-docker-3.4.0-alpine-3.21-otp26-ic3yqtej/.env.cluster --project-directory /home/peter/openriak-builds/tmp/openriak-docker-3.4.0-alpine-3.21-otp26-ic3yqtej --file /home/peter/openriak-builds/tmp/openriak-docker-3.4.0-alpine-3.21-otp26-ic3yqtej/compose.cluster.test.yaml up --detach --no-build
started: 2026-09-11T11:36:37Z
 Network openriak-kv-340-alpine-321-otp26-node-cluster_openriak  Creating
 Network openriak-kv-340-alpine-321-otp26-node-cluster_openriak  Created
 Container openriak-kv-3.4.0-alpine-3.21-otp26-node-3-t-188110z  Creating
 Container openriak-kv-3.4.0-alpine-3.21-otp26-node-2-t-188110z  Creating
 Container openriak-kv-3.4.0-alpine-3.21-otp26-node-1-t-188110z  Creating
 Container openriak-kv-3.4.0-alpine-3.21-otp26-node-5-t-188110z  Creating
 Container openriak-kv-3.4.0-alpine-3.21-otp26-node-4-t-188110z  Creating
 Container openriak-kv-3.4.0-alpine-3.21-otp26-node-5-t-188110z  Created
 Container openriak-kv-3.4.0-alpine-3.21-otp26-node-4-t-188110z  Created
 Container openriak-kv-3.4.0-alpine-3.21-otp26-node-1-t-188110z  Created
 Container openriak-kv-3.4.0-alpine-3.21-otp26-node-3-t-188110z  Created
 Container openriak-kv-3.4.0-alpine-3.21-otp26-node-2-t-188110z  Created
 Container openriak-kv-3.4.0-alpine-3.21-otp26-node-5-t-188110z  Starting
 Container openriak-kv-3.4.0-alpine-3.21-otp26-node-1-t-188110z  Starting
 Container openriak-kv-3.4.0-alpine-3.21-otp26-node-3-t-188110z  Starting
 Container openriak-kv-3.4.0-alpine-3.21-otp26-node-2-t-188110z  Starting
 Container openriak-kv-3.4.0-alpine-3.21-otp26-node-4-t-188110z  Starting
 Container openriak-kv-3.4.0-alpine-3.21-otp26-node-5-t-188110z  Started
 Container openriak-kv-3.4.0-alpine-3.21-otp26-node-4-t-188110z  Started
 Container openriak-kv-3.4.0-alpine-3.21-otp26-node-1-t-188110z  Started
 Container openriak-kv-3.4.0-alpine-3.21-otp26-node-3-t-188110z  Started
 Container openriak-kv-3.4.0-alpine-3.21-otp26-node-2-t-188110z  Started

timeout_seconds: 3600
exit_code: 0
