$ /usr/bin/docker exec openriak-kv-3.4.1-fedora-29-otp26-node-3-t-140473z sh -c 'date +%z
id -u riak
id -g riak
stat -c '"'"'%u:%g'"'"' /etc/riak /var/lib/riak /var/log/riak'
started: 2026-09-11T09:33:48Z
+0900
19001
19002
19001:19002
19001:19002
19001:19002

timeout_seconds: 3600
exit_code: 0
$ /usr/bin/docker container inspect openriak-kv-3.4.1-fedora-29-otp26-node-3-t-140473z
started: 2026-09-11T09:33:48Z
[
    {
        "Id": "e7211f0b04ebd0582ddc89d8f5510150102baf9c5a45dce1ed9e135f1a954ebd",
        "Created": "2026-09-11T09:29:55.066596242Z",
        "Path": "/usr/local/bin/openriak-entrypoint",
        "Args": [],
        "State": {
            "Status": "running",
            "Running": true,
            "Paused": false,
            "Restarting": false,
            "OOMKilled": false,
            "Dead": false,
            "Pid": 3875056,
            "ExitCode": 0,
            "Error": "",
            "StartedAt": "2026-09-11T09:29:55.226379974Z",
            "FinishedAt": "0001-01-01T00:00:00Z",
            "Health": {
                "Status": "healthy",
                "FailingStreak": 0,
                "Log": [
                    {
                        "Start": "2026-09-11T09:32:58.091352321Z",
                        "End": "2026-09-11T09:32:59.084634424Z",
                        "ExitCode": 0,
                        "Output": "OpenRiak healthcheck passed: BEAM is running and riak ping returned pong\n"
                    },
                    {
                        "Start": "2026-09-11T09:33:09.08544693Z",
                        "End": "2026-09-11T09:33:09.746849669Z",
                        "ExitCode": 0,
                        "Output": "OpenRiak healthcheck passed: BEAM is running and riak ping returned pong\n"
                    },
                    {
                        "Start": "2026-09-11T09:33:19.747559724Z",
                        "End": "2026-09-11T09:33:20.132759202Z",
                        "ExitCode": 0,
                        "Output": "OpenRiak healthcheck passed: BEAM is running and riak ping returned pong\n"
                    },
                    {
                        "Start": "2026-09-11T09:33:30.133611486Z",
                        "End": "2026-09-11T09:33:30.84245141Z",
                        "ExitCode": 0,
                        "Output": "OpenRiak healthcheck passed: BEAM is running and riak ping returned pong\n"
                    },
                    {
                        "Start": "2026-09-11T09:33:40.8455609Z",
                        "End": "2026-09-11T09:33:41.7931821Z",
                        "ExitCode": 0,
                        "Output": "OpenRiak healthcheck passed: BEAM is running and riak ping returned pong\n"
                    }
                ]
            }
        },
        "Image": "sha256:bd501d822d2f0f9b3cdc3a350ea23e2c81442bb0a405e046076daca74f923ab1",
        "ResolvConfPath": "/var/lib/docker/containers/e7211f0b04ebd0582ddc89d8f5510150102baf9c5a45dce1ed9e135f1a954ebd/resolv.conf",
        "HostnamePath": "/var/lib/docker/containers/e7211f0b04ebd0582ddc89d8f5510150102baf9c5a45dce1ed9e135f1a954ebd/hostname",
        "HostsPath": "/var/lib/docker/containers/e7211f0b04ebd0582ddc89d8f5510150102baf9c5a45dce1ed9e135f1a954ebd/hosts",
        "LogPath": "/var/lib/docker/containers/e7211f0b04ebd0582ddc89d8f5510150102baf9c5a45dce1ed9e135f1a954ebd/e7211f0b04ebd0582ddc89d8f5510150102baf9c5a45dce1ed9e135f1a954ebd-json.log",
        "Name": "/openriak-kv-3.4.1-fedora-29-otp26-node-3-t-140473z",
        "RestartCount": 0,
        "Driver": "overlay2",
        "Platform": "linux",
        "MountLabel": "",
        "ProcessLabel": "",
        "AppArmorProfile": "docker-default",
        "ExecIDs": null,
        "HostConfig": {
            "Binds": [
                "/tmp/openriak-docker-3.4.1-fedora-29-otp26-503z_o2h/openriak-kv-3.4.1-fedora-29-otp26-node-cluster-control:/var/lib/openriak-cluster-control:rw",
                "/tmp/openriak-docker-3.4.1-fedora-29-otp26-503z_o2h/openriak-kv-3.4.1-fedora-29-otp26-node-3/config:/etc/riak:rw",
                "/tmp/openriak-docker-3.4.1-fedora-29-otp26-503z_o2h/openriak-kv-3.4.1-fedora-29-otp26-node-3/data:/var/lib/riak:rw",
                "/tmp/openriak-docker-3.4.1-fedora-29-otp26-503z_o2h/openriak-kv-3.4.1-fedora-29-otp26-node-3/logs:/var/log/riak:rw"
            ],
            "ContainerIDFile": "",
            "LogConfig": {
                "Type": "json-file",
                "Config": {
                    "max-file": "3",
                    "max-size": "10m"
                }
            },
            "NetworkMode": "openriak-kv-341-fedora-29-otp26-node-cluster_openriak",
            "PortBindings": {},
            "RestartPolicy": {
                "Name": "no",
                "MaximumRetryCount": 0
            },
            "AutoRemove": false,
            "VolumeDriver": "",
            "VolumesFrom": null,
            "ConsoleSize": [
                0,
                0
            ],
            "CapAdd": null,
            "CapDrop": null,
            "CgroupnsMode": "private",
            "Dns": null,
            "DnsOptions": null,
            "DnsSearch": null,
            "ExtraHosts": [],
            "GroupAdd": null,
            "IpcMode": "private",
            "Cgroup": "",
            "Links": null,
            "OomScoreAdj": 0,
            "PidMode": "",
            "Privileged": false,
            "PublishAllPorts": false,
            "ReadonlyRootfs": false,
            "SecurityOpt": null,
            "UTSMode": "",
            "UsernsMode": "",
            "ShmSize": 67108864,
            "Runtime": "runc",
            "Isolation": "",
            "CpuShares": 0,
            "Memory": 0,
            "NanoCpus": 0,
            "CgroupParent": "",
            "BlkioWeight": 0,
            "BlkioWeightDevice": null,
            "BlkioDeviceReadBps": null,
            "BlkioDeviceWriteBps": null,
            "BlkioDeviceReadIOps": null,
            "BlkioDeviceWriteIOps": null,
            "CpuPeriod": 0,
            "CpuQuota": 0,
            "CpuRealtimePeriod": 0,
            "CpuRealtimeRuntime": 0,
            "CpusetCpus": "",
            "CpusetMems": "",
            "Devices": null,
            "DeviceCgroupRules": null,
            "DeviceRequests": null,
            "MemoryReservation": 0,
            "MemorySwap": 0,
            "MemorySwappiness": null,
            "OomKillDisable": null,
            "PidsLimit": null,
            "Ulimits": [
                {
                    "Name": "nofile",
                    "Hard": 100000,
                    "Soft": 100000
                }
            ],
            "CpuCount": 0,
            "CpuPercent": 0,
            "IOMaximumIOps": 0,
            "IOMaximumBandwidth": 0,
            "MaskedPaths": [
                "/proc/asound",
                "/proc/acpi",
                "/proc/kcore",
                "/proc/keys",
                "/proc/latency_stats",
                "/proc/timer_list",
                "/proc/timer_stats",
                "/proc/sched_debug",
                "/proc/scsi",
                "/sys/firmware",
                "/sys/devices/virtual/powercap"
            ],
            "ReadonlyPaths": [
                "/proc/bus",
                "/proc/fs",
                "/proc/irq",
                "/proc/sys",
                "/proc/sysrq-trigger"
            ]
        },
        "GraphDriver": {
            "Data": {
                "LowerDir": "/var/lib/docker/overlay2/9c025168385438e6a20e47f5e5d8fb1b24bb3d3df0db4e13619f54c2c9105a3c-init/diff:/var/lib/docker/overlay2/e2aa7de4334f27934037db00f17c5b459d4670cd1a9182cfb6412a2346248449/diff:/var/lib/docker/overlay2/294972ace5d03b83de437fc4c70bfed3a41cde18b8956b0633ba98e8df432178/diff:/var/lib/docker/overlay2/29bc49e0a52751bd0320a03040d12c39b0dcc9bf078cfa5c8e9ef023f5ffde33/diff:/var/lib/docker/overlay2/5d23609793f6b7e5300ae5bc2a5562ef463898510a6680d73cccd6e646ff7aa9/diff:/var/lib/docker/overlay2/ee05b851015b8f3ab0147eb4193b899270ff1a1bb7cccf36be330f6200661f0c/diff",
                "MergedDir": "/var/lib/docker/overlay2/9c025168385438e6a20e47f5e5d8fb1b24bb3d3df0db4e13619f54c2c9105a3c/merged",
                "UpperDir": "/var/lib/docker/overlay2/9c025168385438e6a20e47f5e5d8fb1b24bb3d3df0db4e13619f54c2c9105a3c/diff",
                "WorkDir": "/var/lib/docker/overlay2/9c025168385438e6a20e47f5e5d8fb1b24bb3d3df0db4e13619f54c2c9105a3c/work"
            },
            "Name": "overlay2"
        },
        "Mounts": [
            {
                "Type": "bind",
                "Source": "/tmp/openriak-docker-3.4.1-fedora-29-otp26-503z_o2h/openriak-kv-3.4.1-fedora-29-otp26-node-cluster-control",
                "Destination": "/var/lib/openriak-cluster-control",
                "Mode": "rw",
                "RW": true,
                "Propagation": "rprivate"
            },
            {
                "Type": "bind",
                "Source": "/tmp/openriak-docker-3.4.1-fedora-29-otp26-503z_o2h/openriak-kv-3.4.1-fedora-29-otp26-node-3/config",
                "Destination": "/etc/riak",
                "Mode": "rw",
                "RW": true,
                "Propagation": "rprivate"
            },
            {
                "Type": "bind",
                "Source": "/tmp/openriak-docker-3.4.1-fedora-29-otp26-503z_o2h/openriak-kv-3.4.1-fedora-29-otp26-node-3/data",
                "Destination": "/var/lib/riak",
                "Mode": "rw",
                "RW": true,
                "Propagation": "rprivate"
            },
            {
                "Type": "bind",
                "Source": "/tmp/openriak-docker-3.4.1-fedora-29-otp26-503z_o2h/openriak-kv-3.4.1-fedora-29-otp26-node-3/logs",
                "Destination": "/var/log/riak",
                "Mode": "rw",
                "RW": true,
                "Propagation": "rprivate"
            }
        ],
        "Config": {
            "Hostname": "node-03.cluster-a.openriak",
            "Domainname": "",
            "User": "",
            "AttachStdin": false,
            "AttachStdout": true,
            "AttachStderr": true,
            "ExposedPorts": {
                "8087/tcp": {},
                "8098/tcp": {}
            },
            "Tty": false,
            "OpenStdin": false,
            "StdinOnce": false,
            "Env": [
                "OPENRIAK_CLUSTER_MODE=cluster",
                "RIAK_UID=19001",
                "OPENRIAK_CLUSTER_WAIT_SECONDS=3600",
                "RIAK_GID=19002",
                "RIAK_MONITOR_INTERVAL_SECONDS=1",
                "RIAK_LOG_MAX_FILE_SIZE=2MB",
                "OPENRIAK_CLUSTER_POLL_SECONDS=1",
                "RIAK_DISTRIBUTED_COOKIE=openriak-fbce5ff4e85b9e3fbf776ac427e96115",
                "RIAK_LOG_MAX_FILES=4",
                "TZ=Asia/Tokyo",
                "RIAK_NODE_HOST=node-03.cluster-a.openriak",
                "PATH=/usr/local/sbin:/usr/local/bin:/usr/sbin:/usr/bin:/sbin:/bin",
                "RIAK_NODE_NAME=",
                "RIAK_RING_SIZE=8",
                "RIAK_STORAGE_BACKEND=leveled",
                "RIAK_ANTI_ENTROPY=passive",
                "RIAK_TICTACAAE_ACTIVE=active",
                "RIAK_TICTACAAE_STOREHEADS=enabled",
                "RIAK_HTTP_LISTENER=0.0.0.0:8098",
                "RIAK_PB_LISTENER=0.0.0.0:8087",
                "RIAK_NOFILE_LIMIT=100000",
                "RIAK_INIT_ONLY=0",
                "RIAK_STARTUP_POLL_SECONDS=1",
                "RIAK_SHUTDOWN_POLL_SECONDS=1",
                "OPENRIAK_CLUSTER_CONTROL_DIR=/var/lib/openriak-cluster-control",
                "role="
            ],
            "Cmd": null,
            "Healthcheck": {
                "Test": [
                    "CMD",
                    "/usr/local/bin/openriak-healthcheck"
                ],
                "Interval": 10000000000,
                "Timeout": 60000000000,
                "StartPeriod": 120000000000,
                "Retries": 3
            },
            "Image": "tiotjp/openriak-kv:test-3.4.1-fedora-29-otp26-linux-amd64-20260911t092735.140473z",
            "Volumes": {
                "/etc/riak": {},
                "/var/lib/riak": {},
                "/var/log/riak": {}
            },
            "WorkingDir": "/",
            "Entrypoint": [
                "/usr/local/bin/openriak-entrypoint"
            ],
            "OnBuild": null,
            "Labels": {
                "com.docker.compose.config-hash": "05fd4a93f33d28749a5a2fcf864a4b75342eca589fd34bf3d352b513e98de6df",
                "com.docker.compose.container-number": "1",
                "com.docker.compose.depends_on": "",
                "com.docker.compose.image": "sha256:bd501d822d2f0f9b3cdc3a350ea23e2c81442bb0a405e046076daca74f923ab1",
                "com.docker.compose.oneoff": "False",
                "com.docker.compose.project": "openriak-kv-341-fedora-29-otp26-node-cluster",
                "com.docker.compose.project.config_files": "/tmp/openriak-docker-3.4.1-fedora-29-otp26-503z_o2h/compose.cluster.test.yaml",
                "com.docker.compose.project.environment_file": "/tmp/openriak-docker-3.4.1-fedora-29-otp26-503z_o2h/.env.cluster",
                "com.docker.compose.project.working_dir": "/tmp/openriak-docker-3.4.1-fedora-29-otp26-503z_o2h",
                "com.docker.compose.service": "node3",
                "com.docker.compose.version": "2.29.1",
                "org.opencontainers.image.description": "Package-backed OpenRiak KV with single-node and cluster startup support",
                "org.opencontainers.image.source": "https://github.com/TI-Tokyo/openriak-docs",
                "org.opencontainers.image.title": "OpenRiak KV",
                "org.opencontainers.image.url": "https://www.tiot.jp/",
                "org.opencontainers.image.vendor": "TI Tokyo",
                "org.opencontainers.image.version": "3.4.1",
                "org.openriak.image.tag": "tiotjp/openriak-kv:3.4.1-fedora-29-otp26",
                "org.openriak.os.name": "fedora",
                "org.openriak.os.release": "29",
                "org.openriak.os.version": "29",
                "org.openriak.otp.version": "26"
            },
            "StopSignal": "SIGTERM",
            "StopTimeout": 120
        },
        "NetworkSettings": {
            "Bridge": "",
            "SandboxID": "18115ea99f3d7f6d538f4c3c4500f023777cdadf821879c040fa349808d03a23",
            "SandboxKey": "/var/run/docker/netns/18115ea99f3d",
            "Ports": {
                "8087/tcp": null,
                "8098/tcp": null
            },
            "HairpinMode": false,
            "LinkLocalIPv6Address": "",
            "LinkLocalIPv6PrefixLen": 0,
            "SecondaryIPAddresses": null,
            "SecondaryIPv6Addresses": null,
            "EndpointID": "",
            "Gateway": "",
            "GlobalIPv6Address": "",
            "GlobalIPv6PrefixLen": 0,
            "IPAddress": "",
            "IPPrefixLen": 0,
            "IPv6Gateway": "",
            "MacAddress": "",
            "Networks": {
                "openriak-kv-341-fedora-29-otp26-node-cluster_openriak": {
                    "IPAMConfig": {},
                    "Links": null,
                    "Aliases": [
                        "openriak-kv-3.4.1-fedora-29-otp26-node-3-t-140473z",
                        "node3",
                        "node-03.cluster-a.openriak"
                    ],
                    "MacAddress": "02:42:ac:16:00:06",
                    "DriverOpts": null,
                    "NetworkID": "c27300d5084aaa1afa55a226b534ec80f56a64d5d22375a7a3adc28eb04b43a2",
                    "EndpointID": "8eb9a46893a940a426a25cfa8f0170f39421bf17beadc774e7f28d7de866266b",
                    "Gateway": "172.22.0.1",
                    "IPAddress": "172.22.0.6",
                    "IPPrefixLen": 16,
                    "IPv6Gateway": "",
                    "GlobalIPv6Address": "",
                    "GlobalIPv6PrefixLen": 0,
                    "DNSNames": [
                        "openriak-kv-3.4.1-fedora-29-otp26-node-3-t-140473z",
                        "node3",
                        "node-03.cluster-a.openriak",
                        "e7211f0b04eb"
                    ]
                }
            }
        }
    }
]

timeout_seconds: 3600
exit_code: 0
$ /usr/bin/docker exec openriak-kv-3.4.1-fedora-29-otp26-node-3-t-140473z sh -ec 'for name in python python3 perl pip pip3 dnf yum microdnf rpm
do
    if command -v "$name" >/dev/null 2>&1
    then
        echo "Unexpected runtime command: $name" >&2
        exit 1
    fi
done
if find /usr /opt -type f \( -iname '"'"'*python*'"'"' -o -iname '"'"'*setuptools*'"'"' -o -name perl \) | grep .
then
    echo '"'"'Unexpected interpreter files'"'"' >&2
    exit 1
fi
test -s /usr/share/openriak-build/runtime-packages.txt
test -s /etc/os-release
'
started: 2026-09-11T09:33:48Z

timeout_seconds: 3600
exit_code: 0
