$ /usr/bin/docker exec openriak-kv-3.4.1-rhel-9-otp26-node-3-t-367848z sh -c 'date +%z
id -u riak
id -g riak
stat -c '"'"'%u:%g'"'"' /etc/riak /var/lib/riak /var/log/riak'
started: 2026-09-11T15:40:45Z
+0900
19001
19002
19001:19002
19001:19002
19001:19002

timeout_seconds: 3600
exit_code: 0
$ /usr/bin/docker container inspect openriak-kv-3.4.1-rhel-9-otp26-node-3-t-367848z
started: 2026-09-11T15:40:45Z
[
    {
        "Id": "ba4e62ea23449e57bb65849e689aed2f2986f92d2d9f81f88bf57cf325b2a3f2",
        "Created": "2026-09-11T15:37:25.539538812Z",
        "Path": "/usr/local/bin/openriak-entrypoint",
        "Args": [],
        "State": {
            "Status": "running",
            "Running": true,
            "Paused": false,
            "Restarting": false,
            "OOMKilled": false,
            "Dead": false,
            "Pid": 1361299,
            "ExitCode": 0,
            "Error": "",
            "StartedAt": "2026-09-11T15:37:25.58686301Z",
            "FinishedAt": "0001-01-01T00:00:00Z",
            "Health": {
                "Status": "healthy",
                "FailingStreak": 0,
                "Log": [
                    {
                        "Start": "2026-09-11T15:39:56.780037954Z",
                        "End": "2026-09-11T15:39:58.76021982Z",
                        "ExitCode": 0,
                        "Output": "OpenRiak healthcheck passed: BEAM is running and riak ping returned pong\n"
                    },
                    {
                        "Start": "2026-09-11T15:40:08.762475468Z",
                        "End": "2026-09-11T15:40:10.510949834Z",
                        "ExitCode": 0,
                        "Output": "OpenRiak healthcheck passed: BEAM is running and riak ping returned pong\n"
                    },
                    {
                        "Start": "2026-09-11T15:40:20.512250754Z",
                        "End": "2026-09-11T15:40:21.879545861Z",
                        "ExitCode": 0,
                        "Output": "OpenRiak healthcheck passed: BEAM is running and riak ping returned pong\n"
                    },
                    {
                        "Start": "2026-09-11T15:40:31.880718664Z",
                        "End": "2026-09-11T15:40:33.019263839Z",
                        "ExitCode": 0,
                        "Output": "OpenRiak healthcheck passed: BEAM is running and riak ping returned pong\n"
                    },
                    {
                        "Start": "2026-09-11T15:40:43.01985459Z",
                        "End": "2026-09-11T15:40:43.708355572Z",
                        "ExitCode": 0,
                        "Output": "OpenRiak healthcheck passed: BEAM is running and riak ping returned pong\n"
                    }
                ]
            }
        },
        "Image": "sha256:98183fef0c1efc87dcb503a19b45836ced08adf1c7d3e712d27b789381783da5",
        "ResolvConfPath": "/var/snap/docker/common/var-lib-docker/containers/ba4e62ea23449e57bb65849e689aed2f2986f92d2d9f81f88bf57cf325b2a3f2/resolv.conf",
        "HostnamePath": "/var/snap/docker/common/var-lib-docker/containers/ba4e62ea23449e57bb65849e689aed2f2986f92d2d9f81f88bf57cf325b2a3f2/hostname",
        "HostsPath": "/var/snap/docker/common/var-lib-docker/containers/ba4e62ea23449e57bb65849e689aed2f2986f92d2d9f81f88bf57cf325b2a3f2/hosts",
        "LogPath": "/var/snap/docker/common/var-lib-docker/containers/ba4e62ea23449e57bb65849e689aed2f2986f92d2d9f81f88bf57cf325b2a3f2/ba4e62ea23449e57bb65849e689aed2f2986f92d2d9f81f88bf57cf325b2a3f2-json.log",
        "Name": "/openriak-kv-3.4.1-rhel-9-otp26-node-3-t-367848z",
        "RestartCount": 0,
        "Driver": "overlay2",
        "Platform": "linux",
        "MountLabel": "",
        "ProcessLabel": "",
        "AppArmorProfile": "docker-default",
        "ExecIDs": null,
        "HostConfig": {
            "Binds": [
                "/home/peter/openriak-builds/tmp/openriak-docker-3.4.1-rhel-9-otp26-i0uv_3qv/openriak-kv-3.4.1-rhel-9-otp26-node-cluster-control:/var/lib/openriak-cluster-control:rw",
                "/home/peter/openriak-builds/tmp/openriak-docker-3.4.1-rhel-9-otp26-i0uv_3qv/openriak-kv-3.4.1-rhel-9-otp26-node-3/config:/etc/riak:rw",
                "/home/peter/openriak-builds/tmp/openriak-docker-3.4.1-rhel-9-otp26-i0uv_3qv/openriak-kv-3.4.1-rhel-9-otp26-node-3/data:/var/lib/riak:rw",
                "/home/peter/openriak-builds/tmp/openriak-docker-3.4.1-rhel-9-otp26-i0uv_3qv/openriak-kv-3.4.1-rhel-9-otp26-node-3/logs:/var/log/riak:rw"
            ],
            "ContainerIDFile": "",
            "LogConfig": {
                "Type": "json-file",
                "Config": {
                    "max-file": "3",
                    "max-size": "10m"
                }
            },
            "NetworkMode": "openriak-kv-341-rhel-9-otp26-node-cluster_openriak",
            "PortBindings": {},
            "RestartPolicy": {
                "Name": "no",
                "MaximumRetryCount": 0
            },
            "AutoRemove": false,
            "VolumeDriver": "",
            "VolumesFrom": null,
            "ConsoleSize": [
                0,
                0
            ],
            "CapAdd": null,
            "CapDrop": null,
            "CgroupnsMode": "private",
            "Dns": null,
            "DnsOptions": null,
            "DnsSearch": null,
            "ExtraHosts": [],
            "GroupAdd": null,
            "IpcMode": "private",
            "Cgroup": "",
            "Links": null,
            "OomScoreAdj": 0,
            "PidMode": "",
            "Privileged": false,
            "PublishAllPorts": false,
            "ReadonlyRootfs": false,
            "SecurityOpt": null,
            "UTSMode": "",
            "UsernsMode": "",
            "ShmSize": 67108864,
            "Runtime": "runc",
            "Isolation": "",
            "CpuShares": 0,
            "Memory": 0,
            "NanoCpus": 0,
            "CgroupParent": "",
            "BlkioWeight": 0,
            "BlkioWeightDevice": null,
            "BlkioDeviceReadBps": null,
            "BlkioDeviceWriteBps": null,
            "BlkioDeviceReadIOps": null,
            "BlkioDeviceWriteIOps": null,
            "CpuPeriod": 0,
            "CpuQuota": 0,
            "CpuRealtimePeriod": 0,
            "CpuRealtimeRuntime": 0,
            "CpusetCpus": "",
            "CpusetMems": "",
            "Devices": null,
            "DeviceCgroupRules": null,
            "DeviceRequests": null,
            "MemoryReservation": 0,
            "MemorySwap": 0,
            "MemorySwappiness": null,
            "OomKillDisable": null,
            "PidsLimit": null,
            "Ulimits": [
                {
                    "Name": "nofile",
                    "Hard": 100000,
                    "Soft": 100000
                }
            ],
            "CpuCount": 0,
            "CpuPercent": 0,
            "IOMaximumIOps": 0,
            "IOMaximumBandwidth": 0,
            "MaskedPaths": [
                "/proc/acpi",
                "/proc/asound",
                "/proc/interrupts",
                "/proc/kcore",
                "/proc/keys",
                "/proc/latency_stats",
                "/proc/sched_debug",
                "/proc/scsi",
                "/proc/timer_list",
                "/proc/timer_stats",
                "/sys/devices/virtual/powercap",
                "/sys/firmware",
                "/sys/devices/system/cpu/cpu0/thermal_throttle",
                "/sys/devices/system/cpu/cpu1/thermal_throttle",
                "/sys/devices/system/cpu/cpu2/thermal_throttle",
                "/sys/devices/system/cpu/cpu3/thermal_throttle"
            ],
            "ReadonlyPaths": [
                "/proc/bus",
                "/proc/fs",
                "/proc/irq",
                "/proc/sys",
                "/proc/sysrq-trigger"
            ]
        },
        "GraphDriver": {
            "Data": {
                "ID": "ba4e62ea23449e57bb65849e689aed2f2986f92d2d9f81f88bf57cf325b2a3f2",
                "LowerDir": "/var/snap/docker/common/var-lib-docker/overlay2/ed2c94ed0378b8f1217beecdae58aab536e021528a1b6956d848e5e08d750bc3-init/diff:/var/snap/docker/common/var-lib-docker/overlay2/738abc41af97fbb2c19960a55dd038bddff90f866b41db9a9352ad2326fe929f/diff:/var/snap/docker/common/var-lib-docker/overlay2/f54fc038cbddb968866924619c7691307db33c0154e9365456ca2d3f017b6ff8/diff:/var/snap/docker/common/var-lib-docker/overlay2/a40e98bee1c7cf354d72ed560eb9d98b1535c653627dc7890cfb63fa99915dc1/diff:/var/snap/docker/common/var-lib-docker/overlay2/dec554df61e0d0a40269fae11d7304853856b9913fbab3ce6bc01fef921ae286/diff:/var/snap/docker/common/var-lib-docker/overlay2/8622bedde7a849b634fd9a050710a260bbc1e18fc9ebb8970e6057f32d51e1cd/diff",
                "MergedDir": "/var/snap/docker/common/var-lib-docker/overlay2/ed2c94ed0378b8f1217beecdae58aab536e021528a1b6956d848e5e08d750bc3/merged",
                "UpperDir": "/var/snap/docker/common/var-lib-docker/overlay2/ed2c94ed0378b8f1217beecdae58aab536e021528a1b6956d848e5e08d750bc3/diff",
                "WorkDir": "/var/snap/docker/common/var-lib-docker/overlay2/ed2c94ed0378b8f1217beecdae58aab536e021528a1b6956d848e5e08d750bc3/work"
            },
            "Name": "overlay2"
        },
        "Mounts": [
            {
                "Type": "bind",
                "Source": "/home/peter/openriak-builds/tmp/openriak-docker-3.4.1-rhel-9-otp26-i0uv_3qv/openriak-kv-3.4.1-rhel-9-otp26-node-cluster-control",
                "Destination": "/var/lib/openriak-cluster-control",
                "Mode": "rw",
                "RW": true,
                "Propagation": "rprivate"
            },
            {
                "Type": "bind",
                "Source": "/home/peter/openriak-builds/tmp/openriak-docker-3.4.1-rhel-9-otp26-i0uv_3qv/openriak-kv-3.4.1-rhel-9-otp26-node-3/config",
                "Destination": "/etc/riak",
                "Mode": "rw",
                "RW": true,
                "Propagation": "rprivate"
            },
            {
                "Type": "bind",
                "Source": "/home/peter/openriak-builds/tmp/openriak-docker-3.4.1-rhel-9-otp26-i0uv_3qv/openriak-kv-3.4.1-rhel-9-otp26-node-3/data",
                "Destination": "/var/lib/riak",
                "Mode": "rw",
                "RW": true,
                "Propagation": "rprivate"
            },
            {
                "Type": "bind",
                "Source": "/home/peter/openriak-builds/tmp/openriak-docker-3.4.1-rhel-9-otp26-i0uv_3qv/openriak-kv-3.4.1-rhel-9-otp26-node-3/logs",
                "Destination": "/var/log/riak",
                "Mode": "rw",
                "RW": true,
                "Propagation": "rprivate"
            }
        ],
        "Config": {
            "Hostname": "node-03.cluster-a.openriak",
            "Domainname": "",
            "User": "",
            "AttachStdin": false,
            "AttachStdout": true,
            "AttachStderr": true,
            "ExposedPorts": {
                "8087/tcp": {},
                "8098/tcp": {}
            },
            "Tty": false,
            "OpenStdin": false,
            "StdinOnce": false,
            "Env": [
                "RIAK_LOG_MAX_FILES=4",
                "RIAK_GID=19002",
                "RIAK_LOG_MAX_FILE_SIZE=2MB",
                "RIAK_NODE_HOST=node-03.cluster-a.openriak",
                "OPENRIAK_CLUSTER_MODE=cluster",
                "RIAK_MONITOR_INTERVAL_SECONDS=1",
                "OPENRIAK_CLUSTER_POLL_SECONDS=1",
                "OPENRIAK_CLUSTER_WAIT_SECONDS=3600",
                "TZ=Asia/Tokyo",
                "RIAK_DISTRIBUTED_COOKIE=openriak-c4f66fc73ab297a1f25762b283a4c15d",
                "RIAK_UID=19001",
                "PATH=/usr/local/sbin:/usr/local/bin:/usr/sbin:/usr/bin:/sbin:/bin",
                "RIAK_NODE_NAME=",
                "RIAK_RING_SIZE=8",
                "RIAK_STORAGE_BACKEND=leveled",
                "RIAK_ANTI_ENTROPY=passive",
                "RIAK_TICTACAAE_ACTIVE=active",
                "RIAK_TICTACAAE_STOREHEADS=enabled",
                "RIAK_HTTP_LISTENER=0.0.0.0:8098",
                "RIAK_PB_LISTENER=0.0.0.0:8087",
                "RIAK_NOFILE_LIMIT=100000",
                "RIAK_INIT_ONLY=0",
                "RIAK_STARTUP_POLL_SECONDS=1",
                "RIAK_SHUTDOWN_POLL_SECONDS=1",
                "OPENRIAK_CLUSTER_CONTROL_DIR=/var/lib/openriak-cluster-control",
                "role="
            ],
            "Cmd": null,
            "Healthcheck": {
                "Test": [
                    "CMD",
                    "/usr/local/bin/openriak-healthcheck"
                ],
                "Interval": 10000000000,
                "Timeout": 60000000000,
                "StartPeriod": 120000000000,
                "Retries": 3
            },
            "Image": "tiotjp/openriak-kv:test-3.4.1-rhel-9-otp26-linux-amd64-20260911t153631.367848z",
            "Volumes": {
                "/etc/riak": {},
                "/var/lib/riak": {},
                "/var/log/riak": {}
            },
            "WorkingDir": "/",
            "Entrypoint": [
                "/usr/local/bin/openriak-entrypoint"
            ],
            "Labels": {
                "com.docker.compose.config-hash": "81845f477a9b87a1c94073e3d76bcd847c90dd3d5ba6e30a044a9b9fa226f880",
                "com.docker.compose.container-number": "1",
                "com.docker.compose.depends_on": "",
                "com.docker.compose.image": "sha256:98183fef0c1efc87dcb503a19b45836ced08adf1c7d3e712d27b789381783da5",
                "com.docker.compose.oneoff": "False",
                "com.docker.compose.project": "openriak-kv-341-rhel-9-otp26-node-cluster",
                "com.docker.compose.project.config_files": "/home/peter/openriak-builds/tmp/openriak-docker-3.4.1-rhel-9-otp26-i0uv_3qv/compose.cluster.test.yaml",
                "com.docker.compose.project.environment_file": "/home/peter/openriak-builds/tmp/openriak-docker-3.4.1-rhel-9-otp26-i0uv_3qv/.env.cluster",
                "com.docker.compose.project.working_dir": "/home/peter/openriak-builds/tmp/openriak-docker-3.4.1-rhel-9-otp26-i0uv_3qv",
                "com.docker.compose.service": "node3",
                "com.docker.compose.version": "2.32.4",
                "org.opencontainers.image.description": "Package-backed OpenRiak KV with single-node and cluster startup support",
                "org.opencontainers.image.source": "https://github.com/TI-Tokyo/openriak-docs",
                "org.opencontainers.image.title": "OpenRiak KV",
                "org.opencontainers.image.url": "https://www.tiot.jp/",
                "org.opencontainers.image.vendor": "TI Tokyo",
                "org.opencontainers.image.version": "3.4.1",
                "org.openriak.image.tag": "tiotjp/openriak-kv:3.4.1-rhel-9-otp26",
                "org.openriak.os.name": "rhel",
                "org.openriak.os.release": "9",
                "org.openriak.os.version": "9",
                "org.openriak.otp.version": "26"
            },
            "StopSignal": "SIGTERM",
            "StopTimeout": 120
        },
        "NetworkSettings": {
            "SandboxID": "312b6b605b33499d646b028210fe3c6c0e5f7b08638dd7a60ec107023bb8be8f",
            "SandboxKey": "/run/snap.docker/netns/312b6b605b33",
            "Ports": {
                "8087/tcp": null,
                "8098/tcp": null
            },
            "Networks": {
                "openriak-kv-341-rhel-9-otp26-node-cluster_openriak": {
                    "IPAMConfig": {},
                    "Links": null,
                    "Aliases": [
                        "openriak-kv-3.4.1-rhel-9-otp26-node-3-t-367848z",
                        "node3",
                        "node-03.cluster-a.openriak"
                    ],
                    "DriverOpts": null,
                    "GwPriority": 0,
                    "NetworkID": "aaea8264abd01cd8fae5bf53550a4f8983c8e64b9fbf7b018bfb85dc0f058edb",
                    "EndpointID": "f801fb90d2eb6bdcb540e7a0c419bd681685c7d1d224bafd9d1b81514839106e",
                    "Gateway": "172.19.0.1",
                    "IPAddress": "172.19.0.2",
                    "MacAddress": "3a:1e:9b:fb:91:3d",
                    "IPPrefixLen": 16,
                    "IPv6Gateway": "",
                    "GlobalIPv6Address": "",
                    "GlobalIPv6PrefixLen": 0,
                    "DNSNames": [
                        "openriak-kv-3.4.1-rhel-9-otp26-node-3-t-367848z",
                        "node3",
                        "node-03.cluster-a.openriak",
                        "ba4e62ea2344"
                    ]
                }
            }
        }
    }
]

timeout_seconds: 3600
exit_code: 0
$ /usr/bin/docker exec openriak-kv-3.4.1-rhel-9-otp26-node-3-t-367848z sh -ec 'for name in python python3 perl pip pip3 dnf yum microdnf rpm
do
    if command -v "$name" >/dev/null 2>&1
    then
        echo "Unexpected runtime command: $name" >&2
        exit 1
    fi
done
if find /usr /opt -type f \( -iname '"'"'*python*'"'"' -o -iname '"'"'*setuptools*'"'"' -o -name perl \) | grep .
then
    echo '"'"'Unexpected interpreter files'"'"' >&2
    exit 1
fi
test -s /usr/share/openriak-build/runtime-packages.txt
test -s /etc/os-release
'
started: 2026-09-11T15:40:45Z

timeout_seconds: 3600
exit_code: 0
