$ /usr/bin/docker compose --env-file /home/peter/openriak-builds/tmp/openriak-docker-3.4.1-rhel-9-otp26-i0uv_3qv/.env.cluster --project-directory /home/peter/openriak-builds/tmp/openriak-docker-3.4.1-rhel-9-otp26-i0uv_3qv --file /home/peter/openriak-builds/tmp/openriak-docker-3.4.1-rhel-9-otp26-i0uv_3qv/compose.cluster.test.yaml up --detach --no-build
started: 2026-09-11T15:37:25Z
 Network openriak-kv-341-rhel-9-otp26-node-cluster_openriak  Creating
 Network openriak-kv-341-rhel-9-otp26-node-cluster_openriak  Created
 Container openriak-kv-3.4.1-rhel-9-otp26-node-1-t-367848z  Creating
 Container openriak-kv-3.4.1-rhel-9-otp26-node-2-t-367848z  Creating
 Container openriak-kv-3.4.1-rhel-9-otp26-node-4-t-367848z  Creating
 Container openriak-kv-3.4.1-rhel-9-otp26-node-5-t-367848z  Creating
 Container openriak-kv-3.4.1-rhel-9-otp26-node-3-t-367848z  Creating
 Container openriak-kv-3.4.1-rhel-9-otp26-node-5-t-367848z  Created
 Container openriak-kv-3.4.1-rhel-9-otp26-node-1-t-367848z  Created
 Container openriak-kv-3.4.1-rhel-9-otp26-node-3-t-367848z  Created
 Container openriak-kv-3.4.1-rhel-9-otp26-node-4-t-367848z  Created
 Container openriak-kv-3.4.1-rhel-9-otp26-node-2-t-367848z  Created
 Container openriak-kv-3.4.1-rhel-9-otp26-node-2-t-367848z  Starting
 Container openriak-kv-3.4.1-rhel-9-otp26-node-1-t-367848z  Starting
 Container openriak-kv-3.4.1-rhel-9-otp26-node-5-t-367848z  Starting
 Container openriak-kv-3.4.1-rhel-9-otp26-node-4-t-367848z  Starting
 Container openriak-kv-3.4.1-rhel-9-otp26-node-3-t-367848z  Starting
 Container openriak-kv-3.4.1-rhel-9-otp26-node-3-t-367848z  Started
 Container openriak-kv-3.4.1-rhel-9-otp26-node-2-t-367848z  Started
 Container openriak-kv-3.4.1-rhel-9-otp26-node-1-t-367848z  Started
 Container openriak-kv-3.4.1-rhel-9-otp26-node-5-t-367848z  Started
 Container openriak-kv-3.4.1-rhel-9-otp26-node-4-t-367848z  Started

timeout_seconds: 3600
exit_code: 0
