$ /usr/bin/docker logs openriak-kv-3.4.1-rhel-9-otp26-node-t-367848z
started: 2026-09-11T15:37:24Z
2026-09-12T00:36:59+09:00 [openriak-entrypoint] configuration: timezone = Asia/Tokyo
usermod: no changes
2026-09-12T00:36:59+09:00 [openriak-entrypoint] configuration: riak UID/GID = 19001/19002
2026-09-12T00:36:59+09:00 [openriak-entrypoint] configuration: preparing mounted directories
2026-09-12T00:36:59+09:00 [openriak-entrypoint] configuration: using existing /etc/riak/riak.conf
2026-09-12T00:36:59+09:00 [openriak-entrypoint] configuration: current Docker IPv4 address = 172.30.0.2
2026-09-12T00:36:59+09:00 [openriak-entrypoint] configuration: preserving distributed cookie from existing riak.conf
2026-09-12T00:36:59+09:00 [openriak-entrypoint] configuration: preserving nodename from existing riak.conf
2026-09-12T00:36:59+09:00 [openriak-entrypoint] configuration: effective distributed cookie = openriak-d324ad5f7c342a33f4be251b399e4d13
2026-09-12T00:36:59+09:00 [openriak-entrypoint] configuration: preserving ring_size from existing riak.conf
2026-09-12T00:36:59+09:00 [openriak-entrypoint] configuration: preserving storage_backend from existing riak.conf
2026-09-12T00:36:59+09:00 [openriak-entrypoint] configuration: preserving anti_entropy from existing riak.conf
2026-09-12T00:36:59+09:00 [openriak-entrypoint] configuration: preserving tictacaae_active from existing riak.conf
2026-09-12T00:36:59+09:00 [openriak-entrypoint] configuration: preserving tictacaae_storeheads from existing riak.conf
2026-09-12T00:36:59+09:00 [openriak-entrypoint] configuration: preserving listener.http.internal from existing riak.conf
2026-09-12T00:36:59+09:00 [openriak-entrypoint] configuration: preserving listener.protobuf.internal from existing riak.conf
2026-09-12T00:36:59+09:00 [openriak-entrypoint] configuration: preserving logger.max_file_size from existing riak.conf
2026-09-12T00:36:59+09:00 [openriak-entrypoint] configuration: preserving logger.max_files from existing riak.conf
2026-09-12T00:36:59+09:00 [openriak-entrypoint] startup: validating configuration and generating VM arguments
2026-09-12T00:37:01+09:00 [openriak-entrypoint] startup: configuration is valid (config is OK -config /var/lib/riak/generated.conf/app.2026.09.12.00.37.00.config -args_file /var/lib/riak/generated.conf/vm.2026.09.12.00.37.00.args -vm_args /var/lib/riak/generated.conf/vm.2026.09.12.00.37.00.args)
2026-09-12T00:37:01+09:00 [openriak-entrypoint] startup: starting OpenRiak as a daemon
2026-09-12T00:37:05+09:00 [openriak-entrypoint] startup: daemon command completed
2026-09-12T00:37:05+09:00 [openriak-entrypoint] startup: waiting for BEAM and riak ping
2026-09-12T00:37:06+09:00 [openriak-entrypoint] startup: BEAM is running and riak ping returned pong
2026-09-12T00:37:06+09:00 [openriak-entrypoint] startup: waiting for the riak_kv service
2026-09-12T00:37:06+09:00 [openriak-entrypoint] startup: waiting for riak_kv (attempt 1, services=[])
2026-09-12T00:37:08+09:00 [openriak-entrypoint] startup: waiting for riak_kv (attempt 2, services=[])
2026-09-12T00:37:09+09:00 [openriak-entrypoint] startup: waiting for riak_kv (attempt 3, services=[])
2026-09-12T00:37:11+09:00 [openriak-entrypoint] startup: waiting for riak_kv (attempt 4, services=[])
2026-09-12T00:37:13+09:00 [openriak-entrypoint] startup: waiting for riak_kv (attempt 5, services=[])
2026-09-12T00:37:14+09:00 [openriak-entrypoint] startup: riak_kv service is up ([riak_kv,riak_pipe,riak_repl])
2026-09-12T00:37:14+09:00 [openriak-entrypoint] startup: waiting for Riak transfers to complete
2026-09-12T00:37:15+09:00 [openriak-entrypoint] startup: transfers complete (No transfers active Active Transfers: ok)
2026-09-12T00:37:15+09:00 [openriak-entrypoint] startup: OpenRiak is ready
2026-09-12T00:37:15+09:00 [openriak-entrypoint] monitor: sleeping for 1s
2026-09-12T00:37:16+09:00 [openriak-entrypoint] monitor: BEAM is running and riak ping returned pong
2026-09-12T00:37:16+09:00 [openriak-entrypoint] monitor: sleeping for 1s
2026-09-12T00:37:18+09:00 [openriak-entrypoint] monitor: BEAM is running and riak ping returned pong
2026-09-12T00:37:18+09:00 [openriak-entrypoint] monitor: sleeping for 1s
2026-09-12T00:37:19+09:00 [openriak-entrypoint] monitor: BEAM is running and riak ping returned pong
2026-09-12T00:37:19+09:00 [openriak-entrypoint] monitor: sleeping for 1s
2026-09-12T00:37:20+09:00 [openriak-entrypoint] shutdown: received SIGTERM
2026-09-12T00:37:20+09:00 [openriak-entrypoint] shutdown: requesting OpenRiak stop
2026-09-12T00:37:24+09:00 [openriak-entrypoint] shutdown: OpenRiak accepted the stop request
2026-09-12T00:37:24+09:00 [openriak-entrypoint] shutdown: BEAM stopped; container is exiting

timeout_seconds: 3600
exit_code: 0
