$ /usr/bin/docker buildx build --builder openriak-kv-multiarch --load --platform linux/amd64 --pull=false --no-cache --tag tiotjp/openriak-kv:test-3.4.1-rhel-9-otp26-linux-amd64-20260911t153631.367848z --file /home/peter/openriak-builds/openriak-distributed/openriak-docker-2026-09-11-b/living-room-b/20260911T084617.243958Z/results/3.4.1/3.4.1-rhel-9-otp26/platforms/linux-amd64/runs/20260911T153631.367848Z/Dockerfile /home/peter/openriak-builds/openriak-distributed/openriak-docker-2026-09-11-b/living-room-b/20260911T084617.243958Z/results/3.4.1/3.4.1-rhel-9-otp26/platforms/linux-amd64/runs/20260911T153631.367848Z
started: 2026-09-11T15:36:31Z
#0 building with "openriak-kv-multiarch" instance using docker-container driver

#1 [internal] load build definition from Dockerfile
#1 transferring dockerfile: 43.83kB done
#1 DONE 0.0s

#2 resolve image config for docker-image://docker.io/docker/dockerfile:1.7
#2 DONE 0.2s

#3 docker-image://docker.io/docker/dockerfile:1.7@sha256:a57df69d0ea827fb7266491f2813635de6f17269be881f696fbfdf2d83dda33e
#3 resolve docker.io/docker/dockerfile:1.7@sha256:a57df69d0ea827fb7266491f2813635de6f17269be881f696fbfdf2d83dda33e 0.0s done
#3 CACHED

#4 [internal] load metadata for registry.access.redhat.com/ubi9/ubi:9.8@sha256:206b65b8ee0f04b992818c9a51b29081b14974630d4850bc358097d0c44ea156
#4 DONE 0.6s

#5 [internal] load .dockerignore
#5 transferring context: 2B done
#5 DONE 0.0s

#6 [internal] preparing inline document
#6 CACHED

#7 [internal] preparing inline document
#7 CACHED

#8 [download-amd64 1/1] ADD --checksum=sha256:952f04a57622b160ef01d7aa15d3871924221766f1cd08dc74bf5ecd3ffbe9ea https://files.tiot.jp/riak/kv/3.4/3.4.1/rhel/9/riak-3.4.1.OTP26-1.el9.x86_64.rpm /riak-3.4.1.OTP26-1.el9.x86_64.rpm
#8 CACHED

#9 [install-amd64 1/2] FROM registry.access.redhat.com/ubi9/ubi:9.8@sha256:206b65b8ee0f04b992818c9a51b29081b14974630d4850bc358097d0c44ea156
#9 resolve registry.access.redhat.com/ubi9/ubi:9.8@sha256:206b65b8ee0f04b992818c9a51b29081b14974630d4850bc358097d0c44ea156 done
#9 CACHED

#10 [download-amd64 1/1] ADD --checksum=sha256:952f04a57622b160ef01d7aa15d3871924221766f1cd08dc74bf5ecd3ffbe9ea https://files.tiot.jp/riak/kv/3.4/3.4.1/rhel/9/riak-3.4.1.OTP26-1.el9.x86_64.rpm /riak-3.4.1.OTP26-1.el9.x86_64.rpm
#10 DONE 0.0s

#11 [install-amd64 2/2] RUN --mount=type=bind,from=download-amd64,target=/opt/openriak-package,ro <<'OPENRIAK_PACKAGE_INSTALL' (set -eu...)
#11 0.348 Updating Subscription Management repositories.
#11 0.348 Unable to read consumer identity
#11 0.351 
#11 0.351 This system is not registered with an entitlement server. You can use subscription-manager to register.
#11 0.351 
#11 0.500 Red Hat Universal Base Image 9 (RPMs) - BaseOS  4.3 MB/s | 535 kB     00:00    
#11 0.693 Red Hat Universal Base Image 9 (RPMs) - AppStre  28 MB/s | 2.9 MB     00:00    
#11 1.292 Red Hat Universal Base Image 9 (RPMs) - CodeRea 6.0 MB/s | 471 kB     00:00    
#11 1.538 Dependencies resolved.
#11 1.547 ===========================================================================================
#11 1.547  Package                    Arch    Version                     Repository             Size
#11 1.547 ===========================================================================================
#11 1.547 Installing:
#11 1.547  bash                       x86_64  5.1.8-9.el9                 ubi-9-baseos-rpms     1.7 M
#11 1.547  ca-certificates            noarch  2025.2.80_v9.0.305-91.el9   ubi-9-baseos-rpms     1.0 M
#11 1.547  coreutils                  x86_64  8.32-41.el9_8.1             ubi-9-baseos-rpms     1.2 M
#11 1.547  findutils                  x86_64  1:4.8.0-7.el9               ubi-9-baseos-rpms     550 k
#11 1.547  gawk                       x86_64  5.1.0-6.el9                 ubi-9-baseos-rpms     1.0 M
#11 1.547  glibc                      x86_64  2.34-275.el9_8              ubi-9-baseos-rpms     2.0 M
#11 1.547  glibc-minimal-langpack     x86_64  2.34-275.el9_8              ubi-9-baseos-rpms      30 k
#11 1.547  grep                       x86_64  3.6-5.el9                   ubi-9-baseos-rpms     273 k
#11 1.547  hostname                   x86_64  3.23-6.el9                  ubi-9-baseos-rpms      33 k
#11 1.547  libgcc                     x86_64  11.5.0-14.el9               ubi-9-baseos-rpms      85 k
#11 1.547  libstdc++                  x86_64  11.5.0-14.el9               ubi-9-baseos-rpms     745 k
#11 1.547  ncurses-libs               x86_64  6.2-12.20210508.el9         ubi-9-baseos-rpms     328 k
#11 1.547  openssl-libs               x86_64  1:3.5.5-6.el9_8             ubi-9-baseos-rpms     2.3 M
#11 1.547  pam                        x86_64  1.5.1-28.el9_8.1            ubi-9-baseos-rpms     630 k
#11 1.547  procps-ng                  x86_64  3.3.17-14.el9               ubi-9-baseos-rpms     353 k
#11 1.547  redhat-release             x86_64  9.8-1.0.el9                 ubi-9-baseos-rpms      60 k
#11 1.547  sed                        x86_64  4.8-10.el9                  ubi-9-baseos-rpms     310 k
#11 1.547  shadow-utils               x86_64  2:4.9-16.el9                ubi-9-baseos-rpms     1.2 M
#11 1.547  sudo                       x86_64  1.9.17p2-3.el9_8            ubi-9-baseos-rpms     1.3 M
#11 1.547  tzdata                     noarch  2026c-1.el9_8               ubi-9-baseos-rpms     911 k
#11 1.547  util-linux                 x86_64  2.37.4-25.el9               ubi-9-baseos-rpms     2.3 M
#11 1.547  zlib                       x86_64  1.2.11-40.el9               ubi-9-baseos-rpms      93 k
#11 1.547 Installing dependencies:
#11 1.547  alternatives               x86_64  1.24-2.el9                  ubi-9-baseos-rpms      42 k
#11 1.547  audit-libs                 x86_64  3.1.5-8.el9                 ubi-9-baseos-rpms     128 k
#11 1.547  basesystem                 noarch  11-13.el9                   ubi-9-baseos-rpms     8.0 k
#11 1.547  bzip2-libs                 x86_64  1.0.8-11.el9                ubi-9-baseos-rpms      45 k
#11 1.547  coreutils-common           x86_64  8.32-41.el9_8.1             ubi-9-baseos-rpms     2.0 M
#11 1.547  cracklib                   x86_64  2.9.6-28.el9                ubi-9-baseos-rpms     100 k
#11 1.547  cracklib-dicts             x86_64  2.9.6-28.el9                ubi-9-baseos-rpms     3.7 M
#11 1.547  crypto-policies            noarch  20260224-1.gitea0f072.el9_8 ubi-9-baseos-rpms      96 k
#11 1.547  cyrus-sasl-lib             x86_64  2.1.27-22.el9               ubi-9-baseos-rpms     768 k
#11 1.547  filesystem                 x86_64  3.16-5.el9                  ubi-9-baseos-rpms     4.8 M
#11 1.547  gdbm-libs                  x86_64  1:1.23-1.el9                ubi-9-baseos-rpms      59 k
#11 1.547  glibc-common               x86_64  2.34-275.el9_8              ubi-9-baseos-rpms     314 k
#11 1.547  gmp                        x86_64  1:6.2.0-13.el9              ubi-9-baseos-rpms     319 k
#11 1.547  gzip                       x86_64  1.12-2.el9_8                ubi-9-baseos-rpms     169 k
#11 1.547  keyutils-libs              x86_64  1.6.3-1.el9                 ubi-9-baseos-rpms      34 k
#11 1.547  krb5-libs                  x86_64  1.21.1-10.el9_8             ubi-9-baseos-rpms     772 k
#11 1.547  libacl                     x86_64  2.4.0-1.el9_8               ubi-9-baseos-rpms      31 k
#11 1.547  libattr                    x86_64  2.6.0-1.el9_8               ubi-9-baseos-rpms      23 k
#11 1.547  libblkid                   x86_64  2.37.4-25.el9               ubi-9-baseos-rpms     112 k
#11 1.547  libcap                     x86_64  2.48-10.el9_8.1             ubi-9-baseos-rpms      77 k
#11 1.547  libcap-ng                  x86_64  0.8.2-7.el9                 ubi-9-baseos-rpms      36 k
#11 1.547  libcom_err                 x86_64  1.46.5-8.el9                ubi-9-baseos-rpms      26 k
#11 1.547  libdb                      x86_64  5.3.28-57.el9_6             ubi-9-baseos-rpms     737 k
#11 1.547  libeconf                   x86_64  0.4.1-7.el9_8               ubi-9-baseos-rpms      32 k
#11 1.547  libevent                   x86_64  2.1.12-8.el9_4              ubi-9-baseos-rpms     266 k
#11 1.547  libfdisk                   x86_64  2.37.4-25.el9               ubi-9-baseos-rpms     158 k
#11 1.547  libffi                     x86_64  3.4.2-8.el9                 ubi-9-baseos-rpms      40 k
#11 1.547  libgcrypt                  x86_64  1.10.0-13.el9_8             ubi-9-baseos-rpms     512 k
#11 1.547  libgpg-error               x86_64  1.42-5.el9                  ubi-9-baseos-rpms     220 k
#11 1.547  libmount                   x86_64  2.37.4-25.el9               ubi-9-baseos-rpms     139 k
#11 1.547  libpwquality               x86_64  1.4.4-8.el9                 ubi-9-baseos-rpms     123 k
#11 1.547  libselinux                 x86_64  3.6-3.el9                   ubi-9-baseos-rpms      88 k
#11 1.547  libsemanage                x86_64  3.6-5.el9_6                 ubi-9-baseos-rpms     121 k
#11 1.547  libsepol                   x86_64  3.6-3.el9                   ubi-9-baseos-rpms     331 k
#11 1.547  libsigsegv                 x86_64  2.13-4.el9                  ubi-9-baseos-rpms      30 k
#11 1.547  libsmartcols               x86_64  2.37.4-25.el9               ubi-9-baseos-rpms      67 k
#11 1.547  libtasn1                   x86_64  4.16.0-10.el9_8             ubi-9-baseos-rpms      80 k
#11 1.547  libtool-ltdl               x86_64  2.4.6-46.el9                ubi-9-appstream-rpms   37 k
#11 1.547  libutempter                x86_64  1.2.1-6.el9                 ubi-9-baseos-rpms      30 k
#11 1.547  libuuid                    x86_64  2.37.4-25.el9               ubi-9-baseos-rpms      32 k
#11 1.547  libverto                   x86_64  0.3.2-3.el9                 ubi-9-baseos-rpms      24 k
#11 1.547  libxcrypt                  x86_64  4.4.18-3.el9                ubi-9-baseos-rpms     120 k
#11 1.547  libzstd                    x86_64  1.5.5-1.el9                 ubi-9-baseos-rpms     297 k
#11 1.547  lz4-libs                   x86_64  1.9.3-5.el9                 ubi-9-baseos-rpms      69 k
#11 1.547  mpfr                       x86_64  4.1.0-10.el9                ubi-9-baseos-rpms     330 k
#11 1.547  ncurses-base               noarch  6.2-12.20210508.el9         ubi-9-baseos-rpms      96 k
#11 1.547  openldap                   x86_64  2.6.8-4.el9                 ubi-9-baseos-rpms     290 k
#11 1.547  openssl                    x86_64  1:3.5.5-6.el9_8             ubi-9-baseos-rpms     1.5 M
#11 1.547  openssl-fips-provider      x86_64  3.0.7-11.el9_8              ubi-9-baseos-rpms      14 k
#11 1.547  openssl-fips-provider-so   x86_64  3.0.7-11.el9_8              ubi-9-baseos-rpms     581 k
#11 1.547  p11-kit                    x86_64  0.26.4-1.el9_8              ubi-9-baseos-rpms     611 k
#11 1.547  p11-kit-trust              x86_64  0.26.4-1.el9_8              ubi-9-baseos-rpms     162 k
#11 1.547  pcre                       x86_64  8.44-4.el9                  ubi-9-baseos-rpms     200 k
#11 1.547  pcre2                      x86_64  10.40-6.el9                 ubi-9-baseos-rpms     236 k
#11 1.547  pcre2-syntax               noarch  10.40-6.el9                 ubi-9-baseos-rpms     144 k
#11 1.547  readline                   x86_64  8.1-4.el9                   ubi-9-baseos-rpms     215 k
#11 1.547  setup                      noarch  2.13.7-10.el9               ubi-9-baseos-rpms     150 k
#11 1.547  systemd-libs               x86_64  252-67.el9_8.4              ubi-9-baseos-rpms     665 k
#11 1.547  util-linux-core            x86_64  2.37.4-25.el9               ubi-9-baseos-rpms     466 k
#11 1.547  xz-libs                    x86_64  5.2.5-8.el9_0               ubi-9-baseos-rpms      94 k
#11 1.547 
#11 1.547 Transaction Summary
#11 1.547 ===========================================================================================
#11 1.547 Install  82 Packages
#11 1.547 
#11 1.553 Total download size: 41 M
#11 1.553 Installed size: 113 M
#11 1.554 Downloading Packages:
#11 1.602 (1/82): alternatives-1.24-2.el9.x86_64.rpm      1.0 MB/s |  42 kB     00:00    
#11 1.602 (2/82): basesystem-11-13.el9.noarch.rpm         200 kB/s | 8.0 kB     00:00    
#11 1.605 (3/82): audit-libs-3.1.5-8.el9.x86_64.rpm       2.9 MB/s | 128 kB     00:00    
#11 1.610 (4/82): bzip2-libs-1.0.8-11.el9.x86_64.rpm      6.4 MB/s |  45 kB     00:00    
#11 1.642 (5/82): bash-5.1.8-9.el9.x86_64.rpm              43 MB/s | 1.7 MB     00:00    
#11 1.649 (6/82): ca-certificates-2025.2.80_v9.0.305-91.e  24 MB/s | 1.0 MB     00:00    
#11 1.667 (7/82): coreutils-8.32-41.el9_8.1.x86_64.rpm     21 MB/s | 1.2 MB     00:00    
#11 1.670 (8/82): cracklib-2.9.6-28.el9.x86_64.rpm        4.8 MB/s | 100 kB     00:00    
#11 1.685 (9/82): coreutils-common-8.32-41.el9_8.1.x86_64  48 MB/s | 2.0 MB     00:00    
#11 1.687 (10/82): crypto-policies-20260224-1.gitea0f072. 5.6 MB/s |  96 kB     00:00    
#11 1.723 (11/82): cyrus-sasl-lib-2.1.27-22.el9.x86_64.rp  20 MB/s | 768 kB     00:00    
#11 1.741 (12/82): cracklib-dicts-2.9.6-28.el9.x86_64.rpm  50 MB/s | 3.7 MB     00:00    
#11 1.748 (13/82): findutils-4.8.0-7.el9.x86_64.rpm        22 MB/s | 550 kB     00:00    
#11 1.763 (14/82): gdbm-libs-1.23-1.el9.x86_64.rpm        4.1 MB/s |  59 kB     00:00    
#11 1.770 (15/82): gawk-5.1.0-6.el9.x86_64.rpm             35 MB/s | 1.0 MB     00:00    
#11 1.803 (16/82): filesystem-3.16-5.el9.x86_64.rpm        41 MB/s | 4.8 MB     00:00    
#11 1.808 (17/82): glibc-common-2.34-275.el9_8.x86_64.rpm 8.1 MB/s | 314 kB     00:00    
#11 1.809 (18/82): glibc-minimal-langpack-2.34-275.el9_8. 5.0 MB/s |  30 kB     00:00    
#11 1.824 (19/82): glibc-2.34-275.el9_8.x86_64.rpm         33 MB/s | 2.0 MB     00:00    
#11 1.827 (20/82): grep-3.6-5.el9.x86_64.rpm               16 MB/s | 273 kB     00:00    
#11 1.830 (21/82): gmp-6.2.0-13.el9.x86_64.rpm             15 MB/s | 319 kB     00:00    
#11 1.832 (22/82): hostname-3.23-6.el9.x86_64.rpm         7.0 MB/s |  33 kB     00:00    
#11 1.834 (23/82): gzip-1.12-2.el9_8.x86_64.rpm            16 MB/s | 169 kB     00:00    
#11 1.836 (24/82): keyutils-libs-1.6.3-1.el9.x86_64.rpm   6.2 MB/s |  34 kB     00:00    
#11 1.841 (25/82): libacl-2.4.0-1.el9_8.x86_64.rpm        5.2 MB/s |  31 kB     00:00    
#11 1.843 (26/82): libattr-2.6.0-1.el9_8.x86_64.rpm       3.5 MB/s |  23 kB     00:00    
#11 1.849 (27/82): krb5-libs-1.21.1-10.el9_8.x86_64.rpm    46 MB/s | 772 kB     00:00    
#11 1.851 (28/82): libcap-2.48-10.el9_8.1.x86_64.rpm      9.5 MB/s |  77 kB     00:00    
#11 1.853 (29/82): libblkid-2.37.4-25.el9.x86_64.rpm      9.3 MB/s | 112 kB     00:00    
#11 1.855 (30/82): libcap-ng-0.8.2-7.el9.x86_64.rpm       7.0 MB/s |  36 kB     00:00    
#11 1.857 (31/82): libcom_err-1.46.5-8.el9.x86_64.rpm     4.5 MB/s |  26 kB     00:00    
#11 1.861 (32/82): libeconf-0.4.1-7.el9_8.x86_64.rpm      5.1 MB/s |  32 kB     00:00    
#11 1.868 (33/82): libdb-5.3.28-57.el9_6.x86_64.rpm        50 MB/s | 737 kB     00:00    
#11 1.871 (34/82): libfdisk-2.37.4-25.el9.x86_64.rpm       17 MB/s | 158 kB     00:00    
#11 1.874 (35/82): libevent-2.1.12-8.el9_4.x86_64.rpm      17 MB/s | 266 kB     00:00    
#11 1.875 (36/82): libffi-3.4.2-8.el9.x86_64.rpm          5.5 MB/s |  40 kB     00:00    
#11 1.877 (37/82): libgcc-11.5.0-14.el9.x86_64.rpm         13 MB/s |  85 kB     00:00    
#11 1.886 (38/82): libgcrypt-1.10.0-13.el9_8.x86_64.rpm    42 MB/s | 512 kB     00:00    
#11 1.889 (39/82): libmount-2.37.4-25.el9.x86_64.rpm       12 MB/s | 139 kB     00:00    
#11 1.891 (40/82): libgpg-error-1.42-5.el9.x86_64.rpm      14 MB/s | 220 kB     00:00    
#11 1.893 (41/82): libpwquality-1.4.4-8.el9.x86_64.rpm     17 MB/s | 123 kB     00:00    
#11 1.897 (42/82): libselinux-3.6-3.el9.x86_64.rpm         12 MB/s |  88 kB     00:00    
#11 1.899 (43/82): libsemanage-3.6-5.el9_6.x86_64.rpm      17 MB/s | 121 kB     00:00    
#11 1.903 (44/82): libsepol-3.6-3.el9.x86_64.rpm           34 MB/s | 331 kB     00:00    
#11 1.905 (45/82): libsigsegv-2.13-4.el9.x86_64.rpm       3.7 MB/s |  30 kB     00:00    
#11 1.907 (46/82): libsmartcols-2.37.4-25.el9.x86_64.rpm  8.4 MB/s |  67 kB     00:00    
#11 1.913 (47/82): libtasn1-4.16.0-10.el9_8.x86_64.rpm     11 MB/s |  80 kB     00:00    
#11 1.915 (48/82): libutempter-1.2.1-6.el9.x86_64.rpm     3.7 MB/s |  30 kB     00:00    
#11 1.918 (49/82): libuuid-2.37.4-25.el9.x86_64.rpm       6.1 MB/s |  32 kB     00:00    
#11 1.922 (50/82): libstdc++-11.5.0-14.el9.x86_64.rpm      39 MB/s | 745 kB     00:00    
#11 1.924 (51/82): libverto-0.3.2-3.el9.x86_64.rpm        2.9 MB/s |  24 kB     00:00    
#11 1.926 (52/82): libxcrypt-4.4.18-3.el9.x86_64.rpm       16 MB/s | 120 kB     00:00    
#11 1.931 (53/82): lz4-libs-1.9.3-5.el9.x86_64.rpm         10 MB/s |  69 kB     00:00    
#11 1.934 (54/82): libzstd-1.5.5-1.el9.x86_64.rpm          27 MB/s | 297 kB     00:00    
#11 1.938 (55/82): mpfr-4.1.0-10.el9.x86_64.rpm            28 MB/s | 330 kB     00:00    
#11 1.940 (56/82): ncurses-base-6.2-12.20210508.el9.noarc  11 MB/s |  96 kB     00:00    
#11 1.945 (57/82): ncurses-libs-6.2-12.20210508.el9.x86_6  31 MB/s | 328 kB     00:00    
#11 1.950 (58/82): openldap-2.6.8-4.el9.x86_64.rpm         25 MB/s | 290 kB     00:00    
#11 1.965 (59/82): openssl-3.5.5-6.el9_8.x86_64.rpm        60 MB/s | 1.5 MB     00:00    
#11 1.966 (60/82): openssl-fips-provider-3.0.7-11.el9_8.x 675 kB/s |  14 kB     00:00    
#11 1.975 (61/82): openssl-fips-provider-so-3.0.7-11.el9_  23 MB/s | 581 kB     00:00    
#11 1.985 (62/82): p11-kit-0.26.4-1.el9_8.x86_64.rpm       33 MB/s | 611 kB     00:00    
#11 1.990 (63/82): p11-kit-trust-0.26.4-1.el9_8.x86_64.rp  11 MB/s | 162 kB     00:00    
#11 2.004 (64/82): pam-1.5.1-28.el9_8.1.x86_64.rpm         33 MB/s | 630 kB     00:00    
#11 2.009 (65/82): pcre-8.44-4.el9.x86_64.rpm              11 MB/s | 200 kB     00:00    
#11 2.022 (66/82): openssl-libs-3.5.5-6.el9_8.x86_64.rpm   42 MB/s | 2.3 MB     00:00    
#11 2.025 (67/82): pcre2-10.40-6.el9.x86_64.rpm            12 MB/s | 236 kB     00:00    
#11 2.027 (68/82): pcre2-syntax-10.40-6.el9.noarch.rpm    7.9 MB/s | 144 kB     00:00    
#11 2.035 (69/82): procps-ng-3.3.17-14.el9.x86_64.rpm      28 MB/s | 353 kB     00:00    
#11 2.037 (70/82): readline-8.1-4.el9.x86_64.rpm           18 MB/s | 215 kB     00:00    
#11 2.045 (71/82): setup-2.13.7-10.el9.noarch.rpm          20 MB/s | 150 kB     00:00    
#11 2.047 (72/82): redhat-release-9.8-1.0.el9.x86_64.rpm  3.1 MB/s |  60 kB     00:00    
#11 2.054 (73/82): sed-4.8-10.el9.x86_64.rpm               16 MB/s | 310 kB     00:00    
#11 2.081 (74/82): sudo-1.9.17p2-3.el9_8.x86_64.rpm        41 MB/s | 1.3 MB     00:00    
#11 2.089 (75/82): shadow-utils-4.9-16.el9.x86_64.rpm      27 MB/s | 1.2 MB     00:00    
#11 2.098 (76/82): systemd-libs-252-67.el9_8.4.x86_64.rpm  15 MB/s | 665 kB     00:00    
#11 2.112 (77/82): tzdata-2026c-1.el9_8.noarch.rpm         29 MB/s | 911 kB     00:00    
#11 2.121 (78/82): util-linux-core-2.37.4-25.el9.x86_64.r  21 MB/s | 466 kB     00:00    
#11 2.125 (79/82): xz-libs-5.2.5-8.el9_0.x86_64.rpm       7.4 MB/s |  94 kB     00:00    
#11 2.128 (80/82): zlib-1.2.11-40.el9.x86_64.rpm           13 MB/s |  93 kB     00:00    
#11 2.131 (81/82): libtool-ltdl-2.4.6-46.el9.x86_64.rpm   6.8 MB/s |  37 kB     00:00    
#11 2.143 (82/82): util-linux-2.37.4-25.el9.x86_64.rpm     43 MB/s | 2.3 MB     00:00    
#11 2.147 --------------------------------------------------------------------------------
#11 2.148 Total                                            69 MB/s |  41 MB     00:00     
#11 2.161 Red Hat Universal Base Image 9 (RPMs) - BaseOS  3.5 MB/s | 3.6 kB     00:00    
#11 2.232 Importing GPG key 0xFD431D51:
#11 2.232  Userid     : "Red Hat, Inc. (release key 2) <security@redhat.com>"
#11 2.232  Fingerprint: 567E 347A D004 4ADE 55BA 8A5F 199E 2F91 FD43 1D51
#11 2.232  From       : /etc/pki/rpm-gpg/RPM-GPG-KEY-redhat-release
#11 2.236 Key imported successfully
#11 2.236 Importing GPG key 0x5A6340B3:
#11 2.236  Userid     : "Red Hat, Inc. (auxiliary key 3) <security@redhat.com>"
#11 2.236  Fingerprint: 7E46 2425 8C40 6535 D56D 6F13 5054 E4A4 5A63 40B3
#11 2.236  From       : /etc/pki/rpm-gpg/RPM-GPG-KEY-redhat-release
#11 2.237 Key imported successfully
#11 3.360 Running transaction check
#11 3.419 Transaction check succeeded.
#11 3.420 Running transaction test
#11 4.279 Transaction test succeeded.
#11 4.280 Running transaction
#11 4.873   Running scriptlet: filesystem-3.16-5.el9.x86_64                           1/1 
#11 5.238   Preparing        :                                                        1/1 
#11 5.400   Installing       : tzdata-2026c-1.el9_8.noarch                           1/82 
#11 5.414   Installing       : redhat-release-9.8-1.0.el9.x86_64                     2/82 
#11 5.423   Installing       : setup-2.13.7-10.el9.noarch                            3/82 
#11 5.425   Running scriptlet: setup-2.13.7-10.el9.noarch                            3/82 
#11 5.475   Installing       : filesystem-3.16-5.el9.x86_64                          4/82 
#11 5.532   Installing       : basesystem-11-13.el9.noarch                           5/82 
#11 5.534   Installing       : pcre2-syntax-10.40-6.el9.noarch                       6/82 
#11 5.553   Installing       : ncurses-base-6.2-12.20210508.el9.noarch               7/82 
#11 5.566   Installing       : ncurses-libs-6.2-12.20210508.el9.x86_64               8/82 
#11 5.588   Installing       : bash-5.1.8-9.el9.x86_64                               9/82 
#11 5.591   Running scriptlet: bash-5.1.8-9.el9.x86_64                               9/82 
#11 5.594   Installing       : libgcc-11.5.0-14.el9.x86_64                          10/82 
#11 5.596   Running scriptlet: libgcc-11.5.0-14.el9.x86_64                          10/82 
#11 5.597   Installing       : glibc-minimal-langpack-2.34-275.el9_8.x86_64         11/82 
#11 5.609   Installing       : glibc-common-2.34-275.el9_8.x86_64                   12/82 
#11 5.613   Running scriptlet: glibc-2.34-275.el9_8.x86_64                          13/82 
#11 5.654   Installing       : glibc-2.34-275.el9_8.x86_64                          13/82 
#11 5.658   Running scriptlet: glibc-2.34-275.el9_8.x86_64                          13/82 
#11 6.296   Installing       : libuuid-2.37.4-25.el9.x86_64                         14/82 
#11 6.301   Installing       : libxcrypt-4.4.18-3.el9.x86_64                        15/82 
#11 6.305   Installing       : zlib-1.2.11-40.el9.x86_64                            16/82 
#11 6.313   Installing       : gmp-1:6.2.0-13.el9.x86_64                            17/82 
#11 6.316   Installing       : libacl-2.4.0-1.el9_8.x86_64                          18/82 
#11 6.319   Installing       : libattr-2.6.0-1.el9_8.x86_64                         19/82 
#11 6.325   Installing       : libcap-2.48-10.el9_8.1.x86_64                        20/82 
#11 6.329   Installing       : libcap-ng-0.8.2-7.el9.x86_64                         21/82 
#11 6.334   Installing       : audit-libs-3.1.5-8.el9.x86_64                        22/82 
#11 6.338   Installing       : libcom_err-1.46.5-8.el9.x86_64                       23/82 
#11 6.341   Installing       : libffi-3.4.2-8.el9.x86_64                            24/82 
#11 6.348   Installing       : libsepol-3.6-3.el9.x86_64                            25/82 
#11 6.352   Installing       : libsigsegv-2.13-4.el9.x86_64                         26/82 
#11 6.356   Installing       : libsmartcols-2.37.4-25.el9.x86_64                    27/82 
#11 6.360   Installing       : libtasn1-4.16.0-10.el9_8.x86_64                      28/82 
#11 6.377   Installing       : p11-kit-0.26.4-1.el9_8.x86_64                        29/82 
#11 6.385   Installing       : readline-8.1-4.el9.x86_64                            30/82 
#11 6.401   Installing       : crypto-policies-20260224-1.gitea0f072.el9_8.noarch   31/82 
#11 6.405   Running scriptlet: crypto-policies-20260224-1.gitea0f072.el9_8.noarch   31/82 
#11 6.411   Installing       : mpfr-4.1.0-10.el9.x86_64                             32/82 
#11 6.427   Installing       : gawk-5.1.0-6.el9.x86_64                              33/82 
#11 6.432   Installing       : alternatives-1.24-2.el9.x86_64                       34/82 
#11 6.438   Installing       : p11-kit-trust-0.26.4-1.el9_8.x86_64                  35/82 
#11 6.440   Running scriptlet: p11-kit-trust-0.26.4-1.el9_8.x86_64                  35/82 
#11 6.761   Installing       : bzip2-libs-1.0.8-11.el9.x86_64                       36/82 
#11 6.765   Installing       : gdbm-libs-1:1.23-1.el9.x86_64                        37/82 
#11 6.769   Installing       : keyutils-libs-1.6.3-1.el9.x86_64                     38/82 
#11 6.782   Installing       : libdb-5.3.28-57.el9_6.x86_64                         39/82 
#11 6.786   Installing       : libeconf-0.4.1-7.el9_8.x86_64                        40/82 
#11 6.792   Installing       : libgpg-error-1.42-5.el9.x86_64                       41/82 
#11 6.803   Installing       : libgcrypt-1.10.0-13.el9_8.x86_64                     42/82 
#11 6.807   Installing       : libverto-0.3.2-3.el9.x86_64                          43/82 
#11 6.814   Installing       : libzstd-1.5.5-1.el9.x86_64                           44/82 
#11 6.817   Installing       : lz4-libs-1.9.3-5.el9.x86_64                          45/82 
#11 6.824   Installing       : pcre-8.44-4.el9.x86_64                               46/82 
#11 6.830   Installing       : grep-3.6-5.el9.x86_64                                47/82 
#11 6.838   Installing       : pcre2-10.40-6.el9.x86_64                             48/82 
#11 6.842   Installing       : libselinux-3.6-3.el9.x86_64                          49/82 
#11 6.847   Installing       : sed-4.8-10.el9.x86_64                                50/82 
#11 6.855   Installing       : findutils-1:4.8.0-7.el9.x86_64                       51/82 
#11 6.861   Installing       : libsemanage-3.6-5.el9_6.x86_64                       52/82 
#11 6.884   Installing       : shadow-utils-2:4.9-16.el9.x86_64                     53/82 
#11 6.890   Running scriptlet: libutempter-1.2.1-6.el9.x86_64                       54/82 
#11 7.223   Installing       : libutempter-1.2.1-6.el9.x86_64                       54/82 
#11 7.227   Installing       : xz-libs-5.2.5-8.el9_0.x86_64                         55/82 
#11 7.231   Installing       : libtool-ltdl-2.4.6-46.el9.x86_64                     56/82 
#11 7.251   Installing       : coreutils-common-8.32-41.el9_8.1.x86_64              57/82 
#11 7.263   Installing       : openssl-fips-provider-so-3.0.7-11.el9_8.x86_64       58/82 
#11 7.266   Installing       : openssl-fips-provider-3.0.7-11.el9_8.x86_64          59/82 
#11 7.307   Installing       : openssl-libs-1:3.5.5-6.el9_8.x86_64                  60/82 
#11 7.363   Installing       : coreutils-8.32-41.el9_8.1.x86_64                     61/82 
#11 7.370   Running scriptlet: ca-certificates-2025.2.80_v9.0.305-91.el9.noarch     62/82 
#11 7.703   Installing       : ca-certificates-2025.2.80_v9.0.305-91.el9.noarch     62/82 
#11 7.709   Running scriptlet: ca-certificates-2025.2.80_v9.0.305-91.el9.noarch     62/82 
#11 9.098   Installing       : libblkid-2.37.4-25.el9.x86_64                        63/82 
#11 9.100   Running scriptlet: libblkid-2.37.4-25.el9.x86_64                        63/82 
#11 9.431   Installing       : systemd-libs-252-67.el9_8.4.x86_64                   64/82 
#11 9.434   Running scriptlet: systemd-libs-252-67.el9_8.4.x86_64                   64/82 
#11 9.764   Installing       : libmount-2.37.4-25.el9.x86_64                        65/82 
#11 9.783   Installing       : util-linux-core-2.37.4-25.el9.x86_64                 66/82 
#11 9.787   Running scriptlet: util-linux-core-2.37.4-25.el9.x86_64                 66/82 
#11 10.11   Installing       : libfdisk-2.37.4-25.el9.x86_64                        67/82 
#11 10.12   Installing       : gzip-1.12-2.el9_8.x86_64                             68/82 
#11 10.12   Installing       : cracklib-2.9.6-28.el9.x86_64                         69/82 
#11 10.19   Installing       : cracklib-dicts-2.9.6-28.el9.x86_64                   70/82 
#11 10.21   Installing       : krb5-libs-1.21.1-10.el9_8.x86_64                     71/82 
#11 10.22   Installing       : cyrus-sasl-lib-2.1.27-22.el9.x86_64                  72/82 
#11 10.24   Installing       : openssl-1:3.5.5-6.el9_8.x86_64                       73/82 
#11 10.25   Installing       : libpwquality-1.4.4-8.el9.x86_64                      74/82 
#11 10.27   Installing       : pam-1.5.1-28.el9_8.1.x86_64                          75/82 
#11 10.29   Installing       : libevent-2.1.12-8.el9_4.x86_64                       76/82 
#11 10.30   Installing       : openldap-2.6.8-4.el9.x86_64                          77/82 
#11 10.33   Installing       : sudo-1.9.17p2-3.el9_8.x86_64                         78/82 
#11 10.33   Running scriptlet: sudo-1.9.17p2-3.el9_8.x86_64                         78/82 
#11 10.71   Installing       : util-linux-2.37.4-25.el9.x86_64                      79/82 
#11 10.73   Installing       : procps-ng-3.3.17-14.el9.x86_64                       80/82 
#11 10.73   Installing       : hostname-3.23-6.el9.x86_64                           81/82 
#11 10.73   Running scriptlet: hostname-3.23-6.el9.x86_64                           81/82 
#11 11.07   Installing       : libstdc++-11.5.0-14.el9.x86_64                       82/82 
#11 11.09   Running scriptlet: filesystem-3.16-5.el9.x86_64                         82/82 
#11 11.41   Running scriptlet: ca-certificates-2025.2.80_v9.0.305-91.el9.noarch     82/82 
#11 12.82   Running scriptlet: libstdc++-11.5.0-14.el9.x86_64                       82/82 
#11 13.25   Verifying        : alternatives-1.24-2.el9.x86_64                        1/82 
#11 13.25   Verifying        : audit-libs-3.1.5-8.el9.x86_64                         2/82 
#11 13.25   Verifying        : basesystem-11-13.el9.noarch                           3/82 
#11 13.25   Verifying        : bash-5.1.8-9.el9.x86_64                               4/82 
#11 13.25   Verifying        : bzip2-libs-1.0.8-11.el9.x86_64                        5/82 
#11 13.25   Verifying        : ca-certificates-2025.2.80_v9.0.305-91.el9.noarch      6/82 
#11 13.25   Verifying        : coreutils-8.32-41.el9_8.1.x86_64                      7/82 
#11 13.25   Verifying        : coreutils-common-8.32-41.el9_8.1.x86_64               8/82 
#11 13.25   Verifying        : cracklib-2.9.6-28.el9.x86_64                          9/82 
#11 13.25   Verifying        : cracklib-dicts-2.9.6-28.el9.x86_64                   10/82 
#11 13.25   Verifying        : crypto-policies-20260224-1.gitea0f072.el9_8.noarch   11/82 
#11 13.25   Verifying        : cyrus-sasl-lib-2.1.27-22.el9.x86_64                  12/82 
#11 13.25   Verifying        : filesystem-3.16-5.el9.x86_64                         13/82 
#11 13.25   Verifying        : findutils-1:4.8.0-7.el9.x86_64                       14/82 
#11 13.25   Verifying        : gawk-5.1.0-6.el9.x86_64                              15/82 
#11 13.25   Verifying        : gdbm-libs-1:1.23-1.el9.x86_64                        16/82 
#11 13.25   Verifying        : glibc-2.34-275.el9_8.x86_64                          17/82 
#11 13.25   Verifying        : glibc-common-2.34-275.el9_8.x86_64                   18/82 
#11 13.25   Verifying        : glibc-minimal-langpack-2.34-275.el9_8.x86_64         19/82 
#11 13.25   Verifying        : gmp-1:6.2.0-13.el9.x86_64                            20/82 
#11 13.25   Verifying        : grep-3.6-5.el9.x86_64                                21/82 
#11 13.25   Verifying        : gzip-1.12-2.el9_8.x86_64                             22/82 
#11 13.25   Verifying        : hostname-3.23-6.el9.x86_64                           23/82 
#11 13.25   Verifying        : keyutils-libs-1.6.3-1.el9.x86_64                     24/82 
#11 13.25   Verifying        : krb5-libs-1.21.1-10.el9_8.x86_64                     25/82 
#11 13.25   Verifying        : libacl-2.4.0-1.el9_8.x86_64                          26/82 
#11 13.25   Verifying        : libattr-2.6.0-1.el9_8.x86_64                         27/82 
#11 13.25   Verifying        : libblkid-2.37.4-25.el9.x86_64                        28/82 
#11 13.25   Verifying        : libcap-2.48-10.el9_8.1.x86_64                        29/82 
#11 13.25   Verifying        : libcap-ng-0.8.2-7.el9.x86_64                         30/82 
#11 13.25   Verifying        : libcom_err-1.46.5-8.el9.x86_64                       31/82 
#11 13.25   Verifying        : libdb-5.3.28-57.el9_6.x86_64                         32/82 
#11 13.25   Verifying        : libeconf-0.4.1-7.el9_8.x86_64                        33/82 
#11 13.25   Verifying        : libevent-2.1.12-8.el9_4.x86_64                       34/82 
#11 13.25   Verifying        : libfdisk-2.37.4-25.el9.x86_64                        35/82 
#11 13.25   Verifying        : libffi-3.4.2-8.el9.x86_64                            36/82 
#11 13.25   Verifying        : libgcc-11.5.0-14.el9.x86_64                          37/82 
#11 13.25   Verifying        : libgcrypt-1.10.0-13.el9_8.x86_64                     38/82 
#11 13.25   Verifying        : libgpg-error-1.42-5.el9.x86_64                       39/82 
#11 13.25   Verifying        : libmount-2.37.4-25.el9.x86_64                        40/82 
#11 13.25   Verifying        : libpwquality-1.4.4-8.el9.x86_64                      41/82 
#11 13.25   Verifying        : libselinux-3.6-3.el9.x86_64                          42/82 
#11 13.25   Verifying        : libsemanage-3.6-5.el9_6.x86_64                       43/82 
#11 13.25   Verifying        : libsepol-3.6-3.el9.x86_64                            44/82 
#11 13.25   Verifying        : libsigsegv-2.13-4.el9.x86_64                         45/82 
#11 13.25   Verifying        : libsmartcols-2.37.4-25.el9.x86_64                    46/82 
#11 13.25   Verifying        : libstdc++-11.5.0-14.el9.x86_64                       47/82 
#11 13.25   Verifying        : libtasn1-4.16.0-10.el9_8.x86_64                      48/82 
#11 13.25   Verifying        : libutempter-1.2.1-6.el9.x86_64                       49/82 
#11 13.25   Verifying        : libuuid-2.37.4-25.el9.x86_64                         50/82 
#11 13.25   Verifying        : libverto-0.3.2-3.el9.x86_64                          51/82 
#11 13.25   Verifying        : libxcrypt-4.4.18-3.el9.x86_64                        52/82 
#11 13.25   Verifying        : libzstd-1.5.5-1.el9.x86_64                           53/82 
#11 13.25   Verifying        : lz4-libs-1.9.3-5.el9.x86_64                          54/82 
#11 13.25   Verifying        : mpfr-4.1.0-10.el9.x86_64                             55/82 
#11 13.25   Verifying        : ncurses-base-6.2-12.20210508.el9.noarch              56/82 
#11 13.26   Verifying        : ncurses-libs-6.2-12.20210508.el9.x86_64              57/82 
#11 13.26   Verifying        : openldap-2.6.8-4.el9.x86_64                          58/82 
#11 13.26   Verifying        : openssl-1:3.5.5-6.el9_8.x86_64                       59/82 
#11 13.26   Verifying        : openssl-fips-provider-3.0.7-11.el9_8.x86_64          60/82 
#11 13.26   Verifying        : openssl-fips-provider-so-3.0.7-11.el9_8.x86_64       61/82 
#11 13.26   Verifying        : openssl-libs-1:3.5.5-6.el9_8.x86_64                  62/82 
#11 13.26   Verifying        : p11-kit-0.26.4-1.el9_8.x86_64                        63/82 
#11 13.26   Verifying        : p11-kit-trust-0.26.4-1.el9_8.x86_64                  64/82 
#11 13.26   Verifying        : pam-1.5.1-28.el9_8.1.x86_64                          65/82 
#11 13.26   Verifying        : pcre-8.44-4.el9.x86_64                               66/82 
#11 13.26   Verifying        : pcre2-10.40-6.el9.x86_64                             67/82 
#11 13.26   Verifying        : pcre2-syntax-10.40-6.el9.noarch                      68/82 
#11 13.26   Verifying        : procps-ng-3.3.17-14.el9.x86_64                       69/82 
#11 13.26   Verifying        : readline-8.1-4.el9.x86_64                            70/82 
#11 13.26   Verifying        : redhat-release-9.8-1.0.el9.x86_64                    71/82 
#11 13.26   Verifying        : sed-4.8-10.el9.x86_64                                72/82 
#11 13.26   Verifying        : setup-2.13.7-10.el9.noarch                           73/82 
#11 13.26   Verifying        : shadow-utils-2:4.9-16.el9.x86_64                     74/82 
#11 13.26   Verifying        : sudo-1.9.17p2-3.el9_8.x86_64                         75/82 
#11 13.26   Verifying        : systemd-libs-252-67.el9_8.4.x86_64                   76/82 
#11 13.26   Verifying        : tzdata-2026c-1.el9_8.noarch                          77/82 
#11 13.26   Verifying        : util-linux-2.37.4-25.el9.x86_64                      78/82 
#11 13.26   Verifying        : util-linux-core-2.37.4-25.el9.x86_64                 79/82 
#11 13.26   Verifying        : xz-libs-5.2.5-8.el9_0.x86_64                         80/82 
#11 13.26   Verifying        : zlib-1.2.11-40.el9.x86_64                            81/82 
#11 13.26   Verifying        : libtool-ltdl-2.4.6-46.el9.x86_64                     82/82 
#11 13.34 Installed products updated.
#11 13.35 
#11 13.35 Installed:
#11 13.35   alternatives-1.24-2.el9.x86_64                                                
#11 13.35   audit-libs-3.1.5-8.el9.x86_64                                                 
#11 13.35   basesystem-11-13.el9.noarch                                                   
#11 13.35   bash-5.1.8-9.el9.x86_64                                                       
#11 13.35   bzip2-libs-1.0.8-11.el9.x86_64                                                
#11 13.35   ca-certificates-2025.2.80_v9.0.305-91.el9.noarch                              
#11 13.35   coreutils-8.32-41.el9_8.1.x86_64                                              
#11 13.35   coreutils-common-8.32-41.el9_8.1.x86_64                                       
#11 13.35   cracklib-2.9.6-28.el9.x86_64                                                  
#11 13.35   cracklib-dicts-2.9.6-28.el9.x86_64                                            
#11 13.35   crypto-policies-20260224-1.gitea0f072.el9_8.noarch                            
#11 13.35   cyrus-sasl-lib-2.1.27-22.el9.x86_64                                           
#11 13.35   filesystem-3.16-5.el9.x86_64                                                  
#11 13.35   findutils-1:4.8.0-7.el9.x86_64                                                
#11 13.35   gawk-5.1.0-6.el9.x86_64                                                       
#11 13.35   gdbm-libs-1:1.23-1.el9.x86_64                                                 
#11 13.35   glibc-2.34-275.el9_8.x86_64                                                   
#11 13.35   glibc-common-2.34-275.el9_8.x86_64                                            
#11 13.35   glibc-minimal-langpack-2.34-275.el9_8.x86_64                                  
#11 13.35   gmp-1:6.2.0-13.el9.x86_64                                                     
#11 13.35   grep-3.6-5.el9.x86_64                                                         
#11 13.35   gzip-1.12-2.el9_8.x86_64                                                      
#11 13.35   hostname-3.23-6.el9.x86_64                                                    
#11 13.35   keyutils-libs-1.6.3-1.el9.x86_64                                              
#11 13.35   krb5-libs-1.21.1-10.el9_8.x86_64                                              
#11 13.35   libacl-2.4.0-1.el9_8.x86_64                                                   
#11 13.35   libattr-2.6.0-1.el9_8.x86_64                                                  
#11 13.35   libblkid-2.37.4-25.el9.x86_64                                                 
#11 13.35   libcap-2.48-10.el9_8.1.x86_64                                                 
#11 13.35   libcap-ng-0.8.2-7.el9.x86_64                                                  
#11 13.35   libcom_err-1.46.5-8.el9.x86_64                                                
#11 13.35   libdb-5.3.28-57.el9_6.x86_64                                                  
#11 13.35   libeconf-0.4.1-7.el9_8.x86_64                                                 
#11 13.35   libevent-2.1.12-8.el9_4.x86_64                                                
#11 13.35   libfdisk-2.37.4-25.el9.x86_64                                                 
#11 13.35   libffi-3.4.2-8.el9.x86_64                                                     
#11 13.35   libgcc-11.5.0-14.el9.x86_64                                                   
#11 13.35   libgcrypt-1.10.0-13.el9_8.x86_64                                              
#11 13.35   libgpg-error-1.42-5.el9.x86_64                                                
#11 13.35   libmount-2.37.4-25.el9.x86_64                                                 
#11 13.35   libpwquality-1.4.4-8.el9.x86_64                                               
#11 13.35   libselinux-3.6-3.el9.x86_64                                                   
#11 13.35   libsemanage-3.6-5.el9_6.x86_64                                                
#11 13.35   libsepol-3.6-3.el9.x86_64                                                     
#11 13.35   libsigsegv-2.13-4.el9.x86_64                                                  
#11 13.35   libsmartcols-2.37.4-25.el9.x86_64                                             
#11 13.35   libstdc++-11.5.0-14.el9.x86_64                                                
#11 13.35   libtasn1-4.16.0-10.el9_8.x86_64                                               
#11 13.35   libtool-ltdl-2.4.6-46.el9.x86_64                                              
#11 13.35   libutempter-1.2.1-6.el9.x86_64                                                
#11 13.35   libuuid-2.37.4-25.el9.x86_64                                                  
#11 13.35   libverto-0.3.2-3.el9.x86_64                                                   
#11 13.35   libxcrypt-4.4.18-3.el9.x86_64                                                 
#11 13.35   libzstd-1.5.5-1.el9.x86_64                                                    
#11 13.35   lz4-libs-1.9.3-5.el9.x86_64                                                   
#11 13.35   mpfr-4.1.0-10.el9.x86_64                                                      
#11 13.35   ncurses-base-6.2-12.20210508.el9.noarch                                       
#11 13.35   ncurses-libs-6.2-12.20210508.el9.x86_64                                       
#11 13.35   openldap-2.6.8-4.el9.x86_64                                                   
#11 13.35   openssl-1:3.5.5-6.el9_8.x86_64                                                
#11 13.35   openssl-fips-provider-3.0.7-11.el9_8.x86_64                                   
#11 13.35   openssl-fips-provider-so-3.0.7-11.el9_8.x86_64                                
#11 13.35   openssl-libs-1:3.5.5-6.el9_8.x86_64                                           
#11 13.35   p11-kit-0.26.4-1.el9_8.x86_64                                                 
#11 13.35   p11-kit-trust-0.26.4-1.el9_8.x86_64                                           
#11 13.35   pam-1.5.1-28.el9_8.1.x86_64                                                   
#11 13.35   pcre-8.44-4.el9.x86_64                                                        
#11 13.35   pcre2-10.40-6.el9.x86_64                                                      
#11 13.35   pcre2-syntax-10.40-6.el9.noarch                                               
#11 13.35   procps-ng-3.3.17-14.el9.x86_64                                                
#11 13.35   readline-8.1-4.el9.x86_64                                                     
#11 13.35   redhat-release-9.8-1.0.el9.x86_64                                             
#11 13.35   sed-4.8-10.el9.x86_64                                                         
#11 13.35   setup-2.13.7-10.el9.noarch                                                    
#11 13.35   shadow-utils-2:4.9-16.el9.x86_64                                              
#11 13.35   sudo-1.9.17p2-3.el9_8.x86_64                                                  
#11 13.35   systemd-libs-252-67.el9_8.4.x86_64                                            
#11 13.35   tzdata-2026c-1.el9_8.noarch                                                   
#11 13.35   util-linux-2.37.4-25.el9.x86_64                                               
#11 13.35   util-linux-core-2.37.4-25.el9.x86_64                                          
#11 13.35   xz-libs-5.2.5-8.el9_0.x86_64                                                  
#11 13.35   zlib-1.2.11-40.el9.x86_64                                                     
#11 13.35 
#11 13.35 Complete!
#11 13.47 Verifying...                          ########################################
#11 13.77 Preparing...                          ########################################
#11 14.15 Updating / installing...
#11 14.15 riak-3.4.1.OTP26-1.el9                ########################################
#11 DONE 15.3s

#12 [package-amd64 1/1] COPY --from=install-amd64 /openriak-rootfs/ /
#12 DONE 0.6s

#13 [final 1/4] RUN <<'OPENRIAK_IMAGE_SETUP' (set -eu...)
#13 0.107 uid=999(riak) gid=999(riak) groups=999(riak)
#13 DONE 0.2s

#14 [final 2/4] COPY <<OPENRIAK_ENTRYPOINT /usr/local/bin/openriak-entrypoint
#14 DONE 0.0s

#15 [final 3/4] COPY <<OPENRIAK_HEALTHCHECK /usr/local/bin/openriak-healthcheck
#15 DONE 0.0s

#16 [final 4/4] RUN <<'OPENRIAK_SCRIPT_SETUP' (set -eu...)
#16 DONE 0.1s

#17 exporting to docker image format
#17 exporting layers
#17 exporting layers 5.5s done
#17 exporting manifest sha256:730e3a7690f38e8d94b5114226e420bc4a5fc9add8cadc410db813ee1c83522e done
#17 exporting config sha256:98183fef0c1efc87dcb503a19b45836ced08adf1c7d3e712d27b789381783da5 done
#17 sending tarball
#17 ...

#18 importing to docker
#18 loading layer 4dcabda766a3 557.06kB / 70.24MB
#18 loading layer e99a253b071b 23.61kB / 23.61kB
#18 loading layer 4dcabda766a3 70.24MB / 70.24MB 1.8s done
#18 loading layer e99a253b071b 23.61kB / 23.61kB 0.0s done
#18 loading layer d7a3194129f8 7.70kB / 7.70kB 0.0s done
#18 loading layer 74e2ab70b1de 386B / 386B 0.0s done
#18 loading layer ac26c5da70d0 7.87kB / 7.87kB 0.0s done
#18 DONE 1.8s

#17 exporting to docker image format
#17 sending tarball 2.4s done
#17 DONE 7.9s

timeout_seconds: 3600
exit_code: 0
