$ /usr/bin/docker exec openriak-kv-3.4.1-alpine-3.21-otp26-node-1-t-568349z sh -c 'date +%z
id -u riak
id -g riak
stat -c '"'"'%u:%g'"'"' /etc/riak /var/lib/riak /var/log/riak'
started: 2026-09-11T13:53:05Z
+0900
19001
19002
19001:19002
19001:19002
19001:19002

timeout_seconds: 3600
exit_code: 0
$ /usr/bin/docker container inspect openriak-kv-3.4.1-alpine-3.21-otp26-node-1-t-568349z
started: 2026-09-11T13:53:05Z
[
    {
        "Id": "432e8fab718e60decc3354995f51b56ede8a0126268f0ecd5cf9e4fc9c40266d",
        "Created": "2026-09-11T13:48:53.428353283Z",
        "Path": "/usr/local/bin/openriak-entrypoint",
        "Args": [],
        "State": {
            "Status": "running",
            "Running": true,
            "Paused": false,
            "Restarting": false,
            "OOMKilled": false,
            "Dead": false,
            "Pid": 42001,
            "ExitCode": 0,
            "Error": "",
            "StartedAt": "2026-09-11T13:48:53.457290098Z",
            "FinishedAt": "0001-01-01T00:00:00Z",
            "Health": {
                "Status": "healthy",
                "FailingStreak": 0,
                "Log": [
                    {
                        "Start": "2026-09-11T13:52:19.136294904Z",
                        "End": "2026-09-11T13:52:20.425627189Z",
                        "ExitCode": 0,
                        "Output": "OpenRiak healthcheck passed: BEAM is running and riak ping returned pong\n"
                    },
                    {
                        "Start": "2026-09-11T13:52:30.426245915Z",
                        "End": "2026-09-11T13:52:31.373929744Z",
                        "ExitCode": 0,
                        "Output": "OpenRiak healthcheck passed: BEAM is running and riak ping returned pong\n"
                    },
                    {
                        "Start": "2026-09-11T13:52:41.377685551Z",
                        "End": "2026-09-11T13:52:42.065503696Z",
                        "ExitCode": 0,
                        "Output": "OpenRiak healthcheck passed: BEAM is running and riak ping returned pong\n"
                    },
                    {
                        "Start": "2026-09-11T13:52:52.067036617Z",
                        "End": "2026-09-11T13:52:53.221462583Z",
                        "ExitCode": 0,
                        "Output": "OpenRiak healthcheck passed: BEAM is running and riak ping returned pong\n"
                    },
                    {
                        "Start": "2026-09-11T13:53:03.225035463Z",
                        "End": "2026-09-11T13:53:04.056431893Z",
                        "ExitCode": 0,
                        "Output": "OpenRiak healthcheck passed: BEAM is running and riak ping returned pong\n"
                    }
                ]
            }
        },
        "Image": "sha256:e04dbe3b92121711da5a8f2ee5a3c5630a1dc94b58f7972aff96fc0931331298",
        "ResolvConfPath": "/var/snap/docker/common/var-lib-docker/containers/432e8fab718e60decc3354995f51b56ede8a0126268f0ecd5cf9e4fc9c40266d/resolv.conf",
        "HostnamePath": "/var/snap/docker/common/var-lib-docker/containers/432e8fab718e60decc3354995f51b56ede8a0126268f0ecd5cf9e4fc9c40266d/hostname",
        "HostsPath": "/var/snap/docker/common/var-lib-docker/containers/432e8fab718e60decc3354995f51b56ede8a0126268f0ecd5cf9e4fc9c40266d/hosts",
        "LogPath": "/var/snap/docker/common/var-lib-docker/containers/432e8fab718e60decc3354995f51b56ede8a0126268f0ecd5cf9e4fc9c40266d/432e8fab718e60decc3354995f51b56ede8a0126268f0ecd5cf9e4fc9c40266d-json.log",
        "Name": "/openriak-kv-3.4.1-alpine-3.21-otp26-node-1-t-568349z",
        "RestartCount": 0,
        "Driver": "overlay2",
        "Platform": "linux",
        "MountLabel": "",
        "ProcessLabel": "",
        "AppArmorProfile": "docker-default",
        "ExecIDs": null,
        "HostConfig": {
            "Binds": [
                "/home/peter/openriak-builds/tmp/openriak-docker-3.4.1-alpine-3.21-otp26-io7w_w9t/openriak-kv-3.4.1-alpine-3.21-otp26-node-cluster-control:/var/lib/openriak-cluster-control:rw",
                "/home/peter/openriak-builds/tmp/openriak-docker-3.4.1-alpine-3.21-otp26-io7w_w9t/openriak-kv-3.4.1-alpine-3.21-otp26-node-1/config:/etc/riak:rw",
                "/home/peter/openriak-builds/tmp/openriak-docker-3.4.1-alpine-3.21-otp26-io7w_w9t/openriak-kv-3.4.1-alpine-3.21-otp26-node-1/data:/var/lib/riak:rw",
                "/home/peter/openriak-builds/tmp/openriak-docker-3.4.1-alpine-3.21-otp26-io7w_w9t/openriak-kv-3.4.1-alpine-3.21-otp26-node-1/logs:/var/log/riak:rw"
            ],
            "ContainerIDFile": "",
            "LogConfig": {
                "Type": "json-file",
                "Config": {
                    "max-file": "3",
                    "max-size": "10m"
                }
            },
            "NetworkMode": "openriak-kv-341-alpine-321-otp26-node-cluster_openriak",
            "PortBindings": {},
            "RestartPolicy": {
                "Name": "no",
                "MaximumRetryCount": 0
            },
            "AutoRemove": false,
            "VolumeDriver": "",
            "VolumesFrom": null,
            "ConsoleSize": [
                0,
                0
            ],
            "CapAdd": null,
            "CapDrop": null,
            "CgroupnsMode": "private",
            "Dns": null,
            "DnsOptions": null,
            "DnsSearch": null,
            "ExtraHosts": [],
            "GroupAdd": null,
            "IpcMode": "private",
            "Cgroup": "",
            "Links": null,
            "OomScoreAdj": 0,
            "PidMode": "",
            "Privileged": false,
            "PublishAllPorts": false,
            "ReadonlyRootfs": false,
            "SecurityOpt": null,
            "UTSMode": "",
            "UsernsMode": "",
            "ShmSize": 67108864,
            "Runtime": "runc",
            "Isolation": "",
            "CpuShares": 0,
            "Memory": 0,
            "NanoCpus": 0,
            "CgroupParent": "",
            "BlkioWeight": 0,
            "BlkioWeightDevice": null,
            "BlkioDeviceReadBps": null,
            "BlkioDeviceWriteBps": null,
            "BlkioDeviceReadIOps": null,
            "BlkioDeviceWriteIOps": null,
            "CpuPeriod": 0,
            "CpuQuota": 0,
            "CpuRealtimePeriod": 0,
            "CpuRealtimeRuntime": 0,
            "CpusetCpus": "",
            "CpusetMems": "",
            "Devices": null,
            "DeviceCgroupRules": null,
            "DeviceRequests": null,
            "MemoryReservation": 0,
            "MemorySwap": 0,
            "MemorySwappiness": null,
            "OomKillDisable": null,
            "PidsLimit": null,
            "Ulimits": [
                {
                    "Name": "nofile",
                    "Hard": 100000,
                    "Soft": 100000
                }
            ],
            "CpuCount": 0,
            "CpuPercent": 0,
            "IOMaximumIOps": 0,
            "IOMaximumBandwidth": 0,
            "MaskedPaths": [
                "/proc/acpi",
                "/proc/asound",
                "/proc/interrupts",
                "/proc/kcore",
                "/proc/keys",
                "/proc/latency_stats",
                "/proc/sched_debug",
                "/proc/scsi",
                "/proc/timer_list",
                "/proc/timer_stats",
                "/sys/devices/virtual/powercap",
                "/sys/firmware",
                "/sys/devices/system/cpu/cpu0/thermal_throttle",
                "/sys/devices/system/cpu/cpu1/thermal_throttle",
                "/sys/devices/system/cpu/cpu2/thermal_throttle",
                "/sys/devices/system/cpu/cpu3/thermal_throttle"
            ],
            "ReadonlyPaths": [
                "/proc/bus",
                "/proc/fs",
                "/proc/irq",
                "/proc/sys",
                "/proc/sysrq-trigger"
            ]
        },
        "GraphDriver": {
            "Data": {
                "ID": "432e8fab718e60decc3354995f51b56ede8a0126268f0ecd5cf9e4fc9c40266d",
                "LowerDir": "/var/snap/docker/common/var-lib-docker/overlay2/bd051cdcfd43f65680884a367526683a446547ea7be841fd958e351782f3e2b4-init/diff:/var/snap/docker/common/var-lib-docker/overlay2/23e443bc8b8cf914680319d9d86aec6d86c2f5c2b1648e89b3fd3327701852b8/diff:/var/snap/docker/common/var-lib-docker/overlay2/56efc18e79e5ba276df3bfb538140aad80d437cf2798047c319cbb6f626ac228/diff:/var/snap/docker/common/var-lib-docker/overlay2/7f808cb6ae6bab798c823478e98e2b689530c218d9c8f50c21a35ad44fdf0b54/diff:/var/snap/docker/common/var-lib-docker/overlay2/5c48c3d0cc441b07c44585acfbac58c3672ea375d5106b521e50856fb35e5b6c/diff:/var/snap/docker/common/var-lib-docker/overlay2/87a03228831a1b28763f1fecccd2fbb3a154c8d77e3657becf302b7528d552d1/diff:/var/snap/docker/common/var-lib-docker/overlay2/aa555e64919d18fd684c3ae6e18832c6de592f19273004227a1d4a38ee10fb06/diff",
                "MergedDir": "/var/snap/docker/common/var-lib-docker/overlay2/bd051cdcfd43f65680884a367526683a446547ea7be841fd958e351782f3e2b4/merged",
                "UpperDir": "/var/snap/docker/common/var-lib-docker/overlay2/bd051cdcfd43f65680884a367526683a446547ea7be841fd958e351782f3e2b4/diff",
                "WorkDir": "/var/snap/docker/common/var-lib-docker/overlay2/bd051cdcfd43f65680884a367526683a446547ea7be841fd958e351782f3e2b4/work"
            },
            "Name": "overlay2"
        },
        "Mounts": [
            {
                "Type": "bind",
                "Source": "/home/peter/openriak-builds/tmp/openriak-docker-3.4.1-alpine-3.21-otp26-io7w_w9t/openriak-kv-3.4.1-alpine-3.21-otp26-node-cluster-control",
                "Destination": "/var/lib/openriak-cluster-control",
                "Mode": "rw",
                "RW": true,
                "Propagation": "rprivate"
            },
            {
                "Type": "bind",
                "Source": "/home/peter/openriak-builds/tmp/openriak-docker-3.4.1-alpine-3.21-otp26-io7w_w9t/openriak-kv-3.4.1-alpine-3.21-otp26-node-1/config",
                "Destination": "/etc/riak",
                "Mode": "rw",
                "RW": true,
                "Propagation": "rprivate"
            },
            {
                "Type": "bind",
                "Source": "/home/peter/openriak-builds/tmp/openriak-docker-3.4.1-alpine-3.21-otp26-io7w_w9t/openriak-kv-3.4.1-alpine-3.21-otp26-node-1/data",
                "Destination": "/var/lib/riak",
                "Mode": "rw",
                "RW": true,
                "Propagation": "rprivate"
            },
            {
                "Type": "bind",
                "Source": "/home/peter/openriak-builds/tmp/openriak-docker-3.4.1-alpine-3.21-otp26-io7w_w9t/openriak-kv-3.4.1-alpine-3.21-otp26-node-1/logs",
                "Destination": "/var/log/riak",
                "Mode": "rw",
                "RW": true,
                "Propagation": "rprivate"
            }
        ],
        "Config": {
            "Hostname": "node-01.cluster-a.openriak",
            "Domainname": "",
            "User": "",
            "AttachStdin": false,
            "AttachStdout": true,
            "AttachStderr": true,
            "ExposedPorts": {
                "8087/tcp": {},
                "8098/tcp": {}
            },
            "Tty": false,
            "OpenStdin": false,
            "StdinOnce": false,
            "Env": [
                "RIAK_GID=19002",
                "RIAK_UID=19001",
                "RIAK_LOG_MAX_FILE_SIZE=2MB",
                "OPENRIAK_CLUSTER_POLL_SECONDS=1",
                "RIAK_LOG_MAX_FILES=4",
                "role=coordinator",
                "OPENRIAK_CLUSTER_MODE=cluster",
                "OPENRIAK_CLUSTER_WAIT_SECONDS=3600",
                "RIAK_MONITOR_INTERVAL_SECONDS=1",
                "RIAK_NODE_HOST=node-01.cluster-a.openriak",
                "TZ=Asia/Tokyo",
                "RIAK_DISTRIBUTED_COOKIE=openriak-7acd19e3f76535f4430e81601f0f532a",
                "PATH=/usr/local/sbin:/usr/local/bin:/usr/sbin:/usr/bin:/sbin:/bin",
                "RIAK_NODE_NAME=",
                "RIAK_RING_SIZE=8",
                "RIAK_STORAGE_BACKEND=leveled",
                "RIAK_ANTI_ENTROPY=passive",
                "RIAK_TICTACAAE_ACTIVE=active",
                "RIAK_TICTACAAE_STOREHEADS=enabled",
                "RIAK_HTTP_LISTENER=0.0.0.0:8098",
                "RIAK_PB_LISTENER=0.0.0.0:8087",
                "RIAK_NOFILE_LIMIT=100000",
                "RIAK_INIT_ONLY=0",
                "RIAK_STARTUP_POLL_SECONDS=1",
                "RIAK_SHUTDOWN_POLL_SECONDS=1",
                "OPENRIAK_CLUSTER_CONTROL_DIR=/var/lib/openriak-cluster-control"
            ],
            "Cmd": null,
            "Healthcheck": {
                "Test": [
                    "CMD",
                    "/usr/local/bin/openriak-healthcheck"
                ],
                "Interval": 10000000000,
                "Timeout": 60000000000,
                "StartPeriod": 120000000000,
                "Retries": 3
            },
            "Image": "tiotjp/openriak-kv:test-3.4.1-alpine-3.21-otp26-linux-amd64-20260911t134816.568349z",
            "Volumes": {
                "/etc/riak": {},
                "/var/lib/riak": {},
                "/var/log/riak": {}
            },
            "WorkingDir": "/",
            "Entrypoint": [
                "/usr/local/bin/openriak-entrypoint"
            ],
            "Labels": {
                "com.docker.compose.config-hash": "810ed31c015417da7998747de94def3e7a297fd38a61bd73bf134160d6824b35",
                "com.docker.compose.container-number": "1",
                "com.docker.compose.depends_on": "",
                "com.docker.compose.image": "sha256:e04dbe3b92121711da5a8f2ee5a3c5630a1dc94b58f7972aff96fc0931331298",
                "com.docker.compose.oneoff": "False",
                "com.docker.compose.project": "openriak-kv-341-alpine-321-otp26-node-cluster",
                "com.docker.compose.project.config_files": "/home/peter/openriak-builds/tmp/openriak-docker-3.4.1-alpine-3.21-otp26-io7w_w9t/compose.cluster.test.yaml",
                "com.docker.compose.project.environment_file": "/home/peter/openriak-builds/tmp/openriak-docker-3.4.1-alpine-3.21-otp26-io7w_w9t/.env.cluster",
                "com.docker.compose.project.working_dir": "/home/peter/openriak-builds/tmp/openriak-docker-3.4.1-alpine-3.21-otp26-io7w_w9t",
                "com.docker.compose.service": "node1",
                "com.docker.compose.version": "2.32.4",
                "org.opencontainers.image.description": "Package-backed OpenRiak KV with single-node and cluster startup support",
                "org.opencontainers.image.source": "https://github.com/TI-Tokyo/openriak-docs",
                "org.opencontainers.image.title": "OpenRiak KV",
                "org.opencontainers.image.url": "https://www.tiot.jp/",
                "org.opencontainers.image.vendor": "TI Tokyo",
                "org.opencontainers.image.version": "3.4.1",
                "org.openriak.image.tag": "tiotjp/openriak-kv:3.4.1-alpine-3.21-otp26",
                "org.openriak.os.name": "alpine",
                "org.openriak.os.release": "3.21",
                "org.openriak.os.version": "3.21",
                "org.openriak.otp.version": "26"
            },
            "StopSignal": "SIGTERM",
            "StopTimeout": 120
        },
        "NetworkSettings": {
            "SandboxID": "0cabcdaa7b136917b7af79a1cc6f2b770adc3760c93bd1b3d46021333a431b12",
            "SandboxKey": "/run/snap.docker/netns/0cabcdaa7b13",
            "Ports": {
                "8087/tcp": null,
                "8098/tcp": null
            },
            "Networks": {
                "openriak-kv-341-alpine-321-otp26-node-cluster_openriak": {
                    "IPAMConfig": {},
                    "Links": null,
                    "Aliases": [
                        "openriak-kv-3.4.1-alpine-3.21-otp26-node-1-t-568349z",
                        "node1",
                        "node-01.cluster-a.openriak"
                    ],
                    "DriverOpts": null,
                    "GwPriority": 0,
                    "NetworkID": "3eb6a7f4a27bf4461abbfc5b6dd7a26ba0899945824817d094d71f1a02212076",
                    "EndpointID": "589aad04bebaed06428e301986579d7cdb8fecc282c8f5d708327ec57483bb7c",
                    "Gateway": "172.19.0.1",
                    "IPAddress": "172.19.0.4",
                    "MacAddress": "02:7a:04:c4:c4:f3",
                    "IPPrefixLen": 16,
                    "IPv6Gateway": "",
                    "GlobalIPv6Address": "",
                    "GlobalIPv6PrefixLen": 0,
                    "DNSNames": [
                        "openriak-kv-3.4.1-alpine-3.21-otp26-node-1-t-568349z",
                        "node1",
                        "node-01.cluster-a.openriak",
                        "432e8fab718e"
                    ]
                }
            }
        }
    }
]

timeout_seconds: 3600
exit_code: 0
$ /usr/bin/docker exec openriak-kv-3.4.1-alpine-3.21-otp26-node-1-t-568349z sh -ec 'if command -v curl >/dev/null 2>&1
then
    echo '"'"'Unexpected curl executable in Alpine image'"'"' >&2
    exit 1
fi
for package in curl libcurl
do
    if apk info -e "$package" >/dev/null 2>&1
    then
        echo "Unexpected $package package in Alpine image" >&2
        exit 1
    fi
done
for library in /usr/lib/libcurl.so*
do
    test ! -e "$library"
done
apk info -e coreutils
'
started: 2026-09-11T13:53:05Z
coreutils

timeout_seconds: 3600
exit_code: 0
