$ /usr/bin/docker logs openriak-kv-3.4.1-alpine-3.21-otp26-node-1-t-568349z
started: 2026-09-11T13:53:03Z
2026-09-11T22:48:54+09:00 [openriak-entrypoint] configuration: timezone = Asia/Tokyo
usermod: no changes
2026-09-11T22:48:54+09:00 [openriak-entrypoint] configuration: riak UID/GID = 19001/19002
2026-09-11T22:48:54+09:00 [openriak-entrypoint] configuration: preparing mounted directories
2026-09-11T22:48:54+09:00 [openriak-entrypoint] configuration: seeding /etc/riak from packaged defaults
2026-09-11T22:48:54+09:00 [openriak-entrypoint] configuration: current Docker IPv4 address = 172.19.0.4
2026-09-11T22:48:54+09:00 [openriak-entrypoint] configuration: nodename = openriak-kv@node-01.cluster-a.openriak
2026-09-11T22:48:54+09:00 [openriak-entrypoint] configuration: distributed_cookie = openriak-7acd19e3f76535f4430e81601f0f532a
2026-09-11T22:48:54+09:00 [openriak-entrypoint] configuration: effective distributed cookie = openriak-7acd19e3f76535f4430e81601f0f532a
2026-09-11T22:48:54+09:00 [openriak-entrypoint] configuration: ring_size = 8
2026-09-11T22:48:54+09:00 [openriak-entrypoint] configuration: storage_backend = leveled
2026-09-11T22:48:54+09:00 [openriak-entrypoint] configuration: anti_entropy = passive
2026-09-11T22:48:54+09:00 [openriak-entrypoint] configuration: tictacaae_active = active
2026-09-11T22:48:54+09:00 [openriak-entrypoint] configuration: tictacaae_storeheads = enabled
2026-09-11T22:48:54+09:00 [openriak-entrypoint] configuration: listener.http.internal = 0.0.0.0:8098
2026-09-11T22:48:54+09:00 [openriak-entrypoint] configuration: listener.protobuf.internal = 0.0.0.0:8087
2026-09-11T22:48:54+09:00 [openriak-entrypoint] configuration: logger.max_file_size = 2MB
2026-09-11T22:48:54+09:00 [openriak-entrypoint] configuration: logger.max_files = 4
2026-09-11T22:48:54+09:00 [openriak-entrypoint] startup: validating configuration and generating VM arguments
2026-09-11T22:48:57+09:00 [openriak-entrypoint] startup: configuration is valid (config is OK)
2026-09-11T22:48:57+09:00 [openriak-entrypoint] startup: starting OpenRiak as a daemon
2026-09-11T22:49:03+09:00 [openriak-entrypoint] startup: daemon command completed
2026-09-11T22:49:03+09:00 [openriak-entrypoint] startup: waiting for BEAM and riak ping
2026-09-11T22:49:03+09:00 [openriak-entrypoint] startup: BEAM is running and riak ping returned pong
2026-09-11T22:49:03+09:00 [openriak-entrypoint] startup: waiting for the riak_kv service
2026-09-11T22:49:05+09:00 [openriak-entrypoint] startup: waiting for riak_kv (attempt 1, services=[])
2026-09-11T22:49:06+09:00 [openriak-entrypoint] startup: waiting for riak_kv (attempt 2, services=[])
2026-09-11T22:49:08+09:00 [openriak-entrypoint] startup: waiting for riak_kv (attempt 3, services=[])
2026-09-11T22:49:10+09:00 [openriak-entrypoint] startup: waiting for riak_kv (attempt 4, services=[])
2026-09-11T22:49:12+09:00 [openriak-entrypoint] startup: riak_kv service is up ([riak_kv,riak_pipe])
2026-09-11T22:49:12+09:00 [openriak-entrypoint] startup: waiting for Riak transfers to complete
2026-09-11T22:49:13+09:00 [openriak-entrypoint] startup: transfers complete (No transfers active Active Transfers: ok)
2026-09-11T22:49:13+09:00 [openriak-entrypoint] cluster: Role: Coordinator
2026-09-11T22:49:13+09:00 [openriak-entrypoint] cluster: published coordinator openriak-kv@node-01.cluster-a.openriak at 172.19.0.4 in openriak-kv@node-01.cluster-a.openriak-89f760a85fdf4f1e-coordinator
2026-09-11T22:49:15+09:00 [openriak-entrypoint] monitor: Coordinator is healthy; sleeping for 1s
2026-09-11T22:49:17+09:00 [openriak-entrypoint] monitor: Coordinator is healthy; sleeping for 1s
2026-09-11T22:49:20+09:00 [openriak-entrypoint] monitor: Coordinator is healthy; sleeping for 1s
2026-09-11T22:49:22+09:00 [openriak-entrypoint] monitor: Coordinator is healthy; sleeping for 1s
2026-09-11T22:49:24+09:00 [openriak-entrypoint] monitor: Coordinator is healthy; sleeping for 1s
2026-09-11T22:49:26+09:00 [openriak-entrypoint] monitor: Coordinator is healthy; sleeping for 1s
2026-09-11T22:49:29+09:00 [openriak-entrypoint] monitor: Coordinator is healthy; sleeping for 1s
2026-09-11T22:49:31+09:00 [openriak-entrypoint] monitor: Coordinator is healthy; sleeping for 1s
2026-09-11T22:49:35+09:00 [openriak-entrypoint] monitor: Coordinator is healthy; sleeping for 1s
2026-09-11T22:49:38+09:00 [openriak-entrypoint] monitor: Coordinator is healthy; sleeping for 1s
2026-09-11T22:49:41+09:00 [openriak-entrypoint] monitor: Coordinator is healthy; sleeping for 1s
2026-09-11T22:49:44+09:00 [openriak-entrypoint] monitor: Coordinator is healthy; sleeping for 1s
2026-09-11T22:49:46+09:00 [openriak-entrypoint] monitor: Coordinator is healthy; sleeping for 1s
2026-09-11T22:49:48+09:00 [openriak-entrypoint] monitor: Coordinator is healthy; sleeping for 1s
2026-09-11T22:49:49+09:00 [openriak-entrypoint] cluster: approved follower openriak-kv@node-03.cluster-a.openriak at 172.19.0.5
2026-09-11T22:49:50+09:00 [openriak-entrypoint] monitor: Coordinator is healthy; sleeping for 1s
2026-09-11T22:49:51+09:00 [openriak-entrypoint] cluster: approved follower openriak-kv@node-04.cluster-a.openriak at 172.19.0.2
2026-09-11T22:49:53+09:00 [openriak-entrypoint] monitor: Coordinator is healthy; sleeping for 1s
2026-09-11T22:49:54+09:00 [openriak-entrypoint] cluster: approved follower openriak-kv@node-02.cluster-a.openriak at 172.19.0.3
2026-09-11T22:49:54+09:00 [openriak-entrypoint] cluster: waiting for 1 approved or ready node(s) before planning 2 joined node(s)
2026-09-11T22:49:55+09:00 [openriak-entrypoint] monitor: Coordinator is healthy; sleeping for 1s
2026-09-11T22:49:56+09:00 [openriak-entrypoint] cluster: approved follower openriak-kv@node-05.cluster-a.openriak at 172.19.0.6
2026-09-11T22:49:56+09:00 [openriak-entrypoint] cluster: waiting for 2 approved or ready node(s) before planning 2 joined node(s)
2026-09-11T22:49:57+09:00 [openriak-entrypoint] monitor: Coordinator is healthy; sleeping for 1s
2026-09-11T22:49:58+09:00 [openriak-entrypoint] cluster: waiting for 1 approved or ready node(s) before planning 3 joined node(s)
2026-09-11T22:49:59+09:00 [openriak-entrypoint] monitor: Coordinator is healthy; sleeping for 1s
2026-09-11T22:50:00+09:00 [openriak-entrypoint] cluster: planning a batch of 4 joined node(s)
2026-09-11T22:50:02+09:00 [openriak-entrypoint] cluster: plan: =============================== Staged Changes ================================
2026-09-11T22:50:02+09:00 [openriak-entrypoint] cluster: plan: Action         Details(s)
2026-09-11T22:50:02+09:00 [openriak-entrypoint] cluster: plan: -------------------------------------------------------------------------------
2026-09-11T22:50:02+09:00 [openriak-entrypoint] cluster: plan: join           'openriak-kv@node-02.cluster-a.openriak'
2026-09-11T22:50:02+09:00 [openriak-entrypoint] cluster: plan: join           'openriak-kv@node-03.cluster-a.openriak'
2026-09-11T22:50:02+09:00 [openriak-entrypoint] cluster: plan: join           'openriak-kv@node-04.cluster-a.openriak'
2026-09-11T22:50:02+09:00 [openriak-entrypoint] cluster: plan: join           'openriak-kv@node-05.cluster-a.openriak'
2026-09-11T22:50:02+09:00 [openriak-entrypoint] cluster: plan: -------------------------------------------------------------------------------
2026-09-11T22:50:02+09:00 [openriak-entrypoint] cluster: plan: 
2026-09-11T22:50:02+09:00 [openriak-entrypoint] cluster: plan: 
2026-09-11T22:50:02+09:00 [openriak-entrypoint] cluster: plan: NOTE: Applying these changes will result in 1 cluster transition
2026-09-11T22:50:02+09:00 [openriak-entrypoint] cluster: plan: 
2026-09-11T22:50:02+09:00 [openriak-entrypoint] cluster: plan: ###############################################################################
2026-09-11T22:50:02+09:00 [openriak-entrypoint] cluster: plan:                          After cluster transition 1/1
2026-09-11T22:50:02+09:00 [openriak-entrypoint] cluster: plan: ###############################################################################
2026-09-11T22:50:02+09:00 [openriak-entrypoint] cluster: plan: 
2026-09-11T22:50:02+09:00 [openriak-entrypoint] cluster: plan: ================================= Membership ==================================
2026-09-11T22:50:02+09:00 [openriak-entrypoint] cluster: plan: Status     Ring    Pending    Node
2026-09-11T22:50:02+09:00 [openriak-entrypoint] cluster: plan: -------------------------------------------------------------------------------
2026-09-11T22:50:02+09:00 [openriak-entrypoint] cluster: plan: valid     100.0%     25.0%    openriak-kv@node-01.cluster-a.openriak
2026-09-11T22:50:02+09:00 [openriak-entrypoint] cluster: plan: valid       0.0%     25.0%    openriak-kv@node-02.cluster-a.openriak
2026-09-11T22:50:02+09:00 [openriak-entrypoint] cluster: plan: valid       0.0%     25.0%    openriak-kv@node-03.cluster-a.openriak
2026-09-11T22:50:02+09:00 [openriak-entrypoint] cluster: plan: valid       0.0%     12.5%    openriak-kv@node-04.cluster-a.openriak
2026-09-11T22:50:02+09:00 [openriak-entrypoint] cluster: plan: valid       0.0%     12.5%    openriak-kv@node-05.cluster-a.openriak
2026-09-11T22:50:02+09:00 [openriak-entrypoint] cluster: plan: -------------------------------------------------------------------------------
2026-09-11T22:50:02+09:00 [openriak-entrypoint] cluster: plan: Valid:5 / Leaving:0 / Exiting:0 / Joining:0 / Down:0
2026-09-11T22:50:02+09:00 [openriak-entrypoint] cluster: plan: 
2026-09-11T22:50:02+09:00 [openriak-entrypoint] cluster: plan: Transfers resulting from cluster changes: 6
2026-09-11T22:50:02+09:00 [openriak-entrypoint] cluster: plan:   1 transfers from 'openriak-kv@node-01.cluster-a.openriak' to 'openriak-kv@node-04.cluster-a.openriak'
2026-09-11T22:50:02+09:00 [openriak-entrypoint] cluster: plan:   1 transfers from 'openriak-kv@node-01.cluster-a.openriak' to 'openriak-kv@node-05.cluster-a.openriak'
2026-09-11T22:50:02+09:00 [openriak-entrypoint] cluster: plan:   2 transfers from 'openriak-kv@node-01.cluster-a.openriak' to 'openriak-kv@node-03.cluster-a.openriak'
2026-09-11T22:50:02+09:00 [openriak-entrypoint] cluster: plan:   2 transfers from 'openriak-kv@node-01.cluster-a.openriak' to 'openriak-kv@node-02.cluster-a.openriak'
2026-09-11T22:50:02+09:00 [openriak-entrypoint] cluster: plan: 
2026-09-11T22:50:02+09:00 [openriak-entrypoint] cluster: plan: ok
2026-09-11T22:50:02+09:00 [openriak-entrypoint] cluster: committing the planned membership changes
2026-09-11T22:50:04+09:00 [openriak-entrypoint] cluster: commit: Cluster changes committed
2026-09-11T22:50:04+09:00 [openriak-entrypoint] cluster: commit: ok
2026-09-11T22:50:04+09:00 [openriak-entrypoint] cluster: waiting for the ring to become ready
2026-09-11T22:50:07+09:00 [openriak-entrypoint] cluster: ring is ready (TRUE All nodes agree on the ring ['openriak-kv@node-01.cluster-a.openriak', 'openriak-kv@node-02.cluster-a.openriak', 'openriak-kv@node-03.cluster-a.openriak', 'openriak-kv@node-04.cluster-a.openriak', 'openriak-kv@node-05.cluster-a.openriak'] ok)
2026-09-11T22:50:07+09:00 [openriak-entrypoint] startup: waiting for Riak transfers to complete
2026-09-11T22:50:09+09:00 [openriak-entrypoint] startup: waiting for transfers (attempt 1, transfers='openriak-kv@node-05.cluster-a.openriak' waiting to handoff 8 partitions 'openriak-kv@node-04.cluster-a.openriak' waiting to handoff 8 partitions 'openriak-kv@node-03.cluster-a.openriak' waiting to handoff 8 partitions 'openriak-kv@node-02.cluster-a.openriak' waiting to handoff 8 partitions Active Transfers: ok)
2026-09-11T22:50:11+09:00 [openriak-entrypoint] startup: waiting for transfers (attempt 2, transfers='openriak-kv@node-05.cluster-a.openriak' waiting to handoff 8 partitions 'openriak-kv@node-04.cluster-a.openriak' waiting to handoff 8 partitions 'openriak-kv@node-03.cluster-a.openriak' waiting to handoff 8 partitions 'openriak-kv@node-02.cluster-a.openriak' waiting to handoff 8 partitions Active Transfers: ok)
2026-09-11T22:50:14+09:00 [openriak-entrypoint] startup: waiting for transfers (attempt 3, transfers='openriak-kv@node-05.cluster-a.openriak' waiting to handoff 8 partitions 'openriak-kv@node-04.cluster-a.openriak' waiting to handoff 8 partitions 'openriak-kv@node-03.cluster-a.openriak' waiting to handoff 8 partitions 'openriak-kv@node-02.cluster-a.openriak' waiting to handoff 8 partitions 'openriak-kv@node-01.cluster-a.openriak' does not have 6 primary partitions running Active Transfers: ok)
2026-09-11T22:50:17+09:00 [openriak-entrypoint] startup: waiting for transfers (attempt 4, transfers='openriak-kv@node-05.cluster-a.openriak' waiting to handoff 8 partitions 'openriak-kv@node-04.cluster-a.openriak' waiting to handoff 8 partitions 'openriak-kv@node-03.cluster-a.openriak' waiting to handoff 8 partitions 'openriak-kv@node-02.cluster-a.openriak' waiting to handoff 8 partitions 'openriak-kv@node-01.cluster-a.openriak' does not have 6 primary partitions running Active Transfers: ok)
2026-09-11T22:50:20+09:00 [openriak-entrypoint] startup: waiting for transfers (attempt 5, transfers='openriak-kv@node-05.cluster-a.openriak' waiting to handoff 8 partitions 'openriak-kv@node-04.cluster-a.openriak' waiting to handoff 8 partitions 'openriak-kv@node-03.cluster-a.openriak' waiting to handoff 8 partitions 'openriak-kv@node-02.cluster-a.openriak' waiting to handoff 8 partitions 'openriak-kv@node-01.cluster-a.openriak' does not have 6 primary partitions running Active Transfers: ok)
2026-09-11T22:50:23+09:00 [openriak-entrypoint] startup: waiting for transfers (attempt 6, transfers='openriak-kv@node-05.cluster-a.openriak' waiting to handoff 7 partitions 'openriak-kv@node-04.cluster-a.openriak' waiting to handoff 7 partitions 'openriak-kv@node-03.cluster-a.openriak' waiting to handoff 6 partitions 'openriak-kv@node-02.cluster-a.openriak' waiting to handoff 6 partitions 'openriak-kv@node-01.cluster-a.openriak' waiting to handoff 6 partitions Active Transfers: ok)
2026-09-11T22:50:24+09:00 [openriak-entrypoint] startup: waiting for transfers (attempt 7, transfers='openriak-kv@node-05.cluster-a.openriak' waiting to handoff 7 partitions 'openriak-kv@node-04.cluster-a.openriak' waiting to handoff 7 partitions 'openriak-kv@node-03.cluster-a.openriak' waiting to handoff 6 partitions 'openriak-kv@node-02.cluster-a.openriak' waiting to handoff 6 partitions 'openriak-kv@node-01.cluster-a.openriak' waiting to handoff 6 partitions Active Transfers: ok)
2026-09-11T22:50:28+09:00 [openriak-entrypoint] startup: waiting for transfers (attempt 8, transfers='openriak-kv@node-05.cluster-a.openriak' waiting to handoff 7 partitions 'openriak-kv@node-04.cluster-a.openriak' waiting to handoff 7 partitions 'openriak-kv@node-03.cluster-a.openriak' waiting to handoff 6 partitions 'openriak-kv@node-02.cluster-a.openriak' waiting to handoff 6 partitions 'openriak-kv@node-01.cluster-a.openriak' waiting to handoff 6 partitions Active Transfers: ok)
2026-09-11T22:50:31+09:00 [openriak-entrypoint] startup: waiting for transfers (attempt 9, transfers='openriak-kv@node-05.cluster-a.openriak' waiting to handoff 7 partitions 'openriak-kv@node-04.cluster-a.openriak' waiting to handoff 7 partitions 'openriak-kv@node-03.cluster-a.openriak' waiting to handoff 6 partitions 'openriak-kv@node-02.cluster-a.openriak' waiting to handoff 6 partitions 'openriak-kv@node-01.cluster-a.openriak' waiting to handoff 6 partitions Active Transfers: ok)
2026-09-11T22:50:34+09:00 [openriak-entrypoint] startup: waiting for transfers (attempt 10, transfers='openriak-kv@node-05.cluster-a.openriak' waiting to handoff 7 partitions 'openriak-kv@node-04.cluster-a.openriak' waiting to handoff 7 partitions 'openriak-kv@node-03.cluster-a.openriak' waiting to handoff 6 partitions 'openriak-kv@node-02.cluster-a.openriak' waiting to handoff 6 partitions 'openriak-kv@node-01.cluster-a.openriak' waiting to handoff 6 partitions Active Transfers: ok)
2026-09-11T22:50:36+09:00 [openriak-entrypoint] startup: waiting for transfers (attempt 11, transfers='openriak-kv@node-05.cluster-a.openriak' waiting to handoff 7 partitions 'openriak-kv@node-04.cluster-a.openriak' waiting to handoff 7 partitions 'openriak-kv@node-03.cluster-a.openriak' waiting to handoff 6 partitions 'openriak-kv@node-02.cluster-a.openriak' waiting to handoff 6 partitions 'openriak-kv@node-01.cluster-a.openriak' waiting to handoff 6 partitions Active Transfers: ok)
2026-09-11T22:50:39+09:00 [openriak-entrypoint] startup: waiting for transfers (attempt 12, transfers='openriak-kv@node-05.cluster-a.openriak' waiting to handoff 7 partitions 'openriak-kv@node-04.cluster-a.openriak' waiting to handoff 7 partitions 'openriak-kv@node-03.cluster-a.openriak' waiting to handoff 6 partitions 'openriak-kv@node-02.cluster-a.openriak' waiting to handoff 6 partitions 'openriak-kv@node-01.cluster-a.openriak' waiting to handoff 6 partitions Active Transfers: ok)
2026-09-11T22:50:42+09:00 [openriak-entrypoint] startup: waiting for transfers (attempt 13, transfers='openriak-kv@node-05.cluster-a.openriak' waiting to handoff 7 partitions 'openriak-kv@node-04.cluster-a.openriak' waiting to handoff 7 partitions 'openriak-kv@node-03.cluster-a.openriak' waiting to handoff 6 partitions 'openriak-kv@node-02.cluster-a.openriak' waiting to handoff 6 partitions 'openriak-kv@node-01.cluster-a.openriak' waiting to handoff 6 partitions Active Transfers: ok)
2026-09-11T22:50:45+09:00 [openriak-entrypoint] startup: waiting for transfers (attempt 14, transfers='openriak-kv@node-05.cluster-a.openriak' waiting to handoff 7 partitions 'openriak-kv@node-04.cluster-a.openriak' waiting to handoff 7 partitions 'openriak-kv@node-03.cluster-a.openriak' waiting to handoff 6 partitions 'openriak-kv@node-02.cluster-a.openriak' waiting to handoff 6 partitions 'openriak-kv@node-01.cluster-a.openriak' waiting to handoff 6 partitions Active Transfers: ok)
2026-09-11T22:50:47+09:00 [openriak-entrypoint] startup: waiting for transfers (attempt 15, transfers='openriak-kv@node-05.cluster-a.openriak' waiting to handoff 7 partitions 'openriak-kv@node-04.cluster-a.openriak' waiting to handoff 7 partitions 'openriak-kv@node-03.cluster-a.openriak' waiting to handoff 6 partitions 'openriak-kv@node-02.cluster-a.openriak' waiting to handoff 6 partitions 'openriak-kv@node-01.cluster-a.openriak' waiting to handoff 6 partitions Active Transfers: ok)
2026-09-11T22:50:51+09:00 [openriak-entrypoint] startup: waiting for transfers (attempt 16, transfers='openriak-kv@node-05.cluster-a.openriak' waiting to handoff 7 partitions 'openriak-kv@node-04.cluster-a.openriak' waiting to handoff 7 partitions 'openriak-kv@node-03.cluster-a.openriak' waiting to handoff 6 partitions 'openriak-kv@node-02.cluster-a.openriak' waiting to handoff 6 partitions 'openriak-kv@node-01.cluster-a.openriak' waiting to handoff 6 partitions Active Transfers: ok)
2026-09-11T22:50:54+09:00 [openriak-entrypoint] startup: waiting for transfers (attempt 17, transfers='openriak-kv@node-05.cluster-a.openriak' waiting to handoff 7 partitions 'openriak-kv@node-04.cluster-a.openriak' waiting to handoff 6 partitions 'openriak-kv@node-03.cluster-a.openriak' waiting to handoff 5 partitions 'openriak-kv@node-02.cluster-a.openriak' waiting to handoff 6 partitions 'openriak-kv@node-01.cluster-a.openriak' waiting to handoff 6 partitions Active Transfers: ok)
2026-09-11T22:50:56+09:00 [openriak-entrypoint] startup: waiting for transfers (attempt 18, transfers='openriak-kv@node-05.cluster-a.openriak' waiting to handoff 7 partitions 'openriak-kv@node-04.cluster-a.openriak' waiting to handoff 6 partitions 'openriak-kv@node-03.cluster-a.openriak' waiting to handoff 5 partitions 'openriak-kv@node-02.cluster-a.openriak' waiting to handoff 6 partitions 'openriak-kv@node-01.cluster-a.openriak' waiting to handoff 6 partitions Active Transfers: ok)
2026-09-11T22:50:59+09:00 [openriak-entrypoint] startup: waiting for transfers (attempt 19, transfers='openriak-kv@node-05.cluster-a.openriak' waiting to handoff 7 partitions 'openriak-kv@node-04.cluster-a.openriak' waiting to handoff 6 partitions 'openriak-kv@node-03.cluster-a.openriak' waiting to handoff 5 partitions 'openriak-kv@node-02.cluster-a.openriak' waiting to handoff 5 partitions 'openriak-kv@node-01.cluster-a.openriak' waiting to handoff 6 partitions Active Transfers: ok)
2026-09-11T22:51:02+09:00 [openriak-entrypoint] startup: waiting for transfers (attempt 20, transfers='openriak-kv@node-05.cluster-a.openriak' waiting to handoff 7 partitions 'openriak-kv@node-04.cluster-a.openriak' waiting to handoff 5 partitions 'openriak-kv@node-03.cluster-a.openriak' waiting to handoff 5 partitions 'openriak-kv@node-02.cluster-a.openriak' waiting to handoff 5 partitions 'openriak-kv@node-01.cluster-a.openriak' waiting to handoff 6 partitions Active Transfers: ok)
2026-09-11T22:51:04+09:00 [openriak-entrypoint] startup: waiting for transfers (attempt 21, transfers='openriak-kv@node-05.cluster-a.openriak' waiting to handoff 7 partitions 'openriak-kv@node-04.cluster-a.openriak' waiting to handoff 5 partitions 'openriak-kv@node-03.cluster-a.openriak' waiting to handoff 5 partitions 'openriak-kv@node-02.cluster-a.openriak' waiting to handoff 5 partitions 'openriak-kv@node-01.cluster-a.openriak' waiting to handoff 6 partitions Active Transfers: ok)
2026-09-11T22:51:07+09:00 [openriak-entrypoint] startup: waiting for transfers (attempt 22, transfers='openriak-kv@node-05.cluster-a.openriak' waiting to handoff 7 partitions 'openriak-kv@node-04.cluster-a.openriak' waiting to handoff 5 partitions 'openriak-kv@node-03.cluster-a.openriak' waiting to handoff 5 partitions 'openriak-kv@node-02.cluster-a.openriak' waiting to handoff 5 partitions 'openriak-kv@node-01.cluster-a.openriak' waiting to handoff 6 partitions Active Transfers: ok)
2026-09-11T22:51:09+09:00 [openriak-entrypoint] startup: waiting for transfers (attempt 23, transfers='openriak-kv@node-05.cluster-a.openriak' waiting to handoff 7 partitions 'openriak-kv@node-04.cluster-a.openriak' waiting to handoff 5 partitions 'openriak-kv@node-03.cluster-a.openriak' waiting to handoff 5 partitions 'openriak-kv@node-02.cluster-a.openriak' waiting to handoff 5 partitions 'openriak-kv@node-01.cluster-a.openriak' waiting to handoff 6 partitions Active Transfers: ok)
2026-09-11T22:51:12+09:00 [openriak-entrypoint] startup: waiting for transfers (attempt 24, transfers='openriak-kv@node-05.cluster-a.openriak' waiting to handoff 7 partitions 'openriak-kv@node-04.cluster-a.openriak' waiting to handoff 5 partitions 'openriak-kv@node-03.cluster-a.openriak' waiting to handoff 4 partitions 'openriak-kv@node-02.cluster-a.openriak' waiting to handoff 5 partitions 'openriak-kv@node-01.cluster-a.openriak' waiting to handoff 6 partitions Active Transfers: ok)
2026-09-11T22:51:16+09:00 [openriak-entrypoint] startup: waiting for transfers (attempt 25, transfers='openriak-kv@node-05.cluster-a.openriak' waiting to handoff 7 partitions 'openriak-kv@node-04.cluster-a.openriak' waiting to handoff 5 partitions 'openriak-kv@node-03.cluster-a.openriak' waiting to handoff 2 partitions 'openriak-kv@node-02.cluster-a.openriak' waiting to handoff 3 partitions 'openriak-kv@node-01.cluster-a.openriak' waiting to handoff 6 partitions Active Transfers: ok)
2026-09-11T22:51:19+09:00 [openriak-entrypoint] startup: waiting for transfers (attempt 26, transfers='openriak-kv@node-05.cluster-a.openriak' waiting to handoff 7 partitions 'openriak-kv@node-04.cluster-a.openriak' waiting to handoff 5 partitions 'openriak-kv@node-03.cluster-a.openriak' waiting to handoff 2 partitions 'openriak-kv@node-02.cluster-a.openriak' waiting to handoff 3 partitions 'openriak-kv@node-01.cluster-a.openriak' waiting to handoff 6 partitions Active Transfers: ok)
2026-09-11T22:51:21+09:00 [openriak-entrypoint] startup: waiting for transfers (attempt 27, transfers='openriak-kv@node-05.cluster-a.openriak' waiting to handoff 7 partitions 'openriak-kv@node-04.cluster-a.openriak' waiting to handoff 5 partitions 'openriak-kv@node-03.cluster-a.openriak' waiting to handoff 2 partitions 'openriak-kv@node-02.cluster-a.openriak' waiting to handoff 1 partitions 'openriak-kv@node-01.cluster-a.openriak' waiting to handoff 6 partitions Active Transfers: ok)
2026-09-11T22:51:24+09:00 [openriak-entrypoint] startup: waiting for transfers (attempt 28, transfers='openriak-kv@node-05.cluster-a.openriak' waiting to handoff 7 partitions 'openriak-kv@node-04.cluster-a.openriak' waiting to handoff 5 partitions 'openriak-kv@node-03.cluster-a.openriak' waiting to handoff 2 partitions 'openriak-kv@node-02.cluster-a.openriak' waiting to handoff 1 partitions 'openriak-kv@node-01.cluster-a.openriak' waiting to handoff 6 partitions Active Transfers: ok)
2026-09-11T22:51:27+09:00 [openriak-entrypoint] startup: waiting for transfers (attempt 29, transfers='openriak-kv@node-05.cluster-a.openriak' waiting to handoff 6 partitions 'openriak-kv@node-04.cluster-a.openriak' waiting to handoff 4 partitions 'openriak-kv@node-03.cluster-a.openriak' waiting to handoff 2 partitions 'openriak-kv@node-02.cluster-a.openriak' waiting to handoff 1 partitions 'openriak-kv@node-01.cluster-a.openriak' waiting to handoff 6 partitions Active Transfers: ok)
2026-09-11T22:51:30+09:00 [openriak-entrypoint] startup: waiting for transfers (attempt 30, transfers='openriak-kv@node-05.cluster-a.openriak' waiting to handoff 5 partitions 'openriak-kv@node-04.cluster-a.openriak' waiting to handoff 4 partitions 'openriak-kv@node-03.cluster-a.openriak' waiting to handoff 2 partitions 'openriak-kv@node-02.cluster-a.openriak' waiting to handoff 1 partitions 'openriak-kv@node-01.cluster-a.openriak' waiting to handoff 6 partitions Active Transfers: ok)
2026-09-11T22:51:33+09:00 [openriak-entrypoint] startup: waiting for transfers (attempt 31, transfers='openriak-kv@node-05.cluster-a.openriak' waiting to handoff 5 partitions 'openriak-kv@node-04.cluster-a.openriak' waiting to handoff 3 partitions 'openriak-kv@node-03.cluster-a.openriak' waiting to handoff 1 partitions 'openriak-kv@node-02.cluster-a.openriak' waiting to handoff 1 partitions 'openriak-kv@node-01.cluster-a.openriak' waiting to handoff 6 partitions Active Transfers: ok)
2026-09-11T22:51:36+09:00 [openriak-entrypoint] startup: waiting for transfers (attempt 32, transfers='openriak-kv@node-05.cluster-a.openriak' waiting to handoff 3 partitions 'openriak-kv@node-04.cluster-a.openriak' waiting to handoff 1 partitions 'openriak-kv@node-02.cluster-a.openriak' waiting to handoff 1 partitions 'openriak-kv@node-01.cluster-a.openriak' waiting to handoff 6 partitions Active Transfers: ok)
2026-09-11T22:51:39+09:00 [openriak-entrypoint] startup: waiting for transfers (attempt 33, transfers='openriak-kv@node-05.cluster-a.openriak' waiting to handoff 1 partitions 'openriak-kv@node-04.cluster-a.openriak' waiting to handoff 1 partitions 'openriak-kv@node-01.cluster-a.openriak' waiting to handoff 6 partitions Active Transfers: ok)
2026-09-11T22:51:41+09:00 [openriak-entrypoint] startup: waiting for transfers (attempt 34, transfers='openriak-kv@node-01.cluster-a.openriak' waiting to handoff 6 partitions Active Transfers: ok)
2026-09-11T22:51:44+09:00 [openriak-entrypoint] startup: waiting for transfers (attempt 35, transfers='openriak-kv@node-01.cluster-a.openriak' waiting to handoff 6 partitions Active Transfers: ok)
2026-09-11T22:51:47+09:00 [openriak-entrypoint] startup: waiting for transfers (attempt 36, transfers='openriak-kv@node-01.cluster-a.openriak' waiting to handoff 6 partitions Active Transfers: ok)
2026-09-11T22:51:50+09:00 [openriak-entrypoint] startup: waiting for transfers (attempt 37, transfers='openriak-kv@node-01.cluster-a.openriak' waiting to handoff 5 partitions Active Transfers: ok)
2026-09-11T22:51:53+09:00 [openriak-entrypoint] startup: waiting for transfers (attempt 38, transfers='openriak-kv@node-01.cluster-a.openriak' waiting to handoff 3 partitions Active Transfers: ok)
2026-09-11T22:51:56+09:00 [openriak-entrypoint] startup: waiting for transfers (attempt 39, transfers='openriak-kv@node-01.cluster-a.openriak' waiting to handoff 3 partitions Active Transfers: ok)
2026-09-11T22:51:59+09:00 [openriak-entrypoint] startup: waiting for transfers (attempt 40, transfers='openriak-kv@node-01.cluster-a.openriak' waiting to handoff 3 partitions Active Transfers: ok)
2026-09-11T22:52:02+09:00 [openriak-entrypoint] startup: waiting for transfers (attempt 41, transfers='openriak-kv@node-01.cluster-a.openriak' waiting to handoff 3 partitions Active Transfers: ok)
2026-09-11T22:52:05+09:00 [openriak-entrypoint] startup: waiting for transfers (attempt 42, transfers='openriak-kv@node-01.cluster-a.openriak' waiting to handoff 3 partitions Active Transfers: ok)
2026-09-11T22:52:08+09:00 [openriak-entrypoint] startup: waiting for transfers (attempt 43, transfers='openriak-kv@node-01.cluster-a.openriak' waiting to handoff 2 partitions Active Transfers: ok)
2026-09-11T22:52:11+09:00 [openriak-entrypoint] startup: waiting for transfers (attempt 44, transfers='openriak-kv@node-01.cluster-a.openriak' waiting to handoff 2 partitions Active Transfers: ok)
2026-09-11T22:52:14+09:00 [openriak-entrypoint] startup: waiting for transfers (attempt 45, transfers='openriak-kv@node-01.cluster-a.openriak' waiting to handoff 2 partitions Active Transfers: ok)
2026-09-11T22:52:16+09:00 [openriak-entrypoint] startup: waiting for transfers (attempt 46, transfers='openriak-kv@node-01.cluster-a.openriak' waiting to handoff 2 partitions Active Transfers: ok)
2026-09-11T22:52:20+09:00 [openriak-entrypoint] startup: waiting for transfers (attempt 47, transfers='openriak-kv@node-01.cluster-a.openriak' waiting to handoff 2 partitions Active Transfers: ok)
2026-09-11T22:52:23+09:00 [openriak-entrypoint] startup: waiting for transfers (attempt 48, transfers='openriak-kv@node-01.cluster-a.openriak' waiting to handoff 2 partitions Active Transfers: ok)
2026-09-11T22:52:25+09:00 [openriak-entrypoint] startup: waiting for transfers (attempt 49, transfers='openriak-kv@node-01.cluster-a.openriak' waiting to handoff 1 partitions Active Transfers: ok)
2026-09-11T22:52:28+09:00 [openriak-entrypoint] startup: waiting for transfers (attempt 50, transfers='openriak-kv@node-01.cluster-a.openriak' waiting to handoff 1 partitions Active Transfers: ok)
2026-09-11T22:52:30+09:00 [openriak-entrypoint] startup: waiting for transfers (attempt 51, transfers='openriak-kv@node-01.cluster-a.openriak' waiting to handoff 1 partitions Active Transfers: ok)
2026-09-11T22:52:33+09:00 [openriak-entrypoint] startup: transfers complete (No transfers active Active Transfers: ok)
2026-09-11T22:52:33+09:00 [openriak-entrypoint] cluster: completed follower openriak-kv@node-02.cluster-a.openriak-89f760a85fdf4f1e
2026-09-11T22:52:33+09:00 [openriak-entrypoint] cluster: completed follower openriak-kv@node-03.cluster-a.openriak-89f760a85fdf4f1e
2026-09-11T22:52:33+09:00 [openriak-entrypoint] cluster: completed follower openriak-kv@node-04.cluster-a.openriak-89f760a85fdf4f1e
2026-09-11T22:52:33+09:00 [openriak-entrypoint] cluster: completed follower openriak-kv@node-05.cluster-a.openriak-89f760a85fdf4f1e
2026-09-11T22:52:33+09:00 [openriak-entrypoint] monitor: Coordinator is healthy; sleeping for 1s
2026-09-11T22:52:35+09:00 [openriak-entrypoint] monitor: Coordinator is healthy; sleeping for 1s
2026-09-11T22:52:37+09:00 [openriak-entrypoint] monitor: Coordinator is healthy; sleeping for 1s
2026-09-11T22:52:39+09:00 [openriak-entrypoint] monitor: Coordinator is healthy; sleeping for 1s
2026-09-11T22:52:41+09:00 [openriak-entrypoint] monitor: Coordinator is healthy; sleeping for 1s
2026-09-11T22:52:43+09:00 [openriak-entrypoint] monitor: Coordinator is healthy; sleeping for 1s
2026-09-11T22:52:45+09:00 [openriak-entrypoint] monitor: Coordinator is healthy; sleeping for 1s
2026-09-11T22:52:46+09:00 [openriak-entrypoint] monitor: Coordinator is healthy; sleeping for 1s
2026-09-11T22:52:48+09:00 [openriak-entrypoint] monitor: Coordinator is healthy; sleeping for 1s
2026-09-11T22:52:49+09:00 [openriak-entrypoint] monitor: Coordinator is healthy; sleeping for 1s
2026-09-11T22:52:51+09:00 [openriak-entrypoint] monitor: Coordinator is healthy; sleeping for 1s
2026-09-11T22:52:53+09:00 [openriak-entrypoint] monitor: Coordinator is healthy; sleeping for 1s
2026-09-11T22:52:55+09:00 [openriak-entrypoint] monitor: Coordinator is healthy; sleeping for 1s
2026-09-11T22:52:57+09:00 [openriak-entrypoint] monitor: Coordinator is healthy; sleeping for 1s
2026-09-11T22:52:58+09:00 [openriak-entrypoint] monitor: Coordinator is healthy; sleeping for 1s
2026-09-11T22:53:00+09:00 [openriak-entrypoint] monitor: Coordinator is healthy; sleeping for 1s
2026-09-11T22:53:02+09:00 [openriak-entrypoint] monitor: Coordinator is healthy; sleeping for 1s

timeout_seconds: 3600
exit_code: 0
