$ /usr/bin/docker compose --env-file /home/peter/openriak-builds/tmp/openriak-docker-3.4.1-alpine-3.21-otp26-io7w_w9t/.env.cluster --project-directory /home/peter/openriak-builds/tmp/openriak-docker-3.4.1-alpine-3.21-otp26-io7w_w9t --file /home/peter/openriak-builds/tmp/openriak-docker-3.4.1-alpine-3.21-otp26-io7w_w9t/compose.cluster.test.yaml up --detach --no-build
started: 2026-09-11T13:48:53Z
 Network openriak-kv-341-alpine-321-otp26-node-cluster_openriak  Creating
 Network openriak-kv-341-alpine-321-otp26-node-cluster_openriak  Created
 Container openriak-kv-3.4.1-alpine-3.21-otp26-node-5-t-568349z  Creating
 Container openriak-kv-3.4.1-alpine-3.21-otp26-node-1-t-568349z  Creating
 Container openriak-kv-3.4.1-alpine-3.21-otp26-node-3-t-568349z  Creating
 Container openriak-kv-3.4.1-alpine-3.21-otp26-node-2-t-568349z  Creating
 Container openriak-kv-3.4.1-alpine-3.21-otp26-node-4-t-568349z  Creating
 Container openriak-kv-3.4.1-alpine-3.21-otp26-node-3-t-568349z  Created
 Container openriak-kv-3.4.1-alpine-3.21-otp26-node-4-t-568349z  Created
 Container openriak-kv-3.4.1-alpine-3.21-otp26-node-2-t-568349z  Created
 Container openriak-kv-3.4.1-alpine-3.21-otp26-node-5-t-568349z  Created
 Container openriak-kv-3.4.1-alpine-3.21-otp26-node-1-t-568349z  Created
 Container openriak-kv-3.4.1-alpine-3.21-otp26-node-3-t-568349z  Starting
 Container openriak-kv-3.4.1-alpine-3.21-otp26-node-2-t-568349z  Starting
 Container openriak-kv-3.4.1-alpine-3.21-otp26-node-1-t-568349z  Starting
 Container openriak-kv-3.4.1-alpine-3.21-otp26-node-5-t-568349z  Starting
 Container openriak-kv-3.4.1-alpine-3.21-otp26-node-4-t-568349z  Starting
 Container openriak-kv-3.4.1-alpine-3.21-otp26-node-4-t-568349z  Started
 Container openriak-kv-3.4.1-alpine-3.21-otp26-node-2-t-568349z  Started
 Container openriak-kv-3.4.1-alpine-3.21-otp26-node-1-t-568349z  Started
 Container openriak-kv-3.4.1-alpine-3.21-otp26-node-3-t-568349z  Started
 Container openriak-kv-3.4.1-alpine-3.21-otp26-node-5-t-568349z  Started

timeout_seconds: 3600
exit_code: 0
