$ /usr/bin/docker buildx build --builder openriak-kv-multiarch --load --platform linux/amd64 --pull=false --no-cache --tag tiotjp/openriak-kv:test-3.4.1-alpine-3.21-otp26-linux-amd64-20260911t134816.568349z --file /home/peter/openriak-builds/openriak-distributed/openriak-docker-2026-09-11-b/living-room-b/20260911T084617.243958Z/results/3.4.1/3.4.1-alpine-3.21-otp26/platforms/linux-amd64/runs/20260911T134816.568349Z/Dockerfile /home/peter/openriak-builds/openriak-distributed/openriak-docker-2026-09-11-b/living-room-b/20260911T084617.243958Z/results/3.4.1/3.4.1-alpine-3.21-otp26/platforms/linux-amd64/runs/20260911T134816.568349Z
started: 2026-09-11T13:48:16Z
#0 building with "openriak-kv-multiarch" instance using docker-container driver

#1 [internal] load build definition from Dockerfile
#1 transferring dockerfile: 42.91kB done
#1 DONE 0.0s

#2 resolve image config for docker-image://docker.io/docker/dockerfile:1.7
#2 DONE 0.2s

#3 docker-image://docker.io/docker/dockerfile:1.7@sha256:a57df69d0ea827fb7266491f2813635de6f17269be881f696fbfdf2d83dda33e
#3 resolve docker.io/docker/dockerfile:1.7@sha256:a57df69d0ea827fb7266491f2813635de6f17269be881f696fbfdf2d83dda33e 0.0s done
#3 CACHED

#4 [internal] load metadata for docker.io/library/alpine:3.21@sha256:48b0309ca019d89d40f670aa1bc06e426dc0931948452e8491e3d65087abc07d
#4 DONE 0.7s

#5 [internal] load .dockerignore
#5 transferring context: 2B done
#5 DONE 0.0s

#6 [internal] preparing inline document
#6 CACHED

#7 [download-amd64 1/1] ADD --checksum=sha256:2232138c28bdb4614480ff1ee1d45f423769042940e9ef2e05b10a2b6aa4dca0 https://files.tiot.jp/alpine/v3.21/main/x86_64/riak-3.4.1.26-r1.apk /riak-3.4.1.26-r1.apk
#7 CACHED

#8 [internal] preparing inline document
#8 CACHED

#9 [package-amd64 1/2] FROM docker.io/library/alpine:3.21@sha256:48b0309ca019d89d40f670aa1bc06e426dc0931948452e8491e3d65087abc07d
#9 resolve docker.io/library/alpine:3.21@sha256:48b0309ca019d89d40f670aa1bc06e426dc0931948452e8491e3d65087abc07d done
#9 CACHED

#10 [download-amd64 1/1] ADD --checksum=sha256:2232138c28bdb4614480ff1ee1d45f423769042940e9ef2e05b10a2b6aa4dca0 https://files.tiot.jp/alpine/v3.21/main/x86_64/riak-3.4.1.26-r1.apk /riak-3.4.1.26-r1.apk
#10 DONE 0.0s

#11 [package-amd64 2/2] RUN --mount=type=bind,from=download-amd64,target=/opt/openriak-package,ro <<'OPENRIAK_PACKAGE_INSTALL' (set -eu...)
#11 0.078 fetch https://dl-cdn.alpinelinux.org/alpine/v3.21/main/x86_64/APKINDEX.tar.gz
#11 0.425 fetch https://dl-cdn.alpinelinux.org/alpine/v3.21/community/x86_64/APKINDEX.tar.gz
#11 0.753 OK: 7 MiB in 15 packages
#11 0.821 fetch https://dl-cdn.alpinelinux.org/alpine/v3.21/main/x86_64/APKINDEX.tar.gz
#11 0.901 fetch https://dl-cdn.alpinelinux.org/alpine/v3.21/community/x86_64/APKINDEX.tar.gz
#11 1.214 (1/19) Installing ncurses-terminfo-base (6.5_p20241006-r3)
#11 1.221 (2/19) Installing libncursesw (6.5_p20241006-r3)
#11 1.230 (3/19) Installing readline (8.2.13-r0)
#11 1.237 (4/19) Installing bash (5.2.37-r0)
#11 1.254 Executing bash-5.2.37-r0.post-install
#11 1.257 (5/19) Installing ca-certificates (20260413-r0)
#11 1.278 (6/19) Installing coreutils-env (9.5-r2)
#11 1.283 (7/19) Installing coreutils-fmt (9.5-r2)
#11 1.288 (8/19) Installing coreutils-sha512sum (9.5-r2)
#11 1.293 (9/19) Installing acl-libs (2.3.2-r1)
#11 1.297 (10/19) Installing libattr (2.5.2-r2)
#11 1.301 (11/19) Installing skalibs-libs (2.14.3.0-r0)
#11 1.310 (12/19) Installing utmps-libs (0.1.2.3-r2)
#11 1.314 (13/19) Installing coreutils (9.5-r2)
#11 1.334 (14/19) Installing libmd (1.1.0-r0)
#11 1.339 (15/19) Installing libbsd (0.12.2-r0)
#11 1.343 (16/19) Installing linux-pam (1.6.1-r1)
#11 1.357 (17/19) Installing shadow (4.16.0-r1)
#11 1.373 (18/19) Installing su-exec (0.2-r3)
#11 1.376 (19/19) Installing tzdata (2026c-r0)
#11 1.423 Executing busybox-1.37.0-r14.trigger
#11 1.427 Executing ca-certificates-20260413-r0.trigger
#11 1.463 OK: 13 MiB in 34 packages
#11 1.545 fetch https://dl-cdn.alpinelinux.org/alpine/v3.21/main/x86_64/APKINDEX.tar.gz
#11 1.624 fetch https://dl-cdn.alpinelinux.org/alpine/v3.21/community/x86_64/APKINDEX.tar.gz
#11 1.944 (1/3) Installing libgcc (14.2.0-r4)
#11 1.951 (2/3) Installing libstdc++ (14.2.0-r4)
#11 1.973 (3/3) Installing riak (3.4.1.26-r1)
#11 2.443 Executing busybox-1.37.0-r14.trigger
#11 2.449 OK: 63 MiB in 37 packages
#11 DONE 2.6s

#12 [final 1/4] RUN <<'OPENRIAK_IMAGE_SETUP' (set -eu...)
#12 0.081 uid=100(riak) gid=101(riak) groups=101(riak),101(riak)
#12 DONE 0.1s

#13 [final 2/4] COPY <<OPENRIAK_ENTRYPOINT /usr/local/bin/openriak-entrypoint
#13 DONE 0.0s

#14 [final 3/4] COPY <<OPENRIAK_HEALTHCHECK /usr/local/bin/openriak-healthcheck
#14 DONE 0.0s

#15 [final 4/4] RUN <<'OPENRIAK_SCRIPT_SETUP' (set -eu...)
#15 DONE 0.1s

#16 exporting to docker image format
#16 exporting layers
#16 exporting layers 2.2s done
#16 exporting manifest sha256:7dd4edbba56b388b8a3c8f9220137baaa9d55877d7b9fe1aeceed7b19781f77a done
#16 exporting config sha256:e04dbe3b92121711da5a8f2ee5a3c5630a1dc94b58f7972aff96fc0931331298 done
#16 sending tarball
#16 sending tarball 1.2s done
#16 DONE 3.4s

#17 importing to docker
#17 loading layer 93c923be7ce4 37.45MB / 37.45MB 0.8s done
#17 loading layer dabedb9c055c 24.60kB / 24.60kB 0.0s done
#17 loading layer 7fc637484c58 7.71kB / 7.71kB 0.0s done
#17 loading layer a85c083687dd 393B / 393B 0.0s done
#17 loading layer bf60b24123ca 7.88kB / 7.88kB 0.0s done
#17 DONE 0.8s

timeout_seconds: 3600
exit_code: 0
