$ /usr/bin/docker buildx build --builder openriak-kv-multiarch --load --platform linux/amd64 --pull=false --no-cache --tag tiotjp/openriak-kv:test-3.4.0-rhel-9-otp26-linux-amd64-20260911t090016.678213z --file /home/peter/openriak-builds/openriak-distributed/openriak-docker-2026-09-11-b/living-room-b/20260911T084617.243958Z/results/3.4.0/3.4.0-rhel-9-otp26/platforms/linux-amd64/runs/20260911T090016.678213Z/Dockerfile /home/peter/openriak-builds/openriak-distributed/openriak-docker-2026-09-11-b/living-room-b/20260911T084617.243958Z/results/3.4.0/3.4.0-rhel-9-otp26/platforms/linux-amd64/runs/20260911T090016.678213Z
started: 2026-09-11T09:00:16Z
#0 building with "openriak-kv-multiarch" instance using docker-container driver

#1 [internal] load build definition from Dockerfile
#1 transferring dockerfile: 43.83kB done
#1 DONE 0.0s

#2 resolve image config for docker-image://docker.io/docker/dockerfile:1.7
#2 DONE 0.6s

#3 docker-image://docker.io/docker/dockerfile:1.7@sha256:a57df69d0ea827fb7266491f2813635de6f17269be881f696fbfdf2d83dda33e
#3 resolve docker.io/docker/dockerfile:1.7@sha256:a57df69d0ea827fb7266491f2813635de6f17269be881f696fbfdf2d83dda33e done
#3 CACHED

#4 [internal] load metadata for registry.access.redhat.com/ubi9/ubi:9.8@sha256:206b65b8ee0f04b992818c9a51b29081b14974630d4850bc358097d0c44ea156
#4 DONE 1.3s

#5 [internal] load .dockerignore
#5 transferring context: 2B done
#5 DONE 0.0s

#6 [download-amd64 1/1] ADD --checksum=sha256:72c02db420dc5a0cde5c27a2bd1813fc74e56b663f1167b9b7a0795fae5bfc77 https://files.tiot.jp/riak/kv/3.4/3.4.0/rhel/9/riak-3.4.0.OTP26-1.el9.x86_64.rpm /riak-3.4.0.OTP26-1.el9.x86_64.rpm
#6 CACHED

#7 [internal] preparing inline document
#7 CACHED

#8 [internal] preparing inline document
#8 CACHED

#9 [download-amd64 1/1] ADD --checksum=sha256:72c02db420dc5a0cde5c27a2bd1813fc74e56b663f1167b9b7a0795fae5bfc77 https://files.tiot.jp/riak/kv/3.4/3.4.0/rhel/9/riak-3.4.0.OTP26-1.el9.x86_64.rpm /riak-3.4.0.OTP26-1.el9.x86_64.rpm
#9 DONE 0.0s

#10 [install-amd64 1/2] FROM registry.access.redhat.com/ubi9/ubi:9.8@sha256:206b65b8ee0f04b992818c9a51b29081b14974630d4850bc358097d0c44ea156
#10 resolve registry.access.redhat.com/ubi9/ubi:9.8@sha256:206b65b8ee0f04b992818c9a51b29081b14974630d4850bc358097d0c44ea156 done
#10 sha256:cc6c54df811b0867866d695d6ce1e04fa5e1309584057d4101d43395a4551ff3 0B / 80.47MB 0.2s
#10 sha256:cc6c54df811b0867866d695d6ce1e04fa5e1309584057d4101d43395a4551ff3 8.39MB / 80.47MB 0.5s
#10 sha256:cc6c54df811b0867866d695d6ce1e04fa5e1309584057d4101d43395a4551ff3 23.07MB / 80.47MB 0.6s
#10 sha256:cc6c54df811b0867866d695d6ce1e04fa5e1309584057d4101d43395a4551ff3 40.89MB / 80.47MB 0.8s
#10 sha256:cc6c54df811b0867866d695d6ce1e04fa5e1309584057d4101d43395a4551ff3 57.67MB / 80.47MB 0.9s
#10 sha256:cc6c54df811b0867866d695d6ce1e04fa5e1309584057d4101d43395a4551ff3 69.21MB / 80.47MB 1.1s
#10 sha256:cc6c54df811b0867866d695d6ce1e04fa5e1309584057d4101d43395a4551ff3 80.47MB / 80.47MB 1.2s
#10 sha256:cc6c54df811b0867866d695d6ce1e04fa5e1309584057d4101d43395a4551ff3 80.47MB / 80.47MB 1.2s done
#10 extracting sha256:cc6c54df811b0867866d695d6ce1e04fa5e1309584057d4101d43395a4551ff3
#10 extracting sha256:cc6c54df811b0867866d695d6ce1e04fa5e1309584057d4101d43395a4551ff3 2.1s done
#10 DONE 3.3s

#11 [install-amd64 2/2] RUN --mount=type=bind,from=download-amd64,target=/opt/openriak-package,ro <<'OPENRIAK_PACKAGE_INSTALL' (set -eu...)
#11 0.327 Updating Subscription Management repositories.
#11 0.328 Unable to read consumer identity
#11 0.329 
#11 0.329 This system is not registered with an entitlement server. You can use subscription-manager to register.
#11 0.329 
#11 0.444 Red Hat Universal Base Image 9 (RPMs) - BaseOS  5.7 MB/s | 535 kB     00:00    
#11 0.657 Red Hat Universal Base Image 9 (RPMs) - AppStre  23 MB/s | 2.9 MB     00:00    
#11 1.371 Red Hat Universal Base Image 9 (RPMs) - CodeRea 2.3 MB/s | 471 kB     00:00    
#11 1.633 Dependencies resolved.
#11 1.643 ===========================================================================================
#11 1.643  Package                    Arch    Version                     Repository             Size
#11 1.643 ===========================================================================================
#11 1.643 Installing:
#11 1.643  bash                       x86_64  5.1.8-9.el9                 ubi-9-baseos-rpms     1.7 M
#11 1.643  ca-certificates            noarch  2025.2.80_v9.0.305-91.el9   ubi-9-baseos-rpms     1.0 M
#11 1.643  coreutils                  x86_64  8.32-41.el9_8.1             ubi-9-baseos-rpms     1.2 M
#11 1.643  findutils                  x86_64  1:4.8.0-7.el9               ubi-9-baseos-rpms     550 k
#11 1.643  gawk                       x86_64  5.1.0-6.el9                 ubi-9-baseos-rpms     1.0 M
#11 1.643  glibc                      x86_64  2.34-275.el9_8              ubi-9-baseos-rpms     2.0 M
#11 1.643  glibc-minimal-langpack     x86_64  2.34-275.el9_8              ubi-9-baseos-rpms      30 k
#11 1.643  grep                       x86_64  3.6-5.el9                   ubi-9-baseos-rpms     273 k
#11 1.643  hostname                   x86_64  3.23-6.el9                  ubi-9-baseos-rpms      33 k
#11 1.643  libgcc                     x86_64  11.5.0-14.el9               ubi-9-baseos-rpms      85 k
#11 1.643  libstdc++                  x86_64  11.5.0-14.el9               ubi-9-baseos-rpms     745 k
#11 1.643  ncurses-libs               x86_64  6.2-12.20210508.el9         ubi-9-baseos-rpms     328 k
#11 1.643  openssl-libs               x86_64  1:3.5.5-6.el9_8             ubi-9-baseos-rpms     2.3 M
#11 1.643  pam                        x86_64  1.5.1-28.el9_8.1            ubi-9-baseos-rpms     630 k
#11 1.643  procps-ng                  x86_64  3.3.17-14.el9               ubi-9-baseos-rpms     353 k
#11 1.643  redhat-release             x86_64  9.8-1.0.el9                 ubi-9-baseos-rpms      60 k
#11 1.643  sed                        x86_64  4.8-10.el9                  ubi-9-baseos-rpms     310 k
#11 1.643  shadow-utils               x86_64  2:4.9-16.el9                ubi-9-baseos-rpms     1.2 M
#11 1.643  sudo                       x86_64  1.9.17p2-3.el9_8            ubi-9-baseos-rpms     1.3 M
#11 1.643  tzdata                     noarch  2026c-1.el9_8               ubi-9-baseos-rpms     911 k
#11 1.643  util-linux                 x86_64  2.37.4-25.el9               ubi-9-baseos-rpms     2.3 M
#11 1.643  zlib                       x86_64  1.2.11-40.el9               ubi-9-baseos-rpms      93 k
#11 1.643 Installing dependencies:
#11 1.643  alternatives               x86_64  1.24-2.el9                  ubi-9-baseos-rpms      42 k
#11 1.643  audit-libs                 x86_64  3.1.5-8.el9                 ubi-9-baseos-rpms     128 k
#11 1.643  basesystem                 noarch  11-13.el9                   ubi-9-baseos-rpms     8.0 k
#11 1.643  bzip2-libs                 x86_64  1.0.8-11.el9                ubi-9-baseos-rpms      45 k
#11 1.643  coreutils-common           x86_64  8.32-41.el9_8.1             ubi-9-baseos-rpms     2.0 M
#11 1.643  cracklib                   x86_64  2.9.6-28.el9                ubi-9-baseos-rpms     100 k
#11 1.643  cracklib-dicts             x86_64  2.9.6-28.el9                ubi-9-baseos-rpms     3.7 M
#11 1.643  crypto-policies            noarch  20260224-1.gitea0f072.el9_8 ubi-9-baseos-rpms      96 k
#11 1.643  cyrus-sasl-lib             x86_64  2.1.27-22.el9               ubi-9-baseos-rpms     768 k
#11 1.643  filesystem                 x86_64  3.16-5.el9                  ubi-9-baseos-rpms     4.8 M
#11 1.643  gdbm-libs                  x86_64  1:1.23-1.el9                ubi-9-baseos-rpms      59 k
#11 1.643  glibc-common               x86_64  2.34-275.el9_8              ubi-9-baseos-rpms     314 k
#11 1.643  gmp                        x86_64  1:6.2.0-13.el9              ubi-9-baseos-rpms     319 k
#11 1.643  gzip                       x86_64  1.12-2.el9_8                ubi-9-baseos-rpms     169 k
#11 1.643  keyutils-libs              x86_64  1.6.3-1.el9                 ubi-9-baseos-rpms      34 k
#11 1.643  krb5-libs                  x86_64  1.21.1-10.el9_8             ubi-9-baseos-rpms     772 k
#11 1.643  libacl                     x86_64  2.4.0-1.el9_8               ubi-9-baseos-rpms      31 k
#11 1.643  libattr                    x86_64  2.6.0-1.el9_8               ubi-9-baseos-rpms      23 k
#11 1.643  libblkid                   x86_64  2.37.4-25.el9               ubi-9-baseos-rpms     112 k
#11 1.643  libcap                     x86_64  2.48-10.el9_8.1             ubi-9-baseos-rpms      77 k
#11 1.643  libcap-ng                  x86_64  0.8.2-7.el9                 ubi-9-baseos-rpms      36 k
#11 1.643  libcom_err                 x86_64  1.46.5-8.el9                ubi-9-baseos-rpms      26 k
#11 1.643  libdb                      x86_64  5.3.28-57.el9_6             ubi-9-baseos-rpms     737 k
#11 1.643  libeconf                   x86_64  0.4.1-7.el9_8               ubi-9-baseos-rpms      32 k
#11 1.643  libevent                   x86_64  2.1.12-8.el9_4              ubi-9-baseos-rpms     266 k
#11 1.643  libfdisk                   x86_64  2.37.4-25.el9               ubi-9-baseos-rpms     158 k
#11 1.643  libffi                     x86_64  3.4.2-8.el9                 ubi-9-baseos-rpms      40 k
#11 1.643  libgcrypt                  x86_64  1.10.0-13.el9_8             ubi-9-baseos-rpms     512 k
#11 1.643  libgpg-error               x86_64  1.42-5.el9                  ubi-9-baseos-rpms     220 k
#11 1.643  libmount                   x86_64  2.37.4-25.el9               ubi-9-baseos-rpms     139 k
#11 1.643  libpwquality               x86_64  1.4.4-8.el9                 ubi-9-baseos-rpms     123 k
#11 1.643  libselinux                 x86_64  3.6-3.el9                   ubi-9-baseos-rpms      88 k
#11 1.643  libsemanage                x86_64  3.6-5.el9_6                 ubi-9-baseos-rpms     121 k
#11 1.643  libsepol                   x86_64  3.6-3.el9                   ubi-9-baseos-rpms     331 k
#11 1.643  libsigsegv                 x86_64  2.13-4.el9                  ubi-9-baseos-rpms      30 k
#11 1.643  libsmartcols               x86_64  2.37.4-25.el9               ubi-9-baseos-rpms      67 k
#11 1.643  libtasn1                   x86_64  4.16.0-10.el9_8             ubi-9-baseos-rpms      80 k
#11 1.643  libtool-ltdl               x86_64  2.4.6-46.el9                ubi-9-appstream-rpms   37 k
#11 1.643  libutempter                x86_64  1.2.1-6.el9                 ubi-9-baseos-rpms      30 k
#11 1.643  libuuid                    x86_64  2.37.4-25.el9               ubi-9-baseos-rpms      32 k
#11 1.643  libverto                   x86_64  0.3.2-3.el9                 ubi-9-baseos-rpms      24 k
#11 1.643  libxcrypt                  x86_64  4.4.18-3.el9                ubi-9-baseos-rpms     120 k
#11 1.643  libzstd                    x86_64  1.5.5-1.el9                 ubi-9-baseos-rpms     297 k
#11 1.643  lz4-libs                   x86_64  1.9.3-5.el9                 ubi-9-baseos-rpms      69 k
#11 1.643  mpfr                       x86_64  4.1.0-10.el9                ubi-9-baseos-rpms     330 k
#11 1.643  ncurses-base               noarch  6.2-12.20210508.el9         ubi-9-baseos-rpms      96 k
#11 1.643  openldap                   x86_64  2.6.8-4.el9                 ubi-9-baseos-rpms     290 k
#11 1.643  openssl                    x86_64  1:3.5.5-6.el9_8             ubi-9-baseos-rpms     1.5 M
#11 1.643  openssl-fips-provider      x86_64  3.0.7-11.el9_8              ubi-9-baseos-rpms      14 k
#11 1.643  openssl-fips-provider-so   x86_64  3.0.7-11.el9_8              ubi-9-baseos-rpms     581 k
#11 1.643  p11-kit                    x86_64  0.26.4-1.el9_8              ubi-9-baseos-rpms     611 k
#11 1.643  p11-kit-trust              x86_64  0.26.4-1.el9_8              ubi-9-baseos-rpms     162 k
#11 1.643  pcre                       x86_64  8.44-4.el9                  ubi-9-baseos-rpms     200 k
#11 1.643  pcre2                      x86_64  10.40-6.el9                 ubi-9-baseos-rpms     236 k
#11 1.643  pcre2-syntax               noarch  10.40-6.el9                 ubi-9-baseos-rpms     144 k
#11 1.643  readline                   x86_64  8.1-4.el9                   ubi-9-baseos-rpms     215 k
#11 1.643  setup                      noarch  2.13.7-10.el9               ubi-9-baseos-rpms     150 k
#11 1.643  systemd-libs               x86_64  252-67.el9_8.4              ubi-9-baseos-rpms     665 k
#11 1.643  util-linux-core            x86_64  2.37.4-25.el9               ubi-9-baseos-rpms     466 k
#11 1.643  xz-libs                    x86_64  5.2.5-8.el9_0               ubi-9-baseos-rpms      94 k
#11 1.643 
#11 1.643 Transaction Summary
#11 1.643 ===========================================================================================
#11 1.643 Install  82 Packages
#11 1.643 
#11 1.648 Total download size: 41 M
#11 1.648 Installed size: 113 M
#11 1.649 Downloading Packages:
#11 1.699 (1/82): basesystem-11-13.el9.noarch.rpm         190 kB/s | 8.0 kB     00:00    
#11 1.702 (2/82): audit-libs-3.1.5-8.el9.x86_64.rpm       2.8 MB/s | 128 kB     00:00    
#11 1.704 (3/82): alternatives-1.24-2.el9.x86_64.rpm      893 kB/s |  42 kB     00:00    
#11 1.709 (4/82): bzip2-libs-1.0.8-11.el9.x86_64.rpm      7.2 MB/s |  45 kB     00:00    
#11 1.735 (5/82): bash-5.1.8-9.el9.x86_64.rpm              48 MB/s | 1.7 MB     00:00    
#11 1.750 (6/82): ca-certificates-2025.2.80_v9.0.305-91.e  22 MB/s | 1.0 MB     00:00    
#11 1.772 (7/82): coreutils-8.32-41.el9_8.1.x86_64.rpm     19 MB/s | 1.2 MB     00:00    
#11 1.775 (8/82): cracklib-2.9.6-28.el9.x86_64.rpm        4.1 MB/s | 100 kB     00:00    
#11 1.790 (9/82): coreutils-common-8.32-41.el9_8.1.x86_64  37 MB/s | 2.0 MB     00:00    
#11 1.793 (10/82): crypto-policies-20260224-1.gitea0f072. 5.3 MB/s |  96 kB     00:00    
#11 1.822 (11/82): cyrus-sasl-lib-2.1.27-22.el9.x86_64.rp  24 MB/s | 768 kB     00:00    
#11 1.864 (12/82): cracklib-dicts-2.9.6-28.el9.x86_64.rpm  40 MB/s | 3.7 MB     00:00    
#11 1.874 (13/82): findutils-4.8.0-7.el9.x86_64.rpm        10 MB/s | 550 kB     00:00    
#11 1.881 (14/82): gdbm-libs-1.23-1.el9.x86_64.rpm        9.2 MB/s |  59 kB     00:00    
#11 1.924 (15/82): filesystem-3.16-5.el9.x86_64.rpm        37 MB/s | 4.8 MB     00:00    
#11 1.935 (16/82): gawk-5.1.0-6.el9.x86_64.rpm             14 MB/s | 1.0 MB     00:00    
#11 1.940 (17/82): glibc-common-2.34-275.el9_8.x86_64.rpm  20 MB/s | 314 kB     00:00    
#11 1.950 (18/82): glibc-2.34-275.el9_8.x86_64.rpm         29 MB/s | 2.0 MB     00:00    
#11 1.952 (19/82): glibc-minimal-langpack-2.34-275.el9_8. 1.8 MB/s |  30 kB     00:00    
#11 1.961 (20/82): grep-3.6-5.el9.x86_64.rpm               27 MB/s | 273 kB     00:00    
#11 1.965 (21/82): gzip-1.12-2.el9_8.x86_64.rpm            13 MB/s | 169 kB     00:00    
#11 1.967 (22/82): hostname-3.23-6.el9.x86_64.rpm         5.9 MB/s |  33 kB     00:00    
#11 1.971 (23/82): gmp-6.2.0-13.el9.x86_64.rpm             10 MB/s | 319 kB     00:00    
#11 1.973 (24/82): keyutils-libs-1.6.3-1.el9.x86_64.rpm   4.5 MB/s |  34 kB     00:00    
#11 1.980 (25/82): libacl-2.4.0-1.el9_8.x86_64.rpm        3.7 MB/s |  31 kB     00:00    
#11 1.986 (26/82): krb5-libs-1.21.1-10.el9_8.x86_64.rpm    40 MB/s | 772 kB     00:00    
#11 1.989 (27/82): libattr-2.6.0-1.el9_8.x86_64.rpm       1.5 MB/s |  23 kB     00:00    
#11 1.991 (28/82): libblkid-2.37.4-25.el9.x86_64.rpm       10 MB/s | 112 kB     00:00    
#11 1.993 (29/82): libcap-2.48-10.el9_8.1.x86_64.rpm       11 MB/s |  77 kB     00:00    
#11 1.996 (30/82): libcap-ng-0.8.2-7.el9.x86_64.rpm       5.4 MB/s |  36 kB     00:00    
#11 2.004 (31/82): libcom_err-1.46.5-8.el9.x86_64.rpm     2.2 MB/s |  26 kB     00:00    
#11 2.006 (32/82): libeconf-0.4.1-7.el9_8.x86_64.rpm      3.4 MB/s |  32 kB     00:00    
#11 2.012 (33/82): libdb-5.3.28-57.el9_6.x86_64.rpm        40 MB/s | 737 kB     00:00    
#11 2.015 (34/82): libfdisk-2.37.4-25.el9.x86_64.rpm       19 MB/s | 158 kB     00:00    
#11 2.018 (35/82): libffi-3.4.2-8.el9.x86_64.rpm          6.6 MB/s |  40 kB     00:00    
#11 2.024 (36/82): libevent-2.1.12-8.el9_4.x86_64.rpm      14 MB/s | 266 kB     00:00    
#11 2.031 (37/82): libgcrypt-1.10.0-13.el9_8.x86_64.rpm    40 MB/s | 512 kB     00:00    
#11 2.036 (38/82): libgpg-error-1.42-5.el9.x86_64.rpm      19 MB/s | 220 kB     00:00    
#11 2.038 (39/82): libgcc-11.5.0-14.el9.x86_64.rpm        3.6 MB/s |  85 kB     00:00    
#11 2.041 (40/82): libmount-2.37.4-25.el9.x86_64.rpm       16 MB/s | 139 kB     00:00    
#11 2.048 (41/82): libsemanage-3.6-5.el9_6.x86_64.rpm      17 MB/s | 121 kB     00:00    
#11 2.050 (42/82): libpwquality-1.4.4-8.el9.x86_64.rpm    9.4 MB/s | 123 kB     00:00    
#11 2.052 (43/82): libselinux-3.6-3.el9.x86_64.rpm        6.3 MB/s |  88 kB     00:00    
#11 2.059 (44/82): libsepol-3.6-3.el9.x86_64.rpm           32 MB/s | 331 kB     00:00    
#11 2.060 (45/82): libsigsegv-2.13-4.el9.x86_64.rpm       3.0 MB/s |  30 kB     00:00    
#11 2.063 (46/82): libsmartcols-2.37.4-25.el9.x86_64.rpm  6.3 MB/s |  67 kB     00:00    
#11 2.070 (47/82): libtasn1-4.16.0-10.el9_8.x86_64.rpm    7.8 MB/s |  80 kB     00:00    
#11 2.072 (48/82): libutempter-1.2.1-6.el9.x86_64.rpm     3.2 MB/s |  30 kB     00:00    
#11 2.078 (49/82): libstdc++-11.5.0-14.el9.x86_64.rpm      38 MB/s | 745 kB     00:00    
#11 2.080 (50/82): libuuid-2.37.4-25.el9.x86_64.rpm       3.4 MB/s |  32 kB     00:00    
#11 2.083 (51/82): libverto-0.3.2-3.el9.x86_64.rpm        2.3 MB/s |  24 kB     00:00    
#11 2.087 (52/82): libxcrypt-4.4.18-3.el9.x86_64.rpm       15 MB/s | 120 kB     00:00    
#11 2.091 (53/82): libzstd-1.5.5-1.el9.x86_64.rpm          26 MB/s | 297 kB     00:00    
#11 2.096 (54/82): lz4-libs-1.9.3-5.el9.x86_64.rpm        5.6 MB/s |  69 kB     00:00    
#11 2.099 (55/82): mpfr-4.1.0-10.el9.x86_64.rpm            28 MB/s | 330 kB     00:00    
#11 2.101 (56/82): ncurses-base-6.2-12.20210508.el9.noarc  11 MB/s |  96 kB     00:00    
#11 2.106 (57/82): ncurses-libs-6.2-12.20210508.el9.x86_6  33 MB/s | 328 kB     00:00    
#11 2.112 (58/82): openldap-2.6.8-4.el9.x86_64.rpm         22 MB/s | 290 kB     00:00    
#11 2.113 (59/82): openssl-fips-provider-3.0.7-11.el9_8.x 2.1 MB/s |  14 kB     00:00    
#11 2.136 (60/82): openssl-3.5.5-6.el9_8.x86_64.rpm        43 MB/s | 1.5 MB     00:00    
#11 2.145 (61/82): openssl-fips-provider-so-3.0.7-11.el9_  17 MB/s | 581 kB     00:00    
#11 2.155 (62/82): p11-kit-trust-0.26.4-1.el9_8.x86_64.rp  17 MB/s | 162 kB     00:00    
#11 2.161 (63/82): p11-kit-0.26.4-1.el9_8.x86_64.rpm       25 MB/s | 611 kB     00:00    
#11 2.177 (64/82): openssl-libs-3.5.5-6.el9_8.x86_64.rpm   36 MB/s | 2.3 MB     00:00    
#11 2.181 (65/82): pam-1.5.1-28.el9_8.1.x86_64.rpm         24 MB/s | 630 kB     00:00    
#11 2.184 (66/82): pcre-8.44-4.el9.x86_64.rpm             8.7 MB/s | 200 kB     00:00    
#11 2.190 (67/82): pcre2-10.40-6.el9.x86_64.rpm            19 MB/s | 236 kB     00:00    
#11 2.192 (68/82): pcre2-syntax-10.40-6.el9.noarch.rpm     13 MB/s | 144 kB     00:00    
#11 2.198 (69/82): readline-8.1-4.el9.x86_64.rpm           29 MB/s | 215 kB     00:00    
#11 2.203 (70/82): procps-ng-3.3.17-14.el9.x86_64.rpm      18 MB/s | 353 kB     00:00    
#11 2.209 (71/82): sed-4.8-10.el9.x86_64.rpm               29 MB/s | 310 kB     00:00    
#11 2.210 (72/82): redhat-release-9.8-1.0.el9.x86_64.rpm  3.4 MB/s |  60 kB     00:00    
#11 2.232 (73/82): setup-2.13.7-10.el9.noarch.rpm         5.4 MB/s | 150 kB     00:00    
#11 2.238 (74/82): shadow-utils-4.9-16.el9.x86_64.rpm      41 MB/s | 1.2 MB     00:00    
#11 2.250 (75/82): sudo-1.9.17p2-3.el9_8.x86_64.rpm        34 MB/s | 1.3 MB     00:00    
#11 2.261 (76/82): systemd-libs-252-67.el9_8.4.x86_64.rpm  29 MB/s | 665 kB     00:00    
#11 2.267 (77/82): tzdata-2026c-1.el9_8.noarch.rpm         32 MB/s | 911 kB     00:00    
#11 2.286 (78/82): util-linux-core-2.37.4-25.el9.x86_64.r  19 MB/s | 466 kB     00:00    
#11 2.288 (79/82): xz-libs-5.2.5-8.el9_0.x86_64.rpm       4.4 MB/s |  94 kB     00:00    
#11 2.298 (80/82): util-linux-2.37.4-25.el9.x86_64.rpm     48 MB/s | 2.3 MB     00:00    
#11 2.300 (81/82): libtool-ltdl-2.4.6-46.el9.x86_64.rpm   3.3 MB/s |  37 kB     00:00    
#11 2.301 (82/82): zlib-1.2.11-40.el9.x86_64.rpm          6.2 MB/s |  93 kB     00:00    
#11 2.304 --------------------------------------------------------------------------------
#11 2.305 Total                                            63 MB/s |  41 MB     00:00     
#11 2.317 Red Hat Universal Base Image 9 (RPMs) - BaseOS  3.5 MB/s | 3.6 kB     00:00    
#11 2.384 Importing GPG key 0xFD431D51:
#11 2.384  Userid     : "Red Hat, Inc. (release key 2) <security@redhat.com>"
#11 2.384  Fingerprint: 567E 347A D004 4ADE 55BA 8A5F 199E 2F91 FD43 1D51
#11 2.384  From       : /etc/pki/rpm-gpg/RPM-GPG-KEY-redhat-release
#11 2.388 Key imported successfully
#11 2.388 Importing GPG key 0x5A6340B3:
#11 2.388  Userid     : "Red Hat, Inc. (auxiliary key 3) <security@redhat.com>"
#11 2.388  Fingerprint: 7E46 2425 8C40 6535 D56D 6F13 5054 E4A4 5A63 40B3
#11 2.388  From       : /etc/pki/rpm-gpg/RPM-GPG-KEY-redhat-release
#11 2.389 Key imported successfully
#11 3.485 Running transaction check
#11 3.544 Transaction check succeeded.
#11 3.544 Running transaction test
#11 4.404 Transaction test succeeded.
#11 4.405 Running transaction
#11 5.017   Running scriptlet: filesystem-3.16-5.el9.x86_64                           1/1 
#11 5.381   Preparing        :                                                        1/1 
#11 5.544   Installing       : tzdata-2026c-1.el9_8.noarch                           1/82 
#11 5.557   Installing       : redhat-release-9.8-1.0.el9.x86_64                     2/82 
#11 5.566   Installing       : setup-2.13.7-10.el9.noarch                            3/82 
#11 5.567   Running scriptlet: setup-2.13.7-10.el9.noarch                            3/82 
#11 5.618   Installing       : filesystem-3.16-5.el9.x86_64                          4/82 
#11 5.673   Installing       : basesystem-11-13.el9.noarch                           5/82 
#11 5.675   Installing       : pcre2-syntax-10.40-6.el9.noarch                       6/82 
#11 5.693   Installing       : ncurses-base-6.2-12.20210508.el9.noarch               7/82 
#11 5.705   Installing       : ncurses-libs-6.2-12.20210508.el9.x86_64               8/82 
#11 5.724   Installing       : bash-5.1.8-9.el9.x86_64                               9/82 
#11 5.727   Running scriptlet: bash-5.1.8-9.el9.x86_64                               9/82 
#11 5.731   Installing       : libgcc-11.5.0-14.el9.x86_64                          10/82 
#11 5.732   Running scriptlet: libgcc-11.5.0-14.el9.x86_64                          10/82 
#11 5.733   Installing       : glibc-minimal-langpack-2.34-275.el9_8.x86_64         11/82 
#11 5.745   Installing       : glibc-common-2.34-275.el9_8.x86_64                   12/82 
#11 5.749   Running scriptlet: glibc-2.34-275.el9_8.x86_64                          13/82 
#11 5.790   Installing       : glibc-2.34-275.el9_8.x86_64                          13/82 
#11 5.793   Running scriptlet: glibc-2.34-275.el9_8.x86_64                          13/82 
#11 6.430   Installing       : libuuid-2.37.4-25.el9.x86_64                         14/82 
#11 6.435   Installing       : libxcrypt-4.4.18-3.el9.x86_64                        15/82 
#11 6.439   Installing       : zlib-1.2.11-40.el9.x86_64                            16/82 
#11 6.447   Installing       : gmp-1:6.2.0-13.el9.x86_64                            17/82 
#11 6.450   Installing       : libacl-2.4.0-1.el9_8.x86_64                          18/82 
#11 6.453   Installing       : libattr-2.6.0-1.el9_8.x86_64                         19/82 
#11 6.459   Installing       : libcap-2.48-10.el9_8.1.x86_64                        20/82 
#11 6.463   Installing       : libcap-ng-0.8.2-7.el9.x86_64                         21/82 
#11 6.468   Installing       : audit-libs-3.1.5-8.el9.x86_64                        22/82 
#11 6.472   Installing       : libcom_err-1.46.5-8.el9.x86_64                       23/82 
#11 6.475   Installing       : libffi-3.4.2-8.el9.x86_64                            24/82 
#11 6.483   Installing       : libsepol-3.6-3.el9.x86_64                            25/82 
#11 6.486   Installing       : libsigsegv-2.13-4.el9.x86_64                         26/82 
#11 6.490   Installing       : libsmartcols-2.37.4-25.el9.x86_64                    27/82 
#11 6.494   Installing       : libtasn1-4.16.0-10.el9_8.x86_64                      28/82 
#11 6.511   Installing       : p11-kit-0.26.4-1.el9_8.x86_64                        29/82 
#11 6.518   Installing       : readline-8.1-4.el9.x86_64                            30/82 
#11 6.535   Installing       : crypto-policies-20260224-1.gitea0f072.el9_8.noarch   31/82 
#11 6.538   Running scriptlet: crypto-policies-20260224-1.gitea0f072.el9_8.noarch   31/82 
#11 6.545   Installing       : mpfr-4.1.0-10.el9.x86_64                             32/82 
#11 6.561   Installing       : gawk-5.1.0-6.el9.x86_64                              33/82 
#11 6.565   Installing       : alternatives-1.24-2.el9.x86_64                       34/82 
#11 6.572   Installing       : p11-kit-trust-0.26.4-1.el9_8.x86_64                  35/82 
#11 6.573   Running scriptlet: p11-kit-trust-0.26.4-1.el9_8.x86_64                  35/82 
#11 6.894   Installing       : bzip2-libs-1.0.8-11.el9.x86_64                       36/82 
#11 6.898   Installing       : gdbm-libs-1:1.23-1.el9.x86_64                        37/82 
#11 6.902   Installing       : keyutils-libs-1.6.3-1.el9.x86_64                     38/82 
#11 6.915   Installing       : libdb-5.3.28-57.el9_6.x86_64                         39/82 
#11 6.918   Installing       : libeconf-0.4.1-7.el9_8.x86_64                        40/82 
#11 6.924   Installing       : libgpg-error-1.42-5.el9.x86_64                       41/82 
#11 6.934   Installing       : libgcrypt-1.10.0-13.el9_8.x86_64                     42/82 
#11 6.938   Installing       : libverto-0.3.2-3.el9.x86_64                          43/82 
#11 6.945   Installing       : libzstd-1.5.5-1.el9.x86_64                           44/82 
#11 6.948   Installing       : lz4-libs-1.9.3-5.el9.x86_64                          45/82 
#11 6.955   Installing       : pcre-8.44-4.el9.x86_64                               46/82 
#11 6.961   Installing       : grep-3.6-5.el9.x86_64                                47/82 
#11 6.969   Installing       : pcre2-10.40-6.el9.x86_64                             48/82 
#11 6.973   Installing       : libselinux-3.6-3.el9.x86_64                          49/82 
#11 6.978   Installing       : sed-4.8-10.el9.x86_64                                50/82 
#11 6.986   Installing       : findutils-1:4.8.0-7.el9.x86_64                       51/82 
#11 6.992   Installing       : libsemanage-3.6-5.el9_6.x86_64                       52/82 
#11 7.016   Installing       : shadow-utils-2:4.9-16.el9.x86_64                     53/82 
#11 7.021   Running scriptlet: libutempter-1.2.1-6.el9.x86_64                       54/82 
#11 7.355   Installing       : libutempter-1.2.1-6.el9.x86_64                       54/82 
#11 7.359   Installing       : xz-libs-5.2.5-8.el9_0.x86_64                         55/82 
#11 7.363   Installing       : libtool-ltdl-2.4.6-46.el9.x86_64                     56/82 
#11 7.383   Installing       : coreutils-common-8.32-41.el9_8.1.x86_64              57/82 
#11 7.395   Installing       : openssl-fips-provider-so-3.0.7-11.el9_8.x86_64       58/82 
#11 7.397   Installing       : openssl-fips-provider-3.0.7-11.el9_8.x86_64          59/82 
#11 7.438   Installing       : openssl-libs-1:3.5.5-6.el9_8.x86_64                  60/82 
#11 7.494   Installing       : coreutils-8.32-41.el9_8.1.x86_64                     61/82 
#11 7.500   Running scriptlet: ca-certificates-2025.2.80_v9.0.305-91.el9.noarch     62/82 
#11 7.833   Installing       : ca-certificates-2025.2.80_v9.0.305-91.el9.noarch     62/82 
#11 7.838   Running scriptlet: ca-certificates-2025.2.80_v9.0.305-91.el9.noarch     62/82 
#11 9.202   Installing       : libblkid-2.37.4-25.el9.x86_64                        63/82 
#11 9.204   Running scriptlet: libblkid-2.37.4-25.el9.x86_64                        63/82 
#11 9.537   Installing       : systemd-libs-252-67.el9_8.4.x86_64                   64/82 
#11 9.539   Running scriptlet: systemd-libs-252-67.el9_8.4.x86_64                   64/82 
#11 9.868   Installing       : libmount-2.37.4-25.el9.x86_64                        65/82 
#11 9.887   Installing       : util-linux-core-2.37.4-25.el9.x86_64                 66/82 
#11 9.891   Running scriptlet: util-linux-core-2.37.4-25.el9.x86_64                 66/82 
#11 10.21   Installing       : libfdisk-2.37.4-25.el9.x86_64                        67/82 
#11 10.22   Installing       : gzip-1.12-2.el9_8.x86_64                             68/82 
#11 10.23   Installing       : cracklib-2.9.6-28.el9.x86_64                         69/82 
#11 10.29   Installing       : cracklib-dicts-2.9.6-28.el9.x86_64                   70/82 
#11 10.31   Installing       : krb5-libs-1.21.1-10.el9_8.x86_64                     71/82 
#11 10.32   Installing       : cyrus-sasl-lib-2.1.27-22.el9.x86_64                  72/82 
#11 10.34   Installing       : openssl-1:3.5.5-6.el9_8.x86_64                       73/82 
#11 10.35   Installing       : libpwquality-1.4.4-8.el9.x86_64                      74/82 
#11 10.37   Installing       : pam-1.5.1-28.el9_8.1.x86_64                          75/82 
#11 10.39   Installing       : libevent-2.1.12-8.el9_4.x86_64                       76/82 
#11 10.40   Installing       : openldap-2.6.8-4.el9.x86_64                          77/82 
#11 10.43   Installing       : sudo-1.9.17p2-3.el9_8.x86_64                         78/82 
#11 10.43   Running scriptlet: sudo-1.9.17p2-3.el9_8.x86_64                         78/82 
#11 10.80   Installing       : util-linux-2.37.4-25.el9.x86_64                      79/82 
#11 10.82   Installing       : procps-ng-3.3.17-14.el9.x86_64                       80/82 
#11 10.83   Installing       : hostname-3.23-6.el9.x86_64                           81/82 
#11 10.83   Running scriptlet: hostname-3.23-6.el9.x86_64                           81/82 
#11 11.17   Installing       : libstdc++-11.5.0-14.el9.x86_64                       82/82 
#11 11.18   Running scriptlet: filesystem-3.16-5.el9.x86_64                         82/82 
#11 11.50   Running scriptlet: ca-certificates-2025.2.80_v9.0.305-91.el9.noarch     82/82 
#11 12.89   Running scriptlet: libstdc++-11.5.0-14.el9.x86_64                       82/82 
#11 13.46   Verifying        : alternatives-1.24-2.el9.x86_64                        1/82 
#11 13.46   Verifying        : audit-libs-3.1.5-8.el9.x86_64                         2/82 
#11 13.46   Verifying        : basesystem-11-13.el9.noarch                           3/82 
#11 13.46   Verifying        : bash-5.1.8-9.el9.x86_64                               4/82 
#11 13.46   Verifying        : bzip2-libs-1.0.8-11.el9.x86_64                        5/82 
#11 13.46   Verifying        : ca-certificates-2025.2.80_v9.0.305-91.el9.noarch      6/82 
#11 13.46   Verifying        : coreutils-8.32-41.el9_8.1.x86_64                      7/82 
#11 13.46   Verifying        : coreutils-common-8.32-41.el9_8.1.x86_64               8/82 
#11 13.46   Verifying        : cracklib-2.9.6-28.el9.x86_64                          9/82 
#11 13.46   Verifying        : cracklib-dicts-2.9.6-28.el9.x86_64                   10/82 
#11 13.46   Verifying        : crypto-policies-20260224-1.gitea0f072.el9_8.noarch   11/82 
#11 13.46   Verifying        : cyrus-sasl-lib-2.1.27-22.el9.x86_64                  12/82 
#11 13.46   Verifying        : filesystem-3.16-5.el9.x86_64                         13/82 
#11 13.46   Verifying        : findutils-1:4.8.0-7.el9.x86_64                       14/82 
#11 13.46   Verifying        : gawk-5.1.0-6.el9.x86_64                              15/82 
#11 13.46   Verifying        : gdbm-libs-1:1.23-1.el9.x86_64                        16/82 
#11 13.46   Verifying        : glibc-2.34-275.el9_8.x86_64                          17/82 
#11 13.46   Verifying        : glibc-common-2.34-275.el9_8.x86_64                   18/82 
#11 13.46   Verifying        : glibc-minimal-langpack-2.34-275.el9_8.x86_64         19/82 
#11 13.46   Verifying        : gmp-1:6.2.0-13.el9.x86_64                            20/82 
#11 13.46   Verifying        : grep-3.6-5.el9.x86_64                                21/82 
#11 13.46   Verifying        : gzip-1.12-2.el9_8.x86_64                             22/82 
#11 13.46   Verifying        : hostname-3.23-6.el9.x86_64                           23/82 
#11 13.46   Verifying        : keyutils-libs-1.6.3-1.el9.x86_64                     24/82 
#11 13.46   Verifying        : krb5-libs-1.21.1-10.el9_8.x86_64                     25/82 
#11 13.46   Verifying        : libacl-2.4.0-1.el9_8.x86_64                          26/82 
#11 13.46   Verifying        : libattr-2.6.0-1.el9_8.x86_64                         27/82 
#11 13.46   Verifying        : libblkid-2.37.4-25.el9.x86_64                        28/82 
#11 13.46   Verifying        : libcap-2.48-10.el9_8.1.x86_64                        29/82 
#11 13.46   Verifying        : libcap-ng-0.8.2-7.el9.x86_64                         30/82 
#11 13.46   Verifying        : libcom_err-1.46.5-8.el9.x86_64                       31/82 
#11 13.46   Verifying        : libdb-5.3.28-57.el9_6.x86_64                         32/82 
#11 13.46   Verifying        : libeconf-0.4.1-7.el9_8.x86_64                        33/82 
#11 13.46   Verifying        : libevent-2.1.12-8.el9_4.x86_64                       34/82 
#11 13.46   Verifying        : libfdisk-2.37.4-25.el9.x86_64                        35/82 
#11 13.46   Verifying        : libffi-3.4.2-8.el9.x86_64                            36/82 
#11 13.46   Verifying        : libgcc-11.5.0-14.el9.x86_64                          37/82 
#11 13.46   Verifying        : libgcrypt-1.10.0-13.el9_8.x86_64                     38/82 
#11 13.46   Verifying        : libgpg-error-1.42-5.el9.x86_64                       39/82 
#11 13.46   Verifying        : libmount-2.37.4-25.el9.x86_64                        40/82 
#11 13.46   Verifying        : libpwquality-1.4.4-8.el9.x86_64                      41/82 
#11 13.46   Verifying        : libselinux-3.6-3.el9.x86_64                          42/82 
#11 13.46   Verifying        : libsemanage-3.6-5.el9_6.x86_64                       43/82 
#11 13.46   Verifying        : libsepol-3.6-3.el9.x86_64                            44/82 
#11 13.46   Verifying        : libsigsegv-2.13-4.el9.x86_64                         45/82 
#11 13.46   Verifying        : libsmartcols-2.37.4-25.el9.x86_64                    46/82 
#11 13.46   Verifying        : libstdc++-11.5.0-14.el9.x86_64                       47/82 
#11 13.46   Verifying        : libtasn1-4.16.0-10.el9_8.x86_64                      48/82 
#11 13.46   Verifying        : libutempter-1.2.1-6.el9.x86_64                       49/82 
#11 13.46   Verifying        : libuuid-2.37.4-25.el9.x86_64                         50/82 
#11 13.46   Verifying        : libverto-0.3.2-3.el9.x86_64                          51/82 
#11 13.46   Verifying        : libxcrypt-4.4.18-3.el9.x86_64                        52/82 
#11 13.46   Verifying        : libzstd-1.5.5-1.el9.x86_64                           53/82 
#11 13.46   Verifying        : lz4-libs-1.9.3-5.el9.x86_64                          54/82 
#11 13.46   Verifying        : mpfr-4.1.0-10.el9.x86_64                             55/82 
#11 13.46   Verifying        : ncurses-base-6.2-12.20210508.el9.noarch              56/82 
#11 13.46   Verifying        : ncurses-libs-6.2-12.20210508.el9.x86_64              57/82 
#11 13.46   Verifying        : openldap-2.6.8-4.el9.x86_64                          58/82 
#11 13.46   Verifying        : openssl-1:3.5.5-6.el9_8.x86_64                       59/82 
#11 13.46   Verifying        : openssl-fips-provider-3.0.7-11.el9_8.x86_64          60/82 
#11 13.46   Verifying        : openssl-fips-provider-so-3.0.7-11.el9_8.x86_64       61/82 
#11 13.46   Verifying        : openssl-libs-1:3.5.5-6.el9_8.x86_64                  62/82 
#11 13.46   Verifying        : p11-kit-0.26.4-1.el9_8.x86_64                        63/82 
#11 13.46   Verifying        : p11-kit-trust-0.26.4-1.el9_8.x86_64                  64/82 
#11 13.46   Verifying        : pam-1.5.1-28.el9_8.1.x86_64                          65/82 
#11 13.46   Verifying        : pcre-8.44-4.el9.x86_64                               66/82 
#11 13.46   Verifying        : pcre2-10.40-6.el9.x86_64                             67/82 
#11 13.47   Verifying        : pcre2-syntax-10.40-6.el9.noarch                      68/82 
#11 13.47   Verifying        : procps-ng-3.3.17-14.el9.x86_64                       69/82 
#11 13.47   Verifying        : readline-8.1-4.el9.x86_64                            70/82 
#11 13.47   Verifying        : redhat-release-9.8-1.0.el9.x86_64                    71/82 
#11 13.47   Verifying        : sed-4.8-10.el9.x86_64                                72/82 
#11 13.47   Verifying        : setup-2.13.7-10.el9.noarch                           73/82 
#11 13.47   Verifying        : shadow-utils-2:4.9-16.el9.x86_64                     74/82 
#11 13.47   Verifying        : sudo-1.9.17p2-3.el9_8.x86_64                         75/82 
#11 13.47   Verifying        : systemd-libs-252-67.el9_8.4.x86_64                   76/82 
#11 13.47   Verifying        : tzdata-2026c-1.el9_8.noarch                          77/82 
#11 13.47   Verifying        : util-linux-2.37.4-25.el9.x86_64                      78/82 
#11 13.47   Verifying        : util-linux-core-2.37.4-25.el9.x86_64                 79/82 
#11 13.47   Verifying        : xz-libs-5.2.5-8.el9_0.x86_64                         80/82 
#11 13.47   Verifying        : zlib-1.2.11-40.el9.x86_64                            81/82 
#11 13.47   Verifying        : libtool-ltdl-2.4.6-46.el9.x86_64                     82/82 
#11 13.55 Installed products updated.
#11 13.56 
#11 13.56 Installed:
#11 13.56   alternatives-1.24-2.el9.x86_64                                                
#11 13.56   audit-libs-3.1.5-8.el9.x86_64                                                 
#11 13.56   basesystem-11-13.el9.noarch                                                   
#11 13.56   bash-5.1.8-9.el9.x86_64                                                       
#11 13.56   bzip2-libs-1.0.8-11.el9.x86_64                                                
#11 13.56   ca-certificates-2025.2.80_v9.0.305-91.el9.noarch                              
#11 13.56   coreutils-8.32-41.el9_8.1.x86_64                                              
#11 13.56   coreutils-common-8.32-41.el9_8.1.x86_64                                       
#11 13.56   cracklib-2.9.6-28.el9.x86_64                                                  
#11 13.56   cracklib-dicts-2.9.6-28.el9.x86_64                                            
#11 13.56   crypto-policies-20260224-1.gitea0f072.el9_8.noarch                            
#11 13.56   cyrus-sasl-lib-2.1.27-22.el9.x86_64                                           
#11 13.56   filesystem-3.16-5.el9.x86_64                                                  
#11 13.56   findutils-1:4.8.0-7.el9.x86_64                                                
#11 13.56   gawk-5.1.0-6.el9.x86_64                                                       
#11 13.56   gdbm-libs-1:1.23-1.el9.x86_64                                                 
#11 13.56   glibc-2.34-275.el9_8.x86_64                                                   
#11 13.56   glibc-common-2.34-275.el9_8.x86_64                                            
#11 13.56   glibc-minimal-langpack-2.34-275.el9_8.x86_64                                  
#11 13.56   gmp-1:6.2.0-13.el9.x86_64                                                     
#11 13.56   grep-3.6-5.el9.x86_64                                                         
#11 13.56   gzip-1.12-2.el9_8.x86_64                                                      
#11 13.56   hostname-3.23-6.el9.x86_64                                                    
#11 13.56   keyutils-libs-1.6.3-1.el9.x86_64                                              
#11 13.56   krb5-libs-1.21.1-10.el9_8.x86_64                                              
#11 13.56   libacl-2.4.0-1.el9_8.x86_64                                                   
#11 13.56   libattr-2.6.0-1.el9_8.x86_64                                                  
#11 13.56   libblkid-2.37.4-25.el9.x86_64                                                 
#11 13.56   libcap-2.48-10.el9_8.1.x86_64                                                 
#11 13.56   libcap-ng-0.8.2-7.el9.x86_64                                                  
#11 13.56   libcom_err-1.46.5-8.el9.x86_64                                                
#11 13.56   libdb-5.3.28-57.el9_6.x86_64                                                  
#11 13.56   libeconf-0.4.1-7.el9_8.x86_64                                                 
#11 13.56   libevent-2.1.12-8.el9_4.x86_64                                                
#11 13.56   libfdisk-2.37.4-25.el9.x86_64                                                 
#11 13.56   libffi-3.4.2-8.el9.x86_64                                                     
#11 13.56   libgcc-11.5.0-14.el9.x86_64                                                   
#11 13.56   libgcrypt-1.10.0-13.el9_8.x86_64                                              
#11 13.56   libgpg-error-1.42-5.el9.x86_64                                                
#11 13.56   libmount-2.37.4-25.el9.x86_64                                                 
#11 13.56   libpwquality-1.4.4-8.el9.x86_64                                               
#11 13.56   libselinux-3.6-3.el9.x86_64                                                   
#11 13.56   libsemanage-3.6-5.el9_6.x86_64                                                
#11 13.56   libsepol-3.6-3.el9.x86_64                                                     
#11 13.56   libsigsegv-2.13-4.el9.x86_64                                                  
#11 13.56   libsmartcols-2.37.4-25.el9.x86_64                                             
#11 13.56   libstdc++-11.5.0-14.el9.x86_64                                                
#11 13.56   libtasn1-4.16.0-10.el9_8.x86_64                                               
#11 13.56   libtool-ltdl-2.4.6-46.el9.x86_64                                              
#11 13.56   libutempter-1.2.1-6.el9.x86_64                                                
#11 13.56   libuuid-2.37.4-25.el9.x86_64                                                  
#11 13.56   libverto-0.3.2-3.el9.x86_64                                                   
#11 13.56   libxcrypt-4.4.18-3.el9.x86_64                                                 
#11 13.56   libzstd-1.5.5-1.el9.x86_64                                                    
#11 13.56   lz4-libs-1.9.3-5.el9.x86_64                                                   
#11 13.56   mpfr-4.1.0-10.el9.x86_64                                                      
#11 13.56   ncurses-base-6.2-12.20210508.el9.noarch                                       
#11 13.56   ncurses-libs-6.2-12.20210508.el9.x86_64                                       
#11 13.56   openldap-2.6.8-4.el9.x86_64                                                   
#11 13.56   openssl-1:3.5.5-6.el9_8.x86_64                                                
#11 13.56   openssl-fips-provider-3.0.7-11.el9_8.x86_64                                   
#11 13.56   openssl-fips-provider-so-3.0.7-11.el9_8.x86_64                                
#11 13.56   openssl-libs-1:3.5.5-6.el9_8.x86_64                                           
#11 13.56   p11-kit-0.26.4-1.el9_8.x86_64                                                 
#11 13.56   p11-kit-trust-0.26.4-1.el9_8.x86_64                                           
#11 13.56   pam-1.5.1-28.el9_8.1.x86_64                                                   
#11 13.56   pcre-8.44-4.el9.x86_64                                                        
#11 13.56   pcre2-10.40-6.el9.x86_64                                                      
#11 13.56   pcre2-syntax-10.40-6.el9.noarch                                               
#11 13.56   procps-ng-3.3.17-14.el9.x86_64                                                
#11 13.56   readline-8.1-4.el9.x86_64                                                     
#11 13.56   redhat-release-9.8-1.0.el9.x86_64                                             
#11 13.56   sed-4.8-10.el9.x86_64                                                         
#11 13.56   setup-2.13.7-10.el9.noarch                                                    
#11 13.56   shadow-utils-2:4.9-16.el9.x86_64                                              
#11 13.56   sudo-1.9.17p2-3.el9_8.x86_64                                                  
#11 13.56   systemd-libs-252-67.el9_8.4.x86_64                                            
#11 13.56   tzdata-2026c-1.el9_8.noarch                                                   
#11 13.56   util-linux-2.37.4-25.el9.x86_64                                               
#11 13.56   util-linux-core-2.37.4-25.el9.x86_64                                          
#11 13.56   xz-libs-5.2.5-8.el9_0.x86_64                                                  
#11 13.56   zlib-1.2.11-40.el9.x86_64                                                     
#11 13.56 
#11 13.56 Complete!
#11 13.68 Verifying...                          ########################################
#11 13.98 Preparing...                          ########################################
#11 14.36 Updating / installing...
#11 14.36 riak-3.4.0.OTP26-1.el9                ########################################
#11 DONE 15.5s

#12 [package-amd64 1/1] COPY --from=install-amd64 /openriak-rootfs/ /
#12 DONE 0.6s

#13 [final 1/4] RUN <<'OPENRIAK_IMAGE_SETUP' (set -eu...)
#13 0.116 uid=999(riak) gid=999(riak) groups=999(riak)
#13 DONE 0.2s

#14 [final 2/4] COPY <<OPENRIAK_ENTRYPOINT /usr/local/bin/openriak-entrypoint
#14 DONE 0.0s

#15 [final 3/4] COPY <<OPENRIAK_HEALTHCHECK /usr/local/bin/openriak-healthcheck
#15 DONE 0.0s

#16 [final 4/4] RUN <<'OPENRIAK_SCRIPT_SETUP' (set -eu...)
#16 DONE 0.1s

#17 exporting to docker image format
#17 exporting layers
#17 exporting layers 5.6s done
#17 exporting manifest sha256:17cd8ff4b21e5dadca854066604c86b101aa2326a3086fd57abedb88f590f5d7 done
#17 exporting config sha256:f915fbdf2d0b5988e5d01af8305ad5fc19c48be8e1da93cafe9fbfea142fe537 done
#17 sending tarball
#17 ...

#18 importing to docker
#18 loading layer 5fa8a166bc14 557.06kB / 70.15MB
#18 loading layer c9494502d24a 23.57kB / 23.57kB
#18 loading layer 5fa8a166bc14 70.15MB / 70.15MB 1.7s done
#18 loading layer c9494502d24a 23.57kB / 23.57kB 0.0s done
#18 loading layer b8a7c7604c87 7.69kB / 7.69kB 0.0s done
#18 loading layer a71e8564502b 385B / 385B 0.0s done
#18 loading layer 52502bbeb8fc 7.87kB / 7.87kB 0.0s done
#18 DONE 1.7s

#17 exporting to docker image format
#17 sending tarball 2.3s done
#17 DONE 7.9s

timeout_seconds: 3600
exit_code: 0
