$ /usr/bin/docker compose --env-file /tmp/openriak-docker-3.4.1-amazon-linux-2023-otp26-ewcwo5_z/.env.cluster --project-directory /tmp/openriak-docker-3.4.1-amazon-linux-2023-otp26-ewcwo5_z --file /tmp/openriak-docker-3.4.1-amazon-linux-2023-otp26-ewcwo5_z/compose.cluster.test.yaml up --detach --no-build
started: 2026-09-11T10:16:19Z
 Network openriak-kv-341-amazon-linux-2023-otp26-node-cluster_openriak Creating 
 Network openriak-kv-341-amazon-linux-2023-otp26-node-cluster_openriak Creating 
 Network openriak-kv-341-amazon-linux-2023-otp26-node-cluster_openriak Created 
 Network openriak-kv-341-amazon-linux-2023-otp26-node-cluster_openriak Created 
 Container openriak-kv-3.4.1-amazon-linux-2023-otp26-node-5-t-334513z Creating 
 Container openriak-kv-3.4.1-amazon-linux-2023-otp26-node-3-t-334513z Creating 
 Container openriak-kv-3.4.1-amazon-linux-2023-otp26-node-1-t-334513z Creating 
 Container openriak-kv-3.4.1-amazon-linux-2023-otp26-node-4-t-334513z Creating 
 Container openriak-kv-3.4.1-amazon-linux-2023-otp26-node-2-t-334513z Creating 
 Container openriak-kv-3.4.1-amazon-linux-2023-otp26-node-2-t-334513z Created 
 Container openriak-kv-3.4.1-amazon-linux-2023-otp26-node-1-t-334513z Created 
 Container openriak-kv-3.4.1-amazon-linux-2023-otp26-node-4-t-334513z Created 
 Container openriak-kv-3.4.1-amazon-linux-2023-otp26-node-5-t-334513z Created 
 Container openriak-kv-3.4.1-amazon-linux-2023-otp26-node-3-t-334513z Created 
 Container openriak-kv-3.4.1-amazon-linux-2023-otp26-node-1-t-334513z Starting 
 Container openriak-kv-3.4.1-amazon-linux-2023-otp26-node-4-t-334513z Starting 
 Container openriak-kv-3.4.1-amazon-linux-2023-otp26-node-5-t-334513z Starting 
 Container openriak-kv-3.4.1-amazon-linux-2023-otp26-node-3-t-334513z Starting 
 Container openriak-kv-3.4.1-amazon-linux-2023-otp26-node-2-t-334513z Starting 
 Container openriak-kv-3.4.1-amazon-linux-2023-otp26-node-5-t-334513z Started 
 Container openriak-kv-3.4.1-amazon-linux-2023-otp26-node-3-t-334513z Started 
 Container openriak-kv-3.4.1-amazon-linux-2023-otp26-node-4-t-334513z Started 
 Container openriak-kv-3.4.1-amazon-linux-2023-otp26-node-2-t-334513z Started 
 Container openriak-kv-3.4.1-amazon-linux-2023-otp26-node-1-t-334513z Started 

timeout_seconds: 3600
exit_code: 0
