$ /usr/bin/docker logs openriak-kv-3.4.1-amazon-linux-2023-otp26-node-1-t-334513z
started: 2026-09-11T10:37:59Z
2026-09-11T19:16:21+09:00 [openriak-entrypoint] configuration: timezone = Asia/Tokyo
usermod: no changes
2026-09-11T19:16:22+09:00 [openriak-entrypoint] configuration: riak UID/GID = 19001/19002
2026-09-11T19:16:22+09:00 [openriak-entrypoint] configuration: preparing mounted directories
2026-09-11T19:16:22+09:00 [openriak-entrypoint] configuration: seeding /etc/riak from packaged defaults
2026-09-11T19:16:23+09:00 [openriak-entrypoint] configuration: current Docker IPv4 address = 172.25.0.6
2026-09-11T19:16:23+09:00 [openriak-entrypoint] configuration: nodename = openriak-kv@node-01.cluster-a.openriak
2026-09-11T19:16:23+09:00 [openriak-entrypoint] configuration: distributed_cookie = openriak-5c6baf829e183f9364fdad673bfb0c76
2026-09-11T19:16:23+09:00 [openriak-entrypoint] configuration: effective distributed cookie = openriak-5c6baf829e183f9364fdad673bfb0c76
2026-09-11T19:16:24+09:00 [openriak-entrypoint] configuration: ring_size = 8
2026-09-11T19:16:24+09:00 [openriak-entrypoint] configuration: storage_backend = leveled
2026-09-11T19:16:24+09:00 [openriak-entrypoint] configuration: anti_entropy = passive
2026-09-11T19:16:25+09:00 [openriak-entrypoint] configuration: tictacaae_active = active
2026-09-11T19:16:25+09:00 [openriak-entrypoint] configuration: tictacaae_storeheads = enabled
2026-09-11T19:16:25+09:00 [openriak-entrypoint] configuration: listener.http.internal = 0.0.0.0:8098
2026-09-11T19:16:25+09:00 [openriak-entrypoint] configuration: listener.protobuf.internal = 0.0.0.0:8087
2026-09-11T19:16:26+09:00 [openriak-entrypoint] configuration: logger.max_file_size = 2MB
2026-09-11T19:16:26+09:00 [openriak-entrypoint] configuration: logger.max_files = 4
2026-09-11T19:16:26+09:00 [openriak-entrypoint] startup: validating configuration and generating VM arguments
2026-09-11T19:16:55+09:00 [openriak-entrypoint] startup: configuration is valid (config is OK -config /var/lib/riak/generated.conf/app.2026.09.11.19.16.37.config -args_file /var/lib/riak/generated.conf/vm.2026.09.11.19.16.37.args -vm_args /var/lib/riak/generated.conf/vm.2026.09.11.19.16.37.args)
2026-09-11T19:16:55+09:00 [openriak-entrypoint] startup: starting OpenRiak as a daemon
2026-09-11T19:17:55+09:00 [openriak-entrypoint] startup: daemon command completed
2026-09-11T19:17:55+09:00 [openriak-entrypoint] startup: waiting for BEAM and riak ping
2026-09-11T19:18:03+09:00 [openriak-entrypoint] startup: BEAM is running and riak ping returned pong
2026-09-11T19:18:03+09:00 [openriak-entrypoint] startup: waiting for the riak_kv service
2026-09-11T19:18:21+09:00 [openriak-entrypoint] startup: riak_kv service is up ([riak_kv,riak_pipe,riak_repl])
2026-09-11T19:18:21+09:00 [openriak-entrypoint] startup: waiting for Riak transfers to complete
2026-09-11T19:18:37+09:00 [openriak-entrypoint] startup: transfers complete (No transfers active Active Transfers: ok)
2026-09-11T19:18:37+09:00 [openriak-entrypoint] cluster: Role: Coordinator
2026-09-11T19:18:37+09:00 [openriak-entrypoint] cluster: published coordinator openriak-kv@node-01.cluster-a.openriak at 172.25.0.6 in openriak-kv@node-01.cluster-a.openriak-847dbe2b800abe4d-coordinator
2026-09-11T19:19:19+09:00 [openriak-entrypoint] monitor: Coordinator is healthy; sleeping for 1s
2026-09-11T19:19:37+09:00 [openriak-entrypoint] monitor: Coordinator is healthy; sleeping for 1s
2026-09-11T19:19:53+09:00 [openriak-entrypoint] monitor: Coordinator is healthy; sleeping for 1s
2026-09-11T19:20:08+09:00 [openriak-entrypoint] monitor: Coordinator is healthy; sleeping for 1s
2026-09-11T19:20:26+09:00 [openriak-entrypoint] monitor: Coordinator is healthy; sleeping for 1s
2026-09-11T19:20:40+09:00 [openriak-entrypoint] monitor: Coordinator is healthy; sleeping for 1s
2026-09-11T19:21:02+09:00 [openriak-entrypoint] monitor: Coordinator is healthy; sleeping for 1s
2026-09-11T19:21:20+09:00 [openriak-entrypoint] monitor: Coordinator is healthy; sleeping for 1s
2026-09-11T19:21:40+09:00 [openriak-entrypoint] monitor: Coordinator is healthy; sleeping for 1s
2026-09-11T19:22:00+09:00 [openriak-entrypoint] monitor: Coordinator is healthy; sleeping for 1s
2026-09-11T19:22:15+09:00 [openriak-entrypoint] monitor: Coordinator is healthy; sleeping for 1s
2026-09-11T19:22:34+09:00 [openriak-entrypoint] monitor: Coordinator is healthy; sleeping for 1s
2026-09-11T19:22:51+09:00 [openriak-entrypoint] monitor: Coordinator is healthy; sleeping for 1s
2026-09-11T19:23:08+09:00 [openriak-entrypoint] monitor: Coordinator is healthy; sleeping for 1s
2026-09-11T19:23:27+09:00 [openriak-entrypoint] monitor: Coordinator is healthy; sleeping for 1s
2026-09-11T19:23:45+09:00 [openriak-entrypoint] monitor: Coordinator is healthy; sleeping for 1s
2026-09-11T19:24:01+09:00 [openriak-entrypoint] monitor: Coordinator is healthy; sleeping for 1s
2026-09-11T19:24:06+09:00 [openriak-entrypoint] cluster: approved follower openriak-kv@node-02.cluster-a.openriak at 172.25.0.5
2026-09-11T19:24:08+09:00 [openriak-entrypoint] cluster: approved follower openriak-kv@node-03.cluster-a.openriak at 172.25.0.3
2026-09-11T19:24:11+09:00 [openriak-entrypoint] cluster: approved follower openriak-kv@node-05.cluster-a.openriak at 172.25.0.2
2026-09-11T19:24:27+09:00 [openriak-entrypoint] monitor: Coordinator is healthy; sleeping for 1s
2026-09-11T19:24:31+09:00 [openriak-entrypoint] cluster: approved follower openriak-kv@node-04.cluster-a.openriak at 172.25.0.4
2026-09-11T19:24:48+09:00 [openriak-entrypoint] monitor: Coordinator is healthy; sleeping for 1s
2026-09-11T19:24:50+09:00 [openriak-entrypoint] cluster: waiting for 2 approved or ready node(s) before planning 2 joined node(s)
2026-09-11T19:25:05+09:00 [openriak-entrypoint] monitor: Coordinator is healthy; sleeping for 1s
2026-09-11T19:25:07+09:00 [openriak-entrypoint] cluster: planning a batch of 4 joined node(s)
2026-09-11T19:25:35+09:00 [openriak-entrypoint] cluster: plan: =============================== Staged Changes ================================
2026-09-11T19:25:35+09:00 [openriak-entrypoint] cluster: plan: Action         Details(s)
2026-09-11T19:25:36+09:00 [openriak-entrypoint] cluster: plan: -------------------------------------------------------------------------------
2026-09-11T19:25:36+09:00 [openriak-entrypoint] cluster: plan: join           'openriak-kv@node-02.cluster-a.openriak'
2026-09-11T19:25:36+09:00 [openriak-entrypoint] cluster: plan: join           'openriak-kv@node-03.cluster-a.openriak'
2026-09-11T19:25:36+09:00 [openriak-entrypoint] cluster: plan: join           'openriak-kv@node-04.cluster-a.openriak'
2026-09-11T19:25:36+09:00 [openriak-entrypoint] cluster: plan: join           'openriak-kv@node-05.cluster-a.openriak'
2026-09-11T19:25:36+09:00 [openriak-entrypoint] cluster: plan: -------------------------------------------------------------------------------
2026-09-11T19:25:37+09:00 [openriak-entrypoint] cluster: plan: 
2026-09-11T19:25:37+09:00 [openriak-entrypoint] cluster: plan: 
2026-09-11T19:25:37+09:00 [openriak-entrypoint] cluster: plan: NOTE: Applying these changes will result in 1 cluster transition
2026-09-11T19:25:37+09:00 [openriak-entrypoint] cluster: plan: 
2026-09-11T19:25:37+09:00 [openriak-entrypoint] cluster: plan: ###############################################################################
2026-09-11T19:25:37+09:00 [openriak-entrypoint] cluster: plan:                          After cluster transition 1/1
2026-09-11T19:25:38+09:00 [openriak-entrypoint] cluster: plan: ###############################################################################
2026-09-11T19:25:38+09:00 [openriak-entrypoint] cluster: plan: 
2026-09-11T19:25:39+09:00 [openriak-entrypoint] cluster: plan: ================================= Membership ==================================
2026-09-11T19:25:40+09:00 [openriak-entrypoint] cluster: plan: Status     Ring    Pending    Node
2026-09-11T19:25:40+09:00 [openriak-entrypoint] cluster: plan: -------------------------------------------------------------------------------
2026-09-11T19:25:40+09:00 [openriak-entrypoint] cluster: plan: valid     100.0%     25.0%    openriak-kv@node-01.cluster-a.openriak
2026-09-11T19:25:40+09:00 [openriak-entrypoint] cluster: plan: valid       0.0%     25.0%    openriak-kv@node-02.cluster-a.openriak
2026-09-11T19:25:40+09:00 [openriak-entrypoint] cluster: plan: valid       0.0%     25.0%    openriak-kv@node-03.cluster-a.openriak
2026-09-11T19:25:40+09:00 [openriak-entrypoint] cluster: plan: valid       0.0%     12.5%    openriak-kv@node-04.cluster-a.openriak
2026-09-11T19:25:40+09:00 [openriak-entrypoint] cluster: plan: valid       0.0%     12.5%    openriak-kv@node-05.cluster-a.openriak
2026-09-11T19:25:41+09:00 [openriak-entrypoint] cluster: plan: -------------------------------------------------------------------------------
2026-09-11T19:25:41+09:00 [openriak-entrypoint] cluster: plan: Valid:5 / Leaving:0 / Exiting:0 / Joining:0 / Down:0
2026-09-11T19:25:41+09:00 [openriak-entrypoint] cluster: plan: 
2026-09-11T19:25:41+09:00 [openriak-entrypoint] cluster: plan: Transfers resulting from cluster changes: 6
2026-09-11T19:25:41+09:00 [openriak-entrypoint] cluster: plan:   1 transfers from 'openriak-kv@node-01.cluster-a.openriak' to 'openriak-kv@node-04.cluster-a.openriak'
2026-09-11T19:25:41+09:00 [openriak-entrypoint] cluster: plan:   1 transfers from 'openriak-kv@node-01.cluster-a.openriak' to 'openriak-kv@node-05.cluster-a.openriak'
2026-09-11T19:25:41+09:00 [openriak-entrypoint] cluster: plan:   2 transfers from 'openriak-kv@node-01.cluster-a.openriak' to 'openriak-kv@node-03.cluster-a.openriak'
2026-09-11T19:25:41+09:00 [openriak-entrypoint] cluster: plan:   2 transfers from 'openriak-kv@node-01.cluster-a.openriak' to 'openriak-kv@node-02.cluster-a.openriak'
2026-09-11T19:25:42+09:00 [openriak-entrypoint] cluster: plan: 
2026-09-11T19:25:42+09:00 [openriak-entrypoint] cluster: plan: ok
2026-09-11T19:25:42+09:00 [openriak-entrypoint] cluster: committing the planned membership changes
2026-09-11T19:26:09+09:00 [openriak-entrypoint] cluster: commit: Cluster changes committed
2026-09-11T19:26:09+09:00 [openriak-entrypoint] cluster: commit: ok
2026-09-11T19:26:09+09:00 [openriak-entrypoint] cluster: waiting for the ring to become ready
2026-09-11T19:26:52+09:00 [openriak-entrypoint] cluster: ring is ready (TRUE All nodes agree on the ring ['openriak-kv@node-01.cluster-a.openriak', 'openriak-kv@node-02.cluster-a.openriak', 'openriak-kv@node-03.cluster-a.openriak', 'openriak-kv@node-04.cluster-a.openriak', 'openriak-kv@node-05.cluster-a.openriak'] ok)
2026-09-11T19:26:52+09:00 [openriak-entrypoint] startup: waiting for Riak transfers to complete
2026-09-11T19:27:32+09:00 [openriak-entrypoint] startup: waiting for transfers (attempt 1, transfers='openriak-kv@node-04.cluster-a.openriak' waiting to handoff 2 partitions Active Transfers: ok)
2026-09-11T19:28:10+09:00 [openriak-entrypoint] startup: transfers complete (No transfers active Active Transfers: ok)
2026-09-11T19:28:10+09:00 [openriak-entrypoint] cluster: completed follower openriak-kv@node-02.cluster-a.openriak-847dbe2b800abe4d
2026-09-11T19:28:11+09:00 [openriak-entrypoint] cluster: completed follower openriak-kv@node-03.cluster-a.openriak-847dbe2b800abe4d
2026-09-11T19:28:11+09:00 [openriak-entrypoint] cluster: completed follower openriak-kv@node-04.cluster-a.openriak-847dbe2b800abe4d
2026-09-11T19:28:11+09:00 [openriak-entrypoint] cluster: completed follower openriak-kv@node-05.cluster-a.openriak-847dbe2b800abe4d
2026-09-11T19:28:32+09:00 [openriak-entrypoint] monitor: Coordinator is healthy; sleeping for 1s
2026-09-11T19:28:47+09:00 [openriak-entrypoint] monitor: Coordinator is healthy; sleeping for 1s
2026-09-11T19:29:06+09:00 [openriak-entrypoint] monitor: Coordinator is healthy; sleeping for 1s
2026-09-11T19:29:24+09:00 [openriak-entrypoint] monitor: Coordinator is healthy; sleeping for 1s
2026-09-11T19:29:40+09:00 [openriak-entrypoint] monitor: Coordinator is healthy; sleeping for 1s
2026-09-11T19:30:00+09:00 [openriak-entrypoint] monitor: Coordinator is healthy; sleeping for 1s
2026-09-11T19:30:15+09:00 [openriak-entrypoint] monitor: Coordinator is healthy; sleeping for 1s
2026-09-11T19:30:34+09:00 [openriak-entrypoint] monitor: Coordinator is healthy; sleeping for 1s
2026-09-11T19:30:50+09:00 [openriak-entrypoint] monitor: Coordinator is healthy; sleeping for 1s
2026-09-11T19:31:07+09:00 [openriak-entrypoint] monitor: Coordinator is healthy; sleeping for 1s
2026-09-11T19:31:22+09:00 [openriak-entrypoint] monitor: Coordinator is healthy; sleeping for 1s
2026-09-11T19:31:40+09:00 [openriak-entrypoint] monitor: Coordinator is healthy; sleeping for 1s
2026-09-11T19:31:56+09:00 [openriak-entrypoint] monitor: Coordinator is healthy; sleeping for 1s
2026-09-11T19:32:14+09:00 [openriak-entrypoint] monitor: Coordinator is healthy; sleeping for 1s
2026-09-11T19:32:29+09:00 [openriak-entrypoint] monitor: Coordinator is healthy; sleeping for 1s
2026-09-11T19:32:47+09:00 [openriak-entrypoint] monitor: Coordinator is healthy; sleeping for 1s
2026-09-11T19:33:05+09:00 [openriak-entrypoint] monitor: Coordinator is healthy; sleeping for 1s
2026-09-11T19:33:21+09:00 [openriak-entrypoint] monitor: Coordinator is healthy; sleeping for 1s
2026-09-11T19:33:41+09:00 [openriak-entrypoint] monitor: Coordinator is healthy; sleeping for 1s
2026-09-11T19:33:56+09:00 [openriak-entrypoint] monitor: Coordinator is healthy; sleeping for 1s
2026-09-11T19:34:15+09:00 [openriak-entrypoint] monitor: Coordinator is healthy; sleeping for 1s
2026-09-11T19:34:32+09:00 [openriak-entrypoint] monitor: Coordinator is healthy; sleeping for 1s
2026-09-11T19:34:50+09:00 [openriak-entrypoint] monitor: Coordinator is healthy; sleeping for 1s
2026-09-11T19:35:07+09:00 [openriak-entrypoint] monitor: Coordinator is healthy; sleeping for 1s
2026-09-11T19:35:26+09:00 [openriak-entrypoint] monitor: Coordinator is healthy; sleeping for 1s
2026-09-11T19:35:45+09:00 [openriak-entrypoint] monitor: Coordinator is healthy; sleeping for 1s
2026-09-11T19:36:03+09:00 [openriak-entrypoint] monitor: Coordinator is healthy; sleeping for 1s
2026-09-11T19:36:21+09:00 [openriak-entrypoint] monitor: Coordinator is healthy; sleeping for 1s
2026-09-11T19:36:38+09:00 [openriak-entrypoint] monitor: Coordinator is healthy; sleeping for 1s
2026-09-11T19:36:57+09:00 [openriak-entrypoint] monitor: Coordinator is healthy; sleeping for 1s
2026-09-11T19:37:13+09:00 [openriak-entrypoint] monitor: Coordinator is healthy; sleeping for 1s
2026-09-11T19:37:34+09:00 [openriak-entrypoint] monitor: Coordinator is healthy; sleeping for 1s
2026-09-11T19:37:52+09:00 [openriak-entrypoint] monitor: Coordinator is healthy; sleeping for 1s

timeout_seconds: 3600
exit_code: 0
