$ /usr/bin/docker container inspect openriak-kv-3.4.1-amazon-linux-2023-otp26-node-1-t-334513z
started: 2026-09-11T10:16:19Z
[]
Error response from daemon: No such container: openriak-kv-3.4.1-amazon-linux-2023-otp26-node-1-t-334513z

timeout_seconds: 3600
exit_code: 1
$ /usr/bin/docker container inspect openriak-kv-3.4.1-amazon-linux-2023-otp26-node-2-t-334513z
started: 2026-09-11T10:16:19Z
[]
Error response from daemon: No such container: openriak-kv-3.4.1-amazon-linux-2023-otp26-node-2-t-334513z

timeout_seconds: 3600
exit_code: 1
$ /usr/bin/docker container inspect openriak-kv-3.4.1-amazon-linux-2023-otp26-node-3-t-334513z
started: 2026-09-11T10:16:19Z
[]
Error response from daemon: No such container: openriak-kv-3.4.1-amazon-linux-2023-otp26-node-3-t-334513z

timeout_seconds: 3600
exit_code: 1
$ /usr/bin/docker container inspect openriak-kv-3.4.1-amazon-linux-2023-otp26-node-4-t-334513z
started: 2026-09-11T10:16:19Z
[]
Error response from daemon: No such container: openriak-kv-3.4.1-amazon-linux-2023-otp26-node-4-t-334513z

timeout_seconds: 3600
exit_code: 1
$ /usr/bin/docker container inspect openriak-kv-3.4.1-amazon-linux-2023-otp26-node-5-t-334513z
started: 2026-09-11T10:16:19Z
[]
Error response from daemon: No such container: openriak-kv-3.4.1-amazon-linux-2023-otp26-node-5-t-334513z

timeout_seconds: 3600
exit_code: 1
