$ /usr/bin/docker buildx build --builder openriak-kv-multiarch --platform linux/amd64,linux/arm64 --pull=false --tag tiotjp/openriak-kv:3.4.1-alpine-3.21-otp24 --output type=oci,dest=/home/peter/openriak-builds/openriak-distributed/openriak-docker-2026-09-11-b/living-room-a/20260911T084617.243958Z/results/3.4.1/3.4.1-alpine-3.21-otp24/runs/20260911T124459.475949Z/image.oci.tar /home/peter/openriak-builds/openriak-distributed/openriak-docker-2026-09-11-b/living-room-a/20260911T084617.243958Z/results/3.4.1/3.4.1-alpine-3.21-otp24
started: 2026-09-11T13:13:35Z
#0 building with "openriak-kv-multiarch" instance using docker-container driver

#1 [internal] load build definition from Dockerfile
#1 transferring dockerfile: 42.78kB done
#1 DONE 0.0s

#2 resolve image config for docker-image://docker.io/docker/dockerfile:1.7
#2 DONE 1.0s

#3 docker-image://docker.io/docker/dockerfile:1.7@sha256:a57df69d0ea827fb7266491f2813635de6f17269be881f696fbfdf2d83dda33e
#3 resolve docker.io/docker/dockerfile:1.7@sha256:a57df69d0ea827fb7266491f2813635de6f17269be881f696fbfdf2d83dda33e 0.0s done
#3 CACHED

#4 [linux/amd64 internal] load metadata for docker.io/library/alpine:3.21@sha256:48b0309ca019d89d40f670aa1bc06e426dc0931948452e8491e3d65087abc07d
#4 DONE 0.6s

#5 [linux/arm64 internal] load metadata for docker.io/library/alpine:3.21@sha256:48b0309ca019d89d40f670aa1bc06e426dc0931948452e8491e3d65087abc07d
#5 DONE 0.6s

#6 [internal] load .dockerignore
#6 transferring context: 42B done
#6 DONE 0.0s

#7 [internal] preparing inline document
#7 DONE 0.0s

#8 [linux/amd64 download-amd64 1/1] ADD --checksum=sha256:0a9c2066edcc52bbba2e7f31fa5c10e4af105205d96782c74ed72b509de77ead https://files.tiot.jp/alpine/v3.21/main/x86_64/riak-3.4.1.24-r1.apk /riak-3.4.1.24-r1.apk
#8 DONE 0.0s

#9 [linux/arm64 download-arm64 1/1] ADD --checksum=sha256:071fc293da0199183725b21f6d9ce0212e09bf1a73d86cc5918bd8bdbadc148e https://files.tiot.jp/alpine/v3.21/main/aarch64/riak-3.4.1.24-r1.apk /riak-3.4.1.24-r1.apk
#9 DONE 0.0s

#10 [internal] preparing inline document
#10 DONE 0.0s

#11 [linux/amd64 package-amd64 1/2] FROM docker.io/library/alpine:3.21@sha256:48b0309ca019d89d40f670aa1bc06e426dc0931948452e8491e3d65087abc07d
#11 resolve docker.io/library/alpine:3.21@sha256:48b0309ca019d89d40f670aa1bc06e426dc0931948452e8491e3d65087abc07d done
#11 DONE 0.0s

#12 [linux/amd64 final 3/4] COPY <<OPENRIAK_HEALTHCHECK /usr/local/bin/openriak-healthcheck
#12 CACHED

#13 [linux/amd64 final 2/4] COPY <<OPENRIAK_ENTRYPOINT /usr/local/bin/openriak-entrypoint
#13 CACHED

#14 [linux/amd64 final 1/4] RUN <<'OPENRIAK_IMAGE_SETUP' (set -eu...)
#14 CACHED

#15 [linux/amd64 download-amd64 1/1] ADD --checksum=sha256:0a9c2066edcc52bbba2e7f31fa5c10e4af105205d96782c74ed72b509de77ead https://files.tiot.jp/alpine/v3.21/main/x86_64/riak-3.4.1.24-r1.apk /riak-3.4.1.24-r1.apk
#15 CACHED

#16 [linux/amd64 package-amd64 2/2] RUN --mount=type=bind,from=download-amd64,target=/opt/openriak-package,ro <<'OPENRIAK_PACKAGE_INSTALL' (set -eu...)
#16 CACHED

#17 [linux/amd64 final 4/4] RUN <<'OPENRIAK_SCRIPT_SETUP' (set -eu...)
#17 CACHED

#18 [linux/arm64 package-arm64 1/2] FROM docker.io/library/alpine:3.21@sha256:48b0309ca019d89d40f670aa1bc06e426dc0931948452e8491e3d65087abc07d
#18 resolve docker.io/library/alpine:3.21@sha256:48b0309ca019d89d40f670aa1bc06e426dc0931948452e8491e3d65087abc07d done
#18 DONE 0.0s

#19 [linux/arm64 final 1/4] RUN <<'OPENRIAK_IMAGE_SETUP' (set -eu...)
#19 CACHED

#20 [linux/arm64 package-arm64 2/2] RUN --mount=type=bind,from=download-arm64,target=/opt/openriak-package,ro <<'OPENRIAK_PACKAGE_INSTALL' (set -eu...)
#20 CACHED

#21 [linux/arm64 final 3/4] COPY <<OPENRIAK_HEALTHCHECK /usr/local/bin/openriak-healthcheck
#21 CACHED

#22 [linux/arm64 final 2/4] COPY <<OPENRIAK_ENTRYPOINT /usr/local/bin/openriak-entrypoint
#22 CACHED

#23 [linux/arm64 download-arm64 1/1] ADD --checksum=sha256:071fc293da0199183725b21f6d9ce0212e09bf1a73d86cc5918bd8bdbadc148e https://files.tiot.jp/alpine/v3.21/main/aarch64/riak-3.4.1.24-r1.apk /riak-3.4.1.24-r1.apk
#23 CACHED

#24 [linux/arm64 final 4/4] RUN <<'OPENRIAK_SCRIPT_SETUP' (set -eu...)
#24 CACHED

#25 exporting to oci image format
#25 exporting layers done
#25 exporting manifest sha256:8faf4fbccda0e4cdcdc2ad0f9df604d82f5e95cbcc794f14ae4391a1e6a76fec done
#25 exporting config sha256:f15c7163743d598ab84cd2baaa6e4c015486f6cbf2c921665a1e9e4f4c547572 done
#25 exporting attestation manifest sha256:d39d25776ef129e75ca3d473ffacea20f16f51a4a6e62111e21fb3f94f70b176 done
#25 exporting manifest sha256:3c0bf5f1385b98f02a058358f5b68d8e91e6646bb50c81bfc9a21ae6fe5bbb6f done
#25 exporting config sha256:d09fc2b6ad0514e42dc2cdde7c69ac2b545ab56f366632a9dcab2d0f0ac5610f done
#25 exporting attestation manifest sha256:6b58edd01f92c394ee67713ecc2c6c3c64e8a79760571462830457b0fd7cdf51 done
#25 exporting manifest list sha256:d9a3b2aac61423f3c520cac01886855d0810e0109fe448247ae79162f88abab7 done
#25 sending tarball
#25 sending tarball 0.7s done
#25 DONE 0.7s

timeout_seconds: 3600
exit_code: 0
