$ /usr/bin/docker compose --env-file /tmp/openriak-docker-3.4.1-alpine-3.21-otp24-tvwsdxca/.env.cluster --project-directory /tmp/openriak-docker-3.4.1-alpine-3.21-otp24-tvwsdxca --file /tmp/openriak-docker-3.4.1-alpine-3.21-otp24-tvwsdxca/compose.cluster.test.yaml down --remove-orphans --timeout 120
started: 2026-09-11T09:05:30Z
 Container openriak-kv-3.4.1-alpine-3.21-otp24-node-3-t-416838z  Stopping
 Container openriak-kv-3.4.1-alpine-3.21-otp24-node-4-t-416838z  Stopping
 Container openriak-kv-3.4.1-alpine-3.21-otp24-node-1-t-416838z  Stopping
 Container openriak-kv-3.4.1-alpine-3.21-otp24-node-2-t-416838z  Stopping
 Container openriak-kv-3.4.1-alpine-3.21-otp24-node-5-t-416838z  Stopping
 Container openriak-kv-3.4.1-alpine-3.21-otp24-node-3-t-416838z  Stopped
 Container openriak-kv-3.4.1-alpine-3.21-otp24-node-3-t-416838z  Removing
 Container openriak-kv-3.4.1-alpine-3.21-otp24-node-5-t-416838z  Stopped
 Container openriak-kv-3.4.1-alpine-3.21-otp24-node-5-t-416838z  Removing
 Container openriak-kv-3.4.1-alpine-3.21-otp24-node-2-t-416838z  Stopped
 Container openriak-kv-3.4.1-alpine-3.21-otp24-node-2-t-416838z  Removing
 Container openriak-kv-3.4.1-alpine-3.21-otp24-node-1-t-416838z  Stopped
 Container openriak-kv-3.4.1-alpine-3.21-otp24-node-1-t-416838z  Removing
 Container openriak-kv-3.4.1-alpine-3.21-otp24-node-4-t-416838z  Stopped
 Container openriak-kv-3.4.1-alpine-3.21-otp24-node-4-t-416838z  Removing
 Container openriak-kv-3.4.1-alpine-3.21-otp24-node-3-t-416838z  Removed
 Container openriak-kv-3.4.1-alpine-3.21-otp24-node-5-t-416838z  Removed
 Container openriak-kv-3.4.1-alpine-3.21-otp24-node-1-t-416838z  Removed
 Container openriak-kv-3.4.1-alpine-3.21-otp24-node-2-t-416838z  Removed
 Container openriak-kv-3.4.1-alpine-3.21-otp24-node-4-t-416838z  Removed
 Network openriak-kv-341-alpine-321-otp24-node-cluster_openriak  Removing
 Network openriak-kv-341-alpine-321-otp24-node-cluster_openriak  Removed

timeout_seconds: 3600
exit_code: 0
