$ /usr/bin/docker logs openriak-kv-3.4.1-alpine-3.21-otp24-node-t-416838z
started: 2026-09-11T09:01:56Z
2026-09-11T18:01:29+09:00 [openriak-entrypoint] configuration: timezone = Asia/Tokyo
usermod: no changes
2026-09-11T18:01:29+09:00 [openriak-entrypoint] configuration: riak UID/GID = 19001/19002
2026-09-11T18:01:29+09:00 [openriak-entrypoint] configuration: preparing mounted directories
2026-09-11T18:01:29+09:00 [openriak-entrypoint] configuration: using existing /etc/riak/riak.conf
2026-09-11T18:01:29+09:00 [openriak-entrypoint] configuration: current Docker IPv4 address = 172.20.0.2
2026-09-11T18:01:29+09:00 [openriak-entrypoint] configuration: preserving distributed cookie from existing riak.conf
2026-09-11T18:01:29+09:00 [openriak-entrypoint] configuration: preserving nodename from existing riak.conf
2026-09-11T18:01:29+09:00 [openriak-entrypoint] configuration: effective distributed cookie = openriak-63482bcf06afcb402bd82ddbc43a2119
2026-09-11T18:01:29+09:00 [openriak-entrypoint] configuration: preserving ring_size from existing riak.conf
2026-09-11T18:01:29+09:00 [openriak-entrypoint] configuration: preserving storage_backend from existing riak.conf
2026-09-11T18:01:29+09:00 [openriak-entrypoint] configuration: preserving anti_entropy from existing riak.conf
2026-09-11T18:01:29+09:00 [openriak-entrypoint] configuration: preserving tictacaae_active from existing riak.conf
2026-09-11T18:01:29+09:00 [openriak-entrypoint] configuration: preserving tictacaae_storeheads from existing riak.conf
2026-09-11T18:01:29+09:00 [openriak-entrypoint] configuration: preserving listener.http.internal from existing riak.conf
2026-09-11T18:01:29+09:00 [openriak-entrypoint] configuration: preserving listener.protobuf.internal from existing riak.conf
2026-09-11T18:01:29+09:00 [openriak-entrypoint] configuration: preserving logger.max_file_size from existing riak.conf
2026-09-11T18:01:29+09:00 [openriak-entrypoint] configuration: preserving logger.max_files from existing riak.conf
2026-09-11T18:01:29+09:00 [openriak-entrypoint] startup: validating configuration and generating VM arguments
2026-09-11T18:01:31+09:00 [openriak-entrypoint] startup: configuration is valid (config is OK)
2026-09-11T18:01:31+09:00 [openriak-entrypoint] startup: starting OpenRiak as a daemon
2026-09-11T18:01:36+09:00 [openriak-entrypoint] startup: daemon command completed
2026-09-11T18:01:36+09:00 [openriak-entrypoint] startup: waiting for BEAM and riak ping
2026-09-11T18:01:37+09:00 [openriak-entrypoint] startup: BEAM is running and riak ping returned pong
2026-09-11T18:01:37+09:00 [openriak-entrypoint] startup: waiting for the riak_kv service
2026-09-11T18:01:37+09:00 [openriak-entrypoint] startup: waiting for riak_kv (attempt 1, services=[])
2026-09-11T18:01:39+09:00 [openriak-entrypoint] startup: waiting for riak_kv (attempt 2, services=[])
2026-09-11T18:01:40+09:00 [openriak-entrypoint] startup: waiting for riak_kv (attempt 3, services=[])
2026-09-11T18:01:42+09:00 [openriak-entrypoint] startup: waiting for riak_kv (attempt 4, services=[])
2026-09-11T18:01:44+09:00 [openriak-entrypoint] startup: waiting for riak_kv (attempt 5, services=[])
2026-09-11T18:01:45+09:00 [openriak-entrypoint] startup: riak_kv service is up ([riak_kv,riak_pipe,riak_repl])
2026-09-11T18:01:45+09:00 [openriak-entrypoint] startup: waiting for Riak transfers to complete
2026-09-11T18:01:46+09:00 [openriak-entrypoint] startup: transfers complete (No transfers active Active Transfers: ok)
2026-09-11T18:01:46+09:00 [openriak-entrypoint] startup: OpenRiak is ready
2026-09-11T18:01:46+09:00 [openriak-entrypoint] monitor: sleeping for 1s
2026-09-11T18:01:47+09:00 [openriak-entrypoint] monitor: BEAM is running and riak ping returned pong
2026-09-11T18:01:47+09:00 [openriak-entrypoint] monitor: sleeping for 1s
2026-09-11T18:01:49+09:00 [openriak-entrypoint] monitor: BEAM is running and riak ping returned pong
2026-09-11T18:01:49+09:00 [openriak-entrypoint] monitor: sleeping for 1s
2026-09-11T18:01:50+09:00 [openriak-entrypoint] monitor: BEAM is running and riak ping returned pong
2026-09-11T18:01:50+09:00 [openriak-entrypoint] monitor: sleeping for 1s
2026-09-11T18:01:51+09:00 [openriak-entrypoint] shutdown: received SIGTERM
2026-09-11T18:01:51+09:00 [openriak-entrypoint] shutdown: requesting OpenRiak stop
2026-09-11T18:01:55+09:00 [openriak-entrypoint] shutdown: OpenRiak accepted the stop request
2026-09-11T18:01:55+09:00 [openriak-entrypoint] shutdown: waiting for BEAM to stop (attempt 1)
2026-09-11T18:01:56+09:00 [openriak-entrypoint] shutdown: BEAM stopped; container is exiting

timeout_seconds: 3600
exit_code: 0
