$ /usr/bin/docker exec openriak-kv-3.4.1-alpine-3.21-otp24-node-t-416838z sh -c 'date +%z
id -u riak
id -g riak
stat -c '"'"'%u:%g'"'"' /etc/riak /var/lib/riak /var/log/riak'
started: 2026-09-11T09:01:48Z
+0900
19001
19002
19001:19002
19001:19002
19001:19002

timeout_seconds: 3600
exit_code: 0
$ /usr/bin/docker container inspect openriak-kv-3.4.1-alpine-3.21-otp24-node-t-416838z
started: 2026-09-11T09:01:48Z
[
    {
        "Id": "7c1ccac7fb66b75e6f20159a3383bb0db3bca0d62de55a44392c644a4e533d49",
        "Created": "2026-09-11T09:01:28.998257635Z",
        "Path": "/usr/local/bin/openriak-entrypoint",
        "Args": [],
        "State": {
            "Status": "running",
            "Running": true,
            "Paused": false,
            "Restarting": false,
            "OOMKilled": false,
            "Dead": false,
            "Pid": 3545538,
            "ExitCode": 0,
            "Error": "",
            "StartedAt": "2026-09-11T09:01:29.030371813Z",
            "FinishedAt": "0001-01-01T00:00:00Z",
            "Health": {
                "Status": "healthy",
                "FailingStreak": 0,
                "Log": [
                    {
                        "Start": "2026-09-11T09:01:34.167644605Z",
                        "End": "2026-09-11T09:01:34.658297219Z",
                        "ExitCode": 0,
                        "Output": "OpenRiak healthcheck passed: BEAM is running and riak ping returned pong\n"
                    },
                    {
                        "Start": "2026-09-11T09:01:44.659001989Z",
                        "End": "2026-09-11T09:01:45.045098289Z",
                        "ExitCode": 0,
                        "Output": "OpenRiak healthcheck passed: BEAM is running and riak ping returned pong\n"
                    }
                ]
            }
        },
        "Image": "sha256:f15c7163743d598ab84cd2baaa6e4c015486f6cbf2c921665a1e9e4f4c547572",
        "ResolvConfPath": "/var/lib/docker/containers/7c1ccac7fb66b75e6f20159a3383bb0db3bca0d62de55a44392c644a4e533d49/resolv.conf",
        "HostnamePath": "/var/lib/docker/containers/7c1ccac7fb66b75e6f20159a3383bb0db3bca0d62de55a44392c644a4e533d49/hostname",
        "HostsPath": "/var/lib/docker/containers/7c1ccac7fb66b75e6f20159a3383bb0db3bca0d62de55a44392c644a4e533d49/hosts",
        "LogPath": "/var/lib/docker/containers/7c1ccac7fb66b75e6f20159a3383bb0db3bca0d62de55a44392c644a4e533d49/7c1ccac7fb66b75e6f20159a3383bb0db3bca0d62de55a44392c644a4e533d49-json.log",
        "Name": "/openriak-kv-3.4.1-alpine-3.21-otp24-node-t-416838z",
        "RestartCount": 0,
        "Driver": "overlay2",
        "Platform": "linux",
        "MountLabel": "",
        "ProcessLabel": "",
        "AppArmorProfile": "docker-default",
        "ExecIDs": null,
        "HostConfig": {
            "Binds": [
                "/tmp/openriak-docker-3.4.1-alpine-3.21-otp24-tvwsdxca/openriak-kv-3.4.1-alpine-3.21-otp24-node/logs:/var/log/riak:rw",
                "/tmp/openriak-docker-3.4.1-alpine-3.21-otp24-tvwsdxca/openriak-kv-3.4.1-alpine-3.21-otp24-node/config:/etc/riak:rw",
                "/tmp/openriak-docker-3.4.1-alpine-3.21-otp24-tvwsdxca/openriak-kv-3.4.1-alpine-3.21-otp24-node/data:/var/lib/riak:rw"
            ],
            "ContainerIDFile": "",
            "LogConfig": {
                "Type": "json-file",
                "Config": {
                    "max-file": "3",
                    "max-size": "10m"
                }
            },
            "NetworkMode": "openriak-kv-341-alpine-321-otp24-node_openriak",
            "PortBindings": {},
            "RestartPolicy": {
                "Name": "no",
                "MaximumRetryCount": 0
            },
            "AutoRemove": false,
            "VolumeDriver": "",
            "VolumesFrom": null,
            "ConsoleSize": [
                0,
                0
            ],
            "CapAdd": null,
            "CapDrop": null,
            "CgroupnsMode": "private",
            "Dns": null,
            "DnsOptions": null,
            "DnsSearch": null,
            "ExtraHosts": [],
            "GroupAdd": null,
            "IpcMode": "private",
            "Cgroup": "",
            "Links": null,
            "OomScoreAdj": 0,
            "PidMode": "",
            "Privileged": false,
            "PublishAllPorts": false,
            "ReadonlyRootfs": false,
            "SecurityOpt": null,
            "UTSMode": "",
            "UsernsMode": "",
            "ShmSize": 67108864,
            "Runtime": "runc",
            "Isolation": "",
            "CpuShares": 0,
            "Memory": 0,
            "NanoCpus": 0,
            "CgroupParent": "",
            "BlkioWeight": 0,
            "BlkioWeightDevice": null,
            "BlkioDeviceReadBps": null,
            "BlkioDeviceWriteBps": null,
            "BlkioDeviceReadIOps": null,
            "BlkioDeviceWriteIOps": null,
            "CpuPeriod": 0,
            "CpuQuota": 0,
            "CpuRealtimePeriod": 0,
            "CpuRealtimeRuntime": 0,
            "CpusetCpus": "",
            "CpusetMems": "",
            "Devices": null,
            "DeviceCgroupRules": null,
            "DeviceRequests": null,
            "MemoryReservation": 0,
            "MemorySwap": 0,
            "MemorySwappiness": null,
            "OomKillDisable": null,
            "PidsLimit": null,
            "Ulimits": [
                {
                    "Name": "nofile",
                    "Hard": 100000,
                    "Soft": 100000
                }
            ],
            "CpuCount": 0,
            "CpuPercent": 0,
            "IOMaximumIOps": 0,
            "IOMaximumBandwidth": 0,
            "MaskedPaths": [
                "/proc/asound",
                "/proc/acpi",
                "/proc/kcore",
                "/proc/keys",
                "/proc/latency_stats",
                "/proc/timer_list",
                "/proc/timer_stats",
                "/proc/sched_debug",
                "/proc/scsi",
                "/sys/firmware",
                "/sys/devices/virtual/powercap"
            ],
            "ReadonlyPaths": [
                "/proc/bus",
                "/proc/fs",
                "/proc/irq",
                "/proc/sys",
                "/proc/sysrq-trigger"
            ]
        },
        "GraphDriver": {
            "Data": {
                "LowerDir": "/var/lib/docker/overlay2/9cc75598bcd40fac8dc6c9a51675c56127f4bd8d365d94d9b73ee6f09b71d839-init/diff:/var/lib/docker/overlay2/deb985d1d9b1db36bba7901dfe045a7800d3a9ed3fab0f4ddb8ee17cc54c0f1f/diff:/var/lib/docker/overlay2/4032372f9dd12d132da21ea68ea0286c900aa55d47a672615dfc54185ba19929/diff:/var/lib/docker/overlay2/032324d52b12c1c3844600136d5a6231784807fd9ca6e8974be418265eede3c2/diff:/var/lib/docker/overlay2/ae31cec5eb567c520a1de515bf6a1b3affda79745861047149e12462710b2a19/diff:/var/lib/docker/overlay2/dbcb48be0766f44a398d5dd07a64ed1f0d5e177aa664a1093ad2dd56c343a86a/diff:/var/lib/docker/overlay2/915cd4a33ce17348e76f088bcddd7b406c6790ce134b5bdb809462b1ff94b721/diff",
                "MergedDir": "/var/lib/docker/overlay2/9cc75598bcd40fac8dc6c9a51675c56127f4bd8d365d94d9b73ee6f09b71d839/merged",
                "UpperDir": "/var/lib/docker/overlay2/9cc75598bcd40fac8dc6c9a51675c56127f4bd8d365d94d9b73ee6f09b71d839/diff",
                "WorkDir": "/var/lib/docker/overlay2/9cc75598bcd40fac8dc6c9a51675c56127f4bd8d365d94d9b73ee6f09b71d839/work"
            },
            "Name": "overlay2"
        },
        "Mounts": [
            {
                "Type": "bind",
                "Source": "/tmp/openriak-docker-3.4.1-alpine-3.21-otp24-tvwsdxca/openriak-kv-3.4.1-alpine-3.21-otp24-node/logs",
                "Destination": "/var/log/riak",
                "Mode": "rw",
                "RW": true,
                "Propagation": "rprivate"
            },
            {
                "Type": "bind",
                "Source": "/tmp/openriak-docker-3.4.1-alpine-3.21-otp24-tvwsdxca/openriak-kv-3.4.1-alpine-3.21-otp24-node/config",
                "Destination": "/etc/riak",
                "Mode": "rw",
                "RW": true,
                "Propagation": "rprivate"
            },
            {
                "Type": "bind",
                "Source": "/tmp/openriak-docker-3.4.1-alpine-3.21-otp24-tvwsdxca/openriak-kv-3.4.1-alpine-3.21-otp24-node/data",
                "Destination": "/var/lib/riak",
                "Mode": "rw",
                "RW": true,
                "Propagation": "rprivate"
            }
        ],
        "Config": {
            "Hostname": "node-01.cluster-a.openriak",
            "Domainname": "",
            "User": "",
            "AttachStdin": false,
            "AttachStdout": true,
            "AttachStderr": true,
            "ExposedPorts": {
                "8087/tcp": {},
                "8098/tcp": {}
            },
            "Tty": false,
            "OpenStdin": false,
            "StdinOnce": false,
            "Env": [
                "RIAK_LOG_MAX_FILES=4",
                "RIAK_NODE_HOST=node-01.cluster-a.openriak",
                "RIAK_DISTRIBUTED_COOKIE=openriak-a3243f96ac693510f4fa145feca9e191",
                "RIAK_MONITOR_INTERVAL_SECONDS=1",
                "TZ=Asia/Tokyo",
                "RIAK_UID=19001",
                "RIAK_GID=19002",
                "RIAK_LOG_MAX_FILE_SIZE=2MB",
                "PATH=/usr/local/sbin:/usr/local/bin:/usr/sbin:/usr/bin:/sbin:/bin",
                "RIAK_NODE_NAME=",
                "RIAK_RING_SIZE=8",
                "RIAK_STORAGE_BACKEND=leveled",
                "RIAK_ANTI_ENTROPY=passive",
                "RIAK_TICTACAAE_ACTIVE=active",
                "RIAK_TICTACAAE_STOREHEADS=enabled",
                "RIAK_HTTP_LISTENER=0.0.0.0:8098",
                "RIAK_PB_LISTENER=0.0.0.0:8087",
                "RIAK_NOFILE_LIMIT=100000",
                "RIAK_INIT_ONLY=0",
                "RIAK_STARTUP_POLL_SECONDS=1",
                "RIAK_SHUTDOWN_POLL_SECONDS=1",
                "OPENRIAK_CLUSTER_MODE=single",
                "OPENRIAK_CLUSTER_CONTROL_DIR=/var/lib/openriak-cluster-control",
                "OPENRIAK_CLUSTER_POLL_SECONDS=1",
                "OPENRIAK_CLUSTER_WAIT_SECONDS=300",
                "role="
            ],
            "Cmd": null,
            "Healthcheck": {
                "Test": [
                    "CMD",
                    "/usr/local/bin/openriak-healthcheck"
                ],
                "Interval": 10000000000,
                "Timeout": 60000000000,
                "StartPeriod": 120000000000,
                "Retries": 3
            },
            "Image": "tiotjp/openriak-kv:test-3.4.1-alpine-3.21-otp24-linux-amd64-20260911t090119.416838z",
            "Volumes": {
                "/etc/riak": {},
                "/var/lib/riak": {},
                "/var/log/riak": {}
            },
            "WorkingDir": "/",
            "Entrypoint": [
                "/usr/local/bin/openriak-entrypoint"
            ],
            "OnBuild": null,
            "Labels": {
                "com.docker.compose.config-hash": "d0f945674f9cef93dc20eb5a66a2c83d1777554a4e800829bd5f2a29dfd4df7c",
                "com.docker.compose.container-number": "1",
                "com.docker.compose.depends_on": "",
                "com.docker.compose.image": "sha256:f15c7163743d598ab84cd2baaa6e4c015486f6cbf2c921665a1e9e4f4c547572",
                "com.docker.compose.oneoff": "False",
                "com.docker.compose.project": "openriak-kv-341-alpine-321-otp24-node",
                "com.docker.compose.project.config_files": "/tmp/openriak-docker-3.4.1-alpine-3.21-otp24-tvwsdxca/compose.single.test.yaml",
                "com.docker.compose.project.environment_file": "/tmp/openriak-docker-3.4.1-alpine-3.21-otp24-tvwsdxca/.env.single",
                "com.docker.compose.project.working_dir": "/tmp/openriak-docker-3.4.1-alpine-3.21-otp24-tvwsdxca",
                "com.docker.compose.service": "node",
                "com.docker.compose.version": "2.29.1",
                "org.opencontainers.image.description": "Package-backed OpenRiak KV with single-node and cluster startup support",
                "org.opencontainers.image.source": "https://github.com/TI-Tokyo/openriak-docs",
                "org.opencontainers.image.title": "OpenRiak KV",
                "org.opencontainers.image.url": "https://www.tiot.jp/",
                "org.opencontainers.image.vendor": "TI Tokyo",
                "org.opencontainers.image.version": "3.4.1",
                "org.openriak.image.tag": "tiotjp/openriak-kv:3.4.1-alpine-3.21-otp24",
                "org.openriak.os.name": "alpine",
                "org.openriak.os.release": "3.21",
                "org.openriak.os.version": "3.21",
                "org.openriak.otp.version": "24"
            },
            "StopSignal": "SIGTERM",
            "StopTimeout": 120
        },
        "NetworkSettings": {
            "Bridge": "",
            "SandboxID": "bc6651cb1ff2da8484cfbab630a0a6761819b8964d3d677c435eb78b04c9e182",
            "SandboxKey": "/var/run/docker/netns/bc6651cb1ff2",
            "Ports": {
                "8087/tcp": null,
                "8098/tcp": null
            },
            "HairpinMode": false,
            "LinkLocalIPv6Address": "",
            "LinkLocalIPv6PrefixLen": 0,
            "SecondaryIPAddresses": null,
            "SecondaryIPv6Addresses": null,
            "EndpointID": "",
            "Gateway": "",
            "GlobalIPv6Address": "",
            "GlobalIPv6PrefixLen": 0,
            "IPAddress": "",
            "IPPrefixLen": 0,
            "IPv6Gateway": "",
            "MacAddress": "",
            "Networks": {
                "openriak-kv-341-alpine-321-otp24-node_openriak": {
                    "IPAMConfig": {},
                    "Links": null,
                    "Aliases": [
                        "openriak-kv-3.4.1-alpine-3.21-otp24-node-t-416838z",
                        "node",
                        "node-01.cluster-a.openriak"
                    ],
                    "MacAddress": "02:42:ac:14:00:02",
                    "DriverOpts": null,
                    "NetworkID": "c2154f16a1245f6d00077d19c1de104cac02320603d533b3ae7599fcd0666360",
                    "EndpointID": "3b774cc523faf21e353f5a0a33f8d6882ab2cf5e4554419c6d513460aa4f2f6a",
                    "Gateway": "172.20.0.1",
                    "IPAddress": "172.20.0.2",
                    "IPPrefixLen": 16,
                    "IPv6Gateway": "",
                    "GlobalIPv6Address": "",
                    "GlobalIPv6PrefixLen": 0,
                    "DNSNames": [
                        "openriak-kv-3.4.1-alpine-3.21-otp24-node-t-416838z",
                        "node",
                        "node-01.cluster-a.openriak",
                        "7c1ccac7fb66"
                    ]
                }
            }
        }
    }
]

timeout_seconds: 3600
exit_code: 0
$ /usr/bin/docker exec openriak-kv-3.4.1-alpine-3.21-otp24-node-t-416838z sh -ec 'if command -v curl >/dev/null 2>&1
then
    echo '"'"'Unexpected curl executable in Alpine image'"'"' >&2
    exit 1
fi
for package in curl libcurl
do
    if apk info -e "$package" >/dev/null 2>&1
    then
        echo "Unexpected $package package in Alpine image" >&2
        exit 1
    fi
done
for library in /usr/lib/libcurl.so*
do
    test ! -e "$library"
done
apk info -e coreutils
'
started: 2026-09-11T09:01:48Z
coreutils

timeout_seconds: 3600
exit_code: 0
