$ /usr/bin/docker logs openriak-kv-3.4.0-ubuntu-noble-otp26-node-4-t-041496z
started: 2026-09-11T09:29:19Z
2026-09-11T18:25:21+09:00 [openriak-entrypoint] configuration: timezone = Asia/Tokyo
usermod: no changes
2026-09-11T18:25:21+09:00 [openriak-entrypoint] configuration: riak UID/GID = 19001/19002
2026-09-11T18:25:21+09:00 [openriak-entrypoint] configuration: preparing mounted directories
2026-09-11T18:25:21+09:00 [openriak-entrypoint] configuration: seeding /etc/riak from packaged defaults
2026-09-11T18:25:21+09:00 [openriak-entrypoint] configuration: current Docker IPv4 address = 172.25.0.3
2026-09-11T18:25:21+09:00 [openriak-entrypoint] configuration: waiting for coordinator cookie before daemon startup
2026-09-11T18:25:22+09:00 [openriak-entrypoint] configuration: waiting for coordinator cookie before daemon startup
2026-09-11T18:25:23+09:00 [openriak-entrypoint] configuration: waiting for coordinator cookie before daemon startup
2026-09-11T18:25:24+09:00 [openriak-entrypoint] configuration: waiting for coordinator cookie before daemon startup
2026-09-11T18:25:25+09:00 [openriak-entrypoint] configuration: waiting for coordinator cookie before daemon startup
2026-09-11T18:25:26+09:00 [openriak-entrypoint] configuration: waiting for coordinator cookie before daemon startup
2026-09-11T18:25:27+09:00 [openriak-entrypoint] configuration: waiting for coordinator cookie before daemon startup
2026-09-11T18:25:28+09:00 [openriak-entrypoint] configuration: waiting for coordinator cookie before daemon startup
2026-09-11T18:25:29+09:00 [openriak-entrypoint] configuration: waiting for coordinator cookie before daemon startup
2026-09-11T18:25:30+09:00 [openriak-entrypoint] configuration: waiting for coordinator cookie before daemon startup
2026-09-11T18:25:31+09:00 [openriak-entrypoint] configuration: waiting for coordinator cookie before daemon startup
2026-09-11T18:25:32+09:00 [openriak-entrypoint] configuration: waiting for coordinator cookie before daemon startup
2026-09-11T18:25:33+09:00 [openriak-entrypoint] configuration: waiting for coordinator cookie before daemon startup
2026-09-11T18:25:34+09:00 [openriak-entrypoint] configuration: waiting for coordinator cookie before daemon startup
2026-09-11T18:25:35+09:00 [openriak-entrypoint] configuration: waiting for coordinator cookie before daemon startup
2026-09-11T18:25:36+09:00 [openriak-entrypoint] configuration: waiting for coordinator cookie before daemon startup
2026-09-11T18:25:38+09:00 [openriak-entrypoint] configuration: adopted coordinator cookie before daemon startup
2026-09-11T18:25:38+09:00 [openriak-entrypoint] configuration: nodename = openriak-kv@node-04.cluster-a.openriak
2026-09-11T18:25:38+09:00 [openriak-entrypoint] configuration: distributed_cookie = openriak-c39feb5596252a133f84f6bf277156a1
2026-09-11T18:25:38+09:00 [openriak-entrypoint] configuration: effective distributed cookie = openriak-c39feb5596252a133f84f6bf277156a1
2026-09-11T18:25:38+09:00 [openriak-entrypoint] configuration: ring_size = 8
2026-09-11T18:25:38+09:00 [openriak-entrypoint] configuration: storage_backend = leveled
2026-09-11T18:25:38+09:00 [openriak-entrypoint] configuration: anti_entropy = passive
2026-09-11T18:25:38+09:00 [openriak-entrypoint] configuration: tictacaae_active = active
2026-09-11T18:25:38+09:00 [openriak-entrypoint] configuration: tictacaae_storeheads = enabled
2026-09-11T18:25:38+09:00 [openriak-entrypoint] configuration: listener.http.internal = 0.0.0.0:8098
2026-09-11T18:25:38+09:00 [openriak-entrypoint] configuration: listener.protobuf.internal = 0.0.0.0:8087
2026-09-11T18:25:38+09:00 [openriak-entrypoint] configuration: logger.max_file_size = 2MB
2026-09-11T18:25:38+09:00 [openriak-entrypoint] configuration: logger.max_files = 4
2026-09-11T18:25:38+09:00 [openriak-entrypoint] startup: validating configuration and generating VM arguments
2026-09-11T18:25:40+09:00 [openriak-entrypoint] startup: configuration is valid (config is OK -config /var/lib/riak/generated.conf/app.2026.09.11.18.25.39.config -args_file /var/lib/riak/generated.conf/vm.2026.09.11.18.25.39.args -vm_args /var/lib/riak/generated.conf/vm.2026.09.11.18.25.39.args)
2026-09-11T18:25:40+09:00 [openriak-entrypoint] startup: starting OpenRiak as a daemon
!!!!
!!!! WARNING: ulimit -n is 1024; 65536 is the recommended minimum.
!!!!
2026-09-11T18:25:48+09:00 [openriak-entrypoint] startup: daemon command completed
2026-09-11T18:25:48+09:00 [openriak-entrypoint] startup: waiting for BEAM and riak ping
2026-09-11T18:25:48+09:00 [openriak-entrypoint] startup: BEAM is running and riak ping returned pong
2026-09-11T18:25:48+09:00 [openriak-entrypoint] startup: waiting for the riak_kv service
2026-09-11T18:25:49+09:00 [openriak-entrypoint] startup: waiting for riak_kv (attempt 1, services=[])
2026-09-11T18:25:53+09:00 [openriak-entrypoint] startup: waiting for riak_kv (attempt 2, services=[])
2026-09-11T18:25:54+09:00 [openriak-entrypoint] startup: waiting for riak_kv (attempt 3, services=[])
2026-09-11T18:25:56+09:00 [openriak-entrypoint] startup: waiting for riak_kv (attempt 4, services=[])
2026-09-11T18:25:58+09:00 [openriak-entrypoint] startup: riak_kv service is up ([riak_kv,riak_pipe,riak_repl])
2026-09-11T18:25:58+09:00 [openriak-entrypoint] startup: waiting for Riak transfers to complete
2026-09-11T18:25:59+09:00 [openriak-entrypoint] startup: transfers complete (No transfers active Active Transfers: ok)
2026-09-11T18:25:59+09:00 [openriak-entrypoint] cluster: Role: Follower
2026-09-11T18:26:00+09:00 [openriak-entrypoint] cluster: announced openriak-kv@node-04.cluster-a.openriak at 172.25.0.3 to coordinator openriak-kv@node-01.cluster-a.openriak (345759de103fbf6c)
2026-09-11T18:26:00+09:00 [openriak-entrypoint] cluster: follower waiting for coordinator approval (1s/3600s)
2026-09-11T18:26:01+09:00 [openriak-entrypoint] cluster: follower waiting for coordinator approval (2s/3600s)
2026-09-11T18:26:03+09:00 [openriak-entrypoint] cluster: join approved by openriak-kv@node-01.cluster-a.openriak (345759de103fbf6c)
2026-09-11T18:26:03+09:00 [openriak-entrypoint] cluster: join: Success: staged join request for 'openriak-kv@node-04.cluster-a.openriak' to 'openriak-kv@node-01.cluster-a.openriak'
2026-09-11T18:26:03+09:00 [openriak-entrypoint] cluster: join: ok
2026-09-11T18:26:03+09:00 [openriak-entrypoint] cluster: join request accepted; waiting for plan and commit
2026-09-11T18:26:04+09:00 [openriak-entrypoint] cluster: waiting for the ring to become ready
2026-09-11T18:26:05+09:00 [openriak-entrypoint] cluster: ring is ready (TRUE All nodes agree on the ring ['openriak-kv@node-01.cluster-a.openriak', 'openriak-kv@node-02.cluster-a.openriak', 'openriak-kv@node-04.cluster-a.openriak'] ok)
2026-09-11T18:26:05+09:00 [openriak-entrypoint] startup: waiting for Riak transfers to complete
2026-09-11T18:26:06+09:00 [openriak-entrypoint] startup: waiting for transfers (attempt 1, transfers='openriak-kv@node-05.cluster-a.openriak' waiting to handoff 8 partitions 'openriak-kv@node-04.cluster-a.openriak' waiting to handoff 8 partitions 'openriak-kv@node-02.cluster-a.openriak' waiting to handoff 8 partitions Active Transfers: ok)
2026-09-11T18:26:08+09:00 [openriak-entrypoint] startup: waiting for transfers (attempt 2, transfers='openriak-kv@node-05.cluster-a.openriak' waiting to handoff 8 partitions 'openriak-kv@node-04.cluster-a.openriak' waiting to handoff 8 partitions 'openriak-kv@node-03.cluster-a.openriak' waiting to handoff 8 partitions 'openriak-kv@node-02.cluster-a.openriak' waiting to handoff 8 partitions Active Transfers: ok)
2026-09-11T18:26:10+09:00 [openriak-entrypoint] startup: waiting for transfers (attempt 3, transfers='openriak-kv@node-05.cluster-a.openriak' waiting to handoff 8 partitions 'openriak-kv@node-04.cluster-a.openriak' waiting to handoff 8 partitions 'openriak-kv@node-03.cluster-a.openriak' waiting to handoff 8 partitions 'openriak-kv@node-02.cluster-a.openriak' waiting to handoff 8 partitions Active Transfers: ok)
2026-09-11T18:26:12+09:00 [openriak-entrypoint] startup: waiting for transfers (attempt 4, transfers='openriak-kv@node-05.cluster-a.openriak' waiting to handoff 8 partitions 'openriak-kv@node-04.cluster-a.openriak' waiting to handoff 8 partitions 'openriak-kv@node-03.cluster-a.openriak' waiting to handoff 8 partitions 'openriak-kv@node-02.cluster-a.openriak' waiting to handoff 8 partitions Active Transfers: ok)
2026-09-11T18:26:14+09:00 [openriak-entrypoint] startup: waiting for transfers (attempt 5, transfers='openriak-kv@node-05.cluster-a.openriak' waiting to handoff 8 partitions 'openriak-kv@node-04.cluster-a.openriak' waiting to handoff 8 partitions 'openriak-kv@node-03.cluster-a.openriak' waiting to handoff 8 partitions 'openriak-kv@node-02.cluster-a.openriak' waiting to handoff 8 partitions Active Transfers: ok)
2026-09-11T18:26:16+09:00 [openriak-entrypoint] startup: waiting for transfers (attempt 6, transfers='openriak-kv@node-05.cluster-a.openriak' waiting to handoff 8 partitions 'openriak-kv@node-04.cluster-a.openriak' waiting to handoff 8 partitions 'openriak-kv@node-03.cluster-a.openriak' waiting to handoff 8 partitions 'openriak-kv@node-02.cluster-a.openriak' waiting to handoff 8 partitions Active Transfers: ok)
2026-09-11T18:26:17+09:00 [openriak-entrypoint] startup: waiting for transfers (attempt 7, transfers='openriak-kv@node-05.cluster-a.openriak' waiting to handoff 8 partitions 'openriak-kv@node-04.cluster-a.openriak' waiting to handoff 8 partitions 'openriak-kv@node-03.cluster-a.openriak' waiting to handoff 8 partitions 'openriak-kv@node-02.cluster-a.openriak' waiting to handoff 8 partitions 'openriak-kv@node-01.cluster-a.openriak' does not have 6 primary partitions running Active Transfers: ok)
2026-09-11T18:26:19+09:00 [openriak-entrypoint] startup: waiting for transfers (attempt 8, transfers='openriak-kv@node-05.cluster-a.openriak' waiting to handoff 8 partitions 'openriak-kv@node-04.cluster-a.openriak' waiting to handoff 8 partitions 'openriak-kv@node-03.cluster-a.openriak' waiting to handoff 8 partitions 'openriak-kv@node-02.cluster-a.openriak' waiting to handoff 8 partitions 'openriak-kv@node-01.cluster-a.openriak' does not have 6 primary partitions running Active Transfers: ok)
2026-09-11T18:26:21+09:00 [openriak-entrypoint] startup: waiting for transfers (attempt 9, transfers='openriak-kv@node-05.cluster-a.openriak' waiting to handoff 8 partitions 'openriak-kv@node-04.cluster-a.openriak' waiting to handoff 8 partitions 'openriak-kv@node-03.cluster-a.openriak' waiting to handoff 8 partitions 'openriak-kv@node-02.cluster-a.openriak' waiting to handoff 8 partitions 'openriak-kv@node-01.cluster-a.openriak' does not have 6 primary partitions running Active Transfers: ok)
2026-09-11T18:26:24+09:00 [openriak-entrypoint] startup: waiting for transfers (attempt 10, transfers='openriak-kv@node-05.cluster-a.openriak' waiting to handoff 8 partitions 'openriak-kv@node-04.cluster-a.openriak' waiting to handoff 8 partitions 'openriak-kv@node-03.cluster-a.openriak' waiting to handoff 8 partitions 'openriak-kv@node-02.cluster-a.openriak' waiting to handoff 8 partitions 'openriak-kv@node-01.cluster-a.openriak' does not have 6 primary partitions running Active Transfers: ok)
2026-09-11T18:26:26+09:00 [openriak-entrypoint] startup: waiting for transfers (attempt 11, transfers='openriak-kv@node-05.cluster-a.openriak' waiting to handoff 8 partitions 'openriak-kv@node-04.cluster-a.openriak' waiting to handoff 8 partitions 'openriak-kv@node-03.cluster-a.openriak' waiting to handoff 8 partitions 'openriak-kv@node-02.cluster-a.openriak' waiting to handoff 8 partitions 'openriak-kv@node-01.cluster-a.openriak' does not have 6 primary partitions running Active Transfers: ok)
2026-09-11T18:26:28+09:00 [openriak-entrypoint] startup: waiting for transfers (attempt 12, transfers='openriak-kv@node-05.cluster-a.openriak' waiting to handoff 8 partitions 'openriak-kv@node-04.cluster-a.openriak' waiting to handoff 8 partitions 'openriak-kv@node-03.cluster-a.openriak' waiting to handoff 8 partitions 'openriak-kv@node-02.cluster-a.openriak' waiting to handoff 8 partitions 'openriak-kv@node-01.cluster-a.openriak' does not have 6 primary partitions running Active Transfers: ok)
2026-09-11T18:26:29+09:00 [openriak-entrypoint] startup: waiting for transfers (attempt 13, transfers='openriak-kv@node-05.cluster-a.openriak' waiting to handoff 7 partitions 'openriak-kv@node-04.cluster-a.openriak' waiting to handoff 7 partitions 'openriak-kv@node-03.cluster-a.openriak' waiting to handoff 6 partitions 'openriak-kv@node-02.cluster-a.openriak' waiting to handoff 6 partitions 'openriak-kv@node-01.cluster-a.openriak' waiting to handoff 1 partitions Active Transfers: ok)
2026-09-11T18:26:31+09:00 [openriak-entrypoint] startup: waiting for transfers (attempt 14, transfers='openriak-kv@node-05.cluster-a.openriak' waiting to handoff 7 partitions 'openriak-kv@node-04.cluster-a.openriak' waiting to handoff 7 partitions 'openriak-kv@node-03.cluster-a.openriak' waiting to handoff 6 partitions 'openriak-kv@node-02.cluster-a.openriak' waiting to handoff 6 partitions 'openriak-kv@node-01.cluster-a.openriak' waiting to handoff 1 partitions Active Transfers: ok)
2026-09-11T18:26:33+09:00 [openriak-entrypoint] startup: waiting for transfers (attempt 15, transfers='openriak-kv@node-05.cluster-a.openriak' waiting to handoff 7 partitions 'openriak-kv@node-04.cluster-a.openriak' waiting to handoff 7 partitions 'openriak-kv@node-03.cluster-a.openriak' waiting to handoff 6 partitions 'openriak-kv@node-02.cluster-a.openriak' waiting to handoff 6 partitions 'openriak-kv@node-01.cluster-a.openriak' waiting to handoff 1 partitions Active Transfers: ok)
2026-09-11T18:26:35+09:00 [openriak-entrypoint] startup: waiting for transfers (attempt 16, transfers='openriak-kv@node-05.cluster-a.openriak' waiting to handoff 7 partitions 'openriak-kv@node-04.cluster-a.openriak' waiting to handoff 7 partitions 'openriak-kv@node-03.cluster-a.openriak' waiting to handoff 6 partitions 'openriak-kv@node-02.cluster-a.openriak' waiting to handoff 6 partitions 'openriak-kv@node-01.cluster-a.openriak' waiting to handoff 1 partitions Active Transfers: ok)
2026-09-11T18:26:37+09:00 [openriak-entrypoint] startup: waiting for transfers (attempt 17, transfers='openriak-kv@node-05.cluster-a.openriak' waiting to handoff 7 partitions 'openriak-kv@node-04.cluster-a.openriak' waiting to handoff 7 partitions 'openriak-kv@node-03.cluster-a.openriak' waiting to handoff 6 partitions 'openriak-kv@node-02.cluster-a.openriak' waiting to handoff 6 partitions 'openriak-kv@node-01.cluster-a.openriak' waiting to handoff 1 partitions Active Transfers: ok)
2026-09-11T18:26:38+09:00 [openriak-entrypoint] startup: waiting for transfers (attempt 18, transfers='openriak-kv@node-05.cluster-a.openriak' waiting to handoff 7 partitions 'openriak-kv@node-04.cluster-a.openriak' waiting to handoff 7 partitions 'openriak-kv@node-03.cluster-a.openriak' waiting to handoff 6 partitions 'openriak-kv@node-02.cluster-a.openriak' waiting to handoff 6 partitions 'openriak-kv@node-01.cluster-a.openriak' waiting to handoff 1 partitions Active Transfers: ok)
2026-09-11T18:26:40+09:00 [openriak-entrypoint] startup: waiting for transfers (attempt 19, transfers='openriak-kv@node-05.cluster-a.openriak' waiting to handoff 7 partitions 'openriak-kv@node-04.cluster-a.openriak' waiting to handoff 7 partitions 'openriak-kv@node-03.cluster-a.openriak' waiting to handoff 6 partitions 'openriak-kv@node-02.cluster-a.openriak' waiting to handoff 6 partitions 'openriak-kv@node-01.cluster-a.openriak' waiting to handoff 1 partitions Active Transfers: ok)
2026-09-11T18:26:42+09:00 [openriak-entrypoint] startup: waiting for transfers (attempt 20, transfers='openriak-kv@node-05.cluster-a.openriak' waiting to handoff 7 partitions 'openriak-kv@node-04.cluster-a.openriak' waiting to handoff 7 partitions 'openriak-kv@node-03.cluster-a.openriak' waiting to handoff 6 partitions 'openriak-kv@node-02.cluster-a.openriak' waiting to handoff 6 partitions 'openriak-kv@node-01.cluster-a.openriak' waiting to handoff 1 partitions Active Transfers: ok)
2026-09-11T18:26:43+09:00 [openriak-entrypoint] startup: waiting for transfers (attempt 21, transfers='openriak-kv@node-05.cluster-a.openriak' waiting to handoff 7 partitions 'openriak-kv@node-04.cluster-a.openriak' waiting to handoff 7 partitions 'openriak-kv@node-03.cluster-a.openriak' waiting to handoff 6 partitions 'openriak-kv@node-02.cluster-a.openriak' waiting to handoff 6 partitions 'openriak-kv@node-01.cluster-a.openriak' waiting to handoff 1 partitions Active Transfers: ok)
2026-09-11T18:26:45+09:00 [openriak-entrypoint] startup: waiting for transfers (attempt 22, transfers='openriak-kv@node-05.cluster-a.openriak' waiting to handoff 7 partitions 'openriak-kv@node-04.cluster-a.openriak' waiting to handoff 7 partitions 'openriak-kv@node-03.cluster-a.openriak' waiting to handoff 6 partitions 'openriak-kv@node-02.cluster-a.openriak' waiting to handoff 6 partitions 'openriak-kv@node-01.cluster-a.openriak' waiting to handoff 1 partitions Active Transfers: ok)
2026-09-11T18:26:47+09:00 [openriak-entrypoint] startup: waiting for transfers (attempt 23, transfers='openriak-kv@node-05.cluster-a.openriak' waiting to handoff 7 partitions 'openriak-kv@node-04.cluster-a.openriak' waiting to handoff 7 partitions 'openriak-kv@node-03.cluster-a.openriak' waiting to handoff 6 partitions 'openriak-kv@node-02.cluster-a.openriak' waiting to handoff 6 partitions 'openriak-kv@node-01.cluster-a.openriak' waiting to handoff 1 partitions Active Transfers: ok)
2026-09-11T18:26:49+09:00 [openriak-entrypoint] startup: waiting for transfers (attempt 24, transfers='openriak-kv@node-05.cluster-a.openriak' waiting to handoff 7 partitions 'openriak-kv@node-04.cluster-a.openriak' waiting to handoff 7 partitions 'openriak-kv@node-03.cluster-a.openriak' waiting to handoff 6 partitions 'openriak-kv@node-02.cluster-a.openriak' waiting to handoff 6 partitions 'openriak-kv@node-01.cluster-a.openriak' waiting to handoff 1 partitions Active Transfers: ok)
2026-09-11T18:26:51+09:00 [openriak-entrypoint] startup: waiting for transfers (attempt 25, transfers='openriak-kv@node-05.cluster-a.openriak' waiting to handoff 7 partitions 'openriak-kv@node-04.cluster-a.openriak' waiting to handoff 7 partitions 'openriak-kv@node-03.cluster-a.openriak' waiting to handoff 6 partitions 'openriak-kv@node-02.cluster-a.openriak' waiting to handoff 6 partitions 'openriak-kv@node-01.cluster-a.openriak' waiting to handoff 1 partitions Active Transfers: ok)
2026-09-11T18:26:52+09:00 [openriak-entrypoint] startup: waiting for transfers (attempt 26, transfers='openriak-kv@node-05.cluster-a.openriak' waiting to handoff 7 partitions 'openriak-kv@node-04.cluster-a.openriak' waiting to handoff 7 partitions 'openriak-kv@node-03.cluster-a.openriak' waiting to handoff 6 partitions 'openriak-kv@node-02.cluster-a.openriak' waiting to handoff 6 partitions 'openriak-kv@node-01.cluster-a.openriak' waiting to handoff 1 partitions Active Transfers: ok)
2026-09-11T18:26:56+09:00 [openriak-entrypoint] startup: waiting for transfers (attempt 27, transfers='openriak-kv@node-05.cluster-a.openriak' waiting to handoff 7 partitions 'openriak-kv@node-04.cluster-a.openriak' waiting to handoff 7 partitions 'openriak-kv@node-03.cluster-a.openriak' waiting to handoff 6 partitions 'openriak-kv@node-02.cluster-a.openriak' waiting to handoff 6 partitions 'openriak-kv@node-01.cluster-a.openriak' waiting to handoff 1 partitions Active Transfers: ok)
2026-09-11T18:26:58+09:00 [openriak-entrypoint] startup: waiting for transfers (attempt 28, transfers='openriak-kv@node-05.cluster-a.openriak' waiting to handoff 7 partitions 'openriak-kv@node-04.cluster-a.openriak' waiting to handoff 7 partitions 'openriak-kv@node-03.cluster-a.openriak' waiting to handoff 6 partitions 'openriak-kv@node-02.cluster-a.openriak' waiting to handoff 6 partitions 'openriak-kv@node-01.cluster-a.openriak' waiting to handoff 1 partitions Active Transfers: ok)
2026-09-11T18:27:00+09:00 [openriak-entrypoint] startup: waiting for transfers (attempt 29, transfers='openriak-kv@node-05.cluster-a.openriak' waiting to handoff 7 partitions 'openriak-kv@node-04.cluster-a.openriak' waiting to handoff 7 partitions 'openriak-kv@node-03.cluster-a.openriak' waiting to handoff 6 partitions 'openriak-kv@node-02.cluster-a.openriak' waiting to handoff 6 partitions 'openriak-kv@node-01.cluster-a.openriak' waiting to handoff 1 partitions Active Transfers: ok)
2026-09-11T18:27:02+09:00 [openriak-entrypoint] startup: waiting for transfers (attempt 30, transfers='openriak-kv@node-05.cluster-a.openriak' waiting to handoff 7 partitions 'openriak-kv@node-04.cluster-a.openriak' waiting to handoff 7 partitions 'openriak-kv@node-03.cluster-a.openriak' waiting to handoff 6 partitions 'openriak-kv@node-02.cluster-a.openriak' waiting to handoff 6 partitions 'openriak-kv@node-01.cluster-a.openriak' waiting to handoff 1 partitions Active Transfers: ok)
2026-09-11T18:27:03+09:00 [openriak-entrypoint] startup: waiting for transfers (attempt 31, transfers='openriak-kv@node-05.cluster-a.openriak' waiting to handoff 6 partitions 'openriak-kv@node-04.cluster-a.openriak' waiting to handoff 7 partitions 'openriak-kv@node-03.cluster-a.openriak' waiting to handoff 6 partitions 'openriak-kv@node-02.cluster-a.openriak' waiting to handoff 6 partitions 'openriak-kv@node-01.cluster-a.openriak' waiting to handoff 1 partitions Active Transfers: ok)
2026-09-11T18:27:05+09:00 [openriak-entrypoint] startup: waiting for transfers (attempt 32, transfers='openriak-kv@node-05.cluster-a.openriak' waiting to handoff 6 partitions 'openriak-kv@node-04.cluster-a.openriak' waiting to handoff 7 partitions 'openriak-kv@node-03.cluster-a.openriak' waiting to handoff 6 partitions 'openriak-kv@node-02.cluster-a.openriak' waiting to handoff 6 partitions 'openriak-kv@node-01.cluster-a.openriak' waiting to handoff 1 partitions Active Transfers: ok)
2026-09-11T18:27:07+09:00 [openriak-entrypoint] startup: waiting for transfers (attempt 33, transfers='openriak-kv@node-05.cluster-a.openriak' waiting to handoff 6 partitions 'openriak-kv@node-04.cluster-a.openriak' waiting to handoff 7 partitions 'openriak-kv@node-03.cluster-a.openriak' waiting to handoff 6 partitions 'openriak-kv@node-02.cluster-a.openriak' waiting to handoff 6 partitions 'openriak-kv@node-01.cluster-a.openriak' waiting to handoff 1 partitions Active Transfers: ok)
2026-09-11T18:27:09+09:00 [openriak-entrypoint] startup: waiting for transfers (attempt 34, transfers='openriak-kv@node-05.cluster-a.openriak' waiting to handoff 6 partitions 'openriak-kv@node-04.cluster-a.openriak' waiting to handoff 7 partitions 'openriak-kv@node-03.cluster-a.openriak' waiting to handoff 6 partitions 'openriak-kv@node-02.cluster-a.openriak' waiting to handoff 6 partitions 'openriak-kv@node-01.cluster-a.openriak' waiting to handoff 1 partitions Active Transfers: ok)
2026-09-11T18:27:11+09:00 [openriak-entrypoint] startup: waiting for transfers (attempt 35, transfers='openriak-kv@node-05.cluster-a.openriak' waiting to handoff 6 partitions 'openriak-kv@node-04.cluster-a.openriak' waiting to handoff 7 partitions 'openriak-kv@node-03.cluster-a.openriak' waiting to handoff 6 partitions 'openriak-kv@node-02.cluster-a.openriak' waiting to handoff 6 partitions 'openriak-kv@node-01.cluster-a.openriak' waiting to handoff 1 partitions Active Transfers: ok)
2026-09-11T18:27:13+09:00 [openriak-entrypoint] startup: waiting for transfers (attempt 36, transfers='openriak-kv@node-05.cluster-a.openriak' waiting to handoff 6 partitions 'openriak-kv@node-04.cluster-a.openriak' waiting to handoff 7 partitions 'openriak-kv@node-03.cluster-a.openriak' waiting to handoff 6 partitions 'openriak-kv@node-02.cluster-a.openriak' waiting to handoff 6 partitions 'openriak-kv@node-01.cluster-a.openriak' waiting to handoff 1 partitions Active Transfers: ok)
2026-09-11T18:27:14+09:00 [openriak-entrypoint] startup: waiting for transfers (attempt 37, transfers='openriak-kv@node-05.cluster-a.openriak' waiting to handoff 5 partitions 'openriak-kv@node-04.cluster-a.openriak' waiting to handoff 7 partitions 'openriak-kv@node-03.cluster-a.openriak' waiting to handoff 6 partitions 'openriak-kv@node-02.cluster-a.openriak' waiting to handoff 6 partitions 'openriak-kv@node-01.cluster-a.openriak' waiting to handoff 1 partitions Active Transfers: ok)
2026-09-11T18:27:16+09:00 [openriak-entrypoint] startup: waiting for transfers (attempt 38, transfers='openriak-kv@node-05.cluster-a.openriak' waiting to handoff 5 partitions 'openriak-kv@node-04.cluster-a.openriak' waiting to handoff 7 partitions 'openriak-kv@node-03.cluster-a.openriak' waiting to handoff 6 partitions 'openriak-kv@node-02.cluster-a.openriak' waiting to handoff 6 partitions 'openriak-kv@node-01.cluster-a.openriak' waiting to handoff 1 partitions Active Transfers: ok)
2026-09-11T18:27:18+09:00 [openriak-entrypoint] startup: waiting for transfers (attempt 39, transfers='openriak-kv@node-05.cluster-a.openriak' waiting to handoff 5 partitions 'openriak-kv@node-04.cluster-a.openriak' waiting to handoff 7 partitions 'openriak-kv@node-03.cluster-a.openriak' waiting to handoff 6 partitions 'openriak-kv@node-02.cluster-a.openriak' waiting to handoff 5 partitions 'openriak-kv@node-01.cluster-a.openriak' waiting to handoff 1 partitions Active Transfers: ok)
2026-09-11T18:27:20+09:00 [openriak-entrypoint] startup: waiting for transfers (attempt 40, transfers='openriak-kv@node-05.cluster-a.openriak' waiting to handoff 5 partitions 'openriak-kv@node-04.cluster-a.openriak' waiting to handoff 7 partitions 'openriak-kv@node-03.cluster-a.openriak' waiting to handoff 6 partitions 'openriak-kv@node-02.cluster-a.openriak' waiting to handoff 4 partitions 'openriak-kv@node-01.cluster-a.openriak' waiting to handoff 1 partitions Active Transfers: ok)
2026-09-11T18:27:22+09:00 [openriak-entrypoint] startup: waiting for transfers (attempt 41, transfers='openriak-kv@node-05.cluster-a.openriak' waiting to handoff 5 partitions 'openriak-kv@node-04.cluster-a.openriak' waiting to handoff 7 partitions 'openriak-kv@node-03.cluster-a.openriak' waiting to handoff 6 partitions 'openriak-kv@node-02.cluster-a.openriak' waiting to handoff 4 partitions 'openriak-kv@node-01.cluster-a.openriak' waiting to handoff 1 partitions Active Transfers: ok)
2026-09-11T18:27:23+09:00 [openriak-entrypoint] startup: waiting for transfers (attempt 42, transfers='openriak-kv@node-05.cluster-a.openriak' waiting to handoff 4 partitions 'openriak-kv@node-04.cluster-a.openriak' waiting to handoff 7 partitions 'openriak-kv@node-03.cluster-a.openriak' waiting to handoff 6 partitions 'openriak-kv@node-02.cluster-a.openriak' waiting to handoff 4 partitions 'openriak-kv@node-01.cluster-a.openriak' waiting to handoff 1 partitions Active Transfers: ok)
2026-09-11T18:27:27+09:00 [openriak-entrypoint] startup: waiting for transfers (attempt 43, transfers='openriak-kv@node-05.cluster-a.openriak' waiting to handoff 4 partitions 'openriak-kv@node-04.cluster-a.openriak' waiting to handoff 7 partitions 'openriak-kv@node-03.cluster-a.openriak' waiting to handoff 6 partitions 'openriak-kv@node-02.cluster-a.openriak' waiting to handoff 4 partitions 'openriak-kv@node-01.cluster-a.openriak' waiting to handoff 1 partitions Active Transfers: ok)
2026-09-11T18:27:29+09:00 [openriak-entrypoint] startup: waiting for transfers (attempt 44, transfers='openriak-kv@node-05.cluster-a.openriak' waiting to handoff 4 partitions 'openriak-kv@node-04.cluster-a.openriak' waiting to handoff 7 partitions 'openriak-kv@node-03.cluster-a.openriak' waiting to handoff 6 partitions 'openriak-kv@node-02.cluster-a.openriak' waiting to handoff 4 partitions 'openriak-kv@node-01.cluster-a.openriak' waiting to handoff 1 partitions Active Transfers: ok)
2026-09-11T18:27:31+09:00 [openriak-entrypoint] startup: waiting for transfers (attempt 45, transfers='openriak-kv@node-05.cluster-a.openriak' waiting to handoff 4 partitions 'openriak-kv@node-04.cluster-a.openriak' waiting to handoff 7 partitions 'openriak-kv@node-03.cluster-a.openriak' waiting to handoff 6 partitions 'openriak-kv@node-02.cluster-a.openriak' waiting to handoff 4 partitions 'openriak-kv@node-01.cluster-a.openriak' waiting to handoff 1 partitions Active Transfers: ok)
2026-09-11T18:27:33+09:00 [openriak-entrypoint] startup: waiting for transfers (attempt 46, transfers='openriak-kv@node-05.cluster-a.openriak' waiting to handoff 4 partitions 'openriak-kv@node-04.cluster-a.openriak' waiting to handoff 7 partitions 'openriak-kv@node-03.cluster-a.openriak' waiting to handoff 6 partitions 'openriak-kv@node-02.cluster-a.openriak' waiting to handoff 4 partitions 'openriak-kv@node-01.cluster-a.openriak' waiting to handoff 1 partitions Active Transfers: ok)
2026-09-11T18:27:34+09:00 [openriak-entrypoint] startup: waiting for transfers (attempt 47, transfers='openriak-kv@node-05.cluster-a.openriak' waiting to handoff 4 partitions 'openriak-kv@node-04.cluster-a.openriak' waiting to handoff 7 partitions 'openriak-kv@node-03.cluster-a.openriak' waiting to handoff 6 partitions 'openriak-kv@node-02.cluster-a.openriak' waiting to handoff 4 partitions 'openriak-kv@node-01.cluster-a.openriak' waiting to handoff 1 partitions Active Transfers: ok)
2026-09-11T18:27:36+09:00 [openriak-entrypoint] startup: waiting for transfers (attempt 48, transfers='openriak-kv@node-05.cluster-a.openriak' waiting to handoff 2 partitions 'openriak-kv@node-04.cluster-a.openriak' waiting to handoff 6 partitions 'openriak-kv@node-03.cluster-a.openriak' waiting to handoff 6 partitions 'openriak-kv@node-02.cluster-a.openriak' waiting to handoff 4 partitions 'openriak-kv@node-01.cluster-a.openriak' waiting to handoff 1 partitions Active Transfers: ok)
2026-09-11T18:27:38+09:00 [openriak-entrypoint] startup: waiting for transfers (attempt 49, transfers='openriak-kv@node-05.cluster-a.openriak' waiting to handoff 2 partitions 'openriak-kv@node-04.cluster-a.openriak' waiting to handoff 6 partitions 'openriak-kv@node-03.cluster-a.openriak' waiting to handoff 6 partitions 'openriak-kv@node-02.cluster-a.openriak' waiting to handoff 4 partitions 'openriak-kv@node-01.cluster-a.openriak' waiting to handoff 1 partitions Active Transfers: ok)
2026-09-11T18:27:40+09:00 [openriak-entrypoint] startup: waiting for transfers (attempt 50, transfers='openriak-kv@node-05.cluster-a.openriak' waiting to handoff 2 partitions 'openriak-kv@node-04.cluster-a.openriak' waiting to handoff 6 partitions 'openriak-kv@node-03.cluster-a.openriak' waiting to handoff 6 partitions 'openriak-kv@node-02.cluster-a.openriak' waiting to handoff 4 partitions 'openriak-kv@node-01.cluster-a.openriak' waiting to handoff 1 partitions Active Transfers: ok)
2026-09-11T18:27:42+09:00 [openriak-entrypoint] startup: waiting for transfers (attempt 51, transfers='openriak-kv@node-05.cluster-a.openriak' waiting to handoff 1 partitions 'openriak-kv@node-04.cluster-a.openriak' waiting to handoff 6 partitions 'openriak-kv@node-03.cluster-a.openriak' waiting to handoff 6 partitions 'openriak-kv@node-02.cluster-a.openriak' waiting to handoff 4 partitions 'openriak-kv@node-01.cluster-a.openriak' waiting to handoff 1 partitions Active Transfers: ok)
2026-09-11T18:27:44+09:00 [openriak-entrypoint] startup: waiting for transfers (attempt 52, transfers='openriak-kv@node-05.cluster-a.openriak' waiting to handoff 1 partitions 'openriak-kv@node-04.cluster-a.openriak' waiting to handoff 6 partitions 'openriak-kv@node-03.cluster-a.openriak' waiting to handoff 6 partitions 'openriak-kv@node-02.cluster-a.openriak' waiting to handoff 3 partitions 'openriak-kv@node-01.cluster-a.openriak' waiting to handoff 1 partitions Active Transfers: ok)
2026-09-11T18:27:46+09:00 [openriak-entrypoint] startup: waiting for transfers (attempt 53, transfers='openriak-kv@node-05.cluster-a.openriak' waiting to handoff 1 partitions 'openriak-kv@node-04.cluster-a.openriak' waiting to handoff 6 partitions 'openriak-kv@node-03.cluster-a.openriak' waiting to handoff 6 partitions 'openriak-kv@node-02.cluster-a.openriak' waiting to handoff 3 partitions 'openriak-kv@node-01.cluster-a.openriak' waiting to handoff 1 partitions Active Transfers: ok)
2026-09-11T18:27:47+09:00 [openriak-entrypoint] startup: waiting for transfers (attempt 54, transfers='openriak-kv@node-05.cluster-a.openriak' waiting to handoff 1 partitions 'openriak-kv@node-04.cluster-a.openriak' waiting to handoff 3 partitions 'openriak-kv@node-03.cluster-a.openriak' waiting to handoff 5 partitions 'openriak-kv@node-02.cluster-a.openriak' waiting to handoff 3 partitions 'openriak-kv@node-01.cluster-a.openriak' waiting to handoff 1 partitions Active Transfers: ok)
2026-09-11T18:27:49+09:00 [openriak-entrypoint] startup: waiting for transfers (attempt 55, transfers='openriak-kv@node-05.cluster-a.openriak' waiting to handoff 1 partitions 'openriak-kv@node-04.cluster-a.openriak' waiting to handoff 2 partitions 'openriak-kv@node-03.cluster-a.openriak' waiting to handoff 4 partitions 'openriak-kv@node-02.cluster-a.openriak' waiting to handoff 3 partitions 'openriak-kv@node-01.cluster-a.openriak' waiting to handoff 1 partitions Active Transfers: ok)
2026-09-11T18:27:51+09:00 [openriak-entrypoint] startup: waiting for transfers (attempt 56, transfers='openriak-kv@node-05.cluster-a.openriak' waiting to handoff 1 partitions 'openriak-kv@node-04.cluster-a.openriak' waiting to handoff 2 partitions 'openriak-kv@node-03.cluster-a.openriak' waiting to handoff 3 partitions 'openriak-kv@node-02.cluster-a.openriak' waiting to handoff 2 partitions 'openriak-kv@node-01.cluster-a.openriak' waiting to handoff 1 partitions Active Transfers: ok)
2026-09-11T18:27:53+09:00 [openriak-entrypoint] startup: waiting for transfers (attempt 57, transfers='openriak-kv@node-04.cluster-a.openriak' waiting to handoff 1 partitions 'openriak-kv@node-03.cluster-a.openriak' waiting to handoff 2 partitions 'openriak-kv@node-02.cluster-a.openriak' waiting to handoff 2 partitions 'openriak-kv@node-01.cluster-a.openriak' waiting to handoff 1 partitions Active Transfers: ok)
2026-09-11T18:27:54+09:00 [openriak-entrypoint] startup: waiting for transfers (attempt 58, transfers='openriak-kv@node-04.cluster-a.openriak' waiting to handoff 1 partitions 'openriak-kv@node-03.cluster-a.openriak' waiting to handoff 2 partitions 'openriak-kv@node-02.cluster-a.openriak' waiting to handoff 2 partitions 'openriak-kv@node-01.cluster-a.openriak' waiting to handoff 1 partitions Active Transfers: ok)
2026-09-11T18:27:56+09:00 [openriak-entrypoint] startup: waiting for transfers (attempt 59, transfers='openriak-kv@node-04.cluster-a.openriak' waiting to handoff 1 partitions 'openriak-kv@node-03.cluster-a.openriak' waiting to handoff 2 partitions 'openriak-kv@node-02.cluster-a.openriak' waiting to handoff 2 partitions 'openriak-kv@node-01.cluster-a.openriak' waiting to handoff 1 partitions Active Transfers: ok)
2026-09-11T18:28:00+09:00 [openriak-entrypoint] startup: waiting for transfers (attempt 60, transfers='openriak-kv@node-04.cluster-a.openriak' waiting to handoff 1 partitions 'openriak-kv@node-03.cluster-a.openriak' waiting to handoff 2 partitions 'openriak-kv@node-02.cluster-a.openriak' waiting to handoff 1 partitions 'openriak-kv@node-01.cluster-a.openriak' waiting to handoff 1 partitions Active Transfers: ok)
2026-09-11T18:28:02+09:00 [openriak-entrypoint] startup: waiting for transfers (attempt 61, transfers='openriak-kv@node-04.cluster-a.openriak' waiting to handoff 1 partitions 'openriak-kv@node-01.cluster-a.openriak' waiting to handoff 1 partitions Active Transfers: ok)
2026-09-11T18:28:03+09:00 [openriak-entrypoint] startup: waiting for transfers (attempt 62, transfers='openriak-kv@node-01.cluster-a.openriak' waiting to handoff 1 partitions Active Transfers: ok)
2026-09-11T18:28:05+09:00 [openriak-entrypoint] startup: waiting for transfers (attempt 63, transfers='openriak-kv@node-01.cluster-a.openriak' waiting to handoff 1 partitions Active Transfers: ok)
2026-09-11T18:28:07+09:00 [openriak-entrypoint] startup: waiting for transfers (attempt 64, transfers='openriak-kv@node-01.cluster-a.openriak' waiting to handoff 1 partitions Active Transfers: ok)
2026-09-11T18:28:09+09:00 [openriak-entrypoint] startup: waiting for transfers (attempt 65, transfers='openriak-kv@node-01.cluster-a.openriak' waiting to handoff 1 partitions Active Transfers: ok)
2026-09-11T18:28:11+09:00 [openriak-entrypoint] startup: waiting for transfers (attempt 66, transfers='openriak-kv@node-01.cluster-a.openriak' waiting to handoff 1 partitions Active Transfers: ok)
2026-09-11T18:28:13+09:00 [openriak-entrypoint] startup: waiting for transfers (attempt 67, transfers='openriak-kv@node-01.cluster-a.openriak' waiting to handoff 1 partitions Active Transfers: ok)
2026-09-11T18:28:15+09:00 [openriak-entrypoint] startup: waiting for transfers (attempt 68, transfers='openriak-kv@node-01.cluster-a.openriak' waiting to handoff 1 partitions Active Transfers: ok)
2026-09-11T18:28:17+09:00 [openriak-entrypoint] startup: waiting for transfers (attempt 69, transfers='openriak-kv@node-01.cluster-a.openriak' waiting to handoff 1 partitions Active Transfers: ok)
2026-09-11T18:28:18+09:00 [openriak-entrypoint] startup: waiting for transfers (attempt 70, transfers='openriak-kv@node-01.cluster-a.openriak' waiting to handoff 1 partitions Active Transfers: ok)
2026-09-11T18:28:20+09:00 [openriak-entrypoint] startup: waiting for transfers (attempt 71, transfers='openriak-kv@node-01.cluster-a.openriak' waiting to handoff 1 partitions Active Transfers: ok)
2026-09-11T18:28:22+09:00 [openriak-entrypoint] startup: waiting for transfers (attempt 72, transfers='openriak-kv@node-01.cluster-a.openriak' waiting to handoff 1 partitions Active Transfers: ok)
2026-09-11T18:28:24+09:00 [openriak-entrypoint] startup: waiting for transfers (attempt 73, transfers='openriak-kv@node-01.cluster-a.openriak' waiting to handoff 1 partitions Active Transfers: ok)
2026-09-11T18:28:26+09:00 [openriak-entrypoint] startup: waiting for transfers (attempt 74, transfers='openriak-kv@node-01.cluster-a.openriak' waiting to handoff 1 partitions Active Transfers: ok)
2026-09-11T18:28:28+09:00 [openriak-entrypoint] startup: waiting for transfers (attempt 75, transfers='openriak-kv@node-01.cluster-a.openriak' waiting to handoff 1 partitions Active Transfers: ok)
2026-09-11T18:28:31+09:00 [openriak-entrypoint] startup: waiting for transfers (attempt 76, transfers='openriak-kv@node-01.cluster-a.openriak' waiting to handoff 1 partitions Active Transfers: ok)
2026-09-11T18:28:33+09:00 [openriak-entrypoint] startup: waiting for transfers (attempt 77, transfers='openriak-kv@node-01.cluster-a.openriak' waiting to handoff 1 partitions Active Transfers: ok)
2026-09-11T18:28:34+09:00 [openriak-entrypoint] startup: waiting for transfers (attempt 78, transfers='openriak-kv@node-01.cluster-a.openriak' waiting to handoff 1 partitions Active Transfers: ok)
2026-09-11T18:28:36+09:00 [openriak-entrypoint] startup: waiting for transfers (attempt 79, transfers='openriak-kv@node-01.cluster-a.openriak' waiting to handoff 1 partitions Active Transfers: ok)
2026-09-11T18:28:38+09:00 [openriak-entrypoint] startup: waiting for transfers (attempt 80, transfers='openriak-kv@node-01.cluster-a.openriak' waiting to handoff 1 partitions Active Transfers: ok)
2026-09-11T18:28:40+09:00 [openriak-entrypoint] startup: waiting for transfers (attempt 81, transfers='openriak-kv@node-01.cluster-a.openriak' waiting to handoff 1 partitions Active Transfers: ok)
2026-09-11T18:28:42+09:00 [openriak-entrypoint] startup: waiting for transfers (attempt 82, transfers='openriak-kv@node-01.cluster-a.openriak' waiting to handoff 1 partitions Active Transfers: ok)
2026-09-11T18:28:44+09:00 [openriak-entrypoint] startup: transfers complete (No transfers active Active Transfers: ok)
2026-09-11T18:28:44+09:00 [openriak-entrypoint] cluster: waiting for coordinator completion confirmation
2026-09-11T18:28:44+09:00 [openriak-entrypoint] cluster: coordinator confirmed completion for openriak-kv@node-04.cluster-a.openriak
2026-09-11T18:28:44+09:00 [openriak-entrypoint] cluster: follower joined openriak-kv@node-01.cluster-a.openriak successfully
2026-09-11T18:28:44+09:00 [openriak-entrypoint] startup: OpenRiak is ready
2026-09-11T18:28:44+09:00 [openriak-entrypoint] monitor: sleeping for 1s
2026-09-11T18:28:45+09:00 [openriak-entrypoint] monitor: BEAM is running and riak ping returned pong
2026-09-11T18:28:45+09:00 [openriak-entrypoint] monitor: sleeping for 1s
2026-09-11T18:28:47+09:00 [openriak-entrypoint] monitor: BEAM is running and riak ping returned pong
2026-09-11T18:28:47+09:00 [openriak-entrypoint] monitor: sleeping for 1s
2026-09-11T18:28:48+09:00 [openriak-entrypoint] monitor: BEAM is running and riak ping returned pong
2026-09-11T18:28:48+09:00 [openriak-entrypoint] monitor: sleeping for 1s
2026-09-11T18:28:49+09:00 [openriak-entrypoint] monitor: BEAM is running and riak ping returned pong
2026-09-11T18:28:49+09:00 [openriak-entrypoint] monitor: sleeping for 1s
2026-09-11T18:28:51+09:00 [openriak-entrypoint] monitor: BEAM is running and riak ping returned pong
2026-09-11T18:28:51+09:00 [openriak-entrypoint] monitor: sleeping for 1s
2026-09-11T18:28:52+09:00 [openriak-entrypoint] monitor: BEAM is running and riak ping returned pong
2026-09-11T18:28:52+09:00 [openriak-entrypoint] monitor: sleeping for 1s
2026-09-11T18:28:53+09:00 [openriak-entrypoint] monitor: BEAM is running and riak ping returned pong
2026-09-11T18:28:53+09:00 [openriak-entrypoint] monitor: sleeping for 1s
2026-09-11T18:28:55+09:00 [openriak-entrypoint] monitor: BEAM is running and riak ping returned pong
2026-09-11T18:28:55+09:00 [openriak-entrypoint] monitor: sleeping for 1s
2026-09-11T18:28:56+09:00 [openriak-entrypoint] monitor: BEAM is running and riak ping returned pong
2026-09-11T18:28:56+09:00 [openriak-entrypoint] monitor: sleeping for 1s
2026-09-11T18:28:57+09:00 [openriak-entrypoint] monitor: BEAM is running and riak ping returned pong
2026-09-11T18:28:57+09:00 [openriak-entrypoint] monitor: sleeping for 1s
2026-09-11T18:28:59+09:00 [openriak-entrypoint] monitor: BEAM is running and riak ping returned pong
2026-09-11T18:28:59+09:00 [openriak-entrypoint] monitor: sleeping for 1s
2026-09-11T18:29:02+09:00 [openriak-entrypoint] monitor: BEAM is running and riak ping returned pong
2026-09-11T18:29:02+09:00 [openriak-entrypoint] monitor: sleeping for 1s
2026-09-11T18:29:03+09:00 [openriak-entrypoint] monitor: BEAM is running and riak ping returned pong
2026-09-11T18:29:03+09:00 [openriak-entrypoint] monitor: sleeping for 1s
2026-09-11T18:29:05+09:00 [openriak-entrypoint] monitor: BEAM is running and riak ping returned pong
2026-09-11T18:29:05+09:00 [openriak-entrypoint] monitor: sleeping for 1s
2026-09-11T18:29:06+09:00 [openriak-entrypoint] monitor: BEAM is running and riak ping returned pong
2026-09-11T18:29:06+09:00 [openriak-entrypoint] monitor: sleeping for 1s
2026-09-11T18:29:08+09:00 [openriak-entrypoint] monitor: BEAM is running and riak ping returned pong
2026-09-11T18:29:08+09:00 [openriak-entrypoint] monitor: sleeping for 1s
2026-09-11T18:29:09+09:00 [openriak-entrypoint] monitor: BEAM is running and riak ping returned pong
2026-09-11T18:29:09+09:00 [openriak-entrypoint] monitor: sleeping for 1s
2026-09-11T18:29:10+09:00 [openriak-entrypoint] monitor: BEAM is running and riak ping returned pong
2026-09-11T18:29:10+09:00 [openriak-entrypoint] monitor: sleeping for 1s
2026-09-11T18:29:12+09:00 [openriak-entrypoint] monitor: BEAM is running and riak ping returned pong
2026-09-11T18:29:12+09:00 [openriak-entrypoint] monitor: sleeping for 1s
2026-09-11T18:29:13+09:00 [openriak-entrypoint] monitor: BEAM is running and riak ping returned pong
2026-09-11T18:29:13+09:00 [openriak-entrypoint] monitor: sleeping for 1s
2026-09-11T18:29:14+09:00 [openriak-entrypoint] monitor: BEAM is running and riak ping returned pong
2026-09-11T18:29:14+09:00 [openriak-entrypoint] monitor: sleeping for 1s
2026-09-11T18:29:16+09:00 [openriak-entrypoint] monitor: BEAM is running and riak ping returned pong
2026-09-11T18:29:16+09:00 [openriak-entrypoint] monitor: sleeping for 1s
2026-09-11T18:29:17+09:00 [openriak-entrypoint] monitor: BEAM is running and riak ping returned pong
2026-09-11T18:29:17+09:00 [openriak-entrypoint] monitor: sleeping for 1s
2026-09-11T18:29:18+09:00 [openriak-entrypoint] monitor: BEAM is running and riak ping returned pong
2026-09-11T18:29:18+09:00 [openriak-entrypoint] monitor: sleeping for 1s

timeout_seconds: 3600
exit_code: 0
