$ /usr/bin/docker compose --env-file /tmp/openriak-docker-3.4.0-ubuntu-noble-otp26-vtvcjjqo/.env.cluster --project-directory /tmp/openriak-docker-3.4.0-ubuntu-noble-otp26-vtvcjjqo --file /tmp/openriak-docker-3.4.0-ubuntu-noble-otp26-vtvcjjqo/compose.cluster.test.yaml up --detach --no-build
started: 2026-09-11T09:25:18Z
 Network openriak-kv-340-ubuntu-noble-otp26-node-cluster_openriak Creating 
 Network openriak-kv-340-ubuntu-noble-otp26-node-cluster_openriak Creating 
 Network openriak-kv-340-ubuntu-noble-otp26-node-cluster_openriak Created 
 Network openriak-kv-340-ubuntu-noble-otp26-node-cluster_openriak Created 
 Container openriak-kv-3.4.0-ubuntu-noble-otp26-node-5-t-041496z Creating 
 Container openriak-kv-3.4.0-ubuntu-noble-otp26-node-3-t-041496z Creating 
 Container openriak-kv-3.4.0-ubuntu-noble-otp26-node-1-t-041496z Creating 
 Container openriak-kv-3.4.0-ubuntu-noble-otp26-node-2-t-041496z Creating 
 Container openriak-kv-3.4.0-ubuntu-noble-otp26-node-4-t-041496z Creating 
 Container openriak-kv-3.4.0-ubuntu-noble-otp26-node-1-t-041496z Created 
 Container openriak-kv-3.4.0-ubuntu-noble-otp26-node-5-t-041496z Created 
 Container openriak-kv-3.4.0-ubuntu-noble-otp26-node-3-t-041496z Created 
 Container openriak-kv-3.4.0-ubuntu-noble-otp26-node-4-t-041496z Created 
 Container openriak-kv-3.4.0-ubuntu-noble-otp26-node-2-t-041496z Created 
 Container openriak-kv-3.4.0-ubuntu-noble-otp26-node-4-t-041496z Starting 
 Container openriak-kv-3.4.0-ubuntu-noble-otp26-node-1-t-041496z Starting 
 Container openriak-kv-3.4.0-ubuntu-noble-otp26-node-5-t-041496z Starting 
 Container openriak-kv-3.4.0-ubuntu-noble-otp26-node-3-t-041496z Starting 
 Container openriak-kv-3.4.0-ubuntu-noble-otp26-node-2-t-041496z Starting 
 Container openriak-kv-3.4.0-ubuntu-noble-otp26-node-3-t-041496z Started 
 Container openriak-kv-3.4.0-ubuntu-noble-otp26-node-4-t-041496z Started 
 Container openriak-kv-3.4.0-ubuntu-noble-otp26-node-2-t-041496z Started 
 Container openriak-kv-3.4.0-ubuntu-noble-otp26-node-1-t-041496z Started 
 Container openriak-kv-3.4.0-ubuntu-noble-otp26-node-5-t-041496z Started 

timeout_seconds: 3600
exit_code: 0
