$ /usr/bin/docker exec openriak-kv-3.4.1-amazon-linux-2023-otp26-node-4-t-196161z sh -c 'date +%z
id -u riak
id -g riak
stat -c '"'"'%u:%g'"'"' /etc/riak /var/lib/riak /var/log/riak'
started: 2026-09-11T10:09:42Z
+0900
19001
19002
19001:19002
19001:19002
19001:19002

timeout_seconds: 3600
exit_code: 0
$ /usr/bin/docker container inspect openriak-kv-3.4.1-amazon-linux-2023-otp26-node-4-t-196161z
started: 2026-09-11T10:09:42Z
[
    {
        "Id": "cda78a449fd5f3f1406c3b2432eab62aee0e783ad5cec774b171fca2707d8701",
        "Created": "2026-09-11T10:06:10.658235185Z",
        "Path": "/usr/local/bin/openriak-entrypoint",
        "Args": [],
        "State": {
            "Status": "running",
            "Running": true,
            "Paused": false,
            "Restarting": false,
            "OOMKilled": false,
            "Dead": false,
            "Pid": 5210,
            "ExitCode": 0,
            "Error": "",
            "StartedAt": "2026-09-11T10:06:11.505059968Z",
            "FinishedAt": "0001-01-01T00:00:00Z",
            "Health": {
                "Status": "healthy",
                "FailingStreak": 0,
                "Log": [
                    {
                        "Start": "2026-09-11T10:08:57.112993721Z",
                        "End": "2026-09-11T10:08:57.692888146Z",
                        "ExitCode": 0,
                        "Output": "OpenRiak healthcheck passed: BEAM is running and riak ping returned pong\n"
                    },
                    {
                        "Start": "2026-09-11T10:09:07.694776632Z",
                        "End": "2026-09-11T10:09:08.228601182Z",
                        "ExitCode": 0,
                        "Output": "OpenRiak healthcheck passed: BEAM is running and riak ping returned pong\n"
                    },
                    {
                        "Start": "2026-09-11T10:09:20.030233005Z",
                        "End": "2026-09-11T10:09:20.561157032Z",
                        "ExitCode": 0,
                        "Output": "OpenRiak healthcheck passed: BEAM is running and riak ping returned pong\n"
                    },
                    {
                        "Start": "2026-09-11T10:09:30.563402582Z",
                        "End": "2026-09-11T10:09:31.064173728Z",
                        "ExitCode": 0,
                        "Output": "OpenRiak healthcheck passed: BEAM is running and riak ping returned pong\n"
                    },
                    {
                        "Start": "2026-09-11T10:09:41.065099887Z",
                        "End": "2026-09-11T10:09:41.657241173Z",
                        "ExitCode": 0,
                        "Output": "OpenRiak healthcheck passed: BEAM is running and riak ping returned pong\n"
                    }
                ]
            }
        },
        "Image": "sha256:f666424a210f65210e6ac0aa2b77d927f208b7fcfaf97c310e69c3364c18f248",
        "ResolvConfPath": "/var/lib/docker/containers/cda78a449fd5f3f1406c3b2432eab62aee0e783ad5cec774b171fca2707d8701/resolv.conf",
        "HostnamePath": "/var/lib/docker/containers/cda78a449fd5f3f1406c3b2432eab62aee0e783ad5cec774b171fca2707d8701/hostname",
        "HostsPath": "/var/lib/docker/containers/cda78a449fd5f3f1406c3b2432eab62aee0e783ad5cec774b171fca2707d8701/hosts",
        "LogPath": "/var/lib/docker/containers/cda78a449fd5f3f1406c3b2432eab62aee0e783ad5cec774b171fca2707d8701/cda78a449fd5f3f1406c3b2432eab62aee0e783ad5cec774b171fca2707d8701-json.log",
        "Name": "/openriak-kv-3.4.1-amazon-linux-2023-otp26-node-4-t-196161z",
        "RestartCount": 0,
        "Driver": "overlay2",
        "Platform": "linux",
        "MountLabel": "",
        "ProcessLabel": "",
        "AppArmorProfile": "",
        "ExecIDs": null,
        "HostConfig": {
            "Binds": [
                "/tmp/openriak-docker-3.4.1-amazon-linux-2023-otp26-2u5gntst/openriak-kv-3.4.1-amazon-linux-2023-otp26-node-4/config:/etc/riak:rw",
                "/tmp/openriak-docker-3.4.1-amazon-linux-2023-otp26-2u5gntst/openriak-kv-3.4.1-amazon-linux-2023-otp26-node-4/data:/var/lib/riak:rw",
                "/tmp/openriak-docker-3.4.1-amazon-linux-2023-otp26-2u5gntst/openriak-kv-3.4.1-amazon-linux-2023-otp26-node-4/logs:/var/log/riak:rw",
                "/tmp/openriak-docker-3.4.1-amazon-linux-2023-otp26-2u5gntst/openriak-kv-3.4.1-amazon-linux-2023-otp26-node-cluster-control:/var/lib/openriak-cluster-control:rw"
            ],
            "ContainerIDFile": "",
            "LogConfig": {
                "Type": "json-file",
                "Config": {
                    "max-file": "3",
                    "max-size": "10m"
                }
            },
            "NetworkMode": "openriak-kv-341-amazon-linux-2023-otp26-node-cluster_openriak",
            "PortBindings": {},
            "RestartPolicy": {
                "Name": "no",
                "MaximumRetryCount": 0
            },
            "AutoRemove": false,
            "VolumeDriver": "",
            "VolumesFrom": null,
            "ConsoleSize": [
                0,
                0
            ],
            "CapAdd": null,
            "CapDrop": null,
            "CgroupnsMode": "private",
            "Dns": null,
            "DnsOptions": null,
            "DnsSearch": null,
            "ExtraHosts": [],
            "GroupAdd": null,
            "IpcMode": "private",
            "Cgroup": "",
            "Links": null,
            "OomScoreAdj": 0,
            "PidMode": "",
            "Privileged": false,
            "PublishAllPorts": false,
            "ReadonlyRootfs": false,
            "SecurityOpt": null,
            "UTSMode": "",
            "UsernsMode": "",
            "ShmSize": 67108864,
            "Runtime": "runc",
            "Isolation": "",
            "CpuShares": 0,
            "Memory": 0,
            "NanoCpus": 0,
            "CgroupParent": "",
            "BlkioWeight": 0,
            "BlkioWeightDevice": null,
            "BlkioDeviceReadBps": null,
            "BlkioDeviceWriteBps": null,
            "BlkioDeviceReadIOps": null,
            "BlkioDeviceWriteIOps": null,
            "CpuPeriod": 0,
            "CpuQuota": 0,
            "CpuRealtimePeriod": 0,
            "CpuRealtimeRuntime": 0,
            "CpusetCpus": "",
            "CpusetMems": "",
            "Devices": null,
            "DeviceCgroupRules": null,
            "DeviceRequests": null,
            "MemoryReservation": 0,
            "MemorySwap": 0,
            "MemorySwappiness": null,
            "OomKillDisable": null,
            "PidsLimit": null,
            "Ulimits": [
                {
                    "Name": "nofile",
                    "Hard": 100000,
                    "Soft": 100000
                }
            ],
            "CpuCount": 0,
            "CpuPercent": 0,
            "IOMaximumIOps": 0,
            "IOMaximumBandwidth": 0,
            "MaskedPaths": [
                "/proc/acpi",
                "/proc/asound",
                "/proc/interrupts",
                "/proc/kcore",
                "/proc/keys",
                "/proc/latency_stats",
                "/proc/sched_debug",
                "/proc/scsi",
                "/proc/timer_list",
                "/proc/timer_stats",
                "/sys/devices/virtual/powercap",
                "/sys/firmware"
            ],
            "ReadonlyPaths": [
                "/proc/bus",
                "/proc/fs",
                "/proc/irq",
                "/proc/sys",
                "/proc/sysrq-trigger"
            ]
        },
        "GraphDriver": {
            "Data": {
                "ID": "cda78a449fd5f3f1406c3b2432eab62aee0e783ad5cec774b171fca2707d8701",
                "LowerDir": "/var/lib/docker/overlay2/987aa5d2e77c0c8f7e598a022d0de97ac3358a03d63d86912c610466bb326703-init/diff:/var/lib/docker/overlay2/b39971a7d4bb2da99f0c024a683e32f3f06705d0636927b2b03339d9dced4b1b/diff:/var/lib/docker/overlay2/7dfbaff90f4a526aa818a34f4df7c8175506920f441b0b95949903b1b248b585/diff:/var/lib/docker/overlay2/fc33643667acf237c74fa26b14a5ae79d07d2f375dfcd86255ee11ee7c18ed2c/diff:/var/lib/docker/overlay2/2fbdff04251abe90a5e2825ab3cf06d36c9ae573381c6567498df9b70fcae04b/diff:/var/lib/docker/overlay2/2ca88504bfc6680714348fd5f34c988345d48a7bb36957fdb0dc12eec6f61b8f/diff:/var/lib/docker/overlay2/61a0b67b026977502d98fb1d8c140c2b7efb1076d6a0f2064c67f40568631277/diff",
                "MergedDir": "/var/lib/docker/overlay2/987aa5d2e77c0c8f7e598a022d0de97ac3358a03d63d86912c610466bb326703/merged",
                "UpperDir": "/var/lib/docker/overlay2/987aa5d2e77c0c8f7e598a022d0de97ac3358a03d63d86912c610466bb326703/diff",
                "WorkDir": "/var/lib/docker/overlay2/987aa5d2e77c0c8f7e598a022d0de97ac3358a03d63d86912c610466bb326703/work"
            },
            "Name": "overlay2"
        },
        "Mounts": [
            {
                "Type": "bind",
                "Source": "/tmp/openriak-docker-3.4.1-amazon-linux-2023-otp26-2u5gntst/openriak-kv-3.4.1-amazon-linux-2023-otp26-node-4/config",
                "Destination": "/etc/riak",
                "Mode": "rw",
                "RW": true,
                "Propagation": "rprivate"
            },
            {
                "Type": "bind",
                "Source": "/tmp/openriak-docker-3.4.1-amazon-linux-2023-otp26-2u5gntst/openriak-kv-3.4.1-amazon-linux-2023-otp26-node-4/data",
                "Destination": "/var/lib/riak",
                "Mode": "rw",
                "RW": true,
                "Propagation": "rprivate"
            },
            {
                "Type": "bind",
                "Source": "/tmp/openriak-docker-3.4.1-amazon-linux-2023-otp26-2u5gntst/openriak-kv-3.4.1-amazon-linux-2023-otp26-node-4/logs",
                "Destination": "/var/log/riak",
                "Mode": "rw",
                "RW": true,
                "Propagation": "rprivate"
            },
            {
                "Type": "bind",
                "Source": "/tmp/openriak-docker-3.4.1-amazon-linux-2023-otp26-2u5gntst/openriak-kv-3.4.1-amazon-linux-2023-otp26-node-cluster-control",
                "Destination": "/var/lib/openriak-cluster-control",
                "Mode": "rw",
                "RW": true,
                "Propagation": "rprivate"
            }
        ],
        "Config": {
            "Hostname": "node-04.cluster-a.openriak",
            "Domainname": "",
            "User": "",
            "AttachStdin": false,
            "AttachStdout": true,
            "AttachStderr": true,
            "ExposedPorts": {
                "8087/tcp": {},
                "8098/tcp": {}
            },
            "Tty": false,
            "OpenStdin": false,
            "StdinOnce": false,
            "Env": [
                "TZ=Asia/Tokyo",
                "RIAK_UID=19001",
                "RIAK_NODE_HOST=node-04.cluster-a.openriak",
                "RIAK_DISTRIBUTED_COOKIE=openriak-2c396c0177ed853a73d9e169b0d42585",
                "OPENRIAK_CLUSTER_POLL_SECONDS=1",
                "RIAK_LOG_MAX_FILES=4",
                "OPENRIAK_CLUSTER_MODE=cluster",
                "RIAK_LOG_MAX_FILE_SIZE=2MB",
                "OPENRIAK_CLUSTER_WAIT_SECONDS=3600",
                "RIAK_GID=19002",
                "RIAK_MONITOR_INTERVAL_SECONDS=1",
                "PATH=/usr/local/sbin:/usr/local/bin:/usr/sbin:/usr/bin:/sbin:/bin",
                "RIAK_NODE_NAME=",
                "RIAK_RING_SIZE=8",
                "RIAK_STORAGE_BACKEND=leveled",
                "RIAK_ANTI_ENTROPY=passive",
                "RIAK_TICTACAAE_ACTIVE=active",
                "RIAK_TICTACAAE_STOREHEADS=enabled",
                "RIAK_HTTP_LISTENER=0.0.0.0:8098",
                "RIAK_PB_LISTENER=0.0.0.0:8087",
                "RIAK_NOFILE_LIMIT=100000",
                "RIAK_INIT_ONLY=0",
                "RIAK_STARTUP_POLL_SECONDS=1",
                "RIAK_SHUTDOWN_POLL_SECONDS=1",
                "OPENRIAK_CLUSTER_CONTROL_DIR=/var/lib/openriak-cluster-control",
                "role="
            ],
            "Cmd": null,
            "Healthcheck": {
                "Test": [
                    "CMD",
                    "/usr/local/bin/openriak-healthcheck"
                ],
                "Interval": 10000000000,
                "Timeout": 60000000000,
                "StartPeriod": 120000000000,
                "Retries": 3
            },
            "Image": "tiotjp/openriak-kv:test-3.4.1-amazon-linux-2023-otp26-linux-amd64-20260911t100456.196161z",
            "Volumes": {
                "/etc/riak": {},
                "/var/lib/riak": {},
                "/var/log/riak": {}
            },
            "WorkingDir": "/",
            "Entrypoint": [
                "/usr/local/bin/openriak-entrypoint"
            ],
            "Labels": {
                "com.docker.compose.config-hash": "99408bbc972a8a736c0b952e11ce1761f385867e28cb9469efafde2eaa7da1db",
                "com.docker.compose.container-number": "1",
                "com.docker.compose.depends_on": "",
                "com.docker.compose.image": "sha256:f666424a210f65210e6ac0aa2b77d927f208b7fcfaf97c310e69c3364c18f248",
                "com.docker.compose.oneoff": "False",
                "com.docker.compose.project": "openriak-kv-341-amazon-linux-2023-otp26-node-cluster",
                "com.docker.compose.project.config_files": "/tmp/openriak-docker-3.4.1-amazon-linux-2023-otp26-2u5gntst/compose.cluster.test.yaml",
                "com.docker.compose.project.environment_file": "/tmp/openriak-docker-3.4.1-amazon-linux-2023-otp26-2u5gntst/.env.cluster",
                "com.docker.compose.project.working_dir": "/tmp/openriak-docker-3.4.1-amazon-linux-2023-otp26-2u5gntst",
                "com.docker.compose.service": "node4",
                "com.docker.compose.version": "5.4.0",
                "desktop.docker.io/wsl-distro": "Ubuntu",
                "org.opencontainers.image.description": "Package-backed OpenRiak KV with single-node and cluster startup support",
                "org.opencontainers.image.source": "https://github.com/TI-Tokyo/openriak-docs",
                "org.opencontainers.image.title": "OpenRiak KV",
                "org.opencontainers.image.url": "https://www.tiot.jp/",
                "org.opencontainers.image.vendor": "TI Tokyo",
                "org.opencontainers.image.version": "3.4.1",
                "org.openriak.image.tag": "tiotjp/openriak-kv:3.4.1-amazon-linux-2023-otp26",
                "org.openriak.os.name": "amazon-linux",
                "org.openriak.os.release": "2023",
                "org.openriak.os.version": "2023",
                "org.openriak.otp.version": "26"
            },
            "StopSignal": "SIGTERM",
            "StopTimeout": 120
        },
        "NetworkSettings": {
            "SandboxID": "4aea5b06588e73aea25743bb89504a50ed71bd281b03457c74b4fcd86cd2ef39",
            "SandboxKey": "/var/run/docker/netns/4aea5b06588e",
            "Ports": {
                "8087/tcp": null,
                "8098/tcp": null
            },
            "Networks": {
                "openriak-kv-341-amazon-linux-2023-otp26-node-cluster_openriak": {
                    "IPAMConfig": {},
                    "Links": null,
                    "Aliases": [
                        "openriak-kv-3.4.1-amazon-linux-2023-otp26-node-4-t-196161z",
                        "node4",
                        "node-04.cluster-a.openriak"
                    ],
                    "DriverOpts": null,
                    "GwPriority": 0,
                    "NetworkID": "4f27808aeafb7ea3605e29dcb797d5e647fb017ff85cddf7c7577db9fe7010ca",
                    "EndpointID": "7c0b6ea683b16ba48de27d1407ce58154105bee8ec6b8dba7fb46641b09b48a7",
                    "Gateway": "172.25.0.1",
                    "IPAddress": "172.25.0.4",
                    "MacAddress": "c2:e0:64:f1:7c:8a",
                    "IPPrefixLen": 16,
                    "IPv6Gateway": "",
                    "GlobalIPv6Address": "",
                    "GlobalIPv6PrefixLen": 0,
                    "DNSNames": [
                        "openriak-kv-3.4.1-amazon-linux-2023-otp26-node-4-t-196161z",
                        "node4",
                        "node-04.cluster-a.openriak",
                        "cda78a449fd5"
                    ]
                }
            }
        }
    }
]

timeout_seconds: 3600
exit_code: 0
