$ /usr/bin/docker container inspect openriak-kv-3.4.1-amazon-linux-2023-otp26-node-1-t-196161z
started: 2026-09-11T10:06:09Z
[]
Error response from daemon: No such container: openriak-kv-3.4.1-amazon-linux-2023-otp26-node-1-t-196161z

timeout_seconds: 3600
exit_code: 1
$ /usr/bin/docker container inspect openriak-kv-3.4.1-amazon-linux-2023-otp26-node-2-t-196161z
started: 2026-09-11T10:06:09Z
[]
Error response from daemon: No such container: openriak-kv-3.4.1-amazon-linux-2023-otp26-node-2-t-196161z

timeout_seconds: 3600
exit_code: 1
$ /usr/bin/docker container inspect openriak-kv-3.4.1-amazon-linux-2023-otp26-node-3-t-196161z
started: 2026-09-11T10:06:09Z
[]
Error response from daemon: No such container: openriak-kv-3.4.1-amazon-linux-2023-otp26-node-3-t-196161z

timeout_seconds: 3600
exit_code: 1
$ /usr/bin/docker container inspect openriak-kv-3.4.1-amazon-linux-2023-otp26-node-4-t-196161z
started: 2026-09-11T10:06:09Z
[]
Error response from daemon: No such container: openriak-kv-3.4.1-amazon-linux-2023-otp26-node-4-t-196161z

timeout_seconds: 3600
exit_code: 1
$ /usr/bin/docker container inspect openriak-kv-3.4.1-amazon-linux-2023-otp26-node-5-t-196161z
started: 2026-09-11T10:06:09Z
[]
Error response from daemon: No such container: openriak-kv-3.4.1-amazon-linux-2023-otp26-node-5-t-196161z

timeout_seconds: 3600
exit_code: 1
