$ /usr/bin/docker logs openriak-kv-3.4.1-amazon-linux-2023-otp26-node-3-t-196161z
started: 2026-09-11T10:09:38Z
2026-09-11T19:06:12+09:00 [openriak-entrypoint] configuration: timezone = Asia/Tokyo
usermod: no changes
2026-09-11T19:06:12+09:00 [openriak-entrypoint] configuration: riak UID/GID = 19001/19002
2026-09-11T19:06:12+09:00 [openriak-entrypoint] configuration: preparing mounted directories
2026-09-11T19:06:12+09:00 [openriak-entrypoint] configuration: seeding /etc/riak from packaged defaults
2026-09-11T19:06:12+09:00 [openriak-entrypoint] configuration: current Docker IPv4 address = 172.25.0.5
2026-09-11T19:06:12+09:00 [openriak-entrypoint] configuration: waiting for coordinator cookie before daemon startup
2026-09-11T19:06:13+09:00 [openriak-entrypoint] configuration: waiting for coordinator cookie before daemon startup
2026-09-11T19:06:14+09:00 [openriak-entrypoint] configuration: waiting for coordinator cookie before daemon startup
2026-09-11T19:06:15+09:00 [openriak-entrypoint] configuration: waiting for coordinator cookie before daemon startup
2026-09-11T19:06:16+09:00 [openriak-entrypoint] configuration: waiting for coordinator cookie before daemon startup
2026-09-11T19:06:17+09:00 [openriak-entrypoint] configuration: waiting for coordinator cookie before daemon startup
2026-09-11T19:06:18+09:00 [openriak-entrypoint] configuration: waiting for coordinator cookie before daemon startup
2026-09-11T19:06:19+09:00 [openriak-entrypoint] configuration: waiting for coordinator cookie before daemon startup
2026-09-11T19:06:20+09:00 [openriak-entrypoint] configuration: waiting for coordinator cookie before daemon startup
2026-09-11T19:06:21+09:00 [openriak-entrypoint] configuration: waiting for coordinator cookie before daemon startup
2026-09-11T19:06:22+09:00 [openriak-entrypoint] configuration: waiting for coordinator cookie before daemon startup
2026-09-11T19:06:23+09:00 [openriak-entrypoint] configuration: waiting for coordinator cookie before daemon startup
2026-09-11T19:06:24+09:00 [openriak-entrypoint] configuration: waiting for coordinator cookie before daemon startup
2026-09-11T19:06:25+09:00 [openriak-entrypoint] configuration: waiting for coordinator cookie before daemon startup
2026-09-11T19:06:26+09:00 [openriak-entrypoint] configuration: waiting for coordinator cookie before daemon startup
2026-09-11T19:06:27+09:00 [openriak-entrypoint] configuration: waiting for coordinator cookie before daemon startup
2026-09-11T19:06:28+09:00 [openriak-entrypoint] configuration: waiting for coordinator cookie before daemon startup
2026-09-11T19:06:29+09:00 [openriak-entrypoint] configuration: adopted coordinator cookie before daemon startup
2026-09-11T19:06:29+09:00 [openriak-entrypoint] configuration: nodename = openriak-kv@node-03.cluster-a.openriak
2026-09-11T19:06:29+09:00 [openriak-entrypoint] configuration: distributed_cookie = openriak-5c6baf829e183f9364fdad673bfb0c76
2026-09-11T19:06:29+09:00 [openriak-entrypoint] configuration: effective distributed cookie = openriak-5c6baf829e183f9364fdad673bfb0c76
2026-09-11T19:06:29+09:00 [openriak-entrypoint] configuration: ring_size = 8
2026-09-11T19:06:29+09:00 [openriak-entrypoint] configuration: storage_backend = leveled
2026-09-11T19:06:29+09:00 [openriak-entrypoint] configuration: anti_entropy = passive
2026-09-11T19:06:29+09:00 [openriak-entrypoint] configuration: tictacaae_active = active
2026-09-11T19:06:29+09:00 [openriak-entrypoint] configuration: tictacaae_storeheads = enabled
2026-09-11T19:06:29+09:00 [openriak-entrypoint] configuration: listener.http.internal = 0.0.0.0:8098
2026-09-11T19:06:30+09:00 [openriak-entrypoint] configuration: listener.protobuf.internal = 0.0.0.0:8087
2026-09-11T19:06:30+09:00 [openriak-entrypoint] configuration: logger.max_file_size = 2MB
2026-09-11T19:06:30+09:00 [openriak-entrypoint] configuration: logger.max_files = 4
2026-09-11T19:06:30+09:00 [openriak-entrypoint] startup: validating configuration and generating VM arguments
2026-09-11T19:06:33+09:00 [openriak-entrypoint] startup: configuration is valid (config is OK -config /var/lib/riak/generated.conf/app.2026.09.11.19.06.30.config -args_file /var/lib/riak/generated.conf/vm.2026.09.11.19.06.30.args -vm_args /var/lib/riak/generated.conf/vm.2026.09.11.19.06.30.args)
2026-09-11T19:06:33+09:00 [openriak-entrypoint] startup: starting OpenRiak as a daemon
2026-09-11T19:06:43+09:00 [openriak-entrypoint] startup: daemon command completed
2026-09-11T19:06:43+09:00 [openriak-entrypoint] startup: waiting for BEAM and riak ping
2026-09-11T19:06:44+09:00 [openriak-entrypoint] startup: BEAM is running and riak ping returned pong
2026-09-11T19:06:44+09:00 [openriak-entrypoint] startup: waiting for the riak_kv service
2026-09-11T19:06:45+09:00 [openriak-entrypoint] startup: waiting for riak_kv (attempt 1, services=[])
2026-09-11T19:06:47+09:00 [openriak-entrypoint] startup: waiting for riak_kv (attempt 2, services=[])
2026-09-11T19:06:49+09:00 [openriak-entrypoint] startup: waiting for riak_kv (attempt 3, services=[])
2026-09-11T19:06:52+09:00 [openriak-entrypoint] startup: riak_kv service is up ([riak_kv,riak_pipe,riak_repl])
2026-09-11T19:06:52+09:00 [openriak-entrypoint] startup: waiting for Riak transfers to complete
2026-09-11T19:06:54+09:00 [openriak-entrypoint] startup: transfers complete (No transfers active Active Transfers: ok)
2026-09-11T19:06:54+09:00 [openriak-entrypoint] cluster: Role: Follower
2026-09-11T19:06:55+09:00 [openriak-entrypoint] cluster: announced openriak-kv@node-03.cluster-a.openriak at 172.25.0.5 to coordinator openriak-kv@node-01.cluster-a.openriak (e9c6339b9b3a7aa3)
2026-09-11T19:06:55+09:00 [openriak-entrypoint] cluster: follower waiting for coordinator approval (1s/3600s)
2026-09-11T19:06:56+09:00 [openriak-entrypoint] cluster: follower waiting for coordinator approval (2s/3600s)
2026-09-11T19:06:58+09:00 [openriak-entrypoint] cluster: join approved by openriak-kv@node-01.cluster-a.openriak (e9c6339b9b3a7aa3)
2026-09-11T19:06:58+09:00 [openriak-entrypoint] cluster: join: Success: staged join request for 'openriak-kv@node-03.cluster-a.openriak' to 'openriak-kv@node-01.cluster-a.openriak'
2026-09-11T19:06:58+09:00 [openriak-entrypoint] cluster: join: ok
2026-09-11T19:06:58+09:00 [openriak-entrypoint] cluster: join request accepted; waiting for plan and commit
2026-09-11T19:06:59+09:00 [openriak-entrypoint] cluster: waiting for the ring to become ready
2026-09-11T19:07:00+09:00 [openriak-entrypoint] cluster: ring is ready (TRUE All nodes agree on the ring ['openriak-kv@node-01.cluster-a.openriak', 'openriak-kv@node-02.cluster-a.openriak', 'openriak-kv@node-03.cluster-a.openriak'] ok)
2026-09-11T19:07:00+09:00 [openriak-entrypoint] startup: waiting for Riak transfers to complete
2026-09-11T19:07:01+09:00 [openriak-entrypoint] startup: waiting for transfers (attempt 1, transfers='openriak-kv@node-05.cluster-a.openriak' waiting to handoff 8 partitions 'openriak-kv@node-04.cluster-a.openriak' waiting to handoff 8 partitions 'openriak-kv@node-03.cluster-a.openriak' waiting to handoff 8 partitions 'openriak-kv@node-02.cluster-a.openriak' waiting to handoff 8 partitions Active Transfers: ok)
2026-09-11T19:07:04+09:00 [openriak-entrypoint] startup: waiting for transfers (attempt 2, transfers='openriak-kv@node-05.cluster-a.openriak' waiting to handoff 8 partitions 'openriak-kv@node-04.cluster-a.openriak' waiting to handoff 8 partitions 'openriak-kv@node-03.cluster-a.openriak' waiting to handoff 8 partitions 'openriak-kv@node-02.cluster-a.openriak' waiting to handoff 8 partitions Active Transfers: ok)
2026-09-11T19:07:08+09:00 [openriak-entrypoint] startup: waiting for transfers (attempt 3, transfers='openriak-kv@node-05.cluster-a.openriak' waiting to handoff 8 partitions 'openriak-kv@node-04.cluster-a.openriak' waiting to handoff 8 partitions 'openriak-kv@node-03.cluster-a.openriak' waiting to handoff 8 partitions 'openriak-kv@node-02.cluster-a.openriak' waiting to handoff 8 partitions Active Transfers: ok)
2026-09-11T19:07:10+09:00 [openriak-entrypoint] startup: waiting for transfers (attempt 4, transfers='openriak-kv@node-05.cluster-a.openriak' waiting to handoff 8 partitions 'openriak-kv@node-04.cluster-a.openriak' waiting to handoff 8 partitions 'openriak-kv@node-03.cluster-a.openriak' waiting to handoff 8 partitions 'openriak-kv@node-02.cluster-a.openriak' waiting to handoff 8 partitions Active Transfers: ok)
2026-09-11T19:07:13+09:00 [openriak-entrypoint] startup: waiting for transfers (attempt 5, transfers='openriak-kv@node-05.cluster-a.openriak' waiting to handoff 7 partitions 'openriak-kv@node-04.cluster-a.openriak' waiting to handoff 7 partitions 'openriak-kv@node-03.cluster-a.openriak' waiting to handoff 6 partitions 'openriak-kv@node-02.cluster-a.openriak' waiting to handoff 6 partitions Active Transfers: ok)
2026-09-11T19:07:15+09:00 [openriak-entrypoint] startup: waiting for transfers (attempt 6, transfers='openriak-kv@node-05.cluster-a.openriak' waiting to handoff 7 partitions 'openriak-kv@node-04.cluster-a.openriak' waiting to handoff 7 partitions 'openriak-kv@node-03.cluster-a.openriak' waiting to handoff 6 partitions 'openriak-kv@node-02.cluster-a.openriak' waiting to handoff 6 partitions Active Transfers: ok)
2026-09-11T19:07:17+09:00 [openriak-entrypoint] startup: waiting for transfers (attempt 7, transfers='openriak-kv@node-05.cluster-a.openriak' waiting to handoff 7 partitions 'openriak-kv@node-04.cluster-a.openriak' waiting to handoff 7 partitions 'openriak-kv@node-03.cluster-a.openriak' waiting to handoff 6 partitions 'openriak-kv@node-02.cluster-a.openriak' waiting to handoff 6 partitions Active Transfers: ok)
2026-09-11T19:07:19+09:00 [openriak-entrypoint] startup: waiting for transfers (attempt 8, transfers='openriak-kv@node-05.cluster-a.openriak' waiting to handoff 7 partitions 'openriak-kv@node-04.cluster-a.openriak' waiting to handoff 7 partitions 'openriak-kv@node-03.cluster-a.openriak' waiting to handoff 6 partitions 'openriak-kv@node-02.cluster-a.openriak' waiting to handoff 6 partitions Active Transfers: ok)
2026-09-11T19:07:21+09:00 [openriak-entrypoint] startup: waiting for transfers (attempt 9, transfers='openriak-kv@node-05.cluster-a.openriak' waiting to handoff 7 partitions 'openriak-kv@node-04.cluster-a.openriak' waiting to handoff 7 partitions 'openriak-kv@node-03.cluster-a.openriak' waiting to handoff 6 partitions 'openriak-kv@node-02.cluster-a.openriak' waiting to handoff 6 partitions Active Transfers: ok)
2026-09-11T19:07:23+09:00 [openriak-entrypoint] startup: waiting for transfers (attempt 10, transfers='openriak-kv@node-05.cluster-a.openriak' waiting to handoff 7 partitions 'openriak-kv@node-04.cluster-a.openriak' waiting to handoff 7 partitions 'openriak-kv@node-03.cluster-a.openriak' waiting to handoff 6 partitions 'openriak-kv@node-02.cluster-a.openriak' waiting to handoff 6 partitions Active Transfers: ok)
2026-09-11T19:07:25+09:00 [openriak-entrypoint] startup: waiting for transfers (attempt 11, transfers='openriak-kv@node-05.cluster-a.openriak' waiting to handoff 7 partitions 'openriak-kv@node-04.cluster-a.openriak' waiting to handoff 7 partitions 'openriak-kv@node-03.cluster-a.openriak' waiting to handoff 6 partitions 'openriak-kv@node-02.cluster-a.openriak' waiting to handoff 6 partitions Active Transfers: ok)
2026-09-11T19:07:27+09:00 [openriak-entrypoint] startup: waiting for transfers (attempt 12, transfers='openriak-kv@node-05.cluster-a.openriak' waiting to handoff 7 partitions 'openriak-kv@node-04.cluster-a.openriak' waiting to handoff 7 partitions 'openriak-kv@node-03.cluster-a.openriak' waiting to handoff 6 partitions 'openriak-kv@node-02.cluster-a.openriak' waiting to handoff 6 partitions Active Transfers: ok)
2026-09-11T19:07:29+09:00 [openriak-entrypoint] startup: waiting for transfers (attempt 13, transfers='openriak-kv@node-05.cluster-a.openriak' waiting to handoff 7 partitions 'openriak-kv@node-04.cluster-a.openriak' waiting to handoff 7 partitions 'openriak-kv@node-03.cluster-a.openriak' waiting to handoff 6 partitions 'openriak-kv@node-02.cluster-a.openriak' waiting to handoff 6 partitions Active Transfers: ok)
2026-09-11T19:07:31+09:00 [openriak-entrypoint] startup: waiting for transfers (attempt 14, transfers='openriak-kv@node-05.cluster-a.openriak' waiting to handoff 7 partitions 'openriak-kv@node-04.cluster-a.openriak' waiting to handoff 7 partitions 'openriak-kv@node-03.cluster-a.openriak' waiting to handoff 6 partitions 'openriak-kv@node-02.cluster-a.openriak' waiting to handoff 6 partitions Active Transfers: ok)
2026-09-11T19:07:33+09:00 [openriak-entrypoint] startup: waiting for transfers (attempt 15, transfers='openriak-kv@node-05.cluster-a.openriak' waiting to handoff 7 partitions 'openriak-kv@node-04.cluster-a.openriak' waiting to handoff 7 partitions 'openriak-kv@node-03.cluster-a.openriak' waiting to handoff 6 partitions 'openriak-kv@node-02.cluster-a.openriak' waiting to handoff 6 partitions Active Transfers: ok)
2026-09-11T19:07:35+09:00 [openriak-entrypoint] startup: waiting for transfers (attempt 16, transfers='openriak-kv@node-05.cluster-a.openriak' waiting to handoff 7 partitions 'openriak-kv@node-04.cluster-a.openriak' waiting to handoff 7 partitions 'openriak-kv@node-03.cluster-a.openriak' waiting to handoff 6 partitions 'openriak-kv@node-02.cluster-a.openriak' waiting to handoff 6 partitions Active Transfers: ok)
2026-09-11T19:07:39+09:00 [openriak-entrypoint] startup: waiting for transfers (attempt 17, transfers='openriak-kv@node-05.cluster-a.openriak' waiting to handoff 7 partitions 'openriak-kv@node-04.cluster-a.openriak' waiting to handoff 7 partitions 'openriak-kv@node-03.cluster-a.openriak' waiting to handoff 6 partitions 'openriak-kv@node-02.cluster-a.openriak' waiting to handoff 6 partitions Active Transfers: ok)
2026-09-11T19:07:41+09:00 [openriak-entrypoint] startup: waiting for transfers (attempt 18, transfers='openriak-kv@node-05.cluster-a.openriak' waiting to handoff 7 partitions 'openriak-kv@node-04.cluster-a.openriak' waiting to handoff 7 partitions 'openriak-kv@node-03.cluster-a.openriak' waiting to handoff 6 partitions 'openriak-kv@node-02.cluster-a.openriak' waiting to handoff 6 partitions Active Transfers: ok)
2026-09-11T19:07:43+09:00 [openriak-entrypoint] startup: waiting for transfers (attempt 19, transfers='openriak-kv@node-05.cluster-a.openriak' waiting to handoff 7 partitions 'openriak-kv@node-04.cluster-a.openriak' waiting to handoff 7 partitions 'openriak-kv@node-03.cluster-a.openriak' waiting to handoff 6 partitions 'openriak-kv@node-02.cluster-a.openriak' waiting to handoff 6 partitions Active Transfers: ok)
2026-09-11T19:07:46+09:00 [openriak-entrypoint] startup: waiting for transfers (attempt 20, transfers='openriak-kv@node-05.cluster-a.openriak' waiting to handoff 7 partitions 'openriak-kv@node-04.cluster-a.openriak' waiting to handoff 7 partitions 'openriak-kv@node-03.cluster-a.openriak' waiting to handoff 6 partitions 'openriak-kv@node-02.cluster-a.openriak' waiting to handoff 6 partitions Active Transfers: ok)
2026-09-11T19:07:48+09:00 [openriak-entrypoint] startup: waiting for transfers (attempt 21, transfers='openriak-kv@node-05.cluster-a.openriak' waiting to handoff 7 partitions 'openriak-kv@node-04.cluster-a.openriak' waiting to handoff 7 partitions 'openriak-kv@node-03.cluster-a.openriak' waiting to handoff 6 partitions 'openriak-kv@node-02.cluster-a.openriak' waiting to handoff 6 partitions Active Transfers: ok)
2026-09-11T19:07:50+09:00 [openriak-entrypoint] startup: waiting for transfers (attempt 22, transfers='openriak-kv@node-05.cluster-a.openriak' waiting to handoff 7 partitions 'openriak-kv@node-04.cluster-a.openriak' waiting to handoff 7 partitions 'openriak-kv@node-03.cluster-a.openriak' waiting to handoff 6 partitions 'openriak-kv@node-02.cluster-a.openriak' waiting to handoff 6 partitions Active Transfers: ok)
2026-09-11T19:07:52+09:00 [openriak-entrypoint] startup: waiting for transfers (attempt 23, transfers='openriak-kv@node-05.cluster-a.openriak' waiting to handoff 7 partitions 'openriak-kv@node-04.cluster-a.openriak' waiting to handoff 7 partitions 'openriak-kv@node-03.cluster-a.openriak' waiting to handoff 6 partitions 'openriak-kv@node-02.cluster-a.openriak' waiting to handoff 6 partitions Active Transfers: ok)
2026-09-11T19:07:54+09:00 [openriak-entrypoint] startup: waiting for transfers (attempt 24, transfers='openriak-kv@node-05.cluster-a.openriak' waiting to handoff 7 partitions 'openriak-kv@node-04.cluster-a.openriak' waiting to handoff 7 partitions 'openriak-kv@node-03.cluster-a.openriak' waiting to handoff 6 partitions 'openriak-kv@node-02.cluster-a.openriak' waiting to handoff 6 partitions Active Transfers: ok)
2026-09-11T19:07:56+09:00 [openriak-entrypoint] startup: waiting for transfers (attempt 25, transfers='openriak-kv@node-05.cluster-a.openriak' waiting to handoff 7 partitions 'openriak-kv@node-04.cluster-a.openriak' waiting to handoff 7 partitions 'openriak-kv@node-03.cluster-a.openriak' waiting to handoff 6 partitions 'openriak-kv@node-02.cluster-a.openriak' waiting to handoff 6 partitions Active Transfers: ok)
2026-09-11T19:07:58+09:00 [openriak-entrypoint] startup: waiting for transfers (attempt 26, transfers='openriak-kv@node-05.cluster-a.openriak' waiting to handoff 7 partitions 'openriak-kv@node-04.cluster-a.openriak' waiting to handoff 7 partitions 'openriak-kv@node-03.cluster-a.openriak' waiting to handoff 6 partitions 'openriak-kv@node-02.cluster-a.openriak' waiting to handoff 6 partitions Active Transfers: ok)
2026-09-11T19:08:01+09:00 [openriak-entrypoint] startup: waiting for transfers (attempt 27, transfers='openriak-kv@node-05.cluster-a.openriak' waiting to handoff 7 partitions 'openriak-kv@node-04.cluster-a.openriak' waiting to handoff 7 partitions 'openriak-kv@node-03.cluster-a.openriak' waiting to handoff 6 partitions 'openriak-kv@node-02.cluster-a.openriak' waiting to handoff 6 partitions Active Transfers: ok)
2026-09-11T19:08:03+09:00 [openriak-entrypoint] startup: waiting for transfers (attempt 28, transfers='openriak-kv@node-05.cluster-a.openriak' waiting to handoff 7 partitions 'openriak-kv@node-04.cluster-a.openriak' waiting to handoff 7 partitions 'openriak-kv@node-03.cluster-a.openriak' waiting to handoff 6 partitions 'openriak-kv@node-02.cluster-a.openriak' waiting to handoff 6 partitions Active Transfers: ok)
2026-09-11T19:08:05+09:00 [openriak-entrypoint] startup: waiting for transfers (attempt 29, transfers='openriak-kv@node-05.cluster-a.openriak' waiting to handoff 7 partitions 'openriak-kv@node-04.cluster-a.openriak' waiting to handoff 7 partitions 'openriak-kv@node-03.cluster-a.openriak' waiting to handoff 6 partitions 'openriak-kv@node-02.cluster-a.openriak' waiting to handoff 6 partitions Active Transfers: ok)
2026-09-11T19:08:07+09:00 [openriak-entrypoint] startup: waiting for transfers (attempt 30, transfers='openriak-kv@node-05.cluster-a.openriak' waiting to handoff 7 partitions 'openriak-kv@node-04.cluster-a.openriak' waiting to handoff 7 partitions 'openriak-kv@node-03.cluster-a.openriak' waiting to handoff 6 partitions 'openriak-kv@node-02.cluster-a.openriak' waiting to handoff 6 partitions Active Transfers: ok)
2026-09-11T19:08:11+09:00 [openriak-entrypoint] startup: waiting for transfers (attempt 31, transfers='openriak-kv@node-05.cluster-a.openriak' waiting to handoff 7 partitions 'openriak-kv@node-04.cluster-a.openriak' waiting to handoff 6 partitions 'openriak-kv@node-03.cluster-a.openriak' waiting to handoff 6 partitions 'openriak-kv@node-02.cluster-a.openriak' waiting to handoff 6 partitions Active Transfers: ok)
2026-09-11T19:08:14+09:00 [openriak-entrypoint] startup: waiting for transfers (attempt 32, transfers='openriak-kv@node-05.cluster-a.openriak' waiting to handoff 7 partitions 'openriak-kv@node-04.cluster-a.openriak' waiting to handoff 6 partitions 'openriak-kv@node-03.cluster-a.openriak' waiting to handoff 6 partitions 'openriak-kv@node-02.cluster-a.openriak' waiting to handoff 6 partitions Active Transfers: ok)
2026-09-11T19:08:16+09:00 [openriak-entrypoint] startup: waiting for transfers (attempt 33, transfers='openriak-kv@node-05.cluster-a.openriak' waiting to handoff 7 partitions 'openriak-kv@node-04.cluster-a.openriak' waiting to handoff 6 partitions 'openriak-kv@node-03.cluster-a.openriak' waiting to handoff 6 partitions 'openriak-kv@node-02.cluster-a.openriak' waiting to handoff 6 partitions Active Transfers: ok)
2026-09-11T19:08:18+09:00 [openriak-entrypoint] startup: waiting for transfers (attempt 34, transfers='openriak-kv@node-05.cluster-a.openriak' waiting to handoff 7 partitions 'openriak-kv@node-04.cluster-a.openriak' waiting to handoff 6 partitions 'openriak-kv@node-03.cluster-a.openriak' waiting to handoff 6 partitions 'openriak-kv@node-02.cluster-a.openriak' waiting to handoff 5 partitions Active Transfers: ok)
2026-09-11T19:08:20+09:00 [openriak-entrypoint] startup: waiting for transfers (attempt 35, transfers='openriak-kv@node-05.cluster-a.openriak' waiting to handoff 7 partitions 'openriak-kv@node-04.cluster-a.openriak' waiting to handoff 6 partitions 'openriak-kv@node-03.cluster-a.openriak' waiting to handoff 6 partitions 'openriak-kv@node-02.cluster-a.openriak' waiting to handoff 5 partitions Active Transfers: ok)
2026-09-11T19:08:22+09:00 [openriak-entrypoint] startup: waiting for transfers (attempt 36, transfers='openriak-kv@node-05.cluster-a.openriak' waiting to handoff 6 partitions 'openriak-kv@node-04.cluster-a.openriak' waiting to handoff 6 partitions 'openriak-kv@node-03.cluster-a.openriak' waiting to handoff 6 partitions 'openriak-kv@node-02.cluster-a.openriak' waiting to handoff 5 partitions Active Transfers: ok)
2026-09-11T19:08:24+09:00 [openriak-entrypoint] startup: waiting for transfers (attempt 37, transfers='openriak-kv@node-05.cluster-a.openriak' waiting to handoff 6 partitions 'openriak-kv@node-04.cluster-a.openriak' waiting to handoff 6 partitions 'openriak-kv@node-03.cluster-a.openriak' waiting to handoff 6 partitions 'openriak-kv@node-02.cluster-a.openriak' waiting to handoff 5 partitions Active Transfers: ok)
2026-09-11T19:08:26+09:00 [openriak-entrypoint] startup: waiting for transfers (attempt 38, transfers='openriak-kv@node-05.cluster-a.openriak' waiting to handoff 6 partitions 'openriak-kv@node-04.cluster-a.openriak' waiting to handoff 6 partitions 'openriak-kv@node-03.cluster-a.openriak' waiting to handoff 6 partitions 'openriak-kv@node-02.cluster-a.openriak' waiting to handoff 5 partitions Active Transfers: ok)
2026-09-11T19:08:28+09:00 [openriak-entrypoint] startup: waiting for transfers (attempt 39, transfers='openriak-kv@node-05.cluster-a.openriak' waiting to handoff 6 partitions 'openriak-kv@node-04.cluster-a.openriak' waiting to handoff 6 partitions 'openriak-kv@node-03.cluster-a.openriak' waiting to handoff 5 partitions 'openriak-kv@node-02.cluster-a.openriak' waiting to handoff 5 partitions Active Transfers: ok)
2026-09-11T19:08:30+09:00 [openriak-entrypoint] startup: waiting for transfers (attempt 40, transfers='openriak-kv@node-05.cluster-a.openriak' waiting to handoff 6 partitions 'openriak-kv@node-04.cluster-a.openriak' waiting to handoff 6 partitions 'openriak-kv@node-03.cluster-a.openriak' waiting to handoff 5 partitions 'openriak-kv@node-02.cluster-a.openriak' waiting to handoff 4 partitions Active Transfers: ok)
2026-09-11T19:08:32+09:00 [openriak-entrypoint] startup: waiting for transfers (attempt 41, transfers='openriak-kv@node-05.cluster-a.openriak' waiting to handoff 5 partitions 'openriak-kv@node-04.cluster-a.openriak' waiting to handoff 4 partitions 'openriak-kv@node-03.cluster-a.openriak' waiting to handoff 5 partitions 'openriak-kv@node-02.cluster-a.openriak' waiting to handoff 4 partitions Active Transfers: ok)
2026-09-11T19:08:34+09:00 [openriak-entrypoint] startup: waiting for transfers (attempt 42, transfers='openriak-kv@node-05.cluster-a.openriak' waiting to handoff 5 partitions 'openriak-kv@node-04.cluster-a.openriak' waiting to handoff 3 partitions 'openriak-kv@node-03.cluster-a.openriak' waiting to handoff 5 partitions 'openriak-kv@node-02.cluster-a.openriak' waiting to handoff 4 partitions Active Transfers: ok)
2026-09-11T19:08:36+09:00 [openriak-entrypoint] startup: waiting for transfers (attempt 43, transfers='openriak-kv@node-05.cluster-a.openriak' waiting to handoff 4 partitions 'openriak-kv@node-04.cluster-a.openriak' waiting to handoff 3 partitions 'openriak-kv@node-03.cluster-a.openriak' waiting to handoff 4 partitions 'openriak-kv@node-02.cluster-a.openriak' waiting to handoff 3 partitions Active Transfers: ok)
2026-09-11T19:08:38+09:00 [openriak-entrypoint] startup: waiting for transfers (attempt 44, transfers='openriak-kv@node-05.cluster-a.openriak' waiting to handoff 4 partitions 'openriak-kv@node-04.cluster-a.openriak' waiting to handoff 3 partitions 'openriak-kv@node-03.cluster-a.openriak' waiting to handoff 4 partitions 'openriak-kv@node-02.cluster-a.openriak' waiting to handoff 1 partitions Active Transfers: ok)
2026-09-11T19:08:40+09:00 [openriak-entrypoint] startup: waiting for transfers (attempt 45, transfers='openriak-kv@node-05.cluster-a.openriak' waiting to handoff 4 partitions 'openriak-kv@node-04.cluster-a.openriak' waiting to handoff 3 partitions 'openriak-kv@node-03.cluster-a.openriak' waiting to handoff 4 partitions 'openriak-kv@node-02.cluster-a.openriak' waiting to handoff 1 partitions Active Transfers: ok)
2026-09-11T19:08:44+09:00 [openriak-entrypoint] startup: waiting for transfers (attempt 46, transfers='openriak-kv@node-05.cluster-a.openriak' waiting to handoff 4 partitions 'openriak-kv@node-04.cluster-a.openriak' waiting to handoff 3 partitions 'openriak-kv@node-03.cluster-a.openriak' waiting to handoff 3 partitions 'openriak-kv@node-02.cluster-a.openriak' waiting to handoff 1 partitions Active Transfers: ok)
2026-09-11T19:08:46+09:00 [openriak-entrypoint] startup: waiting for transfers (attempt 47, transfers='openriak-kv@node-05.cluster-a.openriak' waiting to handoff 4 partitions 'openriak-kv@node-04.cluster-a.openriak' waiting to handoff 3 partitions 'openriak-kv@node-03.cluster-a.openriak' waiting to handoff 1 partitions 'openriak-kv@node-02.cluster-a.openriak' waiting to handoff 1 partitions Active Transfers: ok)
2026-09-11T19:08:48+09:00 [openriak-entrypoint] startup: waiting for transfers (attempt 48, transfers='openriak-kv@node-05.cluster-a.openriak' waiting to handoff 3 partitions 'openriak-kv@node-04.cluster-a.openriak' waiting to handoff 3 partitions 'openriak-kv@node-03.cluster-a.openriak' waiting to handoff 1 partitions 'openriak-kv@node-02.cluster-a.openriak' waiting to handoff 1 partitions Active Transfers: ok)
2026-09-11T19:08:50+09:00 [openriak-entrypoint] startup: waiting for transfers (attempt 49, transfers='openriak-kv@node-05.cluster-a.openriak' waiting to handoff 2 partitions 'openriak-kv@node-04.cluster-a.openriak' waiting to handoff 3 partitions 'openriak-kv@node-03.cluster-a.openriak' waiting to handoff 1 partitions 'openriak-kv@node-02.cluster-a.openriak' waiting to handoff 1 partitions Active Transfers: ok)
2026-09-11T19:08:52+09:00 [openriak-entrypoint] startup: waiting for transfers (attempt 50, transfers='openriak-kv@node-05.cluster-a.openriak' waiting to handoff 2 partitions 'openriak-kv@node-04.cluster-a.openriak' waiting to handoff 2 partitions 'openriak-kv@node-03.cluster-a.openriak' waiting to handoff 1 partitions 'openriak-kv@node-02.cluster-a.openriak' waiting to handoff 1 partitions Active Transfers: ok)
2026-09-11T19:08:53+09:00 [openriak-entrypoint] startup: waiting for transfers (attempt 51, transfers='openriak-kv@node-05.cluster-a.openriak' waiting to handoff 1 partitions 'openriak-kv@node-04.cluster-a.openriak' waiting to handoff 1 partitions 'openriak-kv@node-02.cluster-a.openriak' waiting to handoff 1 partitions Active Transfers: ok)
2026-09-11T19:08:55+09:00 [openriak-entrypoint] startup: transfers complete (No transfers active Active Transfers: ok)
2026-09-11T19:08:55+09:00 [openriak-entrypoint] cluster: waiting for coordinator completion confirmation
2026-09-11T19:08:57+09:00 [openriak-entrypoint] cluster: coordinator confirmed completion for openriak-kv@node-03.cluster-a.openriak
2026-09-11T19:08:57+09:00 [openriak-entrypoint] cluster: follower joined openriak-kv@node-01.cluster-a.openriak successfully
2026-09-11T19:08:57+09:00 [openriak-entrypoint] startup: OpenRiak is ready
2026-09-11T19:08:57+09:00 [openriak-entrypoint] monitor: sleeping for 1s
2026-09-11T19:08:59+09:00 [openriak-entrypoint] monitor: BEAM is running and riak ping returned pong
2026-09-11T19:08:59+09:00 [openriak-entrypoint] monitor: sleeping for 1s
2026-09-11T19:09:01+09:00 [openriak-entrypoint] monitor: BEAM is running and riak ping returned pong
2026-09-11T19:09:01+09:00 [openriak-entrypoint] monitor: sleeping for 1s
2026-09-11T19:09:02+09:00 [openriak-entrypoint] monitor: BEAM is running and riak ping returned pong
2026-09-11T19:09:02+09:00 [openriak-entrypoint] monitor: sleeping for 1s
2026-09-11T19:09:03+09:00 [openriak-entrypoint] monitor: BEAM is running and riak ping returned pong
2026-09-11T19:09:03+09:00 [openriak-entrypoint] monitor: sleeping for 1s
2026-09-11T19:09:05+09:00 [openriak-entrypoint] monitor: BEAM is running and riak ping returned pong
2026-09-11T19:09:05+09:00 [openriak-entrypoint] monitor: sleeping for 1s
2026-09-11T19:09:06+09:00 [openriak-entrypoint] monitor: BEAM is running and riak ping returned pong
2026-09-11T19:09:06+09:00 [openriak-entrypoint] monitor: sleeping for 1s
2026-09-11T19:09:08+09:00 [openriak-entrypoint] monitor: BEAM is running and riak ping returned pong
2026-09-11T19:09:08+09:00 [openriak-entrypoint] monitor: sleeping for 1s
2026-09-11T19:09:09+09:00 [openriak-entrypoint] monitor: BEAM is running and riak ping returned pong
2026-09-11T19:09:09+09:00 [openriak-entrypoint] monitor: sleeping for 1s
2026-09-11T19:09:11+09:00 [openriak-entrypoint] monitor: BEAM is running and riak ping returned pong
2026-09-11T19:09:11+09:00 [openriak-entrypoint] monitor: sleeping for 1s
2026-09-11T19:09:12+09:00 [openriak-entrypoint] monitor: BEAM is running and riak ping returned pong
2026-09-11T19:09:12+09:00 [openriak-entrypoint] monitor: sleeping for 1s
2026-09-11T19:09:15+09:00 [openriak-entrypoint] monitor: BEAM is running and riak ping returned pong
2026-09-11T19:09:15+09:00 [openriak-entrypoint] monitor: sleeping for 1s
2026-09-11T19:09:17+09:00 [openriak-entrypoint] monitor: BEAM is running and riak ping returned pong
2026-09-11T19:09:17+09:00 [openriak-entrypoint] monitor: sleeping for 1s
2026-09-11T19:09:18+09:00 [openriak-entrypoint] monitor: BEAM is running and riak ping returned pong
2026-09-11T19:09:18+09:00 [openriak-entrypoint] monitor: sleeping for 1s
2026-09-11T19:09:19+09:00 [openriak-entrypoint] monitor: BEAM is running and riak ping returned pong
2026-09-11T19:09:19+09:00 [openriak-entrypoint] monitor: sleeping for 1s
2026-09-11T19:09:21+09:00 [openriak-entrypoint] monitor: BEAM is running and riak ping returned pong
2026-09-11T19:09:21+09:00 [openriak-entrypoint] monitor: sleeping for 1s
2026-09-11T19:09:23+09:00 [openriak-entrypoint] monitor: BEAM is running and riak ping returned pong
2026-09-11T19:09:23+09:00 [openriak-entrypoint] monitor: sleeping for 1s
2026-09-11T19:09:24+09:00 [openriak-entrypoint] monitor: BEAM is running and riak ping returned pong
2026-09-11T19:09:24+09:00 [openriak-entrypoint] monitor: sleeping for 1s
2026-09-11T19:09:25+09:00 [openriak-entrypoint] monitor: BEAM is running and riak ping returned pong
2026-09-11T19:09:25+09:00 [openriak-entrypoint] monitor: sleeping for 1s
2026-09-11T19:09:27+09:00 [openriak-entrypoint] monitor: BEAM is running and riak ping returned pong
2026-09-11T19:09:27+09:00 [openriak-entrypoint] monitor: sleeping for 1s
2026-09-11T19:09:28+09:00 [openriak-entrypoint] monitor: BEAM is running and riak ping returned pong
2026-09-11T19:09:28+09:00 [openriak-entrypoint] monitor: sleeping for 1s
2026-09-11T19:09:30+09:00 [openriak-entrypoint] monitor: BEAM is running and riak ping returned pong
2026-09-11T19:09:30+09:00 [openriak-entrypoint] monitor: sleeping for 1s
2026-09-11T19:09:31+09:00 [openriak-entrypoint] monitor: BEAM is running and riak ping returned pong
2026-09-11T19:09:31+09:00 [openriak-entrypoint] monitor: sleeping for 1s
2026-09-11T19:09:33+09:00 [openriak-entrypoint] monitor: BEAM is running and riak ping returned pong
2026-09-11T19:09:33+09:00 [openriak-entrypoint] monitor: sleeping for 1s
2026-09-11T19:09:34+09:00 [openriak-entrypoint] monitor: BEAM is running and riak ping returned pong
2026-09-11T19:09:34+09:00 [openriak-entrypoint] monitor: sleeping for 1s
2026-09-11T19:09:35+09:00 [openriak-entrypoint] monitor: BEAM is running and riak ping returned pong
2026-09-11T19:09:35+09:00 [openriak-entrypoint] monitor: sleeping for 1s
2026-09-11T19:09:37+09:00 [openriak-entrypoint] monitor: BEAM is running and riak ping returned pong
2026-09-11T19:09:37+09:00 [openriak-entrypoint] monitor: sleeping for 1s

timeout_seconds: 3600
exit_code: 0
