$ /usr/bin/docker buildx build --builder openriak-kv-multiarch --platform linux/amd64,linux/arm64 --pull=false --tag tiotjp/openriak-kv:3.4.1-alpine-3.21-otp26 --tag tiotjp/openriak-kv:3.4.1-alpine-3.21 --tag tiotjp/openriak-kv:3.4.1-alpine --tag tiotjp/openriak-kv:3.4.1 --tag tiotjp/openriak-kv:latest --output type=oci,dest=/home/peter/openriak-builds/openriak-distributed/openriak-docker-2026-09-11-b/living-room-b/20260911T084617.243958Z/results/3.4.1/3.4.1-alpine-3.21-otp26/runs/20260911T134816.336631Z/image.oci.tar /home/peter/openriak-builds/openriak-distributed/openriak-docker-2026-09-11-b/living-room-b/20260911T084617.243958Z/results/3.4.1/3.4.1-alpine-3.21-otp26
started: 2026-09-11T14:57:43Z
#0 building with "openriak-kv-multiarch" instance using docker-container driver

#1 [internal] load build definition from Dockerfile
#1 transferring dockerfile: 42.91kB done
#1 DONE 0.0s

#2 resolve image config for docker-image://docker.io/docker/dockerfile:1.7
#2 DONE 1.0s

#3 docker-image://docker.io/docker/dockerfile:1.7@sha256:a57df69d0ea827fb7266491f2813635de6f17269be881f696fbfdf2d83dda33e
#3 resolve docker.io/docker/dockerfile:1.7@sha256:a57df69d0ea827fb7266491f2813635de6f17269be881f696fbfdf2d83dda33e 0.0s done
#3 CACHED

#4 [linux/amd64 internal] load metadata for docker.io/library/alpine:3.21@sha256:48b0309ca019d89d40f670aa1bc06e426dc0931948452e8491e3d65087abc07d
#4 ...

#5 [linux/arm64 internal] load metadata for docker.io/library/alpine:3.21@sha256:48b0309ca019d89d40f670aa1bc06e426dc0931948452e8491e3d65087abc07d
#5 DONE 0.6s

#4 [linux/amd64 internal] load metadata for docker.io/library/alpine:3.21@sha256:48b0309ca019d89d40f670aa1bc06e426dc0931948452e8491e3d65087abc07d
#4 DONE 0.6s

#6 [internal] load .dockerignore
#6 transferring context: 42B done
#6 DONE 0.0s

#7 [internal] preparing inline document
#7 DONE 0.0s

#8 [linux/arm64 download-arm64 1/1] ADD --checksum=sha256:71c7511a4c1528eccaa282dc7053775a4a4f20be1d62d33eb8d4e87efca5c32d https://files.tiot.jp/alpine/v3.21/main/aarch64/riak-3.4.1.26-r1.apk /riak-3.4.1.26-r1.apk
#8 DONE 0.0s

#9 [internal] preparing inline document
#9 DONE 0.0s

#10 [linux/amd64 download-amd64 1/1] ADD --checksum=sha256:2232138c28bdb4614480ff1ee1d45f423769042940e9ef2e05b10a2b6aa4dca0 https://files.tiot.jp/alpine/v3.21/main/x86_64/riak-3.4.1.26-r1.apk /riak-3.4.1.26-r1.apk
#10 DONE 0.0s

#11 [linux/arm64 package-arm64 1/2] FROM docker.io/library/alpine:3.21@sha256:48b0309ca019d89d40f670aa1bc06e426dc0931948452e8491e3d65087abc07d
#11 resolve docker.io/library/alpine:3.21@sha256:48b0309ca019d89d40f670aa1bc06e426dc0931948452e8491e3d65087abc07d done
#11 DONE 0.0s

#12 [linux/arm64 package-arm64 2/2] RUN --mount=type=bind,from=download-arm64,target=/opt/openriak-package,ro <<'OPENRIAK_PACKAGE_INSTALL' (set -eu...)
#12 CACHED

#13 [linux/arm64 final 2/4] COPY <<OPENRIAK_ENTRYPOINT /usr/local/bin/openriak-entrypoint
#13 CACHED

#14 [linux/arm64 final 1/4] RUN <<'OPENRIAK_IMAGE_SETUP' (set -eu...)
#14 CACHED

#15 [linux/arm64 final 3/4] COPY <<OPENRIAK_HEALTHCHECK /usr/local/bin/openriak-healthcheck
#15 CACHED

#16 [linux/arm64 download-arm64 1/1] ADD --checksum=sha256:71c7511a4c1528eccaa282dc7053775a4a4f20be1d62d33eb8d4e87efca5c32d https://files.tiot.jp/alpine/v3.21/main/aarch64/riak-3.4.1.26-r1.apk /riak-3.4.1.26-r1.apk
#16 CACHED

#17 [linux/arm64 final 4/4] RUN <<'OPENRIAK_SCRIPT_SETUP' (set -eu...)
#17 CACHED

#18 [linux/amd64 package-amd64 1/2] FROM docker.io/library/alpine:3.21@sha256:48b0309ca019d89d40f670aa1bc06e426dc0931948452e8491e3d65087abc07d
#18 resolve docker.io/library/alpine:3.21@sha256:48b0309ca019d89d40f670aa1bc06e426dc0931948452e8491e3d65087abc07d done
#18 DONE 0.0s

#19 [linux/amd64 package-amd64 2/2] RUN --mount=type=bind,from=download-amd64,target=/opt/openriak-package,ro <<'OPENRIAK_PACKAGE_INSTALL' (set -eu...)
#19 CACHED

#20 [linux/amd64 final 2/4] COPY <<OPENRIAK_ENTRYPOINT /usr/local/bin/openriak-entrypoint
#20 CACHED

#21 [linux/amd64 download-amd64 1/1] ADD --checksum=sha256:2232138c28bdb4614480ff1ee1d45f423769042940e9ef2e05b10a2b6aa4dca0 https://files.tiot.jp/alpine/v3.21/main/x86_64/riak-3.4.1.26-r1.apk /riak-3.4.1.26-r1.apk
#21 CACHED

#22 [linux/amd64 final 3/4] COPY <<OPENRIAK_HEALTHCHECK /usr/local/bin/openriak-healthcheck
#22 CACHED

#23 [linux/amd64 final 1/4] RUN <<'OPENRIAK_IMAGE_SETUP' (set -eu...)
#23 CACHED

#24 [linux/amd64 final 4/4] RUN <<'OPENRIAK_SCRIPT_SETUP' (set -eu...)
#24 CACHED

#25 exporting to oci image format
#25 exporting layers done
#25 exporting manifest sha256:7dd4edbba56b388b8a3c8f9220137baaa9d55877d7b9fe1aeceed7b19781f77a done
#25 exporting config sha256:e04dbe3b92121711da5a8f2ee5a3c5630a1dc94b58f7972aff96fc0931331298 done
#25 exporting attestation manifest sha256:a5890ae4e145b7168305a5d79b6ea3ffda1b973df17c670de18072abe1599d1d done
#25 exporting manifest sha256:ad1be497b4773830b9c1c6ca9dcf7c59bc236a3a3e238eb32ec9cfab04976f69 done
#25 exporting config sha256:a702ef51e0206b425e934db79595e83b763561b736ca2eaff39c96d4d5693ba2 done
#25 exporting attestation manifest sha256:7aba377ce21c4b5b3363d39817f0229c0dd02df299bd509bcbedd93d5a0902ab done
#25 exporting manifest list sha256:3eab743083f798097d8f42d34c4e0d3e006b5be85ceee07c046e4123041ca465 done
#25 sending tarball
#25 sending tarball 0.7s done
#25 DONE 0.7s

timeout_seconds: 3600
exit_code: 0
