$ /usr/bin/docker buildx build --builder openriak-kv-multiarch --load --platform linux/amd64 --pull=false --no-cache --tag tiotjp/openriak-kv:test-3.4.0-suse-16.0-otp26-linux-amd64-20260911t090056.552776z --file /home/peter/openriak-builds/openriak-distributed/openriak-docker-2026-09-11-b/living-room-b/20260911T084617.243958Z/results/3.4.0/3.4.0-suse-16.0-otp26/platforms/linux-amd64/runs/20260911T090056.552776Z/Dockerfile /home/peter/openriak-builds/openriak-distributed/openriak-docker-2026-09-11-b/living-room-b/20260911T084617.243958Z/results/3.4.0/3.4.0-suse-16.0-otp26/platforms/linux-amd64/runs/20260911T090056.552776Z
started: 2026-09-11T09:00:56Z
#0 building with "openriak-kv-multiarch" instance using docker-container driver

#1 [internal] load build definition from Dockerfile
#1 transferring dockerfile: 44.53kB done
#1 DONE 0.0s

#2 resolve image config for docker-image://docker.io/docker/dockerfile:1.7
#2 DONE 0.2s

#3 docker-image://docker.io/docker/dockerfile:1.7@sha256:a57df69d0ea827fb7266491f2813635de6f17269be881f696fbfdf2d83dda33e
#3 resolve docker.io/docker/dockerfile:1.7@sha256:a57df69d0ea827fb7266491f2813635de6f17269be881f696fbfdf2d83dda33e 0.0s done
#3 CACHED

#4 [internal] load metadata for registry.suse.com/bci/bci-base:16.0@sha256:6406613b1003eb42d1f718d8873e3b4d203aee6d81ef7bf786a7274693476500
#4 DONE 2.8s

#5 [internal] load .dockerignore
#5 transferring context: 2B done
#5 DONE 0.0s

#6 [download-amd64 1/1] ADD --checksum=sha256:72c02db420dc5a0cde5c27a2bd1813fc74e56b663f1167b9b7a0795fae5bfc77 https://files.tiot.jp/riak/kv/3.4/3.4.0/rhel/9/riak-3.4.0.OTP26-1.el9.x86_64.rpm /riak-3.4.0.OTP26-1.el9.x86_64.rpm
#6 CACHED

#7 [internal] preparing inline document
#7 CACHED

#8 [internal] preparing inline document
#8 CACHED

#9 [install-amd64 1/2] FROM registry.suse.com/bci/bci-base:16.0@sha256:6406613b1003eb42d1f718d8873e3b4d203aee6d81ef7bf786a7274693476500
#9 resolve registry.suse.com/bci/bci-base:16.0@sha256:6406613b1003eb42d1f718d8873e3b4d203aee6d81ef7bf786a7274693476500 done
#9 ...

#10 [download-amd64 1/1] ADD --checksum=sha256:72c02db420dc5a0cde5c27a2bd1813fc74e56b663f1167b9b7a0795fae5bfc77 https://files.tiot.jp/riak/kv/3.4/3.4.0/rhel/9/riak-3.4.0.OTP26-1.el9.x86_64.rpm /riak-3.4.0.OTP26-1.el9.x86_64.rpm
#10 DONE 0.0s

#9 [install-amd64 1/2] FROM registry.suse.com/bci/bci-base:16.0@sha256:6406613b1003eb42d1f718d8873e3b4d203aee6d81ef7bf786a7274693476500
#9 sha256:2699236fb261c7815a91b96d9d411021c53cf371f861baeccaebe5cf0d3aad42 0B / 38.13MB 0.2s
#9 sha256:2699236fb261c7815a91b96d9d411021c53cf371f861baeccaebe5cf0d3aad42 2.10MB / 38.13MB 1.2s
#9 sha256:2699236fb261c7815a91b96d9d411021c53cf371f861baeccaebe5cf0d3aad42 6.29MB / 38.13MB 1.5s
#9 sha256:2699236fb261c7815a91b96d9d411021c53cf371f861baeccaebe5cf0d3aad42 12.58MB / 38.13MB 1.8s
#9 sha256:2699236fb261c7815a91b96d9d411021c53cf371f861baeccaebe5cf0d3aad42 15.73MB / 38.13MB 2.1s
#9 sha256:2699236fb261c7815a91b96d9d411021c53cf371f861baeccaebe5cf0d3aad42 22.02MB / 38.13MB 2.3s
#9 sha256:2699236fb261c7815a91b96d9d411021c53cf371f861baeccaebe5cf0d3aad42 24.12MB / 38.13MB 2.6s
#9 sha256:2699236fb261c7815a91b96d9d411021c53cf371f861baeccaebe5cf0d3aad42 27.26MB / 38.13MB 2.7s
#9 sha256:2699236fb261c7815a91b96d9d411021c53cf371f861baeccaebe5cf0d3aad42 30.41MB / 38.13MB 3.2s
#9 sha256:2699236fb261c7815a91b96d9d411021c53cf371f861baeccaebe5cf0d3aad42 33.55MB / 38.13MB 3.3s
#9 sha256:2699236fb261c7815a91b96d9d411021c53cf371f861baeccaebe5cf0d3aad42 38.13MB / 38.13MB 3.5s
#9 sha256:2699236fb261c7815a91b96d9d411021c53cf371f861baeccaebe5cf0d3aad42 38.13MB / 38.13MB 3.5s done
#9 extracting sha256:2699236fb261c7815a91b96d9d411021c53cf371f861baeccaebe5cf0d3aad42
#9 extracting sha256:2699236fb261c7815a91b96d9d411021c53cf371f861baeccaebe5cf0d3aad42 1.0s done
#9 DONE 4.5s

#11 [install-amd64 2/2] RUN --mount=type=bind,from=download-amd64,target=/opt/openriak-package,ro <<'OPENRIAK_PACKAGE_INSTALL' (set -eu...)
#11 0.180 Refreshing service 'container-suseconnect-zypp'.
#11 0.191 Retrieving repository 'SLE_BCI' metadata [...
#11 2.355 Looking for gpg keys in repository SLE_BCI.
#11 2.355   gpgkey=file:/usr/lib/rpm/gnupg/keys/gpg-pubkey-3fa1d6ce-67c856ee.asc
#11 3.585 ..........................done]
#11 10.28 Building repository 'SLE_BCI' cache [....done]
#11 10.72 All repositories have been refreshed.
#11 10.80 Refreshing service 'container-suseconnect-zypp'.
#11 10.81 Loading repository data...
#11 10.83 Reading installed packages...
#11 10.91 
#11 10.91 The following 12 NEW packages are going to be installed:
#11 10.91   krb5 libbrotlicommon1 libbrotlidec1 libcom_err2 libcurl4 libkeyutils1 libldap-2 libldap-data libsasl2-3 libssh-config libssh4 libverto1
#11 10.91 
#11 10.91 The following package is going to be REMOVED:
#11 10.91   libcurl-mini4
#11 10.91 
#11 10.91 The following 12 packages are not supported by their vendor:
#11 10.91   krb5 libbrotlicommon1 libbrotlidec1 libcom_err2 libcurl4 libkeyutils1 libldap-2 libldap-data libsasl2-3 libssh-config libssh4 libverto1
#11 10.91 
#11 10.91 12 new packages to install, 1 to remove.
#11 10.91 
#11 10.91 Package download size:     2.1 MiB
#11 10.91 
#11 10.91 Package install size change:
#11 10.91               |       4.5 MiB  required by packages that will be installed
#11 10.91      3.9 MiB  |  -  621.4 KiB  released by packages that will be removed
#11 10.91 
#11 10.91 Backend:  classic_rpmtrans
#11 10.91 Continue? [y/n/v/...? shows all options] (y): y
#11 10.92 Preloading Packages [..
#11 11.09 Preloading: libldap-data-2.6.10+10-160000.3.1.noarch.rpm [done]
#11 11.09 .
#11 11.12 Preloading: libssh-config-0.11.5-160000.1.1.noarch.rpm [done]
#11 11.12 .
#11 11.17 Preloading: libverto1-0.3.2-160000.2.2.x86_64.rpm [done]
#11 11.17 .
#11 11.20 Preloading: libbrotlidec1-1.1.0-160000.2.2.x86_64.rpm [done]
#11 11.20 ..
#11 13.82 Preloading: libkeyutils1-1.6.3-160000.3.2.x86_64.rpm [done]
#11 13.82 .
#11 13.89 Preloading: krb5-1.21.3-160000.4.1.x86_64.rpm [done]
#11 13.89 .
#11 13.95 Preloading: libssh4-0.11.5-160000.1.1.x86_64.rpm [done]
#11 13.95 .
#11 13.96 Preloading: libbrotlicommon1-1.1.0-160000.2.2.x86_64.rpm [done]
#11 13.96 ..
#11 14.29 Preloading: libsasl2-3-2.1.28-160000.3.1.x86_64.rpm [done]
#11 14.29 .
#11 14.35 Preloading: libcom_err2-1.47.0-160000.3.2.x86_64.rpm [done]
#11 14.35 .
#11 14.44 Preloading: libcurl4-8.14.1-160000.8.1.x86_64.rpm [done]
#11 14.44 ..
#11 14.74 Preloading: libldap-2-2.6.10+10-160000.3.1.x86_64.rpm [done]
#11 14.74 .done]
#11 14.75 Retrieving: libbrotlicommon1-1.1.0-160000.2.2.x86_64 (SLE_BCI) (1/12),  69.6 KiB    
#11 14.76 Retrieving: libcom_err2-1.47.0-160000.3.2.x86_64 (SLE_BCI) (2/12),  87.1 KiB    
#11 14.77 Retrieving: libkeyutils1-1.6.3-160000.3.2.x86_64 (SLE_BCI) (3/12),  29.8 KiB    
#11 14.77 Retrieving: libldap-data-2.6.10+10-160000.3.1.noarch (SLE_BCI) (4/12),  14.0 KiB    
#11 14.77 Retrieving: libsasl2-3-2.1.28-160000.3.1.x86_64 (SLE_BCI) (5/12),  76.3 KiB    
#11 14.78 Retrieving: libssh-config-0.11.5-160000.1.1.noarch (SLE_BCI) (6/12),  42.3 KiB    
#11 14.78 Retrieving: libverto1-0.3.2-160000.2.2.x86_64 (SLE_BCI) (7/12),  19.3 KiB    
#11 14.78 Retrieving: libbrotlidec1-1.1.0-160000.2.2.x86_64 (SLE_BCI) (8/12),  32.9 KiB    
#11 14.78 Retrieving: libldap-2-2.6.10+10-160000.3.1.x86_64 (SLE_BCI) (9/12), 179.0 KiB    
#11 14.79 Retrieving: krb5-1.21.3-160000.4.1.x86_64 (SLE_BCI) (10/12), 749.8 KiB    
#11 14.79 Retrieving: libssh4-0.11.5-160000.1.1.x86_64 (SLE_BCI) (11/12), 249.8 KiB    
#11 14.80 Retrieving: libcurl4-8.14.1-160000.8.1.x86_64 (SLE_BCI) (12/12), 651.3 KiB    
#11 14.80 
#11 14.80 Checking for file conflicts: [..done]
#11 14.81 ( 1/12) Installing: libbrotlicommon1-1.1.0-160000.2.2.x86_64 [..done]
#11 14.94 ( 2/12) Installing: libcom_err2-1.47.0-160000.3.2.x86_64 [..done]
#11 14.96 ( 3/12) Installing: libkeyutils1-1.6.3-160000.3.2.x86_64 [..done]
#11 14.98 ( 4/12) Installing: libldap-data-2.6.10+10-160000.3.1.noarch [..done]
#11 15.00 ( 5/12) Installing: libsasl2-3-2.1.28-160000.3.1.x86_64 [..done]
#11 15.02 ( 6/12) Installing: libssh-config-0.11.5-160000.1.1.noarch [..done]
#11 15.03 ( 7/12) Installing: libverto1-0.3.2-160000.2.2.x86_64 [..done]
#11 15.06 ( 8/12) Installing: libbrotlidec1-1.1.0-160000.2.2.x86_64 [..done]
#11 15.08 ( 9/12) Installing: libldap-2-2.6.10+10-160000.3.1.x86_64 [..done]
#11 15.10 (10/12) Installing: krb5-1.21.3-160000.4.1.x86_64 [..done]
#11 15.15 (11/12) Installing: libssh4-0.11.5-160000.1.1.x86_64 [..done]
#11 15.18 (12/12) Installing: libcurl4-8.14.1-160000.8.1.x86_64 [..done]
#11 15.23 Running post-transaction scripts [...done]
#11 15.26  
#11 15.34 Refreshing service 'container-suseconnect-zypp'.
#11 15.35 Loading repository data...
#11 15.37 Reading installed packages...
#11 15.41 'glibc' is already installed.
#11 15.41 No update candidate for 'glibc-2.40-160000.6.1.x86_64'. The highest available version is already installed.
#11 15.41 'bash' is already installed.
#11 15.41 No update candidate for 'bash-5.2.37-160000.2.2.x86_64'. The highest available version is already installed.
#11 15.41 'shadow' is already installed.
#11 15.41 No update candidate for 'shadow-4.17.2-160000.2.2.x86_64'. The highest available version is already installed.
#11 15.41 'timezone' is already installed.
#11 15.41 No update candidate for 'timezone-2026b-160000.1.1.x86_64'. The highest available version is already installed.
#11 15.41 'ca-certificates' is already installed.
#11 15.41 No update candidate for 'ca-certificates-2+git20240805.fd24d50-160000.2.2.noarch'. The highest available version is already installed.
#11 15.41 'pam' is already installed.
#11 15.41 No update candidate for 'pam-1.7.1-160000.5.1.x86_64'. The highest available version is already installed.
#11 15.41 'libopenssl3' is already installed.
#11 15.41 No update candidate for 'libopenssl3-3.5.0-160000.9.1.x86_64'. The highest available version is already installed.
#11 15.41 'libstdc++6' is already installed.
#11 15.41 No update candidate for 'libstdc++6-15.3.0+git11272-160000.1.1.x86_64'. The highest available version is already installed.
#11 15.41 'libgcc_s1' is already installed.
#11 15.41 No update candidate for 'libgcc_s1-15.3.0+git11272-160000.1.1.x86_64'. The highest available version is already installed.
#11 15.41 'libz1' is already installed.
#11 15.41 No update candidate for 'libz1-1.2.13-160000.3.1.x86_64'. The highest available version is already installed.
#11 15.41 'libncurses6' is already installed.
#11 15.41 No update candidate for 'libncurses6-6.5.20250531-160000.3.1.x86_64'. The highest available version is already installed.
#11 15.41 Resolving package dependencies...
#11 15.46 
#11 15.46 The following 16 NEW packages are going to be installed:
#11 15.46   gawk hostname libblkid1 libcap-ng0 libfdisk1 libmount1 libmpfr6 libproc2-1 libsmartcols1 libsystemd0 libuuid1 permissions permissions-config procps sudo util-linux
#11 15.46 
#11 15.46 The following 16 packages are not supported by their vendor:
#11 15.46   gawk hostname libblkid1 libcap-ng0 libfdisk1 libmount1 libmpfr6 libproc2-1 libsmartcols1 libsystemd0 libuuid1 permissions permissions-config procps sudo util-linux
#11 15.46 
#11 15.46 16 new packages to install.
#11 15.46 
#11 15.46 Package download size:     8.4 MiB
#11 15.46 
#11 15.46 Package install size change:
#11 15.46               |      21.2 MiB  required by packages that will be installed
#11 15.46     21.2 MiB  |  -      0 B    released by packages that will be removed
#11 15.46 
#11 15.46 Backend:  classic_rpmtrans
#11 15.46 Continue? [y/n/v/...? shows all options] (y): y
#11 15.46 Preloading Packages [..
#11 15.56 Preloading: libcap-ng0-0.8.5-160000.3.2.x86_64.rpm [done]
#11 15.56 .
#11 15.57 Preloading: libblkid1-2.41.1-160000.4.1.x86_64.rpm [done]
#11 15.57 .
#11 15.60 Preloading: libsmartcols1-2.41.1-160000.4.1.x86_64.rpm [done]
#11 15.60 .
#11 15.63 Preloading: libuuid1-2.41.1-160000.4.1.x86_64.rpm [done]
#11 15.63 .
#11 15.64 Preloading: libsystemd0-257.13-160000.3.1.x86_64.rpm [done]
#11 15.64 .
#11 15.65 Preloading: permissions-config-1699_20250120-160000.2.2.noarch.rpm [done]
#11 15.65 .
#11 15.67 Preloading: libmount1-2.41.1-160000.4.1.x86_64.rpm [done]
#11 15.67 .
#11 15.74 Preloading: libproc2-1-4.0.5-160000.2.2.x86_64.rpm [done]
#11 15.74 .
#11 15.81 Preloading: libfdisk1-2.41.1-160000.4.1.x86_64.rpm [done]
#11 15.81 .
#11 15.82 Preloading: gawk-5.3.2-160000.3.1.x86_64.rpm [done]
#11 15.82 .
#11 15.82 Preloading: permissions-1699_20250120-160000.2.2.x86_64.rpm [done]
#11 15.82 .
#11 15.86 Preloading: procps-4.0.5-160000.2.2.x86_64.rpm [done]
#11 15.86 .
#11 15.93 Preloading: sudo-1.9.17p1-160000.3.1.x86_64.rpm [done]
#11 15.93 ..
#11 18.35 Preloading: hostname-3.23-160000.2.2.x86_64.rpm [done]
#11 18.35 ..
#11 19.01 Preloading: libmpfr6-4.2.1-160000.2.2.x86_64.rpm [done]
#11 19.01 ...
#11 19.93 Preloading: util-linux-2.41.1-160000.4.1.x86_64.rpm [done]
#11 19.93 .done]
#11 19.94 Retrieving: hostname-3.23-160000.2.2.x86_64 (SLE_BCI) (1/16),  25.6 KiB    
#11 19.95 Retrieving: libblkid1-2.41.1-160000.4.1.x86_64 (SLE_BCI) (2/16), 270.0 KiB    
#11 19.96 Retrieving: libcap-ng0-0.8.5-160000.3.2.x86_64 (SLE_BCI) (3/16),  32.5 KiB    
#11 19.97 Retrieving: libmpfr6-4.2.1-160000.2.2.x86_64 (SLE_BCI) (4/16), 346.3 KiB    
#11 19.97 Retrieving: libsmartcols1-2.41.1-160000.4.1.x86_64 (SLE_BCI) (5/16), 229.8 KiB    
#11 19.98 Retrieving: libsystemd0-257.13-160000.3.1.x86_64 (SLE_BCI) (6/16), 899.6 KiB    
#11 19.98 Retrieving: libuuid1-2.41.1-160000.4.1.x86_64 (SLE_BCI) (7/16), 183.3 KiB    
#11 19.99 Retrieving: permissions-config-1699_20250120-160000.2.2.noarch (SLE_BCI) (8/16),  67.7 KiB    
#11 19.99 Retrieving: libmount1-2.41.1-160000.4.1.x86_64 (SLE_BCI) (9/16), 304.8 KiB    
#11 19.99 Retrieving: gawk-5.3.2-160000.3.1.x86_64 (SLE_BCI) (10/16),   1.7 MiB    
#11 20.00 Retrieving: libproc2-1-4.0.5-160000.2.2.x86_64 (SLE_BCI) (11/16), 125.6 KiB    
#11 20.00 Retrieving: libfdisk1-2.41.1-160000.4.1.x86_64 (SLE_BCI) (12/16), 306.5 KiB    
#11 20.00 Retrieving: permissions-1699_20250120-160000.2.2.x86_64 (SLE_BCI) (13/16),  54.9 KiB    
#11 20.01 Retrieving: procps-4.0.5-160000.2.2.x86_64 (SLE_BCI) (14/16), 363.2 KiB    
#11 20.01 Retrieving: util-linux-2.41.1-160000.4.1.x86_64 (SLE_BCI) (15/16),   1.5 MiB    
#11 20.02 Retrieving: sudo-1.9.17p1-160000.3.1.x86_64 (SLE_BCI) (16/16),   2.1 MiB    
#11 20.02 
#11 20.02 Checking for file conflicts: [..done]
#11 20.06 ( 1/16) Installing: hostname-3.23-160000.2.2.x86_64 [..done]
#11 20.08 ( 2/16) Installing: libblkid1-2.41.1-160000.4.1.x86_64 [..done]
#11 20.11 ( 3/16) Installing: libcap-ng0-0.8.5-160000.3.2.x86_64 [..done]
#11 20.13 ( 4/16) Installing: libmpfr6-4.2.1-160000.2.2.x86_64 [..done]
#11 20.16 ( 5/16) Installing: libsmartcols1-2.41.1-160000.4.1.x86_64 [..done]
#11 20.19 ( 6/16) Installing: libsystemd0-257.13-160000.3.1.x86_64 [..done]
#11 20.23 ( 7/16) Installing: libuuid1-2.41.1-160000.4.1.x86_64 [..done]
#11 20.25 ( 8/16) Installing: permissions-config-1699_20250120-160000.2.2.noarch [..
#11 20.27 Updating /etc/sysconfig/security ...
#11 20.28 Checking permissions and ownerships - using the permissions files
#11 20.28 	/usr/share/permissions/permissions
#11 20.29 	/usr/share/permissions/permissions.easy
#11 20.29 	/etc/permissions.local
#11 20.29 done]
#11 20.29 ( 9/16) Installing: libmount1-2.41.1-160000.4.1.x86_64 [..done]
#11 20.32 (10/16) Installing: gawk-5.3.2-160000.3.1.x86_64 [..done]
#11 20.40 (11/16) Installing: libproc2-1-4.0.5-160000.2.2.x86_64 [..done]
#11 20.43 (12/16) Installing: libfdisk1-2.41.1-160000.4.1.x86_64 [..done]
#11 20.45 (13/16) Installing: permissions-1699_20250120-160000.2.2.x86_64 [..done]
#11 20.47 (14/16) Installing: procps-4.0.5-160000.2.2.x86_64 [..done]
#11 20.50 (15/16) Installing: util-linux-2.41.1-160000.4.1.x86_64 [..done]
#11 20.61 (16/16) Installing: sudo-1.9.17p1-160000.3.1.x86_64 [..done]
#11 20.85 Running post-transaction scripts [...done]
#11 21.00 All repositories have been cleaned up.
#11 21.01 Verifying...                          ########################################
#11 21.21 Preparing...                          ########################################
#11 21.24 Updating / installing...
#11 21.24 riak-3.4.0.OTP26-1.el9                ########################################
#11 DONE 21.9s

#12 [package-amd64 1/1] COPY --from=install-amd64 / /
#12 DONE 0.7s

#13 [final 1/4] RUN <<'OPENRIAK_IMAGE_SETUP' (set -eu...)
#13 0.120 uid=499(riak) gid=499(riak) groups=499(riak)
#13 DONE 0.3s

#14 [final 2/4] COPY <<OPENRIAK_ENTRYPOINT /usr/local/bin/openriak-entrypoint
#14 DONE 0.0s

#15 [final 3/4] COPY <<OPENRIAK_HEALTHCHECK /usr/local/bin/openriak-healthcheck
#15 DONE 0.0s

#16 [final 4/4] RUN <<'OPENRIAK_SCRIPT_SETUP' (set -eu...)
#16 DONE 0.1s

#17 exporting to docker image format
#17 exporting layers
#17 exporting layers 8.1s done
#17 exporting manifest sha256:36bf6ae088d470cb95a52230b8cda303ebfe24b35e8a73537a00657b38b5e702 0.1s done
#17 exporting config sha256:a471437a7d6df9449f08d667340664c69887757bce187c538ceeaad7c1acf695 0.1s done
#17 sending tarball
#17 ...

#18 importing to docker
#18 loading layer 9ec5258dfc39 557.06kB / 79.11MB
#18 loading layer c1c792e32292 23.58kB / 23.58kB
#18 loading layer 4c6277ea8213 7.70kB / 7.70kB
#18 loading layer a7a4d42342a6 390B / 390B
#18 loading layer 81432a93731e 7.88kB / 7.88kB
#18 loading layer c1c792e32292 23.58kB / 23.58kB 0.5s done
#18 loading layer 9ec5258dfc39 79.11MB / 79.11MB 2.7s done
#18 loading layer 4c6277ea8213 7.70kB / 7.70kB 0.4s done
#18 loading layer a7a4d42342a6 390B / 390B 0.3s done
#18 loading layer 81432a93731e 7.88kB / 7.88kB 0.2s done
#18 DONE 2.7s

#17 exporting to docker image format
#17 sending tarball 3.4s done
#17 DONE 11.6s

timeout_seconds: 3600
exit_code: 0
