$ /usr/bin/docker container inspect openriak-kv-3.4.1-debian-11-otp26-node-1-t-212751z
started: 2026-09-11T15:27:36Z
[]
Error response from daemon: No such container: openriak-kv-3.4.1-debian-11-otp26-node-1-t-212751z

timeout_seconds: 3600
exit_code: 1
$ /usr/bin/docker container inspect openriak-kv-3.4.1-debian-11-otp26-node-2-t-212751z
started: 2026-09-11T15:27:36Z
[]
Error response from daemon: No such container: openriak-kv-3.4.1-debian-11-otp26-node-2-t-212751z

timeout_seconds: 3600
exit_code: 1
$ /usr/bin/docker container inspect openriak-kv-3.4.1-debian-11-otp26-node-3-t-212751z
started: 2026-09-11T15:27:36Z
[]
Error response from daemon: No such container: openriak-kv-3.4.1-debian-11-otp26-node-3-t-212751z

timeout_seconds: 3600
exit_code: 1
$ /usr/bin/docker container inspect openriak-kv-3.4.1-debian-11-otp26-node-4-t-212751z
started: 2026-09-11T15:27:36Z
[]
Error response from daemon: No such container: openriak-kv-3.4.1-debian-11-otp26-node-4-t-212751z

timeout_seconds: 3600
exit_code: 1
$ /usr/bin/docker container inspect openriak-kv-3.4.1-debian-11-otp26-node-5-t-212751z
started: 2026-09-11T15:27:36Z
[]
Error response from daemon: No such container: openriak-kv-3.4.1-debian-11-otp26-node-5-t-212751z

timeout_seconds: 3600
exit_code: 1
