$ /usr/bin/docker compose --env-file /home/peter/openriak-builds/tmp/openriak-docker-3.4.1-debian-11-otp26-xaahywz7/.env.cluster --project-directory /home/peter/openriak-builds/tmp/openriak-docker-3.4.1-debian-11-otp26-xaahywz7 --file /home/peter/openriak-builds/tmp/openriak-docker-3.4.1-debian-11-otp26-xaahywz7/compose.cluster.test.yaml up --detach --no-build
started: 2026-09-11T15:27:36Z
 Network openriak-kv-341-debian-11-otp26-node-cluster_openriak  Creating
 Network openriak-kv-341-debian-11-otp26-node-cluster_openriak  Created
 Container openriak-kv-3.4.1-debian-11-otp26-node-2-t-212751z  Creating
 Container openriak-kv-3.4.1-debian-11-otp26-node-3-t-212751z  Creating
 Container openriak-kv-3.4.1-debian-11-otp26-node-1-t-212751z  Creating
 Container openriak-kv-3.4.1-debian-11-otp26-node-5-t-212751z  Creating
 Container openriak-kv-3.4.1-debian-11-otp26-node-4-t-212751z  Creating
 Container openriak-kv-3.4.1-debian-11-otp26-node-5-t-212751z  Created
 Container openriak-kv-3.4.1-debian-11-otp26-node-4-t-212751z  Created
 Container openriak-kv-3.4.1-debian-11-otp26-node-3-t-212751z  Created
 Container openriak-kv-3.4.1-debian-11-otp26-node-1-t-212751z  Created
 Container openriak-kv-3.4.1-debian-11-otp26-node-2-t-212751z  Created
 Container openriak-kv-3.4.1-debian-11-otp26-node-5-t-212751z  Starting
 Container openriak-kv-3.4.1-debian-11-otp26-node-4-t-212751z  Starting
 Container openriak-kv-3.4.1-debian-11-otp26-node-2-t-212751z  Starting
 Container openriak-kv-3.4.1-debian-11-otp26-node-1-t-212751z  Starting
 Container openriak-kv-3.4.1-debian-11-otp26-node-3-t-212751z  Starting
 Container openriak-kv-3.4.1-debian-11-otp26-node-2-t-212751z  Started
 Container openriak-kv-3.4.1-debian-11-otp26-node-3-t-212751z  Started
 Container openriak-kv-3.4.1-debian-11-otp26-node-1-t-212751z  Started
 Container openriak-kv-3.4.1-debian-11-otp26-node-5-t-212751z  Started
 Container openriak-kv-3.4.1-debian-11-otp26-node-4-t-212751z  Started

timeout_seconds: 3600
exit_code: 0
