$ /usr/bin/docker exec openriak-kv-3.4.1-debian-11-otp26-node-t-212751z sh -c 'date +%z
id -u riak
id -g riak
stat -c '"'"'%u:%g'"'"' /etc/riak /var/lib/riak /var/log/riak'
started: 2026-09-11T15:27:29Z
+0900
19001
19002
19001:19002
19001:19002
19001:19002

timeout_seconds: 3600
exit_code: 0
$ /usr/bin/docker container inspect openriak-kv-3.4.1-debian-11-otp26-node-t-212751z
started: 2026-09-11T15:27:29Z
[
    {
        "Id": "2661eab670523ee36a5c9855276d074b5af199e1955a9264d727a08fa33c7b2d",
        "Created": "2026-09-11T15:27:10.99321924Z",
        "Path": "/usr/local/bin/openriak-entrypoint",
        "Args": [],
        "State": {
            "Status": "running",
            "Running": true,
            "Paused": false,
            "Restarting": false,
            "OOMKilled": false,
            "Dead": false,
            "Pid": 1115051,
            "ExitCode": 0,
            "Error": "",
            "StartedAt": "2026-09-11T15:27:11.015146812Z",
            "FinishedAt": "0001-01-01T00:00:00Z",
            "Health": {
                "Status": "healthy",
                "FailingStreak": 0,
                "Log": [
                    {
                        "Start": "2026-09-11T15:27:16.262452848Z",
                        "End": "2026-09-11T15:27:16.801969849Z",
                        "ExitCode": 0,
                        "Output": "OpenRiak healthcheck passed: BEAM is running and riak ping returned pong\n"
                    },
                    {
                        "Start": "2026-09-11T15:27:26.803392312Z",
                        "End": "2026-09-11T15:27:27.214710594Z",
                        "ExitCode": 0,
                        "Output": "OpenRiak healthcheck passed: BEAM is running and riak ping returned pong\n"
                    }
                ]
            }
        },
        "Image": "sha256:57bc547eefa48362ac4f91bb1c9aead60e3cd3ddab107ba1477a0f6d5b0796df",
        "ResolvConfPath": "/var/snap/docker/common/var-lib-docker/containers/2661eab670523ee36a5c9855276d074b5af199e1955a9264d727a08fa33c7b2d/resolv.conf",
        "HostnamePath": "/var/snap/docker/common/var-lib-docker/containers/2661eab670523ee36a5c9855276d074b5af199e1955a9264d727a08fa33c7b2d/hostname",
        "HostsPath": "/var/snap/docker/common/var-lib-docker/containers/2661eab670523ee36a5c9855276d074b5af199e1955a9264d727a08fa33c7b2d/hosts",
        "LogPath": "/var/snap/docker/common/var-lib-docker/containers/2661eab670523ee36a5c9855276d074b5af199e1955a9264d727a08fa33c7b2d/2661eab670523ee36a5c9855276d074b5af199e1955a9264d727a08fa33c7b2d-json.log",
        "Name": "/openriak-kv-3.4.1-debian-11-otp26-node-t-212751z",
        "RestartCount": 0,
        "Driver": "overlay2",
        "Platform": "linux",
        "MountLabel": "",
        "ProcessLabel": "",
        "AppArmorProfile": "docker-default",
        "ExecIDs": null,
        "HostConfig": {
            "Binds": [
                "/home/peter/openriak-builds/tmp/openriak-docker-3.4.1-debian-11-otp26-xaahywz7/openriak-kv-3.4.1-debian-11-otp26-node/config:/etc/riak:rw",
                "/home/peter/openriak-builds/tmp/openriak-docker-3.4.1-debian-11-otp26-xaahywz7/openriak-kv-3.4.1-debian-11-otp26-node/data:/var/lib/riak:rw",
                "/home/peter/openriak-builds/tmp/openriak-docker-3.4.1-debian-11-otp26-xaahywz7/openriak-kv-3.4.1-debian-11-otp26-node/logs:/var/log/riak:rw"
            ],
            "ContainerIDFile": "",
            "LogConfig": {
                "Type": "json-file",
                "Config": {
                    "max-file": "3",
                    "max-size": "10m"
                }
            },
            "NetworkMode": "openriak-kv-341-debian-11-otp26-node_openriak",
            "PortBindings": {},
            "RestartPolicy": {
                "Name": "no",
                "MaximumRetryCount": 0
            },
            "AutoRemove": false,
            "VolumeDriver": "",
            "VolumesFrom": null,
            "ConsoleSize": [
                0,
                0
            ],
            "CapAdd": null,
            "CapDrop": null,
            "CgroupnsMode": "private",
            "Dns": null,
            "DnsOptions": null,
            "DnsSearch": null,
            "ExtraHosts": [],
            "GroupAdd": null,
            "IpcMode": "private",
            "Cgroup": "",
            "Links": null,
            "OomScoreAdj": 0,
            "PidMode": "",
            "Privileged": false,
            "PublishAllPorts": false,
            "ReadonlyRootfs": false,
            "SecurityOpt": null,
            "UTSMode": "",
            "UsernsMode": "",
            "ShmSize": 67108864,
            "Runtime": "runc",
            "Isolation": "",
            "CpuShares": 0,
            "Memory": 0,
            "NanoCpus": 0,
            "CgroupParent": "",
            "BlkioWeight": 0,
            "BlkioWeightDevice": null,
            "BlkioDeviceReadBps": null,
            "BlkioDeviceWriteBps": null,
            "BlkioDeviceReadIOps": null,
            "BlkioDeviceWriteIOps": null,
            "CpuPeriod": 0,
            "CpuQuota": 0,
            "CpuRealtimePeriod": 0,
            "CpuRealtimeRuntime": 0,
            "CpusetCpus": "",
            "CpusetMems": "",
            "Devices": null,
            "DeviceCgroupRules": null,
            "DeviceRequests": null,
            "MemoryReservation": 0,
            "MemorySwap": 0,
            "MemorySwappiness": null,
            "OomKillDisable": null,
            "PidsLimit": null,
            "Ulimits": [
                {
                    "Name": "nofile",
                    "Hard": 100000,
                    "Soft": 100000
                }
            ],
            "CpuCount": 0,
            "CpuPercent": 0,
            "IOMaximumIOps": 0,
            "IOMaximumBandwidth": 0,
            "MaskedPaths": [
                "/proc/acpi",
                "/proc/asound",
                "/proc/interrupts",
                "/proc/kcore",
                "/proc/keys",
                "/proc/latency_stats",
                "/proc/sched_debug",
                "/proc/scsi",
                "/proc/timer_list",
                "/proc/timer_stats",
                "/sys/devices/virtual/powercap",
                "/sys/firmware",
                "/sys/devices/system/cpu/cpu0/thermal_throttle",
                "/sys/devices/system/cpu/cpu1/thermal_throttle",
                "/sys/devices/system/cpu/cpu2/thermal_throttle",
                "/sys/devices/system/cpu/cpu3/thermal_throttle"
            ],
            "ReadonlyPaths": [
                "/proc/bus",
                "/proc/fs",
                "/proc/irq",
                "/proc/sys",
                "/proc/sysrq-trigger"
            ]
        },
        "GraphDriver": {
            "Data": {
                "ID": "2661eab670523ee36a5c9855276d074b5af199e1955a9264d727a08fa33c7b2d",
                "LowerDir": "/var/snap/docker/common/var-lib-docker/overlay2/9f156b73d68cb4f7cdfc8f1fcc27e6cc54649b3b246f212ad552682bdbf2c5e2-init/diff:/var/snap/docker/common/var-lib-docker/overlay2/ebdff56b65b3dfba5a396db8afe33893f3d458d6a97134226781df10e642f123/diff:/var/snap/docker/common/var-lib-docker/overlay2/6be6f5b2c7f18f72f721e13c55394aaa71ea10b46ca2e302ab05285d40df0f56/diff:/var/snap/docker/common/var-lib-docker/overlay2/f0afc6062d3a95cac36a852ab2b88c779b5e1f56a16b45cfde0ea715ff3ccd5a/diff:/var/snap/docker/common/var-lib-docker/overlay2/bd40ee376c881b6f55b9d6026afda9441be5f887a3d45c028733d9c261b626d2/diff:/var/snap/docker/common/var-lib-docker/overlay2/9875e0c93fe01a43d013c06b61694923cd5e0ba31c52f71cb595af65a1fcfbc3/diff:/var/snap/docker/common/var-lib-docker/overlay2/406936d1af1161484f567adc4bf43226b56e0d3a7101bdb272c253e626767a3a/diff",
                "MergedDir": "/var/snap/docker/common/var-lib-docker/overlay2/9f156b73d68cb4f7cdfc8f1fcc27e6cc54649b3b246f212ad552682bdbf2c5e2/merged",
                "UpperDir": "/var/snap/docker/common/var-lib-docker/overlay2/9f156b73d68cb4f7cdfc8f1fcc27e6cc54649b3b246f212ad552682bdbf2c5e2/diff",
                "WorkDir": "/var/snap/docker/common/var-lib-docker/overlay2/9f156b73d68cb4f7cdfc8f1fcc27e6cc54649b3b246f212ad552682bdbf2c5e2/work"
            },
            "Name": "overlay2"
        },
        "Mounts": [
            {
                "Type": "bind",
                "Source": "/home/peter/openriak-builds/tmp/openriak-docker-3.4.1-debian-11-otp26-xaahywz7/openriak-kv-3.4.1-debian-11-otp26-node/config",
                "Destination": "/etc/riak",
                "Mode": "rw",
                "RW": true,
                "Propagation": "rprivate"
            },
            {
                "Type": "bind",
                "Source": "/home/peter/openriak-builds/tmp/openriak-docker-3.4.1-debian-11-otp26-xaahywz7/openriak-kv-3.4.1-debian-11-otp26-node/data",
                "Destination": "/var/lib/riak",
                "Mode": "rw",
                "RW": true,
                "Propagation": "rprivate"
            },
            {
                "Type": "bind",
                "Source": "/home/peter/openriak-builds/tmp/openriak-docker-3.4.1-debian-11-otp26-xaahywz7/openriak-kv-3.4.1-debian-11-otp26-node/logs",
                "Destination": "/var/log/riak",
                "Mode": "rw",
                "RW": true,
                "Propagation": "rprivate"
            }
        ],
        "Config": {
            "Hostname": "node-01.cluster-a.openriak",
            "Domainname": "",
            "User": "",
            "AttachStdin": false,
            "AttachStdout": true,
            "AttachStderr": true,
            "ExposedPorts": {
                "8087/tcp": {},
                "8098/tcp": {}
            },
            "Tty": false,
            "OpenStdin": false,
            "StdinOnce": false,
            "Env": [
                "RIAK_DISTRIBUTED_COOKIE=openriak-7cefdbcbcc10d0e1e2eb8126cf6dfe71",
                "RIAK_MONITOR_INTERVAL_SECONDS=1",
                "TZ=Asia/Tokyo",
                "RIAK_UID=19001",
                "RIAK_GID=19002",
                "RIAK_LOG_MAX_FILE_SIZE=2MB",
                "RIAK_LOG_MAX_FILES=4",
                "RIAK_NODE_HOST=node-01.cluster-a.openriak",
                "PATH=/usr/local/sbin:/usr/local/bin:/usr/sbin:/usr/bin:/sbin:/bin",
                "RIAK_NODE_NAME=",
                "RIAK_RING_SIZE=8",
                "RIAK_STORAGE_BACKEND=leveled",
                "RIAK_ANTI_ENTROPY=passive",
                "RIAK_TICTACAAE_ACTIVE=active",
                "RIAK_TICTACAAE_STOREHEADS=enabled",
                "RIAK_HTTP_LISTENER=0.0.0.0:8098",
                "RIAK_PB_LISTENER=0.0.0.0:8087",
                "RIAK_NOFILE_LIMIT=100000",
                "RIAK_INIT_ONLY=0",
                "RIAK_STARTUP_POLL_SECONDS=1",
                "RIAK_SHUTDOWN_POLL_SECONDS=1",
                "OPENRIAK_CLUSTER_MODE=single",
                "OPENRIAK_CLUSTER_CONTROL_DIR=/var/lib/openriak-cluster-control",
                "OPENRIAK_CLUSTER_POLL_SECONDS=1",
                "OPENRIAK_CLUSTER_WAIT_SECONDS=300",
                "role="
            ],
            "Cmd": null,
            "Healthcheck": {
                "Test": [
                    "CMD",
                    "/usr/local/bin/openriak-healthcheck"
                ],
                "Interval": 10000000000,
                "Timeout": 60000000000,
                "StartPeriod": 120000000000,
                "Retries": 3
            },
            "Image": "tiotjp/openriak-kv:test-3.4.1-debian-11-otp26-linux-amd64-20260911t152654.212751z",
            "Volumes": {
                "/etc/riak": {},
                "/var/lib/riak": {},
                "/var/log/riak": {}
            },
            "WorkingDir": "",
            "Entrypoint": [
                "/usr/local/bin/openriak-entrypoint"
            ],
            "Labels": {
                "com.docker.compose.config-hash": "fb061832f50958f741b9859dee810383a0227808a895006da17b1a2d6d42513a",
                "com.docker.compose.container-number": "1",
                "com.docker.compose.depends_on": "",
                "com.docker.compose.image": "sha256:57bc547eefa48362ac4f91bb1c9aead60e3cd3ddab107ba1477a0f6d5b0796df",
                "com.docker.compose.oneoff": "False",
                "com.docker.compose.project": "openriak-kv-341-debian-11-otp26-node",
                "com.docker.compose.project.config_files": "/home/peter/openriak-builds/tmp/openriak-docker-3.4.1-debian-11-otp26-xaahywz7/compose.single.test.yaml",
                "com.docker.compose.project.environment_file": "/home/peter/openriak-builds/tmp/openriak-docker-3.4.1-debian-11-otp26-xaahywz7/.env.single",
                "com.docker.compose.project.working_dir": "/home/peter/openriak-builds/tmp/openriak-docker-3.4.1-debian-11-otp26-xaahywz7",
                "com.docker.compose.service": "node",
                "com.docker.compose.version": "2.32.4",
                "org.opencontainers.image.description": "Package-backed OpenRiak KV with single-node and cluster startup support",
                "org.opencontainers.image.source": "https://github.com/TI-Tokyo/openriak-docs",
                "org.opencontainers.image.title": "OpenRiak KV",
                "org.opencontainers.image.url": "https://www.tiot.jp/",
                "org.opencontainers.image.vendor": "TI Tokyo",
                "org.opencontainers.image.version": "3.4.1",
                "org.openriak.image.tag": "tiotjp/openriak-kv:3.4.1-debian-11-otp26",
                "org.openriak.os.name": "debian",
                "org.openriak.os.release": "11",
                "org.openriak.os.version": "11",
                "org.openriak.otp.version": "26"
            },
            "StopSignal": "SIGTERM",
            "StopTimeout": 120
        },
        "NetworkSettings": {
            "SandboxID": "3ac0865ea107a82b134c88865c66fcfad8a667287ed0af82fae3ddea3facf78e",
            "SandboxKey": "/run/snap.docker/netns/3ac0865ea107",
            "Ports": {
                "8087/tcp": null,
                "8098/tcp": null
            },
            "Networks": {
                "openriak-kv-341-debian-11-otp26-node_openriak": {
                    "IPAMConfig": {},
                    "Links": null,
                    "Aliases": [
                        "openriak-kv-3.4.1-debian-11-otp26-node-t-212751z",
                        "node",
                        "node-01.cluster-a.openriak"
                    ],
                    "DriverOpts": null,
                    "GwPriority": 0,
                    "NetworkID": "1362cdd78c6c025521b7830446a64a6fe9ed34f8caf7202dad982b93cf7b93a6",
                    "EndpointID": "ef35b29fecafdf36ecbded8154634db23594649bb59803e2611d0c3e96814245",
                    "Gateway": "172.28.0.1",
                    "IPAddress": "172.28.0.2",
                    "MacAddress": "ba:89:3f:4b:e2:8b",
                    "IPPrefixLen": 16,
                    "IPv6Gateway": "",
                    "GlobalIPv6Address": "",
                    "GlobalIPv6PrefixLen": 0,
                    "DNSNames": [
                        "openriak-kv-3.4.1-debian-11-otp26-node-t-212751z",
                        "node",
                        "node-01.cluster-a.openriak",
                        "2661eab67052"
                    ]
                }
            }
        }
    }
]

timeout_seconds: 3600
exit_code: 0
