$ /usr/bin/docker logs openriak-kv-3.4.0-ubuntu-noble-otp26-node-3-t-271282z
started: 2026-09-11T10:02:58Z
2026-09-11T18:35:08+09:00 [openriak-entrypoint] configuration: timezone = Asia/Tokyo
usermod: no changes
2026-09-11T18:35:09+09:00 [openriak-entrypoint] configuration: riak UID/GID = 19001/19002
2026-09-11T18:35:09+09:00 [openriak-entrypoint] configuration: preparing mounted directories
2026-09-11T18:35:09+09:00 [openriak-entrypoint] configuration: seeding /etc/riak from packaged defaults
2026-09-11T18:35:09+09:00 [openriak-entrypoint] configuration: current Docker IPv4 address = 172.25.0.3
2026-09-11T18:35:10+09:00 [openriak-entrypoint] configuration: waiting for coordinator cookie before daemon startup
2026-09-11T18:35:11+09:00 [openriak-entrypoint] configuration: waiting for coordinator cookie before daemon startup
2026-09-11T18:35:12+09:00 [openriak-entrypoint] configuration: waiting for coordinator cookie before daemon startup
2026-09-11T18:35:13+09:00 [openriak-entrypoint] configuration: waiting for coordinator cookie before daemon startup
2026-09-11T18:35:14+09:00 [openriak-entrypoint] configuration: waiting for coordinator cookie before daemon startup
2026-09-11T18:35:15+09:00 [openriak-entrypoint] configuration: waiting for coordinator cookie before daemon startup
2026-09-11T18:35:16+09:00 [openriak-entrypoint] configuration: waiting for coordinator cookie before daemon startup
2026-09-11T18:35:17+09:00 [openriak-entrypoint] configuration: waiting for coordinator cookie before daemon startup
2026-09-11T18:35:18+09:00 [openriak-entrypoint] configuration: waiting for coordinator cookie before daemon startup
2026-09-11T18:35:19+09:00 [openriak-entrypoint] configuration: waiting for coordinator cookie before daemon startup
2026-09-11T18:35:22+09:00 [openriak-entrypoint] configuration: waiting for coordinator cookie before daemon startup
2026-09-11T18:35:23+09:00 [openriak-entrypoint] configuration: waiting for coordinator cookie before daemon startup
2026-09-11T18:35:24+09:00 [openriak-entrypoint] configuration: waiting for coordinator cookie before daemon startup
2026-09-11T18:35:25+09:00 [openriak-entrypoint] configuration: waiting for coordinator cookie before daemon startup
2026-09-11T18:35:27+09:00 [openriak-entrypoint] configuration: waiting for coordinator cookie before daemon startup
2026-09-11T18:35:28+09:00 [openriak-entrypoint] configuration: waiting for coordinator cookie before daemon startup
2026-09-11T18:35:29+09:00 [openriak-entrypoint] configuration: waiting for coordinator cookie before daemon startup
2026-09-11T18:35:30+09:00 [openriak-entrypoint] configuration: waiting for coordinator cookie before daemon startup
2026-09-11T18:35:31+09:00 [openriak-entrypoint] configuration: waiting for coordinator cookie before daemon startup
2026-09-11T18:35:32+09:00 [openriak-entrypoint] configuration: waiting for coordinator cookie before daemon startup
2026-09-11T18:35:33+09:00 [openriak-entrypoint] configuration: waiting for coordinator cookie before daemon startup
2026-09-11T18:35:34+09:00 [openriak-entrypoint] configuration: waiting for coordinator cookie before daemon startup
2026-09-11T18:35:35+09:00 [openriak-entrypoint] configuration: waiting for coordinator cookie before daemon startup
2026-09-11T18:35:36+09:00 [openriak-entrypoint] configuration: waiting for coordinator cookie before daemon startup
2026-09-11T18:35:37+09:00 [openriak-entrypoint] configuration: waiting for coordinator cookie before daemon startup
2026-09-11T18:35:39+09:00 [openriak-entrypoint] configuration: waiting for coordinator cookie before daemon startup
2026-09-11T18:35:40+09:00 [openriak-entrypoint] configuration: waiting for coordinator cookie before daemon startup
2026-09-11T18:35:41+09:00 [openriak-entrypoint] configuration: waiting for coordinator cookie before daemon startup
2026-09-11T18:35:42+09:00 [openriak-entrypoint] configuration: waiting for coordinator cookie before daemon startup
2026-09-11T18:35:43+09:00 [openriak-entrypoint] configuration: waiting for coordinator cookie before daemon startup
2026-09-11T18:35:44+09:00 [openriak-entrypoint] configuration: waiting for coordinator cookie before daemon startup
2026-09-11T18:35:45+09:00 [openriak-entrypoint] configuration: waiting for coordinator cookie before daemon startup
2026-09-11T18:35:46+09:00 [openriak-entrypoint] configuration: waiting for coordinator cookie before daemon startup
2026-09-11T18:35:47+09:00 [openriak-entrypoint] configuration: waiting for coordinator cookie before daemon startup
2026-09-11T18:35:48+09:00 [openriak-entrypoint] configuration: waiting for coordinator cookie before daemon startup
2026-09-11T18:35:49+09:00 [openriak-entrypoint] configuration: waiting for coordinator cookie before daemon startup
2026-09-11T18:35:50+09:00 [openriak-entrypoint] configuration: waiting for coordinator cookie before daemon startup
2026-09-11T18:35:51+09:00 [openriak-entrypoint] configuration: waiting for coordinator cookie before daemon startup
2026-09-11T18:35:54+09:00 [openriak-entrypoint] configuration: waiting for coordinator cookie before daemon startup
2026-09-11T18:35:55+09:00 [openriak-entrypoint] configuration: waiting for coordinator cookie before daemon startup
2026-09-11T18:35:57+09:00 [openriak-entrypoint] configuration: waiting for coordinator cookie before daemon startup
2026-09-11T18:35:58+09:00 [openriak-entrypoint] configuration: waiting for coordinator cookie before daemon startup
2026-09-11T18:35:59+09:00 [openriak-entrypoint] configuration: waiting for coordinator cookie before daemon startup
2026-09-11T18:36:00+09:00 [openriak-entrypoint] configuration: waiting for coordinator cookie before daemon startup
2026-09-11T18:36:01+09:00 [openriak-entrypoint] configuration: waiting for coordinator cookie before daemon startup
2026-09-11T18:36:02+09:00 [openriak-entrypoint] configuration: waiting for coordinator cookie before daemon startup
2026-09-11T18:36:03+09:00 [openriak-entrypoint] configuration: waiting for coordinator cookie before daemon startup
2026-09-11T18:36:04+09:00 [openriak-entrypoint] configuration: waiting for coordinator cookie before daemon startup
2026-09-11T18:36:05+09:00 [openriak-entrypoint] configuration: waiting for coordinator cookie before daemon startup
2026-09-11T18:36:06+09:00 [openriak-entrypoint] configuration: waiting for coordinator cookie before daemon startup
2026-09-11T18:36:07+09:00 [openriak-entrypoint] configuration: waiting for coordinator cookie before daemon startup
2026-09-11T18:36:09+09:00 [openriak-entrypoint] configuration: waiting for coordinator cookie before daemon startup
2026-09-11T18:36:10+09:00 [openriak-entrypoint] configuration: waiting for coordinator cookie before daemon startup
2026-09-11T18:36:11+09:00 [openriak-entrypoint] configuration: waiting for coordinator cookie before daemon startup
2026-09-11T18:36:12+09:00 [openriak-entrypoint] configuration: waiting for coordinator cookie before daemon startup
2026-09-11T18:36:13+09:00 [openriak-entrypoint] configuration: waiting for coordinator cookie before daemon startup
2026-09-11T18:36:14+09:00 [openriak-entrypoint] configuration: waiting for coordinator cookie before daemon startup
2026-09-11T18:36:15+09:00 [openriak-entrypoint] configuration: waiting for coordinator cookie before daemon startup
2026-09-11T18:36:16+09:00 [openriak-entrypoint] configuration: waiting for coordinator cookie before daemon startup
2026-09-11T18:36:17+09:00 [openriak-entrypoint] configuration: waiting for coordinator cookie before daemon startup
2026-09-11T18:36:18+09:00 [openriak-entrypoint] configuration: waiting for coordinator cookie before daemon startup
2026-09-11T18:36:19+09:00 [openriak-entrypoint] configuration: waiting for coordinator cookie before daemon startup
2026-09-11T18:36:21+09:00 [openriak-entrypoint] configuration: waiting for coordinator cookie before daemon startup
2026-09-11T18:36:22+09:00 [openriak-entrypoint] configuration: waiting for coordinator cookie before daemon startup
2026-09-11T18:36:23+09:00 [openriak-entrypoint] configuration: waiting for coordinator cookie before daemon startup
2026-09-11T18:36:25+09:00 [openriak-entrypoint] configuration: waiting for coordinator cookie before daemon startup
2026-09-11T18:36:27+09:00 [openriak-entrypoint] configuration: waiting for coordinator cookie before daemon startup
2026-09-11T18:36:28+09:00 [openriak-entrypoint] configuration: waiting for coordinator cookie before daemon startup
2026-09-11T18:36:29+09:00 [openriak-entrypoint] configuration: waiting for coordinator cookie before daemon startup
2026-09-11T18:36:30+09:00 [openriak-entrypoint] configuration: waiting for coordinator cookie before daemon startup
2026-09-11T18:36:31+09:00 [openriak-entrypoint] configuration: waiting for coordinator cookie before daemon startup
2026-09-11T18:36:32+09:00 [openriak-entrypoint] configuration: waiting for coordinator cookie before daemon startup
2026-09-11T18:36:33+09:00 [openriak-entrypoint] configuration: waiting for coordinator cookie before daemon startup
2026-09-11T18:36:34+09:00 [openriak-entrypoint] configuration: waiting for coordinator cookie before daemon startup
2026-09-11T18:36:36+09:00 [openriak-entrypoint] configuration: waiting for coordinator cookie before daemon startup
2026-09-11T18:36:37+09:00 [openriak-entrypoint] configuration: waiting for coordinator cookie before daemon startup
2026-09-11T18:36:38+09:00 [openriak-entrypoint] configuration: waiting for coordinator cookie before daemon startup
2026-09-11T18:36:39+09:00 [openriak-entrypoint] configuration: waiting for coordinator cookie before daemon startup
2026-09-11T18:36:40+09:00 [openriak-entrypoint] configuration: waiting for coordinator cookie before daemon startup
2026-09-11T18:36:41+09:00 [openriak-entrypoint] configuration: waiting for coordinator cookie before daemon startup
2026-09-11T18:36:42+09:00 [openriak-entrypoint] configuration: waiting for coordinator cookie before daemon startup
2026-09-11T18:36:43+09:00 [openriak-entrypoint] configuration: waiting for coordinator cookie before daemon startup
2026-09-11T18:36:44+09:00 [openriak-entrypoint] configuration: waiting for coordinator cookie before daemon startup
2026-09-11T18:36:45+09:00 [openriak-entrypoint] configuration: waiting for coordinator cookie before daemon startup
2026-09-11T18:36:47+09:00 [openriak-entrypoint] configuration: waiting for coordinator cookie before daemon startup
2026-09-11T18:36:48+09:00 [openriak-entrypoint] configuration: waiting for coordinator cookie before daemon startup
2026-09-11T18:36:49+09:00 [openriak-entrypoint] configuration: waiting for coordinator cookie before daemon startup
2026-09-11T18:36:50+09:00 [openriak-entrypoint] configuration: waiting for coordinator cookie before daemon startup
2026-09-11T18:36:51+09:00 [openriak-entrypoint] configuration: waiting for coordinator cookie before daemon startup
2026-09-11T18:36:52+09:00 [openriak-entrypoint] configuration: waiting for coordinator cookie before daemon startup
2026-09-11T18:36:53+09:00 [openriak-entrypoint] configuration: waiting for coordinator cookie before daemon startup
2026-09-11T18:36:54+09:00 [openriak-entrypoint] configuration: waiting for coordinator cookie before daemon startup
2026-09-11T18:36:55+09:00 [openriak-entrypoint] configuration: waiting for coordinator cookie before daemon startup
2026-09-11T18:36:58+09:00 [openriak-entrypoint] configuration: waiting for coordinator cookie before daemon startup
2026-09-11T18:36:59+09:00 [openriak-entrypoint] configuration: waiting for coordinator cookie before daemon startup
2026-09-11T18:37:00+09:00 [openriak-entrypoint] configuration: waiting for coordinator cookie before daemon startup
2026-09-11T18:37:01+09:00 [openriak-entrypoint] configuration: waiting for coordinator cookie before daemon startup
2026-09-11T18:37:02+09:00 [openriak-entrypoint] configuration: waiting for coordinator cookie before daemon startup
2026-09-11T18:37:04+09:00 [openriak-entrypoint] configuration: waiting for coordinator cookie before daemon startup
2026-09-11T18:37:05+09:00 [openriak-entrypoint] configuration: waiting for coordinator cookie before daemon startup
2026-09-11T18:37:06+09:00 [openriak-entrypoint] configuration: waiting for coordinator cookie before daemon startup
2026-09-11T18:37:07+09:00 [openriak-entrypoint] configuration: waiting for coordinator cookie before daemon startup
2026-09-11T18:37:08+09:00 [openriak-entrypoint] configuration: waiting for coordinator cookie before daemon startup
2026-09-11T18:37:09+09:00 [openriak-entrypoint] configuration: waiting for coordinator cookie before daemon startup
2026-09-11T18:37:10+09:00 [openriak-entrypoint] configuration: waiting for coordinator cookie before daemon startup
2026-09-11T18:37:11+09:00 [openriak-entrypoint] configuration: waiting for coordinator cookie before daemon startup
2026-09-11T18:37:12+09:00 [openriak-entrypoint] configuration: waiting for coordinator cookie before daemon startup
2026-09-11T18:37:13+09:00 [openriak-entrypoint] configuration: waiting for coordinator cookie before daemon startup
2026-09-11T18:37:15+09:00 [openriak-entrypoint] configuration: waiting for coordinator cookie before daemon startup
2026-09-11T18:37:16+09:00 [openriak-entrypoint] configuration: waiting for coordinator cookie before daemon startup
2026-09-11T18:37:17+09:00 [openriak-entrypoint] configuration: waiting for coordinator cookie before daemon startup
2026-09-11T18:37:18+09:00 [openriak-entrypoint] configuration: waiting for coordinator cookie before daemon startup
2026-09-11T18:37:19+09:00 [openriak-entrypoint] configuration: waiting for coordinator cookie before daemon startup
2026-09-11T18:37:20+09:00 [openriak-entrypoint] configuration: waiting for coordinator cookie before daemon startup
2026-09-11T18:37:22+09:00 [openriak-entrypoint] configuration: adopted coordinator cookie before daemon startup
2026-09-11T18:37:23+09:00 [openriak-entrypoint] configuration: nodename = openriak-kv@node-03.cluster-a.openriak
2026-09-11T18:37:23+09:00 [openriak-entrypoint] configuration: distributed_cookie = openriak-c39feb5596252a133f84f6bf277156a1
2026-09-11T18:37:23+09:00 [openriak-entrypoint] configuration: effective distributed cookie = openriak-c39feb5596252a133f84f6bf277156a1
2026-09-11T18:37:23+09:00 [openriak-entrypoint] configuration: ring_size = 8
2026-09-11T18:37:24+09:00 [openriak-entrypoint] configuration: storage_backend = leveled
2026-09-11T18:37:24+09:00 [openriak-entrypoint] configuration: anti_entropy = passive
2026-09-11T18:37:24+09:00 [openriak-entrypoint] configuration: tictacaae_active = active
2026-09-11T18:37:25+09:00 [openriak-entrypoint] configuration: tictacaae_storeheads = enabled
2026-09-11T18:37:25+09:00 [openriak-entrypoint] configuration: listener.http.internal = 0.0.0.0:8098
2026-09-11T18:37:25+09:00 [openriak-entrypoint] configuration: listener.protobuf.internal = 0.0.0.0:8087
2026-09-11T18:37:26+09:00 [openriak-entrypoint] configuration: logger.max_file_size = 2MB
2026-09-11T18:37:26+09:00 [openriak-entrypoint] configuration: logger.max_files = 4
2026-09-11T18:37:26+09:00 [openriak-entrypoint] startup: validating configuration and generating VM arguments
2026-09-11T18:38:49+09:00 [openriak-entrypoint] startup: configuration is valid (config is OK -config /var/lib/riak/generated.conf/app.2026.09.11.18.37.49.config -args_file /var/lib/riak/generated.conf/vm.2026.09.11.18.37.49.args -vm_args /var/lib/riak/generated.conf/vm.2026.09.11.18.37.49.args)
2026-09-11T18:38:49+09:00 [openriak-entrypoint] startup: starting OpenRiak as a daemon
!!!!
!!!! WARNING: ulimit -n is 1024; 65536 is the recommended minimum.
!!!!
2026-09-11T18:41:19+09:00 [openriak-entrypoint] startup: daemon command completed
2026-09-11T18:41:19+09:00 [openriak-entrypoint] startup: waiting for BEAM and riak ping
2026-09-11T18:41:31+09:00 [openriak-entrypoint] startup: BEAM is running and riak ping returned pong
2026-09-11T18:41:31+09:00 [openriak-entrypoint] startup: waiting for the riak_kv service
2026-09-11T18:41:55+09:00 [openriak-entrypoint] startup: riak_kv service is up ([riak_kv,riak_pipe,riak_repl])
2026-09-11T18:41:55+09:00 [openriak-entrypoint] startup: waiting for Riak transfers to complete
2026-09-11T18:42:21+09:00 [openriak-entrypoint] startup: transfers complete (No transfers active Active Transfers: ok)
2026-09-11T18:42:21+09:00 [openriak-entrypoint] cluster: Role: Follower
2026-09-11T18:42:49+09:00 [openriak-entrypoint] cluster: announced openriak-kv@node-03.cluster-a.openriak at 172.25.0.3 to coordinator openriak-kv@node-01.cluster-a.openriak (f7bbd1be46405991)
2026-09-11T18:42:49+09:00 [openriak-entrypoint] cluster: follower waiting for coordinator approval (1s/3600s)
2026-09-11T18:42:52+09:00 [openriak-entrypoint] cluster: follower waiting for coordinator approval (2s/3600s)
2026-09-11T18:42:56+09:00 [openriak-entrypoint] cluster: join approved by openriak-kv@node-01.cluster-a.openriak (f7bbd1be46405991)
2026-09-11T18:43:19+09:00 [openriak-entrypoint] cluster: join: Success: staged join request for 'openriak-kv@node-03.cluster-a.openriak' to 'openriak-kv@node-01.cluster-a.openriak'
2026-09-11T18:43:19+09:00 [openriak-entrypoint] cluster: join: ok
2026-09-11T18:43:19+09:00 [openriak-entrypoint] cluster: join request accepted; waiting for plan and commit
2026-09-11T18:43:43+09:00 [openriak-entrypoint] cluster: waiting for the ring to become ready
2026-09-11T18:44:08+09:00 [openriak-entrypoint] cluster: ring is ready (TRUE All nodes agree on the ring ['openriak-kv@node-01.cluster-a.openriak', 'openriak-kv@node-02.cluster-a.openriak', 'openriak-kv@node-03.cluster-a.openriak', 'openriak-kv@node-04.cluster-a.openriak', 'openriak-kv@node-05.cluster-a.openriak'] ok)
2026-09-11T18:44:09+09:00 [openriak-entrypoint] startup: waiting for Riak transfers to complete
2026-09-11T18:44:34+09:00 [openriak-entrypoint] startup: waiting for transfers (attempt 1, transfers='openriak-kv@node-05.cluster-a.openriak' waiting to handoff 2 partitions 'openriak-kv@node-04.cluster-a.openriak' waiting to handoff 2 partitions 'openriak-kv@node-03.cluster-a.openriak' waiting to handoff 5 partitions 'openriak-kv@node-02.cluster-a.openriak' waiting to handoff 2 partitions Active Transfers: ok)
2026-09-11T18:45:01+09:00 [openriak-entrypoint] startup: waiting for transfers (attempt 2, transfers='openriak-kv@node-05.cluster-a.openriak' waiting to handoff 1 partitions 'openriak-kv@node-04.cluster-a.openriak' waiting to handoff 1 partitions 'openriak-kv@node-03.cluster-a.openriak' waiting to handoff 3 partitions Active Transfers: ok)
2026-09-11T18:45:28+09:00 [openriak-entrypoint] startup: waiting for transfers (attempt 3, transfers='openriak-kv@node-04.cluster-a.openriak' waiting to handoff 1 partitions 'openriak-kv@node-03.cluster-a.openriak' waiting to handoff 3 partitions Active Transfers: ok)
2026-09-11T18:45:51+09:00 [openriak-entrypoint] startup: waiting for transfers (attempt 4, transfers='openriak-kv@node-04.cluster-a.openriak' waiting to handoff 1 partitions 'openriak-kv@node-03.cluster-a.openriak' waiting to handoff 3 partitions Active Transfers: ok)
2026-09-11T18:46:18+09:00 [openriak-entrypoint] startup: waiting for transfers (attempt 5, transfers='openriak-kv@node-04.cluster-a.openriak' waiting to handoff 1 partitions 'openriak-kv@node-03.cluster-a.openriak' waiting to handoff 3 partitions Active Transfers: ok)
2026-09-11T18:47:04+09:00 [openriak-entrypoint] startup: transfers complete (No transfers active Active Transfers: ok)
2026-09-11T18:47:04+09:00 [openriak-entrypoint] cluster: waiting for coordinator completion confirmation
2026-09-11T18:47:06+09:00 [openriak-entrypoint] cluster: coordinator confirmed completion for openriak-kv@node-03.cluster-a.openriak
2026-09-11T18:47:07+09:00 [openriak-entrypoint] cluster: follower joined openriak-kv@node-01.cluster-a.openriak successfully
2026-09-11T18:47:07+09:00 [openriak-entrypoint] startup: OpenRiak is ready
2026-09-11T18:47:07+09:00 [openriak-entrypoint] monitor: sleeping for 1s
2026-09-11T18:47:24+09:00 [openriak-entrypoint] monitor: BEAM is running and riak ping returned pong
2026-09-11T18:47:24+09:00 [openriak-entrypoint] monitor: sleeping for 1s
2026-09-11T18:47:43+09:00 [openriak-entrypoint] monitor: BEAM is running and riak ping returned pong
2026-09-11T18:47:43+09:00 [openriak-entrypoint] monitor: sleeping for 1s
2026-09-11T18:48:00+09:00 [openriak-entrypoint] monitor: BEAM is running and riak ping returned pong
2026-09-11T18:48:00+09:00 [openriak-entrypoint] monitor: sleeping for 1s
2026-09-11T18:48:20+09:00 [openriak-entrypoint] monitor: BEAM is running and riak ping returned pong
2026-09-11T18:48:20+09:00 [openriak-entrypoint] monitor: sleeping for 1s
2026-09-11T18:48:37+09:00 [openriak-entrypoint] monitor: BEAM is running and riak ping returned pong
2026-09-11T18:48:37+09:00 [openriak-entrypoint] monitor: sleeping for 1s
2026-09-11T18:48:52+09:00 [openriak-entrypoint] monitor: BEAM is running and riak ping returned pong
2026-09-11T18:48:52+09:00 [openriak-entrypoint] monitor: sleeping for 1s
2026-09-11T18:49:04+09:00 [openriak-entrypoint] monitor: BEAM is running and riak ping returned pong
2026-09-11T18:49:04+09:00 [openriak-entrypoint] monitor: sleeping for 1s
2026-09-11T18:49:20+09:00 [openriak-entrypoint] monitor: BEAM is running and riak ping returned pong
2026-09-11T18:49:20+09:00 [openriak-entrypoint] monitor: sleeping for 1s
2026-09-11T18:49:32+09:00 [openriak-entrypoint] monitor: BEAM is running and riak ping returned pong
2026-09-11T18:49:32+09:00 [openriak-entrypoint] monitor: sleeping for 1s
2026-09-11T18:49:50+09:00 [openriak-entrypoint] monitor: BEAM is running and riak ping returned pong
2026-09-11T18:49:50+09:00 [openriak-entrypoint] monitor: sleeping for 1s
2026-09-11T18:50:01+09:00 [openriak-entrypoint] monitor: BEAM is running and riak ping returned pong
2026-09-11T18:50:01+09:00 [openriak-entrypoint] monitor: sleeping for 1s
2026-09-11T18:50:18+09:00 [openriak-entrypoint] monitor: BEAM is running and riak ping returned pong
2026-09-11T18:50:18+09:00 [openriak-entrypoint] monitor: sleeping for 1s
2026-09-11T18:50:31+09:00 [openriak-entrypoint] monitor: BEAM is running and riak ping returned pong
2026-09-11T18:50:31+09:00 [openriak-entrypoint] monitor: sleeping for 1s
2026-09-11T18:50:48+09:00 [openriak-entrypoint] monitor: BEAM is running and riak ping returned pong
2026-09-11T18:50:48+09:00 [openriak-entrypoint] monitor: sleeping for 1s
2026-09-11T18:51:02+09:00 [openriak-entrypoint] monitor: BEAM is running and riak ping returned pong
2026-09-11T18:51:02+09:00 [openriak-entrypoint] monitor: sleeping for 1s
2026-09-11T18:51:17+09:00 [openriak-entrypoint] monitor: BEAM is running and riak ping returned pong
2026-09-11T18:51:17+09:00 [openriak-entrypoint] monitor: sleeping for 1s
2026-09-11T18:51:32+09:00 [openriak-entrypoint] monitor: BEAM is running and riak ping returned pong
2026-09-11T18:51:32+09:00 [openriak-entrypoint] monitor: sleeping for 1s
2026-09-11T18:51:47+09:00 [openriak-entrypoint] monitor: BEAM is running and riak ping returned pong
2026-09-11T18:51:47+09:00 [openriak-entrypoint] monitor: sleeping for 1s
2026-09-11T18:52:00+09:00 [openriak-entrypoint] monitor: BEAM is running and riak ping returned pong
2026-09-11T18:52:00+09:00 [openriak-entrypoint] monitor: sleeping for 1s
2026-09-11T18:52:16+09:00 [openriak-entrypoint] monitor: BEAM is running and riak ping returned pong
2026-09-11T18:52:17+09:00 [openriak-entrypoint] monitor: sleeping for 1s
2026-09-11T18:52:32+09:00 [openriak-entrypoint] monitor: BEAM is running and riak ping returned pong
2026-09-11T18:52:32+09:00 [openriak-entrypoint] monitor: sleeping for 1s
2026-09-11T18:52:47+09:00 [openriak-entrypoint] monitor: BEAM is running and riak ping returned pong
2026-09-11T18:52:48+09:00 [openriak-entrypoint] monitor: sleeping for 1s
2026-09-11T18:53:02+09:00 [openriak-entrypoint] monitor: BEAM is running and riak ping returned pong
2026-09-11T18:53:02+09:00 [openriak-entrypoint] monitor: sleeping for 1s
2026-09-11T18:53:17+09:00 [openriak-entrypoint] monitor: BEAM is running and riak ping returned pong
2026-09-11T18:53:17+09:00 [openriak-entrypoint] monitor: sleeping for 1s
2026-09-11T18:53:32+09:00 [openriak-entrypoint] monitor: BEAM is running and riak ping returned pong
2026-09-11T18:53:33+09:00 [openriak-entrypoint] monitor: sleeping for 1s
2026-09-11T18:53:46+09:00 [openriak-entrypoint] monitor: BEAM is running and riak ping returned pong
2026-09-11T18:53:46+09:00 [openriak-entrypoint] monitor: sleeping for 1s
2026-09-11T18:54:03+09:00 [openriak-entrypoint] monitor: BEAM is running and riak ping returned pong
2026-09-11T18:54:03+09:00 [openriak-entrypoint] monitor: sleeping for 1s
2026-09-11T18:54:16+09:00 [openriak-entrypoint] monitor: BEAM is running and riak ping returned pong
2026-09-11T18:54:16+09:00 [openriak-entrypoint] monitor: sleeping for 1s
2026-09-11T18:54:33+09:00 [openriak-entrypoint] monitor: BEAM is running and riak ping returned pong
2026-09-11T18:54:33+09:00 [openriak-entrypoint] monitor: sleeping for 1s
2026-09-11T18:54:46+09:00 [openriak-entrypoint] monitor: BEAM is running and riak ping returned pong
2026-09-11T18:54:46+09:00 [openriak-entrypoint] monitor: sleeping for 1s
2026-09-11T18:55:02+09:00 [openriak-entrypoint] monitor: BEAM is running and riak ping returned pong
2026-09-11T18:55:02+09:00 [openriak-entrypoint] monitor: sleeping for 1s
2026-09-11T18:55:17+09:00 [openriak-entrypoint] monitor: BEAM is running and riak ping returned pong
2026-09-11T18:55:17+09:00 [openriak-entrypoint] monitor: sleeping for 1s
2026-09-11T18:55:31+09:00 [openriak-entrypoint] monitor: BEAM is running and riak ping returned pong
2026-09-11T18:55:31+09:00 [openriak-entrypoint] monitor: sleeping for 1s
2026-09-11T18:55:46+09:00 [openriak-entrypoint] monitor: BEAM is running and riak ping returned pong
2026-09-11T18:55:46+09:00 [openriak-entrypoint] monitor: sleeping for 1s
2026-09-11T18:56:00+09:00 [openriak-entrypoint] monitor: BEAM is running and riak ping returned pong
2026-09-11T18:56:00+09:00 [openriak-entrypoint] monitor: sleeping for 1s
2026-09-11T18:56:15+09:00 [openriak-entrypoint] monitor: BEAM is running and riak ping returned pong
2026-09-11T18:56:15+09:00 [openriak-entrypoint] monitor: sleeping for 1s
2026-09-11T18:56:28+09:00 [openriak-entrypoint] monitor: BEAM is running and riak ping returned pong
2026-09-11T18:56:28+09:00 [openriak-entrypoint] monitor: sleeping for 1s
2026-09-11T18:56:45+09:00 [openriak-entrypoint] monitor: BEAM is running and riak ping returned pong
2026-09-11T18:56:45+09:00 [openriak-entrypoint] monitor: sleeping for 1s
2026-09-11T18:57:01+09:00 [openriak-entrypoint] monitor: BEAM is running and riak ping returned pong
2026-09-11T18:57:01+09:00 [openriak-entrypoint] monitor: sleeping for 1s
2026-09-11T18:57:19+09:00 [openriak-entrypoint] monitor: BEAM is running and riak ping returned pong
2026-09-11T18:57:19+09:00 [openriak-entrypoint] monitor: sleeping for 1s
2026-09-11T18:57:36+09:00 [openriak-entrypoint] monitor: BEAM is running and riak ping returned pong
2026-09-11T18:57:37+09:00 [openriak-entrypoint] monitor: sleeping for 1s
2026-09-11T18:57:49+09:00 [openriak-entrypoint] monitor: BEAM is running and riak ping returned pong
2026-09-11T18:57:49+09:00 [openriak-entrypoint] monitor: sleeping for 1s
2026-09-11T18:58:08+09:00 [openriak-entrypoint] monitor: BEAM is running and riak ping returned pong
2026-09-11T18:58:08+09:00 [openriak-entrypoint] monitor: sleeping for 1s
2026-09-11T18:58:22+09:00 [openriak-entrypoint] monitor: BEAM is running and riak ping returned pong
2026-09-11T18:58:22+09:00 [openriak-entrypoint] monitor: sleeping for 1s
2026-09-11T18:58:36+09:00 [openriak-entrypoint] monitor: BEAM is running and riak ping returned pong
2026-09-11T18:58:36+09:00 [openriak-entrypoint] monitor: sleeping for 1s
2026-09-11T18:58:52+09:00 [openriak-entrypoint] monitor: BEAM is running and riak ping returned pong
2026-09-11T18:58:52+09:00 [openriak-entrypoint] monitor: sleeping for 1s
2026-09-11T18:59:04+09:00 [openriak-entrypoint] monitor: BEAM is running and riak ping returned pong
2026-09-11T18:59:04+09:00 [openriak-entrypoint] monitor: sleeping for 1s
2026-09-11T18:59:20+09:00 [openriak-entrypoint] monitor: BEAM is running and riak ping returned pong
2026-09-11T18:59:20+09:00 [openriak-entrypoint] monitor: sleeping for 1s
2026-09-11T18:59:33+09:00 [openriak-entrypoint] monitor: BEAM is running and riak ping returned pong
2026-09-11T18:59:33+09:00 [openriak-entrypoint] monitor: sleeping for 1s
2026-09-11T18:59:47+09:00 [openriak-entrypoint] monitor: BEAM is running and riak ping returned pong
2026-09-11T18:59:47+09:00 [openriak-entrypoint] monitor: sleeping for 1s
2026-09-11T19:00:00+09:00 [openriak-entrypoint] monitor: BEAM is running and riak ping returned pong
2026-09-11T19:00:00+09:00 [openriak-entrypoint] monitor: sleeping for 1s
2026-09-11T19:00:15+09:00 [openriak-entrypoint] monitor: BEAM is running and riak ping returned pong
2026-09-11T19:00:15+09:00 [openriak-entrypoint] monitor: sleeping for 1s
2026-09-11T19:00:27+09:00 [openriak-entrypoint] monitor: BEAM is running and riak ping returned pong
2026-09-11T19:00:27+09:00 [openriak-entrypoint] monitor: sleeping for 1s
2026-09-11T19:00:40+09:00 [openriak-entrypoint] monitor: BEAM is running and riak ping returned pong
2026-09-11T19:00:40+09:00 [openriak-entrypoint] monitor: sleeping for 1s
2026-09-11T19:00:55+09:00 [openriak-entrypoint] monitor: BEAM is running and riak ping returned pong
2026-09-11T19:00:55+09:00 [openriak-entrypoint] monitor: sleeping for 1s
2026-09-11T19:01:08+09:00 [openriak-entrypoint] monitor: BEAM is running and riak ping returned pong
2026-09-11T19:01:08+09:00 [openriak-entrypoint] monitor: sleeping for 1s
2026-09-11T19:01:23+09:00 [openriak-entrypoint] monitor: BEAM is running and riak ping returned pong
2026-09-11T19:01:23+09:00 [openriak-entrypoint] monitor: sleeping for 1s
2026-09-11T19:01:36+09:00 [openriak-entrypoint] monitor: BEAM is running and riak ping returned pong
2026-09-11T19:01:36+09:00 [openriak-entrypoint] monitor: sleeping for 1s
2026-09-11T19:01:51+09:00 [openriak-entrypoint] monitor: BEAM is running and riak ping returned pong
2026-09-11T19:01:51+09:00 [openriak-entrypoint] monitor: sleeping for 1s
2026-09-11T19:02:05+09:00 [openriak-entrypoint] monitor: BEAM is running and riak ping returned pong
2026-09-11T19:02:05+09:00 [openriak-entrypoint] monitor: sleeping for 1s
2026-09-11T19:02:18+09:00 [openriak-entrypoint] monitor: BEAM is running and riak ping returned pong
2026-09-11T19:02:18+09:00 [openriak-entrypoint] monitor: sleeping for 1s
2026-09-11T19:02:33+09:00 [openriak-entrypoint] monitor: BEAM is running and riak ping returned pong
2026-09-11T19:02:33+09:00 [openriak-entrypoint] monitor: sleeping for 1s
2026-09-11T19:02:46+09:00 [openriak-entrypoint] monitor: BEAM is running and riak ping returned pong
2026-09-11T19:02:46+09:00 [openriak-entrypoint] monitor: sleeping for 1s

timeout_seconds: 3600
exit_code: 0
