$ /usr/bin/docker compose --env-file /tmp/openriak-docker-3.4.0-ubuntu-noble-otp26-z_v92w9m/.env.cluster --project-directory /tmp/openriak-docker-3.4.0-ubuntu-noble-otp26-z_v92w9m --file /tmp/openriak-docker-3.4.0-ubuntu-noble-otp26-z_v92w9m/compose.cluster.test.yaml down --remove-orphans --timeout 120
started: 2026-09-11T10:04:41Z
 Container openriak-kv-3.4.0-ubuntu-noble-otp26-node-1-t-271282z Stopping 
 Container openriak-kv-3.4.0-ubuntu-noble-otp26-node-2-t-271282z Stopping 
 Container openriak-kv-3.4.0-ubuntu-noble-otp26-node-5-t-271282z Stopping 
 Container openriak-kv-3.4.0-ubuntu-noble-otp26-node-4-t-271282z Stopping 
 Container openriak-kv-3.4.0-ubuntu-noble-otp26-node-3-t-271282z Stopping 
 Container openriak-kv-3.4.0-ubuntu-noble-otp26-node-3-t-271282z Stopped 
 Container openriak-kv-3.4.0-ubuntu-noble-otp26-node-3-t-271282z Removing 
 Container openriak-kv-3.4.0-ubuntu-noble-otp26-node-4-t-271282z Stopped 
 Container openriak-kv-3.4.0-ubuntu-noble-otp26-node-4-t-271282z Removing 
 Container openriak-kv-3.4.0-ubuntu-noble-otp26-node-1-t-271282z Stopped 
 Container openriak-kv-3.4.0-ubuntu-noble-otp26-node-1-t-271282z Removing 
 Container openriak-kv-3.4.0-ubuntu-noble-otp26-node-5-t-271282z Stopped 
 Container openriak-kv-3.4.0-ubuntu-noble-otp26-node-5-t-271282z Removing 
 Container openriak-kv-3.4.0-ubuntu-noble-otp26-node-2-t-271282z Stopped 
 Container openriak-kv-3.4.0-ubuntu-noble-otp26-node-2-t-271282z Removing 
 Container openriak-kv-3.4.0-ubuntu-noble-otp26-node-3-t-271282z Removed 
 Container openriak-kv-3.4.0-ubuntu-noble-otp26-node-5-t-271282z Removed 
 Container openriak-kv-3.4.0-ubuntu-noble-otp26-node-4-t-271282z Removed 
 Container openriak-kv-3.4.0-ubuntu-noble-otp26-node-1-t-271282z Removed 
 Container openriak-kv-3.4.0-ubuntu-noble-otp26-node-2-t-271282z Removed 
 Network openriak-kv-340-ubuntu-noble-otp26-node-cluster_openriak Removing 
 Network openriak-kv-340-ubuntu-noble-otp26-node-cluster_openriak Removed 

timeout_seconds: 3600
exit_code: 0
