$ /usr/bin/docker compose --env-file /tmp/openriak-docker-3.4.0-alpine-3.21-otp24-36aygaif/.env.cluster --project-directory /tmp/openriak-docker-3.4.0-alpine-3.21-otp24-36aygaif --file /tmp/openriak-docker-3.4.0-alpine-3.21-otp24-36aygaif/compose.cluster.test.yaml down --remove-orphans --timeout 120
started: 2026-09-11T11:57:31Z
 Container openriak-kv-3.4.0-alpine-3.21-otp24-node-4-t-568846z  Stopping
 Container openriak-kv-3.4.0-alpine-3.21-otp24-node-2-t-568846z  Stopping
 Container openriak-kv-3.4.0-alpine-3.21-otp24-node-5-t-568846z  Stopping
 Container openriak-kv-3.4.0-alpine-3.21-otp24-node-3-t-568846z  Stopping
 Container openriak-kv-3.4.0-alpine-3.21-otp24-node-1-t-568846z  Stopping
 Container openriak-kv-3.4.0-alpine-3.21-otp24-node-4-t-568846z  Stopped
 Container openriak-kv-3.4.0-alpine-3.21-otp24-node-4-t-568846z  Removing
 Container openriak-kv-3.4.0-alpine-3.21-otp24-node-5-t-568846z  Stopped
 Container openriak-kv-3.4.0-alpine-3.21-otp24-node-5-t-568846z  Removing
 Container openriak-kv-3.4.0-alpine-3.21-otp24-node-3-t-568846z  Stopped
 Container openriak-kv-3.4.0-alpine-3.21-otp24-node-3-t-568846z  Removing
 Container openriak-kv-3.4.0-alpine-3.21-otp24-node-1-t-568846z  Stopped
 Container openriak-kv-3.4.0-alpine-3.21-otp24-node-1-t-568846z  Removing
 Container openriak-kv-3.4.0-alpine-3.21-otp24-node-2-t-568846z  Stopped
 Container openriak-kv-3.4.0-alpine-3.21-otp24-node-2-t-568846z  Removing
 Container openriak-kv-3.4.0-alpine-3.21-otp24-node-4-t-568846z  Removed
 Container openriak-kv-3.4.0-alpine-3.21-otp24-node-5-t-568846z  Removed
 Container openriak-kv-3.4.0-alpine-3.21-otp24-node-2-t-568846z  Removed
 Container openriak-kv-3.4.0-alpine-3.21-otp24-node-1-t-568846z  Removed
 Container openriak-kv-3.4.0-alpine-3.21-otp24-node-3-t-568846z  Removed
 Network openriak-kv-340-alpine-321-otp24-node-cluster_openriak  Removing
 Network openriak-kv-340-alpine-321-otp24-node-cluster_openriak  Removed

timeout_seconds: 3600
exit_code: 0
