$ /usr/bin/docker exec openriak-kv-3.4.0-alpine-3.21-otp24-node-4-t-568846z sh -c 'date +%z
id -u riak
id -g riak
stat -c '"'"'%u:%g'"'"' /etc/riak /var/lib/riak /var/log/riak'
started: 2026-09-11T11:56:29Z
+0900
19001
19002
19001:19002
19001:19002
19001:19002

timeout_seconds: 3600
exit_code: 0
$ /usr/bin/docker container inspect openriak-kv-3.4.0-alpine-3.21-otp24-node-4-t-568846z
started: 2026-09-11T11:56:30Z
[
    {
        "Id": "23d51c389066b6d55e246cb100a3d1ca9709a46a3a6c036952265943a2499be9",
        "Created": "2026-09-11T11:31:01.345139139Z",
        "Path": "/usr/local/bin/openriak-entrypoint",
        "Args": [],
        "State": {
            "Status": "running",
            "Running": true,
            "Paused": false,
            "Restarting": false,
            "OOMKilled": false,
            "Dead": false,
            "Pid": 136192,
            "ExitCode": 0,
            "Error": "",
            "StartedAt": "2026-09-11T11:31:01.460210763Z",
            "FinishedAt": "0001-01-01T00:00:00Z",
            "Health": {
                "Status": "healthy",
                "FailingStreak": 0,
                "Log": [
                    {
                        "Start": "2026-09-11T11:54:24.25665433Z",
                        "End": "2026-09-11T11:54:37.505045148Z",
                        "ExitCode": 0,
                        "Output": "OpenRiak healthcheck passed: BEAM is running and riak ping returned pong\n"
                    },
                    {
                        "Start": "2026-09-11T11:54:47.506795784Z",
                        "End": "2026-09-11T11:55:00.469026756Z",
                        "ExitCode": 0,
                        "Output": "OpenRiak healthcheck passed: BEAM is running and riak ping returned pong\n"
                    },
                    {
                        "Start": "2026-09-11T11:55:10.470428288Z",
                        "End": "2026-09-11T11:55:22.907172303Z",
                        "ExitCode": 0,
                        "Output": "OpenRiak healthcheck passed: BEAM is running and riak ping returned pong\n"
                    },
                    {
                        "Start": "2026-09-11T11:55:32.908653034Z",
                        "End": "2026-09-11T11:55:46.154665238Z",
                        "ExitCode": 0,
                        "Output": "OpenRiak healthcheck passed: BEAM is running and riak ping returned pong\n"
                    },
                    {
                        "Start": "2026-09-11T11:55:56.156009673Z",
                        "End": "2026-09-11T11:56:08.477026714Z",
                        "ExitCode": 0,
                        "Output": "OpenRiak healthcheck passed: BEAM is running and riak ping returned pong\n"
                    }
                ]
            }
        },
        "Image": "sha256:a674dc97dc4ea96ed9f7ded855c4d8649c2dd455ce9a763fb9690a86fe4d5cf8",
        "ResolvConfPath": "/var/lib/docker/containers/23d51c389066b6d55e246cb100a3d1ca9709a46a3a6c036952265943a2499be9/resolv.conf",
        "HostnamePath": "/var/lib/docker/containers/23d51c389066b6d55e246cb100a3d1ca9709a46a3a6c036952265943a2499be9/hostname",
        "HostsPath": "/var/lib/docker/containers/23d51c389066b6d55e246cb100a3d1ca9709a46a3a6c036952265943a2499be9/hosts",
        "LogPath": "/var/lib/docker/containers/23d51c389066b6d55e246cb100a3d1ca9709a46a3a6c036952265943a2499be9/23d51c389066b6d55e246cb100a3d1ca9709a46a3a6c036952265943a2499be9-json.log",
        "Name": "/openriak-kv-3.4.0-alpine-3.21-otp24-node-4-t-568846z",
        "RestartCount": 0,
        "Driver": "overlay2",
        "Platform": "linux",
        "MountLabel": "",
        "ProcessLabel": "",
        "AppArmorProfile": "docker-default",
        "ExecIDs": [
            "fc70dcf17c5640ad39b7b86507b76064e3d8d75648b6661151966dca9e690aac"
        ],
        "HostConfig": {
            "Binds": [
                "/tmp/openriak-docker-3.4.0-alpine-3.21-otp24-36aygaif/openriak-kv-3.4.0-alpine-3.21-otp24-node-4/config:/etc/riak:rw",
                "/tmp/openriak-docker-3.4.0-alpine-3.21-otp24-36aygaif/openriak-kv-3.4.0-alpine-3.21-otp24-node-4/data:/var/lib/riak:rw",
                "/tmp/openriak-docker-3.4.0-alpine-3.21-otp24-36aygaif/openriak-kv-3.4.0-alpine-3.21-otp24-node-4/logs:/var/log/riak:rw",
                "/tmp/openriak-docker-3.4.0-alpine-3.21-otp24-36aygaif/openriak-kv-3.4.0-alpine-3.21-otp24-node-cluster-control:/var/lib/openriak-cluster-control:rw"
            ],
            "ContainerIDFile": "",
            "LogConfig": {
                "Type": "json-file",
                "Config": {
                    "max-file": "3",
                    "max-size": "10m"
                }
            },
            "NetworkMode": "openriak-kv-340-alpine-321-otp24-node-cluster_openriak",
            "PortBindings": {},
            "RestartPolicy": {
                "Name": "no",
                "MaximumRetryCount": 0
            },
            "AutoRemove": false,
            "VolumeDriver": "",
            "VolumesFrom": null,
            "ConsoleSize": [
                0,
                0
            ],
            "CapAdd": null,
            "CapDrop": null,
            "CgroupnsMode": "private",
            "Dns": null,
            "DnsOptions": null,
            "DnsSearch": null,
            "ExtraHosts": [],
            "GroupAdd": null,
            "IpcMode": "private",
            "Cgroup": "",
            "Links": null,
            "OomScoreAdj": 0,
            "PidMode": "",
            "Privileged": false,
            "PublishAllPorts": false,
            "ReadonlyRootfs": false,
            "SecurityOpt": null,
            "UTSMode": "",
            "UsernsMode": "",
            "ShmSize": 67108864,
            "Runtime": "runc",
            "Isolation": "",
            "CpuShares": 0,
            "Memory": 0,
            "NanoCpus": 0,
            "CgroupParent": "",
            "BlkioWeight": 0,
            "BlkioWeightDevice": null,
            "BlkioDeviceReadBps": null,
            "BlkioDeviceWriteBps": null,
            "BlkioDeviceReadIOps": null,
            "BlkioDeviceWriteIOps": null,
            "CpuPeriod": 0,
            "CpuQuota": 0,
            "CpuRealtimePeriod": 0,
            "CpuRealtimeRuntime": 0,
            "CpusetCpus": "",
            "CpusetMems": "",
            "Devices": null,
            "DeviceCgroupRules": null,
            "DeviceRequests": null,
            "MemoryReservation": 0,
            "MemorySwap": 0,
            "MemorySwappiness": null,
            "OomKillDisable": null,
            "PidsLimit": null,
            "Ulimits": [
                {
                    "Name": "nofile",
                    "Hard": 100000,
                    "Soft": 100000
                }
            ],
            "CpuCount": 0,
            "CpuPercent": 0,
            "IOMaximumIOps": 0,
            "IOMaximumBandwidth": 0,
            "MaskedPaths": [
                "/proc/asound",
                "/proc/acpi",
                "/proc/kcore",
                "/proc/keys",
                "/proc/latency_stats",
                "/proc/timer_list",
                "/proc/timer_stats",
                "/proc/sched_debug",
                "/proc/scsi",
                "/sys/firmware",
                "/sys/devices/virtual/powercap"
            ],
            "ReadonlyPaths": [
                "/proc/bus",
                "/proc/fs",
                "/proc/irq",
                "/proc/sys",
                "/proc/sysrq-trigger"
            ]
        },
        "GraphDriver": {
            "Data": {
                "LowerDir": "/var/lib/docker/overlay2/b7904aa63ab9608b9c451441f19f49b78fcdb17dffccfe05f9fa07eafd93808a-init/diff:/var/lib/docker/overlay2/19157a1f5a370e369a04fea9d1fdde106e5911e11b71821678f503ec94dc6aca/diff:/var/lib/docker/overlay2/4c094896bea532c541ba5d676df426d3334a7c4bc3d7fdec6f02d6acad78d902/diff:/var/lib/docker/overlay2/98fdf6fb99407140acd1f005b3803cb2e044c25d39eaa07de4fd271082d90a1a/diff:/var/lib/docker/overlay2/958ddd3145dbf0eeb5e44f67572e39345fa3d51457149fe4f47879e07adff8be/diff:/var/lib/docker/overlay2/4d4f279972e8d8f74e82fa513cf24c281664a374655d1c959c933a5788808db8/diff:/var/lib/docker/overlay2/ca8b33bb2465f4fe46810425d6facda250d70da2259306b5f8feeadba330873a/diff",
                "MergedDir": "/var/lib/docker/overlay2/b7904aa63ab9608b9c451441f19f49b78fcdb17dffccfe05f9fa07eafd93808a/merged",
                "UpperDir": "/var/lib/docker/overlay2/b7904aa63ab9608b9c451441f19f49b78fcdb17dffccfe05f9fa07eafd93808a/diff",
                "WorkDir": "/var/lib/docker/overlay2/b7904aa63ab9608b9c451441f19f49b78fcdb17dffccfe05f9fa07eafd93808a/work"
            },
            "Name": "overlay2"
        },
        "Mounts": [
            {
                "Type": "bind",
                "Source": "/tmp/openriak-docker-3.4.0-alpine-3.21-otp24-36aygaif/openriak-kv-3.4.0-alpine-3.21-otp24-node-4/logs",
                "Destination": "/var/log/riak",
                "Mode": "rw",
                "RW": true,
                "Propagation": "rprivate"
            },
            {
                "Type": "bind",
                "Source": "/tmp/openriak-docker-3.4.0-alpine-3.21-otp24-36aygaif/openriak-kv-3.4.0-alpine-3.21-otp24-node-cluster-control",
                "Destination": "/var/lib/openriak-cluster-control",
                "Mode": "rw",
                "RW": true,
                "Propagation": "rprivate"
            },
            {
                "Type": "bind",
                "Source": "/tmp/openriak-docker-3.4.0-alpine-3.21-otp24-36aygaif/openriak-kv-3.4.0-alpine-3.21-otp24-node-4/config",
                "Destination": "/etc/riak",
                "Mode": "rw",
                "RW": true,
                "Propagation": "rprivate"
            },
            {
                "Type": "bind",
                "Source": "/tmp/openriak-docker-3.4.0-alpine-3.21-otp24-36aygaif/openriak-kv-3.4.0-alpine-3.21-otp24-node-4/data",
                "Destination": "/var/lib/riak",
                "Mode": "rw",
                "RW": true,
                "Propagation": "rprivate"
            }
        ],
        "Config": {
            "Hostname": "node-04.cluster-a.openriak",
            "Domainname": "",
            "User": "",
            "AttachStdin": false,
            "AttachStdout": true,
            "AttachStderr": true,
            "ExposedPorts": {
                "8087/tcp": {},
                "8098/tcp": {}
            },
            "Tty": false,
            "OpenStdin": false,
            "StdinOnce": false,
            "Env": [
                "OPENRIAK_CLUSTER_POLL_SECONDS=1",
                "TZ=Asia/Tokyo",
                "RIAK_LOG_MAX_FILES=4",
                "RIAK_MONITOR_INTERVAL_SECONDS=1",
                "RIAK_UID=19001",
                "RIAK_LOG_MAX_FILE_SIZE=2MB",
                "OPENRIAK_CLUSTER_WAIT_SECONDS=3600",
                "RIAK_GID=19002",
                "RIAK_DISTRIBUTED_COOKIE=openriak-e84e55b0ffec56479521b95d8150b107",
                "RIAK_NODE_HOST=node-04.cluster-a.openriak",
                "OPENRIAK_CLUSTER_MODE=cluster",
                "PATH=/usr/local/sbin:/usr/local/bin:/usr/sbin:/usr/bin:/sbin:/bin",
                "RIAK_NODE_NAME=",
                "RIAK_RING_SIZE=8",
                "RIAK_STORAGE_BACKEND=leveled",
                "RIAK_ANTI_ENTROPY=passive",
                "RIAK_TICTACAAE_ACTIVE=active",
                "RIAK_TICTACAAE_STOREHEADS=enabled",
                "RIAK_HTTP_LISTENER=0.0.0.0:8098",
                "RIAK_PB_LISTENER=0.0.0.0:8087",
                "RIAK_NOFILE_LIMIT=100000",
                "RIAK_INIT_ONLY=0",
                "RIAK_STARTUP_POLL_SECONDS=1",
                "RIAK_SHUTDOWN_POLL_SECONDS=1",
                "OPENRIAK_CLUSTER_CONTROL_DIR=/var/lib/openriak-cluster-control",
                "role="
            ],
            "Cmd": null,
            "Healthcheck": {
                "Test": [
                    "CMD",
                    "/usr/local/bin/openriak-healthcheck"
                ],
                "Interval": 10000000000,
                "Timeout": 60000000000,
                "StartPeriod": 120000000000,
                "Retries": 3
            },
            "Image": "tiotjp/openriak-kv:test-3.4.0-alpine-3.21-otp24-linux-arm64-20260911t112854.568846z",
            "Volumes": {
                "/etc/riak": {},
                "/var/lib/riak": {},
                "/var/log/riak": {}
            },
            "WorkingDir": "/",
            "Entrypoint": [
                "/usr/local/bin/openriak-entrypoint"
            ],
            "OnBuild": null,
            "Labels": {
                "com.docker.compose.config-hash": "77c46862b44a6869f2076e4ed52089514637ee069cfd1507a76b7c5aba79494e",
                "com.docker.compose.container-number": "1",
                "com.docker.compose.depends_on": "",
                "com.docker.compose.image": "sha256:a674dc97dc4ea96ed9f7ded855c4d8649c2dd455ce9a763fb9690a86fe4d5cf8",
                "com.docker.compose.oneoff": "False",
                "com.docker.compose.project": "openriak-kv-340-alpine-321-otp24-node-cluster",
                "com.docker.compose.project.config_files": "/tmp/openriak-docker-3.4.0-alpine-3.21-otp24-36aygaif/compose.cluster.test.yaml",
                "com.docker.compose.project.environment_file": "/tmp/openriak-docker-3.4.0-alpine-3.21-otp24-36aygaif/.env.cluster",
                "com.docker.compose.project.working_dir": "/tmp/openriak-docker-3.4.0-alpine-3.21-otp24-36aygaif",
                "com.docker.compose.service": "node4",
                "com.docker.compose.version": "2.29.1",
                "org.opencontainers.image.description": "Package-backed OpenRiak KV with single-node and cluster startup support",
                "org.opencontainers.image.source": "https://github.com/TI-Tokyo/openriak-docs",
                "org.opencontainers.image.title": "OpenRiak KV",
                "org.opencontainers.image.url": "https://www.tiot.jp/",
                "org.opencontainers.image.vendor": "TI Tokyo",
                "org.opencontainers.image.version": "3.4.0",
                "org.openriak.image.tag": "tiotjp/openriak-kv:3.4.0-alpine-3.21-otp24",
                "org.openriak.os.name": "alpine",
                "org.openriak.os.release": "3.21",
                "org.openriak.os.version": "3.21",
                "org.openriak.otp.version": "24"
            },
            "StopSignal": "SIGTERM",
            "StopTimeout": 120
        },
        "NetworkSettings": {
            "Bridge": "",
            "SandboxID": "7262ba5dd2968e7cb00136229c99ce3ca43fc7f664f166014ab111cfd095819d",
            "SandboxKey": "/var/run/docker/netns/7262ba5dd296",
            "Ports": {
                "8087/tcp": null,
                "8098/tcp": null
            },
            "HairpinMode": false,
            "LinkLocalIPv6Address": "",
            "LinkLocalIPv6PrefixLen": 0,
            "SecondaryIPAddresses": null,
            "SecondaryIPv6Addresses": null,
            "EndpointID": "",
            "Gateway": "",
            "GlobalIPv6Address": "",
            "GlobalIPv6PrefixLen": 0,
            "IPAddress": "",
            "IPPrefixLen": 0,
            "IPv6Gateway": "",
            "MacAddress": "",
            "Networks": {
                "openriak-kv-340-alpine-321-otp24-node-cluster_openriak": {
                    "IPAMConfig": {},
                    "Links": null,
                    "Aliases": [
                        "openriak-kv-3.4.0-alpine-3.21-otp24-node-4-t-568846z",
                        "node4",
                        "node-04.cluster-a.openriak"
                    ],
                    "MacAddress": "02:42:ac:12:00:04",
                    "DriverOpts": null,
                    "NetworkID": "6eb2ffb26d065c9fb6d7bae2f9f734d8df40d3f2eb843375da5b6a5e1feb6584",
                    "EndpointID": "9b20aeb5b51441ccd5e3760bb6dd3d38bfea65b88015e0aae9ec3abf69150080",
                    "Gateway": "172.18.0.1",
                    "IPAddress": "172.18.0.4",
                    "IPPrefixLen": 16,
                    "IPv6Gateway": "",
                    "GlobalIPv6Address": "",
                    "GlobalIPv6PrefixLen": 0,
                    "DNSNames": [
                        "openriak-kv-3.4.0-alpine-3.21-otp24-node-4-t-568846z",
                        "node4",
                        "node-04.cluster-a.openriak",
                        "23d51c389066"
                    ]
                }
            }
        }
    }
]

timeout_seconds: 3600
exit_code: 0
$ /usr/bin/docker exec openriak-kv-3.4.0-alpine-3.21-otp24-node-4-t-568846z sh -ec 'if command -v curl >/dev/null 2>&1
then
    echo '"'"'Unexpected curl executable in Alpine image'"'"' >&2
    exit 1
fi
for package in curl libcurl
do
    if apk info -e "$package" >/dev/null 2>&1
    then
        echo "Unexpected $package package in Alpine image" >&2
        exit 1
    fi
done
for library in /usr/lib/libcurl.so*
do
    test ! -e "$library"
done
apk info -e coreutils
'
started: 2026-09-11T11:56:30Z
coreutils

timeout_seconds: 3600
exit_code: 0
