$ /usr/bin/docker compose --env-file /tmp/openriak-docker-3.4.0-alpine-3.21-otp24-36aygaif/.env.cluster --project-directory /tmp/openriak-docker-3.4.0-alpine-3.21-otp24-36aygaif --file /tmp/openriak-docker-3.4.0-alpine-3.21-otp24-36aygaif/compose.cluster.test.yaml up --detach --no-build
started: 2026-09-11T11:31:01Z
 Network openriak-kv-340-alpine-321-otp24-node-cluster_openriak  Creating
 Network openriak-kv-340-alpine-321-otp24-node-cluster_openriak  Created
 Container openriak-kv-3.4.0-alpine-3.21-otp24-node-4-t-568846z  Creating
 Container openriak-kv-3.4.0-alpine-3.21-otp24-node-2-t-568846z  Creating
 Container openriak-kv-3.4.0-alpine-3.21-otp24-node-1-t-568846z  Creating
 Container openriak-kv-3.4.0-alpine-3.21-otp24-node-3-t-568846z  Creating
 Container openriak-kv-3.4.0-alpine-3.21-otp24-node-5-t-568846z  Creating
 Container openriak-kv-3.4.0-alpine-3.21-otp24-node-2-t-568846z  Created
 Container openriak-kv-3.4.0-alpine-3.21-otp24-node-5-t-568846z  Created
 Container openriak-kv-3.4.0-alpine-3.21-otp24-node-3-t-568846z  Created
 Container openriak-kv-3.4.0-alpine-3.21-otp24-node-4-t-568846z  Created
 Container openriak-kv-3.4.0-alpine-3.21-otp24-node-1-t-568846z  Created
 Container openriak-kv-3.4.0-alpine-3.21-otp24-node-1-t-568846z  Starting
 Container openriak-kv-3.4.0-alpine-3.21-otp24-node-5-t-568846z  Starting
 Container openriak-kv-3.4.0-alpine-3.21-otp24-node-3-t-568846z  Starting
 Container openriak-kv-3.4.0-alpine-3.21-otp24-node-4-t-568846z  Starting
 Container openriak-kv-3.4.0-alpine-3.21-otp24-node-2-t-568846z  Starting
 Container openriak-kv-3.4.0-alpine-3.21-otp24-node-5-t-568846z  Started
 Container openriak-kv-3.4.0-alpine-3.21-otp24-node-1-t-568846z  Started
 Container openriak-kv-3.4.0-alpine-3.21-otp24-node-4-t-568846z  Started
 Container openriak-kv-3.4.0-alpine-3.21-otp24-node-3-t-568846z  Started
 Container openriak-kv-3.4.0-alpine-3.21-otp24-node-2-t-568846z  Started

timeout_seconds: 3600
exit_code: 0
