$ /usr/bin/docker logs openriak-kv-3.4.0-alpine-3.21-otp24-node-5-t-568846z
started: 2026-09-11T11:56:32Z
2026-09-11T20:31:01+09:00 [openriak-entrypoint] configuration: timezone = Asia/Tokyo
usermod: no changes
2026-09-11T20:31:02+09:00 [openriak-entrypoint] configuration: riak UID/GID = 19001/19002
2026-09-11T20:31:02+09:00 [openriak-entrypoint] configuration: preparing mounted directories
2026-09-11T20:31:02+09:00 [openriak-entrypoint] configuration: seeding /etc/riak from packaged defaults
2026-09-11T20:31:03+09:00 [openriak-entrypoint] configuration: current Docker IPv4 address = 172.18.0.2
2026-09-11T20:31:03+09:00 [openriak-entrypoint] configuration: waiting for coordinator cookie before daemon startup
2026-09-11T20:31:04+09:00 [openriak-entrypoint] configuration: waiting for coordinator cookie before daemon startup
2026-09-11T20:31:05+09:00 [openriak-entrypoint] configuration: waiting for coordinator cookie before daemon startup
2026-09-11T20:31:06+09:00 [openriak-entrypoint] configuration: waiting for coordinator cookie before daemon startup
2026-09-11T20:31:07+09:00 [openriak-entrypoint] configuration: waiting for coordinator cookie before daemon startup
2026-09-11T20:31:08+09:00 [openriak-entrypoint] configuration: waiting for coordinator cookie before daemon startup
2026-09-11T20:31:09+09:00 [openriak-entrypoint] configuration: waiting for coordinator cookie before daemon startup
2026-09-11T20:31:11+09:00 [openriak-entrypoint] configuration: waiting for coordinator cookie before daemon startup
2026-09-11T20:31:12+09:00 [openriak-entrypoint] configuration: waiting for coordinator cookie before daemon startup
2026-09-11T20:31:13+09:00 [openriak-entrypoint] configuration: waiting for coordinator cookie before daemon startup
2026-09-11T20:31:14+09:00 [openriak-entrypoint] configuration: waiting for coordinator cookie before daemon startup
2026-09-11T20:31:15+09:00 [openriak-entrypoint] configuration: waiting for coordinator cookie before daemon startup
2026-09-11T20:31:16+09:00 [openriak-entrypoint] configuration: waiting for coordinator cookie before daemon startup
2026-09-11T20:31:17+09:00 [openriak-entrypoint] configuration: waiting for coordinator cookie before daemon startup
2026-09-11T20:31:18+09:00 [openriak-entrypoint] configuration: waiting for coordinator cookie before daemon startup
2026-09-11T20:31:19+09:00 [openriak-entrypoint] configuration: waiting for coordinator cookie before daemon startup
2026-09-11T20:31:20+09:00 [openriak-entrypoint] configuration: waiting for coordinator cookie before daemon startup
2026-09-11T20:31:21+09:00 [openriak-entrypoint] configuration: waiting for coordinator cookie before daemon startup
2026-09-11T20:31:23+09:00 [openriak-entrypoint] configuration: waiting for coordinator cookie before daemon startup
2026-09-11T20:31:24+09:00 [openriak-entrypoint] configuration: waiting for coordinator cookie before daemon startup
2026-09-11T20:31:25+09:00 [openriak-entrypoint] configuration: waiting for coordinator cookie before daemon startup
2026-09-11T20:31:26+09:00 [openriak-entrypoint] configuration: waiting for coordinator cookie before daemon startup
2026-09-11T20:31:27+09:00 [openriak-entrypoint] configuration: waiting for coordinator cookie before daemon startup
2026-09-11T20:31:28+09:00 [openriak-entrypoint] configuration: waiting for coordinator cookie before daemon startup
2026-09-11T20:31:29+09:00 [openriak-entrypoint] configuration: waiting for coordinator cookie before daemon startup
2026-09-11T20:31:30+09:00 [openriak-entrypoint] configuration: waiting for coordinator cookie before daemon startup
2026-09-11T20:31:31+09:00 [openriak-entrypoint] configuration: waiting for coordinator cookie before daemon startup
2026-09-11T20:31:32+09:00 [openriak-entrypoint] configuration: waiting for coordinator cookie before daemon startup
2026-09-11T20:31:33+09:00 [openriak-entrypoint] configuration: waiting for coordinator cookie before daemon startup
2026-09-11T20:31:34+09:00 [openriak-entrypoint] configuration: waiting for coordinator cookie before daemon startup
2026-09-11T20:31:36+09:00 [openriak-entrypoint] configuration: waiting for coordinator cookie before daemon startup
2026-09-11T20:31:37+09:00 [openriak-entrypoint] configuration: waiting for coordinator cookie before daemon startup
2026-09-11T20:31:38+09:00 [openriak-entrypoint] configuration: waiting for coordinator cookie before daemon startup
2026-09-11T20:31:39+09:00 [openriak-entrypoint] configuration: waiting for coordinator cookie before daemon startup
2026-09-11T20:31:40+09:00 [openriak-entrypoint] configuration: waiting for coordinator cookie before daemon startup
2026-09-11T20:31:41+09:00 [openriak-entrypoint] configuration: waiting for coordinator cookie before daemon startup
2026-09-11T20:31:42+09:00 [openriak-entrypoint] configuration: waiting for coordinator cookie before daemon startup
2026-09-11T20:31:43+09:00 [openriak-entrypoint] configuration: waiting for coordinator cookie before daemon startup
2026-09-11T20:31:44+09:00 [openriak-entrypoint] configuration: waiting for coordinator cookie before daemon startup
2026-09-11T20:31:45+09:00 [openriak-entrypoint] configuration: waiting for coordinator cookie before daemon startup
2026-09-11T20:31:46+09:00 [openriak-entrypoint] configuration: waiting for coordinator cookie before daemon startup
2026-09-11T20:31:48+09:00 [openriak-entrypoint] configuration: waiting for coordinator cookie before daemon startup
2026-09-11T20:31:49+09:00 [openriak-entrypoint] configuration: waiting for coordinator cookie before daemon startup
2026-09-11T20:31:50+09:00 [openriak-entrypoint] configuration: waiting for coordinator cookie before daemon startup
2026-09-11T20:31:51+09:00 [openriak-entrypoint] configuration: waiting for coordinator cookie before daemon startup
2026-09-11T20:31:52+09:00 [openriak-entrypoint] configuration: waiting for coordinator cookie before daemon startup
2026-09-11T20:31:53+09:00 [openriak-entrypoint] configuration: waiting for coordinator cookie before daemon startup
2026-09-11T20:31:54+09:00 [openriak-entrypoint] configuration: waiting for coordinator cookie before daemon startup
2026-09-11T20:31:55+09:00 [openriak-entrypoint] configuration: waiting for coordinator cookie before daemon startup
2026-09-11T20:31:56+09:00 [openriak-entrypoint] configuration: waiting for coordinator cookie before daemon startup
2026-09-11T20:31:57+09:00 [openriak-entrypoint] configuration: waiting for coordinator cookie before daemon startup
2026-09-11T20:31:58+09:00 [openriak-entrypoint] configuration: waiting for coordinator cookie before daemon startup
2026-09-11T20:32:00+09:00 [openriak-entrypoint] configuration: waiting for coordinator cookie before daemon startup
2026-09-11T20:32:01+09:00 [openriak-entrypoint] configuration: waiting for coordinator cookie before daemon startup
2026-09-11T20:32:02+09:00 [openriak-entrypoint] configuration: waiting for coordinator cookie before daemon startup
2026-09-11T20:32:03+09:00 [openriak-entrypoint] configuration: waiting for coordinator cookie before daemon startup
2026-09-11T20:32:04+09:00 [openriak-entrypoint] configuration: waiting for coordinator cookie before daemon startup
2026-09-11T20:32:05+09:00 [openriak-entrypoint] configuration: waiting for coordinator cookie before daemon startup
2026-09-11T20:32:06+09:00 [openriak-entrypoint] configuration: waiting for coordinator cookie before daemon startup
2026-09-11T20:32:07+09:00 [openriak-entrypoint] configuration: waiting for coordinator cookie before daemon startup
2026-09-11T20:32:08+09:00 [openriak-entrypoint] configuration: waiting for coordinator cookie before daemon startup
2026-09-11T20:32:09+09:00 [openriak-entrypoint] configuration: waiting for coordinator cookie before daemon startup
2026-09-11T20:32:10+09:00 [openriak-entrypoint] configuration: waiting for coordinator cookie before daemon startup
2026-09-11T20:32:12+09:00 [openriak-entrypoint] configuration: waiting for coordinator cookie before daemon startup
2026-09-11T20:32:13+09:00 [openriak-entrypoint] configuration: waiting for coordinator cookie before daemon startup
2026-09-11T20:32:14+09:00 [openriak-entrypoint] configuration: waiting for coordinator cookie before daemon startup
2026-09-11T20:32:15+09:00 [openriak-entrypoint] configuration: waiting for coordinator cookie before daemon startup
2026-09-11T20:32:16+09:00 [openriak-entrypoint] configuration: waiting for coordinator cookie before daemon startup
2026-09-11T20:32:17+09:00 [openriak-entrypoint] configuration: waiting for coordinator cookie before daemon startup
2026-09-11T20:32:18+09:00 [openriak-entrypoint] configuration: waiting for coordinator cookie before daemon startup
2026-09-11T20:32:19+09:00 [openriak-entrypoint] configuration: waiting for coordinator cookie before daemon startup
2026-09-11T20:32:20+09:00 [openriak-entrypoint] configuration: waiting for coordinator cookie before daemon startup
2026-09-11T20:32:21+09:00 [openriak-entrypoint] configuration: waiting for coordinator cookie before daemon startup
2026-09-11T20:32:23+09:00 [openriak-entrypoint] configuration: waiting for coordinator cookie before daemon startup
2026-09-11T20:32:24+09:00 [openriak-entrypoint] configuration: waiting for coordinator cookie before daemon startup
2026-09-11T20:32:25+09:00 [openriak-entrypoint] configuration: waiting for coordinator cookie before daemon startup
2026-09-11T20:32:26+09:00 [openriak-entrypoint] configuration: waiting for coordinator cookie before daemon startup
2026-09-11T20:32:27+09:00 [openriak-entrypoint] configuration: waiting for coordinator cookie before daemon startup
2026-09-11T20:32:28+09:00 [openriak-entrypoint] configuration: waiting for coordinator cookie before daemon startup
2026-09-11T20:32:29+09:00 [openriak-entrypoint] configuration: waiting for coordinator cookie before daemon startup
2026-09-11T20:32:30+09:00 [openriak-entrypoint] configuration: waiting for coordinator cookie before daemon startup
2026-09-11T20:32:31+09:00 [openriak-entrypoint] configuration: waiting for coordinator cookie before daemon startup
2026-09-11T20:32:33+09:00 [openriak-entrypoint] configuration: waiting for coordinator cookie before daemon startup
2026-09-11T20:32:34+09:00 [openriak-entrypoint] configuration: waiting for coordinator cookie before daemon startup
2026-09-11T20:32:35+09:00 [openriak-entrypoint] configuration: waiting for coordinator cookie before daemon startup
2026-09-11T20:32:36+09:00 [openriak-entrypoint] configuration: waiting for coordinator cookie before daemon startup
2026-09-11T20:32:37+09:00 [openriak-entrypoint] configuration: waiting for coordinator cookie before daemon startup
2026-09-11T20:32:38+09:00 [openriak-entrypoint] configuration: waiting for coordinator cookie before daemon startup
2026-09-11T20:32:39+09:00 [openriak-entrypoint] configuration: waiting for coordinator cookie before daemon startup
2026-09-11T20:32:40+09:00 [openriak-entrypoint] configuration: waiting for coordinator cookie before daemon startup
2026-09-11T20:32:41+09:00 [openriak-entrypoint] configuration: waiting for coordinator cookie before daemon startup
2026-09-11T20:32:43+09:00 [openriak-entrypoint] configuration: waiting for coordinator cookie before daemon startup
2026-09-11T20:32:44+09:00 [openriak-entrypoint] configuration: waiting for coordinator cookie before daemon startup
2026-09-11T20:32:45+09:00 [openriak-entrypoint] configuration: waiting for coordinator cookie before daemon startup
2026-09-11T20:32:46+09:00 [openriak-entrypoint] configuration: waiting for coordinator cookie before daemon startup
2026-09-11T20:32:47+09:00 [openriak-entrypoint] configuration: waiting for coordinator cookie before daemon startup
2026-09-11T20:32:48+09:00 [openriak-entrypoint] configuration: waiting for coordinator cookie before daemon startup
2026-09-11T20:32:49+09:00 [openriak-entrypoint] configuration: waiting for coordinator cookie before daemon startup
2026-09-11T20:32:50+09:00 [openriak-entrypoint] configuration: waiting for coordinator cookie before daemon startup
2026-09-11T20:32:51+09:00 [openriak-entrypoint] configuration: waiting for coordinator cookie before daemon startup
2026-09-11T20:32:52+09:00 [openriak-entrypoint] configuration: waiting for coordinator cookie before daemon startup
2026-09-11T20:32:54+09:00 [openriak-entrypoint] configuration: waiting for coordinator cookie before daemon startup
2026-09-11T20:32:55+09:00 [openriak-entrypoint] configuration: waiting for coordinator cookie before daemon startup
2026-09-11T20:32:56+09:00 [openriak-entrypoint] configuration: waiting for coordinator cookie before daemon startup
2026-09-11T20:32:57+09:00 [openriak-entrypoint] configuration: waiting for coordinator cookie before daemon startup
2026-09-11T20:32:58+09:00 [openriak-entrypoint] configuration: waiting for coordinator cookie before daemon startup
2026-09-11T20:32:59+09:00 [openriak-entrypoint] configuration: waiting for coordinator cookie before daemon startup
2026-09-11T20:33:00+09:00 [openriak-entrypoint] configuration: waiting for coordinator cookie before daemon startup
2026-09-11T20:33:01+09:00 [openriak-entrypoint] configuration: waiting for coordinator cookie before daemon startup
2026-09-11T20:33:02+09:00 [openriak-entrypoint] configuration: waiting for coordinator cookie before daemon startup
2026-09-11T20:33:03+09:00 [openriak-entrypoint] configuration: waiting for coordinator cookie before daemon startup
2026-09-11T20:33:05+09:00 [openriak-entrypoint] configuration: waiting for coordinator cookie before daemon startup
2026-09-11T20:33:06+09:00 [openriak-entrypoint] configuration: waiting for coordinator cookie before daemon startup
2026-09-11T20:33:07+09:00 [openriak-entrypoint] configuration: waiting for coordinator cookie before daemon startup
2026-09-11T20:33:09+09:00 [openriak-entrypoint] configuration: adopted coordinator cookie before daemon startup
2026-09-11T20:33:09+09:00 [openriak-entrypoint] configuration: nodename = openriak-kv@node-05.cluster-a.openriak
2026-09-11T20:33:09+09:00 [openriak-entrypoint] configuration: distributed_cookie = openriak-c8010b200b469890736b66c2ff1d766c
2026-09-11T20:33:10+09:00 [openriak-entrypoint] configuration: effective distributed cookie = openriak-c8010b200b469890736b66c2ff1d766c
2026-09-11T20:33:10+09:00 [openriak-entrypoint] configuration: ring_size = 8
2026-09-11T20:33:10+09:00 [openriak-entrypoint] configuration: storage_backend = leveled
2026-09-11T20:33:11+09:00 [openriak-entrypoint] configuration: anti_entropy = passive
2026-09-11T20:33:11+09:00 [openriak-entrypoint] configuration: tictacaae_active = active
2026-09-11T20:33:12+09:00 [openriak-entrypoint] configuration: tictacaae_storeheads = enabled
2026-09-11T20:33:12+09:00 [openriak-entrypoint] configuration: listener.http.internal = 0.0.0.0:8098
2026-09-11T20:33:12+09:00 [openriak-entrypoint] configuration: listener.protobuf.internal = 0.0.0.0:8087
2026-09-11T20:33:13+09:00 [openriak-entrypoint] configuration: logger.max_file_size = 2MB
2026-09-11T20:33:13+09:00 [openriak-entrypoint] configuration: logger.max_files = 4
2026-09-11T20:33:13+09:00 [openriak-entrypoint] startup: validating configuration and generating VM arguments
2026-09-11T20:34:41+09:00 [openriak-entrypoint] startup: configuration is valid (config is OK -config /var/lib/riak/generated.conf/app.2026.09.11.20.33.30.config -args_file /var/lib/riak/generated.conf/vm.2026.09.11.20.33.31.args -vm_args /var/lib/riak/generated.conf/vm.2026.09.11.20.33.31.args)
2026-09-11T20:34:41+09:00 [openriak-entrypoint] startup: starting OpenRiak as a daemon
2026-09-11T20:37:50+09:00 [openriak-entrypoint] startup: daemon command completed
2026-09-11T20:37:51+09:00 [openriak-entrypoint] startup: waiting for BEAM and riak ping
2026-09-11T20:38:10+09:00 [openriak-entrypoint] startup: BEAM is running and riak ping returned pong
2026-09-11T20:38:10+09:00 [openriak-entrypoint] startup: waiting for the riak_kv service
2026-09-11T20:38:40+09:00 [openriak-entrypoint] startup: riak_kv service is up ([riak_kv,riak_pipe,riak_repl])
2026-09-11T20:38:40+09:00 [openriak-entrypoint] startup: waiting for Riak transfers to complete
2026-09-11T20:38:58+09:00 [openriak-entrypoint] startup: transfers complete (No transfers active Active Transfers: ok)
2026-09-11T20:38:59+09:00 [openriak-entrypoint] cluster: Role: Follower
2026-09-11T20:39:20+09:00 [openriak-entrypoint] cluster: announced openriak-kv@node-05.cluster-a.openriak at 172.18.0.2 to coordinator openriak-kv@node-01.cluster-a.openriak (8fbdf1e3f84129d3)
2026-09-11T20:39:20+09:00 [openriak-entrypoint] cluster: follower waiting for coordinator approval (1s/3600s)
2026-09-11T20:39:23+09:00 [openriak-entrypoint] cluster: follower waiting for coordinator approval (2s/3600s)
2026-09-11T20:39:25+09:00 [openriak-entrypoint] cluster: follower waiting for coordinator approval (3s/3600s)
2026-09-11T20:39:27+09:00 [openriak-entrypoint] cluster: follower waiting for coordinator approval (4s/3600s)
2026-09-11T20:39:29+09:00 [openriak-entrypoint] cluster: follower waiting for coordinator approval (5s/3600s)
2026-09-11T20:39:32+09:00 [openriak-entrypoint] cluster: follower waiting for coordinator approval (6s/3600s)
2026-09-11T20:39:35+09:00 [openriak-entrypoint] cluster: join approved by openriak-kv@node-01.cluster-a.openriak (8fbdf1e3f84129d3)
2026-09-11T20:39:53+09:00 [openriak-entrypoint] cluster: join: Success: staged join request for 'openriak-kv@node-05.cluster-a.openriak' to 'openriak-kv@node-01.cluster-a.openriak'
2026-09-11T20:39:53+09:00 [openriak-entrypoint] cluster: join: ok
2026-09-11T20:39:53+09:00 [openriak-entrypoint] cluster: join request accepted; waiting for plan and commit
2026-09-11T20:40:15+09:00 [openriak-entrypoint] cluster: waiting for the ring to become ready
2026-09-11T20:40:36+09:00 [openriak-entrypoint] cluster: ring is ready (TRUE All nodes agree on the ring ['openriak-kv@node-01.cluster-a.openriak', 'openriak-kv@node-02.cluster-a.openriak', 'openriak-kv@node-03.cluster-a.openriak', 'openriak-kv@node-04.cluster-a.openriak', 'openriak-kv@node-05.cluster-a.openriak'] ok)
2026-09-11T20:40:36+09:00 [openriak-entrypoint] startup: waiting for Riak transfers to complete
2026-09-11T20:40:58+09:00 [openriak-entrypoint] startup: waiting for transfers (attempt 1, transfers='openriak-kv@node-05.cluster-a.openriak' waiting to handoff 5 partitions 'openriak-kv@node-04.cluster-a.openriak' waiting to handoff 7 partitions 'openriak-kv@node-03.cluster-a.openriak' waiting to handoff 1 partitions 'openriak-kv@node-02.cluster-a.openriak' waiting to handoff 1 partitions Active Transfers: ok)
2026-09-11T20:41:23+09:00 [openriak-entrypoint] startup: waiting for transfers (attempt 2, transfers='openriak-kv@node-05.cluster-a.openriak' waiting to handoff 1 partitions 'openriak-kv@node-04.cluster-a.openriak' waiting to handoff 6 partitions 'openriak-kv@node-02.cluster-a.openriak' does not have 2 primary partitions running 'openriak-kv@node-01.cluster-a.openriak' waiting to handoff 6 partitions Active Transfers: ok)
2026-09-11T20:41:45+09:00 [openriak-entrypoint] startup: waiting for transfers (attempt 3, transfers='openriak-kv@node-05.cluster-a.openriak' waiting to handoff 1 partitions 'openriak-kv@node-04.cluster-a.openriak' waiting to handoff 6 partitions 'openriak-kv@node-01.cluster-a.openriak' waiting to handoff 6 partitions Active Transfers: ok)
2026-09-11T20:42:06+09:00 [openriak-entrypoint] startup: waiting for transfers (attempt 4, transfers='openriak-kv@node-05.cluster-a.openriak' waiting to handoff 1 partitions 'openriak-kv@node-04.cluster-a.openriak' waiting to handoff 2 partitions 'openriak-kv@node-01.cluster-a.openriak' waiting to handoff 6 partitions Active Transfers: ok)
2026-09-11T20:42:28+09:00 [openriak-entrypoint] startup: waiting for transfers (attempt 5, transfers='openriak-kv@node-05.cluster-a.openriak' waiting to handoff 1 partitions 'openriak-kv@node-04.cluster-a.openriak' waiting to handoff 2 partitions 'openriak-kv@node-01.cluster-a.openriak' waiting to handoff 6 partitions Active Transfers: ok)
2026-09-11T20:42:50+09:00 [openriak-entrypoint] startup: waiting for transfers (attempt 6, transfers='openriak-kv@node-05.cluster-a.openriak' waiting to handoff 1 partitions 'openriak-kv@node-04.cluster-a.openriak' waiting to handoff 2 partitions 'openriak-kv@node-01.cluster-a.openriak' waiting to handoff 4 partitions Active Transfers: ok)
2026-09-11T20:43:11+09:00 [openriak-entrypoint] startup: waiting for transfers (attempt 7, transfers='openriak-kv@node-05.cluster-a.openriak' waiting to handoff 1 partitions 'openriak-kv@node-01.cluster-a.openriak' waiting to handoff 2 partitions Active Transfers: ok)
2026-09-11T20:43:31+09:00 [openriak-entrypoint] startup: transfers complete (No transfers active Active Transfers: ok)
2026-09-11T20:43:31+09:00 [openriak-entrypoint] cluster: waiting for coordinator completion confirmation
2026-09-11T20:43:36+09:00 [openriak-entrypoint] cluster: coordinator confirmed completion for openriak-kv@node-05.cluster-a.openriak
2026-09-11T20:43:36+09:00 [openriak-entrypoint] cluster: follower joined openriak-kv@node-01.cluster-a.openriak successfully
2026-09-11T20:43:36+09:00 [openriak-entrypoint] startup: OpenRiak is ready
2026-09-11T20:43:36+09:00 [openriak-entrypoint] monitor: sleeping for 1s
2026-09-11T20:43:45+09:00 [openriak-entrypoint] monitor: BEAM is running and riak ping returned pong
2026-09-11T20:43:45+09:00 [openriak-entrypoint] monitor: sleeping for 1s
2026-09-11T20:43:59+09:00 [openriak-entrypoint] monitor: BEAM is running and riak ping returned pong
2026-09-11T20:43:59+09:00 [openriak-entrypoint] monitor: sleeping for 1s
2026-09-11T20:44:07+09:00 [openriak-entrypoint] monitor: BEAM is running and riak ping returned pong
2026-09-11T20:44:07+09:00 [openriak-entrypoint] monitor: sleeping for 1s
2026-09-11T20:44:21+09:00 [openriak-entrypoint] monitor: BEAM is running and riak ping returned pong
2026-09-11T20:44:21+09:00 [openriak-entrypoint] monitor: sleeping for 1s
2026-09-11T20:44:29+09:00 [openriak-entrypoint] monitor: BEAM is running and riak ping returned pong
2026-09-11T20:44:30+09:00 [openriak-entrypoint] monitor: sleeping for 1s
2026-09-11T20:44:44+09:00 [openriak-entrypoint] monitor: BEAM is running and riak ping returned pong
2026-09-11T20:44:44+09:00 [openriak-entrypoint] monitor: sleeping for 1s
2026-09-11T20:44:52+09:00 [openriak-entrypoint] monitor: BEAM is running and riak ping returned pong
2026-09-11T20:44:52+09:00 [openriak-entrypoint] monitor: sleeping for 1s
2026-09-11T20:45:06+09:00 [openriak-entrypoint] monitor: BEAM is running and riak ping returned pong
2026-09-11T20:45:06+09:00 [openriak-entrypoint] monitor: sleeping for 1s
2026-09-11T20:45:14+09:00 [openriak-entrypoint] monitor: BEAM is running and riak ping returned pong
2026-09-11T20:45:14+09:00 [openriak-entrypoint] monitor: sleeping for 1s
2026-09-11T20:45:28+09:00 [openriak-entrypoint] monitor: BEAM is running and riak ping returned pong
2026-09-11T20:45:28+09:00 [openriak-entrypoint] monitor: sleeping for 1s
2026-09-11T20:45:38+09:00 [openriak-entrypoint] monitor: BEAM is running and riak ping returned pong
2026-09-11T20:45:38+09:00 [openriak-entrypoint] monitor: sleeping for 1s
2026-09-11T20:45:56+09:00 [openriak-entrypoint] monitor: BEAM is running and riak ping returned pong
2026-09-11T20:45:56+09:00 [openriak-entrypoint] monitor: sleeping for 1s
2026-09-11T20:46:10+09:00 [openriak-entrypoint] monitor: BEAM is running and riak ping returned pong
2026-09-11T20:46:10+09:00 [openriak-entrypoint] monitor: sleeping for 1s
2026-09-11T20:46:24+09:00 [openriak-entrypoint] monitor: BEAM is running and riak ping returned pong
2026-09-11T20:46:24+09:00 [openriak-entrypoint] monitor: sleeping for 1s
2026-09-11T20:46:41+09:00 [openriak-entrypoint] monitor: BEAM is running and riak ping returned pong
2026-09-11T20:46:41+09:00 [openriak-entrypoint] monitor: sleeping for 1s
2026-09-11T20:46:55+09:00 [openriak-entrypoint] monitor: BEAM is running and riak ping returned pong
2026-09-11T20:46:55+09:00 [openriak-entrypoint] monitor: sleeping for 1s
2026-09-11T20:47:10+09:00 [openriak-entrypoint] monitor: BEAM is running and riak ping returned pong
2026-09-11T20:47:10+09:00 [openriak-entrypoint] monitor: sleeping for 1s
2026-09-11T20:47:19+09:00 [openriak-entrypoint] monitor: BEAM is running and riak ping returned pong
2026-09-11T20:47:19+09:00 [openriak-entrypoint] monitor: sleeping for 1s
2026-09-11T20:47:32+09:00 [openriak-entrypoint] monitor: BEAM is running and riak ping returned pong
2026-09-11T20:47:32+09:00 [openriak-entrypoint] monitor: sleeping for 1s
2026-09-11T20:47:42+09:00 [openriak-entrypoint] monitor: BEAM is running and riak ping returned pong
2026-09-11T20:47:42+09:00 [openriak-entrypoint] monitor: sleeping for 1s
2026-09-11T20:47:54+09:00 [openriak-entrypoint] monitor: BEAM is running and riak ping returned pong
2026-09-11T20:47:55+09:00 [openriak-entrypoint] monitor: sleeping for 1s
2026-09-11T20:48:05+09:00 [openriak-entrypoint] monitor: BEAM is running and riak ping returned pong
2026-09-11T20:48:05+09:00 [openriak-entrypoint] monitor: sleeping for 1s
2026-09-11T20:48:16+09:00 [openriak-entrypoint] monitor: BEAM is running and riak ping returned pong
2026-09-11T20:48:16+09:00 [openriak-entrypoint] monitor: sleeping for 1s
2026-09-11T20:48:27+09:00 [openriak-entrypoint] monitor: BEAM is running and riak ping returned pong
2026-09-11T20:48:27+09:00 [openriak-entrypoint] monitor: sleeping for 1s
2026-09-11T20:48:37+09:00 [openriak-entrypoint] monitor: BEAM is running and riak ping returned pong
2026-09-11T20:48:37+09:00 [openriak-entrypoint] monitor: sleeping for 1s
2026-09-11T20:48:48+09:00 [openriak-entrypoint] monitor: BEAM is running and riak ping returned pong
2026-09-11T20:48:48+09:00 [openriak-entrypoint] monitor: sleeping for 1s
2026-09-11T20:48:59+09:00 [openriak-entrypoint] monitor: BEAM is running and riak ping returned pong
2026-09-11T20:48:59+09:00 [openriak-entrypoint] monitor: sleeping for 1s
2026-09-11T20:49:10+09:00 [openriak-entrypoint] monitor: BEAM is running and riak ping returned pong
2026-09-11T20:49:10+09:00 [openriak-entrypoint] monitor: sleeping for 1s
2026-09-11T20:49:21+09:00 [openriak-entrypoint] monitor: BEAM is running and riak ping returned pong
2026-09-11T20:49:21+09:00 [openriak-entrypoint] monitor: sleeping for 1s
2026-09-11T20:49:32+09:00 [openriak-entrypoint] monitor: BEAM is running and riak ping returned pong
2026-09-11T20:49:32+09:00 [openriak-entrypoint] monitor: sleeping for 1s
2026-09-11T20:49:42+09:00 [openriak-entrypoint] monitor: BEAM is running and riak ping returned pong
2026-09-11T20:49:42+09:00 [openriak-entrypoint] monitor: sleeping for 1s
2026-09-11T20:49:52+09:00 [openriak-entrypoint] monitor: BEAM is running and riak ping returned pong
2026-09-11T20:49:52+09:00 [openriak-entrypoint] monitor: sleeping for 1s
2026-09-11T20:50:04+09:00 [openriak-entrypoint] monitor: BEAM is running and riak ping returned pong
2026-09-11T20:50:04+09:00 [openriak-entrypoint] monitor: sleeping for 1s
2026-09-11T20:50:13+09:00 [openriak-entrypoint] monitor: BEAM is running and riak ping returned pong
2026-09-11T20:50:13+09:00 [openriak-entrypoint] monitor: sleeping for 1s
2026-09-11T20:50:27+09:00 [openriak-entrypoint] monitor: BEAM is running and riak ping returned pong
2026-09-11T20:50:27+09:00 [openriak-entrypoint] monitor: sleeping for 1s
2026-09-11T20:50:35+09:00 [openriak-entrypoint] monitor: BEAM is running and riak ping returned pong
2026-09-11T20:50:35+09:00 [openriak-entrypoint] monitor: sleeping for 1s
2026-09-11T20:50:48+09:00 [openriak-entrypoint] monitor: BEAM is running and riak ping returned pong
2026-09-11T20:50:48+09:00 [openriak-entrypoint] monitor: sleeping for 1s
2026-09-11T20:50:56+09:00 [openriak-entrypoint] monitor: BEAM is running and riak ping returned pong
2026-09-11T20:50:56+09:00 [openriak-entrypoint] monitor: sleeping for 1s
2026-09-11T20:51:09+09:00 [openriak-entrypoint] monitor: BEAM is running and riak ping returned pong
2026-09-11T20:51:10+09:00 [openriak-entrypoint] monitor: sleeping for 1s
2026-09-11T20:51:17+09:00 [openriak-entrypoint] monitor: BEAM is running and riak ping returned pong
2026-09-11T20:51:17+09:00 [openriak-entrypoint] monitor: sleeping for 1s
2026-09-11T20:51:31+09:00 [openriak-entrypoint] monitor: BEAM is running and riak ping returned pong
2026-09-11T20:51:31+09:00 [openriak-entrypoint] monitor: sleeping for 1s
2026-09-11T20:51:39+09:00 [openriak-entrypoint] monitor: BEAM is running and riak ping returned pong
2026-09-11T20:51:39+09:00 [openriak-entrypoint] monitor: sleeping for 1s
2026-09-11T20:51:52+09:00 [openriak-entrypoint] monitor: BEAM is running and riak ping returned pong
2026-09-11T20:51:53+09:00 [openriak-entrypoint] monitor: sleeping for 1s
2026-09-11T20:52:01+09:00 [openriak-entrypoint] monitor: BEAM is running and riak ping returned pong
2026-09-11T20:52:01+09:00 [openriak-entrypoint] monitor: sleeping for 1s
2026-09-11T20:52:14+09:00 [openriak-entrypoint] monitor: BEAM is running and riak ping returned pong
2026-09-11T20:52:14+09:00 [openriak-entrypoint] monitor: sleeping for 1s
2026-09-11T20:52:23+09:00 [openriak-entrypoint] monitor: BEAM is running and riak ping returned pong
2026-09-11T20:52:23+09:00 [openriak-entrypoint] monitor: sleeping for 1s
2026-09-11T20:52:36+09:00 [openriak-entrypoint] monitor: BEAM is running and riak ping returned pong
2026-09-11T20:52:36+09:00 [openriak-entrypoint] monitor: sleeping for 1s
2026-09-11T20:52:45+09:00 [openriak-entrypoint] monitor: BEAM is running and riak ping returned pong
2026-09-11T20:52:45+09:00 [openriak-entrypoint] monitor: sleeping for 1s
2026-09-11T20:52:57+09:00 [openriak-entrypoint] monitor: BEAM is running and riak ping returned pong
2026-09-11T20:52:57+09:00 [openriak-entrypoint] monitor: sleeping for 1s
2026-09-11T20:53:07+09:00 [openriak-entrypoint] monitor: BEAM is running and riak ping returned pong
2026-09-11T20:53:07+09:00 [openriak-entrypoint] monitor: sleeping for 1s
2026-09-11T20:53:20+09:00 [openriak-entrypoint] monitor: BEAM is running and riak ping returned pong
2026-09-11T20:53:20+09:00 [openriak-entrypoint] monitor: sleeping for 1s
2026-09-11T20:53:29+09:00 [openriak-entrypoint] monitor: BEAM is running and riak ping returned pong
2026-09-11T20:53:29+09:00 [openriak-entrypoint] monitor: sleeping for 1s
2026-09-11T20:53:43+09:00 [openriak-entrypoint] monitor: BEAM is running and riak ping returned pong
2026-09-11T20:53:43+09:00 [openriak-entrypoint] monitor: sleeping for 1s
2026-09-11T20:53:57+09:00 [openriak-entrypoint] monitor: BEAM is running and riak ping returned pong
2026-09-11T20:53:57+09:00 [openriak-entrypoint] monitor: sleeping for 1s
2026-09-11T20:54:15+09:00 [openriak-entrypoint] monitor: BEAM is running and riak ping returned pong
2026-09-11T20:54:15+09:00 [openriak-entrypoint] monitor: sleeping for 1s
2026-09-11T20:54:29+09:00 [openriak-entrypoint] monitor: BEAM is running and riak ping returned pong
2026-09-11T20:54:29+09:00 [openriak-entrypoint] monitor: sleeping for 1s
2026-09-11T20:54:42+09:00 [openriak-entrypoint] monitor: BEAM is running and riak ping returned pong
2026-09-11T20:54:42+09:00 [openriak-entrypoint] monitor: sleeping for 1s
2026-09-11T20:54:58+09:00 [openriak-entrypoint] monitor: BEAM is running and riak ping returned pong
2026-09-11T20:54:58+09:00 [openriak-entrypoint] monitor: sleeping for 1s
2026-09-11T20:55:10+09:00 [openriak-entrypoint] monitor: BEAM is running and riak ping returned pong
2026-09-11T20:55:10+09:00 [openriak-entrypoint] monitor: sleeping for 1s
2026-09-11T20:55:23+09:00 [openriak-entrypoint] monitor: BEAM is running and riak ping returned pong
2026-09-11T20:55:23+09:00 [openriak-entrypoint] monitor: sleeping for 1s
2026-09-11T20:55:33+09:00 [openriak-entrypoint] monitor: BEAM is running and riak ping returned pong
2026-09-11T20:55:33+09:00 [openriak-entrypoint] monitor: sleeping for 1s
2026-09-11T20:55:47+09:00 [openriak-entrypoint] monitor: BEAM is running and riak ping returned pong
2026-09-11T20:55:47+09:00 [openriak-entrypoint] monitor: sleeping for 1s
2026-09-11T20:55:55+09:00 [openriak-entrypoint] monitor: BEAM is running and riak ping returned pong
2026-09-11T20:55:55+09:00 [openriak-entrypoint] monitor: sleeping for 1s
2026-09-11T20:56:09+09:00 [openriak-entrypoint] monitor: BEAM is running and riak ping returned pong
2026-09-11T20:56:09+09:00 [openriak-entrypoint] monitor: sleeping for 1s
2026-09-11T20:56:18+09:00 [openriak-entrypoint] monitor: BEAM is running and riak ping returned pong
2026-09-11T20:56:18+09:00 [openriak-entrypoint] monitor: sleeping for 1s
2026-09-11T20:56:32+09:00 [openriak-entrypoint] monitor: BEAM is running and riak ping returned pong
2026-09-11T20:56:32+09:00 [openriak-entrypoint] monitor: sleeping for 1s

timeout_seconds: 3600
exit_code: 0
