$ /usr/bin/docker container inspect openriak-kv-3.4.0-alpine-3.21-otp24-node-1-t-568846z
started: 2026-09-11T11:31:00Z
[]
Error response from daemon: No such container: openriak-kv-3.4.0-alpine-3.21-otp24-node-1-t-568846z

timeout_seconds: 3600
exit_code: 1
$ /usr/bin/docker container inspect openriak-kv-3.4.0-alpine-3.21-otp24-node-2-t-568846z
started: 2026-09-11T11:31:00Z
[]
Error response from daemon: No such container: openriak-kv-3.4.0-alpine-3.21-otp24-node-2-t-568846z

timeout_seconds: 3600
exit_code: 1
$ /usr/bin/docker container inspect openriak-kv-3.4.0-alpine-3.21-otp24-node-3-t-568846z
started: 2026-09-11T11:31:01Z
[]
Error response from daemon: No such container: openriak-kv-3.4.0-alpine-3.21-otp24-node-3-t-568846z

timeout_seconds: 3600
exit_code: 1
$ /usr/bin/docker container inspect openriak-kv-3.4.0-alpine-3.21-otp24-node-4-t-568846z
started: 2026-09-11T11:31:01Z
[]
Error response from daemon: No such container: openriak-kv-3.4.0-alpine-3.21-otp24-node-4-t-568846z

timeout_seconds: 3600
exit_code: 1
$ /usr/bin/docker container inspect openriak-kv-3.4.0-alpine-3.21-otp24-node-5-t-568846z
started: 2026-09-11T11:31:01Z
[]
Error response from daemon: No such container: openriak-kv-3.4.0-alpine-3.21-otp24-node-5-t-568846z

timeout_seconds: 3600
exit_code: 1
