$ /usr/bin/docker exec openriak-kv-3.4.0-alpine-3.21-otp24-node-t-568846z sh -c 'date +%z
id -u riak
id -g riak
stat -c '"'"'%u:%g'"'"' /etc/riak /var/lib/riak /var/log/riak'
started: 2026-09-11T11:30:39Z
+0900
19001
19002
19001:19002
19001:19002
19001:19002

timeout_seconds: 3600
exit_code: 0
$ /usr/bin/docker container inspect openriak-kv-3.4.0-alpine-3.21-otp24-node-t-568846z
started: 2026-09-11T11:30:39Z
[
    {
        "Id": "7b236627f60f805df6220615faa5c7507a768e462d22566e52938360b36d72df",
        "Created": "2026-09-11T11:29:14.91059254Z",
        "Path": "/usr/local/bin/openriak-entrypoint",
        "Args": [],
        "State": {
            "Status": "running",
            "Running": true,
            "Paused": false,
            "Restarting": false,
            "OOMKilled": false,
            "Dead": false,
            "Pid": 127802,
            "ExitCode": 0,
            "Error": "",
            "StartedAt": "2026-09-11T11:29:14.943620889Z",
            "FinishedAt": "0001-01-01T00:00:00Z",
            "Health": {
                "Status": "healthy",
                "FailingStreak": 0,
                "Log": [
                    {
                        "Start": "2026-09-11T11:29:51.99996503Z",
                        "End": "2026-09-11T11:29:54.532692089Z",
                        "ExitCode": 1,
                        "Output": "OpenRiak healthcheck failed: riak ping did not return pong\n"
                    },
                    {
                        "Start": "2026-09-11T11:29:59.533725798Z",
                        "End": "2026-09-11T11:30:02.972140862Z",
                        "ExitCode": 1,
                        "Output": "OpenRiak healthcheck failed: riak ping did not return pong\n"
                    },
                    {
                        "Start": "2026-09-11T11:30:07.973577592Z",
                        "End": "2026-09-11T11:30:11.773665827Z",
                        "ExitCode": 0,
                        "Output": "OpenRiak healthcheck passed: BEAM is running and riak ping returned pong\n"
                    },
                    {
                        "Start": "2026-09-11T11:30:21.775157217Z",
                        "End": "2026-09-11T11:30:24.656970699Z",
                        "ExitCode": 0,
                        "Output": "OpenRiak healthcheck passed: BEAM is running and riak ping returned pong\n"
                    },
                    {
                        "Start": "2026-09-11T11:30:34.658280094Z",
                        "End": "2026-09-11T11:30:38.498728171Z",
                        "ExitCode": 0,
                        "Output": "OpenRiak healthcheck passed: BEAM is running and riak ping returned pong\n"
                    }
                ]
            }
        },
        "Image": "sha256:a674dc97dc4ea96ed9f7ded855c4d8649c2dd455ce9a763fb9690a86fe4d5cf8",
        "ResolvConfPath": "/var/lib/docker/containers/7b236627f60f805df6220615faa5c7507a768e462d22566e52938360b36d72df/resolv.conf",
        "HostnamePath": "/var/lib/docker/containers/7b236627f60f805df6220615faa5c7507a768e462d22566e52938360b36d72df/hostname",
        "HostsPath": "/var/lib/docker/containers/7b236627f60f805df6220615faa5c7507a768e462d22566e52938360b36d72df/hosts",
        "LogPath": "/var/lib/docker/containers/7b236627f60f805df6220615faa5c7507a768e462d22566e52938360b36d72df/7b236627f60f805df6220615faa5c7507a768e462d22566e52938360b36d72df-json.log",
        "Name": "/openriak-kv-3.4.0-alpine-3.21-otp24-node-t-568846z",
        "RestartCount": 0,
        "Driver": "overlay2",
        "Platform": "linux",
        "MountLabel": "",
        "ProcessLabel": "",
        "AppArmorProfile": "docker-default",
        "ExecIDs": null,
        "HostConfig": {
            "Binds": [
                "/tmp/openriak-docker-3.4.0-alpine-3.21-otp24-36aygaif/openriak-kv-3.4.0-alpine-3.21-otp24-node/config:/etc/riak:rw",
                "/tmp/openriak-docker-3.4.0-alpine-3.21-otp24-36aygaif/openriak-kv-3.4.0-alpine-3.21-otp24-node/data:/var/lib/riak:rw",
                "/tmp/openriak-docker-3.4.0-alpine-3.21-otp24-36aygaif/openriak-kv-3.4.0-alpine-3.21-otp24-node/logs:/var/log/riak:rw"
            ],
            "ContainerIDFile": "",
            "LogConfig": {
                "Type": "json-file",
                "Config": {
                    "max-file": "3",
                    "max-size": "10m"
                }
            },
            "NetworkMode": "openriak-kv-340-alpine-321-otp24-node_openriak",
            "PortBindings": {},
            "RestartPolicy": {
                "Name": "no",
                "MaximumRetryCount": 0
            },
            "AutoRemove": false,
            "VolumeDriver": "",
            "VolumesFrom": null,
            "ConsoleSize": [
                0,
                0
            ],
            "CapAdd": null,
            "CapDrop": null,
            "CgroupnsMode": "private",
            "Dns": null,
            "DnsOptions": null,
            "DnsSearch": null,
            "ExtraHosts": [],
            "GroupAdd": null,
            "IpcMode": "private",
            "Cgroup": "",
            "Links": null,
            "OomScoreAdj": 0,
            "PidMode": "",
            "Privileged": false,
            "PublishAllPorts": false,
            "ReadonlyRootfs": false,
            "SecurityOpt": null,
            "UTSMode": "",
            "UsernsMode": "",
            "ShmSize": 67108864,
            "Runtime": "runc",
            "Isolation": "",
            "CpuShares": 0,
            "Memory": 0,
            "NanoCpus": 0,
            "CgroupParent": "",
            "BlkioWeight": 0,
            "BlkioWeightDevice": null,
            "BlkioDeviceReadBps": null,
            "BlkioDeviceWriteBps": null,
            "BlkioDeviceReadIOps": null,
            "BlkioDeviceWriteIOps": null,
            "CpuPeriod": 0,
            "CpuQuota": 0,
            "CpuRealtimePeriod": 0,
            "CpuRealtimeRuntime": 0,
            "CpusetCpus": "",
            "CpusetMems": "",
            "Devices": null,
            "DeviceCgroupRules": null,
            "DeviceRequests": null,
            "MemoryReservation": 0,
            "MemorySwap": 0,
            "MemorySwappiness": null,
            "OomKillDisable": null,
            "PidsLimit": null,
            "Ulimits": [
                {
                    "Name": "nofile",
                    "Hard": 100000,
                    "Soft": 100000
                }
            ],
            "CpuCount": 0,
            "CpuPercent": 0,
            "IOMaximumIOps": 0,
            "IOMaximumBandwidth": 0,
            "MaskedPaths": [
                "/proc/asound",
                "/proc/acpi",
                "/proc/kcore",
                "/proc/keys",
                "/proc/latency_stats",
                "/proc/timer_list",
                "/proc/timer_stats",
                "/proc/sched_debug",
                "/proc/scsi",
                "/sys/firmware",
                "/sys/devices/virtual/powercap"
            ],
            "ReadonlyPaths": [
                "/proc/bus",
                "/proc/fs",
                "/proc/irq",
                "/proc/sys",
                "/proc/sysrq-trigger"
            ]
        },
        "GraphDriver": {
            "Data": {
                "LowerDir": "/var/lib/docker/overlay2/35c6542224a0089209ec8dbdd30856a89065800436b7b043c3bb6eddc1458828-init/diff:/var/lib/docker/overlay2/19157a1f5a370e369a04fea9d1fdde106e5911e11b71821678f503ec94dc6aca/diff:/var/lib/docker/overlay2/4c094896bea532c541ba5d676df426d3334a7c4bc3d7fdec6f02d6acad78d902/diff:/var/lib/docker/overlay2/98fdf6fb99407140acd1f005b3803cb2e044c25d39eaa07de4fd271082d90a1a/diff:/var/lib/docker/overlay2/958ddd3145dbf0eeb5e44f67572e39345fa3d51457149fe4f47879e07adff8be/diff:/var/lib/docker/overlay2/4d4f279972e8d8f74e82fa513cf24c281664a374655d1c959c933a5788808db8/diff:/var/lib/docker/overlay2/ca8b33bb2465f4fe46810425d6facda250d70da2259306b5f8feeadba330873a/diff",
                "MergedDir": "/var/lib/docker/overlay2/35c6542224a0089209ec8dbdd30856a89065800436b7b043c3bb6eddc1458828/merged",
                "UpperDir": "/var/lib/docker/overlay2/35c6542224a0089209ec8dbdd30856a89065800436b7b043c3bb6eddc1458828/diff",
                "WorkDir": "/var/lib/docker/overlay2/35c6542224a0089209ec8dbdd30856a89065800436b7b043c3bb6eddc1458828/work"
            },
            "Name": "overlay2"
        },
        "Mounts": [
            {
                "Type": "bind",
                "Source": "/tmp/openriak-docker-3.4.0-alpine-3.21-otp24-36aygaif/openriak-kv-3.4.0-alpine-3.21-otp24-node/data",
                "Destination": "/var/lib/riak",
                "Mode": "rw",
                "RW": true,
                "Propagation": "rprivate"
            },
            {
                "Type": "bind",
                "Source": "/tmp/openriak-docker-3.4.0-alpine-3.21-otp24-36aygaif/openriak-kv-3.4.0-alpine-3.21-otp24-node/logs",
                "Destination": "/var/log/riak",
                "Mode": "rw",
                "RW": true,
                "Propagation": "rprivate"
            },
            {
                "Type": "bind",
                "Source": "/tmp/openriak-docker-3.4.0-alpine-3.21-otp24-36aygaif/openriak-kv-3.4.0-alpine-3.21-otp24-node/config",
                "Destination": "/etc/riak",
                "Mode": "rw",
                "RW": true,
                "Propagation": "rprivate"
            }
        ],
        "Config": {
            "Hostname": "node-01.cluster-a.openriak",
            "Domainname": "",
            "User": "",
            "AttachStdin": false,
            "AttachStdout": true,
            "AttachStderr": true,
            "ExposedPorts": {
                "8087/tcp": {},
                "8098/tcp": {}
            },
            "Tty": false,
            "OpenStdin": false,
            "StdinOnce": false,
            "Env": [
                "RIAK_GID=19002",
                "RIAK_LOG_MAX_FILE_SIZE=2MB",
                "RIAK_LOG_MAX_FILES=4",
                "RIAK_NODE_HOST=node-01.cluster-a.openriak",
                "RIAK_DISTRIBUTED_COOKIE=openriak-c8010b200b469890736b66c2ff1d766c",
                "RIAK_MONITOR_INTERVAL_SECONDS=1",
                "TZ=Asia/Tokyo",
                "RIAK_UID=19001",
                "PATH=/usr/local/sbin:/usr/local/bin:/usr/sbin:/usr/bin:/sbin:/bin",
                "RIAK_NODE_NAME=",
                "RIAK_RING_SIZE=8",
                "RIAK_STORAGE_BACKEND=leveled",
                "RIAK_ANTI_ENTROPY=passive",
                "RIAK_TICTACAAE_ACTIVE=active",
                "RIAK_TICTACAAE_STOREHEADS=enabled",
                "RIAK_HTTP_LISTENER=0.0.0.0:8098",
                "RIAK_PB_LISTENER=0.0.0.0:8087",
                "RIAK_NOFILE_LIMIT=100000",
                "RIAK_INIT_ONLY=0",
                "RIAK_STARTUP_POLL_SECONDS=1",
                "RIAK_SHUTDOWN_POLL_SECONDS=1",
                "OPENRIAK_CLUSTER_MODE=single",
                "OPENRIAK_CLUSTER_CONTROL_DIR=/var/lib/openriak-cluster-control",
                "OPENRIAK_CLUSTER_POLL_SECONDS=1",
                "OPENRIAK_CLUSTER_WAIT_SECONDS=300",
                "role="
            ],
            "Cmd": null,
            "Healthcheck": {
                "Test": [
                    "CMD",
                    "/usr/local/bin/openriak-healthcheck"
                ],
                "Interval": 10000000000,
                "Timeout": 60000000000,
                "StartPeriod": 120000000000,
                "Retries": 3
            },
            "Image": "tiotjp/openriak-kv:test-3.4.0-alpine-3.21-otp24-linux-arm64-20260911t112854.568846z",
            "Volumes": {
                "/etc/riak": {},
                "/var/lib/riak": {},
                "/var/log/riak": {}
            },
            "WorkingDir": "/",
            "Entrypoint": [
                "/usr/local/bin/openriak-entrypoint"
            ],
            "OnBuild": null,
            "Labels": {
                "com.docker.compose.config-hash": "fc2ac5c9679cfce286ae73e49e4c2baf4997394e26a49d11d37a864bdcc35792",
                "com.docker.compose.container-number": "1",
                "com.docker.compose.depends_on": "",
                "com.docker.compose.image": "sha256:a674dc97dc4ea96ed9f7ded855c4d8649c2dd455ce9a763fb9690a86fe4d5cf8",
                "com.docker.compose.oneoff": "False",
                "com.docker.compose.project": "openriak-kv-340-alpine-321-otp24-node",
                "com.docker.compose.project.config_files": "/tmp/openriak-docker-3.4.0-alpine-3.21-otp24-36aygaif/compose.single.test.yaml",
                "com.docker.compose.project.environment_file": "/tmp/openriak-docker-3.4.0-alpine-3.21-otp24-36aygaif/.env.single",
                "com.docker.compose.project.working_dir": "/tmp/openriak-docker-3.4.0-alpine-3.21-otp24-36aygaif",
                "com.docker.compose.service": "node",
                "com.docker.compose.version": "2.29.1",
                "org.opencontainers.image.description": "Package-backed OpenRiak KV with single-node and cluster startup support",
                "org.opencontainers.image.source": "https://github.com/TI-Tokyo/openriak-docs",
                "org.opencontainers.image.title": "OpenRiak KV",
                "org.opencontainers.image.url": "https://www.tiot.jp/",
                "org.opencontainers.image.vendor": "TI Tokyo",
                "org.opencontainers.image.version": "3.4.0",
                "org.openriak.image.tag": "tiotjp/openriak-kv:3.4.0-alpine-3.21-otp24",
                "org.openriak.os.name": "alpine",
                "org.openriak.os.release": "3.21",
                "org.openriak.os.version": "3.21",
                "org.openriak.otp.version": "24"
            },
            "StopSignal": "SIGTERM",
            "StopTimeout": 120
        },
        "NetworkSettings": {
            "Bridge": "",
            "SandboxID": "f29e69268d866765f6c56047f2d2343b26c57e987f0845e6e7a7dd53c4bbffe1",
            "SandboxKey": "/var/run/docker/netns/f29e69268d86",
            "Ports": {
                "8087/tcp": null,
                "8098/tcp": null
            },
            "HairpinMode": false,
            "LinkLocalIPv6Address": "",
            "LinkLocalIPv6PrefixLen": 0,
            "SecondaryIPAddresses": null,
            "SecondaryIPv6Addresses": null,
            "EndpointID": "",
            "Gateway": "",
            "GlobalIPv6Address": "",
            "GlobalIPv6PrefixLen": 0,
            "IPAddress": "",
            "IPPrefixLen": 0,
            "IPv6Gateway": "",
            "MacAddress": "",
            "Networks": {
                "openriak-kv-340-alpine-321-otp24-node_openriak": {
                    "IPAMConfig": {},
                    "Links": null,
                    "Aliases": [
                        "openriak-kv-3.4.0-alpine-3.21-otp24-node-t-568846z",
                        "node",
                        "node-01.cluster-a.openriak"
                    ],
                    "MacAddress": "02:42:ac:12:00:02",
                    "DriverOpts": null,
                    "NetworkID": "c957362e9376ae1f8bca51e2db9de0091b16aad2fa0b72a9f59a6e2a43758374",
                    "EndpointID": "76752a86ce5261a6a091b837c3913cf813f920becc0cfd3d3ca33e7a6ca34823",
                    "Gateway": "172.18.0.1",
                    "IPAddress": "172.18.0.2",
                    "IPPrefixLen": 16,
                    "IPv6Gateway": "",
                    "GlobalIPv6Address": "",
                    "GlobalIPv6PrefixLen": 0,
                    "DNSNames": [
                        "openriak-kv-3.4.0-alpine-3.21-otp24-node-t-568846z",
                        "node",
                        "node-01.cluster-a.openriak",
                        "7b236627f60f"
                    ]
                }
            }
        }
    }
]

timeout_seconds: 3600
exit_code: 0
$ /usr/bin/docker exec openriak-kv-3.4.0-alpine-3.21-otp24-node-t-568846z sh -ec 'if command -v curl >/dev/null 2>&1
then
    echo '"'"'Unexpected curl executable in Alpine image'"'"' >&2
    exit 1
fi
for package in curl libcurl
do
    if apk info -e "$package" >/dev/null 2>&1
    then
        echo "Unexpected $package package in Alpine image" >&2
        exit 1
    fi
done
for library in /usr/lib/libcurl.so*
do
    test ! -e "$library"
done
apk info -e coreutils
'
started: 2026-09-11T11:30:39Z
coreutils

timeout_seconds: 3600
exit_code: 0
