$ /usr/bin/docker compose --env-file /tmp/openriak-docker-3.4.0-amazon-linux-2023-otp24-rtizbeos/.env.cluster --project-directory /tmp/openriak-docker-3.4.0-amazon-linux-2023-otp24-rtizbeos --file /tmp/openriak-docker-3.4.0-amazon-linux-2023-otp24-rtizbeos/compose.cluster.test.yaml up --detach --no-build
started: 2026-09-11T08:47:29Z
 Network openriak-kv-340-amazon-linux-2023-otp24-node-cluster_openriak Creating 
 Network openriak-kv-340-amazon-linux-2023-otp24-node-cluster_openriak Creating 
 Network openriak-kv-340-amazon-linux-2023-otp24-node-cluster_openriak Created 
 Network openriak-kv-340-amazon-linux-2023-otp24-node-cluster_openriak Created 
 Container openriak-kv-3.4.0-amazon-linux-2023-otp24-node-5-t-972150z Creating 
 Container openriak-kv-3.4.0-amazon-linux-2023-otp24-node-3-t-972150z Creating 
 Container openriak-kv-3.4.0-amazon-linux-2023-otp24-node-4-t-972150z Creating 
 Container openriak-kv-3.4.0-amazon-linux-2023-otp24-node-1-t-972150z Creating 
 Container openriak-kv-3.4.0-amazon-linux-2023-otp24-node-2-t-972150z Creating 
 Container openriak-kv-3.4.0-amazon-linux-2023-otp24-node-5-t-972150z Created 
 Container openriak-kv-3.4.0-amazon-linux-2023-otp24-node-4-t-972150z Created 
 Container openriak-kv-3.4.0-amazon-linux-2023-otp24-node-1-t-972150z Created 
 Container openriak-kv-3.4.0-amazon-linux-2023-otp24-node-2-t-972150z Created 
 Container openriak-kv-3.4.0-amazon-linux-2023-otp24-node-3-t-972150z Created 
 Container openriak-kv-3.4.0-amazon-linux-2023-otp24-node-2-t-972150z Starting 
 Container openriak-kv-3.4.0-amazon-linux-2023-otp24-node-4-t-972150z Starting 
 Container openriak-kv-3.4.0-amazon-linux-2023-otp24-node-3-t-972150z Starting 
 Container openriak-kv-3.4.0-amazon-linux-2023-otp24-node-1-t-972150z Starting 
 Container openriak-kv-3.4.0-amazon-linux-2023-otp24-node-5-t-972150z Starting 
 Container openriak-kv-3.4.0-amazon-linux-2023-otp24-node-4-t-972150z Started 
 Container openriak-kv-3.4.0-amazon-linux-2023-otp24-node-1-t-972150z Started 
 Container openriak-kv-3.4.0-amazon-linux-2023-otp24-node-2-t-972150z Started 
 Container openriak-kv-3.4.0-amazon-linux-2023-otp24-node-5-t-972150z Started 
 Container openriak-kv-3.4.0-amazon-linux-2023-otp24-node-3-t-972150z Started 

timeout_seconds: 3600
exit_code: 0
