$ /usr/bin/docker exec openriak-kv-3.4.0-amazon-linux-2023-otp24-node-t-972150z sh -c 'date +%z
id -u riak
id -g riak
stat -c '"'"'%u:%g'"'"' /etc/riak /var/lib/riak /var/log/riak'
started: 2026-09-11T08:47:22Z
+0900
19001
19002
19001:19002
19001:19002
19001:19002

timeout_seconds: 3600
exit_code: 0
$ /usr/bin/docker container inspect openriak-kv-3.4.0-amazon-linux-2023-otp24-node-t-972150z
started: 2026-09-11T08:47:23Z
[
    {
        "Id": "a2d50f1724a88155cead727d67fe2b04fa90beff6030de90bb179cbdb694c8c3",
        "Created": "2026-09-11T08:47:05.316593413Z",
        "Path": "/usr/local/bin/openriak-entrypoint",
        "Args": [],
        "State": {
            "Status": "running",
            "Running": true,
            "Paused": false,
            "Restarting": false,
            "OOMKilled": false,
            "Dead": false,
            "Pid": 33713,
            "ExitCode": 0,
            "Error": "",
            "StartedAt": "2026-09-11T08:47:05.389258697Z",
            "FinishedAt": "0001-01-01T00:00:00Z",
            "Health": {
                "Status": "healthy",
                "FailingStreak": 0,
                "Log": [
                    {
                        "Start": "2026-09-11T08:47:10.512421081Z",
                        "End": "2026-09-11T08:47:11.133594778Z",
                        "ExitCode": 0,
                        "Output": "OpenRiak healthcheck passed: BEAM is running and riak ping returned pong\n"
                    }
                ]
            }
        },
        "Image": "sha256:592e5909d8d16863dd2f058b5d124e9cb4e57c6346642525d97ae484de3049c9",
        "ResolvConfPath": "/var/lib/docker/containers/a2d50f1724a88155cead727d67fe2b04fa90beff6030de90bb179cbdb694c8c3/resolv.conf",
        "HostnamePath": "/var/lib/docker/containers/a2d50f1724a88155cead727d67fe2b04fa90beff6030de90bb179cbdb694c8c3/hostname",
        "HostsPath": "/var/lib/docker/containers/a2d50f1724a88155cead727d67fe2b04fa90beff6030de90bb179cbdb694c8c3/hosts",
        "LogPath": "/var/lib/docker/containers/a2d50f1724a88155cead727d67fe2b04fa90beff6030de90bb179cbdb694c8c3/a2d50f1724a88155cead727d67fe2b04fa90beff6030de90bb179cbdb694c8c3-json.log",
        "Name": "/openriak-kv-3.4.0-amazon-linux-2023-otp24-node-t-972150z",
        "RestartCount": 0,
        "Driver": "overlay2",
        "Platform": "linux",
        "MountLabel": "",
        "ProcessLabel": "",
        "AppArmorProfile": "",
        "ExecIDs": [
            "7d19ea273d62639c53cb07c1c20c69163eaef71a5ea5e46588a947992a4fc586"
        ],
        "HostConfig": {
            "Binds": [
                "/tmp/openriak-docker-3.4.0-amazon-linux-2023-otp24-rtizbeos/openriak-kv-3.4.0-amazon-linux-2023-otp24-node/logs:/var/log/riak:rw",
                "/tmp/openriak-docker-3.4.0-amazon-linux-2023-otp24-rtizbeos/openriak-kv-3.4.0-amazon-linux-2023-otp24-node/config:/etc/riak:rw",
                "/tmp/openriak-docker-3.4.0-amazon-linux-2023-otp24-rtizbeos/openriak-kv-3.4.0-amazon-linux-2023-otp24-node/data:/var/lib/riak:rw"
            ],
            "ContainerIDFile": "",
            "LogConfig": {
                "Type": "json-file",
                "Config": {
                    "max-file": "3",
                    "max-size": "10m"
                }
            },
            "NetworkMode": "openriak-kv-340-amazon-linux-2023-otp24-node_openriak",
            "PortBindings": {},
            "RestartPolicy": {
                "Name": "no",
                "MaximumRetryCount": 0
            },
            "AutoRemove": false,
            "VolumeDriver": "",
            "VolumesFrom": null,
            "ConsoleSize": [
                0,
                0
            ],
            "CapAdd": null,
            "CapDrop": null,
            "CgroupnsMode": "private",
            "Dns": null,
            "DnsOptions": null,
            "DnsSearch": null,
            "ExtraHosts": [],
            "GroupAdd": null,
            "IpcMode": "private",
            "Cgroup": "",
            "Links": null,
            "OomScoreAdj": 0,
            "PidMode": "",
            "Privileged": false,
            "PublishAllPorts": false,
            "ReadonlyRootfs": false,
            "SecurityOpt": null,
            "UTSMode": "",
            "UsernsMode": "",
            "ShmSize": 67108864,
            "Runtime": "runc",
            "Isolation": "",
            "CpuShares": 0,
            "Memory": 0,
            "NanoCpus": 0,
            "CgroupParent": "",
            "BlkioWeight": 0,
            "BlkioWeightDevice": null,
            "BlkioDeviceReadBps": null,
            "BlkioDeviceWriteBps": null,
            "BlkioDeviceReadIOps": null,
            "BlkioDeviceWriteIOps": null,
            "CpuPeriod": 0,
            "CpuQuota": 0,
            "CpuRealtimePeriod": 0,
            "CpuRealtimeRuntime": 0,
            "CpusetCpus": "",
            "CpusetMems": "",
            "Devices": null,
            "DeviceCgroupRules": null,
            "DeviceRequests": null,
            "MemoryReservation": 0,
            "MemorySwap": 0,
            "MemorySwappiness": null,
            "OomKillDisable": null,
            "PidsLimit": null,
            "Ulimits": [
                {
                    "Name": "nofile",
                    "Hard": 100000,
                    "Soft": 100000
                }
            ],
            "CpuCount": 0,
            "CpuPercent": 0,
            "IOMaximumIOps": 0,
            "IOMaximumBandwidth": 0,
            "MaskedPaths": [
                "/proc/acpi",
                "/proc/asound",
                "/proc/interrupts",
                "/proc/kcore",
                "/proc/keys",
                "/proc/latency_stats",
                "/proc/sched_debug",
                "/proc/scsi",
                "/proc/timer_list",
                "/proc/timer_stats",
                "/sys/devices/virtual/powercap",
                "/sys/firmware"
            ],
            "ReadonlyPaths": [
                "/proc/bus",
                "/proc/fs",
                "/proc/irq",
                "/proc/sys",
                "/proc/sysrq-trigger"
            ]
        },
        "GraphDriver": {
            "Data": {
                "ID": "a2d50f1724a88155cead727d67fe2b04fa90beff6030de90bb179cbdb694c8c3",
                "LowerDir": "/var/lib/docker/overlay2/934046a5a96e3ce508244c437346d0dc91e289ad0ec6125a26f7f639f4b51cc8-init/diff:/var/lib/docker/overlay2/8d5be1b08015948965f06d5d910b2a2009f7805f3b796d6415cf72cee2de7388/diff:/var/lib/docker/overlay2/29a5721525d60b2eb3af91591f2389b3c6ec0c0495669a0cb4ae339ccdcc1f2a/diff:/var/lib/docker/overlay2/d6aca231d88493c29b68b40407751e71b3ea381ae3d1a997514aa0c86ec95321/diff:/var/lib/docker/overlay2/ce34f59f6e1c256f7a44e1692e6bad145bfb50200b460825b205c306f71c5c9e/diff:/var/lib/docker/overlay2/0ace3687626b36fec6b034d014c22690dcf4d1f701c54d1702de308e40a6f35b/diff:/var/lib/docker/overlay2/61a0b67b026977502d98fb1d8c140c2b7efb1076d6a0f2064c67f40568631277/diff",
                "MergedDir": "/var/lib/docker/overlay2/934046a5a96e3ce508244c437346d0dc91e289ad0ec6125a26f7f639f4b51cc8/merged",
                "UpperDir": "/var/lib/docker/overlay2/934046a5a96e3ce508244c437346d0dc91e289ad0ec6125a26f7f639f4b51cc8/diff",
                "WorkDir": "/var/lib/docker/overlay2/934046a5a96e3ce508244c437346d0dc91e289ad0ec6125a26f7f639f4b51cc8/work"
            },
            "Name": "overlay2"
        },
        "Mounts": [
            {
                "Type": "bind",
                "Source": "/tmp/openriak-docker-3.4.0-amazon-linux-2023-otp24-rtizbeos/openriak-kv-3.4.0-amazon-linux-2023-otp24-node/logs",
                "Destination": "/var/log/riak",
                "Mode": "rw",
                "RW": true,
                "Propagation": "rprivate"
            },
            {
                "Type": "bind",
                "Source": "/tmp/openriak-docker-3.4.0-amazon-linux-2023-otp24-rtizbeos/openriak-kv-3.4.0-amazon-linux-2023-otp24-node/config",
                "Destination": "/etc/riak",
                "Mode": "rw",
                "RW": true,
                "Propagation": "rprivate"
            },
            {
                "Type": "bind",
                "Source": "/tmp/openriak-docker-3.4.0-amazon-linux-2023-otp24-rtizbeos/openriak-kv-3.4.0-amazon-linux-2023-otp24-node/data",
                "Destination": "/var/lib/riak",
                "Mode": "rw",
                "RW": true,
                "Propagation": "rprivate"
            }
        ],
        "Config": {
            "Hostname": "node-01.cluster-a.openriak",
            "Domainname": "",
            "User": "",
            "AttachStdin": false,
            "AttachStdout": true,
            "AttachStderr": true,
            "ExposedPorts": {
                "8087/tcp": {},
                "8098/tcp": {}
            },
            "Tty": false,
            "OpenStdin": false,
            "StdinOnce": false,
            "Env": [
                "TZ=Asia/Tokyo",
                "RIAK_LOG_MAX_FILES=4",
                "RIAK_UID=19001",
                "RIAK_LOG_MAX_FILE_SIZE=2MB",
                "RIAK_DISTRIBUTED_COOKIE=openriak-7bff85b6f04ca41bdb33a7a54eaf4a5f",
                "RIAK_GID=19002",
                "RIAK_MONITOR_INTERVAL_SECONDS=1",
                "RIAK_NODE_HOST=node-01.cluster-a.openriak",
                "PATH=/usr/local/sbin:/usr/local/bin:/usr/sbin:/usr/bin:/sbin:/bin",
                "RIAK_NODE_NAME=",
                "RIAK_RING_SIZE=8",
                "RIAK_STORAGE_BACKEND=leveled",
                "RIAK_ANTI_ENTROPY=passive",
                "RIAK_TICTACAAE_ACTIVE=active",
                "RIAK_TICTACAAE_STOREHEADS=enabled",
                "RIAK_HTTP_LISTENER=0.0.0.0:8098",
                "RIAK_PB_LISTENER=0.0.0.0:8087",
                "RIAK_NOFILE_LIMIT=100000",
                "RIAK_INIT_ONLY=0",
                "RIAK_STARTUP_POLL_SECONDS=1",
                "RIAK_SHUTDOWN_POLL_SECONDS=1",
                "OPENRIAK_CLUSTER_MODE=single",
                "OPENRIAK_CLUSTER_CONTROL_DIR=/var/lib/openriak-cluster-control",
                "OPENRIAK_CLUSTER_POLL_SECONDS=1",
                "OPENRIAK_CLUSTER_WAIT_SECONDS=300",
                "role="
            ],
            "Cmd": null,
            "Healthcheck": {
                "Test": [
                    "CMD",
                    "/usr/local/bin/openriak-healthcheck"
                ],
                "Interval": 10000000000,
                "Timeout": 60000000000,
                "StartPeriod": 120000000000,
                "Retries": 3
            },
            "Image": "tiotjp/openriak-kv:test-3.4.0-amazon-linux-2023-otp24-linux-amd64-20260911t084627.972150z",
            "Volumes": {
                "/etc/riak": {},
                "/var/lib/riak": {},
                "/var/log/riak": {}
            },
            "WorkingDir": "/",
            "Entrypoint": [
                "/usr/local/bin/openriak-entrypoint"
            ],
            "Labels": {
                "com.docker.compose.config-hash": "0934cbfa470d1dab98b7ad477648b4436f0fa192c951b96015a88565f5938ca5",
                "com.docker.compose.container-number": "1",
                "com.docker.compose.depends_on": "",
                "com.docker.compose.image": "sha256:592e5909d8d16863dd2f058b5d124e9cb4e57c6346642525d97ae484de3049c9",
                "com.docker.compose.oneoff": "False",
                "com.docker.compose.project": "openriak-kv-340-amazon-linux-2023-otp24-node",
                "com.docker.compose.project.config_files": "/tmp/openriak-docker-3.4.0-amazon-linux-2023-otp24-rtizbeos/compose.single.test.yaml",
                "com.docker.compose.project.environment_file": "/tmp/openriak-docker-3.4.0-amazon-linux-2023-otp24-rtizbeos/.env.single",
                "com.docker.compose.project.working_dir": "/tmp/openriak-docker-3.4.0-amazon-linux-2023-otp24-rtizbeos",
                "com.docker.compose.service": "node",
                "com.docker.compose.version": "5.4.0",
                "desktop.docker.io/wsl-distro": "Ubuntu",
                "org.opencontainers.image.description": "Package-backed OpenRiak KV with single-node and cluster startup support",
                "org.opencontainers.image.source": "https://github.com/TI-Tokyo/openriak-docs",
                "org.opencontainers.image.title": "OpenRiak KV",
                "org.opencontainers.image.url": "https://www.tiot.jp/",
                "org.opencontainers.image.vendor": "TI Tokyo",
                "org.opencontainers.image.version": "3.4.0",
                "org.openriak.image.tag": "tiotjp/openriak-kv:3.4.0-amazon-linux-2023-otp24",
                "org.openriak.os.name": "amazon-linux",
                "org.openriak.os.release": "2023",
                "org.openriak.os.version": "2023",
                "org.openriak.otp.version": "24"
            },
            "StopSignal": "SIGTERM",
            "StopTimeout": 120
        },
        "NetworkSettings": {
            "SandboxID": "6920b26d868075177371d9aa50c63f1865faafe0e329bfbd908c485c5abeb708",
            "SandboxKey": "/var/run/docker/netns/6920b26d8680",
            "Ports": {
                "8087/tcp": null,
                "8098/tcp": null
            },
            "Networks": {
                "openriak-kv-340-amazon-linux-2023-otp24-node_openriak": {
                    "IPAMConfig": {},
                    "Links": null,
                    "Aliases": [
                        "openriak-kv-3.4.0-amazon-linux-2023-otp24-node-t-972150z",
                        "node",
                        "node-01.cluster-a.openriak"
                    ],
                    "DriverOpts": null,
                    "GwPriority": 0,
                    "NetworkID": "f620f3f5310a791de3d1a90af0a221736d57f387103a562adc461b6198ba2d70",
                    "EndpointID": "499b5da18d728e5ca43488d0a5c37693ae86b631e0e80f25dddc791f7c1d2d29",
                    "Gateway": "172.25.0.1",
                    "IPAddress": "172.25.0.2",
                    "MacAddress": "12:ff:b2:d3:57:b5",
                    "IPPrefixLen": 16,
                    "IPv6Gateway": "",
                    "GlobalIPv6Address": "",
                    "GlobalIPv6PrefixLen": 0,
                    "DNSNames": [
                        "openriak-kv-3.4.0-amazon-linux-2023-otp24-node-t-972150z",
                        "node",
                        "node-01.cluster-a.openriak",
                        "a2d50f1724a8"
                    ]
                }
            }
        }
    }
]

timeout_seconds: 3600
exit_code: 0
