$ /usr/bin/docker compose --env-file /home/peter/openriak-builds/tmp/openriak-docker-3.4.0-ubuntu-noble-otp24-8xufvjis/.env.cluster --project-directory /home/peter/openriak-builds/tmp/openriak-docker-3.4.0-ubuntu-noble-otp24-8xufvjis --file /home/peter/openriak-builds/tmp/openriak-docker-3.4.0-ubuntu-noble-otp24-8xufvjis/compose.cluster.test.yaml up --detach --no-build
started: 2026-09-11T12:43:10Z
 Network openriak-kv-340-ubuntu-noble-otp24-node-cluster_openriak  Creating
 Network openriak-kv-340-ubuntu-noble-otp24-node-cluster_openriak  Created
 Container openriak-kv-3.4.0-ubuntu-noble-otp24-node-5-t-475835z  Creating
 Container openriak-kv-3.4.0-ubuntu-noble-otp24-node-2-t-475835z  Creating
 Container openriak-kv-3.4.0-ubuntu-noble-otp24-node-3-t-475835z  Creating
 Container openriak-kv-3.4.0-ubuntu-noble-otp24-node-4-t-475835z  Creating
 Container openriak-kv-3.4.0-ubuntu-noble-otp24-node-1-t-475835z  Creating
 Container openriak-kv-3.4.0-ubuntu-noble-otp24-node-5-t-475835z  Created
 Container openriak-kv-3.4.0-ubuntu-noble-otp24-node-2-t-475835z  Created
 Container openriak-kv-3.4.0-ubuntu-noble-otp24-node-1-t-475835z  Created
 Container openriak-kv-3.4.0-ubuntu-noble-otp24-node-4-t-475835z  Created
 Container openriak-kv-3.4.0-ubuntu-noble-otp24-node-3-t-475835z  Created
 Container openriak-kv-3.4.0-ubuntu-noble-otp24-node-2-t-475835z  Starting
 Container openriak-kv-3.4.0-ubuntu-noble-otp24-node-5-t-475835z  Starting
 Container openriak-kv-3.4.0-ubuntu-noble-otp24-node-4-t-475835z  Starting
 Container openriak-kv-3.4.0-ubuntu-noble-otp24-node-1-t-475835z  Starting
 Container openriak-kv-3.4.0-ubuntu-noble-otp24-node-3-t-475835z  Starting
 Container openriak-kv-3.4.0-ubuntu-noble-otp24-node-3-t-475835z  Started
 Container openriak-kv-3.4.0-ubuntu-noble-otp24-node-4-t-475835z  Started
 Container openriak-kv-3.4.0-ubuntu-noble-otp24-node-2-t-475835z  Started
 Container openriak-kv-3.4.0-ubuntu-noble-otp24-node-1-t-475835z  Started
 Container openriak-kv-3.4.0-ubuntu-noble-otp24-node-5-t-475835z  Started

timeout_seconds: 3600
exit_code: 0
