$ /usr/bin/docker container inspect openriak-kv-3.4.0-ubuntu-noble-otp24-node-1-t-475835z
started: 2026-09-11T12:43:10Z
[]
Error response from daemon: No such container: openriak-kv-3.4.0-ubuntu-noble-otp24-node-1-t-475835z

timeout_seconds: 3600
exit_code: 1
$ /usr/bin/docker container inspect openriak-kv-3.4.0-ubuntu-noble-otp24-node-2-t-475835z
started: 2026-09-11T12:43:10Z
[]
Error response from daemon: No such container: openriak-kv-3.4.0-ubuntu-noble-otp24-node-2-t-475835z

timeout_seconds: 3600
exit_code: 1
$ /usr/bin/docker container inspect openriak-kv-3.4.0-ubuntu-noble-otp24-node-3-t-475835z
started: 2026-09-11T12:43:10Z
[]
Error response from daemon: No such container: openriak-kv-3.4.0-ubuntu-noble-otp24-node-3-t-475835z

timeout_seconds: 3600
exit_code: 1
$ /usr/bin/docker container inspect openriak-kv-3.4.0-ubuntu-noble-otp24-node-4-t-475835z
started: 2026-09-11T12:43:10Z
[]
Error response from daemon: No such container: openriak-kv-3.4.0-ubuntu-noble-otp24-node-4-t-475835z

timeout_seconds: 3600
exit_code: 1
$ /usr/bin/docker container inspect openriak-kv-3.4.0-ubuntu-noble-otp24-node-5-t-475835z
started: 2026-09-11T12:43:10Z
[]
Error response from daemon: No such container: openriak-kv-3.4.0-ubuntu-noble-otp24-node-5-t-475835z

timeout_seconds: 3600
exit_code: 1
