$ /usr/bin/docker exec openriak-kv-3.4.0-ubuntu-noble-otp24-node-2-t-475835z sh -c 'date +%z
id -u riak
id -g riak
stat -c '"'"'%u:%g'"'"' /etc/riak /var/lib/riak /var/log/riak'
started: 2026-09-11T12:46:16Z
+0900
19001
19002
19001:19002
19001:19002
19001:19002

timeout_seconds: 3600
exit_code: 0
$ /usr/bin/docker container inspect openriak-kv-3.4.0-ubuntu-noble-otp24-node-2-t-475835z
started: 2026-09-11T12:46:16Z
[
    {
        "Id": "81ea592e6b820730cc80c761504d2e46cf3b140656caffdd69e109df652d74f6",
        "Created": "2026-09-11T12:43:11.041452Z",
        "Path": "/usr/local/bin/openriak-entrypoint",
        "Args": [],
        "State": {
            "Status": "running",
            "Running": true,
            "Paused": false,
            "Restarting": false,
            "OOMKilled": false,
            "Dead": false,
            "Pid": 3835568,
            "ExitCode": 0,
            "Error": "",
            "StartedAt": "2026-09-11T12:43:11.103826435Z",
            "FinishedAt": "0001-01-01T00:00:00Z",
            "Health": {
                "Status": "healthy",
                "FailingStreak": 0,
                "Log": [
                    {
                        "Start": "2026-09-11T12:45:25.299450954Z",
                        "End": "2026-09-11T12:45:25.892560667Z",
                        "ExitCode": 0,
                        "Output": "OpenRiak healthcheck passed: BEAM is running and riak ping returned pong\n"
                    },
                    {
                        "Start": "2026-09-11T12:45:35.894128223Z",
                        "End": "2026-09-11T12:45:37.180420828Z",
                        "ExitCode": 0,
                        "Output": "OpenRiak healthcheck passed: BEAM is running and riak ping returned pong\n"
                    },
                    {
                        "Start": "2026-09-11T12:45:47.18293242Z",
                        "End": "2026-09-11T12:45:48.40298895Z",
                        "ExitCode": 0,
                        "Output": "OpenRiak healthcheck passed: BEAM is running and riak ping returned pong\n"
                    },
                    {
                        "Start": "2026-09-11T12:45:58.407467159Z",
                        "End": "2026-09-11T12:45:59.446295682Z",
                        "ExitCode": 0,
                        "Output": "OpenRiak healthcheck passed: BEAM is running and riak ping returned pong\n"
                    },
                    {
                        "Start": "2026-09-11T12:46:09.448830909Z",
                        "End": "2026-09-11T12:46:10.160457559Z",
                        "ExitCode": 0,
                        "Output": "OpenRiak healthcheck passed: BEAM is running and riak ping returned pong\n"
                    }
                ]
            }
        },
        "Image": "sha256:1e30bfa2e45cd4bbd1ef8c93541a1e3cf0e2c913e2daeb48ce72896d68158bea",
        "ResolvConfPath": "/var/snap/docker/common/var-lib-docker/containers/81ea592e6b820730cc80c761504d2e46cf3b140656caffdd69e109df652d74f6/resolv.conf",
        "HostnamePath": "/var/snap/docker/common/var-lib-docker/containers/81ea592e6b820730cc80c761504d2e46cf3b140656caffdd69e109df652d74f6/hostname",
        "HostsPath": "/var/snap/docker/common/var-lib-docker/containers/81ea592e6b820730cc80c761504d2e46cf3b140656caffdd69e109df652d74f6/hosts",
        "LogPath": "/var/snap/docker/common/var-lib-docker/containers/81ea592e6b820730cc80c761504d2e46cf3b140656caffdd69e109df652d74f6/81ea592e6b820730cc80c761504d2e46cf3b140656caffdd69e109df652d74f6-json.log",
        "Name": "/openriak-kv-3.4.0-ubuntu-noble-otp24-node-2-t-475835z",
        "RestartCount": 0,
        "Driver": "overlay2",
        "Platform": "linux",
        "MountLabel": "",
        "ProcessLabel": "",
        "AppArmorProfile": "docker-default",
        "ExecIDs": null,
        "HostConfig": {
            "Binds": [
                "/home/peter/openriak-builds/tmp/openriak-docker-3.4.0-ubuntu-noble-otp24-8xufvjis/openriak-kv-3.4.0-ubuntu-noble-otp24-node-2/config:/etc/riak:rw",
                "/home/peter/openriak-builds/tmp/openriak-docker-3.4.0-ubuntu-noble-otp24-8xufvjis/openriak-kv-3.4.0-ubuntu-noble-otp24-node-2/data:/var/lib/riak:rw",
                "/home/peter/openriak-builds/tmp/openriak-docker-3.4.0-ubuntu-noble-otp24-8xufvjis/openriak-kv-3.4.0-ubuntu-noble-otp24-node-2/logs:/var/log/riak:rw",
                "/home/peter/openriak-builds/tmp/openriak-docker-3.4.0-ubuntu-noble-otp24-8xufvjis/openriak-kv-3.4.0-ubuntu-noble-otp24-node-cluster-control:/var/lib/openriak-cluster-control:rw"
            ],
            "ContainerIDFile": "",
            "LogConfig": {
                "Type": "json-file",
                "Config": {
                    "max-file": "3",
                    "max-size": "10m"
                }
            },
            "NetworkMode": "openriak-kv-340-ubuntu-noble-otp24-node-cluster_openriak",
            "PortBindings": {},
            "RestartPolicy": {
                "Name": "no",
                "MaximumRetryCount": 0
            },
            "AutoRemove": false,
            "VolumeDriver": "",
            "VolumesFrom": null,
            "ConsoleSize": [
                0,
                0
            ],
            "CapAdd": null,
            "CapDrop": null,
            "CgroupnsMode": "private",
            "Dns": null,
            "DnsOptions": null,
            "DnsSearch": null,
            "ExtraHosts": [],
            "GroupAdd": null,
            "IpcMode": "private",
            "Cgroup": "",
            "Links": null,
            "OomScoreAdj": 0,
            "PidMode": "",
            "Privileged": false,
            "PublishAllPorts": false,
            "ReadonlyRootfs": false,
            "SecurityOpt": null,
            "UTSMode": "",
            "UsernsMode": "",
            "ShmSize": 67108864,
            "Runtime": "runc",
            "Isolation": "",
            "CpuShares": 0,
            "Memory": 0,
            "NanoCpus": 0,
            "CgroupParent": "",
            "BlkioWeight": 0,
            "BlkioWeightDevice": null,
            "BlkioDeviceReadBps": null,
            "BlkioDeviceWriteBps": null,
            "BlkioDeviceReadIOps": null,
            "BlkioDeviceWriteIOps": null,
            "CpuPeriod": 0,
            "CpuQuota": 0,
            "CpuRealtimePeriod": 0,
            "CpuRealtimeRuntime": 0,
            "CpusetCpus": "",
            "CpusetMems": "",
            "Devices": null,
            "DeviceCgroupRules": null,
            "DeviceRequests": null,
            "MemoryReservation": 0,
            "MemorySwap": 0,
            "MemorySwappiness": null,
            "OomKillDisable": null,
            "PidsLimit": null,
            "Ulimits": [
                {
                    "Name": "nofile",
                    "Hard": 100000,
                    "Soft": 100000
                }
            ],
            "CpuCount": 0,
            "CpuPercent": 0,
            "IOMaximumIOps": 0,
            "IOMaximumBandwidth": 0,
            "MaskedPaths": [
                "/proc/acpi",
                "/proc/asound",
                "/proc/interrupts",
                "/proc/kcore",
                "/proc/keys",
                "/proc/latency_stats",
                "/proc/sched_debug",
                "/proc/scsi",
                "/proc/timer_list",
                "/proc/timer_stats",
                "/sys/devices/virtual/powercap",
                "/sys/firmware",
                "/sys/devices/system/cpu/cpu0/thermal_throttle",
                "/sys/devices/system/cpu/cpu1/thermal_throttle",
                "/sys/devices/system/cpu/cpu2/thermal_throttle",
                "/sys/devices/system/cpu/cpu3/thermal_throttle"
            ],
            "ReadonlyPaths": [
                "/proc/bus",
                "/proc/fs",
                "/proc/irq",
                "/proc/sys",
                "/proc/sysrq-trigger"
            ]
        },
        "GraphDriver": {
            "Data": {
                "ID": "81ea592e6b820730cc80c761504d2e46cf3b140656caffdd69e109df652d74f6",
                "LowerDir": "/var/snap/docker/common/var-lib-docker/overlay2/678257afc3a50c25f0140779c5e1e13cb912aae05f8413ba95f928d0e58f30f3-init/diff:/var/snap/docker/common/var-lib-docker/overlay2/97f2d2c147f00816d5e2410bb8e9b84e128af3cffd8dfa50b65e844f854f19a9/diff:/var/snap/docker/common/var-lib-docker/overlay2/de6a44e7c8cbecd4c0f1ec32dd1658a81c5c143da1cfb4a544884f42516c6da4/diff:/var/snap/docker/common/var-lib-docker/overlay2/181d837345a3077eca78d657a70c4d782538de5952dff27c9f039e23abee59c4/diff:/var/snap/docker/common/var-lib-docker/overlay2/491a4af6e8d1fd383af135259b5b5fac5bc67a6060c006046b7174e332d63eb5/diff:/var/snap/docker/common/var-lib-docker/overlay2/fc0896660f8e9e17a85dfc961de772ec3d77419b43d7019d4b73707e69bd02a4/diff",
                "MergedDir": "/var/snap/docker/common/var-lib-docker/overlay2/678257afc3a50c25f0140779c5e1e13cb912aae05f8413ba95f928d0e58f30f3/merged",
                "UpperDir": "/var/snap/docker/common/var-lib-docker/overlay2/678257afc3a50c25f0140779c5e1e13cb912aae05f8413ba95f928d0e58f30f3/diff",
                "WorkDir": "/var/snap/docker/common/var-lib-docker/overlay2/678257afc3a50c25f0140779c5e1e13cb912aae05f8413ba95f928d0e58f30f3/work"
            },
            "Name": "overlay2"
        },
        "Mounts": [
            {
                "Type": "bind",
                "Source": "/home/peter/openriak-builds/tmp/openriak-docker-3.4.0-ubuntu-noble-otp24-8xufvjis/openriak-kv-3.4.0-ubuntu-noble-otp24-node-2/config",
                "Destination": "/etc/riak",
                "Mode": "rw",
                "RW": true,
                "Propagation": "rprivate"
            },
            {
                "Type": "bind",
                "Source": "/home/peter/openriak-builds/tmp/openriak-docker-3.4.0-ubuntu-noble-otp24-8xufvjis/openriak-kv-3.4.0-ubuntu-noble-otp24-node-2/data",
                "Destination": "/var/lib/riak",
                "Mode": "rw",
                "RW": true,
                "Propagation": "rprivate"
            },
            {
                "Type": "bind",
                "Source": "/home/peter/openriak-builds/tmp/openriak-docker-3.4.0-ubuntu-noble-otp24-8xufvjis/openriak-kv-3.4.0-ubuntu-noble-otp24-node-2/logs",
                "Destination": "/var/log/riak",
                "Mode": "rw",
                "RW": true,
                "Propagation": "rprivate"
            },
            {
                "Type": "bind",
                "Source": "/home/peter/openriak-builds/tmp/openriak-docker-3.4.0-ubuntu-noble-otp24-8xufvjis/openriak-kv-3.4.0-ubuntu-noble-otp24-node-cluster-control",
                "Destination": "/var/lib/openriak-cluster-control",
                "Mode": "rw",
                "RW": true,
                "Propagation": "rprivate"
            }
        ],
        "Config": {
            "Hostname": "node-02.cluster-a.openriak",
            "Domainname": "",
            "User": "",
            "AttachStdin": false,
            "AttachStdout": true,
            "AttachStderr": true,
            "ExposedPorts": {
                "8087/tcp": {},
                "8098/tcp": {}
            },
            "Tty": false,
            "OpenStdin": false,
            "StdinOnce": false,
            "Env": [
                "OPENRIAK_CLUSTER_POLL_SECONDS=1",
                "RIAK_MONITOR_INTERVAL_SECONDS=1",
                "RIAK_UID=19001",
                "RIAK_LOG_MAX_FILE_SIZE=2MB",
                "RIAK_LOG_MAX_FILES=4",
                "RIAK_DISTRIBUTED_COOKIE=openriak-6bd77d7a66f1101622641325b88b95b0",
                "TZ=Asia/Tokyo",
                "RIAK_GID=19002",
                "OPENRIAK_CLUSTER_WAIT_SECONDS=3600",
                "RIAK_NODE_HOST=node-02.cluster-a.openriak",
                "OPENRIAK_CLUSTER_MODE=cluster",
                "PATH=/usr/local/sbin:/usr/local/bin:/usr/sbin:/usr/bin:/sbin:/bin",
                "RIAK_NODE_NAME=",
                "RIAK_RING_SIZE=8",
                "RIAK_STORAGE_BACKEND=leveled",
                "RIAK_ANTI_ENTROPY=passive",
                "RIAK_TICTACAAE_ACTIVE=active",
                "RIAK_TICTACAAE_STOREHEADS=enabled",
                "RIAK_HTTP_LISTENER=0.0.0.0:8098",
                "RIAK_PB_LISTENER=0.0.0.0:8087",
                "RIAK_NOFILE_LIMIT=100000",
                "RIAK_INIT_ONLY=0",
                "RIAK_STARTUP_POLL_SECONDS=1",
                "RIAK_SHUTDOWN_POLL_SECONDS=1",
                "OPENRIAK_CLUSTER_CONTROL_DIR=/var/lib/openriak-cluster-control",
                "role="
            ],
            "Cmd": null,
            "Healthcheck": {
                "Test": [
                    "CMD",
                    "/usr/local/bin/openriak-healthcheck"
                ],
                "Interval": 10000000000,
                "Timeout": 60000000000,
                "StartPeriod": 120000000000,
                "Retries": 3
            },
            "Image": "tiotjp/openriak-kv:test-3.4.0-ubuntu-noble-otp24-linux-amd64-20260911t123657.475835z",
            "Volumes": {
                "/etc/riak": {},
                "/var/lib/riak": {},
                "/var/log/riak": {}
            },
            "WorkingDir": "/",
            "Entrypoint": [
                "/usr/local/bin/openriak-entrypoint"
            ],
            "Labels": {
                "com.docker.compose.config-hash": "a30e1ab3db41e32d961e55943deca7410a12bf46f7e863f726b3e380e2991b0a",
                "com.docker.compose.container-number": "1",
                "com.docker.compose.depends_on": "",
                "com.docker.compose.image": "sha256:1e30bfa2e45cd4bbd1ef8c93541a1e3cf0e2c913e2daeb48ce72896d68158bea",
                "com.docker.compose.oneoff": "False",
                "com.docker.compose.project": "openriak-kv-340-ubuntu-noble-otp24-node-cluster",
                "com.docker.compose.project.config_files": "/home/peter/openriak-builds/tmp/openriak-docker-3.4.0-ubuntu-noble-otp24-8xufvjis/compose.cluster.test.yaml",
                "com.docker.compose.project.environment_file": "/home/peter/openriak-builds/tmp/openriak-docker-3.4.0-ubuntu-noble-otp24-8xufvjis/.env.cluster",
                "com.docker.compose.project.working_dir": "/home/peter/openriak-builds/tmp/openriak-docker-3.4.0-ubuntu-noble-otp24-8xufvjis",
                "com.docker.compose.service": "node2",
                "com.docker.compose.version": "2.32.4",
                "org.opencontainers.image.description": "Package-backed OpenRiak KV with single-node and cluster startup support",
                "org.opencontainers.image.source": "https://github.com/TI-Tokyo/openriak-docs",
                "org.opencontainers.image.title": "OpenRiak KV",
                "org.opencontainers.image.url": "https://www.tiot.jp/",
                "org.opencontainers.image.vendor": "TI Tokyo",
                "org.opencontainers.image.version": "3.4.0",
                "org.openriak.image.tag": "tiotjp/openriak-kv:3.4.0-ubuntu-noble-otp24",
                "org.openriak.os.name": "ubuntu",
                "org.openriak.os.release": "noble",
                "org.openriak.os.version": "24.04",
                "org.openriak.otp.version": "24"
            },
            "StopSignal": "SIGTERM",
            "StopTimeout": 120
        },
        "NetworkSettings": {
            "SandboxID": "3a6a76a1523be26af9fc646369f91f9821be7bb7131bf5ec19965ae1bd89e55b",
            "SandboxKey": "/run/snap.docker/netns/3a6a76a1523b",
            "Ports": {
                "8087/tcp": null,
                "8098/tcp": null
            },
            "Networks": {
                "openriak-kv-340-ubuntu-noble-otp24-node-cluster_openriak": {
                    "IPAMConfig": {},
                    "Links": null,
                    "Aliases": [
                        "openriak-kv-3.4.0-ubuntu-noble-otp24-node-2-t-475835z",
                        "node2",
                        "node-02.cluster-a.openriak"
                    ],
                    "DriverOpts": null,
                    "GwPriority": 0,
                    "NetworkID": "1882ba9b94675fb9058414fa62585d093b9f8ea2b0d6a3a92d65318eefcf348e",
                    "EndpointID": "0c8ae7cf936815eece939d60b8cf75aadd83c6961854e83c321df3eff4e620df",
                    "Gateway": "172.19.0.1",
                    "IPAddress": "172.19.0.4",
                    "MacAddress": "0e:ff:1b:a9:b7:26",
                    "IPPrefixLen": 16,
                    "IPv6Gateway": "",
                    "GlobalIPv6Address": "",
                    "GlobalIPv6PrefixLen": 0,
                    "DNSNames": [
                        "openriak-kv-3.4.0-ubuntu-noble-otp24-node-2-t-475835z",
                        "node2",
                        "node-02.cluster-a.openriak",
                        "81ea592e6b82"
                    ]
                }
            }
        }
    }
]

timeout_seconds: 3600
exit_code: 0
$ /usr/bin/docker exec openriak-kv-3.4.0-ubuntu-noble-otp24-node-2-t-475835z sh -ec 'test ! -e /usr/bin/perl
test ! -e /usr/bin/python3
test -s /var/lib/dpkg/status
dpkg --compare-versions "$(dpkg-query -W -f='"'"'${Version}'"'"' libc6)" ge '"'"'2.39-0ubuntu8.9'"'"'
test ! -e /bin/tar
test ! -e /usr/bin/tar
'
started: 2026-09-11T12:46:16Z

timeout_seconds: 3600
exit_code: 0
