$ /usr/bin/docker exec openriak-kv-3.4.0-ubuntu-noble-otp24-node-5-t-475835z sh -c 'date +%z
id -u riak
id -g riak
stat -c '"'"'%u:%g'"'"' /etc/riak /var/lib/riak /var/log/riak'
started: 2026-09-11T12:46:22Z
+0900
19001
19002
19001:19002
19001:19002
19001:19002

timeout_seconds: 3600
exit_code: 0
$ /usr/bin/docker container inspect openriak-kv-3.4.0-ubuntu-noble-otp24-node-5-t-475835z
started: 2026-09-11T12:46:22Z
[
    {
        "Id": "5aed25c5659991ddb5162e87725ce55ef32bbacdaf800e90d8049c8ce72c4a92",
        "Created": "2026-09-11T12:43:11.041914703Z",
        "Path": "/usr/local/bin/openriak-entrypoint",
        "Args": [],
        "State": {
            "Status": "running",
            "Running": true,
            "Paused": false,
            "Restarting": false,
            "OOMKilled": false,
            "Dead": false,
            "Pid": 3835578,
            "ExitCode": 0,
            "Error": "",
            "StartedAt": "2026-09-11T12:43:11.086382174Z",
            "FinishedAt": "0001-01-01T00:00:00Z",
            "Health": {
                "Status": "healthy",
                "FailingStreak": 0,
                "Log": [
                    {
                        "Start": "2026-09-11T12:45:35.402952664Z",
                        "End": "2026-09-11T12:45:36.214037243Z",
                        "ExitCode": 0,
                        "Output": "OpenRiak healthcheck passed: BEAM is running and riak ping returned pong\n"
                    },
                    {
                        "Start": "2026-09-11T12:45:46.219942695Z",
                        "End": "2026-09-11T12:45:46.677464793Z",
                        "ExitCode": 0,
                        "Output": "OpenRiak healthcheck passed: BEAM is running and riak ping returned pong\n"
                    },
                    {
                        "Start": "2026-09-11T12:45:56.678133438Z",
                        "End": "2026-09-11T12:45:57.38884796Z",
                        "ExitCode": 0,
                        "Output": "OpenRiak healthcheck passed: BEAM is running and riak ping returned pong\n"
                    },
                    {
                        "Start": "2026-09-11T12:46:07.389939345Z",
                        "End": "2026-09-11T12:46:08.226516877Z",
                        "ExitCode": 0,
                        "Output": "OpenRiak healthcheck passed: BEAM is running and riak ping returned pong\n"
                    },
                    {
                        "Start": "2026-09-11T12:46:18.227094597Z",
                        "End": "2026-09-11T12:46:18.562095748Z",
                        "ExitCode": 0,
                        "Output": "OpenRiak healthcheck passed: BEAM is running and riak ping returned pong\n"
                    }
                ]
            }
        },
        "Image": "sha256:1e30bfa2e45cd4bbd1ef8c93541a1e3cf0e2c913e2daeb48ce72896d68158bea",
        "ResolvConfPath": "/var/snap/docker/common/var-lib-docker/containers/5aed25c5659991ddb5162e87725ce55ef32bbacdaf800e90d8049c8ce72c4a92/resolv.conf",
        "HostnamePath": "/var/snap/docker/common/var-lib-docker/containers/5aed25c5659991ddb5162e87725ce55ef32bbacdaf800e90d8049c8ce72c4a92/hostname",
        "HostsPath": "/var/snap/docker/common/var-lib-docker/containers/5aed25c5659991ddb5162e87725ce55ef32bbacdaf800e90d8049c8ce72c4a92/hosts",
        "LogPath": "/var/snap/docker/common/var-lib-docker/containers/5aed25c5659991ddb5162e87725ce55ef32bbacdaf800e90d8049c8ce72c4a92/5aed25c5659991ddb5162e87725ce55ef32bbacdaf800e90d8049c8ce72c4a92-json.log",
        "Name": "/openriak-kv-3.4.0-ubuntu-noble-otp24-node-5-t-475835z",
        "RestartCount": 0,
        "Driver": "overlay2",
        "Platform": "linux",
        "MountLabel": "",
        "ProcessLabel": "",
        "AppArmorProfile": "docker-default",
        "ExecIDs": null,
        "HostConfig": {
            "Binds": [
                "/home/peter/openriak-builds/tmp/openriak-docker-3.4.0-ubuntu-noble-otp24-8xufvjis/openriak-kv-3.4.0-ubuntu-noble-otp24-node-5/config:/etc/riak:rw",
                "/home/peter/openriak-builds/tmp/openriak-docker-3.4.0-ubuntu-noble-otp24-8xufvjis/openriak-kv-3.4.0-ubuntu-noble-otp24-node-5/data:/var/lib/riak:rw",
                "/home/peter/openriak-builds/tmp/openriak-docker-3.4.0-ubuntu-noble-otp24-8xufvjis/openriak-kv-3.4.0-ubuntu-noble-otp24-node-5/logs:/var/log/riak:rw",
                "/home/peter/openriak-builds/tmp/openriak-docker-3.4.0-ubuntu-noble-otp24-8xufvjis/openriak-kv-3.4.0-ubuntu-noble-otp24-node-cluster-control:/var/lib/openriak-cluster-control:rw"
            ],
            "ContainerIDFile": "",
            "LogConfig": {
                "Type": "json-file",
                "Config": {
                    "max-file": "3",
                    "max-size": "10m"
                }
            },
            "NetworkMode": "openriak-kv-340-ubuntu-noble-otp24-node-cluster_openriak",
            "PortBindings": {},
            "RestartPolicy": {
                "Name": "no",
                "MaximumRetryCount": 0
            },
            "AutoRemove": false,
            "VolumeDriver": "",
            "VolumesFrom": null,
            "ConsoleSize": [
                0,
                0
            ],
            "CapAdd": null,
            "CapDrop": null,
            "CgroupnsMode": "private",
            "Dns": null,
            "DnsOptions": null,
            "DnsSearch": null,
            "ExtraHosts": [],
            "GroupAdd": null,
            "IpcMode": "private",
            "Cgroup": "",
            "Links": null,
            "OomScoreAdj": 0,
            "PidMode": "",
            "Privileged": false,
            "PublishAllPorts": false,
            "ReadonlyRootfs": false,
            "SecurityOpt": null,
            "UTSMode": "",
            "UsernsMode": "",
            "ShmSize": 67108864,
            "Runtime": "runc",
            "Isolation": "",
            "CpuShares": 0,
            "Memory": 0,
            "NanoCpus": 0,
            "CgroupParent": "",
            "BlkioWeight": 0,
            "BlkioWeightDevice": null,
            "BlkioDeviceReadBps": null,
            "BlkioDeviceWriteBps": null,
            "BlkioDeviceReadIOps": null,
            "BlkioDeviceWriteIOps": null,
            "CpuPeriod": 0,
            "CpuQuota": 0,
            "CpuRealtimePeriod": 0,
            "CpuRealtimeRuntime": 0,
            "CpusetCpus": "",
            "CpusetMems": "",
            "Devices": null,
            "DeviceCgroupRules": null,
            "DeviceRequests": null,
            "MemoryReservation": 0,
            "MemorySwap": 0,
            "MemorySwappiness": null,
            "OomKillDisable": null,
            "PidsLimit": null,
            "Ulimits": [
                {
                    "Name": "nofile",
                    "Hard": 100000,
                    "Soft": 100000
                }
            ],
            "CpuCount": 0,
            "CpuPercent": 0,
            "IOMaximumIOps": 0,
            "IOMaximumBandwidth": 0,
            "MaskedPaths": [
                "/proc/acpi",
                "/proc/asound",
                "/proc/interrupts",
                "/proc/kcore",
                "/proc/keys",
                "/proc/latency_stats",
                "/proc/sched_debug",
                "/proc/scsi",
                "/proc/timer_list",
                "/proc/timer_stats",
                "/sys/devices/virtual/powercap",
                "/sys/firmware",
                "/sys/devices/system/cpu/cpu0/thermal_throttle",
                "/sys/devices/system/cpu/cpu1/thermal_throttle",
                "/sys/devices/system/cpu/cpu2/thermal_throttle",
                "/sys/devices/system/cpu/cpu3/thermal_throttle"
            ],
            "ReadonlyPaths": [
                "/proc/bus",
                "/proc/fs",
                "/proc/irq",
                "/proc/sys",
                "/proc/sysrq-trigger"
            ]
        },
        "GraphDriver": {
            "Data": {
                "ID": "5aed25c5659991ddb5162e87725ce55ef32bbacdaf800e90d8049c8ce72c4a92",
                "LowerDir": "/var/snap/docker/common/var-lib-docker/overlay2/b98b21f2aa4a427ccbf2aedf61e5b9dbdeb0cfc59fb0f1f117f89a9682f69f10-init/diff:/var/snap/docker/common/var-lib-docker/overlay2/97f2d2c147f00816d5e2410bb8e9b84e128af3cffd8dfa50b65e844f854f19a9/diff:/var/snap/docker/common/var-lib-docker/overlay2/de6a44e7c8cbecd4c0f1ec32dd1658a81c5c143da1cfb4a544884f42516c6da4/diff:/var/snap/docker/common/var-lib-docker/overlay2/181d837345a3077eca78d657a70c4d782538de5952dff27c9f039e23abee59c4/diff:/var/snap/docker/common/var-lib-docker/overlay2/491a4af6e8d1fd383af135259b5b5fac5bc67a6060c006046b7174e332d63eb5/diff:/var/snap/docker/common/var-lib-docker/overlay2/fc0896660f8e9e17a85dfc961de772ec3d77419b43d7019d4b73707e69bd02a4/diff",
                "MergedDir": "/var/snap/docker/common/var-lib-docker/overlay2/b98b21f2aa4a427ccbf2aedf61e5b9dbdeb0cfc59fb0f1f117f89a9682f69f10/merged",
                "UpperDir": "/var/snap/docker/common/var-lib-docker/overlay2/b98b21f2aa4a427ccbf2aedf61e5b9dbdeb0cfc59fb0f1f117f89a9682f69f10/diff",
                "WorkDir": "/var/snap/docker/common/var-lib-docker/overlay2/b98b21f2aa4a427ccbf2aedf61e5b9dbdeb0cfc59fb0f1f117f89a9682f69f10/work"
            },
            "Name": "overlay2"
        },
        "Mounts": [
            {
                "Type": "bind",
                "Source": "/home/peter/openriak-builds/tmp/openriak-docker-3.4.0-ubuntu-noble-otp24-8xufvjis/openriak-kv-3.4.0-ubuntu-noble-otp24-node-5/data",
                "Destination": "/var/lib/riak",
                "Mode": "rw",
                "RW": true,
                "Propagation": "rprivate"
            },
            {
                "Type": "bind",
                "Source": "/home/peter/openriak-builds/tmp/openriak-docker-3.4.0-ubuntu-noble-otp24-8xufvjis/openriak-kv-3.4.0-ubuntu-noble-otp24-node-5/logs",
                "Destination": "/var/log/riak",
                "Mode": "rw",
                "RW": true,
                "Propagation": "rprivate"
            },
            {
                "Type": "bind",
                "Source": "/home/peter/openriak-builds/tmp/openriak-docker-3.4.0-ubuntu-noble-otp24-8xufvjis/openriak-kv-3.4.0-ubuntu-noble-otp24-node-cluster-control",
                "Destination": "/var/lib/openriak-cluster-control",
                "Mode": "rw",
                "RW": true,
                "Propagation": "rprivate"
            },
            {
                "Type": "bind",
                "Source": "/home/peter/openriak-builds/tmp/openriak-docker-3.4.0-ubuntu-noble-otp24-8xufvjis/openriak-kv-3.4.0-ubuntu-noble-otp24-node-5/config",
                "Destination": "/etc/riak",
                "Mode": "rw",
                "RW": true,
                "Propagation": "rprivate"
            }
        ],
        "Config": {
            "Hostname": "node-05.cluster-a.openriak",
            "Domainname": "",
            "User": "",
            "AttachStdin": false,
            "AttachStdout": true,
            "AttachStderr": true,
            "ExposedPorts": {
                "8087/tcp": {},
                "8098/tcp": {}
            },
            "Tty": false,
            "OpenStdin": false,
            "StdinOnce": false,
            "Env": [
                "OPENRIAK_CLUSTER_POLL_SECONDS=1",
                "RIAK_GID=19002",
                "TZ=Asia/Tokyo",
                "OPENRIAK_CLUSTER_MODE=cluster",
                "RIAK_LOG_MAX_FILE_SIZE=2MB",
                "RIAK_NODE_HOST=node-05.cluster-a.openriak",
                "OPENRIAK_CLUSTER_WAIT_SECONDS=3600",
                "RIAK_MONITOR_INTERVAL_SECONDS=1",
                "RIAK_LOG_MAX_FILES=4",
                "RIAK_UID=19001",
                "RIAK_DISTRIBUTED_COOKIE=openriak-8bb28e8701cfde54e372be9a7c8c99d4",
                "PATH=/usr/local/sbin:/usr/local/bin:/usr/sbin:/usr/bin:/sbin:/bin",
                "RIAK_NODE_NAME=",
                "RIAK_RING_SIZE=8",
                "RIAK_STORAGE_BACKEND=leveled",
                "RIAK_ANTI_ENTROPY=passive",
                "RIAK_TICTACAAE_ACTIVE=active",
                "RIAK_TICTACAAE_STOREHEADS=enabled",
                "RIAK_HTTP_LISTENER=0.0.0.0:8098",
                "RIAK_PB_LISTENER=0.0.0.0:8087",
                "RIAK_NOFILE_LIMIT=100000",
                "RIAK_INIT_ONLY=0",
                "RIAK_STARTUP_POLL_SECONDS=1",
                "RIAK_SHUTDOWN_POLL_SECONDS=1",
                "OPENRIAK_CLUSTER_CONTROL_DIR=/var/lib/openriak-cluster-control",
                "role="
            ],
            "Cmd": null,
            "Healthcheck": {
                "Test": [
                    "CMD",
                    "/usr/local/bin/openriak-healthcheck"
                ],
                "Interval": 10000000000,
                "Timeout": 60000000000,
                "StartPeriod": 120000000000,
                "Retries": 3
            },
            "Image": "tiotjp/openriak-kv:test-3.4.0-ubuntu-noble-otp24-linux-amd64-20260911t123657.475835z",
            "Volumes": {
                "/etc/riak": {},
                "/var/lib/riak": {},
                "/var/log/riak": {}
            },
            "WorkingDir": "/",
            "Entrypoint": [
                "/usr/local/bin/openriak-entrypoint"
            ],
            "Labels": {
                "com.docker.compose.config-hash": "ed3c361bd93c8c0eea9fc184c94ccc4d6083f3588d5eba8c524645f3294ca17d",
                "com.docker.compose.container-number": "1",
                "com.docker.compose.depends_on": "",
                "com.docker.compose.image": "sha256:1e30bfa2e45cd4bbd1ef8c93541a1e3cf0e2c913e2daeb48ce72896d68158bea",
                "com.docker.compose.oneoff": "False",
                "com.docker.compose.project": "openriak-kv-340-ubuntu-noble-otp24-node-cluster",
                "com.docker.compose.project.config_files": "/home/peter/openriak-builds/tmp/openriak-docker-3.4.0-ubuntu-noble-otp24-8xufvjis/compose.cluster.test.yaml",
                "com.docker.compose.project.environment_file": "/home/peter/openriak-builds/tmp/openriak-docker-3.4.0-ubuntu-noble-otp24-8xufvjis/.env.cluster",
                "com.docker.compose.project.working_dir": "/home/peter/openriak-builds/tmp/openriak-docker-3.4.0-ubuntu-noble-otp24-8xufvjis",
                "com.docker.compose.service": "node5",
                "com.docker.compose.version": "2.32.4",
                "org.opencontainers.image.description": "Package-backed OpenRiak KV with single-node and cluster startup support",
                "org.opencontainers.image.source": "https://github.com/TI-Tokyo/openriak-docs",
                "org.opencontainers.image.title": "OpenRiak KV",
                "org.opencontainers.image.url": "https://www.tiot.jp/",
                "org.opencontainers.image.vendor": "TI Tokyo",
                "org.opencontainers.image.version": "3.4.0",
                "org.openriak.image.tag": "tiotjp/openriak-kv:3.4.0-ubuntu-noble-otp24",
                "org.openriak.os.name": "ubuntu",
                "org.openriak.os.release": "noble",
                "org.openriak.os.version": "24.04",
                "org.openriak.otp.version": "24"
            },
            "StopSignal": "SIGTERM",
            "StopTimeout": 120
        },
        "NetworkSettings": {
            "SandboxID": "ffea5b1ccd9066af8e0ee28bd43c1d13846e4b872e1ef45e07c726b8ed174f76",
            "SandboxKey": "/run/snap.docker/netns/ffea5b1ccd90",
            "Ports": {
                "8087/tcp": null,
                "8098/tcp": null
            },
            "Networks": {
                "openriak-kv-340-ubuntu-noble-otp24-node-cluster_openriak": {
                    "IPAMConfig": {},
                    "Links": null,
                    "Aliases": [
                        "openriak-kv-3.4.0-ubuntu-noble-otp24-node-5-t-475835z",
                        "node5",
                        "node-05.cluster-a.openriak"
                    ],
                    "DriverOpts": null,
                    "GwPriority": 0,
                    "NetworkID": "1882ba9b94675fb9058414fa62585d093b9f8ea2b0d6a3a92d65318eefcf348e",
                    "EndpointID": "0b8661ea31a078d4815a5af69afafe0407f926e2ab7139a3a60d82f610b4af57",
                    "Gateway": "172.19.0.1",
                    "IPAddress": "172.19.0.6",
                    "MacAddress": "f6:b4:e1:90:23:0c",
                    "IPPrefixLen": 16,
                    "IPv6Gateway": "",
                    "GlobalIPv6Address": "",
                    "GlobalIPv6PrefixLen": 0,
                    "DNSNames": [
                        "openriak-kv-3.4.0-ubuntu-noble-otp24-node-5-t-475835z",
                        "node5",
                        "node-05.cluster-a.openriak",
                        "5aed25c56599"
                    ]
                }
            }
        }
    }
]

timeout_seconds: 3600
exit_code: 0
$ /usr/bin/docker exec openriak-kv-3.4.0-ubuntu-noble-otp24-node-5-t-475835z sh -ec 'test ! -e /usr/bin/perl
test ! -e /usr/bin/python3
test -s /var/lib/dpkg/status
dpkg --compare-versions "$(dpkg-query -W -f='"'"'${Version}'"'"' libc6)" ge '"'"'2.39-0ubuntu8.9'"'"'
test ! -e /bin/tar
test ! -e /usr/bin/tar
'
started: 2026-09-11T12:46:22Z

timeout_seconds: 3600
exit_code: 0
