$ /usr/bin/docker compose --env-file /home/peter/openriak-builds/tmp/openriak-docker-3.4.0-ubuntu-noble-otp24-8xufvjis/.env.cluster --project-directory /home/peter/openriak-builds/tmp/openriak-docker-3.4.0-ubuntu-noble-otp24-8xufvjis --file /home/peter/openriak-builds/tmp/openriak-docker-3.4.0-ubuntu-noble-otp24-8xufvjis/compose.cluster.test.yaml down --remove-orphans --timeout 120
started: 2026-09-11T12:46:27Z
 Container openriak-kv-3.4.0-ubuntu-noble-otp24-node-4-t-475835z  Stopping
 Container openriak-kv-3.4.0-ubuntu-noble-otp24-node-2-t-475835z  Stopping
 Container openriak-kv-3.4.0-ubuntu-noble-otp24-node-5-t-475835z  Stopping
 Container openriak-kv-3.4.0-ubuntu-noble-otp24-node-3-t-475835z  Stopping
 Container openriak-kv-3.4.0-ubuntu-noble-otp24-node-1-t-475835z  Stopping
 Container openriak-kv-3.4.0-ubuntu-noble-otp24-node-2-t-475835z  Stopped
 Container openriak-kv-3.4.0-ubuntu-noble-otp24-node-2-t-475835z  Removing
 Container openriak-kv-3.4.0-ubuntu-noble-otp24-node-5-t-475835z  Stopped
 Container openriak-kv-3.4.0-ubuntu-noble-otp24-node-5-t-475835z  Removing
 Container openriak-kv-3.4.0-ubuntu-noble-otp24-node-1-t-475835z  Stopped
 Container openriak-kv-3.4.0-ubuntu-noble-otp24-node-1-t-475835z  Removing
 Container openriak-kv-3.4.0-ubuntu-noble-otp24-node-3-t-475835z  Stopped
 Container openriak-kv-3.4.0-ubuntu-noble-otp24-node-3-t-475835z  Removing
 Container openriak-kv-3.4.0-ubuntu-noble-otp24-node-4-t-475835z  Stopped
 Container openriak-kv-3.4.0-ubuntu-noble-otp24-node-4-t-475835z  Removing
 Container openriak-kv-3.4.0-ubuntu-noble-otp24-node-5-t-475835z  Removed
 Container openriak-kv-3.4.0-ubuntu-noble-otp24-node-1-t-475835z  Removed
 Container openriak-kv-3.4.0-ubuntu-noble-otp24-node-4-t-475835z  Removed
 Container openriak-kv-3.4.0-ubuntu-noble-otp24-node-3-t-475835z  Removed
 Container openriak-kv-3.4.0-ubuntu-noble-otp24-node-2-t-475835z  Removed
 Network openriak-kv-340-ubuntu-noble-otp24-node-cluster_openriak  Removing
 Network openriak-kv-340-ubuntu-noble-otp24-node-cluster_openriak  Removed

timeout_seconds: 3600
exit_code: 0
