$ /usr/bin/docker exec openriak-kv-3.4.1-ubuntu-jammy-otp26-node-4-t-217396z sh -c 'date +%z
id -u riak
id -g riak
stat -c '"'"'%u:%g'"'"' /etc/riak /var/lib/riak /var/log/riak'
started: 2026-09-11T09:50:10Z
+0900
19001
19002
19001:19002
19001:19002
19001:19002

timeout_seconds: 3600
exit_code: 0
$ /usr/bin/docker container inspect openriak-kv-3.4.1-ubuntu-jammy-otp26-node-4-t-217396z
started: 2026-09-11T09:50:10Z
[
    {
        "Id": "d45bd032c6e4af264252913aff044043ab424c1bae2a692c60d86138aec97107",
        "Created": "2026-09-11T09:46:54.429111857Z",
        "Path": "/usr/local/bin/openriak-entrypoint",
        "Args": [],
        "State": {
            "Status": "running",
            "Running": true,
            "Paused": false,
            "Restarting": false,
            "OOMKilled": false,
            "Dead": false,
            "Pid": 12529,
            "ExitCode": 0,
            "Error": "",
            "StartedAt": "2026-09-11T09:46:54.488708215Z",
            "FinishedAt": "0001-01-01T00:00:00Z",
            "Health": {
                "Status": "healthy",
                "FailingStreak": 0,
                "Log": [
                    {
                        "Start": "2026-09-11T09:49:20.188023727Z",
                        "End": "2026-09-11T09:49:21.21350751Z",
                        "ExitCode": 0,
                        "Output": "OpenRiak healthcheck passed: BEAM is running and riak ping returned pong\n"
                    },
                    {
                        "Start": "2026-09-11T09:49:31.214943206Z",
                        "End": "2026-09-11T09:49:32.528915496Z",
                        "ExitCode": 0,
                        "Output": "OpenRiak healthcheck passed: BEAM is running and riak ping returned pong\n"
                    },
                    {
                        "Start": "2026-09-11T09:49:42.530273839Z",
                        "End": "2026-09-11T09:49:43.333981491Z",
                        "ExitCode": 0,
                        "Output": "OpenRiak healthcheck passed: BEAM is running and riak ping returned pong\n"
                    },
                    {
                        "Start": "2026-09-11T09:49:53.33524907Z",
                        "End": "2026-09-11T09:49:54.372063492Z",
                        "ExitCode": 0,
                        "Output": "OpenRiak healthcheck passed: BEAM is running and riak ping returned pong\n"
                    },
                    {
                        "Start": "2026-09-11T09:50:04.372892757Z",
                        "End": "2026-09-11T09:50:05.375345321Z",
                        "ExitCode": 0,
                        "Output": "OpenRiak healthcheck passed: BEAM is running and riak ping returned pong\n"
                    }
                ]
            }
        },
        "Image": "sha256:17d74c5b90089c75237e0252e96e3b6aa74c1112144115654222b9e313fdb0f1",
        "ResolvConfPath": "/var/lib/docker/containers/d45bd032c6e4af264252913aff044043ab424c1bae2a692c60d86138aec97107/resolv.conf",
        "HostnamePath": "/var/lib/docker/containers/d45bd032c6e4af264252913aff044043ab424c1bae2a692c60d86138aec97107/hostname",
        "HostsPath": "/var/lib/docker/containers/d45bd032c6e4af264252913aff044043ab424c1bae2a692c60d86138aec97107/hosts",
        "LogPath": "/var/lib/docker/containers/d45bd032c6e4af264252913aff044043ab424c1bae2a692c60d86138aec97107/d45bd032c6e4af264252913aff044043ab424c1bae2a692c60d86138aec97107-json.log",
        "Name": "/openriak-kv-3.4.1-ubuntu-jammy-otp26-node-4-t-217396z",
        "RestartCount": 0,
        "Driver": "overlay2",
        "Platform": "linux",
        "MountLabel": "",
        "ProcessLabel": "",
        "AppArmorProfile": "docker-default",
        "ExecIDs": null,
        "HostConfig": {
            "Binds": [
                "/tmp/openriak-docker-3.4.1-ubuntu-jammy-otp26-vg65s733/openriak-kv-3.4.1-ubuntu-jammy-otp26-node-4/config:/etc/riak:rw",
                "/tmp/openriak-docker-3.4.1-ubuntu-jammy-otp26-vg65s733/openriak-kv-3.4.1-ubuntu-jammy-otp26-node-4/data:/var/lib/riak:rw",
                "/tmp/openriak-docker-3.4.1-ubuntu-jammy-otp26-vg65s733/openriak-kv-3.4.1-ubuntu-jammy-otp26-node-4/logs:/var/log/riak:rw",
                "/tmp/openriak-docker-3.4.1-ubuntu-jammy-otp26-vg65s733/openriak-kv-3.4.1-ubuntu-jammy-otp26-node-cluster-control:/var/lib/openriak-cluster-control:rw"
            ],
            "ContainerIDFile": "",
            "LogConfig": {
                "Type": "json-file",
                "Config": {
                    "max-file": "3",
                    "max-size": "10m"
                }
            },
            "NetworkMode": "openriak-kv-341-ubuntu-jammy-otp26-node-cluster_openriak",
            "PortBindings": {},
            "RestartPolicy": {
                "Name": "no",
                "MaximumRetryCount": 0
            },
            "AutoRemove": false,
            "VolumeDriver": "",
            "VolumesFrom": null,
            "ConsoleSize": [
                0,
                0
            ],
            "CapAdd": null,
            "CapDrop": null,
            "CgroupnsMode": "private",
            "Dns": null,
            "DnsOptions": null,
            "DnsSearch": null,
            "ExtraHosts": [],
            "GroupAdd": null,
            "IpcMode": "private",
            "Cgroup": "",
            "Links": null,
            "OomScoreAdj": 0,
            "PidMode": "",
            "Privileged": false,
            "PublishAllPorts": false,
            "ReadonlyRootfs": false,
            "SecurityOpt": null,
            "UTSMode": "",
            "UsernsMode": "",
            "ShmSize": 67108864,
            "Runtime": "runc",
            "Isolation": "",
            "CpuShares": 0,
            "Memory": 0,
            "NanoCpus": 0,
            "CgroupParent": "",
            "BlkioWeight": 0,
            "BlkioWeightDevice": null,
            "BlkioDeviceReadBps": null,
            "BlkioDeviceWriteBps": null,
            "BlkioDeviceReadIOps": null,
            "BlkioDeviceWriteIOps": null,
            "CpuPeriod": 0,
            "CpuQuota": 0,
            "CpuRealtimePeriod": 0,
            "CpuRealtimeRuntime": 0,
            "CpusetCpus": "",
            "CpusetMems": "",
            "Devices": null,
            "DeviceCgroupRules": null,
            "DeviceRequests": null,
            "MemoryReservation": 0,
            "MemorySwap": 0,
            "MemorySwappiness": null,
            "OomKillDisable": null,
            "PidsLimit": null,
            "Ulimits": [
                {
                    "Name": "nofile",
                    "Hard": 100000,
                    "Soft": 100000
                }
            ],
            "CpuCount": 0,
            "CpuPercent": 0,
            "IOMaximumIOps": 0,
            "IOMaximumBandwidth": 0,
            "MaskedPaths": [
                "/proc/asound",
                "/proc/acpi",
                "/proc/kcore",
                "/proc/keys",
                "/proc/latency_stats",
                "/proc/timer_list",
                "/proc/timer_stats",
                "/proc/sched_debug",
                "/proc/scsi",
                "/sys/firmware",
                "/sys/devices/virtual/powercap"
            ],
            "ReadonlyPaths": [
                "/proc/bus",
                "/proc/fs",
                "/proc/irq",
                "/proc/sys",
                "/proc/sysrq-trigger"
            ]
        },
        "GraphDriver": {
            "Data": {
                "LowerDir": "/var/lib/docker/overlay2/92891f5dbdc8d454a2e177fb8f1e5a90135047805e216047c85c25755bd632a8-init/diff:/var/lib/docker/overlay2/355bd676321f2fd58c377bb3601f3a57f30a1b4202bed14d96ff62e09a000529/diff:/var/lib/docker/overlay2/e8621676b5a013c06f20624b4432227e8b30bcb179560ba60ec71ff5ee42b730/diff:/var/lib/docker/overlay2/a16374caf945797631628d9aec2492ec51eaf7a56ef7275257146c180cf326e5/diff:/var/lib/docker/overlay2/151becc8c86b709c7274ff9c45af0c8c9fa09c497d560484b0b8561fe52a7b18/diff:/var/lib/docker/overlay2/8f093d4b1b49bc5ffdf333e792b8ae2253d514e3a4639e7722a2aa18d53e58ba/diff",
                "MergedDir": "/var/lib/docker/overlay2/92891f5dbdc8d454a2e177fb8f1e5a90135047805e216047c85c25755bd632a8/merged",
                "UpperDir": "/var/lib/docker/overlay2/92891f5dbdc8d454a2e177fb8f1e5a90135047805e216047c85c25755bd632a8/diff",
                "WorkDir": "/var/lib/docker/overlay2/92891f5dbdc8d454a2e177fb8f1e5a90135047805e216047c85c25755bd632a8/work"
            },
            "Name": "overlay2"
        },
        "Mounts": [
            {
                "Type": "bind",
                "Source": "/tmp/openriak-docker-3.4.1-ubuntu-jammy-otp26-vg65s733/openriak-kv-3.4.1-ubuntu-jammy-otp26-node-4/config",
                "Destination": "/etc/riak",
                "Mode": "rw",
                "RW": true,
                "Propagation": "rprivate"
            },
            {
                "Type": "bind",
                "Source": "/tmp/openriak-docker-3.4.1-ubuntu-jammy-otp26-vg65s733/openriak-kv-3.4.1-ubuntu-jammy-otp26-node-4/data",
                "Destination": "/var/lib/riak",
                "Mode": "rw",
                "RW": true,
                "Propagation": "rprivate"
            },
            {
                "Type": "bind",
                "Source": "/tmp/openriak-docker-3.4.1-ubuntu-jammy-otp26-vg65s733/openriak-kv-3.4.1-ubuntu-jammy-otp26-node-4/logs",
                "Destination": "/var/log/riak",
                "Mode": "rw",
                "RW": true,
                "Propagation": "rprivate"
            },
            {
                "Type": "bind",
                "Source": "/tmp/openriak-docker-3.4.1-ubuntu-jammy-otp26-vg65s733/openriak-kv-3.4.1-ubuntu-jammy-otp26-node-cluster-control",
                "Destination": "/var/lib/openriak-cluster-control",
                "Mode": "rw",
                "RW": true,
                "Propagation": "rprivate"
            }
        ],
        "Config": {
            "Hostname": "node-04.cluster-a.openriak",
            "Domainname": "",
            "User": "",
            "AttachStdin": false,
            "AttachStdout": true,
            "AttachStderr": true,
            "ExposedPorts": {
                "8087/tcp": {},
                "8098/tcp": {}
            },
            "Tty": false,
            "OpenStdin": false,
            "StdinOnce": false,
            "Env": [
                "RIAK_LOG_MAX_FILE_SIZE=2MB",
                "TZ=Asia/Tokyo",
                "RIAK_LOG_MAX_FILES=4",
                "RIAK_GID=19002",
                "RIAK_DISTRIBUTED_COOKIE=openriak-ff0ccd58e378ee19aacec92914d7815f",
                "RIAK_UID=19001",
                "RIAK_MONITOR_INTERVAL_SECONDS=1",
                "OPENRIAK_CLUSTER_POLL_SECONDS=1",
                "OPENRIAK_CLUSTER_MODE=cluster",
                "RIAK_NODE_HOST=node-04.cluster-a.openriak",
                "OPENRIAK_CLUSTER_WAIT_SECONDS=3600",
                "PATH=/usr/local/sbin:/usr/local/bin:/usr/sbin:/usr/bin:/sbin:/bin",
                "RIAK_NODE_NAME=",
                "RIAK_RING_SIZE=8",
                "RIAK_STORAGE_BACKEND=leveled",
                "RIAK_ANTI_ENTROPY=passive",
                "RIAK_TICTACAAE_ACTIVE=active",
                "RIAK_TICTACAAE_STOREHEADS=enabled",
                "RIAK_HTTP_LISTENER=0.0.0.0:8098",
                "RIAK_PB_LISTENER=0.0.0.0:8087",
                "RIAK_NOFILE_LIMIT=100000",
                "RIAK_INIT_ONLY=0",
                "RIAK_STARTUP_POLL_SECONDS=1",
                "RIAK_SHUTDOWN_POLL_SECONDS=1",
                "OPENRIAK_CLUSTER_CONTROL_DIR=/var/lib/openriak-cluster-control",
                "role="
            ],
            "Cmd": null,
            "Healthcheck": {
                "Test": [
                    "CMD",
                    "/usr/local/bin/openriak-healthcheck"
                ],
                "Interval": 10000000000,
                "Timeout": 60000000000,
                "StartPeriod": 120000000000,
                "Retries": 3
            },
            "Image": "tiotjp/openriak-kv:test-3.4.1-ubuntu-jammy-otp26-linux-amd64-20260911t094428.217396z",
            "Volumes": {
                "/etc/riak": {},
                "/var/lib/riak": {},
                "/var/log/riak": {}
            },
            "WorkingDir": "/",
            "Entrypoint": [
                "/usr/local/bin/openriak-entrypoint"
            ],
            "OnBuild": null,
            "Labels": {
                "com.docker.compose.config-hash": "bb320bd0bb0c57ba2cd764ca2561d32a246f03dd2e6ce837f238577208ac7e70",
                "com.docker.compose.container-number": "1",
                "com.docker.compose.depends_on": "",
                "com.docker.compose.image": "sha256:17d74c5b90089c75237e0252e96e3b6aa74c1112144115654222b9e313fdb0f1",
                "com.docker.compose.oneoff": "False",
                "com.docker.compose.project": "openriak-kv-341-ubuntu-jammy-otp26-node-cluster",
                "com.docker.compose.project.config_files": "/tmp/openriak-docker-3.4.1-ubuntu-jammy-otp26-vg65s733/compose.cluster.test.yaml",
                "com.docker.compose.project.environment_file": "/tmp/openriak-docker-3.4.1-ubuntu-jammy-otp26-vg65s733/.env.cluster",
                "com.docker.compose.project.working_dir": "/tmp/openriak-docker-3.4.1-ubuntu-jammy-otp26-vg65s733",
                "com.docker.compose.service": "node4",
                "com.docker.compose.version": "2.29.1",
                "org.opencontainers.image.description": "Package-backed OpenRiak KV with single-node and cluster startup support",
                "org.opencontainers.image.source": "https://github.com/TI-Tokyo/openriak-docs",
                "org.opencontainers.image.title": "OpenRiak KV",
                "org.opencontainers.image.url": "https://www.tiot.jp/",
                "org.opencontainers.image.vendor": "TI Tokyo",
                "org.opencontainers.image.version": "3.4.1",
                "org.openriak.image.tag": "tiotjp/openriak-kv:3.4.1-ubuntu-jammy-otp26",
                "org.openriak.os.name": "ubuntu",
                "org.openriak.os.release": "jammy",
                "org.openriak.os.version": "22.04",
                "org.openriak.otp.version": "26"
            },
            "StopSignal": "SIGTERM",
            "StopTimeout": 120
        },
        "NetworkSettings": {
            "Bridge": "",
            "SandboxID": "f3faea18f155bf697dcbb23f8bec5deef78c7aeb9f745986006dff1dca2549ec",
            "SandboxKey": "/var/run/docker/netns/f3faea18f155",
            "Ports": {
                "8087/tcp": null,
                "8098/tcp": null
            },
            "HairpinMode": false,
            "LinkLocalIPv6Address": "",
            "LinkLocalIPv6PrefixLen": 0,
            "SecondaryIPAddresses": null,
            "SecondaryIPv6Addresses": null,
            "EndpointID": "",
            "Gateway": "",
            "GlobalIPv6Address": "",
            "GlobalIPv6PrefixLen": 0,
            "IPAddress": "",
            "IPPrefixLen": 0,
            "IPv6Gateway": "",
            "MacAddress": "",
            "Networks": {
                "openriak-kv-341-ubuntu-jammy-otp26-node-cluster_openriak": {
                    "IPAMConfig": {},
                    "Links": null,
                    "Aliases": [
                        "openriak-kv-3.4.1-ubuntu-jammy-otp26-node-4-t-217396z",
                        "node4",
                        "node-04.cluster-a.openriak"
                    ],
                    "MacAddress": "02:42:ac:16:00:02",
                    "DriverOpts": null,
                    "NetworkID": "671abd4fd4a1d322498e8dca181aa8216d6011886cec82e54a7833c4bd3d0e22",
                    "EndpointID": "cd1ad4ad9b6f567e43618ce4bcde7f31447d63de89a8d80a7e63a73af91da886",
                    "Gateway": "172.22.0.1",
                    "IPAddress": "172.22.0.2",
                    "IPPrefixLen": 16,
                    "IPv6Gateway": "",
                    "GlobalIPv6Address": "",
                    "GlobalIPv6PrefixLen": 0,
                    "DNSNames": [
                        "openriak-kv-3.4.1-ubuntu-jammy-otp26-node-4-t-217396z",
                        "node4",
                        "node-04.cluster-a.openriak",
                        "d45bd032c6e4"
                    ]
                }
            }
        }
    }
]

timeout_seconds: 3600
exit_code: 0
$ /usr/bin/docker exec openriak-kv-3.4.1-ubuntu-jammy-otp26-node-4-t-217396z sh -ec 'test ! -e /usr/bin/perl
test ! -e /usr/bin/python3
test -s /var/lib/dpkg/status
dpkg --compare-versions "$(dpkg-query -W -f='"'"'${Version}'"'"' libc6)" ge '"'"'2.35-0ubuntu3.15'"'"'
test ! -e /bin/tar
test ! -e /usr/bin/tar
'
started: 2026-09-11T09:50:10Z

timeout_seconds: 3600
exit_code: 0
