$ /usr/bin/docker container inspect openriak-kv-3.4.1-ubuntu-jammy-otp26-node-1-t-217396z
started: 2026-09-11T09:46:53Z
[]
Error response from daemon: No such container: openriak-kv-3.4.1-ubuntu-jammy-otp26-node-1-t-217396z

timeout_seconds: 3600
exit_code: 1
$ /usr/bin/docker container inspect openriak-kv-3.4.1-ubuntu-jammy-otp26-node-2-t-217396z
started: 2026-09-11T09:46:54Z
[]
Error response from daemon: No such container: openriak-kv-3.4.1-ubuntu-jammy-otp26-node-2-t-217396z

timeout_seconds: 3600
exit_code: 1
$ /usr/bin/docker container inspect openriak-kv-3.4.1-ubuntu-jammy-otp26-node-3-t-217396z
started: 2026-09-11T09:46:54Z
[]
Error response from daemon: No such container: openriak-kv-3.4.1-ubuntu-jammy-otp26-node-3-t-217396z

timeout_seconds: 3600
exit_code: 1
$ /usr/bin/docker container inspect openriak-kv-3.4.1-ubuntu-jammy-otp26-node-4-t-217396z
started: 2026-09-11T09:46:54Z
[]
Error response from daemon: No such container: openriak-kv-3.4.1-ubuntu-jammy-otp26-node-4-t-217396z

timeout_seconds: 3600
exit_code: 1
$ /usr/bin/docker container inspect openriak-kv-3.4.1-ubuntu-jammy-otp26-node-5-t-217396z
started: 2026-09-11T09:46:54Z
[]
Error response from daemon: No such container: openriak-kv-3.4.1-ubuntu-jammy-otp26-node-5-t-217396z

timeout_seconds: 3600
exit_code: 1
