$ /usr/bin/docker logs openriak-kv-3.4.1-ubuntu-jammy-otp26-node-2-t-217396z
started: 2026-09-11T09:50:04Z
2026-09-11T18:46:54+09:00 [openriak-entrypoint] configuration: timezone = Asia/Tokyo
usermod: no changes
2026-09-11T18:46:54+09:00 [openriak-entrypoint] configuration: riak UID/GID = 19001/19002
2026-09-11T18:46:54+09:00 [openriak-entrypoint] configuration: preparing mounted directories
2026-09-11T18:46:54+09:00 [openriak-entrypoint] configuration: seeding /etc/riak from packaged defaults
2026-09-11T18:46:54+09:00 [openriak-entrypoint] configuration: current Docker IPv4 address = 172.22.0.5
2026-09-11T18:46:54+09:00 [openriak-entrypoint] configuration: waiting for coordinator cookie before daemon startup
2026-09-11T18:46:55+09:00 [openriak-entrypoint] configuration: waiting for coordinator cookie before daemon startup
2026-09-11T18:46:56+09:00 [openriak-entrypoint] configuration: waiting for coordinator cookie before daemon startup
2026-09-11T18:46:57+09:00 [openriak-entrypoint] configuration: waiting for coordinator cookie before daemon startup
2026-09-11T18:46:58+09:00 [openriak-entrypoint] configuration: waiting for coordinator cookie before daemon startup
2026-09-11T18:46:59+09:00 [openriak-entrypoint] configuration: waiting for coordinator cookie before daemon startup
2026-09-11T18:47:00+09:00 [openriak-entrypoint] configuration: waiting for coordinator cookie before daemon startup
2026-09-11T18:47:01+09:00 [openriak-entrypoint] configuration: waiting for coordinator cookie before daemon startup
2026-09-11T18:47:02+09:00 [openriak-entrypoint] configuration: waiting for coordinator cookie before daemon startup
2026-09-11T18:47:03+09:00 [openriak-entrypoint] configuration: waiting for coordinator cookie before daemon startup
2026-09-11T18:47:04+09:00 [openriak-entrypoint] configuration: waiting for coordinator cookie before daemon startup
2026-09-11T18:47:05+09:00 [openriak-entrypoint] configuration: waiting for coordinator cookie before daemon startup
2026-09-11T18:47:06+09:00 [openriak-entrypoint] configuration: waiting for coordinator cookie before daemon startup
2026-09-11T18:47:07+09:00 [openriak-entrypoint] configuration: waiting for coordinator cookie before daemon startup
2026-09-11T18:47:08+09:00 [openriak-entrypoint] configuration: waiting for coordinator cookie before daemon startup
2026-09-11T18:47:09+09:00 [openriak-entrypoint] configuration: waiting for coordinator cookie before daemon startup
2026-09-11T18:47:10+09:00 [openriak-entrypoint] configuration: waiting for coordinator cookie before daemon startup
2026-09-11T18:47:11+09:00 [openriak-entrypoint] configuration: waiting for coordinator cookie before daemon startup
2026-09-11T18:47:12+09:00 [openriak-entrypoint] configuration: waiting for coordinator cookie before daemon startup
2026-09-11T18:47:13+09:00 [openriak-entrypoint] configuration: adopted coordinator cookie before daemon startup
2026-09-11T18:47:13+09:00 [openriak-entrypoint] configuration: nodename = openriak-kv@node-02.cluster-a.openriak
2026-09-11T18:47:14+09:00 [openriak-entrypoint] configuration: distributed_cookie = openriak-b1b90776f4228bca45e306c3b4e08b94
2026-09-11T18:47:14+09:00 [openriak-entrypoint] configuration: effective distributed cookie = openriak-b1b90776f4228bca45e306c3b4e08b94
2026-09-11T18:47:14+09:00 [openriak-entrypoint] configuration: ring_size = 8
2026-09-11T18:47:14+09:00 [openriak-entrypoint] configuration: storage_backend = leveled
2026-09-11T18:47:14+09:00 [openriak-entrypoint] configuration: anti_entropy = passive
2026-09-11T18:47:14+09:00 [openriak-entrypoint] configuration: tictacaae_active = active
2026-09-11T18:47:14+09:00 [openriak-entrypoint] configuration: tictacaae_storeheads = enabled
2026-09-11T18:47:14+09:00 [openriak-entrypoint] configuration: listener.http.internal = 0.0.0.0:8098
2026-09-11T18:47:14+09:00 [openriak-entrypoint] configuration: listener.protobuf.internal = 0.0.0.0:8087
2026-09-11T18:47:14+09:00 [openriak-entrypoint] configuration: logger.max_file_size = 2MB
2026-09-11T18:47:14+09:00 [openriak-entrypoint] configuration: logger.max_files = 4
2026-09-11T18:47:14+09:00 [openriak-entrypoint] startup: validating configuration and generating VM arguments
2026-09-11T18:47:21+09:00 [openriak-entrypoint] startup: configuration is valid (config is OK)
2026-09-11T18:47:21+09:00 [openriak-entrypoint] startup: starting OpenRiak as a daemon
!!!!
!!!! WARNING: ulimit -n is 1024; 65536 is the recommended minimum.
!!!!
2026-09-11T18:47:37+09:00 [openriak-entrypoint] startup: daemon command completed
2026-09-11T18:47:37+09:00 [openriak-entrypoint] startup: waiting for BEAM and riak ping
2026-09-11T18:47:38+09:00 [openriak-entrypoint] startup: BEAM is running and riak ping returned pong
2026-09-11T18:47:38+09:00 [openriak-entrypoint] startup: waiting for the riak_kv service
2026-09-11T18:47:39+09:00 [openriak-entrypoint] startup: waiting for riak_kv (attempt 1, services=[])
2026-09-11T18:47:41+09:00 [openriak-entrypoint] startup: waiting for riak_kv (attempt 2, services=[])
2026-09-11T18:47:45+09:00 [openriak-entrypoint] startup: riak_kv service is up ([riak_kv,riak_pipe,riak_repl])
2026-09-11T18:47:45+09:00 [openriak-entrypoint] startup: waiting for Riak transfers to complete
2026-09-11T18:47:46+09:00 [openriak-entrypoint] startup: transfers complete (No transfers active Active Transfers: ok)
2026-09-11T18:47:46+09:00 [openriak-entrypoint] cluster: Role: Follower
2026-09-11T18:47:48+09:00 [openriak-entrypoint] cluster: announced openriak-kv@node-02.cluster-a.openriak at 172.22.0.5 to coordinator openriak-kv@node-01.cluster-a.openriak (00bd0fb301859eaf)
2026-09-11T18:47:48+09:00 [openriak-entrypoint] cluster: follower waiting for coordinator approval (1s/3600s)
2026-09-11T18:47:49+09:00 [openriak-entrypoint] cluster: join approved by openriak-kv@node-01.cluster-a.openriak (00bd0fb301859eaf)
2026-09-11T18:47:50+09:00 [openriak-entrypoint] cluster: join: Success: staged join request for 'openriak-kv@node-02.cluster-a.openriak' to 'openriak-kv@node-01.cluster-a.openriak'
2026-09-11T18:47:50+09:00 [openriak-entrypoint] cluster: join: ok
2026-09-11T18:47:50+09:00 [openriak-entrypoint] cluster: join request accepted; waiting for plan and commit
2026-09-11T18:47:52+09:00 [openriak-entrypoint] cluster: waiting for the ring to become ready
2026-09-11T18:47:55+09:00 [openriak-entrypoint] cluster: ring is ready (TRUE All nodes agree on the ring ['openriak-kv@node-01.cluster-a.openriak', 'openriak-kv@node-02.cluster-a.openriak', 'openriak-kv@node-03.cluster-a.openriak', 'openriak-kv@node-04.cluster-a.openriak', 'openriak-kv@node-05.cluster-a.openriak'] ok)
2026-09-11T18:47:55+09:00 [openriak-entrypoint] startup: waiting for Riak transfers to complete
2026-09-11T18:47:57+09:00 [openriak-entrypoint] startup: waiting for transfers (attempt 1, transfers='openriak-kv@node-05.cluster-a.openriak' waiting to handoff 8 partitions 'openriak-kv@node-04.cluster-a.openriak' waiting to handoff 8 partitions 'openriak-kv@node-03.cluster-a.openriak' waiting to handoff 8 partitions 'openriak-kv@node-02.cluster-a.openriak' waiting to handoff 8 partitions Active Transfers: ok)
2026-09-11T18:47:59+09:00 [openriak-entrypoint] startup: waiting for transfers (attempt 2, transfers='openriak-kv@node-05.cluster-a.openriak' waiting to handoff 8 partitions 'openriak-kv@node-04.cluster-a.openriak' waiting to handoff 8 partitions 'openriak-kv@node-03.cluster-a.openriak' waiting to handoff 8 partitions 'openriak-kv@node-02.cluster-a.openriak' waiting to handoff 8 partitions Active Transfers: ok)
2026-09-11T18:48:01+09:00 [openriak-entrypoint] startup: waiting for transfers (attempt 3, transfers='openriak-kv@node-05.cluster-a.openriak' waiting to handoff 8 partitions 'openriak-kv@node-04.cluster-a.openriak' waiting to handoff 8 partitions 'openriak-kv@node-03.cluster-a.openriak' waiting to handoff 8 partitions 'openriak-kv@node-02.cluster-a.openriak' waiting to handoff 8 partitions Active Transfers: ok)
2026-09-11T18:48:03+09:00 [openriak-entrypoint] startup: waiting for transfers (attempt 4, transfers='openriak-kv@node-05.cluster-a.openriak' waiting to handoff 7 partitions 'openriak-kv@node-04.cluster-a.openriak' waiting to handoff 7 partitions 'openriak-kv@node-03.cluster-a.openriak' waiting to handoff 6 partitions 'openriak-kv@node-02.cluster-a.openriak' waiting to handoff 6 partitions Active Transfers: ok)
2026-09-11T18:48:05+09:00 [openriak-entrypoint] startup: waiting for transfers (attempt 5, transfers='openriak-kv@node-05.cluster-a.openriak' waiting to handoff 7 partitions 'openriak-kv@node-04.cluster-a.openriak' waiting to handoff 7 partitions 'openriak-kv@node-03.cluster-a.openriak' waiting to handoff 6 partitions 'openriak-kv@node-02.cluster-a.openriak' waiting to handoff 6 partitions Active Transfers: ok)
2026-09-11T18:48:08+09:00 [openriak-entrypoint] startup: waiting for transfers (attempt 6, transfers='openriak-kv@node-05.cluster-a.openriak' waiting to handoff 7 partitions 'openriak-kv@node-04.cluster-a.openriak' waiting to handoff 7 partitions 'openriak-kv@node-03.cluster-a.openriak' waiting to handoff 6 partitions 'openriak-kv@node-02.cluster-a.openriak' waiting to handoff 6 partitions Active Transfers: ok)
2026-09-11T18:48:10+09:00 [openriak-entrypoint] startup: waiting for transfers (attempt 7, transfers='openriak-kv@node-05.cluster-a.openriak' waiting to handoff 7 partitions 'openriak-kv@node-04.cluster-a.openriak' waiting to handoff 7 partitions 'openriak-kv@node-03.cluster-a.openriak' waiting to handoff 6 partitions 'openriak-kv@node-02.cluster-a.openriak' waiting to handoff 6 partitions Active Transfers: ok)
2026-09-11T18:48:13+09:00 [openriak-entrypoint] startup: waiting for transfers (attempt 8, transfers='openriak-kv@node-05.cluster-a.openriak' waiting to handoff 7 partitions 'openriak-kv@node-04.cluster-a.openriak' waiting to handoff 7 partitions 'openriak-kv@node-03.cluster-a.openriak' waiting to handoff 6 partitions 'openriak-kv@node-02.cluster-a.openriak' waiting to handoff 6 partitions Active Transfers: ok)
2026-09-11T18:48:16+09:00 [openriak-entrypoint] startup: waiting for transfers (attempt 9, transfers='openriak-kv@node-05.cluster-a.openriak' waiting to handoff 7 partitions 'openriak-kv@node-04.cluster-a.openriak' waiting to handoff 7 partitions 'openriak-kv@node-03.cluster-a.openriak' waiting to handoff 6 partitions 'openriak-kv@node-02.cluster-a.openriak' waiting to handoff 6 partitions Active Transfers: ok)
2026-09-11T18:48:19+09:00 [openriak-entrypoint] startup: waiting for transfers (attempt 10, transfers='openriak-kv@node-05.cluster-a.openriak' waiting to handoff 7 partitions 'openriak-kv@node-04.cluster-a.openriak' waiting to handoff 7 partitions 'openriak-kv@node-03.cluster-a.openriak' waiting to handoff 6 partitions 'openriak-kv@node-02.cluster-a.openriak' waiting to handoff 6 partitions Active Transfers: ok)
2026-09-11T18:48:21+09:00 [openriak-entrypoint] startup: waiting for transfers (attempt 11, transfers='openriak-kv@node-05.cluster-a.openriak' waiting to handoff 7 partitions 'openriak-kv@node-04.cluster-a.openriak' waiting to handoff 7 partitions 'openriak-kv@node-03.cluster-a.openriak' waiting to handoff 6 partitions 'openriak-kv@node-02.cluster-a.openriak' waiting to handoff 6 partitions Active Transfers: ok)
2026-09-11T18:48:23+09:00 [openriak-entrypoint] startup: waiting for transfers (attempt 12, transfers='openriak-kv@node-05.cluster-a.openriak' waiting to handoff 7 partitions 'openriak-kv@node-04.cluster-a.openriak' waiting to handoff 7 partitions 'openriak-kv@node-03.cluster-a.openriak' waiting to handoff 6 partitions 'openriak-kv@node-02.cluster-a.openriak' waiting to handoff 6 partitions Active Transfers: ok)
2026-09-11T18:48:25+09:00 [openriak-entrypoint] startup: waiting for transfers (attempt 13, transfers='openriak-kv@node-05.cluster-a.openriak' waiting to handoff 7 partitions 'openriak-kv@node-04.cluster-a.openriak' waiting to handoff 7 partitions 'openriak-kv@node-03.cluster-a.openriak' waiting to handoff 6 partitions 'openriak-kv@node-02.cluster-a.openriak' waiting to handoff 6 partitions Active Transfers: ok)
2026-09-11T18:48:28+09:00 [openriak-entrypoint] startup: waiting for transfers (attempt 14, transfers='openriak-kv@node-05.cluster-a.openriak' waiting to handoff 7 partitions 'openriak-kv@node-04.cluster-a.openriak' waiting to handoff 7 partitions 'openriak-kv@node-03.cluster-a.openriak' waiting to handoff 6 partitions 'openriak-kv@node-02.cluster-a.openriak' waiting to handoff 6 partitions Active Transfers: ok)
2026-09-11T18:48:30+09:00 [openriak-entrypoint] startup: waiting for transfers (attempt 15, transfers='openriak-kv@node-05.cluster-a.openriak' waiting to handoff 7 partitions 'openriak-kv@node-04.cluster-a.openriak' waiting to handoff 7 partitions 'openriak-kv@node-03.cluster-a.openriak' waiting to handoff 6 partitions 'openriak-kv@node-02.cluster-a.openriak' waiting to handoff 6 partitions Active Transfers: ok)
2026-09-11T18:48:32+09:00 [openriak-entrypoint] startup: waiting for transfers (attempt 16, transfers='openriak-kv@node-05.cluster-a.openriak' waiting to handoff 7 partitions 'openriak-kv@node-04.cluster-a.openriak' waiting to handoff 7 partitions 'openriak-kv@node-03.cluster-a.openriak' waiting to handoff 6 partitions 'openriak-kv@node-02.cluster-a.openriak' waiting to handoff 6 partitions Active Transfers: ok)
2026-09-11T18:48:34+09:00 [openriak-entrypoint] startup: waiting for transfers (attempt 17, transfers='openriak-kv@node-05.cluster-a.openriak' waiting to handoff 7 partitions 'openriak-kv@node-04.cluster-a.openriak' waiting to handoff 7 partitions 'openriak-kv@node-03.cluster-a.openriak' waiting to handoff 6 partitions 'openriak-kv@node-02.cluster-a.openriak' waiting to handoff 6 partitions Active Transfers: ok)
2026-09-11T18:48:37+09:00 [openriak-entrypoint] startup: waiting for transfers (attempt 18, transfers='openriak-kv@node-05.cluster-a.openriak' waiting to handoff 7 partitions 'openriak-kv@node-04.cluster-a.openriak' waiting to handoff 7 partitions 'openriak-kv@node-03.cluster-a.openriak' waiting to handoff 6 partitions 'openriak-kv@node-02.cluster-a.openriak' waiting to handoff 6 partitions Active Transfers: ok)
2026-09-11T18:48:39+09:00 [openriak-entrypoint] startup: waiting for transfers (attempt 19, transfers='openriak-kv@node-05.cluster-a.openriak' waiting to handoff 7 partitions 'openriak-kv@node-04.cluster-a.openriak' waiting to handoff 7 partitions 'openriak-kv@node-03.cluster-a.openriak' waiting to handoff 6 partitions 'openriak-kv@node-02.cluster-a.openriak' waiting to handoff 6 partitions Active Transfers: ok)
2026-09-11T18:48:41+09:00 [openriak-entrypoint] startup: waiting for transfers (attempt 20, transfers='openriak-kv@node-05.cluster-a.openriak' waiting to handoff 7 partitions 'openriak-kv@node-04.cluster-a.openriak' waiting to handoff 7 partitions 'openriak-kv@node-03.cluster-a.openriak' waiting to handoff 6 partitions 'openriak-kv@node-02.cluster-a.openriak' waiting to handoff 6 partitions Active Transfers: ok)
2026-09-11T18:48:44+09:00 [openriak-entrypoint] startup: waiting for transfers (attempt 21, transfers='openriak-kv@node-05.cluster-a.openriak' waiting to handoff 7 partitions 'openriak-kv@node-04.cluster-a.openriak' waiting to handoff 7 partitions 'openriak-kv@node-03.cluster-a.openriak' waiting to handoff 6 partitions 'openriak-kv@node-02.cluster-a.openriak' waiting to handoff 6 partitions Active Transfers: ok)
2026-09-11T18:48:47+09:00 [openriak-entrypoint] startup: waiting for transfers (attempt 22, transfers='openriak-kv@node-05.cluster-a.openriak' waiting to handoff 7 partitions 'openriak-kv@node-04.cluster-a.openriak' waiting to handoff 7 partitions 'openriak-kv@node-03.cluster-a.openriak' waiting to handoff 6 partitions 'openriak-kv@node-02.cluster-a.openriak' waiting to handoff 6 partitions Active Transfers: ok)
2026-09-11T18:48:49+09:00 [openriak-entrypoint] startup: waiting for transfers (attempt 23, transfers='openriak-kv@node-05.cluster-a.openriak' waiting to handoff 7 partitions 'openriak-kv@node-04.cluster-a.openriak' waiting to handoff 7 partitions 'openriak-kv@node-03.cluster-a.openriak' waiting to handoff 6 partitions 'openriak-kv@node-02.cluster-a.openriak' waiting to handoff 6 partitions Active Transfers: ok)
2026-09-11T18:48:52+09:00 [openriak-entrypoint] startup: waiting for transfers (attempt 24, transfers='openriak-kv@node-05.cluster-a.openriak' waiting to handoff 7 partitions 'openriak-kv@node-04.cluster-a.openriak' waiting to handoff 7 partitions 'openriak-kv@node-03.cluster-a.openriak' waiting to handoff 6 partitions 'openriak-kv@node-02.cluster-a.openriak' waiting to handoff 6 partitions Active Transfers: ok)
2026-09-11T18:48:54+09:00 [openriak-entrypoint] startup: waiting for transfers (attempt 25, transfers='openriak-kv@node-05.cluster-a.openriak' waiting to handoff 6 partitions 'openriak-kv@node-04.cluster-a.openriak' waiting to handoff 7 partitions 'openriak-kv@node-03.cluster-a.openriak' waiting to handoff 6 partitions 'openriak-kv@node-02.cluster-a.openriak' waiting to handoff 6 partitions Active Transfers: ok)
2026-09-11T18:48:56+09:00 [openriak-entrypoint] startup: waiting for transfers (attempt 26, transfers='openriak-kv@node-05.cluster-a.openriak' waiting to handoff 6 partitions 'openriak-kv@node-04.cluster-a.openriak' waiting to handoff 7 partitions 'openriak-kv@node-03.cluster-a.openriak' waiting to handoff 6 partitions 'openriak-kv@node-02.cluster-a.openriak' waiting to handoff 6 partitions Active Transfers: ok)
2026-09-11T18:48:59+09:00 [openriak-entrypoint] startup: waiting for transfers (attempt 27, transfers='openriak-kv@node-05.cluster-a.openriak' waiting to handoff 6 partitions 'openriak-kv@node-04.cluster-a.openriak' waiting to handoff 7 partitions 'openriak-kv@node-03.cluster-a.openriak' waiting to handoff 6 partitions 'openriak-kv@node-02.cluster-a.openriak' waiting to handoff 6 partitions Active Transfers: ok)
2026-09-11T18:49:02+09:00 [openriak-entrypoint] startup: waiting for transfers (attempt 28, transfers='openriak-kv@node-05.cluster-a.openriak' waiting to handoff 6 partitions 'openriak-kv@node-04.cluster-a.openriak' waiting to handoff 7 partitions 'openriak-kv@node-03.cluster-a.openriak' waiting to handoff 6 partitions 'openriak-kv@node-02.cluster-a.openriak' waiting to handoff 6 partitions Active Transfers: ok)
2026-09-11T18:49:04+09:00 [openriak-entrypoint] startup: waiting for transfers (attempt 29, transfers='openriak-kv@node-05.cluster-a.openriak' waiting to handoff 6 partitions 'openriak-kv@node-04.cluster-a.openriak' waiting to handoff 7 partitions 'openriak-kv@node-03.cluster-a.openriak' waiting to handoff 6 partitions 'openriak-kv@node-02.cluster-a.openriak' waiting to handoff 6 partitions Active Transfers: ok)
2026-09-11T18:49:06+09:00 [openriak-entrypoint] startup: waiting for transfers (attempt 30, transfers='openriak-kv@node-05.cluster-a.openriak' waiting to handoff 6 partitions 'openriak-kv@node-04.cluster-a.openriak' waiting to handoff 7 partitions 'openriak-kv@node-03.cluster-a.openriak' waiting to handoff 6 partitions 'openriak-kv@node-02.cluster-a.openriak' waiting to handoff 6 partitions Active Transfers: ok)
2026-09-11T18:49:07+09:00 [openriak-entrypoint] startup: waiting for transfers (attempt 31, transfers='openriak-kv@node-05.cluster-a.openriak' waiting to handoff 6 partitions 'openriak-kv@node-04.cluster-a.openriak' waiting to handoff 7 partitions 'openriak-kv@node-03.cluster-a.openriak' waiting to handoff 6 partitions 'openriak-kv@node-02.cluster-a.openriak' waiting to handoff 6 partitions Active Transfers: ok)
2026-09-11T18:49:10+09:00 [openriak-entrypoint] startup: waiting for transfers (attempt 32, transfers='openriak-kv@node-05.cluster-a.openriak' waiting to handoff 5 partitions 'openriak-kv@node-04.cluster-a.openriak' waiting to handoff 7 partitions 'openriak-kv@node-03.cluster-a.openriak' waiting to handoff 6 partitions 'openriak-kv@node-02.cluster-a.openriak' waiting to handoff 6 partitions Active Transfers: ok)
2026-09-11T18:49:13+09:00 [openriak-entrypoint] startup: waiting for transfers (attempt 33, transfers='openriak-kv@node-05.cluster-a.openriak' waiting to handoff 5 partitions 'openriak-kv@node-04.cluster-a.openriak' waiting to handoff 7 partitions 'openriak-kv@node-03.cluster-a.openriak' waiting to handoff 6 partitions 'openriak-kv@node-02.cluster-a.openriak' waiting to handoff 5 partitions Active Transfers: ok)
2026-09-11T18:49:16+09:00 [openriak-entrypoint] startup: waiting for transfers (attempt 34, transfers='openriak-kv@node-05.cluster-a.openriak' waiting to handoff 5 partitions 'openriak-kv@node-04.cluster-a.openriak' waiting to handoff 7 partitions 'openriak-kv@node-03.cluster-a.openriak' waiting to handoff 6 partitions 'openriak-kv@node-02.cluster-a.openriak' waiting to handoff 5 partitions Active Transfers: ok)
2026-09-11T18:49:18+09:00 [openriak-entrypoint] startup: waiting for transfers (attempt 35, transfers='openriak-kv@node-05.cluster-a.openriak' waiting to handoff 4 partitions 'openriak-kv@node-04.cluster-a.openriak' waiting to handoff 7 partitions 'openriak-kv@node-03.cluster-a.openriak' waiting to handoff 5 partitions 'openriak-kv@node-02.cluster-a.openriak' waiting to handoff 5 partitions Active Transfers: ok)
2026-09-11T18:49:21+09:00 [openriak-entrypoint] startup: waiting for transfers (attempt 36, transfers='openriak-kv@node-05.cluster-a.openriak' waiting to handoff 3 partitions 'openriak-kv@node-04.cluster-a.openriak' waiting to handoff 6 partitions 'openriak-kv@node-03.cluster-a.openriak' waiting to handoff 5 partitions 'openriak-kv@node-02.cluster-a.openriak' waiting to handoff 3 partitions Active Transfers: ok)
2026-09-11T18:49:24+09:00 [openriak-entrypoint] startup: waiting for transfers (attempt 37, transfers='openriak-kv@node-05.cluster-a.openriak' waiting to handoff 3 partitions 'openriak-kv@node-04.cluster-a.openriak' waiting to handoff 5 partitions 'openriak-kv@node-03.cluster-a.openriak' waiting to handoff 5 partitions 'openriak-kv@node-02.cluster-a.openriak' waiting to handoff 1 partitions Active Transfers: ok)
2026-09-11T18:49:26+09:00 [openriak-entrypoint] startup: waiting for transfers (attempt 38, transfers='openriak-kv@node-05.cluster-a.openriak' waiting to handoff 3 partitions 'openriak-kv@node-04.cluster-a.openriak' waiting to handoff 4 partitions 'openriak-kv@node-03.cluster-a.openriak' waiting to handoff 5 partitions 'openriak-kv@node-02.cluster-a.openriak' waiting to handoff 1 partitions Active Transfers: ok)
2026-09-11T18:49:29+09:00 [openriak-entrypoint] startup: waiting for transfers (attempt 39, transfers='openriak-kv@node-05.cluster-a.openriak' waiting to handoff 3 partitions 'openriak-kv@node-04.cluster-a.openriak' waiting to handoff 4 partitions 'openriak-kv@node-03.cluster-a.openriak' waiting to handoff 2 partitions Active Transfers: ok)
2026-09-11T18:49:31+09:00 [openriak-entrypoint] startup: waiting for transfers (attempt 40, transfers='openriak-kv@node-05.cluster-a.openriak' waiting to handoff 3 partitions 'openriak-kv@node-04.cluster-a.openriak' waiting to handoff 4 partitions 'openriak-kv@node-03.cluster-a.openriak' waiting to handoff 2 partitions Active Transfers: ok)
2026-09-11T18:49:34+09:00 [openriak-entrypoint] startup: waiting for transfers (attempt 41, transfers='openriak-kv@node-05.cluster-a.openriak' waiting to handoff 3 partitions 'openriak-kv@node-04.cluster-a.openriak' waiting to handoff 4 partitions 'openriak-kv@node-03.cluster-a.openriak' waiting to handoff 1 partitions Active Transfers: ok)
2026-09-11T18:49:37+09:00 [openriak-entrypoint] startup: waiting for transfers (attempt 42, transfers='openriak-kv@node-05.cluster-a.openriak' waiting to handoff 3 partitions 'openriak-kv@node-04.cluster-a.openriak' waiting to handoff 4 partitions Active Transfers: ok)
2026-09-11T18:49:39+09:00 [openriak-entrypoint] startup: waiting for transfers (attempt 43, transfers='openriak-kv@node-05.cluster-a.openriak' waiting to handoff 2 partitions 'openriak-kv@node-04.cluster-a.openriak' waiting to handoff 2 partitions Active Transfers: ok)
2026-09-11T18:49:40+09:00 [openriak-entrypoint] startup: waiting for transfers (attempt 44, transfers='openriak-kv@node-05.cluster-a.openriak' waiting to handoff 2 partitions 'openriak-kv@node-04.cluster-a.openriak' waiting to handoff 1 partitions Active Transfers: ok)
2026-09-11T18:49:43+09:00 [openriak-entrypoint] startup: transfers complete (No transfers active Active Transfers: ok)
2026-09-11T18:49:43+09:00 [openriak-entrypoint] cluster: waiting for coordinator completion confirmation
2026-09-11T18:49:44+09:00 [openriak-entrypoint] cluster: coordinator confirmed completion for openriak-kv@node-02.cluster-a.openriak
2026-09-11T18:49:44+09:00 [openriak-entrypoint] cluster: follower joined openriak-kv@node-01.cluster-a.openriak successfully
2026-09-11T18:49:44+09:00 [openriak-entrypoint] startup: OpenRiak is ready
2026-09-11T18:49:44+09:00 [openriak-entrypoint] monitor: sleeping for 1s
2026-09-11T18:49:45+09:00 [openriak-entrypoint] monitor: BEAM is running and riak ping returned pong
2026-09-11T18:49:45+09:00 [openriak-entrypoint] monitor: sleeping for 1s
2026-09-11T18:49:47+09:00 [openriak-entrypoint] monitor: BEAM is running and riak ping returned pong
2026-09-11T18:49:47+09:00 [openriak-entrypoint] monitor: sleeping for 1s
2026-09-11T18:49:48+09:00 [openriak-entrypoint] monitor: BEAM is running and riak ping returned pong
2026-09-11T18:49:48+09:00 [openriak-entrypoint] monitor: sleeping for 1s
2026-09-11T18:49:50+09:00 [openriak-entrypoint] monitor: BEAM is running and riak ping returned pong
2026-09-11T18:49:50+09:00 [openriak-entrypoint] monitor: sleeping for 1s
2026-09-11T18:49:51+09:00 [openriak-entrypoint] monitor: BEAM is running and riak ping returned pong
2026-09-11T18:49:51+09:00 [openriak-entrypoint] monitor: sleeping for 1s
2026-09-11T18:49:52+09:00 [openriak-entrypoint] monitor: BEAM is running and riak ping returned pong
2026-09-11T18:49:52+09:00 [openriak-entrypoint] monitor: sleeping for 1s
2026-09-11T18:49:54+09:00 [openriak-entrypoint] monitor: BEAM is running and riak ping returned pong
2026-09-11T18:49:54+09:00 [openriak-entrypoint] monitor: sleeping for 1s
2026-09-11T18:49:56+09:00 [openriak-entrypoint] monitor: BEAM is running and riak ping returned pong
2026-09-11T18:49:56+09:00 [openriak-entrypoint] monitor: sleeping for 1s
2026-09-11T18:49:58+09:00 [openriak-entrypoint] monitor: BEAM is running and riak ping returned pong
2026-09-11T18:49:58+09:00 [openriak-entrypoint] monitor: sleeping for 1s
2026-09-11T18:50:00+09:00 [openriak-entrypoint] monitor: BEAM is running and riak ping returned pong
2026-09-11T18:50:00+09:00 [openriak-entrypoint] monitor: sleeping for 1s
2026-09-11T18:50:01+09:00 [openriak-entrypoint] monitor: BEAM is running and riak ping returned pong
2026-09-11T18:50:01+09:00 [openriak-entrypoint] monitor: sleeping for 1s
2026-09-11T18:50:03+09:00 [openriak-entrypoint] monitor: BEAM is running and riak ping returned pong
2026-09-11T18:50:03+09:00 [openriak-entrypoint] monitor: sleeping for 1s

timeout_seconds: 3600
exit_code: 0
