$ /usr/bin/docker compose --env-file /tmp/openriak-docker-3.4.1-ubuntu-jammy-otp26-vg65s733/.env.cluster --project-directory /tmp/openriak-docker-3.4.1-ubuntu-jammy-otp26-vg65s733 --file /tmp/openriak-docker-3.4.1-ubuntu-jammy-otp26-vg65s733/compose.cluster.test.yaml up --detach --no-build
started: 2026-09-11T09:46:54Z
 Network openriak-kv-341-ubuntu-jammy-otp26-node-cluster_openriak  Creating
 Network openriak-kv-341-ubuntu-jammy-otp26-node-cluster_openriak  Created
 Container openriak-kv-3.4.1-ubuntu-jammy-otp26-node-3-t-217396z  Creating
 Container openriak-kv-3.4.1-ubuntu-jammy-otp26-node-5-t-217396z  Creating
 Container openriak-kv-3.4.1-ubuntu-jammy-otp26-node-2-t-217396z  Creating
 Container openriak-kv-3.4.1-ubuntu-jammy-otp26-node-1-t-217396z  Creating
 Container openriak-kv-3.4.1-ubuntu-jammy-otp26-node-4-t-217396z  Creating
 Container openriak-kv-3.4.1-ubuntu-jammy-otp26-node-3-t-217396z  Created
 Container openriak-kv-3.4.1-ubuntu-jammy-otp26-node-2-t-217396z  Created
 Container openriak-kv-3.4.1-ubuntu-jammy-otp26-node-1-t-217396z  Created
 Container openriak-kv-3.4.1-ubuntu-jammy-otp26-node-4-t-217396z  Created
 Container openriak-kv-3.4.1-ubuntu-jammy-otp26-node-5-t-217396z  Created
 Container openriak-kv-3.4.1-ubuntu-jammy-otp26-node-1-t-217396z  Starting
 Container openriak-kv-3.4.1-ubuntu-jammy-otp26-node-2-t-217396z  Starting
 Container openriak-kv-3.4.1-ubuntu-jammy-otp26-node-4-t-217396z  Starting
 Container openriak-kv-3.4.1-ubuntu-jammy-otp26-node-5-t-217396z  Starting
 Container openriak-kv-3.4.1-ubuntu-jammy-otp26-node-3-t-217396z  Starting
 Container openriak-kv-3.4.1-ubuntu-jammy-otp26-node-4-t-217396z  Started
 Container openriak-kv-3.4.1-ubuntu-jammy-otp26-node-5-t-217396z  Started
 Container openriak-kv-3.4.1-ubuntu-jammy-otp26-node-2-t-217396z  Started
 Container openriak-kv-3.4.1-ubuntu-jammy-otp26-node-1-t-217396z  Started
 Container openriak-kv-3.4.1-ubuntu-jammy-otp26-node-3-t-217396z  Started

timeout_seconds: 3600
exit_code: 0
