$ /usr/bin/docker container inspect openriak-kv-3.4.0-suse-16.0-otp26-node-1-t-876133z
started: 2026-09-11T15:18:32Z
[]
Error response from daemon: No such container: openriak-kv-3.4.0-suse-16.0-otp26-node-1-t-876133z

timeout_seconds: 3600
exit_code: 1
$ /usr/bin/docker container inspect openriak-kv-3.4.0-suse-16.0-otp26-node-2-t-876133z
started: 2026-09-11T15:18:32Z
[]
Error response from daemon: No such container: openriak-kv-3.4.0-suse-16.0-otp26-node-2-t-876133z

timeout_seconds: 3600
exit_code: 1
$ /usr/bin/docker container inspect openriak-kv-3.4.0-suse-16.0-otp26-node-3-t-876133z
started: 2026-09-11T15:18:32Z
[]
Error response from daemon: No such container: openriak-kv-3.4.0-suse-16.0-otp26-node-3-t-876133z

timeout_seconds: 3600
exit_code: 1
$ /usr/bin/docker container inspect openriak-kv-3.4.0-suse-16.0-otp26-node-4-t-876133z
started: 2026-09-11T15:18:32Z
[]
Error response from daemon: No such container: openriak-kv-3.4.0-suse-16.0-otp26-node-4-t-876133z

timeout_seconds: 3600
exit_code: 1
$ /usr/bin/docker container inspect openriak-kv-3.4.0-suse-16.0-otp26-node-5-t-876133z
started: 2026-09-11T15:18:32Z
[]
Error response from daemon: No such container: openriak-kv-3.4.0-suse-16.0-otp26-node-5-t-876133z

timeout_seconds: 3600
exit_code: 1
