$ /usr/bin/docker exec openriak-kv-3.4.0-suse-16.0-otp26-node-1-t-876133z sh -c 'date +%z
id -u riak
id -g riak
stat -c '"'"'%u:%g'"'"' /etc/riak /var/lib/riak /var/log/riak'
started: 2026-09-11T15:21:55Z
+0900
19001
19002
19001:19002
19001:19002
19001:19002

timeout_seconds: 3600
exit_code: 0
$ /usr/bin/docker container inspect openriak-kv-3.4.0-suse-16.0-otp26-node-1-t-876133z
started: 2026-09-11T15:21:55Z
[
    {
        "Id": "60be6bb7635aacd10ea4d2f9174c4b8b1b71607e8e630911abf9e85f15f11c2a",
        "Created": "2026-09-11T15:18:32.874647077Z",
        "Path": "/usr/local/bin/openriak-entrypoint",
        "Args": [],
        "State": {
            "Status": "running",
            "Running": true,
            "Paused": false,
            "Restarting": false,
            "OOMKilled": false,
            "Dead": false,
            "Pid": 902035,
            "ExitCode": 0,
            "Error": "",
            "StartedAt": "2026-09-11T15:18:33.471982386Z",
            "FinishedAt": "0001-01-01T00:00:00Z",
            "Health": {
                "Status": "healthy",
                "FailingStreak": 0,
                "Log": [
                    {
                        "Start": "2026-09-11T15:21:06.70307589Z",
                        "End": "2026-09-11T15:21:08.022650624Z",
                        "ExitCode": 0,
                        "Output": "OpenRiak healthcheck passed: BEAM is running and riak ping returned pong\n"
                    },
                    {
                        "Start": "2026-09-11T15:21:18.02338275Z",
                        "End": "2026-09-11T15:21:19.018061986Z",
                        "ExitCode": 0,
                        "Output": "OpenRiak healthcheck passed: BEAM is running and riak ping returned pong\n"
                    },
                    {
                        "Start": "2026-09-11T15:21:29.019110413Z",
                        "End": "2026-09-11T15:21:29.429423573Z",
                        "ExitCode": 0,
                        "Output": "OpenRiak healthcheck passed: BEAM is running and riak ping returned pong\n"
                    },
                    {
                        "Start": "2026-09-11T15:21:39.430764959Z",
                        "End": "2026-09-11T15:21:40.304259822Z",
                        "ExitCode": 0,
                        "Output": "OpenRiak healthcheck passed: BEAM is running and riak ping returned pong\n"
                    },
                    {
                        "Start": "2026-09-11T15:21:50.305469661Z",
                        "End": "2026-09-11T15:21:51.509169539Z",
                        "ExitCode": 0,
                        "Output": "OpenRiak healthcheck passed: BEAM is running and riak ping returned pong\n"
                    }
                ]
            }
        },
        "Image": "sha256:506c5f241905a492a1676401bf3c44972c2b144f05dda9a82debbc4d8c827a08",
        "ResolvConfPath": "/var/snap/docker/common/var-lib-docker/containers/60be6bb7635aacd10ea4d2f9174c4b8b1b71607e8e630911abf9e85f15f11c2a/resolv.conf",
        "HostnamePath": "/var/snap/docker/common/var-lib-docker/containers/60be6bb7635aacd10ea4d2f9174c4b8b1b71607e8e630911abf9e85f15f11c2a/hostname",
        "HostsPath": "/var/snap/docker/common/var-lib-docker/containers/60be6bb7635aacd10ea4d2f9174c4b8b1b71607e8e630911abf9e85f15f11c2a/hosts",
        "LogPath": "/var/snap/docker/common/var-lib-docker/containers/60be6bb7635aacd10ea4d2f9174c4b8b1b71607e8e630911abf9e85f15f11c2a/60be6bb7635aacd10ea4d2f9174c4b8b1b71607e8e630911abf9e85f15f11c2a-json.log",
        "Name": "/openriak-kv-3.4.0-suse-16.0-otp26-node-1-t-876133z",
        "RestartCount": 0,
        "Driver": "overlay2",
        "Platform": "linux",
        "MountLabel": "",
        "ProcessLabel": "",
        "AppArmorProfile": "docker-default",
        "ExecIDs": null,
        "HostConfig": {
            "Binds": [
                "/home/peter/openriak-builds/tmp/openriak-docker-3.4.0-suse-16.0-otp26-5xbed52f/openriak-kv-3.4.0-suse-16.0-otp26-node-1/data:/var/lib/riak:rw",
                "/home/peter/openriak-builds/tmp/openriak-docker-3.4.0-suse-16.0-otp26-5xbed52f/openriak-kv-3.4.0-suse-16.0-otp26-node-1/logs:/var/log/riak:rw",
                "/home/peter/openriak-builds/tmp/openriak-docker-3.4.0-suse-16.0-otp26-5xbed52f/openriak-kv-3.4.0-suse-16.0-otp26-node-cluster-control:/var/lib/openriak-cluster-control:rw",
                "/home/peter/openriak-builds/tmp/openriak-docker-3.4.0-suse-16.0-otp26-5xbed52f/openriak-kv-3.4.0-suse-16.0-otp26-node-1/config:/etc/riak:rw"
            ],
            "ContainerIDFile": "",
            "LogConfig": {
                "Type": "json-file",
                "Config": {
                    "max-file": "3",
                    "max-size": "10m"
                }
            },
            "NetworkMode": "openriak-kv-340-suse-160-otp26-node-cluster_openriak",
            "PortBindings": {},
            "RestartPolicy": {
                "Name": "no",
                "MaximumRetryCount": 0
            },
            "AutoRemove": false,
            "VolumeDriver": "",
            "VolumesFrom": null,
            "ConsoleSize": [
                0,
                0
            ],
            "CapAdd": null,
            "CapDrop": null,
            "CgroupnsMode": "private",
            "Dns": null,
            "DnsOptions": null,
            "DnsSearch": null,
            "ExtraHosts": [],
            "GroupAdd": null,
            "IpcMode": "private",
            "Cgroup": "",
            "Links": null,
            "OomScoreAdj": 0,
            "PidMode": "",
            "Privileged": false,
            "PublishAllPorts": false,
            "ReadonlyRootfs": false,
            "SecurityOpt": null,
            "UTSMode": "",
            "UsernsMode": "",
            "ShmSize": 67108864,
            "Runtime": "runc",
            "Isolation": "",
            "CpuShares": 0,
            "Memory": 0,
            "NanoCpus": 0,
            "CgroupParent": "",
            "BlkioWeight": 0,
            "BlkioWeightDevice": null,
            "BlkioDeviceReadBps": null,
            "BlkioDeviceWriteBps": null,
            "BlkioDeviceReadIOps": null,
            "BlkioDeviceWriteIOps": null,
            "CpuPeriod": 0,
            "CpuQuota": 0,
            "CpuRealtimePeriod": 0,
            "CpuRealtimeRuntime": 0,
            "CpusetCpus": "",
            "CpusetMems": "",
            "Devices": null,
            "DeviceCgroupRules": null,
            "DeviceRequests": null,
            "MemoryReservation": 0,
            "MemorySwap": 0,
            "MemorySwappiness": null,
            "OomKillDisable": null,
            "PidsLimit": null,
            "Ulimits": [
                {
                    "Name": "nofile",
                    "Hard": 100000,
                    "Soft": 100000
                }
            ],
            "CpuCount": 0,
            "CpuPercent": 0,
            "IOMaximumIOps": 0,
            "IOMaximumBandwidth": 0,
            "MaskedPaths": [
                "/proc/acpi",
                "/proc/asound",
                "/proc/interrupts",
                "/proc/kcore",
                "/proc/keys",
                "/proc/latency_stats",
                "/proc/sched_debug",
                "/proc/scsi",
                "/proc/timer_list",
                "/proc/timer_stats",
                "/sys/devices/virtual/powercap",
                "/sys/firmware",
                "/sys/devices/system/cpu/cpu0/thermal_throttle",
                "/sys/devices/system/cpu/cpu1/thermal_throttle",
                "/sys/devices/system/cpu/cpu2/thermal_throttle",
                "/sys/devices/system/cpu/cpu3/thermal_throttle"
            ],
            "ReadonlyPaths": [
                "/proc/bus",
                "/proc/fs",
                "/proc/irq",
                "/proc/sys",
                "/proc/sysrq-trigger"
            ]
        },
        "GraphDriver": {
            "Data": {
                "ID": "60be6bb7635aacd10ea4d2f9174c4b8b1b71607e8e630911abf9e85f15f11c2a",
                "LowerDir": "/var/snap/docker/common/var-lib-docker/overlay2/715afda1addd6754cff156238397cc40beb3a762f82cf4eb094887dd579a4e94-init/diff:/var/snap/docker/common/var-lib-docker/overlay2/1d091443ef5fd880058b71b1decc12b7e959cc098d97bd9fc9b44ce00891a02c/diff:/var/snap/docker/common/var-lib-docker/overlay2/f0971643b92dec22bdf377218e05fa7ca291e9de2c43491dd75666ee9f78d6a9/diff:/var/snap/docker/common/var-lib-docker/overlay2/dfcc963ee80c6d0408445e89d1a759b7856ab211f90bccc6a1722d48460296b9/diff:/var/snap/docker/common/var-lib-docker/overlay2/4e2f3fad81fe330450b3ff18b343cd0c028aa93ca31a3253a489cc86b9d317cf/diff:/var/snap/docker/common/var-lib-docker/overlay2/9ca82bf6d0aec407798dc9d05864489953bbc929a6b736bcfc1905994ff84e23/diff",
                "MergedDir": "/var/snap/docker/common/var-lib-docker/overlay2/715afda1addd6754cff156238397cc40beb3a762f82cf4eb094887dd579a4e94/merged",
                "UpperDir": "/var/snap/docker/common/var-lib-docker/overlay2/715afda1addd6754cff156238397cc40beb3a762f82cf4eb094887dd579a4e94/diff",
                "WorkDir": "/var/snap/docker/common/var-lib-docker/overlay2/715afda1addd6754cff156238397cc40beb3a762f82cf4eb094887dd579a4e94/work"
            },
            "Name": "overlay2"
        },
        "Mounts": [
            {
                "Type": "bind",
                "Source": "/home/peter/openriak-builds/tmp/openriak-docker-3.4.0-suse-16.0-otp26-5xbed52f/openriak-kv-3.4.0-suse-16.0-otp26-node-cluster-control",
                "Destination": "/var/lib/openriak-cluster-control",
                "Mode": "rw",
                "RW": true,
                "Propagation": "rprivate"
            },
            {
                "Type": "bind",
                "Source": "/home/peter/openriak-builds/tmp/openriak-docker-3.4.0-suse-16.0-otp26-5xbed52f/openriak-kv-3.4.0-suse-16.0-otp26-node-1/config",
                "Destination": "/etc/riak",
                "Mode": "rw",
                "RW": true,
                "Propagation": "rprivate"
            },
            {
                "Type": "bind",
                "Source": "/home/peter/openriak-builds/tmp/openriak-docker-3.4.0-suse-16.0-otp26-5xbed52f/openriak-kv-3.4.0-suse-16.0-otp26-node-1/data",
                "Destination": "/var/lib/riak",
                "Mode": "rw",
                "RW": true,
                "Propagation": "rprivate"
            },
            {
                "Type": "bind",
                "Source": "/home/peter/openriak-builds/tmp/openriak-docker-3.4.0-suse-16.0-otp26-5xbed52f/openriak-kv-3.4.0-suse-16.0-otp26-node-1/logs",
                "Destination": "/var/log/riak",
                "Mode": "rw",
                "RW": true,
                "Propagation": "rprivate"
            }
        ],
        "Config": {
            "Hostname": "node-01.cluster-a.openriak",
            "Domainname": "",
            "User": "",
            "AttachStdin": false,
            "AttachStdout": true,
            "AttachStderr": true,
            "ExposedPorts": {
                "8087/tcp": {},
                "8098/tcp": {}
            },
            "Tty": false,
            "OpenStdin": false,
            "StdinOnce": false,
            "Env": [
                "RIAK_DISTRIBUTED_COOKIE=openriak-f21c7391df856cf4283a158eabcc8446",
                "RIAK_MONITOR_INTERVAL_SECONDS=1",
                "TZ=Asia/Tokyo",
                "role=coordinator",
                "RIAK_LOG_MAX_FILE_SIZE=2MB",
                "OPENRIAK_CLUSTER_POLL_SECONDS=1",
                "RIAK_NODE_HOST=node-01.cluster-a.openriak",
                "RIAK_LOG_MAX_FILES=4",
                "RIAK_GID=19002",
                "OPENRIAK_CLUSTER_MODE=cluster",
                "OPENRIAK_CLUSTER_WAIT_SECONDS=3600",
                "RIAK_UID=19001",
                "PATH=/usr/local/sbin:/usr/local/bin:/usr/sbin:/usr/bin:/sbin:/bin",
                "RIAK_NODE_NAME=",
                "RIAK_RING_SIZE=8",
                "RIAK_STORAGE_BACKEND=leveled",
                "RIAK_ANTI_ENTROPY=passive",
                "RIAK_TICTACAAE_ACTIVE=active",
                "RIAK_TICTACAAE_STOREHEADS=enabled",
                "RIAK_HTTP_LISTENER=0.0.0.0:8098",
                "RIAK_PB_LISTENER=0.0.0.0:8087",
                "RIAK_NOFILE_LIMIT=100000",
                "RIAK_INIT_ONLY=0",
                "RIAK_STARTUP_POLL_SECONDS=1",
                "RIAK_SHUTDOWN_POLL_SECONDS=1",
                "OPENRIAK_CLUSTER_CONTROL_DIR=/var/lib/openriak-cluster-control"
            ],
            "Cmd": null,
            "Healthcheck": {
                "Test": [
                    "CMD",
                    "/usr/local/bin/openriak-healthcheck"
                ],
                "Interval": 10000000000,
                "Timeout": 60000000000,
                "StartPeriod": 120000000000,
                "Retries": 3
            },
            "Image": "tiotjp/openriak-kv:test-3.4.0-suse-16.0-otp26-linux-amd64-20260911t151725.876133z",
            "Volumes": {
                "/etc/riak": {},
                "/var/lib/riak": {},
                "/var/log/riak": {}
            },
            "WorkingDir": "/",
            "Entrypoint": [
                "/usr/local/bin/openriak-entrypoint"
            ],
            "Labels": {
                "com.docker.compose.config-hash": "384046a5f8362a5db10689b611aa89fa99b5a7bd9781345514d6d9f33438d44b",
                "com.docker.compose.container-number": "1",
                "com.docker.compose.depends_on": "",
                "com.docker.compose.image": "sha256:506c5f241905a492a1676401bf3c44972c2b144f05dda9a82debbc4d8c827a08",
                "com.docker.compose.oneoff": "False",
                "com.docker.compose.project": "openriak-kv-340-suse-160-otp26-node-cluster",
                "com.docker.compose.project.config_files": "/home/peter/openriak-builds/tmp/openriak-docker-3.4.0-suse-16.0-otp26-5xbed52f/compose.cluster.test.yaml",
                "com.docker.compose.project.environment_file": "/home/peter/openriak-builds/tmp/openriak-docker-3.4.0-suse-16.0-otp26-5xbed52f/.env.cluster",
                "com.docker.compose.project.working_dir": "/home/peter/openriak-builds/tmp/openriak-docker-3.4.0-suse-16.0-otp26-5xbed52f",
                "com.docker.compose.service": "node1",
                "com.docker.compose.version": "2.32.4",
                "org.opencontainers.image.description": "Package-backed OpenRiak KV with single-node and cluster startup support",
                "org.opencontainers.image.source": "https://github.com/TI-Tokyo/openriak-docs",
                "org.opencontainers.image.title": "OpenRiak KV",
                "org.opencontainers.image.url": "https://www.tiot.jp/",
                "org.opencontainers.image.vendor": "TI Tokyo",
                "org.opencontainers.image.version": "3.4.0",
                "org.openriak.image.tag": "tiotjp/openriak-kv:3.4.0-suse-16.0-otp26",
                "org.openriak.os.name": "suse",
                "org.openriak.os.release": "16.0",
                "org.openriak.os.version": "16.0",
                "org.openriak.otp.version": "26"
            },
            "StopSignal": "SIGTERM",
            "StopTimeout": 120
        },
        "NetworkSettings": {
            "SandboxID": "22e312c94e793e868c926bf4771c2ea655c72ca4a9f2b2e2c846dc09133e7f72",
            "SandboxKey": "/run/snap.docker/netns/22e312c94e79",
            "Ports": {
                "8087/tcp": null,
                "8098/tcp": null
            },
            "Networks": {
                "openriak-kv-340-suse-160-otp26-node-cluster_openriak": {
                    "IPAMConfig": {},
                    "Links": null,
                    "Aliases": [
                        "openriak-kv-3.4.0-suse-16.0-otp26-node-1-t-876133z",
                        "node1",
                        "node-01.cluster-a.openriak"
                    ],
                    "DriverOpts": null,
                    "GwPriority": 0,
                    "NetworkID": "18818e041e1ff549a3fd827086ce43cd4867281e48678210f4a1c8a08be7a3a9",
                    "EndpointID": "8eea5f8af36c122ba5cdede21fe9b82a9ca70377898e31dba35ab6520354f14a",
                    "Gateway": "172.19.0.1",
                    "IPAddress": "172.19.0.3",
                    "MacAddress": "b6:7c:ee:6d:90:73",
                    "IPPrefixLen": 16,
                    "IPv6Gateway": "",
                    "GlobalIPv6Address": "",
                    "GlobalIPv6PrefixLen": 0,
                    "DNSNames": [
                        "openriak-kv-3.4.0-suse-16.0-otp26-node-1-t-876133z",
                        "node1",
                        "node-01.cluster-a.openriak",
                        "60be6bb7635a"
                    ]
                }
            }
        }
    }
]

timeout_seconds: 3600
exit_code: 0
$ /usr/bin/docker exec openriak-kv-3.4.0-suse-16.0-otp26-node-1-t-876133z sh -ec 'test ! -e /usr/bin/container-suseconnect
if rpm -q container-suseconnect >/dev/null 2>&1
then
    echo '"'"'Unexpected SUSE registration helper in runtime image'"'"' >&2
    exit 1
fi'
started: 2026-09-11T15:21:55Z

timeout_seconds: 3600
exit_code: 0
