$ /usr/bin/docker compose --env-file /home/peter/openriak-builds/tmp/openriak-docker-3.4.0-suse-16.0-otp26-5xbed52f/.env.cluster --project-directory /home/peter/openriak-builds/tmp/openriak-docker-3.4.0-suse-16.0-otp26-5xbed52f --file /home/peter/openriak-builds/tmp/openriak-docker-3.4.0-suse-16.0-otp26-5xbed52f/compose.cluster.test.yaml up --detach --no-build
started: 2026-09-11T15:18:32Z
 Network openriak-kv-340-suse-160-otp26-node-cluster_openriak  Creating
 Network openriak-kv-340-suse-160-otp26-node-cluster_openriak  Created
 Container openriak-kv-3.4.0-suse-16.0-otp26-node-5-t-876133z  Creating
 Container openriak-kv-3.4.0-suse-16.0-otp26-node-1-t-876133z  Creating
 Container openriak-kv-3.4.0-suse-16.0-otp26-node-3-t-876133z  Creating
 Container openriak-kv-3.4.0-suse-16.0-otp26-node-4-t-876133z  Creating
 Container openriak-kv-3.4.0-suse-16.0-otp26-node-2-t-876133z  Creating
 Container openriak-kv-3.4.0-suse-16.0-otp26-node-5-t-876133z  Created
 Container openriak-kv-3.4.0-suse-16.0-otp26-node-1-t-876133z  Created
 Container openriak-kv-3.4.0-suse-16.0-otp26-node-3-t-876133z  Created
 Container openriak-kv-3.4.0-suse-16.0-otp26-node-4-t-876133z  Created
 Container openriak-kv-3.4.0-suse-16.0-otp26-node-2-t-876133z  Created
 Container openriak-kv-3.4.0-suse-16.0-otp26-node-3-t-876133z  Starting
 Container openriak-kv-3.4.0-suse-16.0-otp26-node-5-t-876133z  Starting
 Container openriak-kv-3.4.0-suse-16.0-otp26-node-4-t-876133z  Starting
 Container openriak-kv-3.4.0-suse-16.0-otp26-node-2-t-876133z  Starting
 Container openriak-kv-3.4.0-suse-16.0-otp26-node-1-t-876133z  Starting
 Container openriak-kv-3.4.0-suse-16.0-otp26-node-4-t-876133z  Started
 Container openriak-kv-3.4.0-suse-16.0-otp26-node-1-t-876133z  Started
 Container openriak-kv-3.4.0-suse-16.0-otp26-node-3-t-876133z  Started
 Container openriak-kv-3.4.0-suse-16.0-otp26-node-5-t-876133z  Started
 Container openriak-kv-3.4.0-suse-16.0-otp26-node-2-t-876133z  Started

timeout_seconds: 3600
exit_code: 0
