$ /usr/bin/docker logs openriak-kv-3.4.1-alpine-3.21-otp26-node-1-t-825679z
started: 2026-09-11T14:52:53Z
2026-09-11T22:56:17+09:00 [openriak-entrypoint] configuration: timezone = Asia/Tokyo
usermod: no changes
2026-09-11T22:56:18+09:00 [openriak-entrypoint] configuration: riak UID/GID = 19001/19002
2026-09-11T22:56:18+09:00 [openriak-entrypoint] configuration: preparing mounted directories
2026-09-11T22:56:18+09:00 [openriak-entrypoint] configuration: seeding /etc/riak from packaged defaults
2026-09-11T22:56:18+09:00 [openriak-entrypoint] configuration: current Docker IPv4 address = 172.19.0.6
2026-09-11T22:56:18+09:00 [openriak-entrypoint] configuration: nodename = openriak-kv@node-01.cluster-a.openriak
2026-09-11T22:56:19+09:00 [openriak-entrypoint] configuration: distributed_cookie = openriak-7acd19e3f76535f4430e81601f0f532a
2026-09-11T22:56:19+09:00 [openriak-entrypoint] configuration: effective distributed cookie = openriak-7acd19e3f76535f4430e81601f0f532a
2026-09-11T22:56:19+09:00 [openriak-entrypoint] configuration: ring_size = 8
2026-09-11T22:56:19+09:00 [openriak-entrypoint] configuration: storage_backend = leveled
2026-09-11T22:56:19+09:00 [openriak-entrypoint] configuration: anti_entropy = passive
2026-09-11T22:56:19+09:00 [openriak-entrypoint] configuration: tictacaae_active = active
2026-09-11T22:56:20+09:00 [openriak-entrypoint] configuration: tictacaae_storeheads = enabled
2026-09-11T22:56:20+09:00 [openriak-entrypoint] configuration: listener.http.internal = 0.0.0.0:8098
2026-09-11T22:56:20+09:00 [openriak-entrypoint] configuration: listener.protobuf.internal = 0.0.0.0:8087
2026-09-11T22:56:20+09:00 [openriak-entrypoint] configuration: logger.max_file_size = 2MB
2026-09-11T22:56:20+09:00 [openriak-entrypoint] configuration: logger.max_files = 4
2026-09-11T22:56:20+09:00 [openriak-entrypoint] startup: validating configuration and generating VM arguments
2026-09-11T22:56:59+09:00 [openriak-entrypoint] startup: configuration is valid (config is OK)
2026-09-11T22:56:59+09:00 [openriak-entrypoint] startup: starting OpenRiak as a daemon
2026-09-11T22:58:30+09:00 [openriak-entrypoint] startup: daemon command completed
2026-09-11T22:58:30+09:00 [openriak-entrypoint] startup: waiting for BEAM and riak ping
2026-09-11T22:58:36+09:00 [openriak-entrypoint] startup: BEAM is running and riak ping returned pong
2026-09-11T22:58:36+09:00 [openriak-entrypoint] startup: waiting for the riak_kv service
2026-09-11T22:58:54+09:00 [openriak-entrypoint] startup: riak_kv service is up ([riak_kv,riak_pipe,riak_repl])
2026-09-11T22:58:54+09:00 [openriak-entrypoint] startup: waiting for Riak transfers to complete
2026-09-11T22:59:11+09:00 [openriak-entrypoint] startup: transfers complete (No transfers active Active Transfers: ok)
2026-09-11T22:59:11+09:00 [openriak-entrypoint] cluster: Role: Coordinator
2026-09-11T22:59:11+09:00 [openriak-entrypoint] cluster: published coordinator openriak-kv@node-01.cluster-a.openriak at 172.19.0.6 in openriak-kv@node-01.cluster-a.openriak-0555ffd629b41b3b-coordinator
2026-09-11T23:00:14+09:00 [openriak-entrypoint] monitor: Coordinator is healthy; sleeping for 1s
2026-09-11T23:00:33+09:00 [openriak-entrypoint] monitor: Coordinator is healthy; sleeping for 1s
2026-09-11T23:01:02+09:00 [openriak-entrypoint] monitor: Coordinator is healthy; sleeping for 1s
2026-09-11T23:01:25+09:00 [openriak-entrypoint] monitor: Coordinator is healthy; sleeping for 1s
2026-09-11T23:01:44+09:00 [openriak-entrypoint] monitor: Coordinator is healthy; sleeping for 1s
2026-09-11T23:02:12+09:00 [openriak-entrypoint] monitor: Coordinator is healthy; sleeping for 1s
2026-09-11T23:02:37+09:00 [openriak-entrypoint] monitor: Coordinator is healthy; sleeping for 1s
2026-09-11T23:02:58+09:00 [openriak-entrypoint] monitor: Coordinator is healthy; sleeping for 1s
2026-09-11T23:03:26+09:00 [openriak-entrypoint] monitor: Coordinator is healthy; sleeping for 1s
2026-09-11T23:03:50+09:00 [openriak-entrypoint] monitor: Coordinator is healthy; sleeping for 1s
2026-09-11T23:04:12+09:00 [openriak-entrypoint] monitor: Coordinator is healthy; sleeping for 1s
2026-09-11T23:04:40+09:00 [openriak-entrypoint] monitor: Coordinator is healthy; sleeping for 1s
2026-09-11T23:05:03+09:00 [openriak-entrypoint] monitor: Coordinator is healthy; sleeping for 1s
2026-09-11T23:05:24+09:00 [openriak-entrypoint] monitor: Coordinator is healthy; sleeping for 1s
2026-09-11T23:05:51+09:00 [openriak-entrypoint] monitor: Coordinator is healthy; sleeping for 1s
2026-09-11T23:06:13+09:00 [openriak-entrypoint] monitor: Coordinator is healthy; sleeping for 1s
2026-09-11T23:06:36+09:00 [openriak-entrypoint] monitor: Coordinator is healthy; sleeping for 1s
2026-09-11T23:07:02+09:00 [openriak-entrypoint] monitor: Coordinator is healthy; sleeping for 1s
2026-09-11T23:07:22+09:00 [openriak-entrypoint] monitor: Coordinator is healthy; sleeping for 1s
2026-09-11T23:07:47+09:00 [openriak-entrypoint] monitor: Coordinator is healthy; sleeping for 1s
2026-09-11T23:07:49+09:00 [openriak-entrypoint] cluster: approved follower openriak-kv@node-02.cluster-a.openriak at 172.19.0.3
2026-09-11T23:07:50+09:00 [openriak-entrypoint] cluster: approved follower openriak-kv@node-05.cluster-a.openriak at 172.19.0.4
2026-09-11T23:08:17+09:00 [openriak-entrypoint] monitor: Coordinator is healthy; sleeping for 1s
2026-09-11T23:08:38+09:00 [openriak-entrypoint] monitor: Coordinator is healthy; sleeping for 1s
2026-09-11T23:08:39+09:00 [openriak-entrypoint] cluster: waiting for 1 approved or ready node(s) before planning 1 joined node(s)
2026-09-11T23:09:02+09:00 [openriak-entrypoint] monitor: Coordinator is healthy; sleeping for 1s
2026-09-11T23:09:03+09:00 [openriak-entrypoint] cluster: planning a batch of 2 joined node(s)
2026-09-11T23:09:41+09:00 [openriak-entrypoint] cluster: plan: =============================== Staged Changes ================================
2026-09-11T23:09:41+09:00 [openriak-entrypoint] cluster: plan: Action         Details(s)
2026-09-11T23:09:41+09:00 [openriak-entrypoint] cluster: plan: -------------------------------------------------------------------------------
2026-09-11T23:09:41+09:00 [openriak-entrypoint] cluster: plan: join           'openriak-kv@node-02.cluster-a.openriak'
2026-09-11T23:09:41+09:00 [openriak-entrypoint] cluster: plan: join           'openriak-kv@node-05.cluster-a.openriak'
2026-09-11T23:09:42+09:00 [openriak-entrypoint] cluster: plan: -------------------------------------------------------------------------------
2026-09-11T23:09:42+09:00 [openriak-entrypoint] cluster: plan: 
2026-09-11T23:09:42+09:00 [openriak-entrypoint] cluster: plan: 
2026-09-11T23:09:42+09:00 [openriak-entrypoint] cluster: plan: NOTE: Applying these changes will result in 1 cluster transition
2026-09-11T23:09:42+09:00 [openriak-entrypoint] cluster: plan: 
2026-09-11T23:09:42+09:00 [openriak-entrypoint] cluster: plan: ###############################################################################
2026-09-11T23:09:42+09:00 [openriak-entrypoint] cluster: plan:                          After cluster transition 1/1
2026-09-11T23:09:42+09:00 [openriak-entrypoint] cluster: plan: ###############################################################################
2026-09-11T23:09:42+09:00 [openriak-entrypoint] cluster: plan: 
2026-09-11T23:09:42+09:00 [openriak-entrypoint] cluster: plan: ================================= Membership ==================================
2026-09-11T23:09:42+09:00 [openriak-entrypoint] cluster: plan: Status     Ring    Pending    Node
2026-09-11T23:09:42+09:00 [openriak-entrypoint] cluster: plan: -------------------------------------------------------------------------------
2026-09-11T23:09:42+09:00 [openriak-entrypoint] cluster: plan: valid     100.0%     50.0%    openriak-kv@node-01.cluster-a.openriak
2026-09-11T23:09:42+09:00 [openriak-entrypoint] cluster: plan: valid       0.0%     25.0%    openriak-kv@node-02.cluster-a.openriak
2026-09-11T23:09:42+09:00 [openriak-entrypoint] cluster: plan: valid       0.0%     25.0%    openriak-kv@node-05.cluster-a.openriak
2026-09-11T23:09:43+09:00 [openriak-entrypoint] cluster: plan: -------------------------------------------------------------------------------
2026-09-11T23:09:43+09:00 [openriak-entrypoint] cluster: plan: Valid:3 / Leaving:0 / Exiting:0 / Joining:0 / Down:0
2026-09-11T23:09:43+09:00 [openriak-entrypoint] cluster: plan: 
2026-09-11T23:09:43+09:00 [openriak-entrypoint] cluster: plan: WARNING: Not all replicas will be on distinct nodes
2026-09-11T23:09:43+09:00 [openriak-entrypoint] cluster: plan: 
2026-09-11T23:09:43+09:00 [openriak-entrypoint] cluster: plan: Transfers resulting from cluster changes: 4
2026-09-11T23:09:43+09:00 [openriak-entrypoint] cluster: plan:   2 transfers from 'openriak-kv@node-01.cluster-a.openriak' to 'openriak-kv@node-05.cluster-a.openriak'
2026-09-11T23:09:43+09:00 [openriak-entrypoint] cluster: plan:   2 transfers from 'openriak-kv@node-01.cluster-a.openriak' to 'openriak-kv@node-02.cluster-a.openriak'
2026-09-11T23:09:43+09:00 [openriak-entrypoint] cluster: plan: 
2026-09-11T23:09:43+09:00 [openriak-entrypoint] cluster: plan: ok
2026-09-11T23:09:44+09:00 [openriak-entrypoint] cluster: committing the planned membership changes
2026-09-11T23:10:23+09:00 [openriak-entrypoint] cluster: commit: Cluster changes committed
2026-09-11T23:10:23+09:00 [openriak-entrypoint] cluster: commit: ok
2026-09-11T23:10:23+09:00 [openriak-entrypoint] cluster: waiting for the ring to become ready
2026-09-11T23:11:04+09:00 [openriak-entrypoint] cluster: ring is ready (TRUE All nodes agree on the ring ['openriak-kv@node-01.cluster-a.openriak', 'openriak-kv@node-02.cluster-a.openriak', 'openriak-kv@node-05.cluster-a.openriak'] ok)
2026-09-11T23:11:04+09:00 [openriak-entrypoint] startup: waiting for Riak transfers to complete
2026-09-11T23:11:41+09:00 [openriak-entrypoint] startup: transfers complete (No transfers active Active Transfers: ok)
2026-09-11T23:11:41+09:00 [openriak-entrypoint] cluster: completed follower openriak-kv@node-02.cluster-a.openriak-0555ffd629b41b3b
2026-09-11T23:11:42+09:00 [openriak-entrypoint] cluster: completed follower openriak-kv@node-05.cluster-a.openriak-0555ffd629b41b3b
2026-09-11T23:12:07+09:00 [openriak-entrypoint] monitor: Coordinator is healthy; sleeping for 1s
2026-09-11T23:12:10+09:00 [openriak-entrypoint] cluster: approved follower openriak-kv@node-03.cluster-a.openriak at 172.19.0.2
2026-09-11T23:12:12+09:00 [openriak-entrypoint] cluster: approved follower openriak-kv@node-04.cluster-a.openriak at 172.19.0.5
2026-09-11T23:12:44+09:00 [openriak-entrypoint] monitor: Coordinator is healthy; sleeping for 1s
2026-09-11T23:13:21+09:00 [openriak-entrypoint] monitor: Coordinator is healthy; sleeping for 1s
2026-09-11T23:13:22+09:00 [openriak-entrypoint] cluster: planning a batch of 2 joined node(s)
2026-09-11T23:14:22+09:00 [openriak-entrypoint] cluster: plan: =============================== Staged Changes ================================
2026-09-11T23:14:22+09:00 [openriak-entrypoint] cluster: plan: Action         Details(s)
2026-09-11T23:14:23+09:00 [openriak-entrypoint] cluster: plan: -------------------------------------------------------------------------------
2026-09-11T23:14:23+09:00 [openriak-entrypoint] cluster: plan: join           'openriak-kv@node-03.cluster-a.openriak'
2026-09-11T23:14:23+09:00 [openriak-entrypoint] cluster: plan: join           'openriak-kv@node-04.cluster-a.openriak'
2026-09-11T23:14:23+09:00 [openriak-entrypoint] cluster: plan: -------------------------------------------------------------------------------
2026-09-11T23:14:23+09:00 [openriak-entrypoint] cluster: plan: 
2026-09-11T23:14:24+09:00 [openriak-entrypoint] cluster: plan: 
2026-09-11T23:14:24+09:00 [openriak-entrypoint] cluster: plan: NOTE: Applying these changes will result in 1 cluster transition
2026-09-11T23:14:24+09:00 [openriak-entrypoint] cluster: plan: 
2026-09-11T23:14:24+09:00 [openriak-entrypoint] cluster: plan: ###############################################################################
2026-09-11T23:14:24+09:00 [openriak-entrypoint] cluster: plan:                          After cluster transition 1/1
2026-09-11T23:14:24+09:00 [openriak-entrypoint] cluster: plan: ###############################################################################
2026-09-11T23:14:24+09:00 [openriak-entrypoint] cluster: plan: 
2026-09-11T23:14:25+09:00 [openriak-entrypoint] cluster: plan: ================================= Membership ==================================
2026-09-11T23:14:25+09:00 [openriak-entrypoint] cluster: plan: Status     Ring    Pending    Node
2026-09-11T23:14:25+09:00 [openriak-entrypoint] cluster: plan: -------------------------------------------------------------------------------
2026-09-11T23:14:25+09:00 [openriak-entrypoint] cluster: plan: valid      50.0%     25.0%    openriak-kv@node-01.cluster-a.openriak
2026-09-11T23:14:26+09:00 [openriak-entrypoint] cluster: plan: valid      25.0%     25.0%    openriak-kv@node-02.cluster-a.openriak
2026-09-11T23:14:26+09:00 [openriak-entrypoint] cluster: plan: valid       0.0%     25.0%    openriak-kv@node-03.cluster-a.openriak
2026-09-11T23:14:26+09:00 [openriak-entrypoint] cluster: plan: valid       0.0%     12.5%    openriak-kv@node-04.cluster-a.openriak
2026-09-11T23:14:26+09:00 [openriak-entrypoint] cluster: plan: valid      25.0%     12.5%    openriak-kv@node-05.cluster-a.openriak
2026-09-11T23:14:27+09:00 [openriak-entrypoint] cluster: plan: -------------------------------------------------------------------------------
2026-09-11T23:14:27+09:00 [openriak-entrypoint] cluster: plan: Valid:5 / Leaving:0 / Exiting:0 / Joining:0 / Down:0
2026-09-11T23:14:27+09:00 [openriak-entrypoint] cluster: plan: 
2026-09-11T23:14:27+09:00 [openriak-entrypoint] cluster: plan: Transfers resulting from cluster changes: 4
2026-09-11T23:14:27+09:00 [openriak-entrypoint] cluster: plan:   1 transfers from 'openriak-kv@node-01.cluster-a.openriak' to 'openriak-kv@node-04.cluster-a.openriak'
2026-09-11T23:14:27+09:00 [openriak-entrypoint] cluster: plan:   1 transfers from 'openriak-kv@node-01.cluster-a.openriak' to 'openriak-kv@node-05.cluster-a.openriak'
2026-09-11T23:14:27+09:00 [openriak-entrypoint] cluster: plan:   2 transfers from 'openriak-kv@node-05.cluster-a.openriak' to 'openriak-kv@node-03.cluster-a.openriak'
2026-09-11T23:14:28+09:00 [openriak-entrypoint] cluster: plan: 
2026-09-11T23:14:28+09:00 [openriak-entrypoint] cluster: plan: ok
2026-09-11T23:14:28+09:00 [openriak-entrypoint] cluster: committing the planned membership changes
2026-09-11T23:15:24+09:00 [openriak-entrypoint] cluster: commit: Cluster changes committed
2026-09-11T23:15:25+09:00 [openriak-entrypoint] cluster: commit: ok
2026-09-11T23:15:25+09:00 [openriak-entrypoint] cluster: waiting for the ring to become ready
2026-09-11T23:16:06+09:00 [openriak-entrypoint] cluster: ring is ready (TRUE All nodes agree on the ring ['openriak-kv@node-01.cluster-a.openriak', 'openriak-kv@node-02.cluster-a.openriak', 'openriak-kv@node-03.cluster-a.openriak', 'openriak-kv@node-04.cluster-a.openriak', 'openriak-kv@node-05.cluster-a.openriak'] ok)
2026-09-11T23:16:06+09:00 [openriak-entrypoint] startup: waiting for Riak transfers to complete
2026-09-11T23:16:40+09:00 [openriak-entrypoint] startup: transfers complete (No transfers active Active Transfers: ok)
2026-09-11T23:16:40+09:00 [openriak-entrypoint] cluster: completed follower openriak-kv@node-03.cluster-a.openriak-0555ffd629b41b3b
2026-09-11T23:16:40+09:00 [openriak-entrypoint] cluster: completed follower openriak-kv@node-04.cluster-a.openriak-0555ffd629b41b3b
2026-09-11T23:17:04+09:00 [openriak-entrypoint] monitor: Coordinator is healthy; sleeping for 1s
2026-09-11T23:17:23+09:00 [openriak-entrypoint] monitor: Coordinator is healthy; sleeping for 1s
2026-09-11T23:17:49+09:00 [openriak-entrypoint] monitor: Coordinator is healthy; sleeping for 1s
2026-09-11T23:18:13+09:00 [openriak-entrypoint] monitor: Coordinator is healthy; sleeping for 1s
2026-09-11T23:18:31+09:00 [openriak-entrypoint] monitor: Coordinator is healthy; sleeping for 1s
2026-09-11T23:18:57+09:00 [openriak-entrypoint] monitor: Coordinator is healthy; sleeping for 1s
2026-09-11T23:19:20+09:00 [openriak-entrypoint] monitor: Coordinator is healthy; sleeping for 1s
2026-09-11T23:19:40+09:00 [openriak-entrypoint] monitor: Coordinator is healthy; sleeping for 1s
2026-09-11T23:20:07+09:00 [openriak-entrypoint] monitor: Coordinator is healthy; sleeping for 1s
2026-09-11T23:20:26+09:00 [openriak-entrypoint] monitor: Coordinator is healthy; sleeping for 1s
2026-09-11T23:20:50+09:00 [openriak-entrypoint] monitor: Coordinator is healthy; sleeping for 1s
2026-09-11T23:21:16+09:00 [openriak-entrypoint] monitor: Coordinator is healthy; sleeping for 1s
2026-09-11T23:21:35+09:00 [openriak-entrypoint] monitor: Coordinator is healthy; sleeping for 1s
2026-09-11T23:21:59+09:00 [openriak-entrypoint] monitor: Coordinator is healthy; sleeping for 1s
2026-09-11T23:22:25+09:00 [openriak-entrypoint] monitor: Coordinator is healthy; sleeping for 1s
2026-09-11T23:22:44+09:00 [openriak-entrypoint] monitor: Coordinator is healthy; sleeping for 1s
2026-09-11T23:23:09+09:00 [openriak-entrypoint] monitor: Coordinator is healthy; sleeping for 1s
2026-09-11T23:23:34+09:00 [openriak-entrypoint] monitor: Coordinator is healthy; sleeping for 1s
2026-09-11T23:23:54+09:00 [openriak-entrypoint] monitor: Coordinator is healthy; sleeping for 1s
2026-09-11T23:24:21+09:00 [openriak-entrypoint] monitor: Coordinator is healthy; sleeping for 1s
2026-09-11T23:24:45+09:00 [openriak-entrypoint] monitor: Coordinator is healthy; sleeping for 1s
2026-09-11T23:25:05+09:00 [openriak-entrypoint] monitor: Coordinator is healthy; sleeping for 1s
2026-09-11T23:25:30+09:00 [openriak-entrypoint] monitor: Coordinator is healthy; sleeping for 1s
2026-09-11T23:25:55+09:00 [openriak-entrypoint] monitor: Coordinator is healthy; sleeping for 1s
2026-09-11T23:26:14+09:00 [openriak-entrypoint] monitor: Coordinator is healthy; sleeping for 1s
2026-09-11T23:26:40+09:00 [openriak-entrypoint] monitor: Coordinator is healthy; sleeping for 1s
2026-09-11T23:27:05+09:00 [openriak-entrypoint] monitor: Coordinator is healthy; sleeping for 1s
2026-09-11T23:27:24+09:00 [openriak-entrypoint] monitor: Coordinator is healthy; sleeping for 1s
2026-09-11T23:27:51+09:00 [openriak-entrypoint] monitor: Coordinator is healthy; sleeping for 1s
2026-09-11T23:28:16+09:00 [openriak-entrypoint] monitor: Coordinator is healthy; sleeping for 1s
2026-09-11T23:28:35+09:00 [openriak-entrypoint] monitor: Coordinator is healthy; sleeping for 1s
2026-09-11T23:29:01+09:00 [openriak-entrypoint] monitor: Coordinator is healthy; sleeping for 1s
2026-09-11T23:29:26+09:00 [openriak-entrypoint] monitor: Coordinator is healthy; sleeping for 1s
2026-09-11T23:29:46+09:00 [openriak-entrypoint] monitor: Coordinator is healthy; sleeping for 1s
2026-09-11T23:30:12+09:00 [openriak-entrypoint] monitor: Coordinator is healthy; sleeping for 1s
2026-09-11T23:30:36+09:00 [openriak-entrypoint] monitor: Coordinator is healthy; sleeping for 1s
2026-09-11T23:30:56+09:00 [openriak-entrypoint] monitor: Coordinator is healthy; sleeping for 1s
2026-09-11T23:31:22+09:00 [openriak-entrypoint] monitor: Coordinator is healthy; sleeping for 1s
2026-09-11T23:31:47+09:00 [openriak-entrypoint] monitor: Coordinator is healthy; sleeping for 1s
2026-09-11T23:32:20+09:00 [openriak-entrypoint] monitor: Coordinator is healthy; sleeping for 1s
2026-09-11T23:32:52+09:00 [openriak-entrypoint] monitor: Coordinator is healthy; sleeping for 1s
2026-09-11T23:33:28+09:00 [openriak-entrypoint] monitor: Coordinator is healthy; sleeping for 1s
2026-09-11T23:34:04+09:00 [openriak-entrypoint] monitor: Coordinator is healthy; sleeping for 1s
2026-09-11T23:34:36+09:00 [openriak-entrypoint] monitor: Coordinator is healthy; sleeping for 1s
2026-09-11T23:35:09+09:00 [openriak-entrypoint] monitor: Coordinator is healthy; sleeping for 1s
2026-09-11T23:35:45+09:00 [openriak-entrypoint] monitor: Coordinator is healthy; sleeping for 1s
2026-09-11T23:36:13+09:00 [openriak-entrypoint] monitor: Coordinator is healthy; sleeping for 1s
2026-09-11T23:36:32+09:00 [openriak-entrypoint] monitor: Coordinator is healthy; sleeping for 1s
2026-09-11T23:36:59+09:00 [openriak-entrypoint] monitor: Coordinator is healthy; sleeping for 1s
2026-09-11T23:37:24+09:00 [openriak-entrypoint] monitor: Coordinator is healthy; sleeping for 1s
2026-09-11T23:37:42+09:00 [openriak-entrypoint] monitor: Coordinator is healthy; sleeping for 1s
2026-09-11T23:38:10+09:00 [openriak-entrypoint] monitor: Coordinator is healthy; sleeping for 1s
2026-09-11T23:38:32+09:00 [openriak-entrypoint] monitor: Coordinator is healthy; sleeping for 1s
2026-09-11T23:38:52+09:00 [openriak-entrypoint] monitor: Coordinator is healthy; sleeping for 1s
2026-09-11T23:39:19+09:00 [openriak-entrypoint] monitor: Coordinator is healthy; sleeping for 1s
2026-09-11T23:39:41+09:00 [openriak-entrypoint] monitor: Coordinator is healthy; sleeping for 1s
2026-09-11T23:40:03+09:00 [openriak-entrypoint] monitor: Coordinator is healthy; sleeping for 1s
2026-09-11T23:40:30+09:00 [openriak-entrypoint] monitor: Coordinator is healthy; sleeping for 1s
2026-09-11T23:40:53+09:00 [openriak-entrypoint] monitor: Coordinator is healthy; sleeping for 1s
2026-09-11T23:41:13+09:00 [openriak-entrypoint] monitor: Coordinator is healthy; sleeping for 1s
2026-09-11T23:41:41+09:00 [openriak-entrypoint] monitor: Coordinator is healthy; sleeping for 1s
2026-09-11T23:42:01+09:00 [openriak-entrypoint] monitor: Coordinator is healthy; sleeping for 1s
2026-09-11T23:42:23+09:00 [openriak-entrypoint] monitor: Coordinator is healthy; sleeping for 1s
2026-09-11T23:42:50+09:00 [openriak-entrypoint] monitor: Coordinator is healthy; sleeping for 1s
2026-09-11T23:43:10+09:00 [openriak-entrypoint] monitor: Coordinator is healthy; sleeping for 1s
2026-09-11T23:43:34+09:00 [openriak-entrypoint] monitor: Coordinator is healthy; sleeping for 1s
2026-09-11T23:44:01+09:00 [openriak-entrypoint] monitor: Coordinator is healthy; sleeping for 1s
2026-09-11T23:44:19+09:00 [openriak-entrypoint] monitor: Coordinator is healthy; sleeping for 1s
2026-09-11T23:44:43+09:00 [openriak-entrypoint] monitor: Coordinator is healthy; sleeping for 1s
2026-09-11T23:45:07+09:00 [openriak-entrypoint] monitor: Coordinator is healthy; sleeping for 1s
2026-09-11T23:45:27+09:00 [openriak-entrypoint] monitor: Coordinator is healthy; sleeping for 1s
2026-09-11T23:45:53+09:00 [openriak-entrypoint] monitor: Coordinator is healthy; sleeping for 1s
2026-09-11T23:46:14+09:00 [openriak-entrypoint] monitor: Coordinator is healthy; sleeping for 1s
2026-09-11T23:46:35+09:00 [openriak-entrypoint] monitor: Coordinator is healthy; sleeping for 1s
2026-09-11T23:47:02+09:00 [openriak-entrypoint] monitor: Coordinator is healthy; sleeping for 1s
2026-09-11T23:47:24+09:00 [openriak-entrypoint] monitor: Coordinator is healthy; sleeping for 1s
2026-09-11T23:47:46+09:00 [openriak-entrypoint] monitor: Coordinator is healthy; sleeping for 1s
2026-09-11T23:48:13+09:00 [openriak-entrypoint] monitor: Coordinator is healthy; sleeping for 1s
2026-09-11T23:48:34+09:00 [openriak-entrypoint] monitor: Coordinator is healthy; sleeping for 1s
2026-09-11T23:48:55+09:00 [openriak-entrypoint] monitor: Coordinator is healthy; sleeping for 1s
2026-09-11T23:49:22+09:00 [openriak-entrypoint] monitor: Coordinator is healthy; sleeping for 1s
2026-09-11T23:49:43+09:00 [openriak-entrypoint] monitor: Coordinator is healthy; sleeping for 1s
2026-09-11T23:50:04+09:00 [openriak-entrypoint] monitor: Coordinator is healthy; sleeping for 1s
2026-09-11T23:50:31+09:00 [openriak-entrypoint] monitor: Coordinator is healthy; sleeping for 1s
2026-09-11T23:50:54+09:00 [openriak-entrypoint] monitor: Coordinator is healthy; sleeping for 1s
2026-09-11T23:51:15+09:00 [openriak-entrypoint] monitor: Coordinator is healthy; sleeping for 1s
2026-09-11T23:51:41+09:00 [openriak-entrypoint] monitor: Coordinator is healthy; sleeping for 1s
2026-09-11T23:52:02+09:00 [openriak-entrypoint] monitor: Coordinator is healthy; sleeping for 1s
2026-09-11T23:52:23+09:00 [openriak-entrypoint] monitor: Coordinator is healthy; sleeping for 1s
2026-09-11T23:52:47+09:00 [openriak-entrypoint] monitor: Coordinator is healthy; sleeping for 1s

timeout_seconds: 3600
exit_code: 0
