$ /usr/bin/docker compose --env-file /home/peter/openriak-builds/tmp/openriak-docker-3.4.1-alpine-3.21-otp26-f0m8ffc0/.env.cluster --project-directory /home/peter/openriak-builds/tmp/openriak-docker-3.4.1-alpine-3.21-otp26-f0m8ffc0 --file /home/peter/openriak-builds/tmp/openriak-docker-3.4.1-alpine-3.21-otp26-f0m8ffc0/compose.cluster.test.yaml down --remove-orphans --timeout 120
started: 2026-09-11T14:57:42Z
 Container openriak-kv-3.4.1-alpine-3.21-otp26-node-1-t-825679z  Stopping
 Container openriak-kv-3.4.1-alpine-3.21-otp26-node-2-t-825679z  Stopping
 Container openriak-kv-3.4.1-alpine-3.21-otp26-node-3-t-825679z  Stopping
 Container openriak-kv-3.4.1-alpine-3.21-otp26-node-4-t-825679z  Stopping
 Container openriak-kv-3.4.1-alpine-3.21-otp26-node-5-t-825679z  Stopping
 Container openriak-kv-3.4.1-alpine-3.21-otp26-node-2-t-825679z  Stopped
 Container openriak-kv-3.4.1-alpine-3.21-otp26-node-2-t-825679z  Removing
 Container openriak-kv-3.4.1-alpine-3.21-otp26-node-1-t-825679z  Stopped
 Container openriak-kv-3.4.1-alpine-3.21-otp26-node-1-t-825679z  Removing
 Container openriak-kv-3.4.1-alpine-3.21-otp26-node-3-t-825679z  Stopped
 Container openriak-kv-3.4.1-alpine-3.21-otp26-node-3-t-825679z  Removing
 Container openriak-kv-3.4.1-alpine-3.21-otp26-node-4-t-825679z  Stopped
 Container openriak-kv-3.4.1-alpine-3.21-otp26-node-4-t-825679z  Removing
 Container openriak-kv-3.4.1-alpine-3.21-otp26-node-5-t-825679z  Stopped
 Container openriak-kv-3.4.1-alpine-3.21-otp26-node-5-t-825679z  Removing
 Container openriak-kv-3.4.1-alpine-3.21-otp26-node-2-t-825679z  Removed
 Container openriak-kv-3.4.1-alpine-3.21-otp26-node-3-t-825679z  Removed
 Container openriak-kv-3.4.1-alpine-3.21-otp26-node-5-t-825679z  Removed
 Container openriak-kv-3.4.1-alpine-3.21-otp26-node-1-t-825679z  Removed
 Container openriak-kv-3.4.1-alpine-3.21-otp26-node-4-t-825679z  Removed
 Network openriak-kv-341-alpine-321-otp26-node-cluster_openriak  Removing
 Network openriak-kv-341-alpine-321-otp26-node-cluster_openriak  Removed

timeout_seconds: 3600
exit_code: 0
