$ /usr/bin/docker container inspect openriak-kv-3.4.1-alpine-3.21-otp26-node-1-t-825679z
started: 2026-09-11T13:56:15Z
[]
Error response from daemon: No such container: openriak-kv-3.4.1-alpine-3.21-otp26-node-1-t-825679z

timeout_seconds: 3600
exit_code: 1
$ /usr/bin/docker container inspect openriak-kv-3.4.1-alpine-3.21-otp26-node-2-t-825679z
started: 2026-09-11T13:56:15Z
[]
Error response from daemon: No such container: openriak-kv-3.4.1-alpine-3.21-otp26-node-2-t-825679z

timeout_seconds: 3600
exit_code: 1
$ /usr/bin/docker container inspect openriak-kv-3.4.1-alpine-3.21-otp26-node-3-t-825679z
started: 2026-09-11T13:56:15Z
[]
Error response from daemon: No such container: openriak-kv-3.4.1-alpine-3.21-otp26-node-3-t-825679z

timeout_seconds: 3600
exit_code: 1
$ /usr/bin/docker container inspect openriak-kv-3.4.1-alpine-3.21-otp26-node-4-t-825679z
started: 2026-09-11T13:56:15Z
[]
Error response from daemon: No such container: openriak-kv-3.4.1-alpine-3.21-otp26-node-4-t-825679z

timeout_seconds: 3600
exit_code: 1
$ /usr/bin/docker container inspect openriak-kv-3.4.1-alpine-3.21-otp26-node-5-t-825679z
started: 2026-09-11T13:56:15Z
[]
Error response from daemon: No such container: openriak-kv-3.4.1-alpine-3.21-otp26-node-5-t-825679z

timeout_seconds: 3600
exit_code: 1
