$ /usr/bin/docker logs openriak-kv-3.4.1-alpine-3.21-otp26-node-3-t-825679z
started: 2026-09-11T14:54:18Z
2026-09-11T22:56:16+09:00 [openriak-entrypoint] configuration: timezone = Asia/Tokyo
usermod: no changes
2026-09-11T22:56:17+09:00 [openriak-entrypoint] configuration: riak UID/GID = 19001/19002
2026-09-11T22:56:17+09:00 [openriak-entrypoint] configuration: preparing mounted directories
2026-09-11T22:56:17+09:00 [openriak-entrypoint] configuration: seeding /etc/riak from packaged defaults
2026-09-11T22:56:18+09:00 [openriak-entrypoint] configuration: current Docker IPv4 address = 172.19.0.2
2026-09-11T22:56:18+09:00 [openriak-entrypoint] configuration: waiting for coordinator cookie before daemon startup
2026-09-11T22:56:19+09:00 [openriak-entrypoint] configuration: waiting for coordinator cookie before daemon startup
2026-09-11T22:56:20+09:00 [openriak-entrypoint] configuration: waiting for coordinator cookie before daemon startup
2026-09-11T22:56:21+09:00 [openriak-entrypoint] configuration: waiting for coordinator cookie before daemon startup
2026-09-11T22:56:22+09:00 [openriak-entrypoint] configuration: waiting for coordinator cookie before daemon startup
2026-09-11T22:56:23+09:00 [openriak-entrypoint] configuration: waiting for coordinator cookie before daemon startup
2026-09-11T22:56:24+09:00 [openriak-entrypoint] configuration: waiting for coordinator cookie before daemon startup
2026-09-11T22:56:26+09:00 [openriak-entrypoint] configuration: waiting for coordinator cookie before daemon startup
2026-09-11T22:56:27+09:00 [openriak-entrypoint] configuration: waiting for coordinator cookie before daemon startup
2026-09-11T22:56:28+09:00 [openriak-entrypoint] configuration: waiting for coordinator cookie before daemon startup
2026-09-11T22:56:29+09:00 [openriak-entrypoint] configuration: waiting for coordinator cookie before daemon startup
2026-09-11T22:56:30+09:00 [openriak-entrypoint] configuration: waiting for coordinator cookie before daemon startup
2026-09-11T22:56:31+09:00 [openriak-entrypoint] configuration: waiting for coordinator cookie before daemon startup
2026-09-11T22:56:32+09:00 [openriak-entrypoint] configuration: waiting for coordinator cookie before daemon startup
2026-09-11T22:56:33+09:00 [openriak-entrypoint] configuration: waiting for coordinator cookie before daemon startup
2026-09-11T22:56:34+09:00 [openriak-entrypoint] configuration: waiting for coordinator cookie before daemon startup
2026-09-11T22:56:35+09:00 [openriak-entrypoint] configuration: waiting for coordinator cookie before daemon startup
2026-09-11T22:56:36+09:00 [openriak-entrypoint] configuration: waiting for coordinator cookie before daemon startup
2026-09-11T22:56:37+09:00 [openriak-entrypoint] configuration: waiting for coordinator cookie before daemon startup
2026-09-11T22:56:38+09:00 [openriak-entrypoint] configuration: waiting for coordinator cookie before daemon startup
2026-09-11T22:56:40+09:00 [openriak-entrypoint] configuration: waiting for coordinator cookie before daemon startup
2026-09-11T22:56:41+09:00 [openriak-entrypoint] configuration: waiting for coordinator cookie before daemon startup
2026-09-11T22:56:42+09:00 [openriak-entrypoint] configuration: waiting for coordinator cookie before daemon startup
2026-09-11T22:56:43+09:00 [openriak-entrypoint] configuration: waiting for coordinator cookie before daemon startup
2026-09-11T22:56:44+09:00 [openriak-entrypoint] configuration: waiting for coordinator cookie before daemon startup
2026-09-11T22:56:45+09:00 [openriak-entrypoint] configuration: waiting for coordinator cookie before daemon startup
2026-09-11T22:56:46+09:00 [openriak-entrypoint] configuration: waiting for coordinator cookie before daemon startup
2026-09-11T22:56:47+09:00 [openriak-entrypoint] configuration: waiting for coordinator cookie before daemon startup
2026-09-11T22:56:48+09:00 [openriak-entrypoint] configuration: waiting for coordinator cookie before daemon startup
2026-09-11T22:56:49+09:00 [openriak-entrypoint] configuration: waiting for coordinator cookie before daemon startup
2026-09-11T22:56:50+09:00 [openriak-entrypoint] configuration: waiting for coordinator cookie before daemon startup
2026-09-11T22:56:52+09:00 [openriak-entrypoint] configuration: waiting for coordinator cookie before daemon startup
2026-09-11T22:56:53+09:00 [openriak-entrypoint] configuration: waiting for coordinator cookie before daemon startup
2026-09-11T22:56:54+09:00 [openriak-entrypoint] configuration: waiting for coordinator cookie before daemon startup
2026-09-11T22:56:55+09:00 [openriak-entrypoint] configuration: waiting for coordinator cookie before daemon startup
2026-09-11T22:56:56+09:00 [openriak-entrypoint] configuration: waiting for coordinator cookie before daemon startup
2026-09-11T22:56:57+09:00 [openriak-entrypoint] configuration: waiting for coordinator cookie before daemon startup
2026-09-11T22:56:58+09:00 [openriak-entrypoint] configuration: waiting for coordinator cookie before daemon startup
2026-09-11T22:56:59+09:00 [openriak-entrypoint] configuration: waiting for coordinator cookie before daemon startup
2026-09-11T22:57:00+09:00 [openriak-entrypoint] configuration: waiting for coordinator cookie before daemon startup
2026-09-11T22:57:01+09:00 [openriak-entrypoint] configuration: waiting for coordinator cookie before daemon startup
2026-09-11T22:57:02+09:00 [openriak-entrypoint] configuration: waiting for coordinator cookie before daemon startup
2026-09-11T22:57:04+09:00 [openriak-entrypoint] configuration: waiting for coordinator cookie before daemon startup
2026-09-11T22:57:05+09:00 [openriak-entrypoint] configuration: waiting for coordinator cookie before daemon startup
2026-09-11T22:57:06+09:00 [openriak-entrypoint] configuration: waiting for coordinator cookie before daemon startup
2026-09-11T22:57:07+09:00 [openriak-entrypoint] configuration: waiting for coordinator cookie before daemon startup
2026-09-11T22:57:08+09:00 [openriak-entrypoint] configuration: waiting for coordinator cookie before daemon startup
2026-09-11T22:57:09+09:00 [openriak-entrypoint] configuration: waiting for coordinator cookie before daemon startup
2026-09-11T22:57:10+09:00 [openriak-entrypoint] configuration: waiting for coordinator cookie before daemon startup
2026-09-11T22:57:11+09:00 [openriak-entrypoint] configuration: waiting for coordinator cookie before daemon startup
2026-09-11T22:57:12+09:00 [openriak-entrypoint] configuration: waiting for coordinator cookie before daemon startup
2026-09-11T22:57:13+09:00 [openriak-entrypoint] configuration: waiting for coordinator cookie before daemon startup
2026-09-11T22:57:14+09:00 [openriak-entrypoint] configuration: waiting for coordinator cookie before daemon startup
2026-09-11T22:57:15+09:00 [openriak-entrypoint] configuration: waiting for coordinator cookie before daemon startup
2026-09-11T22:57:17+09:00 [openriak-entrypoint] configuration: waiting for coordinator cookie before daemon startup
2026-09-11T22:57:18+09:00 [openriak-entrypoint] configuration: waiting for coordinator cookie before daemon startup
2026-09-11T22:57:19+09:00 [openriak-entrypoint] configuration: waiting for coordinator cookie before daemon startup
2026-09-11T22:57:20+09:00 [openriak-entrypoint] configuration: waiting for coordinator cookie before daemon startup
2026-09-11T22:57:21+09:00 [openriak-entrypoint] configuration: waiting for coordinator cookie before daemon startup
2026-09-11T22:57:22+09:00 [openriak-entrypoint] configuration: waiting for coordinator cookie before daemon startup
2026-09-11T22:57:23+09:00 [openriak-entrypoint] configuration: waiting for coordinator cookie before daemon startup
2026-09-11T22:57:24+09:00 [openriak-entrypoint] configuration: waiting for coordinator cookie before daemon startup
2026-09-11T22:57:25+09:00 [openriak-entrypoint] configuration: waiting for coordinator cookie before daemon startup
2026-09-11T22:57:26+09:00 [openriak-entrypoint] configuration: waiting for coordinator cookie before daemon startup
2026-09-11T22:57:28+09:00 [openriak-entrypoint] configuration: waiting for coordinator cookie before daemon startup
2026-09-11T22:57:29+09:00 [openriak-entrypoint] configuration: waiting for coordinator cookie before daemon startup
2026-09-11T22:57:30+09:00 [openriak-entrypoint] configuration: waiting for coordinator cookie before daemon startup
2026-09-11T22:57:31+09:00 [openriak-entrypoint] configuration: waiting for coordinator cookie before daemon startup
2026-09-11T22:57:32+09:00 [openriak-entrypoint] configuration: waiting for coordinator cookie before daemon startup
2026-09-11T22:57:33+09:00 [openriak-entrypoint] configuration: waiting for coordinator cookie before daemon startup
2026-09-11T22:57:34+09:00 [openriak-entrypoint] configuration: waiting for coordinator cookie before daemon startup
2026-09-11T22:57:35+09:00 [openriak-entrypoint] configuration: waiting for coordinator cookie before daemon startup
2026-09-11T22:57:36+09:00 [openriak-entrypoint] configuration: waiting for coordinator cookie before daemon startup
2026-09-11T22:57:37+09:00 [openriak-entrypoint] configuration: waiting for coordinator cookie before daemon startup
2026-09-11T22:57:39+09:00 [openriak-entrypoint] configuration: waiting for coordinator cookie before daemon startup
2026-09-11T22:57:40+09:00 [openriak-entrypoint] configuration: waiting for coordinator cookie before daemon startup
2026-09-11T22:57:41+09:00 [openriak-entrypoint] configuration: waiting for coordinator cookie before daemon startup
2026-09-11T22:57:42+09:00 [openriak-entrypoint] configuration: waiting for coordinator cookie before daemon startup
2026-09-11T22:57:43+09:00 [openriak-entrypoint] configuration: waiting for coordinator cookie before daemon startup
2026-09-11T22:57:44+09:00 [openriak-entrypoint] configuration: waiting for coordinator cookie before daemon startup
2026-09-11T22:57:45+09:00 [openriak-entrypoint] configuration: waiting for coordinator cookie before daemon startup
2026-09-11T22:57:46+09:00 [openriak-entrypoint] configuration: waiting for coordinator cookie before daemon startup
2026-09-11T22:57:48+09:00 [openriak-entrypoint] configuration: waiting for coordinator cookie before daemon startup
2026-09-11T22:57:49+09:00 [openriak-entrypoint] configuration: waiting for coordinator cookie before daemon startup
2026-09-11T22:57:50+09:00 [openriak-entrypoint] configuration: waiting for coordinator cookie before daemon startup
2026-09-11T22:57:51+09:00 [openriak-entrypoint] configuration: waiting for coordinator cookie before daemon startup
2026-09-11T22:57:52+09:00 [openriak-entrypoint] configuration: waiting for coordinator cookie before daemon startup
2026-09-11T22:57:53+09:00 [openriak-entrypoint] configuration: waiting for coordinator cookie before daemon startup
2026-09-11T22:57:54+09:00 [openriak-entrypoint] configuration: waiting for coordinator cookie before daemon startup
2026-09-11T22:57:55+09:00 [openriak-entrypoint] configuration: waiting for coordinator cookie before daemon startup
2026-09-11T22:57:56+09:00 [openriak-entrypoint] configuration: waiting for coordinator cookie before daemon startup
2026-09-11T22:57:58+09:00 [openriak-entrypoint] configuration: waiting for coordinator cookie before daemon startup
2026-09-11T22:57:59+09:00 [openriak-entrypoint] configuration: waiting for coordinator cookie before daemon startup
2026-09-11T22:58:00+09:00 [openriak-entrypoint] configuration: waiting for coordinator cookie before daemon startup
2026-09-11T22:58:01+09:00 [openriak-entrypoint] configuration: waiting for coordinator cookie before daemon startup
2026-09-11T22:58:02+09:00 [openriak-entrypoint] configuration: waiting for coordinator cookie before daemon startup
2026-09-11T22:58:03+09:00 [openriak-entrypoint] configuration: waiting for coordinator cookie before daemon startup
2026-09-11T22:58:04+09:00 [openriak-entrypoint] configuration: waiting for coordinator cookie before daemon startup
2026-09-11T22:58:05+09:00 [openriak-entrypoint] configuration: waiting for coordinator cookie before daemon startup
2026-09-11T22:58:07+09:00 [openriak-entrypoint] configuration: waiting for coordinator cookie before daemon startup
2026-09-11T22:58:08+09:00 [openriak-entrypoint] configuration: waiting for coordinator cookie before daemon startup
2026-09-11T22:58:09+09:00 [openriak-entrypoint] configuration: waiting for coordinator cookie before daemon startup
2026-09-11T22:58:10+09:00 [openriak-entrypoint] configuration: waiting for coordinator cookie before daemon startup
2026-09-11T22:58:11+09:00 [openriak-entrypoint] configuration: waiting for coordinator cookie before daemon startup
2026-09-11T22:58:12+09:00 [openriak-entrypoint] configuration: waiting for coordinator cookie before daemon startup
2026-09-11T22:58:13+09:00 [openriak-entrypoint] configuration: waiting for coordinator cookie before daemon startup
2026-09-11T22:58:14+09:00 [openriak-entrypoint] configuration: waiting for coordinator cookie before daemon startup
2026-09-11T22:58:15+09:00 [openriak-entrypoint] configuration: waiting for coordinator cookie before daemon startup
2026-09-11T22:58:16+09:00 [openriak-entrypoint] configuration: waiting for coordinator cookie before daemon startup
2026-09-11T22:58:18+09:00 [openriak-entrypoint] configuration: waiting for coordinator cookie before daemon startup
2026-09-11T22:58:19+09:00 [openriak-entrypoint] configuration: waiting for coordinator cookie before daemon startup
2026-09-11T22:58:20+09:00 [openriak-entrypoint] configuration: waiting for coordinator cookie before daemon startup
2026-09-11T22:58:21+09:00 [openriak-entrypoint] configuration: waiting for coordinator cookie before daemon startup
2026-09-11T22:58:22+09:00 [openriak-entrypoint] configuration: waiting for coordinator cookie before daemon startup
2026-09-11T22:58:23+09:00 [openriak-entrypoint] configuration: waiting for coordinator cookie before daemon startup
2026-09-11T22:58:24+09:00 [openriak-entrypoint] configuration: waiting for coordinator cookie before daemon startup
2026-09-11T22:58:25+09:00 [openriak-entrypoint] configuration: waiting for coordinator cookie before daemon startup
2026-09-11T22:58:26+09:00 [openriak-entrypoint] configuration: waiting for coordinator cookie before daemon startup
2026-09-11T22:58:28+09:00 [openriak-entrypoint] configuration: waiting for coordinator cookie before daemon startup
2026-09-11T22:58:29+09:00 [openriak-entrypoint] configuration: waiting for coordinator cookie before daemon startup
2026-09-11T22:58:30+09:00 [openriak-entrypoint] configuration: waiting for coordinator cookie before daemon startup
2026-09-11T22:58:31+09:00 [openriak-entrypoint] configuration: waiting for coordinator cookie before daemon startup
2026-09-11T22:58:32+09:00 [openriak-entrypoint] configuration: waiting for coordinator cookie before daemon startup
2026-09-11T22:58:33+09:00 [openriak-entrypoint] configuration: waiting for coordinator cookie before daemon startup
2026-09-11T22:58:34+09:00 [openriak-entrypoint] configuration: waiting for coordinator cookie before daemon startup
2026-09-11T22:58:35+09:00 [openriak-entrypoint] configuration: waiting for coordinator cookie before daemon startup
2026-09-11T22:58:36+09:00 [openriak-entrypoint] configuration: waiting for coordinator cookie before daemon startup
2026-09-11T22:58:37+09:00 [openriak-entrypoint] configuration: waiting for coordinator cookie before daemon startup
2026-09-11T22:58:38+09:00 [openriak-entrypoint] configuration: waiting for coordinator cookie before daemon startup
2026-09-11T22:58:39+09:00 [openriak-entrypoint] configuration: waiting for coordinator cookie before daemon startup
2026-09-11T22:58:41+09:00 [openriak-entrypoint] configuration: waiting for coordinator cookie before daemon startup
2026-09-11T22:58:42+09:00 [openriak-entrypoint] configuration: waiting for coordinator cookie before daemon startup
2026-09-11T22:58:43+09:00 [openriak-entrypoint] configuration: waiting for coordinator cookie before daemon startup
2026-09-11T22:58:44+09:00 [openriak-entrypoint] configuration: waiting for coordinator cookie before daemon startup
2026-09-11T22:58:45+09:00 [openriak-entrypoint] configuration: waiting for coordinator cookie before daemon startup
2026-09-11T22:58:46+09:00 [openriak-entrypoint] configuration: waiting for coordinator cookie before daemon startup
2026-09-11T22:58:47+09:00 [openriak-entrypoint] configuration: waiting for coordinator cookie before daemon startup
2026-09-11T22:58:49+09:00 [openriak-entrypoint] configuration: waiting for coordinator cookie before daemon startup
2026-09-11T22:58:50+09:00 [openriak-entrypoint] configuration: waiting for coordinator cookie before daemon startup
2026-09-11T22:58:51+09:00 [openriak-entrypoint] configuration: waiting for coordinator cookie before daemon startup
2026-09-11T22:58:52+09:00 [openriak-entrypoint] configuration: waiting for coordinator cookie before daemon startup
2026-09-11T22:58:53+09:00 [openriak-entrypoint] configuration: waiting for coordinator cookie before daemon startup
2026-09-11T22:58:54+09:00 [openriak-entrypoint] configuration: waiting for coordinator cookie before daemon startup
2026-09-11T22:58:55+09:00 [openriak-entrypoint] configuration: waiting for coordinator cookie before daemon startup
2026-09-11T22:58:56+09:00 [openriak-entrypoint] configuration: waiting for coordinator cookie before daemon startup
2026-09-11T22:58:57+09:00 [openriak-entrypoint] configuration: waiting for coordinator cookie before daemon startup
2026-09-11T22:58:59+09:00 [openriak-entrypoint] configuration: waiting for coordinator cookie before daemon startup
2026-09-11T22:59:00+09:00 [openriak-entrypoint] configuration: waiting for coordinator cookie before daemon startup
2026-09-11T22:59:01+09:00 [openriak-entrypoint] configuration: waiting for coordinator cookie before daemon startup
2026-09-11T22:59:02+09:00 [openriak-entrypoint] configuration: waiting for coordinator cookie before daemon startup
2026-09-11T22:59:03+09:00 [openriak-entrypoint] configuration: waiting for coordinator cookie before daemon startup
2026-09-11T22:59:04+09:00 [openriak-entrypoint] configuration: waiting for coordinator cookie before daemon startup
2026-09-11T22:59:05+09:00 [openriak-entrypoint] configuration: waiting for coordinator cookie before daemon startup
2026-09-11T22:59:07+09:00 [openriak-entrypoint] configuration: waiting for coordinator cookie before daemon startup
2026-09-11T22:59:08+09:00 [openriak-entrypoint] configuration: waiting for coordinator cookie before daemon startup
2026-09-11T22:59:09+09:00 [openriak-entrypoint] configuration: waiting for coordinator cookie before daemon startup
2026-09-11T22:59:10+09:00 [openriak-entrypoint] configuration: waiting for coordinator cookie before daemon startup
2026-09-11T22:59:11+09:00 [openriak-entrypoint] configuration: waiting for coordinator cookie before daemon startup
2026-09-11T22:59:13+09:00 [openriak-entrypoint] configuration: adopted coordinator cookie before daemon startup
2026-09-11T22:59:14+09:00 [openriak-entrypoint] configuration: nodename = openriak-kv@node-03.cluster-a.openriak
2026-09-11T22:59:15+09:00 [openriak-entrypoint] configuration: distributed_cookie = openriak-7acd19e3f76535f4430e81601f0f532a
2026-09-11T22:59:15+09:00 [openriak-entrypoint] configuration: effective distributed cookie = openriak-7acd19e3f76535f4430e81601f0f532a
2026-09-11T22:59:17+09:00 [openriak-entrypoint] configuration: ring_size = 8
2026-09-11T22:59:17+09:00 [openriak-entrypoint] configuration: storage_backend = leveled
2026-09-11T22:59:18+09:00 [openriak-entrypoint] configuration: anti_entropy = passive
2026-09-11T22:59:18+09:00 [openriak-entrypoint] configuration: tictacaae_active = active
2026-09-11T22:59:19+09:00 [openriak-entrypoint] configuration: tictacaae_storeheads = enabled
2026-09-11T22:59:20+09:00 [openriak-entrypoint] configuration: listener.http.internal = 0.0.0.0:8098
2026-09-11T22:59:21+09:00 [openriak-entrypoint] configuration: listener.protobuf.internal = 0.0.0.0:8087
2026-09-11T22:59:22+09:00 [openriak-entrypoint] configuration: logger.max_file_size = 2MB
2026-09-11T22:59:22+09:00 [openriak-entrypoint] configuration: logger.max_files = 4
2026-09-11T22:59:23+09:00 [openriak-entrypoint] startup: validating configuration and generating VM arguments
2026-09-11T23:02:16+09:00 [openriak-entrypoint] startup: configuration is valid (config is OK)
2026-09-11T23:02:16+09:00 [openriak-entrypoint] startup: starting OpenRiak as a daemon
2026-09-11T23:06:36+09:00 [openriak-entrypoint] startup: daemon command completed
2026-09-11T23:06:36+09:00 [openriak-entrypoint] startup: waiting for BEAM and riak ping
2026-09-11T23:07:00+09:00 [openriak-entrypoint] startup: BEAM is running and riak ping returned pong
2026-09-11T23:07:00+09:00 [openriak-entrypoint] startup: waiting for the riak_kv service
2026-09-11T23:07:44+09:00 [openriak-entrypoint] startup: riak_kv service is up ([riak_kv,riak_pipe,riak_repl])
2026-09-11T23:07:44+09:00 [openriak-entrypoint] startup: waiting for Riak transfers to complete
2026-09-11T23:08:27+09:00 [openriak-entrypoint] startup: transfers complete (No transfers active Active Transfers: ok)
2026-09-11T23:08:27+09:00 [openriak-entrypoint] cluster: Role: Follower
2026-09-11T23:09:11+09:00 [openriak-entrypoint] cluster: announced openriak-kv@node-03.cluster-a.openriak at 172.19.0.2 to coordinator openriak-kv@node-01.cluster-a.openriak (0555ffd629b41b3b)
2026-09-11T23:09:11+09:00 [openriak-entrypoint] cluster: follower waiting for coordinator approval (1s/3600s)
2026-09-11T23:09:14+09:00 [openriak-entrypoint] cluster: follower waiting for coordinator approval (2s/3600s)
2026-09-11T23:09:16+09:00 [openriak-entrypoint] cluster: follower waiting for coordinator approval (3s/3600s)
2026-09-11T23:09:19+09:00 [openriak-entrypoint] cluster: follower waiting for coordinator approval (4s/3600s)
2026-09-11T23:09:22+09:00 [openriak-entrypoint] cluster: follower waiting for coordinator approval (5s/3600s)
2026-09-11T23:09:25+09:00 [openriak-entrypoint] cluster: follower waiting for coordinator approval (6s/3600s)
2026-09-11T23:09:28+09:00 [openriak-entrypoint] cluster: follower waiting for coordinator approval (7s/3600s)
2026-09-11T23:09:31+09:00 [openriak-entrypoint] cluster: follower waiting for coordinator approval (8s/3600s)
2026-09-11T23:09:34+09:00 [openriak-entrypoint] cluster: follower waiting for coordinator approval (9s/3600s)
2026-09-11T23:09:36+09:00 [openriak-entrypoint] cluster: follower waiting for coordinator approval (10s/3600s)
2026-09-11T23:09:38+09:00 [openriak-entrypoint] cluster: follower waiting for coordinator approval (11s/3600s)
2026-09-11T23:09:40+09:00 [openriak-entrypoint] cluster: follower waiting for coordinator approval (12s/3600s)
2026-09-11T23:09:42+09:00 [openriak-entrypoint] cluster: follower waiting for coordinator approval (13s/3600s)
2026-09-11T23:09:44+09:00 [openriak-entrypoint] cluster: follower waiting for coordinator approval (14s/3600s)
2026-09-11T23:09:47+09:00 [openriak-entrypoint] cluster: follower waiting for coordinator approval (15s/3600s)
2026-09-11T23:09:50+09:00 [openriak-entrypoint] cluster: follower waiting for coordinator approval (16s/3600s)
2026-09-11T23:09:53+09:00 [openriak-entrypoint] cluster: follower waiting for coordinator approval (17s/3600s)
2026-09-11T23:09:56+09:00 [openriak-entrypoint] cluster: follower waiting for coordinator approval (18s/3600s)
2026-09-11T23:09:59+09:00 [openriak-entrypoint] cluster: follower waiting for coordinator approval (19s/3600s)
2026-09-11T23:10:01+09:00 [openriak-entrypoint] cluster: follower waiting for coordinator approval (20s/3600s)
2026-09-11T23:10:04+09:00 [openriak-entrypoint] cluster: follower waiting for coordinator approval (21s/3600s)
2026-09-11T23:10:07+09:00 [openriak-entrypoint] cluster: follower waiting for coordinator approval (22s/3600s)
2026-09-11T23:10:09+09:00 [openriak-entrypoint] cluster: follower waiting for coordinator approval (23s/3600s)
2026-09-11T23:10:11+09:00 [openriak-entrypoint] cluster: follower waiting for coordinator approval (24s/3600s)
2026-09-11T23:10:13+09:00 [openriak-entrypoint] cluster: follower waiting for coordinator approval (25s/3600s)
2026-09-11T23:10:15+09:00 [openriak-entrypoint] cluster: follower waiting for coordinator approval (26s/3600s)
2026-09-11T23:10:18+09:00 [openriak-entrypoint] cluster: follower waiting for coordinator approval (27s/3600s)
2026-09-11T23:10:21+09:00 [openriak-entrypoint] cluster: follower waiting for coordinator approval (28s/3600s)
2026-09-11T23:10:23+09:00 [openriak-entrypoint] cluster: follower waiting for coordinator approval (29s/3600s)
2026-09-11T23:10:26+09:00 [openriak-entrypoint] cluster: follower waiting for coordinator approval (30s/3600s)
2026-09-11T23:10:29+09:00 [openriak-entrypoint] cluster: follower waiting for coordinator approval (31s/3600s)
2026-09-11T23:10:31+09:00 [openriak-entrypoint] cluster: follower waiting for coordinator approval (32s/3600s)
2026-09-11T23:10:34+09:00 [openriak-entrypoint] cluster: follower waiting for coordinator approval (33s/3600s)
2026-09-11T23:10:37+09:00 [openriak-entrypoint] cluster: follower waiting for coordinator approval (34s/3600s)
2026-09-11T23:10:40+09:00 [openriak-entrypoint] cluster: follower waiting for coordinator approval (35s/3600s)
2026-09-11T23:10:42+09:00 [openriak-entrypoint] cluster: follower waiting for coordinator approval (36s/3600s)
2026-09-11T23:10:44+09:00 [openriak-entrypoint] cluster: follower waiting for coordinator approval (37s/3600s)
2026-09-11T23:10:46+09:00 [openriak-entrypoint] cluster: follower waiting for coordinator approval (38s/3600s)
2026-09-11T23:10:48+09:00 [openriak-entrypoint] cluster: follower waiting for coordinator approval (39s/3600s)
2026-09-11T23:10:50+09:00 [openriak-entrypoint] cluster: follower waiting for coordinator approval (40s/3600s)
2026-09-11T23:10:53+09:00 [openriak-entrypoint] cluster: follower waiting for coordinator approval (41s/3600s)
2026-09-11T23:10:55+09:00 [openriak-entrypoint] cluster: follower waiting for coordinator approval (42s/3600s)
2026-09-11T23:10:58+09:00 [openriak-entrypoint] cluster: follower waiting for coordinator approval (43s/3600s)
2026-09-11T23:11:01+09:00 [openriak-entrypoint] cluster: follower waiting for coordinator approval (44s/3600s)
2026-09-11T23:11:03+09:00 [openriak-entrypoint] cluster: follower waiting for coordinator approval (45s/3600s)
2026-09-11T23:11:06+09:00 [openriak-entrypoint] cluster: follower waiting for coordinator approval (46s/3600s)
2026-09-11T23:11:09+09:00 [openriak-entrypoint] cluster: follower waiting for coordinator approval (47s/3600s)
2026-09-11T23:11:11+09:00 [openriak-entrypoint] cluster: follower waiting for coordinator approval (48s/3600s)
2026-09-11T23:11:13+09:00 [openriak-entrypoint] cluster: follower waiting for coordinator approval (49s/3600s)
2026-09-11T23:11:15+09:00 [openriak-entrypoint] cluster: follower waiting for coordinator approval (50s/3600s)
2026-09-11T23:11:17+09:00 [openriak-entrypoint] cluster: follower waiting for coordinator approval (51s/3600s)
2026-09-11T23:11:18+09:00 [openriak-entrypoint] cluster: follower waiting for coordinator approval (52s/3600s)
2026-09-11T23:11:21+09:00 [openriak-entrypoint] cluster: follower waiting for coordinator approval (53s/3600s)
2026-09-11T23:11:23+09:00 [openriak-entrypoint] cluster: follower waiting for coordinator approval (54s/3600s)
2026-09-11T23:11:26+09:00 [openriak-entrypoint] cluster: follower waiting for coordinator approval (55s/3600s)
2026-09-11T23:11:29+09:00 [openriak-entrypoint] cluster: follower waiting for coordinator approval (56s/3600s)
2026-09-11T23:11:32+09:00 [openriak-entrypoint] cluster: follower waiting for coordinator approval (57s/3600s)
2026-09-11T23:11:34+09:00 [openriak-entrypoint] cluster: follower waiting for coordinator approval (58s/3600s)
2026-09-11T23:11:37+09:00 [openriak-entrypoint] cluster: follower waiting for coordinator approval (59s/3600s)
2026-09-11T23:11:39+09:00 [openriak-entrypoint] cluster: follower waiting for coordinator approval (60s/3600s)
2026-09-11T23:11:41+09:00 [openriak-entrypoint] cluster: follower waiting for coordinator approval (61s/3600s)
2026-09-11T23:11:43+09:00 [openriak-entrypoint] cluster: follower waiting for coordinator approval (62s/3600s)
2026-09-11T23:11:45+09:00 [openriak-entrypoint] cluster: follower waiting for coordinator approval (63s/3600s)
2026-09-11T23:11:47+09:00 [openriak-entrypoint] cluster: follower waiting for coordinator approval (64s/3600s)
2026-09-11T23:11:49+09:00 [openriak-entrypoint] cluster: follower waiting for coordinator approval (65s/3600s)
2026-09-11T23:11:51+09:00 [openriak-entrypoint] cluster: follower waiting for coordinator approval (66s/3600s)
2026-09-11T23:11:54+09:00 [openriak-entrypoint] cluster: follower waiting for coordinator approval (67s/3600s)
2026-09-11T23:11:57+09:00 [openriak-entrypoint] cluster: follower waiting for coordinator approval (68s/3600s)
2026-09-11T23:12:00+09:00 [openriak-entrypoint] cluster: follower waiting for coordinator approval (69s/3600s)
2026-09-11T23:12:03+09:00 [openriak-entrypoint] cluster: follower waiting for coordinator approval (70s/3600s)
2026-09-11T23:12:06+09:00 [openriak-entrypoint] cluster: follower waiting for coordinator approval (71s/3600s)
2026-09-11T23:12:09+09:00 [openriak-entrypoint] cluster: follower waiting for coordinator approval (72s/3600s)
2026-09-11T23:12:12+09:00 [openriak-entrypoint] cluster: join approved by openriak-kv@node-01.cluster-a.openriak (0555ffd629b41b3b)
2026-09-11T23:12:52+09:00 [openriak-entrypoint] cluster: join: Success: staged join request for 'openriak-kv@node-03.cluster-a.openriak' to 'openriak-kv@node-01.cluster-a.openriak'
2026-09-11T23:12:53+09:00 [openriak-entrypoint] cluster: join: ok
2026-09-11T23:12:53+09:00 [openriak-entrypoint] cluster: join request accepted; waiting for plan and commit
2026-09-11T23:13:36+09:00 [openriak-entrypoint] cluster: waiting for the ring to become ready
2026-09-11T23:14:20+09:00 [openriak-entrypoint] cluster: ring is ready (TRUE All nodes agree on the ring ['openriak-kv@node-01.cluster-a.openriak', 'openriak-kv@node-02.cluster-a.openriak', 'openriak-kv@node-03.cluster-a.openriak', 'openriak-kv@node-04.cluster-a.openriak', 'openriak-kv@node-05.cluster-a.openriak'] ok)
2026-09-11T23:14:20+09:00 [openriak-entrypoint] startup: waiting for Riak transfers to complete
2026-09-11T23:15:06+09:00 [openriak-entrypoint] startup: transfers complete (No transfers active Active Transfers: ok)
2026-09-11T23:15:06+09:00 [openriak-entrypoint] cluster: waiting for coordinator completion confirmation
2026-09-11T23:16:40+09:00 [openriak-entrypoint] cluster: coordinator confirmed completion for openriak-kv@node-03.cluster-a.openriak
2026-09-11T23:16:40+09:00 [openriak-entrypoint] cluster: follower joined openriak-kv@node-01.cluster-a.openriak successfully
2026-09-11T23:16:40+09:00 [openriak-entrypoint] startup: OpenRiak is ready
2026-09-11T23:16:41+09:00 [openriak-entrypoint] monitor: sleeping for 1s
2026-09-11T23:17:08+09:00 [openriak-entrypoint] monitor: BEAM is running and riak ping returned pong
2026-09-11T23:17:08+09:00 [openriak-entrypoint] monitor: sleeping for 1s
2026-09-11T23:17:32+09:00 [openriak-entrypoint] monitor: BEAM is running and riak ping returned pong
2026-09-11T23:17:32+09:00 [openriak-entrypoint] monitor: sleeping for 1s
2026-09-11T23:17:52+09:00 [openriak-entrypoint] monitor: BEAM is running and riak ping returned pong
2026-09-11T23:17:52+09:00 [openriak-entrypoint] monitor: sleeping for 1s
2026-09-11T23:18:18+09:00 [openriak-entrypoint] monitor: BEAM is running and riak ping returned pong
2026-09-11T23:18:18+09:00 [openriak-entrypoint] monitor: sleeping for 1s
2026-09-11T23:18:41+09:00 [openriak-entrypoint] monitor: BEAM is running and riak ping returned pong
2026-09-11T23:18:41+09:00 [openriak-entrypoint] monitor: sleeping for 1s
2026-09-11T23:19:00+09:00 [openriak-entrypoint] monitor: BEAM is running and riak ping returned pong
2026-09-11T23:19:00+09:00 [openriak-entrypoint] monitor: sleeping for 1s
2026-09-11T23:19:27+09:00 [openriak-entrypoint] monitor: BEAM is running and riak ping returned pong
2026-09-11T23:19:27+09:00 [openriak-entrypoint] monitor: sleeping for 1s
2026-09-11T23:20:02+09:00 [openriak-entrypoint] monitor: BEAM is running and riak ping returned pong
2026-09-11T23:20:02+09:00 [openriak-entrypoint] monitor: sleeping for 1s
2026-09-11T23:20:35+09:00 [openriak-entrypoint] monitor: BEAM is running and riak ping returned pong
2026-09-11T23:20:35+09:00 [openriak-entrypoint] monitor: sleeping for 1s
2026-09-11T23:21:08+09:00 [openriak-entrypoint] monitor: BEAM is running and riak ping returned pong
2026-09-11T23:21:09+09:00 [openriak-entrypoint] monitor: sleeping for 1s
2026-09-11T23:21:46+09:00 [openriak-entrypoint] monitor: BEAM is running and riak ping returned pong
2026-09-11T23:21:46+09:00 [openriak-entrypoint] monitor: sleeping for 1s
2026-09-11T23:22:25+09:00 [openriak-entrypoint] monitor: BEAM is running and riak ping returned pong
2026-09-11T23:22:25+09:00 [openriak-entrypoint] monitor: sleeping for 1s
2026-09-11T23:22:58+09:00 [openriak-entrypoint] monitor: BEAM is running and riak ping returned pong
2026-09-11T23:22:58+09:00 [openriak-entrypoint] monitor: sleeping for 1s
2026-09-11T23:23:29+09:00 [openriak-entrypoint] monitor: BEAM is running and riak ping returned pong
2026-09-11T23:23:29+09:00 [openriak-entrypoint] monitor: sleeping for 1s
2026-09-11T23:23:55+09:00 [openriak-entrypoint] monitor: BEAM is running and riak ping returned pong
2026-09-11T23:23:55+09:00 [openriak-entrypoint] monitor: sleeping for 1s
2026-09-11T23:24:21+09:00 [openriak-entrypoint] monitor: BEAM is running and riak ping returned pong
2026-09-11T23:24:21+09:00 [openriak-entrypoint] monitor: sleeping for 1s
2026-09-11T23:24:41+09:00 [openriak-entrypoint] monitor: BEAM is running and riak ping returned pong
2026-09-11T23:24:41+09:00 [openriak-entrypoint] monitor: sleeping for 1s
2026-09-11T23:25:06+09:00 [openriak-entrypoint] monitor: BEAM is running and riak ping returned pong
2026-09-11T23:25:06+09:00 [openriak-entrypoint] monitor: sleeping for 1s
2026-09-11T23:25:30+09:00 [openriak-entrypoint] monitor: BEAM is running and riak ping returned pong
2026-09-11T23:25:30+09:00 [openriak-entrypoint] monitor: sleeping for 1s
2026-09-11T23:25:49+09:00 [openriak-entrypoint] monitor: BEAM is running and riak ping returned pong
2026-09-11T23:25:49+09:00 [openriak-entrypoint] monitor: sleeping for 1s
2026-09-11T23:26:14+09:00 [openriak-entrypoint] monitor: BEAM is running and riak ping returned pong
2026-09-11T23:26:14+09:00 [openriak-entrypoint] monitor: sleeping for 1s
2026-09-11T23:26:38+09:00 [openriak-entrypoint] monitor: BEAM is running and riak ping returned pong
2026-09-11T23:26:38+09:00 [openriak-entrypoint] monitor: sleeping for 1s
2026-09-11T23:26:57+09:00 [openriak-entrypoint] monitor: BEAM is running and riak ping returned pong
2026-09-11T23:26:57+09:00 [openriak-entrypoint] monitor: sleeping for 1s
2026-09-11T23:27:25+09:00 [openriak-entrypoint] monitor: BEAM is running and riak ping returned pong
2026-09-11T23:27:25+09:00 [openriak-entrypoint] monitor: sleeping for 1s
2026-09-11T23:27:49+09:00 [openriak-entrypoint] monitor: BEAM is running and riak ping returned pong
2026-09-11T23:27:49+09:00 [openriak-entrypoint] monitor: sleeping for 1s
2026-09-11T23:28:08+09:00 [openriak-entrypoint] monitor: BEAM is running and riak ping returned pong
2026-09-11T23:28:08+09:00 [openriak-entrypoint] monitor: sleeping for 1s
2026-09-11T23:28:35+09:00 [openriak-entrypoint] monitor: BEAM is running and riak ping returned pong
2026-09-11T23:28:35+09:00 [openriak-entrypoint] monitor: sleeping for 1s
2026-09-11T23:28:58+09:00 [openriak-entrypoint] monitor: BEAM is running and riak ping returned pong
2026-09-11T23:28:58+09:00 [openriak-entrypoint] monitor: sleeping for 1s
2026-09-11T23:29:18+09:00 [openriak-entrypoint] monitor: BEAM is running and riak ping returned pong
2026-09-11T23:29:18+09:00 [openriak-entrypoint] monitor: sleeping for 1s
2026-09-11T23:29:45+09:00 [openriak-entrypoint] monitor: BEAM is running and riak ping returned pong
2026-09-11T23:29:45+09:00 [openriak-entrypoint] monitor: sleeping for 1s
2026-09-11T23:30:09+09:00 [openriak-entrypoint] monitor: BEAM is running and riak ping returned pong
2026-09-11T23:30:09+09:00 [openriak-entrypoint] monitor: sleeping for 1s
2026-09-11T23:30:28+09:00 [openriak-entrypoint] monitor: BEAM is running and riak ping returned pong
2026-09-11T23:30:29+09:00 [openriak-entrypoint] monitor: sleeping for 1s
2026-09-11T23:30:56+09:00 [openriak-entrypoint] monitor: BEAM is running and riak ping returned pong
2026-09-11T23:30:56+09:00 [openriak-entrypoint] monitor: sleeping for 1s
2026-09-11T23:31:21+09:00 [openriak-entrypoint] monitor: BEAM is running and riak ping returned pong
2026-09-11T23:31:21+09:00 [openriak-entrypoint] monitor: sleeping for 1s
2026-09-11T23:31:40+09:00 [openriak-entrypoint] monitor: BEAM is running and riak ping returned pong
2026-09-11T23:31:40+09:00 [openriak-entrypoint] monitor: sleeping for 1s
2026-09-11T23:32:06+09:00 [openriak-entrypoint] monitor: BEAM is running and riak ping returned pong
2026-09-11T23:32:06+09:00 [openriak-entrypoint] monitor: sleeping for 1s
2026-09-11T23:32:29+09:00 [openriak-entrypoint] monitor: BEAM is running and riak ping returned pong
2026-09-11T23:32:29+09:00 [openriak-entrypoint] monitor: sleeping for 1s
2026-09-11T23:32:49+09:00 [openriak-entrypoint] monitor: BEAM is running and riak ping returned pong
2026-09-11T23:32:49+09:00 [openriak-entrypoint] monitor: sleeping for 1s
2026-09-11T23:33:17+09:00 [openriak-entrypoint] monitor: BEAM is running and riak ping returned pong
2026-09-11T23:33:17+09:00 [openriak-entrypoint] monitor: sleeping for 1s
2026-09-11T23:33:41+09:00 [openriak-entrypoint] monitor: BEAM is running and riak ping returned pong
2026-09-11T23:33:41+09:00 [openriak-entrypoint] monitor: sleeping for 1s
2026-09-11T23:34:01+09:00 [openriak-entrypoint] monitor: BEAM is running and riak ping returned pong
2026-09-11T23:34:01+09:00 [openriak-entrypoint] monitor: sleeping for 1s
2026-09-11T23:34:28+09:00 [openriak-entrypoint] monitor: BEAM is running and riak ping returned pong
2026-09-11T23:34:28+09:00 [openriak-entrypoint] monitor: sleeping for 1s
2026-09-11T23:34:49+09:00 [openriak-entrypoint] monitor: BEAM is running and riak ping returned pong
2026-09-11T23:34:50+09:00 [openriak-entrypoint] monitor: sleeping for 1s
2026-09-11T23:35:10+09:00 [openriak-entrypoint] monitor: BEAM is running and riak ping returned pong
2026-09-11T23:35:10+09:00 [openriak-entrypoint] monitor: sleeping for 1s
2026-09-11T23:35:37+09:00 [openriak-entrypoint] monitor: BEAM is running and riak ping returned pong
2026-09-11T23:35:38+09:00 [openriak-entrypoint] monitor: sleeping for 1s
2026-09-11T23:35:59+09:00 [openriak-entrypoint] monitor: BEAM is running and riak ping returned pong
2026-09-11T23:35:59+09:00 [openriak-entrypoint] monitor: sleeping for 1s
2026-09-11T23:36:20+09:00 [openriak-entrypoint] monitor: BEAM is running and riak ping returned pong
2026-09-11T23:36:20+09:00 [openriak-entrypoint] monitor: sleeping for 1s
2026-09-11T23:36:46+09:00 [openriak-entrypoint] monitor: BEAM is running and riak ping returned pong
2026-09-11T23:36:46+09:00 [openriak-entrypoint] monitor: sleeping for 1s
2026-09-11T23:37:07+09:00 [openriak-entrypoint] monitor: BEAM is running and riak ping returned pong
2026-09-11T23:37:07+09:00 [openriak-entrypoint] monitor: sleeping for 1s
2026-09-11T23:37:29+09:00 [openriak-entrypoint] monitor: BEAM is running and riak ping returned pong
2026-09-11T23:37:29+09:00 [openriak-entrypoint] monitor: sleeping for 1s
2026-09-11T23:37:55+09:00 [openriak-entrypoint] monitor: BEAM is running and riak ping returned pong
2026-09-11T23:37:55+09:00 [openriak-entrypoint] monitor: sleeping for 1s
2026-09-11T23:38:13+09:00 [openriak-entrypoint] monitor: BEAM is running and riak ping returned pong
2026-09-11T23:38:13+09:00 [openriak-entrypoint] monitor: sleeping for 1s
2026-09-11T23:38:40+09:00 [openriak-entrypoint] monitor: BEAM is running and riak ping returned pong
2026-09-11T23:38:40+09:00 [openriak-entrypoint] monitor: sleeping for 1s
2026-09-11T23:39:03+09:00 [openriak-entrypoint] monitor: BEAM is running and riak ping returned pong
2026-09-11T23:39:03+09:00 [openriak-entrypoint] monitor: sleeping for 1s
2026-09-11T23:39:22+09:00 [openriak-entrypoint] monitor: BEAM is running and riak ping returned pong
2026-09-11T23:39:23+09:00 [openriak-entrypoint] monitor: sleeping for 1s
2026-09-11T23:39:50+09:00 [openriak-entrypoint] monitor: BEAM is running and riak ping returned pong
2026-09-11T23:39:50+09:00 [openriak-entrypoint] monitor: sleeping for 1s
2026-09-11T23:40:12+09:00 [openriak-entrypoint] monitor: BEAM is running and riak ping returned pong
2026-09-11T23:40:12+09:00 [openriak-entrypoint] monitor: sleeping for 1s
2026-09-11T23:40:43+09:00 [openriak-entrypoint] monitor: BEAM is running and riak ping returned pong
2026-09-11T23:40:43+09:00 [openriak-entrypoint] monitor: sleeping for 1s
2026-09-11T23:41:16+09:00 [openriak-entrypoint] monitor: BEAM is running and riak ping returned pong
2026-09-11T23:41:16+09:00 [openriak-entrypoint] monitor: sleeping for 1s
2026-09-11T23:41:54+09:00 [openriak-entrypoint] monitor: BEAM is running and riak ping returned pong
2026-09-11T23:41:54+09:00 [openriak-entrypoint] monitor: sleeping for 1s
2026-09-11T23:42:26+09:00 [openriak-entrypoint] monitor: BEAM is running and riak ping returned pong
2026-09-11T23:42:27+09:00 [openriak-entrypoint] monitor: sleeping for 1s
2026-09-11T23:43:02+09:00 [openriak-entrypoint] monitor: BEAM is running and riak ping returned pong
2026-09-11T23:43:02+09:00 [openriak-entrypoint] monitor: sleeping for 1s
2026-09-11T23:43:35+09:00 [openriak-entrypoint] monitor: BEAM is running and riak ping returned pong
2026-09-11T23:43:35+09:00 [openriak-entrypoint] monitor: sleeping for 1s
2026-09-11T23:44:11+09:00 [openriak-entrypoint] monitor: BEAM is running and riak ping returned pong
2026-09-11T23:44:11+09:00 [openriak-entrypoint] monitor: sleeping for 1s
2026-09-11T23:44:39+09:00 [openriak-entrypoint] monitor: BEAM is running and riak ping returned pong
2026-09-11T23:44:39+09:00 [openriak-entrypoint] monitor: sleeping for 1s
2026-09-11T23:44:58+09:00 [openriak-entrypoint] monitor: BEAM is running and riak ping returned pong
2026-09-11T23:44:58+09:00 [openriak-entrypoint] monitor: sleeping for 1s
2026-09-11T23:45:25+09:00 [openriak-entrypoint] monitor: BEAM is running and riak ping returned pong
2026-09-11T23:45:25+09:00 [openriak-entrypoint] monitor: sleeping for 1s
2026-09-11T23:45:46+09:00 [openriak-entrypoint] monitor: BEAM is running and riak ping returned pong
2026-09-11T23:45:46+09:00 [openriak-entrypoint] monitor: sleeping for 1s
2026-09-11T23:46:08+09:00 [openriak-entrypoint] monitor: BEAM is running and riak ping returned pong
2026-09-11T23:46:08+09:00 [openriak-entrypoint] monitor: sleeping for 1s
2026-09-11T23:46:34+09:00 [openriak-entrypoint] monitor: BEAM is running and riak ping returned pong
2026-09-11T23:46:34+09:00 [openriak-entrypoint] monitor: sleeping for 1s
2026-09-11T23:46:56+09:00 [openriak-entrypoint] monitor: BEAM is running and riak ping returned pong
2026-09-11T23:46:56+09:00 [openriak-entrypoint] monitor: sleeping for 1s
2026-09-11T23:47:18+09:00 [openriak-entrypoint] monitor: BEAM is running and riak ping returned pong
2026-09-11T23:47:18+09:00 [openriak-entrypoint] monitor: sleeping for 1s
2026-09-11T23:47:44+09:00 [openriak-entrypoint] monitor: BEAM is running and riak ping returned pong
2026-09-11T23:47:44+09:00 [openriak-entrypoint] monitor: sleeping for 1s
2026-09-11T23:48:04+09:00 [openriak-entrypoint] monitor: BEAM is running and riak ping returned pong
2026-09-11T23:48:04+09:00 [openriak-entrypoint] monitor: sleeping for 1s
2026-09-11T23:48:28+09:00 [openriak-entrypoint] monitor: BEAM is running and riak ping returned pong
2026-09-11T23:48:28+09:00 [openriak-entrypoint] monitor: sleeping for 1s
2026-09-11T23:48:52+09:00 [openriak-entrypoint] monitor: BEAM is running and riak ping returned pong
2026-09-11T23:48:52+09:00 [openriak-entrypoint] monitor: sleeping for 1s
2026-09-11T23:49:12+09:00 [openriak-entrypoint] monitor: BEAM is running and riak ping returned pong
2026-09-11T23:49:12+09:00 [openriak-entrypoint] monitor: sleeping for 1s
2026-09-11T23:49:37+09:00 [openriak-entrypoint] monitor: BEAM is running and riak ping returned pong
2026-09-11T23:49:37+09:00 [openriak-entrypoint] monitor: sleeping for 1s
2026-09-11T23:50:02+09:00 [openriak-entrypoint] monitor: BEAM is running and riak ping returned pong
2026-09-11T23:50:02+09:00 [openriak-entrypoint] monitor: sleeping for 1s
2026-09-11T23:50:22+09:00 [openriak-entrypoint] monitor: BEAM is running and riak ping returned pong
2026-09-11T23:50:23+09:00 [openriak-entrypoint] monitor: sleeping for 1s
2026-09-11T23:50:48+09:00 [openriak-entrypoint] monitor: BEAM is running and riak ping returned pong
2026-09-11T23:50:48+09:00 [openriak-entrypoint] monitor: sleeping for 1s
2026-09-11T23:51:13+09:00 [openriak-entrypoint] monitor: BEAM is running and riak ping returned pong
2026-09-11T23:51:13+09:00 [openriak-entrypoint] monitor: sleeping for 1s
2026-09-11T23:51:33+09:00 [openriak-entrypoint] monitor: BEAM is running and riak ping returned pong
2026-09-11T23:51:33+09:00 [openriak-entrypoint] monitor: sleeping for 1s
2026-09-11T23:51:59+09:00 [openriak-entrypoint] monitor: BEAM is running and riak ping returned pong
2026-09-11T23:52:00+09:00 [openriak-entrypoint] monitor: sleeping for 1s
2026-09-11T23:52:24+09:00 [openriak-entrypoint] monitor: BEAM is running and riak ping returned pong
2026-09-11T23:52:24+09:00 [openriak-entrypoint] monitor: sleeping for 1s
2026-09-11T23:52:44+09:00 [openriak-entrypoint] monitor: BEAM is running and riak ping returned pong
2026-09-11T23:52:45+09:00 [openriak-entrypoint] monitor: sleeping for 1s
2026-09-11T23:53:10+09:00 [openriak-entrypoint] monitor: BEAM is running and riak ping returned pong
2026-09-11T23:53:10+09:00 [openriak-entrypoint] monitor: sleeping for 1s
2026-09-11T23:53:33+09:00 [openriak-entrypoint] monitor: BEAM is running and riak ping returned pong
2026-09-11T23:53:33+09:00 [openriak-entrypoint] monitor: sleeping for 1s
2026-09-11T23:53:51+09:00 [openriak-entrypoint] monitor: BEAM is running and riak ping returned pong
2026-09-11T23:53:51+09:00 [openriak-entrypoint] monitor: sleeping for 1s

timeout_seconds: 3600
exit_code: 0
