$ /usr/bin/docker exec openriak-kv-3.4.1-centos-9-otp26-node-t-498188z sh -c 'date +%z
id -u riak
id -g riak
stat -c '"'"'%u:%g'"'"' /etc/riak /var/lib/riak /var/log/riak'
started: 2026-09-11T09:23:43Z
+0900
19001
19002
19001:19002
19001:19002
19001:19002

timeout_seconds: 3600
exit_code: 0
$ /usr/bin/docker container inspect openriak-kv-3.4.1-centos-9-otp26-node-t-498188z
started: 2026-09-11T09:23:43Z
[
    {
        "Id": "41f78e8afb0aeb1090e8a18ff9c6c7a436936a196049681fb2a5f2c2fd0202b8",
        "Created": "2026-09-11T09:23:24.723976498Z",
        "Path": "/usr/local/bin/openriak-entrypoint",
        "Args": [],
        "State": {
            "Status": "running",
            "Running": true,
            "Paused": false,
            "Restarting": false,
            "OOMKilled": false,
            "Dead": false,
            "Pid": 3768127,
            "ExitCode": 0,
            "Error": "",
            "StartedAt": "2026-09-11T09:23:24.765072757Z",
            "FinishedAt": "0001-01-01T00:00:00Z",
            "Health": {
                "Status": "healthy",
                "FailingStreak": 0,
                "Log": [
                    {
                        "Start": "2026-09-11T09:23:29.904305656Z",
                        "End": "2026-09-11T09:23:30.419317711Z",
                        "ExitCode": 0,
                        "Output": "OpenRiak healthcheck passed: BEAM is running and riak ping returned pong\n"
                    },
                    {
                        "Start": "2026-09-11T09:23:40.421146496Z",
                        "End": "2026-09-11T09:23:40.779125803Z",
                        "ExitCode": 0,
                        "Output": "OpenRiak healthcheck passed: BEAM is running and riak ping returned pong\n"
                    }
                ]
            }
        },
        "Image": "sha256:3236dea4a416999194267476b88795530e250b8885cdbb443a2a1aee96d196dd",
        "ResolvConfPath": "/var/lib/docker/containers/41f78e8afb0aeb1090e8a18ff9c6c7a436936a196049681fb2a5f2c2fd0202b8/resolv.conf",
        "HostnamePath": "/var/lib/docker/containers/41f78e8afb0aeb1090e8a18ff9c6c7a436936a196049681fb2a5f2c2fd0202b8/hostname",
        "HostsPath": "/var/lib/docker/containers/41f78e8afb0aeb1090e8a18ff9c6c7a436936a196049681fb2a5f2c2fd0202b8/hosts",
        "LogPath": "/var/lib/docker/containers/41f78e8afb0aeb1090e8a18ff9c6c7a436936a196049681fb2a5f2c2fd0202b8/41f78e8afb0aeb1090e8a18ff9c6c7a436936a196049681fb2a5f2c2fd0202b8-json.log",
        "Name": "/openriak-kv-3.4.1-centos-9-otp26-node-t-498188z",
        "RestartCount": 0,
        "Driver": "overlay2",
        "Platform": "linux",
        "MountLabel": "",
        "ProcessLabel": "",
        "AppArmorProfile": "docker-default",
        "ExecIDs": null,
        "HostConfig": {
            "Binds": [
                "/tmp/openriak-docker-3.4.1-centos-9-otp26-ilv5nkt_/openriak-kv-3.4.1-centos-9-otp26-node/config:/etc/riak:rw",
                "/tmp/openriak-docker-3.4.1-centos-9-otp26-ilv5nkt_/openriak-kv-3.4.1-centos-9-otp26-node/data:/var/lib/riak:rw",
                "/tmp/openriak-docker-3.4.1-centos-9-otp26-ilv5nkt_/openriak-kv-3.4.1-centos-9-otp26-node/logs:/var/log/riak:rw"
            ],
            "ContainerIDFile": "",
            "LogConfig": {
                "Type": "json-file",
                "Config": {
                    "max-file": "3",
                    "max-size": "10m"
                }
            },
            "NetworkMode": "openriak-kv-341-centos-9-otp26-node_openriak",
            "PortBindings": {},
            "RestartPolicy": {
                "Name": "no",
                "MaximumRetryCount": 0
            },
            "AutoRemove": false,
            "VolumeDriver": "",
            "VolumesFrom": null,
            "ConsoleSize": [
                0,
                0
            ],
            "CapAdd": null,
            "CapDrop": null,
            "CgroupnsMode": "private",
            "Dns": null,
            "DnsOptions": null,
            "DnsSearch": null,
            "ExtraHosts": [],
            "GroupAdd": null,
            "IpcMode": "private",
            "Cgroup": "",
            "Links": null,
            "OomScoreAdj": 0,
            "PidMode": "",
            "Privileged": false,
            "PublishAllPorts": false,
            "ReadonlyRootfs": false,
            "SecurityOpt": null,
            "UTSMode": "",
            "UsernsMode": "",
            "ShmSize": 67108864,
            "Runtime": "runc",
            "Isolation": "",
            "CpuShares": 0,
            "Memory": 0,
            "NanoCpus": 0,
            "CgroupParent": "",
            "BlkioWeight": 0,
            "BlkioWeightDevice": null,
            "BlkioDeviceReadBps": null,
            "BlkioDeviceWriteBps": null,
            "BlkioDeviceReadIOps": null,
            "BlkioDeviceWriteIOps": null,
            "CpuPeriod": 0,
            "CpuQuota": 0,
            "CpuRealtimePeriod": 0,
            "CpuRealtimeRuntime": 0,
            "CpusetCpus": "",
            "CpusetMems": "",
            "Devices": null,
            "DeviceCgroupRules": null,
            "DeviceRequests": null,
            "MemoryReservation": 0,
            "MemorySwap": 0,
            "MemorySwappiness": null,
            "OomKillDisable": null,
            "PidsLimit": null,
            "Ulimits": [
                {
                    "Name": "nofile",
                    "Hard": 100000,
                    "Soft": 100000
                }
            ],
            "CpuCount": 0,
            "CpuPercent": 0,
            "IOMaximumIOps": 0,
            "IOMaximumBandwidth": 0,
            "MaskedPaths": [
                "/proc/asound",
                "/proc/acpi",
                "/proc/kcore",
                "/proc/keys",
                "/proc/latency_stats",
                "/proc/timer_list",
                "/proc/timer_stats",
                "/proc/sched_debug",
                "/proc/scsi",
                "/sys/firmware",
                "/sys/devices/virtual/powercap"
            ],
            "ReadonlyPaths": [
                "/proc/bus",
                "/proc/fs",
                "/proc/irq",
                "/proc/sys",
                "/proc/sysrq-trigger"
            ]
        },
        "GraphDriver": {
            "Data": {
                "LowerDir": "/var/lib/docker/overlay2/7e5124cfa2966637900c3d33e4164aa91d1d5b15846843d3dc00ee678216ab47-init/diff:/var/lib/docker/overlay2/fadafa465752e37131d7adc98b546d02303349b31d7d59e7dbccf0cfe830a74b/diff:/var/lib/docker/overlay2/7daea7f856dffa783c7386db14ee821e7ff6c1cad5d4e5dac13c1839c8c6b780/diff:/var/lib/docker/overlay2/3849a199c6b881dfeee49c9bb140633ba18a9d584cd2aa4e855b0bf25d6e59fc/diff:/var/lib/docker/overlay2/59f3b2fce344cfdbdc165a344c391984fe701d67106839e1e1e1b718989fd8d9/diff:/var/lib/docker/overlay2/dd195f14a6da51b19d35dc860d6bffe70df4708a74cc22e316978bdba27a298c/diff",
                "MergedDir": "/var/lib/docker/overlay2/7e5124cfa2966637900c3d33e4164aa91d1d5b15846843d3dc00ee678216ab47/merged",
                "UpperDir": "/var/lib/docker/overlay2/7e5124cfa2966637900c3d33e4164aa91d1d5b15846843d3dc00ee678216ab47/diff",
                "WorkDir": "/var/lib/docker/overlay2/7e5124cfa2966637900c3d33e4164aa91d1d5b15846843d3dc00ee678216ab47/work"
            },
            "Name": "overlay2"
        },
        "Mounts": [
            {
                "Type": "bind",
                "Source": "/tmp/openriak-docker-3.4.1-centos-9-otp26-ilv5nkt_/openriak-kv-3.4.1-centos-9-otp26-node/config",
                "Destination": "/etc/riak",
                "Mode": "rw",
                "RW": true,
                "Propagation": "rprivate"
            },
            {
                "Type": "bind",
                "Source": "/tmp/openriak-docker-3.4.1-centos-9-otp26-ilv5nkt_/openriak-kv-3.4.1-centos-9-otp26-node/data",
                "Destination": "/var/lib/riak",
                "Mode": "rw",
                "RW": true,
                "Propagation": "rprivate"
            },
            {
                "Type": "bind",
                "Source": "/tmp/openriak-docker-3.4.1-centos-9-otp26-ilv5nkt_/openriak-kv-3.4.1-centos-9-otp26-node/logs",
                "Destination": "/var/log/riak",
                "Mode": "rw",
                "RW": true,
                "Propagation": "rprivate"
            }
        ],
        "Config": {
            "Hostname": "node-01.cluster-a.openriak",
            "Domainname": "",
            "User": "",
            "AttachStdin": false,
            "AttachStdout": true,
            "AttachStderr": true,
            "ExposedPorts": {
                "8087/tcp": {},
                "8098/tcp": {}
            },
            "Tty": false,
            "OpenStdin": false,
            "StdinOnce": false,
            "Env": [
                "RIAK_LOG_MAX_FILE_SIZE=2MB",
                "RIAK_LOG_MAX_FILES=4",
                "RIAK_NODE_HOST=node-01.cluster-a.openriak",
                "RIAK_DISTRIBUTED_COOKIE=openriak-861b3d81818091ae8f02a5698d472ff5",
                "RIAK_MONITOR_INTERVAL_SECONDS=1",
                "TZ=Asia/Tokyo",
                "RIAK_UID=19001",
                "RIAK_GID=19002",
                "PATH=/usr/local/sbin:/usr/local/bin:/usr/sbin:/usr/bin:/sbin:/bin",
                "RIAK_NODE_NAME=",
                "RIAK_RING_SIZE=8",
                "RIAK_STORAGE_BACKEND=leveled",
                "RIAK_ANTI_ENTROPY=passive",
                "RIAK_TICTACAAE_ACTIVE=active",
                "RIAK_TICTACAAE_STOREHEADS=enabled",
                "RIAK_HTTP_LISTENER=0.0.0.0:8098",
                "RIAK_PB_LISTENER=0.0.0.0:8087",
                "RIAK_NOFILE_LIMIT=100000",
                "RIAK_INIT_ONLY=0",
                "RIAK_STARTUP_POLL_SECONDS=1",
                "RIAK_SHUTDOWN_POLL_SECONDS=1",
                "OPENRIAK_CLUSTER_MODE=single",
                "OPENRIAK_CLUSTER_CONTROL_DIR=/var/lib/openriak-cluster-control",
                "OPENRIAK_CLUSTER_POLL_SECONDS=1",
                "OPENRIAK_CLUSTER_WAIT_SECONDS=300",
                "role="
            ],
            "Cmd": null,
            "Healthcheck": {
                "Test": [
                    "CMD",
                    "/usr/local/bin/openriak-healthcheck"
                ],
                "Interval": 10000000000,
                "Timeout": 60000000000,
                "StartPeriod": 120000000000,
                "Retries": 3
            },
            "Image": "tiotjp/openriak-kv:test-3.4.1-centos-9-otp26-linux-amd64-20260911t092211.498188z",
            "Volumes": {
                "/etc/riak": {},
                "/var/lib/riak": {},
                "/var/log/riak": {}
            },
            "WorkingDir": "/",
            "Entrypoint": [
                "/usr/local/bin/openriak-entrypoint"
            ],
            "OnBuild": null,
            "Labels": {
                "com.docker.compose.config-hash": "9e854d3f20d8b1619196e0be5e46c63304342310f6dfb29114eece2fac41871c",
                "com.docker.compose.container-number": "1",
                "com.docker.compose.depends_on": "",
                "com.docker.compose.image": "sha256:3236dea4a416999194267476b88795530e250b8885cdbb443a2a1aee96d196dd",
                "com.docker.compose.oneoff": "False",
                "com.docker.compose.project": "openriak-kv-341-centos-9-otp26-node",
                "com.docker.compose.project.config_files": "/tmp/openriak-docker-3.4.1-centos-9-otp26-ilv5nkt_/compose.single.test.yaml",
                "com.docker.compose.project.environment_file": "/tmp/openriak-docker-3.4.1-centos-9-otp26-ilv5nkt_/.env.single",
                "com.docker.compose.project.working_dir": "/tmp/openriak-docker-3.4.1-centos-9-otp26-ilv5nkt_",
                "com.docker.compose.service": "node",
                "com.docker.compose.version": "2.29.1",
                "org.opencontainers.image.description": "Package-backed OpenRiak KV with single-node and cluster startup support",
                "org.opencontainers.image.source": "https://github.com/TI-Tokyo/openriak-docs",
                "org.opencontainers.image.title": "OpenRiak KV",
                "org.opencontainers.image.url": "https://www.tiot.jp/",
                "org.opencontainers.image.vendor": "TI Tokyo",
                "org.opencontainers.image.version": "3.4.1",
                "org.openriak.image.tag": "tiotjp/openriak-kv:3.4.1-centos-9-otp26",
                "org.openriak.os.name": "centos",
                "org.openriak.os.release": "9",
                "org.openriak.os.version": "9",
                "org.openriak.otp.version": "26"
            },
            "StopSignal": "SIGTERM",
            "StopTimeout": 120
        },
        "NetworkSettings": {
            "Bridge": "",
            "SandboxID": "e420a402aee65d3d4ea9bb9d4814de5210ed1995bd7c6bbaa2a3b4ad5a0890d3",
            "SandboxKey": "/var/run/docker/netns/e420a402aee6",
            "Ports": {
                "8087/tcp": null,
                "8098/tcp": null
            },
            "HairpinMode": false,
            "LinkLocalIPv6Address": "",
            "LinkLocalIPv6PrefixLen": 0,
            "SecondaryIPAddresses": null,
            "SecondaryIPv6Addresses": null,
            "EndpointID": "",
            "Gateway": "",
            "GlobalIPv6Address": "",
            "GlobalIPv6PrefixLen": 0,
            "IPAddress": "",
            "IPPrefixLen": 0,
            "IPv6Gateway": "",
            "MacAddress": "",
            "Networks": {
                "openriak-kv-341-centos-9-otp26-node_openriak": {
                    "IPAMConfig": {},
                    "Links": null,
                    "Aliases": [
                        "openriak-kv-3.4.1-centos-9-otp26-node-t-498188z",
                        "node",
                        "node-01.cluster-a.openriak"
                    ],
                    "MacAddress": "02:42:ac:16:00:02",
                    "DriverOpts": null,
                    "NetworkID": "884b0e69bafba2b87d7f4e71da4ac0b0dff018ee0504c9e6be527a9a88a2df8d",
                    "EndpointID": "a22afa8624e818dcc0b7be68bd623d872ff58e5230673ff6e4ca0276c1c1eaeb",
                    "Gateway": "172.22.0.1",
                    "IPAddress": "172.22.0.2",
                    "IPPrefixLen": 16,
                    "IPv6Gateway": "",
                    "GlobalIPv6Address": "",
                    "GlobalIPv6PrefixLen": 0,
                    "DNSNames": [
                        "openriak-kv-3.4.1-centos-9-otp26-node-t-498188z",
                        "node",
                        "node-01.cluster-a.openriak",
                        "41f78e8afb0a"
                    ]
                }
            }
        }
    }
]

timeout_seconds: 3600
exit_code: 0
$ /usr/bin/docker exec openriak-kv-3.4.1-centos-9-otp26-node-t-498188z sh -ec 'for name in python python3 perl pip pip3 dnf yum microdnf rpm
do
    if command -v "$name" >/dev/null 2>&1
    then
        echo "Unexpected runtime command: $name" >&2
        exit 1
    fi
done
if find /usr /opt -type f \( -iname '"'"'*python*'"'"' -o -iname '"'"'*setuptools*'"'"' -o -name perl \) | grep .
then
    echo '"'"'Unexpected interpreter files'"'"' >&2
    exit 1
fi
test -s /usr/share/openriak-build/runtime-packages.txt
test -s /etc/os-release
'
started: 2026-09-11T09:23:43Z

timeout_seconds: 3600
exit_code: 0
