$ /usr/bin/docker compose --env-file /tmp/openriak-docker-3.4.1-rocky-9-otp26-nvgzpef9/.env.cluster --project-directory /tmp/openriak-docker-3.4.1-rocky-9-otp26-nvgzpef9 --file /tmp/openriak-docker-3.4.1-rocky-9-otp26-nvgzpef9/compose.cluster.test.yaml up --detach --no-build
started: 2026-09-11T09:40:41Z
 Network openriak-kv-341-rocky-9-otp26-node-cluster_openriak  Creating
 Network openriak-kv-341-rocky-9-otp26-node-cluster_openriak  Created
 Container openriak-kv-3.4.1-rocky-9-otp26-node-2-t-947558z  Creating
 Container openriak-kv-3.4.1-rocky-9-otp26-node-1-t-947558z  Creating
 Container openriak-kv-3.4.1-rocky-9-otp26-node-4-t-947558z  Creating
 Container openriak-kv-3.4.1-rocky-9-otp26-node-3-t-947558z  Creating
 Container openriak-kv-3.4.1-rocky-9-otp26-node-5-t-947558z  Creating
 Container openriak-kv-3.4.1-rocky-9-otp26-node-1-t-947558z  Created
 Container openriak-kv-3.4.1-rocky-9-otp26-node-4-t-947558z  Created
 Container openriak-kv-3.4.1-rocky-9-otp26-node-3-t-947558z  Created
 Container openriak-kv-3.4.1-rocky-9-otp26-node-5-t-947558z  Created
 Container openriak-kv-3.4.1-rocky-9-otp26-node-2-t-947558z  Created
 Container openriak-kv-3.4.1-rocky-9-otp26-node-4-t-947558z  Starting
 Container openriak-kv-3.4.1-rocky-9-otp26-node-5-t-947558z  Starting
 Container openriak-kv-3.4.1-rocky-9-otp26-node-2-t-947558z  Starting
 Container openriak-kv-3.4.1-rocky-9-otp26-node-3-t-947558z  Starting
 Container openriak-kv-3.4.1-rocky-9-otp26-node-1-t-947558z  Starting
 Container openriak-kv-3.4.1-rocky-9-otp26-node-4-t-947558z  Started
 Container openriak-kv-3.4.1-rocky-9-otp26-node-3-t-947558z  Started
 Container openriak-kv-3.4.1-rocky-9-otp26-node-1-t-947558z  Started
 Container openriak-kv-3.4.1-rocky-9-otp26-node-2-t-947558z  Started
 Container openriak-kv-3.4.1-rocky-9-otp26-node-5-t-947558z  Started

timeout_seconds: 3600
exit_code: 0
