$ /usr/bin/docker buildx build --builder openriak-kv-multiarch --load --platform linux/amd64 --pull=false --no-cache --tag tiotjp/openriak-kv:test-3.4.1-rocky-9-otp26-linux-amd64-20260911t093926.947558z --file /home/peter/openriak-builds/openriak-distributed/openriak-docker-2026-09-11-b/living-room-a/20260911T084617.243958Z/results/3.4.1/3.4.1-rocky-9-otp26/platforms/linux-amd64/runs/20260911T093926.947558Z/Dockerfile /home/peter/openriak-builds/openriak-distributed/openriak-docker-2026-09-11-b/living-room-a/20260911T084617.243958Z/results/3.4.1/3.4.1-rocky-9-otp26/platforms/linux-amd64/runs/20260911T093926.947558Z
started: 2026-09-11T09:39:27Z
#0 building with "openriak-kv-multiarch" instance using docker-container driver

#1 [internal] load build definition from Dockerfile
#1 transferring dockerfile: 45.95kB done
#1 DONE 0.0s

#2 resolve image config for docker-image://docker.io/docker/dockerfile:1.7
#2 DONE 0.2s

#3 docker-image://docker.io/docker/dockerfile:1.7@sha256:a57df69d0ea827fb7266491f2813635de6f17269be881f696fbfdf2d83dda33e
#3 resolve docker.io/docker/dockerfile:1.7@sha256:a57df69d0ea827fb7266491f2813635de6f17269be881f696fbfdf2d83dda33e 0.0s done
#3 CACHED

#4 [internal] load metadata for docker.io/library/rockylinux:9@sha256:d7be1c094cc5845ee815d4632fe377514ee6ebcf8efaed6892889657e5ddaaa6
#4 DONE 1.4s

#5 [internal] load .dockerignore
#5 transferring context: 2B done
#5 DONE 0.0s

#6 [download-amd64 1/1] ADD --checksum=sha256:952f04a57622b160ef01d7aa15d3871924221766f1cd08dc74bf5ecd3ffbe9ea https://files.tiot.jp/riak/kv/3.4/3.4.1/rhel/9/riak-3.4.1.OTP26-1.el9.x86_64.rpm /riak-3.4.1.OTP26-1.el9.x86_64.rpm
#6 CACHED

#7 [internal] preparing inline document
#7 CACHED

#8 [internal] preparing inline document
#8 CACHED

#9 [download-amd64 1/1] ADD --checksum=sha256:952f04a57622b160ef01d7aa15d3871924221766f1cd08dc74bf5ecd3ffbe9ea https://files.tiot.jp/riak/kv/3.4/3.4.1/rhel/9/riak-3.4.1.OTP26-1.el9.x86_64.rpm /riak-3.4.1.OTP26-1.el9.x86_64.rpm
#9 DONE 0.0s

#10 [install-amd64 1/2] FROM docker.io/library/rockylinux:9@sha256:d7be1c094cc5845ee815d4632fe377514ee6ebcf8efaed6892889657e5ddaaa6
#10 resolve docker.io/library/rockylinux:9@sha256:d7be1c094cc5845ee815d4632fe377514ee6ebcf8efaed6892889657e5ddaaa6 done
#10 sha256:446f83f14b236772583d069e6f46a75e7e5456add656d1415a452618189fb825 0B / 64.31MB 0.2s
#10 sha256:446f83f14b236772583d069e6f46a75e7e5456add656d1415a452618189fb825 11.53MB / 64.31MB 0.3s
#10 sha256:446f83f14b236772583d069e6f46a75e7e5456add656d1415a452618189fb825 29.36MB / 64.31MB 0.5s
#10 sha256:446f83f14b236772583d069e6f46a75e7e5456add656d1415a452618189fb825 47.19MB / 64.31MB 0.6s
#10 sha256:446f83f14b236772583d069e6f46a75e7e5456add656d1415a452618189fb825 64.31MB / 64.31MB 0.8s
#10 sha256:446f83f14b236772583d069e6f46a75e7e5456add656d1415a452618189fb825 64.31MB / 64.31MB 0.8s done
#10 extracting sha256:446f83f14b236772583d069e6f46a75e7e5456add656d1415a452618189fb825
#10 extracting sha256:446f83f14b236772583d069e6f46a75e7e5456add656d1415a452618189fb825 1.6s done
#10 DONE 2.4s

#11 [install-amd64 2/2] RUN --mount=type=bind,from=download-amd64,target=/opt/openriak-package,ro <<'OPENRIAK_PACKAGE_INSTALL' (set -eu...)
#11 1.541 Rocky Linux 9 - BaseOS                           20 MB/s |  26 MB     00:01    
#11 5.487 Rocky Linux 9 - AppStream                        17 MB/s |  23 MB     00:01    
#11 10.26 Rocky Linux 9 - Extras                           25 kB/s |  17 kB     00:00    
#11 11.05 Dependencies resolved.
#11 11.06 ================================================================================
#11 11.06  Package                     Arch   Version                     Repo       Size
#11 11.06 ================================================================================
#11 11.06 Upgrading:
#11 11.06  alternatives                x86_64 1.24-2.el9                  baseos     38 k
#11 11.06  audit-libs                  x86_64 3.1.5-8.el9                 baseos    121 k
#11 11.06  basesystem                  noarch 11-13.el9.0.1               baseos    6.4 k
#11 11.06  bash                        x86_64 5.1.8-9.el9                 baseos    1.7 M
#11 11.06  binutils                    x86_64 2.35.2-72.el9               baseos    4.5 M
#11 11.06  binutils-gold               x86_64 2.35.2-72.el9               baseos    734 k
#11 11.06  bzip2-libs                  x86_64 1.0.8-11.el9                baseos     39 k
#11 11.06  ca-certificates             noarch 2025.2.80_v9.0.305-91.el9   baseos    948 k
#11 11.06  coreutils-single            x86_64 8.32-41.el9_8               baseos    598 k
#11 11.06  cracklib                    x86_64 2.9.6-28.el9                baseos     80 k
#11 11.06  cracklib-dicts              x86_64 2.9.6-28.el9                baseos    3.6 M
#11 11.06  crypto-policies             noarch 20260224-1.gitea0f072.el9   baseos     56 k
#11 11.06  crypto-policies-scripts     noarch 20260224-1.gitea0f072.el9   baseos     87 k
#11 11.06  curl-minimal                x86_64 7.76.1-40.el9_8.5           baseos    127 k
#11 11.06  cyrus-sasl-lib              x86_64 2.1.27-22.el9_7             baseos    762 k
#11 11.06  dnf                         noarch 4.14.0-34.el9_8.rocky.0.1   baseos    467 k
#11 11.06  dnf-data                    noarch 4.14.0-34.el9_8.rocky.0.1   baseos     36 k
#11 11.06  elfutils-debuginfod-client  x86_64 0.194-1.el9.rocky.0.1       baseos     43 k
#11 11.06  elfutils-default-yama-scope noarch 0.194-1.el9.rocky.0.1       baseos    9.0 k
#11 11.06  elfutils-libelf             x86_64 0.194-1.el9.rocky.0.1       baseos    201 k
#11 11.06  elfutils-libs               x86_64 0.194-1.el9.rocky.0.1       baseos    268 k
#11 11.06  expat                       x86_64 2.5.0-6.el9_8.3             baseos    119 k
#11 11.06  file-libs                   x86_64 5.39-17.el9                 baseos    587 k
#11 11.06  filesystem                  x86_64 3.16-5.el9                  baseos    1.1 M
#11 11.06  findutils                   x86_64 1:4.8.0-7.el9               baseos    536 k
#11 11.06  gdbm-libs                   x86_64 1:1.23-1.el9                baseos     55 k
#11 11.06  glib2                       x86_64 2.68.4-19.el9_8.10          baseos    2.6 M
#11 11.06  glibc                       x86_64 2.34-275.el9_8              baseos    2.0 M
#11 11.06  glibc-common                x86_64 2.34-275.el9_8              baseos    299 k
#11 11.06  glibc-minimal-langpack      x86_64 2.34-275.el9_8              baseos     27 k
#11 11.06  gnupg2                      x86_64 2.3.3-5.el9_7               baseos    2.5 M
#11 11.06  gnutls                      x86_64 3.8.10-8.el9_8              baseos    1.4 M
#11 11.06  gzip                        x86_64 1.12-2.el9_8                baseos    156 k
#11 11.06  ima-evm-utils               x86_64 1.6.2-2.el9.rocky.0.2       baseos     71 k
#11 11.06  krb5-libs                   x86_64 1.21.1-10.el9_8             baseos    754 k
#11 11.06  less                        x86_64 590-6.el9                   baseos    160 k
#11 11.06  libacl                      x86_64 2.4.0-1.el9_8               baseos     25 k
#11 11.06  libarchive                  x86_64 3.5.3-11.el9_8              baseos    387 k
#11 11.06  libattr                     x86_64 2.6.0-1.el9_8               baseos     17 k
#11 11.06  libblkid                    x86_64 2.37.4-25.el9               baseos    105 k
#11 11.06  libcap                      x86_64 2.48-10.el9_7.1             baseos     66 k
#11 11.06  libcom_err                  x86_64 1.46.5-8.el9                baseos     25 k
#11 11.06  libcurl-minimal             x86_64 7.76.1-40.el9_8.5           baseos    225 k
#11 11.06  libdb                       x86_64 5.3.28-57.el9_6             baseos    736 k
#11 11.06  libdnf                      x86_64 0.69.0-18.el9.rocky.0.1     baseos    654 k
#11 11.06  libeconf                    x86_64 0.4.1-7.el9_8               baseos     26 k
#11 11.06  libevent                    x86_64 2.1.12-8.el9_4              baseos    262 k
#11 11.06  libfdisk                    x86_64 2.37.4-25.el9               baseos    152 k
#11 11.06  libgcc                      x86_64 11.5.0-14.el9               baseos     85 k
#11 11.06  libgcrypt                   x86_64 1.10.0-13.el9_8             baseos    505 k
#11 11.06  libgomp                     x86_64 11.5.0-14.el9               baseos    258 k
#11 11.06  libksba                     x86_64 1.5.1-7.el9                 baseos    152 k
#11 11.06  libmount                    x86_64 2.37.4-25.el9               baseos    133 k
#11 11.06  libnghttp2                  x86_64 1.43.0-6.el9_8.2            baseos     72 k
#11 11.06  librepo                     x86_64 1.19.0-1.el9                baseos     89 k
#11 11.06  libselinux                  x86_64 3.6-3.el9                   baseos     85 k
#11 11.06  libsemanage                 x86_64 3.6-5.el9_6                 baseos    117 k
#11 11.06  libsepol                    x86_64 3.6-3.el9                   baseos    329 k
#11 11.06  libsmartcols                x86_64 2.37.4-25.el9               baseos     61 k
#11 11.06  libsolv                     x86_64 0.7.24-6.el9_8              baseos    402 k
#11 11.06  libstdc++                   x86_64 11.5.0-14.el9               baseos    739 k
#11 11.06  libtasn1                    x86_64 4.16.0-10.el9_8             baseos     73 k
#11 11.06  libusbx                     x86_64 1.0.30-1.el9_8              baseos     77 k
#11 11.06  libuser                     x86_64 0.63-17.el9                 baseos    384 k
#11 11.06  libuuid                     x86_64 2.37.4-25.el9               baseos     26 k
#11 11.06  libxml2                     x86_64 2.9.13-14.el9_8.4           baseos    747 k
#11 11.06  libzstd                     x86_64 1.5.5-1.el9                 baseos    294 k
#11 11.06  mpfr                        x86_64 4.1.0-10.el9                baseos    324 k
#11 11.06  ncurses-base                noarch 6.2-12.20210508.el9         baseos     60 k
#11 11.06  ncurses-libs                x86_64 6.2-12.20210508.el9         baseos    322 k
#11 11.06  nettle                      x86_64 3.10.1-1.el9                baseos    562 k
#11 11.06  openldap                    x86_64 2.6.8-4.el9.0.1             baseos    256 k
#11 11.06  openssl                     x86_64 1:3.5.5-6.el9_8             baseos    1.4 M
#11 11.06  openssl-libs                x86_64 1:3.5.5-6.el9_8             baseos    2.3 M
#11 11.06  p11-kit                     x86_64 0.26.4-1.el9_8              baseos    591 k
#11 11.06  p11-kit-trust               x86_64 0.26.4-1.el9_8              baseos    155 k
#11 11.06  pam                         x86_64 1.5.1-28.el9_8.1            baseos    543 k
#11 11.06  pcre                        x86_64 8.44-4.el9                  baseos    196 k
#11 11.06  pcre2                       x86_64 10.40-6.el9                 baseos    233 k
#11 11.06  pcre2-syntax                noarch 10.40-6.el9                 baseos    140 k
#11 11.06  python3                     x86_64 3.9.25-7.el9_8.3            baseos     26 k
#11 11.06  python3-dnf                 noarch 4.14.0-34.el9_8.rocky.0.1   baseos    412 k
#11 11.06  python3-hawkey              x86_64 0.69.0-18.el9.rocky.0.1     baseos    101 k
#11 11.06  python3-libdnf              x86_64 0.69.0-18.el9.rocky.0.1     baseos    771 k
#11 11.06  python3-libs                x86_64 3.9.25-7.el9_8.3            baseos    7.5 M
#11 11.06  python3-pip-wheel           noarch 21.3.1-2.el9_8.rocky.0.1    baseos    1.1 M
#11 11.06  python3-rpm                 x86_64 4.16.1.3-40.el9             baseos     64 k
#11 11.06  python3-setuptools-wheel    noarch 53.0.0-15.el9               baseos    467 k
#11 11.06  rocky-gpg-keys              noarch 9.8-1.2.el9                 baseos     25 k
#11 11.06  rocky-release               noarch 9.8-1.2.el9                 baseos     22 k
#11 11.06  rocky-repos                 noarch 9.8-1.2.el9                 baseos     12 k
#11 11.06  rootfiles                   noarch 8.1-35.el9                  baseos    9.3 k
#11 11.06  rpm                         x86_64 4.16.1.3-40.el9             baseos    484 k
#11 11.06  rpm-build-libs              x86_64 4.16.1.3-40.el9             baseos     88 k
#11 11.06  rpm-libs                    x86_64 4.16.1.3-40.el9             baseos    307 k
#11 11.06  rpm-sign-libs               x86_64 4.16.1.3-40.el9             baseos     20 k
#11 11.06  sed                         x86_64 4.8-10.el9_8                baseos    295 k
#11 11.06  setup                       noarch 2.13.7-10.el9               baseos    140 k
#11 11.06  shadow-utils                x86_64 2:4.9-16.el9                baseos    1.1 M
#11 11.06  sqlite-libs                 x86_64 3.34.1-11.el9_8             baseos    643 k
#11 11.06  systemd-libs                x86_64 252-67.el9_8.4.rocky.0.1    baseos    654 k
#11 11.06  tar                         x86_64 2:1.34-13.el9_8             baseos    879 k
#11 11.06  tpm2-tss                    x86_64 3.2.3-1.el9                 baseos    594 k
#11 11.06  tzdata                      noarch 2026c-1.el9_8               baseos    497 k
#11 11.06  usermode                    x86_64 1.114-7.el9                 baseos    173 k
#11 11.06  util-linux                  x86_64 2.37.4-25.el9               baseos    2.2 M
#11 11.06  util-linux-core             x86_64 2.37.4-25.el9               baseos    431 k
#11 11.06  vim-minimal                 x86_64 2:8.2.2637-26.el9_8.13      baseos    673 k
#11 11.06  yum                         noarch 4.14.0-34.el9_8.rocky.0.1   baseos     90 k
#11 11.06 Installing dependencies:
#11 11.06  attr                        x86_64 2.6.0-1.el9_8               baseos     62 k
#11 11.06  keyutils                    x86_64 1.6.3-1.el9                 baseos     72 k
#11 11.06  libtool-ltdl                x86_64 2.4.6-46.el9                baseos     35 k
#11 11.06  openssl-fips-provider       x86_64 1:3.5.5-6.el9_8             baseos    815 k
#11 11.06 Installing weak dependencies:
#11 11.06  libxcrypt-compat            x86_64 4.4.18-3.el9                appstream  88 k
#11 11.06 
#11 11.06 Transaction Summary
#11 11.06 ================================================================================
#11 11.06 Install    5 Packages
#11 11.06 Upgrade  109 Packages
#11 11.06 
#11 11.07 Total download size: 61 M
#11 11.07 Downloading Packages:
#11 12.09 (1/114): keyutils-1.6.3-1.el9.x86_64.rpm        562 kB/s |  72 kB     00:00    
#11 12.09 (2/114): libtool-ltdl-2.4.6-46.el9.x86_64.rpm   268 kB/s |  35 kB     00:00    
#11 12.10 (3/114): attr-2.6.0-1.el9_8.x86_64.rpm          464 kB/s |  62 kB     00:00    
#11 12.10 (4/114): alternatives-1.24-2.el9.x86_64.rpm     6.6 MB/s |  38 kB     00:00    
#11 12.14 (5/114): openssl-fips-provider-3.5.5-6.el9_8.x8  17 MB/s | 815 kB     00:00    
#11 12.14 (6/114): audit-libs-3.1.5-8.el9.x86_64.rpm      3.3 MB/s | 121 kB     00:00    
#11 12.14 (7/114): basesystem-11-13.el9.0.1.noarch.rpm    1.7 MB/s | 6.4 kB     00:00    
#11 12.18 (8/114): bash-5.1.8-9.el9.x86_64.rpm             44 MB/s | 1.7 MB     00:00    
#11 12.20 (9/114): binutils-gold-2.35.2-72.el9.x86_64.rpm  31 MB/s | 734 kB     00:00    
#11 12.21 (10/114): bzip2-libs-1.0.8-11.el9.x86_64.rpm    5.2 MB/s |  39 kB     00:00    
#11 12.22 (11/114): libxcrypt-compat-4.4.18-3.el9.x86_64. 724 kB/s |  88 kB     00:00    
#11 12.24 (12/114): binutils-2.35.2-72.el9.x86_64.rpm      46 MB/s | 4.5 MB     00:00    
#11 12.25 (13/114): cracklib-2.9.6-28.el9.x86_64.rpm       14 MB/s |  80 kB     00:00    
#11 12.25 (14/114): ca-certificates-2025.2.80_v9.0.305-91  22 MB/s | 948 kB     00:00    
#11 12.26 (15/114): coreutils-single-8.32-41.el9_8.x86_64  13 MB/s | 598 kB     00:00    
#11 12.26 (16/114): crypto-policies-20260224-1.gitea0f072 6.9 MB/s |  56 kB     00:00    
#11 12.27 (17/114): crypto-policies-scripts-20260224-1.gi  11 MB/s |  87 kB     00:00    
#11 12.27 (18/114): curl-minimal-7.76.1-40.el9_8.5.x86_64  14 MB/s | 127 kB     00:00    
#11 12.30 (19/114): dnf-4.14.0-34.el9_8.rocky.0.1.noarch.  19 MB/s | 467 kB     00:00    
#11 12.30 (20/114): cyrus-sasl-lib-2.1.27-22.el9_7.x86_64  22 MB/s | 762 kB     00:00    
#11 12.30 (21/114): dnf-data-4.14.0-34.el9_8.rocky.0.1.no 5.0 MB/s |  36 kB     00:00    
#11 12.31 (22/114): elfutils-debuginfod-client-0.194-1.el 9.7 MB/s |  43 kB     00:00    
#11 12.31 (23/114): elfutils-default-yama-scope-0.194-1.e 2.1 MB/s | 9.0 kB     00:00    
#11 12.33 (24/114): cracklib-dicts-2.9.6-28.el9.x86_64.rp  47 MB/s | 3.6 MB     00:00    
#11 12.33 (25/114): elfutils-libelf-0.194-1.el9.rocky.0.1 8.4 MB/s | 201 kB     00:00    
#11 12.33 (26/114): elfutils-libs-0.194-1.el9.rocky.0.1.x  10 MB/s | 268 kB     00:00    
#11 12.34 (27/114): expat-2.5.0-6.el9_8.3.x86_64.rpm       12 MB/s | 119 kB     00:00    
#11 12.35 (28/114): file-libs-5.39-17.el9.x86_64.rpm       28 MB/s | 587 kB     00:00    
#11 12.36 (29/114): findutils-4.8.0-7.el9.x86_64.rpm       24 MB/s | 536 kB     00:00    
#11 12.36 (30/114): gdbm-libs-1.23-1.el9.x86_64.rpm       5.7 MB/s |  55 kB     00:00    
#11 12.37 (31/114): filesystem-3.16-5.el9.x86_64.rpm       28 MB/s | 1.1 MB     00:00    
#11 12.41 (32/114): glibc-common-2.34-275.el9_8.x86_64.rp 8.1 MB/s | 299 kB     00:00    
#11 12.42 (33/114): glibc-2.34-275.el9_8.x86_64.rpm        34 MB/s | 2.0 MB     00:00    
#11 12.42 (34/114): glibc-minimal-langpack-2.34-275.el9_8 2.3 MB/s |  27 kB     00:00    
#11 12.44 (35/114): glib2-2.68.4-19.el9_8.10.x86_64.rpm    35 MB/s | 2.6 MB     00:00    
#11 12.45 (36/114): gzip-1.12-2.el9_8.x86_64.rpm           11 MB/s | 156 kB     00:00    
#11 12.46 (37/114): ima-evm-utils-1.6.2-2.el9.rocky.0.2.x 8.0 MB/s |  71 kB     00:00    
#11 12.48 (38/114): gnutls-3.8.10-8.el9_8.x86_64.rpm       23 MB/s | 1.4 MB     00:00    
#11 12.49 (39/114): krb5-libs-1.21.1-10.el9_8.x86_64.rpm   25 MB/s | 754 kB     00:00    
#11 12.50 (40/114): gnupg2-2.3.3-5.el9_7.x86_64.rpm        30 MB/s | 2.5 MB     00:00    
#11 12.50 (41/114): less-590-6.el9.x86_64.rpm             7.2 MB/s | 160 kB     00:00    
#11 12.51 (42/114): libacl-2.4.0-1.el9_8.x86_64.rpm       1.6 MB/s |  25 kB     00:00    
#11 12.51 (43/114): libarchive-3.5.3-11.el9_8.x86_64.rpm   42 MB/s | 387 kB     00:00    
#11 12.51 (44/114): libattr-2.6.0-1.el9_8.x86_64.rpm      2.2 MB/s |  17 kB     00:00    
#11 12.52 (45/114): libblkid-2.37.4-25.el9.x86_64.rpm      11 MB/s | 105 kB     00:00    
#11 12.52 (46/114): libcap-2.48-10.el9_7.1.x86_64.rpm      12 MB/s |  66 kB     00:00    
#11 12.52 (47/114): libcom_err-1.46.5-8.el9.x86_64.rpm    4.5 MB/s |  25 kB     00:00    
#11 12.52 (48/114): libcurl-minimal-7.76.1-40.el9_8.5.x86  28 MB/s | 225 kB     00:00    
#11 12.53 (49/114): libeconf-0.4.1-7.el9_8.x86_64.rpm     4.1 MB/s |  26 kB     00:00    
#11 12.54 (50/114): libdb-5.3.28-57.el9_6.x86_64.rpm       42 MB/s | 736 kB     00:00    
#11 12.54 (51/114): libevent-2.1.12-8.el9_4.x86_64.rpm     28 MB/s | 262 kB     00:00    
#11 12.54 (52/114): libfdisk-2.37.4-25.el9.x86_64.rpm      18 MB/s | 152 kB     00:00    
#11 12.55 (53/114): libdnf-0.69.0-18.el9.rocky.0.1.x86_64  22 MB/s | 654 kB     00:00    
#11 12.55 (54/114): libgcc-11.5.0-14.el9.x86_64.rpm       8.6 MB/s |  85 kB     00:00    
#11 12.56 (55/114): libksba-1.5.1-7.el9.x86_64.rpm         21 MB/s | 152 kB     00:00    
#11 12.56 (56/114): libgcrypt-1.10.0-13.el9_8.x86_64.rpm   30 MB/s | 505 kB     00:00    
#11 12.56 (57/114): libgomp-11.5.0-14.el9.x86_64.rpm       16 MB/s | 258 kB     00:00    
#11 12.57 (58/114): libmount-2.37.4-25.el9.x86_64.rpm      16 MB/s | 133 kB     00:00    
#11 12.57 (59/114): libnghttp2-1.43.0-6.el9_8.2.x86_64.rp  10 MB/s |  72 kB     00:00    
#11 12.57 (60/114): librepo-1.19.0-1.el9.x86_64.rpm        13 MB/s |  89 kB     00:00    
#11 12.57 (61/114): libselinux-3.6-3.el9.x86_64.rpm        13 MB/s |  85 kB     00:00    
#11 12.58 (62/114): libsemanage-3.6-5.el9_6.x86_64.rpm     16 MB/s | 117 kB     00:00    
#11 12.58 (63/114): libsmartcols-2.37.4-25.el9.x86_64.rpm  13 MB/s |  61 kB     00:00    
#11 12.59 (64/114): libsepol-3.6-3.el9.x86_64.rpm          18 MB/s | 329 kB     00:00    
#11 12.59 (65/114): libsolv-0.7.24-6.el9_8.x86_64.rpm      24 MB/s | 402 kB     00:00    
#11 12.60 (66/114): libtasn1-4.16.0-10.el9_8.x86_64.rpm    14 MB/s |  73 kB     00:00    
#11 12.60 (67/114): libusbx-1.0.30-1.el9_8.x86_64.rpm      14 MB/s |  77 kB     00:00    
#11 12.61 (68/114): libstdc++-11.5.0-14.el9.x86_64.rpm     28 MB/s | 739 kB     00:00    
#11 12.61 (69/114): libuuid-2.37.4-25.el9.x86_64.rpm      3.6 MB/s |  26 kB     00:00    
#11 12.61 (70/114): libuser-0.63-17.el9.x86_64.rpm         25 MB/s | 384 kB     00:00    
#11 12.62 (71/114): libzstd-1.5.5-1.el9.x86_64.rpm         27 MB/s | 294 kB     00:00    
#11 12.62 (72/114): ncurses-base-6.2-12.20210508.el9.noar  11 MB/s |  60 kB     00:00    
#11 12.63 (73/114): mpfr-4.1.0-10.el9.x86_64.rpm           22 MB/s | 324 kB     00:00    
#11 12.63 (74/114): libxml2-2.9.13-14.el9_8.4.x86_64.rpm   28 MB/s | 747 kB     00:00    
#11 12.64 (75/114): ncurses-libs-6.2-12.20210508.el9.x86_  23 MB/s | 322 kB     00:00    
#11 12.64 (76/114): openldap-2.6.8-4.el9.0.1.x86_64.rpm    22 MB/s | 256 kB     00:00    
#11 12.65 (77/114): nettle-3.10.1-1.el9.x86_64.rpm         25 MB/s | 562 kB     00:00    
#11 12.68 (78/114): openssl-3.5.5-6.el9_8.x86_64.rpm       35 MB/s | 1.4 MB     00:00    
#11 12.69 (79/114): p11-kit-0.26.4-1.el9_8.x86_64.rpm      16 MB/s | 591 kB     00:00    
#11 12.69 (80/114): p11-kit-trust-0.26.4-1.el9_8.x86_64.r  13 MB/s | 155 kB     00:00    
#11 12.70 (81/114): pcre-8.44-4.el9.x86_64.rpm             22 MB/s | 196 kB     00:00    
#11 12.71 (82/114): pam-1.5.1-28.el9_8.1.x86_64.rpm        28 MB/s | 543 kB     00:00    
#11 12.72 (83/114): openssl-libs-3.5.5-6.el9_8.x86_64.rpm  32 MB/s | 2.3 MB     00:00    
#11 12.72 (84/114): pcre2-syntax-10.40-6.el9.noarch.rpm    10 MB/s | 140 kB     00:00    
#11 12.72 (85/114): pcre2-10.40-6.el9.x86_64.rpm           10 MB/s | 233 kB     00:00    
#11 12.72 (86/114): python3-3.9.25-7.el9_8.3.x86_64.rpm   3.6 MB/s |  26 kB     00:00    
#11 12.73 (87/114): python3-hawkey-0.69.0-18.el9.rocky.0.  16 MB/s | 101 kB     00:00    
#11 12.74 (88/114): python3-dnf-4.14.0-34.el9_8.rocky.0.1  25 MB/s | 412 kB     00:00    
#11 12.75 (89/114): python3-libdnf-0.69.0-18.el9.rocky.0.  27 MB/s | 771 kB     00:00    
#11 12.76 (90/114): python3-rpm-4.16.1.3-40.el9.x86_64.rp 6.8 MB/s |  64 kB     00:00    
#11 12.78 (91/114): python3-setuptools-wheel-53.0.0-15.el  24 MB/s | 467 kB     00:00    
#11 12.79 (92/114): python3-pip-wheel-21.3.1-2.el9_8.rock  21 MB/s | 1.1 MB     00:00    
#11 12.79 (93/114): rocky-gpg-keys-9.8-1.2.el9.noarch.rpm 2.5 MB/s |  25 kB     00:00    
#11 12.80 (94/114): rocky-release-9.8-1.2.el9.noarch.rpm  3.1 MB/s |  22 kB     00:00    
#11 12.80 (95/114): rocky-repos-9.8-1.2.el9.noarch.rpm    1.7 MB/s |  12 kB     00:00    
#11 12.80 (96/114): rootfiles-8.1-35.el9.noarch.rpm       1.9 MB/s | 9.3 kB     00:00    
#11 12.81 (97/114): rpm-build-libs-4.16.1.3-40.el9.x86_64 9.0 MB/s |  88 kB     00:00    
#11 12.82 (98/114): rpm-4.16.1.3-40.el9.x86_64.rpm         27 MB/s | 484 kB     00:00    
#11 12.83 (99/114): rpm-sign-libs-4.16.1.3-40.el9.x86_64. 3.1 MB/s |  20 kB     00:00    
#11 12.83 (100/114): rpm-libs-4.16.1.3-40.el9.x86_64.rpm   21 MB/s | 307 kB     00:00    
#11 12.84 (101/114): sed-4.8-10.el9_8.x86_64.rpm           28 MB/s | 295 kB     00:00    
#11 12.84 (102/114): setup-2.13.7-10.el9.noarch.rpm        14 MB/s | 140 kB     00:00    
#11 12.86 (103/114): shadow-utils-4.9-16.el9.x86_64.rpm    45 MB/s | 1.1 MB     00:00    
#11 12.87 (104/114): sqlite-libs-3.34.1-11.el9_8.x86_64.r  22 MB/s | 643 kB     00:00    
#11 12.88 (105/114): systemd-libs-252-67.el9_8.4.rocky.0.  37 MB/s | 654 kB     00:00    
#11 12.91 (106/114): python3-libs-3.9.25-7.el9_8.3.x86_64  41 MB/s | 7.5 MB     00:00    
#11 12.92 (107/114): tpm2-tss-3.2.3-1.el9.x86_64.rpm       13 MB/s | 594 kB     00:00    
#11 12.93 (108/114): tar-1.34-13.el9_8.x86_64.rpm          14 MB/s | 879 kB     00:00    
#11 12.93 (109/114): usermode-1.114-7.el9.x86_64.rpm       17 MB/s | 173 kB     00:00    
#11 12.94 (110/114): tzdata-2026c-1.el9_8.noarch.rpm       19 MB/s | 497 kB     00:00    
#11 12.95 (111/114): util-linux-core-2.37.4-25.el9.x86_64  30 MB/s | 431 kB     00:00    
#11 12.96 (112/114): yum-4.14.0-34.el9_8.rocky.0.1.noarch  13 MB/s |  90 kB     00:00    
#11 12.96 (113/114): vim-minimal-8.2.2637-26.el9_8.13.x86  31 MB/s | 673 kB     00:00    
#11 13.00 (114/114): util-linux-2.37.4-25.el9.x86_64.rpm   33 MB/s | 2.2 MB     00:00    
#11 13.00 --------------------------------------------------------------------------------
#11 13.00 Total                                            32 MB/s |  61 MB     00:01     
#11 13.02 Rocky Linux 9 - BaseOS                          1.7 MB/s | 1.7 kB     00:00    
#11 13.09 Importing GPG key 0x350D275D:
#11 13.09  Userid     : "Rocky Enterprise Software Foundation - Release key 2022 <releng@rockylinux.org>"
#11 13.09  Fingerprint: 21CB 256A E16F C54C 6E65 2949 702D 426D 350D 275D
#11 13.09  From       : /etc/pki/rpm-gpg/RPM-GPG-KEY-Rocky-9
#11 13.12 Key imported successfully
#11 14.68 Running transaction check
#11 14.83 Transaction check succeeded.
#11 14.83 Running transaction test
#11 15.74 Transaction test succeeded.
#11 15.75 Running transaction
#11 16.55   Running scriptlet: filesystem-3.16-5.el9.x86_64                           1/1 
#11 16.90   Preparing        :                                                        1/1 
#11 17.13   Upgrading        : tzdata-2026c-1.el9_8.noarch                          1/223 
#11 17.14   Upgrading        : rocky-gpg-keys-9.8-1.2.el9.noarch                    2/223 
#11 17.15   Upgrading        : rocky-release-9.8-1.2.el9.noarch                     3/223 
#11 17.16   Upgrading        : rocky-repos-9.8-1.2.el9.noarch                       4/223 
#11 17.19   Upgrading        : setup-2.13.7-10.el9.noarch                           5/223 
#11 17.19 warning: /etc/shadow created as /etc/shadow.rpmnew
#11 17.19 
#11 17.19   Running scriptlet: setup-2.13.7-10.el9.noarch                           5/223 
#11 17.32   Upgrading        : filesystem-3.16-5.el9.x86_64                         6/223 
#11 17.37   Upgrading        : basesystem-11-13.el9.0.1.noarch                      7/223 
#11 17.37   Upgrading        : python3-setuptools-wheel-53.0.0-15.el9.noarch        8/223 
#11 17.38   Upgrading        : pcre2-syntax-10.40-6.el9.noarch                      9/223 
#11 17.41   Upgrading        : ncurses-base-6.2-12.20210508.el9.noarch             10/223 
#11 17.43   Upgrading        : ncurses-libs-6.2-12.20210508.el9.x86_64             11/223 
#11 17.47   Upgrading        : bash-5.1.8-9.el9.x86_64                             12/223 
#11 17.47   Running scriptlet: bash-5.1.8-9.el9.x86_64                             12/223 
#11 17.47   Upgrading        : libgcc-11.5.0-14.el9.x86_64                         13/223 
#11 17.48   Running scriptlet: libgcc-11.5.0-14.el9.x86_64                         13/223 
#11 17.49   Upgrading        : glibc-minimal-langpack-2.34-275.el9_8.x86_64        14/223 
#11 17.51   Upgrading        : glibc-common-2.34-275.el9_8.x86_64                  15/223 
#11 17.52   Running scriptlet: glibc-2.34-275.el9_8.x86_64                         16/223 
#11 17.58   Upgrading        : glibc-2.34-275.el9_8.x86_64                         16/223 
#11 17.58   Running scriptlet: glibc-2.34-275.el9_8.x86_64                         16/223 
#11 17.60   Upgrading        : bzip2-libs-1.0.8-11.el9.x86_64                      17/223 
#11 17.60   Upgrading        : libacl-2.4.0-1.el9_8.x86_64                         18/223 
#11 17.61   Upgrading        : audit-libs-3.1.5-8.el9.x86_64                       19/223 
#11 17.62   Upgrading        : libzstd-1.5.5-1.el9.x86_64                          20/223 
#11 17.62   Upgrading        : libuuid-2.37.4-25.el9.x86_64                        21/223 
#11 17.63   Upgrading        : sqlite-libs-3.34.1-11.el9_8.x86_64                  22/223 
#11 17.64   Upgrading        : libcap-2.48-10.el9_7.1.x86_64                       23/223 
#11 17.67   Upgrading        : libstdc++-11.5.0-14.el9.x86_64                      24/223 
#11 17.67   Upgrading        : libsmartcols-2.37.4-25.el9.x86_64                   25/223 
#11 17.70   Upgrading        : crypto-policies-20260224-1.gitea0f072.el9.noarch    26/223 
#11 17.70   Running scriptlet: crypto-policies-20260224-1.gitea0f072.el9.noarch    26/223 
#11 17.71   Upgrading        : elfutils-libelf-0.194-1.el9.rocky.0.1.x86_64        27/223 
#11 17.71   Upgrading        : libattr-2.6.0-1.el9_8.x86_64                        28/223 
#11 17.71   Upgrading        : libcom_err-1.46.5-8.el9.x86_64                      29/223 
#11 17.72   Upgrading        : libtasn1-4.16.0-10.el9_8.x86_64                     30/223 
#11 17.74   Upgrading        : p11-kit-0.26.4-1.el9_8.x86_64                       31/223 
#11 17.76   Upgrading        : libxml2-2.9.13-14.el9_8.4.x86_64                    32/223 
#11 17.77   Upgrading        : alternatives-1.24-2.el9.x86_64                      33/223 
#11 17.77   Upgrading        : p11-kit-trust-0.26.4-1.el9_8.x86_64                 34/223 
#11 17.78   Running scriptlet: p11-kit-trust-0.26.4-1.el9_8.x86_64                 34/223 
#11 17.79   Upgrading        : gdbm-libs-1:1.23-1.el9.x86_64                       35/223 
#11 17.80   Upgrading        : libgcrypt-1.10.0-13.el9_8.x86_64                    36/223 
#11 17.81   Upgrading        : libsepol-3.6-3.el9.x86_64                           37/223 
#11 17.81   Installing       : attr-2.6.0-1.el9_8.x86_64                           38/223 
#11 17.82   Installing       : keyutils-1.6.3-1.el9.x86_64                         39/223 
#11 17.82   Installing       : libtool-ltdl-2.4.6-46.el9.x86_64                    40/223 
#11 17.83   Installing       : libxcrypt-compat-4.4.18-3.el9.x86_64                41/223 
#11 17.83   Upgrading        : expat-2.5.0-6.el9_8.3.x86_64                        42/223 
#11 17.87   Upgrading        : file-libs-5.39-17.el9.x86_64                        43/223 
#11 17.89   Upgrading        : libdb-5.3.28-57.el9_6.x86_64                        44/223 
#11 17.89   Upgrading        : libeconf-0.4.1-7.el9_8.x86_64                       45/223 
#11 17.90   Upgrading        : libgomp-11.5.0-14.el9.x86_64                        46/223 
#11 17.90   Upgrading        : libksba-1.5.1-7.el9.x86_64                          47/223 
#11 17.91   Upgrading        : libnghttp2-1.43.0-6.el9_8.2.x86_64                  48/223 
#11 17.92   Upgrading        : nettle-3.10.1-1.el9.x86_64                          49/223 
#11 17.94   Upgrading        : gnutls-3.8.10-8.el9_8.x86_64                        50/223 
#11 17.95   Upgrading        : pcre-8.44-4.el9.x86_64                              51/223 
#11 17.96   Upgrading        : pcre2-10.40-6.el9.x86_64                            52/223 
#11 17.97   Upgrading        : libselinux-3.6-3.el9.x86_64                         53/223 
#11 17.99   Upgrading        : coreutils-single-8.32-41.el9_8.x86_64               54/223 
#11 18.00   Upgrading        : libblkid-2.37.4-25.el9.x86_64                       55/223 
#11 18.00   Running scriptlet: libblkid-2.37.4-25.el9.x86_64                       55/223 
#11 18.01   Upgrading        : libmount-2.37.4-25.el9.x86_64                       56/223 
#11 18.07   Upgrading        : glib2-2.68.4-19.el9_8.10.x86_64                     57/223 
#11 18.08   Upgrading        : sed-4.8-10.el9_8.x86_64                             58/223 
#11 18.08   Upgrading        : libfdisk-2.37.4-25.el9.x86_64                       59/223 
#11 18.09   Upgrading        : gzip-1.12-2.el9_8.x86_64                            60/223 
#11 18.10   Upgrading        : cracklib-2.9.6-28.el9.x86_64                        61/223 
#11 18.12   Upgrading        : findutils-1:4.8.0-7.el9.x86_64                      62/223 
#11 18.12   Running scriptlet: ca-certificates-2025.2.80_v9.0.305-91.el9.noarch    63/223 
#11 18.18   Upgrading        : ca-certificates-2025.2.80_v9.0.305-91.el9.noarch    63/223 
#11 18.19   Running scriptlet: ca-certificates-2025.2.80_v9.0.305-91.el9.noarch    63/223 
#11 19.30   Upgrading        : openssl-libs-1:3.5.5-6.el9_8.x86_64                 64/223 
#11 19.31   Installing       : openssl-fips-provider-1:3.5.5-6.el9_8.x86_64        65/223 
#11 19.33   Upgrading        : systemd-libs-252-67.el9_8.4.rocky.0.1.x86_64        66/223 
#11 19.33   Running scriptlet: systemd-libs-252-67.el9_8.4.rocky.0.1.x86_64        66/223 
#11 19.37   Upgrading        : krb5-libs-1.21.1-10.el9_8.x86_64                    67/223 
#11 19.38   Upgrading        : libcurl-minimal-7.76.1-40.el9_8.5.x86_64            68/223 
#11 19.39   Upgrading        : curl-minimal-7.76.1-40.el9_8.5.x86_64               69/223 
#11 19.39   Upgrading        : librepo-1.19.0-1.el9.x86_64                         70/223 
#11 19.41   Upgrading        : cyrus-sasl-lib-2.1.27-22.el9_7.x86_64               71/223 
#11 19.45   Upgrading        : util-linux-core-2.37.4-25.el9.x86_64                72/223 
#11 19.45   Running scriptlet: util-linux-core-2.37.4-25.el9.x86_64                72/223 
#11 19.46   Upgrading        : libarchive-3.5.3-11.el9_8.x86_64                    73/223 
#11 19.53   Upgrading        : rpm-4.16.1.3-40.el9.x86_64                          74/223 
#11 19.54   Upgrading        : rpm-libs-4.16.1.3-40.el9.x86_64                     75/223 
#11 19.55   Upgrading        : libsolv-0.7.24-6.el9_8.x86_64                       76/223 
#11 19.57   Upgrading        : libdnf-0.69.0-18.el9.rocky.0.1.x86_64               77/223 
#11 19.58   Upgrading        : libevent-2.1.12-8.el9_4.x86_64                      78/223 
#11 19.63   Upgrading        : openssl-1:3.5.5-6.el9_8.x86_64                      79/223 
#11 19.70   Upgrading        : pam-1.5.1-28.el9_8.1.x86_64                         80/223 
#11 19.71   Upgrading        : python3-pip-wheel-21.3.1-2.el9_8.rocky.0.1.noarc    81/223 
#11 19.72   Upgrading        : python3-3.9.25-7.el9_8.3.x86_64                     82/223 
#11 20.17   Upgrading        : python3-libs-3.9.25-7.el9_8.3.x86_64                83/223 
#11 20.21   Upgrading        : python3-libdnf-0.69.0-18.el9.rocky.0.1.x86_64       84/223 
#11 20.22   Upgrading        : python3-hawkey-0.69.0-18.el9.rocky.0.1.x86_64       85/223 
#11 20.23   Upgrading        : libsemanage-3.6-5.el9_6.x86_64                      86/223 
#11 20.26   Upgrading        : shadow-utils-2:4.9-16.el9.x86_64                    87/223 
#11 20.27   Upgrading        : openldap-2.6.8-4.el9.0.1.x86_64                     88/223 
#11 20.33   Upgrading        : gnupg2-2.3.3-5.el9_7.x86_64                         89/223 
#11 20.35   Upgrading        : libuser-0.63-17.el9.x86_64                          90/223 
#11 20.35   Running scriptlet: tpm2-tss-3.2.3-1.el9.x86_64                         91/223 
#11 20.38   Upgrading        : tpm2-tss-3.2.3-1.el9.x86_64                         91/223 
#11 20.39   Upgrading        : ima-evm-utils-1.6.2-2.el9.rocky.0.2.x86_64          92/223 
#11 20.39   Upgrading        : rpm-sign-libs-4.16.1.3-40.el9.x86_64                93/223 
#11 20.47   Upgrading        : util-linux-2.37.4-25.el9.x86_64                     94/223 
#11 20.48   Upgrading        : elfutils-default-yama-scope-0.194-1.el9.rocky.0.    95/223 
#11 20.48   Running scriptlet: elfutils-default-yama-scope-0.194-1.el9.rocky.0.    95/223 
#11 20.50   Upgrading        : elfutils-libs-0.194-1.el9.rocky.0.1.x86_64          96/223 
#11 20.50   Upgrading        : elfutils-debuginfod-client-0.194-1.el9.rocky.0.1    97/223 
#11 20.52   Upgrading        : binutils-gold-2.35.2-72.el9.x86_64                  98/223 
#11 20.60   Upgrading        : binutils-2.35.2-72.el9.x86_64                       99/223 
#11 20.61   Running scriptlet: binutils-2.35.2-72.el9.x86_64                       99/223 
#11 20.62   Upgrading        : rpm-build-libs-4.16.1.3-40.el9.x86_64              100/223 
#11 20.63   Upgrading        : python3-rpm-4.16.1.3-40.el9.x86_64                 101/223 
#11 20.64   Upgrading        : dnf-data-4.14.0-34.el9_8.rocky.0.1.noarch          102/223 
#11 20.68   Upgrading        : python3-dnf-4.14.0-34.el9_8.rocky.0.1.noarch       103/223 
#11 20.69   Upgrading        : dnf-4.14.0-34.el9_8.rocky.0.1.noarch               104/223 
#11 20.69   Running scriptlet: dnf-4.14.0-34.el9_8.rocky.0.1.noarch               104/223 
#11 20.70   Upgrading        : yum-4.14.0-34.el9_8.rocky.0.1.noarch               105/223 
#11 20.71   Upgrading        : usermode-1.114-7.el9.x86_64                        106/223 
#11 20.73   Upgrading        : crypto-policies-scripts-20260224-1.gitea0f072.el   107/223 
#11 20.74   Upgrading        : libusbx-1.0.30-1.el9_8.x86_64                      108/223 
#11 20.80   Upgrading        : cracklib-dicts-2.9.6-28.el9.x86_64                 109/223 
#11 20.81   Upgrading        : tar-2:1.34-13.el9_8.x86_64                         110/223 
#11 20.83   Upgrading        : vim-minimal-2:8.2.2637-26.el9_8.13.x86_64          111/223 
#11 20.83   Upgrading        : less-590-6.el9.x86_64                              112/223 
#11 20.84   Upgrading        : mpfr-4.1.0-10.el9.x86_64                           113/223 
#11 20.85   Upgrading        : rootfiles-8.1-35.el9.noarch                        114/223 
#11 20.85   Running scriptlet: binutils-2.35.2-42.el9.x86_64                      115/223 
#11 20.87   Cleanup          : binutils-2.35.2-42.el9.x86_64                      115/223 
#11 20.87   Running scriptlet: binutils-2.35.2-42.el9.x86_64                      115/223 
#11 20.88   Cleanup          : crypto-policies-scripts-20230731-1.git94f0e2c.el   116/223 
#11 20.89   Cleanup          : yum-4.14.0-8.el9.noarch                            117/223 
#11 20.89   Running scriptlet: dnf-4.14.0-8.el9.noarch                            118/223 
#11 20.90   Cleanup          : dnf-4.14.0-8.el9.noarch                            118/223 
#11 20.90   Running scriptlet: dnf-4.14.0-8.el9.noarch                            118/223 
#11 20.91   Cleanup          : python3-dnf-4.14.0-8.el9.noarch                    119/223 
#11 20.92   Cleanup          : cracklib-dicts-2.9.6-27.el9.x86_64                 120/223 
#11 20.92   Cleanup          : binutils-gold-2.35.2-42.el9.x86_64                 121/223 
#11 20.93   Cleanup          : python3-hawkey-0.69.0-6.el9_3.x86_64               122/223 
#11 20.93   Cleanup          : python3-libdnf-0.69.0-6.el9_3.x86_64               123/223 
#11 20.94   Cleanup          : libdnf-0.69.0-6.el9_3.x86_64                       124/223 
#11 20.94   Cleanup          : libstdc++-11.4.1-2.1.el9.x86_64                    125/223 
#11 20.95   Cleanup          : elfutils-debuginfod-client-0.189-3.el9.x86_64      126/223 
#11 20.95   Cleanup          : librepo-1.14.5-1.el9.x86_64                        127/223 
#11 20.96   Cleanup          : libsolv-0.7.24-2.el9.x86_64                        128/223 
#11 20.97   Cleanup          : usermode-1.114-4.el9.x86_64                        129/223 
#11 20.99   Cleanup          : util-linux-2.37.4-15.el9.x86_64                    130/223 
#11 21.00   Cleanup          : util-linux-core-2.37.4-15.el9.x86_64               131/223 
#11 21.00   Cleanup          : libuser-0.63-13.el9.x86_64                         132/223 
#11 21.01   Cleanup          : glib2-2.68.4-11.el9.x86_64                         133/223 
#11 21.03   Cleanup          : pam-1.5.1-15.el9.x86_64                            134/223 
#11 21.04   Cleanup          : libmount-2.37.4-15.el9.x86_64                      135/223 
#11 21.04   Cleanup          : libfdisk-2.37.4-15.el9.x86_64                      136/223 
#11 21.05   Cleanup          : openssl-1:3.0.7-24.el9.x86_64                      137/223 
#11 21.06   Cleanup          : tar-2:1.34-6.el9_1.x86_64                          138/223 
#11 21.06   Cleanup          : vim-minimal-2:8.2.2637-20.el9_1.x86_64             139/223 
#11 21.06   Cleanup          : libusbx-1.0.26-1.el9.x86_64                        140/223 
#11 21.07   Cleanup          : systemd-libs-252-18.el9.x86_64                     141/223 
#11 21.07   Cleanup          : libblkid-2.37.4-15.el9.x86_64                      142/223 
#11 21.08   Cleanup          : libdb-5.3.28-53.el9.x86_64                         143/223 
#11 21.08   Cleanup          : python3-rpm-4.16.1.3-25.el9.x86_64                 144/223 
#11 21.08   Cleanup          : rpm-build-libs-4.16.1.3-25.el9.x86_64              145/223 
#11 21.09   Cleanup          : elfutils-libs-0.189-3.el9.x86_64                   146/223 
#11 21.09   Cleanup          : rpm-sign-libs-4.16.1.3-25.el9.x86_64               147/223 
#11 21.10   Cleanup          : gnupg2-2.3.3-4.el9.x86_64                          148/223 
#11 21.11   Cleanup          : rpm-4.16.1.3-25.el9.x86_64                         149/223 
#11 21.12   Cleanup          : rpm-libs-4.16.1.3-25.el9.x86_64                    150/223 
#11 21.12   Cleanup          : gnutls-3.7.6-23.el9.x86_64                         151/223 
#11 21.13   Cleanup          : libarchive-3.5.3-4.el9.x86_64                      152/223 
#11 21.13   Cleanup          : openldap-2.6.3-1.el9.x86_64                        153/223 
#11 21.13   Cleanup          : libevent-2.1.12-6.el9.x86_64                       154/223 
#11 21.14   Cleanup          : cyrus-sasl-lib-2.1.27-21.el9.x86_64                155/223 
#11 21.14   Cleanup          : libxml2-2.9.13-4.el9.x86_64                        156/223 
#11 21.15   Cleanup          : ima-evm-utils-1.4-4.el9.x86_64                     157/223 
#11 21.15   Cleanup          : tpm2-tss-3.2.2-2.el9.x86_64                        158/223 
#11 21.17   Cleanup          : shadow-utils-2:4.9-8.el9.x86_64                    159/223 
#11 21.17   Cleanup          : libsemanage-3.5-2.el9.x86_64                       160/223 
#11 21.18   Cleanup          : file-libs-5.39-14.el9.x86_64                       161/223 
#11 21.18   Cleanup          : curl-minimal-7.76.1-26.el9_3.2.0.1.x86_64          162/223 
#11 21.18   Cleanup          : libcurl-minimal-7.76.1-26.el9_3.2.0.1.x86_64       163/223 
#11 21.19   Cleanup          : krb5-libs-1.21.1-1.el9.x86_64                      164/223 
#11 21.19   Cleanup          : less-590-2.el9_2.x86_64                            165/223 
#11 21.20   Cleanup          : findutils-1:4.8.0-6.el9.x86_64                     166/223 
#11 21.20   Cleanup          : audit-libs-3.0.7-104.el9.x86_64                    167/223 
#11 21.21   Cleanup          : libgomp-11.4.1-2.1.el9.x86_64                      168/223 
#11 21.21   Cleanup          : libgcrypt-1.10.0-10.el9_2.x86_64                   169/223 
#11 21.22   Cleanup          : elfutils-libelf-0.189-3.el9.x86_64                 170/223 
#11 21.22   Cleanup          : cracklib-2.9.6-27.el9.x86_64                       171/223 
#11 21.23   Cleanup          : gzip-1.12-1.el9.x86_64                             172/223 
#11 21.23   Cleanup          : mpfr-4.1.0-7.el9.x86_64                            173/223 
#11 21.23   Cleanup          : elfutils-default-yama-scope-0.189-3.el9.noarch     174/223 
#11 21.24   Cleanup          : dnf-data-4.14.0-8.el9.noarch                       175/223 
#11 21.24   Cleanup          : rootfiles-8.1-31.el9.noarch                        176/223 
#11 21.24   Cleanup          : libzstd-1.5.1-2.el9.x86_64                         177/223 
#11 21.25   Cleanup          : libcom_err-1.46.5-3.el9.x86_64                     178/223 
#11 21.25   Cleanup          : nettle-3.8-3.el9_0.x86_64                          179/223 
#11 21.26   Cleanup          : libeconf-0.4.1-3.el9_2.x86_64                      180/223 
#11 21.26   Cleanup          : libnghttp2-1.43.0-5.el9_3.1.x86_64                 181/223 
#11 21.26   Cleanup          : libksba-1.5.1-6.el9_1.x86_64                       182/223 
#11 21.27   Cleanup          : pcre-8.44-3.el9.3.x86_64                           183/223 
#11 21.27   Cleanup          : libsmartcols-2.37.4-15.el9.x86_64                  184/223 
#11 21.32   Cleanup          : python3-libs-3.9.18-1.el9_3.x86_64                 185/223 
#11 21.33   Cleanup          : python3-3.9.18-1.el9_3.x86_64                      186/223 
#11 21.34   Cleanup          : python3-pip-wheel-21.2.3-7.el9.noarch              187/223 
#11 21.34   Cleanup          : python3-setuptools-wheel-53.0.0-12.el9.noarch      188/223 
#11 21.35   Cleanup          : openssl-libs-1:3.0.7-24.el9.x86_64                 189/223 
#11 21.35   Cleanup          : ca-certificates-2023.2.60_v7.0.306-90.1.el9_2.no   190/223 
#11 21.36   Cleanup          : coreutils-single-8.32-34.el9.x86_64                191/223 
#11 21.37   Cleanup          : p11-kit-trust-0.24.1-2.el9.x86_64                  192/223 
#11 21.37   Running scriptlet: p11-kit-trust-0.24.1-2.el9.x86_64                  192/223 
#11 21.38   Cleanup          : p11-kit-0.24.1-2.el9.x86_64                        193/223 
#11 21.39   Cleanup          : libcap-2.48-9.el9_2.x86_64                         194/223 
#11 21.40   Cleanup          : sed-4.8-9.el9.x86_64                               195/223 
#11 21.40   Cleanup          : libselinux-3.5-1.el9.x86_64                        196/223 
#11 21.41   Cleanup          : libuuid-2.37.4-15.el9.x86_64                       197/223 
#11 21.41   Cleanup          : sqlite-libs-3.34.1-6.el9_1.x86_64                  198/223 
#11 21.42   Cleanup          : libsepol-3.5-1.el9.x86_64                          199/223 
#11 21.42   Cleanup          : alternatives-1.24-1.el9.x86_64                     200/223 
#11 21.42   Cleanup          : expat-2.5.0-1.el9.x86_64                           201/223 
#11 21.43   Cleanup          : gdbm-libs-1:1.19-4.el9.x86_64                      202/223 
#11 21.43   Cleanup          : pcre2-10.40-2.el9.x86_64                           203/223 
#11 21.44   Cleanup          : libacl-2.3.1-3.el9.x86_64                          204/223 
#11 21.44   Cleanup          : libtasn1-4.16.0-8.el9_1.x86_64                     205/223 
#11 21.45   Cleanup          : bzip2-libs-1.0.8-8.el9.x86_64                      206/223 
#11 21.45   Cleanup          : pcre2-syntax-10.40-2.el9.noarch                    207/223 
#11 21.46   Cleanup          : crypto-policies-20230731-1.git94f0e2c.el9_3.1.no   208/223 
#11 21.46   Cleanup          : libattr-2.5.1-3.el9.x86_64                         209/223 
#11 21.47   Cleanup          : ncurses-libs-6.2-10.20210508.el9.x86_64            210/223 
#11 21.47   Cleanup          : bash-5.1.8-6.el9_1.x86_64                          211/223 
#11 21.47   Running scriptlet: bash-5.1.8-6.el9_1.x86_64                          211/223 
#11 21.48   Cleanup          : glibc-2.34-83.el9.7.x86_64                         212/223 
#11 21.49   Cleanup          : glibc-minimal-langpack-2.34-83.el9.7.x86_64        213/223 
#11 21.50   Cleanup          : glibc-common-2.34-83.el9.7.x86_64                  214/223 
#11 21.50   Cleanup          : basesystem-11-13.el9.noarch                        215/223 
#11 21.78   Cleanup          : filesystem-3.16-2.el9.x86_64                       216/223 
#11 21.80   Cleanup          : setup-2.13.7-9.el9.noarch                          217/223 
#11 21.81   Cleanup          : rocky-release-9.3-1.1.el9.noarch                   218/223 
#11 21.81   Cleanup          : rocky-repos-9.3-1.1.el9.noarch                     219/223 
#11 21.82   Cleanup          : rocky-gpg-keys-9.3-1.1.el9.noarch                  220/223 
#11 21.85   Cleanup          : tzdata-2023c-1.el9.noarch                          221/223 
#11 21.86   Cleanup          : ncurses-base-6.2-10.20210508.el9.noarch            222/223 
#11 21.86   Cleanup          : libgcc-11.4.1-2.1.el9.x86_64                       223/223 
#11 21.86   Running scriptlet: libgcc-11.4.1-2.1.el9.x86_64                       223/223 
#11 21.89   Running scriptlet: filesystem-3.16-5.el9.x86_64                       223/223 
#11 21.90   Running scriptlet: ca-certificates-2025.2.80_v9.0.305-91.el9.noarch   223/223 
#11 22.98   Running scriptlet: rpm-4.16.1.3-40.el9.x86_64                         223/223 
#11 22.98   Running scriptlet: crypto-policies-scripts-20260224-1.gitea0f072.el   223/223 
#11 23.10   Running scriptlet: rootfiles-8.1-35.el9.noarch                        223/223 
#11 23.11   Running scriptlet: libgcc-11.4.1-2.1.el9.x86_64                       223/223 
#11 23.36   Verifying        : attr-2.6.0-1.el9_8.x86_64                            1/223 
#11 23.36   Verifying        : keyutils-1.6.3-1.el9.x86_64                          2/223 
#11 23.36   Verifying        : libtool-ltdl-2.4.6-46.el9.x86_64                     3/223 
#11 23.36   Verifying        : openssl-fips-provider-1:3.5.5-6.el9_8.x86_64         4/223 
#11 23.36   Verifying        : libxcrypt-compat-4.4.18-3.el9.x86_64                 5/223 
#11 23.36   Verifying        : alternatives-1.24-2.el9.x86_64                       6/223 
#11 23.36   Verifying        : alternatives-1.24-1.el9.x86_64                       7/223 
#11 23.36   Verifying        : audit-libs-3.1.5-8.el9.x86_64                        8/223 
#11 23.36   Verifying        : audit-libs-3.0.7-104.el9.x86_64                      9/223 
#11 23.36   Verifying        : basesystem-11-13.el9.0.1.noarch                     10/223 
#11 23.36   Verifying        : basesystem-11-13.el9.noarch                         11/223 
#11 23.36   Verifying        : bash-5.1.8-9.el9.x86_64                             12/223 
#11 23.36   Verifying        : bash-5.1.8-6.el9_1.x86_64                           13/223 
#11 23.36   Verifying        : binutils-2.35.2-72.el9.x86_64                       14/223 
#11 23.36   Verifying        : binutils-2.35.2-42.el9.x86_64                       15/223 
#11 23.36   Verifying        : binutils-gold-2.35.2-72.el9.x86_64                  16/223 
#11 23.36   Verifying        : binutils-gold-2.35.2-42.el9.x86_64                  17/223 
#11 23.36   Verifying        : bzip2-libs-1.0.8-11.el9.x86_64                      18/223 
#11 23.36   Verifying        : bzip2-libs-1.0.8-8.el9.x86_64                       19/223 
#11 23.36   Verifying        : ca-certificates-2025.2.80_v9.0.305-91.el9.noarch    20/223 
#11 23.36   Verifying        : ca-certificates-2023.2.60_v7.0.306-90.1.el9_2.no    21/223 
#11 23.36   Verifying        : coreutils-single-8.32-41.el9_8.x86_64               22/223 
#11 23.36   Verifying        : coreutils-single-8.32-34.el9.x86_64                 23/223 
#11 23.36   Verifying        : cracklib-2.9.6-28.el9.x86_64                        24/223 
#11 23.36   Verifying        : cracklib-2.9.6-27.el9.x86_64                        25/223 
#11 23.36   Verifying        : cracklib-dicts-2.9.6-28.el9.x86_64                  26/223 
#11 23.36   Verifying        : cracklib-dicts-2.9.6-27.el9.x86_64                  27/223 
#11 23.36   Verifying        : crypto-policies-20260224-1.gitea0f072.el9.noarch    28/223 
#11 23.36   Verifying        : crypto-policies-20230731-1.git94f0e2c.el9_3.1.no    29/223 
#11 23.36   Verifying        : crypto-policies-scripts-20260224-1.gitea0f072.el    30/223 
#11 23.36   Verifying        : crypto-policies-scripts-20230731-1.git94f0e2c.el    31/223 
#11 23.36   Verifying        : curl-minimal-7.76.1-40.el9_8.5.x86_64               32/223 
#11 23.36   Verifying        : curl-minimal-7.76.1-26.el9_3.2.0.1.x86_64           33/223 
#11 23.36   Verifying        : cyrus-sasl-lib-2.1.27-22.el9_7.x86_64               34/223 
#11 23.36   Verifying        : cyrus-sasl-lib-2.1.27-21.el9.x86_64                 35/223 
#11 23.36   Verifying        : dnf-4.14.0-34.el9_8.rocky.0.1.noarch                36/223 
#11 23.36   Verifying        : dnf-4.14.0-8.el9.noarch                             37/223 
#11 23.36   Verifying        : dnf-data-4.14.0-34.el9_8.rocky.0.1.noarch           38/223 
#11 23.36   Verifying        : dnf-data-4.14.0-8.el9.noarch                        39/223 
#11 23.36   Verifying        : elfutils-debuginfod-client-0.194-1.el9.rocky.0.1    40/223 
#11 23.36   Verifying        : elfutils-debuginfod-client-0.189-3.el9.x86_64       41/223 
#11 23.36   Verifying        : elfutils-default-yama-scope-0.194-1.el9.rocky.0.    42/223 
#11 23.36   Verifying        : elfutils-default-yama-scope-0.189-3.el9.noarch      43/223 
#11 23.36   Verifying        : elfutils-libelf-0.194-1.el9.rocky.0.1.x86_64        44/223 
#11 23.36   Verifying        : elfutils-libelf-0.189-3.el9.x86_64                  45/223 
#11 23.36   Verifying        : elfutils-libs-0.194-1.el9.rocky.0.1.x86_64          46/223 
#11 23.36   Verifying        : elfutils-libs-0.189-3.el9.x86_64                    47/223 
#11 23.36   Verifying        : expat-2.5.0-6.el9_8.3.x86_64                        48/223 
#11 23.36   Verifying        : expat-2.5.0-1.el9.x86_64                            49/223 
#11 23.36   Verifying        : file-libs-5.39-17.el9.x86_64                        50/223 
#11 23.36   Verifying        : file-libs-5.39-14.el9.x86_64                        51/223 
#11 23.36   Verifying        : filesystem-3.16-5.el9.x86_64                        52/223 
#11 23.36   Verifying        : filesystem-3.16-2.el9.x86_64                        53/223 
#11 23.36   Verifying        : findutils-1:4.8.0-7.el9.x86_64                      54/223 
#11 23.36   Verifying        : findutils-1:4.8.0-6.el9.x86_64                      55/223 
#11 23.36   Verifying        : gdbm-libs-1:1.23-1.el9.x86_64                       56/223 
#11 23.36   Verifying        : gdbm-libs-1:1.19-4.el9.x86_64                       57/223 
#11 23.36   Verifying        : glib2-2.68.4-19.el9_8.10.x86_64                     58/223 
#11 23.36   Verifying        : glib2-2.68.4-11.el9.x86_64                          59/223 
#11 23.36   Verifying        : glibc-2.34-275.el9_8.x86_64                         60/223 
#11 23.36   Verifying        : glibc-2.34-83.el9.7.x86_64                          61/223 
#11 23.36   Verifying        : glibc-common-2.34-275.el9_8.x86_64                  62/223 
#11 23.36   Verifying        : glibc-common-2.34-83.el9.7.x86_64                   63/223 
#11 23.36   Verifying        : glibc-minimal-langpack-2.34-275.el9_8.x86_64        64/223 
#11 23.36   Verifying        : glibc-minimal-langpack-2.34-83.el9.7.x86_64         65/223 
#11 23.36   Verifying        : gnupg2-2.3.3-5.el9_7.x86_64                         66/223 
#11 23.36   Verifying        : gnupg2-2.3.3-4.el9.x86_64                           67/223 
#11 23.36   Verifying        : gnutls-3.8.10-8.el9_8.x86_64                        68/223 
#11 23.36   Verifying        : gnutls-3.7.6-23.el9.x86_64                          69/223 
#11 23.36   Verifying        : gzip-1.12-2.el9_8.x86_64                            70/223 
#11 23.36   Verifying        : gzip-1.12-1.el9.x86_64                              71/223 
#11 23.36   Verifying        : ima-evm-utils-1.6.2-2.el9.rocky.0.2.x86_64          72/223 
#11 23.36   Verifying        : ima-evm-utils-1.4-4.el9.x86_64                      73/223 
#11 23.36   Verifying        : krb5-libs-1.21.1-10.el9_8.x86_64                    74/223 
#11 23.37   Verifying        : krb5-libs-1.21.1-1.el9.x86_64                       75/223 
#11 23.37   Verifying        : less-590-6.el9.x86_64                               76/223 
#11 23.37   Verifying        : less-590-2.el9_2.x86_64                             77/223 
#11 23.37   Verifying        : libacl-2.4.0-1.el9_8.x86_64                         78/223 
#11 23.37   Verifying        : libacl-2.3.1-3.el9.x86_64                           79/223 
#11 23.37   Verifying        : libarchive-3.5.3-11.el9_8.x86_64                    80/223 
#11 23.37   Verifying        : libarchive-3.5.3-4.el9.x86_64                       81/223 
#11 23.37   Verifying        : libattr-2.6.0-1.el9_8.x86_64                        82/223 
#11 23.37   Verifying        : libattr-2.5.1-3.el9.x86_64                          83/223 
#11 23.37   Verifying        : libblkid-2.37.4-25.el9.x86_64                       84/223 
#11 23.37   Verifying        : libblkid-2.37.4-15.el9.x86_64                       85/223 
#11 23.37   Verifying        : libcap-2.48-10.el9_7.1.x86_64                       86/223 
#11 23.37   Verifying        : libcap-2.48-9.el9_2.x86_64                          87/223 
#11 23.37   Verifying        : libcom_err-1.46.5-8.el9.x86_64                      88/223 
#11 23.37   Verifying        : libcom_err-1.46.5-3.el9.x86_64                      89/223 
#11 23.37   Verifying        : libcurl-minimal-7.76.1-40.el9_8.5.x86_64            90/223 
#11 23.37   Verifying        : libcurl-minimal-7.76.1-26.el9_3.2.0.1.x86_64        91/223 
#11 23.37   Verifying        : libdb-5.3.28-57.el9_6.x86_64                        92/223 
#11 23.37   Verifying        : libdb-5.3.28-53.el9.x86_64                          93/223 
#11 23.37   Verifying        : libdnf-0.69.0-18.el9.rocky.0.1.x86_64               94/223 
#11 23.37   Verifying        : libdnf-0.69.0-6.el9_3.x86_64                        95/223 
#11 23.37   Verifying        : libeconf-0.4.1-7.el9_8.x86_64                       96/223 
#11 23.37   Verifying        : libeconf-0.4.1-3.el9_2.x86_64                       97/223 
#11 23.37   Verifying        : libevent-2.1.12-8.el9_4.x86_64                      98/223 
#11 23.37   Verifying        : libevent-2.1.12-6.el9.x86_64                        99/223 
#11 23.37   Verifying        : libfdisk-2.37.4-25.el9.x86_64                      100/223 
#11 23.37   Verifying        : libfdisk-2.37.4-15.el9.x86_64                      101/223 
#11 23.37   Verifying        : libgcc-11.5.0-14.el9.x86_64                        102/223 
#11 23.37   Verifying        : libgcc-11.4.1-2.1.el9.x86_64                       103/223 
#11 23.37   Verifying        : libgcrypt-1.10.0-13.el9_8.x86_64                   104/223 
#11 23.37   Verifying        : libgcrypt-1.10.0-10.el9_2.x86_64                   105/223 
#11 23.37   Verifying        : libgomp-11.5.0-14.el9.x86_64                       106/223 
#11 23.37   Verifying        : libgomp-11.4.1-2.1.el9.x86_64                      107/223 
#11 23.37   Verifying        : libksba-1.5.1-7.el9.x86_64                         108/223 
#11 23.37   Verifying        : libksba-1.5.1-6.el9_1.x86_64                       109/223 
#11 23.37   Verifying        : libmount-2.37.4-25.el9.x86_64                      110/223 
#11 23.37   Verifying        : libmount-2.37.4-15.el9.x86_64                      111/223 
#11 23.37   Verifying        : libnghttp2-1.43.0-6.el9_8.2.x86_64                 112/223 
#11 23.37   Verifying        : libnghttp2-1.43.0-5.el9_3.1.x86_64                 113/223 
#11 23.37   Verifying        : librepo-1.19.0-1.el9.x86_64                        114/223 
#11 23.37   Verifying        : librepo-1.14.5-1.el9.x86_64                        115/223 
#11 23.37   Verifying        : libselinux-3.6-3.el9.x86_64                        116/223 
#11 23.37   Verifying        : libselinux-3.5-1.el9.x86_64                        117/223 
#11 23.37   Verifying        : libsemanage-3.6-5.el9_6.x86_64                     118/223 
#11 23.37   Verifying        : libsemanage-3.5-2.el9.x86_64                       119/223 
#11 23.37   Verifying        : libsepol-3.6-3.el9.x86_64                          120/223 
#11 23.37   Verifying        : libsepol-3.5-1.el9.x86_64                          121/223 
#11 23.37   Verifying        : libsmartcols-2.37.4-25.el9.x86_64                  122/223 
#11 23.37   Verifying        : libsmartcols-2.37.4-15.el9.x86_64                  123/223 
#11 23.37   Verifying        : libsolv-0.7.24-6.el9_8.x86_64                      124/223 
#11 23.37   Verifying        : libsolv-0.7.24-2.el9.x86_64                        125/223 
#11 23.37   Verifying        : libstdc++-11.5.0-14.el9.x86_64                     126/223 
#11 23.37   Verifying        : libstdc++-11.4.1-2.1.el9.x86_64                    127/223 
#11 23.37   Verifying        : libtasn1-4.16.0-10.el9_8.x86_64                    128/223 
#11 23.37   Verifying        : libtasn1-4.16.0-8.el9_1.x86_64                     129/223 
#11 23.37   Verifying        : libusbx-1.0.30-1.el9_8.x86_64                      130/223 
#11 23.37   Verifying        : libusbx-1.0.26-1.el9.x86_64                        131/223 
#11 23.37   Verifying        : libuser-0.63-17.el9.x86_64                         132/223 
#11 23.37   Verifying        : libuser-0.63-13.el9.x86_64                         133/223 
#11 23.37   Verifying        : libuuid-2.37.4-25.el9.x86_64                       134/223 
#11 23.37   Verifying        : libuuid-2.37.4-15.el9.x86_64                       135/223 
#11 23.37   Verifying        : libxml2-2.9.13-14.el9_8.4.x86_64                   136/223 
#11 23.37   Verifying        : libxml2-2.9.13-4.el9.x86_64                        137/223 
#11 23.37   Verifying        : libzstd-1.5.5-1.el9.x86_64                         138/223 
#11 23.37   Verifying        : libzstd-1.5.1-2.el9.x86_64                         139/223 
#11 23.37   Verifying        : mpfr-4.1.0-10.el9.x86_64                           140/223 
#11 23.37   Verifying        : mpfr-4.1.0-7.el9.x86_64                            141/223 
#11 23.37   Verifying        : ncurses-base-6.2-12.20210508.el9.noarch            142/223 
#11 23.37   Verifying        : ncurses-base-6.2-10.20210508.el9.noarch            143/223 
#11 23.37   Verifying        : ncurses-libs-6.2-12.20210508.el9.x86_64            144/223 
#11 23.37   Verifying        : ncurses-libs-6.2-10.20210508.el9.x86_64            145/223 
#11 23.37   Verifying        : nettle-3.10.1-1.el9.x86_64                         146/223 
#11 23.37   Verifying        : nettle-3.8-3.el9_0.x86_64                          147/223 
#11 23.37   Verifying        : openldap-2.6.8-4.el9.0.1.x86_64                    148/223 
#11 23.37   Verifying        : openldap-2.6.3-1.el9.x86_64                        149/223 
#11 23.37   Verifying        : openssl-1:3.5.5-6.el9_8.x86_64                     150/223 
#11 23.37   Verifying        : openssl-1:3.0.7-24.el9.x86_64                      151/223 
#11 23.37   Verifying        : openssl-libs-1:3.5.5-6.el9_8.x86_64                152/223 
#11 23.37   Verifying        : openssl-libs-1:3.0.7-24.el9.x86_64                 153/223 
#11 23.37   Verifying        : p11-kit-0.26.4-1.el9_8.x86_64                      154/223 
#11 23.37   Verifying        : p11-kit-0.24.1-2.el9.x86_64                        155/223 
#11 23.37   Verifying        : p11-kit-trust-0.26.4-1.el9_8.x86_64                156/223 
#11 23.37   Verifying        : p11-kit-trust-0.24.1-2.el9.x86_64                  157/223 
#11 23.37   Verifying        : pam-1.5.1-28.el9_8.1.x86_64                        158/223 
#11 23.38   Verifying        : pam-1.5.1-15.el9.x86_64                            159/223 
#11 23.38   Verifying        : pcre-8.44-4.el9.x86_64                             160/223 
#11 23.38   Verifying        : pcre-8.44-3.el9.3.x86_64                           161/223 
#11 23.38   Verifying        : pcre2-10.40-6.el9.x86_64                           162/223 
#11 23.38   Verifying        : pcre2-10.40-2.el9.x86_64                           163/223 
#11 23.38   Verifying        : pcre2-syntax-10.40-6.el9.noarch                    164/223 
#11 23.38   Verifying        : pcre2-syntax-10.40-2.el9.noarch                    165/223 
#11 23.38   Verifying        : python3-3.9.25-7.el9_8.3.x86_64                    166/223 
#11 23.38   Verifying        : python3-3.9.18-1.el9_3.x86_64                      167/223 
#11 23.38   Verifying        : python3-dnf-4.14.0-34.el9_8.rocky.0.1.noarch       168/223 
#11 23.38   Verifying        : python3-dnf-4.14.0-8.el9.noarch                    169/223 
#11 23.38   Verifying        : python3-hawkey-0.69.0-18.el9.rocky.0.1.x86_64      170/223 
#11 23.38   Verifying        : python3-hawkey-0.69.0-6.el9_3.x86_64               171/223 
#11 23.38   Verifying        : python3-libdnf-0.69.0-18.el9.rocky.0.1.x86_64      172/223 
#11 23.38   Verifying        : python3-libdnf-0.69.0-6.el9_3.x86_64               173/223 
#11 23.38   Verifying        : python3-libs-3.9.25-7.el9_8.3.x86_64               174/223 
#11 23.38   Verifying        : python3-libs-3.9.18-1.el9_3.x86_64                 175/223 
#11 23.38   Verifying        : python3-pip-wheel-21.3.1-2.el9_8.rocky.0.1.noarc   176/223 
#11 23.38   Verifying        : python3-pip-wheel-21.2.3-7.el9.noarch              177/223 
#11 23.38   Verifying        : python3-rpm-4.16.1.3-40.el9.x86_64                 178/223 
#11 23.38   Verifying        : python3-rpm-4.16.1.3-25.el9.x86_64                 179/223 
#11 23.38   Verifying        : python3-setuptools-wheel-53.0.0-15.el9.noarch      180/223 
#11 23.38   Verifying        : python3-setuptools-wheel-53.0.0-12.el9.noarch      181/223 
#11 23.38   Verifying        : rocky-gpg-keys-9.8-1.2.el9.noarch                  182/223 
#11 23.38   Verifying        : rocky-gpg-keys-9.3-1.1.el9.noarch                  183/223 
#11 23.38   Verifying        : rocky-release-9.8-1.2.el9.noarch                   184/223 
#11 23.38   Verifying        : rocky-release-9.3-1.1.el9.noarch                   185/223 
#11 23.38   Verifying        : rocky-repos-9.8-1.2.el9.noarch                     186/223 
#11 23.38   Verifying        : rocky-repos-9.3-1.1.el9.noarch                     187/223 
#11 23.38   Verifying        : rootfiles-8.1-35.el9.noarch                        188/223 
#11 23.38   Verifying        : rootfiles-8.1-31.el9.noarch                        189/223 
#11 23.38   Verifying        : rpm-4.16.1.3-40.el9.x86_64                         190/223 
#11 23.38   Verifying        : rpm-4.16.1.3-25.el9.x86_64                         191/223 
#11 23.38   Verifying        : rpm-build-libs-4.16.1.3-40.el9.x86_64              192/223 
#11 23.38   Verifying        : rpm-build-libs-4.16.1.3-25.el9.x86_64              193/223 
#11 23.38   Verifying        : rpm-libs-4.16.1.3-40.el9.x86_64                    194/223 
#11 23.38   Verifying        : rpm-libs-4.16.1.3-25.el9.x86_64                    195/223 
#11 23.38   Verifying        : rpm-sign-libs-4.16.1.3-40.el9.x86_64               196/223 
#11 23.38   Verifying        : rpm-sign-libs-4.16.1.3-25.el9.x86_64               197/223 
#11 23.38   Verifying        : sed-4.8-10.el9_8.x86_64                            198/223 
#11 23.38   Verifying        : sed-4.8-9.el9.x86_64                               199/223 
#11 23.38   Verifying        : setup-2.13.7-10.el9.noarch                         200/223 
#11 23.38   Verifying        : setup-2.13.7-9.el9.noarch                          201/223 
#11 23.38   Verifying        : shadow-utils-2:4.9-16.el9.x86_64                   202/223 
#11 23.38   Verifying        : shadow-utils-2:4.9-8.el9.x86_64                    203/223 
#11 23.38   Verifying        : sqlite-libs-3.34.1-11.el9_8.x86_64                 204/223 
#11 23.38   Verifying        : sqlite-libs-3.34.1-6.el9_1.x86_64                  205/223 
#11 23.38   Verifying        : systemd-libs-252-67.el9_8.4.rocky.0.1.x86_64       206/223 
#11 23.38   Verifying        : systemd-libs-252-18.el9.x86_64                     207/223 
#11 23.38   Verifying        : tar-2:1.34-13.el9_8.x86_64                         208/223 
#11 23.38   Verifying        : tar-2:1.34-6.el9_1.x86_64                          209/223 
#11 23.38   Verifying        : tpm2-tss-3.2.3-1.el9.x86_64                        210/223 
#11 23.38   Verifying        : tpm2-tss-3.2.2-2.el9.x86_64                        211/223 
#11 23.38   Verifying        : tzdata-2026c-1.el9_8.noarch                        212/223 
#11 23.38   Verifying        : tzdata-2023c-1.el9.noarch                          213/223 
#11 23.38   Verifying        : usermode-1.114-7.el9.x86_64                        214/223 
#11 23.38   Verifying        : usermode-1.114-4.el9.x86_64                        215/223 
#11 23.38   Verifying        : util-linux-2.37.4-25.el9.x86_64                    216/223 
#11 23.38   Verifying        : util-linux-2.37.4-15.el9.x86_64                    217/223 
#11 23.38   Verifying        : util-linux-core-2.37.4-25.el9.x86_64               218/223 
#11 23.38   Verifying        : util-linux-core-2.37.4-15.el9.x86_64               219/223 
#11 23.38   Verifying        : vim-minimal-2:8.2.2637-26.el9_8.13.x86_64          220/223 
#11 23.38   Verifying        : vim-minimal-2:8.2.2637-20.el9_1.x86_64             221/223 
#11 23.38   Verifying        : yum-4.14.0-34.el9_8.rocky.0.1.noarch               222/223 
#11 23.38   Verifying        : yum-4.14.0-8.el9.noarch                            223/223 
#11 23.48 
#11 23.48 Upgraded:
#11 23.48   alternatives-1.24-2.el9.x86_64                                                
#11 23.48   audit-libs-3.1.5-8.el9.x86_64                                                 
#11 23.48   basesystem-11-13.el9.0.1.noarch                                               
#11 23.48   bash-5.1.8-9.el9.x86_64                                                       
#11 23.48   binutils-2.35.2-72.el9.x86_64                                                 
#11 23.48   binutils-gold-2.35.2-72.el9.x86_64                                            
#11 23.48   bzip2-libs-1.0.8-11.el9.x86_64                                                
#11 23.48   ca-certificates-2025.2.80_v9.0.305-91.el9.noarch                              
#11 23.48   coreutils-single-8.32-41.el9_8.x86_64                                         
#11 23.48   cracklib-2.9.6-28.el9.x86_64                                                  
#11 23.48   cracklib-dicts-2.9.6-28.el9.x86_64                                            
#11 23.48   crypto-policies-20260224-1.gitea0f072.el9.noarch                              
#11 23.48   crypto-policies-scripts-20260224-1.gitea0f072.el9.noarch                      
#11 23.48   curl-minimal-7.76.1-40.el9_8.5.x86_64                                         
#11 23.48   cyrus-sasl-lib-2.1.27-22.el9_7.x86_64                                         
#11 23.48   dnf-4.14.0-34.el9_8.rocky.0.1.noarch                                          
#11 23.48   dnf-data-4.14.0-34.el9_8.rocky.0.1.noarch                                     
#11 23.48   elfutils-debuginfod-client-0.194-1.el9.rocky.0.1.x86_64                       
#11 23.48   elfutils-default-yama-scope-0.194-1.el9.rocky.0.1.noarch                      
#11 23.48   elfutils-libelf-0.194-1.el9.rocky.0.1.x86_64                                  
#11 23.48   elfutils-libs-0.194-1.el9.rocky.0.1.x86_64                                    
#11 23.48   expat-2.5.0-6.el9_8.3.x86_64                                                  
#11 23.48   file-libs-5.39-17.el9.x86_64                                                  
#11 23.48   filesystem-3.16-5.el9.x86_64                                                  
#11 23.48   findutils-1:4.8.0-7.el9.x86_64                                                
#11 23.48   gdbm-libs-1:1.23-1.el9.x86_64                                                 
#11 23.48   glib2-2.68.4-19.el9_8.10.x86_64                                               
#11 23.48   glibc-2.34-275.el9_8.x86_64                                                   
#11 23.48   glibc-common-2.34-275.el9_8.x86_64                                            
#11 23.48   glibc-minimal-langpack-2.34-275.el9_8.x86_64                                  
#11 23.48   gnupg2-2.3.3-5.el9_7.x86_64                                                   
#11 23.48   gnutls-3.8.10-8.el9_8.x86_64                                                  
#11 23.48   gzip-1.12-2.el9_8.x86_64                                                      
#11 23.48   ima-evm-utils-1.6.2-2.el9.rocky.0.2.x86_64                                    
#11 23.48   krb5-libs-1.21.1-10.el9_8.x86_64                                              
#11 23.48   less-590-6.el9.x86_64                                                         
#11 23.48   libacl-2.4.0-1.el9_8.x86_64                                                   
#11 23.48   libarchive-3.5.3-11.el9_8.x86_64                                              
#11 23.48   libattr-2.6.0-1.el9_8.x86_64                                                  
#11 23.48   libblkid-2.37.4-25.el9.x86_64                                                 
#11 23.48   libcap-2.48-10.el9_7.1.x86_64                                                 
#11 23.48   libcom_err-1.46.5-8.el9.x86_64                                                
#11 23.48   libcurl-minimal-7.76.1-40.el9_8.5.x86_64                                      
#11 23.48   libdb-5.3.28-57.el9_6.x86_64                                                  
#11 23.48   libdnf-0.69.0-18.el9.rocky.0.1.x86_64                                         
#11 23.48   libeconf-0.4.1-7.el9_8.x86_64                                                 
#11 23.48   libevent-2.1.12-8.el9_4.x86_64                                                
#11 23.48   libfdisk-2.37.4-25.el9.x86_64                                                 
#11 23.48   libgcc-11.5.0-14.el9.x86_64                                                   
#11 23.48   libgcrypt-1.10.0-13.el9_8.x86_64                                              
#11 23.48   libgomp-11.5.0-14.el9.x86_64                                                  
#11 23.48   libksba-1.5.1-7.el9.x86_64                                                    
#11 23.48   libmount-2.37.4-25.el9.x86_64                                                 
#11 23.48   libnghttp2-1.43.0-6.el9_8.2.x86_64                                            
#11 23.48   librepo-1.19.0-1.el9.x86_64                                                   
#11 23.48   libselinux-3.6-3.el9.x86_64                                                   
#11 23.48   libsemanage-3.6-5.el9_6.x86_64                                                
#11 23.48   libsepol-3.6-3.el9.x86_64                                                     
#11 23.48   libsmartcols-2.37.4-25.el9.x86_64                                             
#11 23.48   libsolv-0.7.24-6.el9_8.x86_64                                                 
#11 23.48   libstdc++-11.5.0-14.el9.x86_64                                                
#11 23.48   libtasn1-4.16.0-10.el9_8.x86_64                                               
#11 23.48   libusbx-1.0.30-1.el9_8.x86_64                                                 
#11 23.48   libuser-0.63-17.el9.x86_64                                                    
#11 23.48   libuuid-2.37.4-25.el9.x86_64                                                  
#11 23.48   libxml2-2.9.13-14.el9_8.4.x86_64                                              
#11 23.48   libzstd-1.5.5-1.el9.x86_64                                                    
#11 23.48   mpfr-4.1.0-10.el9.x86_64                                                      
#11 23.48   ncurses-base-6.2-12.20210508.el9.noarch                                       
#11 23.48   ncurses-libs-6.2-12.20210508.el9.x86_64                                       
#11 23.48   nettle-3.10.1-1.el9.x86_64                                                    
#11 23.48   openldap-2.6.8-4.el9.0.1.x86_64                                               
#11 23.48   openssl-1:3.5.5-6.el9_8.x86_64                                                
#11 23.48   openssl-libs-1:3.5.5-6.el9_8.x86_64                                           
#11 23.48   p11-kit-0.26.4-1.el9_8.x86_64                                                 
#11 23.48   p11-kit-trust-0.26.4-1.el9_8.x86_64                                           
#11 23.48   pam-1.5.1-28.el9_8.1.x86_64                                                   
#11 23.48   pcre-8.44-4.el9.x86_64                                                        
#11 23.48   pcre2-10.40-6.el9.x86_64                                                      
#11 23.48   pcre2-syntax-10.40-6.el9.noarch                                               
#11 23.48   python3-3.9.25-7.el9_8.3.x86_64                                               
#11 23.48   python3-dnf-4.14.0-34.el9_8.rocky.0.1.noarch                                  
#11 23.48   python3-hawkey-0.69.0-18.el9.rocky.0.1.x86_64                                 
#11 23.48   python3-libdnf-0.69.0-18.el9.rocky.0.1.x86_64                                 
#11 23.48   python3-libs-3.9.25-7.el9_8.3.x86_64                                          
#11 23.48   python3-pip-wheel-21.3.1-2.el9_8.rocky.0.1.noarch                             
#11 23.48   python3-rpm-4.16.1.3-40.el9.x86_64                                            
#11 23.48   python3-setuptools-wheel-53.0.0-15.el9.noarch                                 
#11 23.48   rocky-gpg-keys-9.8-1.2.el9.noarch                                             
#11 23.48   rocky-release-9.8-1.2.el9.noarch                                              
#11 23.48   rocky-repos-9.8-1.2.el9.noarch                                                
#11 23.48   rootfiles-8.1-35.el9.noarch                                                   
#11 23.48   rpm-4.16.1.3-40.el9.x86_64                                                    
#11 23.48   rpm-build-libs-4.16.1.3-40.el9.x86_64                                         
#11 23.48   rpm-libs-4.16.1.3-40.el9.x86_64                                               
#11 23.48   rpm-sign-libs-4.16.1.3-40.el9.x86_64                                          
#11 23.48   sed-4.8-10.el9_8.x86_64                                                       
#11 23.48   setup-2.13.7-10.el9.noarch                                                    
#11 23.48   shadow-utils-2:4.9-16.el9.x86_64                                              
#11 23.48   sqlite-libs-3.34.1-11.el9_8.x86_64                                            
#11 23.48   systemd-libs-252-67.el9_8.4.rocky.0.1.x86_64                                  
#11 23.48   tar-2:1.34-13.el9_8.x86_64                                                    
#11 23.48   tpm2-tss-3.2.3-1.el9.x86_64                                                   
#11 23.48   tzdata-2026c-1.el9_8.noarch                                                   
#11 23.48   usermode-1.114-7.el9.x86_64                                                   
#11 23.48   util-linux-2.37.4-25.el9.x86_64                                               
#11 23.48   util-linux-core-2.37.4-25.el9.x86_64                                          
#11 23.48   vim-minimal-2:8.2.2637-26.el9_8.13.x86_64                                     
#11 23.48   yum-4.14.0-34.el9_8.rocky.0.1.noarch                                          
#11 23.48 Installed:
#11 23.48   attr-2.6.0-1.el9_8.x86_64                                                     
#11 23.48   keyutils-1.6.3-1.el9.x86_64                                                   
#11 23.48   libtool-ltdl-2.4.6-46.el9.x86_64                                              
#11 23.48   libxcrypt-compat-4.4.18-3.el9.x86_64                                          
#11 23.48   openssl-fips-provider-1:3.5.5-6.el9_8.x86_64                                  
#11 23.48 
#11 23.48 Complete!
#11 23.97 Last metadata expiration check: 0:00:14 ago on Fri Sep 11 09:39:41 2026.
#11 24.13 Package bash-5.1.8-9.el9.x86_64 is already installed.
#11 24.13 Package ca-certificates-2025.2.80_v9.0.305-91.el9.noarch is already installed.
#11 24.13 Package glibc-2.34-275.el9_8.x86_64 is already installed.
#11 24.13 Package hostname-3.23-6.el9.x86_64 is already installed.
#11 24.13 Package libgcc-11.5.0-14.el9.x86_64 is already installed.
#11 24.13 Package libstdc++-11.5.0-14.el9.x86_64 is already installed.
#11 24.14 Package ncurses-libs-6.2-12.20210508.el9.x86_64 is already installed.
#11 24.14 Package openssl-libs-1:3.5.5-6.el9_8.x86_64 is already installed.
#11 24.14 Package pam-1.5.1-28.el9_8.1.x86_64 is already installed.
#11 24.14 Package shadow-utils-2:4.9-16.el9.x86_64 is already installed.
#11 24.14 Package util-linux-2.37.4-25.el9.x86_64 is already installed.
#11 24.14 Package zlib-1.2.11-40.el9.x86_64 is already installed.
#11 24.14 Package tzdata-2026c-1.el9_8.noarch is already installed.
#11 24.16 Dependencies resolved.
#11 24.16 ================================================================================
#11 24.16  Package           Architecture   Version                  Repository      Size
#11 24.16 ================================================================================
#11 24.16 Installing:
#11 24.16  procps-ng         x86_64         3.3.17-14.el9            baseos         332 k
#11 24.16  sudo              x86_64         1.9.17p2-3.el9_8         baseos         1.3 M
#11 24.16 
#11 24.16 Transaction Summary
#11 24.16 ================================================================================
#11 24.16 Install  2 Packages
#11 24.16 
#11 24.16 Total download size: 1.6 M
#11 24.16 Installed size: 6.2 M
#11 24.16 Downloading Packages:
#11 24.70 (1/2): procps-ng-3.3.17-14.el9.x86_64.rpm       2.3 MB/s | 332 kB     00:00    
#11 24.86 (2/2): sudo-1.9.17p2-3.el9_8.x86_64.rpm         4.4 MB/s | 1.3 MB     00:00    
#11 24.86 --------------------------------------------------------------------------------
#11 24.86 Total                                           2.3 MB/s | 1.6 MB     00:00     
#11 24.92 Running transaction check
#11 24.93 Transaction check succeeded.
#11 24.93 Running transaction test
#11 24.97 Transaction test succeeded.
#11 24.97 Running transaction
#11 25.00   Preparing        :                                                        1/1 
#11 25.04   Installing       : sudo-1.9.17p2-3.el9_8.x86_64                           1/2 
#11 25.05   Running scriptlet: sudo-1.9.17p2-3.el9_8.x86_64                           1/2 
#11 25.07   Installing       : procps-ng-3.3.17-14.el9.x86_64                         2/2 
#11 25.08   Running scriptlet: procps-ng-3.3.17-14.el9.x86_64                         2/2 
#11 25.11   Verifying        : procps-ng-3.3.17-14.el9.x86_64                         1/2 
#11 25.11   Verifying        : sudo-1.9.17p2-3.el9_8.x86_64                           2/2 
#11 25.13 
#11 25.13 Installed:
#11 25.13   procps-ng-3.3.17-14.el9.x86_64          sudo-1.9.17p2-3.el9_8.x86_64         
#11 25.13 
#11 25.13 Complete!
#11 25.32 25 files removed
#11 25.36 Verifying...                          ########################################
#11 25.65 Preparing...                          ########################################
#11 25.73 Updating / installing...
#11 25.73 riak-3.4.1.OTP26-1.el9                ########################################
#11 DONE 26.4s

#12 [package-amd64 1/1] COPY --from=install-amd64 / /
#12 DONE 1.0s

#13 [final 1/4] RUN <<'OPENRIAK_IMAGE_SETUP' (set -eu...)
#13 0.139 uid=999(riak) gid=999(riak) groups=999(riak)
#13 DONE 0.3s

#14 [final 2/4] COPY <<OPENRIAK_ENTRYPOINT /usr/local/bin/openriak-entrypoint
#14 DONE 0.0s

#15 [final 3/4] COPY <<OPENRIAK_HEALTHCHECK /usr/local/bin/openriak-healthcheck
#15 DONE 0.0s

#16 [final 4/4] RUN <<'OPENRIAK_SCRIPT_SETUP' (set -eu...)
#16 DONE 0.1s

#17 exporting to docker image format
#17 exporting layers
#17 exporting layers 9.6s done
#17 exporting manifest sha256:ab8f4c7f58fde9d15e5194c09c0842cda7022492a51dd5e5ca86e21f098e97d6 done
#17 exporting config sha256:d51b5ea98d2b5c3b6ddae8f5a0f14829b6be5f26241115158d6a8ce5587c58c6 done
#17 sending tarball
#17 ...

#18 importing to docker
#18 loading layer 32c0c3205d86 557.06kB / 110.43MB
#18 loading layer 32c0c3205d86 90.80MB / 110.43MB 2.0s
#18 loading layer 37198c12cd37 23.61kB / 23.61kB
#18 loading layer 32c0c3205d86 90.80MB / 110.43MB 3.0s done
#18 loading layer 37198c12cd37 23.61kB / 23.61kB 0.0s done
#18 loading layer e0faeaab8061 7.71kB / 7.71kB 0.0s done
#18 loading layer bce0e6c65e83 394B / 394B 0.0s done
#18 loading layer d94ed9e07212 7.88kB / 7.88kB 0.0s done
#18 DONE 3.0s

#17 exporting to docker image format
#17 sending tarball 4.0s done
#17 DONE 13.6s

timeout_seconds: 3600
exit_code: 0
