2026-09-11 17:46:21 Worker 3/3; PID 550819; output /home/peter/openriak-builds/openriak-distributed/openriak-docker-2026-09-11-b/local/20260911T084617.243958Z/results
[01/13] 2026-09-11 17:46:21 tiotjp/openriak-kv:3.4.0-amazon-linux-2023-otp24
2026-09-11 17:46:21   Pulling amazonlinux:2023 for linux/amd64
2026-09-11 17:46:24   Pulling amazonlinux:2023 for linux/arm64
2026-09-11 17:46:27   Testing linux/amd64 (timeout 3600s per phase)
2026-09-11 17:46:27     Creating Dockerfile, compose YAML files and .env for this run
2026-09-11 17:46:28     Building image (timeout 3600s)
2026-09-11 17:47:03     Testing single node (timeout 3600s)
2026-09-11 17:47:29     Testing 5-node cluster (timeout 3600s)
2026-09-11 17:50:44   PASSED linux/amd64
2026-09-11 17:50:44   Testing linux/arm64 (timeout 3600s per phase)
2026-09-11 17:50:44     Creating Dockerfile, compose YAML files and .env for this run
2026-09-11 17:50:44     Building image (timeout 3600s)
2026-09-11 17:54:01     Testing single node (timeout 3600s)
2026-09-11 17:56:19     Testing 5-node cluster (timeout 3600s)
2026-09-11 18:18:12   PASSED linux/arm64
2026-09-11 18:18:12   Exporting OCI image for linux/amd64, linux/arm64 with 1 tag(s)
[02/13] 2026-09-11 18:18:25 tiotjp/openriak-kv:3.4.0-ubuntu-noble-otp26
2026-09-11 18:18:25   Pulling ubuntu:noble for linux/amd64
2026-09-11 18:18:29   Pulling ubuntu:noble for linux/arm64
2026-09-11 18:18:31   Testing linux/amd64 (timeout 3600s per phase)
2026-09-11 18:18:31     Creating Dockerfile, compose YAML files and .env for this run
2026-09-11 18:18:31     Building image (timeout 3600s)
2026-09-11 18:24:51     Testing single node (timeout 3600s)
2026-09-11 18:25:17     Testing 5-node cluster (timeout 3600s)
2026-09-11 18:29:30   PASSED linux/amd64
2026-09-11 18:29:30   Testing linux/arm64 (timeout 3600s per phase)
2026-09-11 18:29:30     Creating Dockerfile, compose YAML files and .env for this run
2026-09-11 18:29:30     Building image (timeout 3600s)
2026-09-11 18:32:37     Testing single node (timeout 3600s)
2026-09-11 18:35:06     Testing 5-node cluster (timeout 3600s)
2026-09-11 19:04:42   PASSED linux/arm64
2026-09-11 19:04:42   Exporting OCI image for linux/amd64, linux/arm64 with 3 tag(s)
[03/13] 2026-09-11 19:04:52 tiotjp/openriak-kv:3.4.1-amazon-linux-2023-otp26
2026-09-11 19:04:52   Pulling amazonlinux:2023 for linux/amd64
2026-09-11 19:04:54   Pulling amazonlinux:2023 for linux/arm64
2026-09-11 19:04:56   Testing linux/amd64 (timeout 3600s per phase)
2026-09-11 19:04:56     Creating Dockerfile, compose YAML files and .env for this run
2026-09-11 19:04:56     Building image (timeout 3600s)
2026-09-11 19:05:36     Testing single node (timeout 3600s)
2026-09-11 19:06:09     Testing 5-node cluster (timeout 3600s)
2026-09-11 19:09:53   PASSED linux/amd64
2026-09-11 19:09:53   Testing linux/arm64 (timeout 3600s per phase)
2026-09-11 19:09:53     Creating Dockerfile, compose YAML files and .env for this run
2026-09-11 19:09:53     Building image (timeout 3600s)
2026-09-11 19:13:31     Testing single node (timeout 3600s)
2026-09-11 19:16:19     Testing 5-node cluster (timeout 3600s)
2026-09-11 19:40:57   PASSED linux/arm64
2026-09-11 19:40:57   Exporting OCI image for linux/amd64, linux/arm64 with 3 tag(s)
[04/13] 2026-09-11 19:41:09 tiotjp/openriak-kv:3.4.0-debian-12-otp24
2026-09-11 19:41:09   Pulling tiotjp/debian:bookworm-slim-for-openriak for linux/amd64
2026-09-11 19:41:11   Testing linux/amd64 (timeout 3600s per phase)
2026-09-11 19:41:11     Creating Dockerfile, compose YAML files and .env for this run
2026-09-11 19:41:11     Building image (timeout 3600s)
2026-09-11 19:41:41     Testing single node (timeout 3600s)
2026-09-11 19:42:11     Testing 5-node cluster (timeout 3600s)
2026-09-11 19:45:51   PASSED linux/amd64
2026-09-11 19:45:51   Exporting OCI image for linux/amd64 with 1 tag(s)
[05/13] 2026-09-11 19:45:59 tiotjp/openriak-kv:3.4.0-fedora-43-otp26
2026-09-11 19:45:59   Pulling fedora:43 for linux/amd64
2026-09-11 19:46:00   Testing linux/amd64 (timeout 3600s per phase)
2026-09-11 19:46:00     Creating Dockerfile, compose YAML files and .env for this run
2026-09-11 19:46:01     Building image (timeout 3600s)
2026-09-11 19:46:36     Testing single node (timeout 3600s)
2026-09-11 19:47:08     Testing 5-node cluster (timeout 3600s)
2026-09-11 19:51:05   PASSED linux/amd64
2026-09-11 19:51:05   Exporting OCI image for linux/amd64 with 3 tag(s)
[06/13] 2026-09-11 19:51:15 tiotjp/openriak-kv:3.4.0-oracle-linux-9-otp26
2026-09-11 19:51:15   Pulling oraclelinux:9-slim for linux/amd64
2026-09-11 19:51:17   Testing linux/amd64 (timeout 3600s per phase)
2026-09-11 19:51:17     Creating Dockerfile, compose YAML files and .env for this run
2026-09-11 19:51:18     Building image (timeout 3600s)
2026-09-11 19:54:16     Testing single node (timeout 3600s)
2026-09-11 19:54:47     Testing 5-node cluster (timeout 3600s)
2026-09-11 19:58:32   PASSED linux/amd64
2026-09-11 19:58:32   Exporting OCI image for linux/amd64 with 3 tag(s)
[07/13] 2026-09-11 19:58:42 tiotjp/openriak-kv:3.4.0-rocky-9-otp26
2026-09-11 19:58:42   Pulling rockylinux:9 for linux/amd64
2026-09-11 19:58:44   Testing linux/amd64 (timeout 3600s per phase)
2026-09-11 19:58:44     Creating Dockerfile, compose YAML files and .env for this run
2026-09-11 19:58:45     Building image (timeout 3600s)
2026-09-11 19:59:58     Testing single node (timeout 3600s)
2026-09-11 20:00:31     Testing 5-node cluster (timeout 3600s)
2026-09-11 20:04:28   PASSED linux/amd64
2026-09-11 20:04:28   Exporting OCI image for linux/amd64 with 3 tag(s)
[08/13] 2026-09-11 20:04:40 tiotjp/openriak-kv:3.4.0-ubuntu-jammy-otp24
2026-09-11 20:04:40   Pulling ubuntu:jammy for linux/amd64
2026-09-11 20:04:43   Testing linux/amd64 (timeout 3600s per phase)
2026-09-11 20:04:43     Creating Dockerfile, compose YAML files and .env for this run
2026-09-11 20:04:43     Building image (timeout 3600s)
2026-09-11 20:13:38     Testing single node (timeout 3600s)
2026-09-11 20:14:11     Testing 5-node cluster (timeout 3600s)
2026-09-11 20:18:30   PASSED linux/amd64
2026-09-11 20:18:30   Exporting OCI image for linux/amd64 with 1 tag(s)
[09/13] 2026-09-11 20:18:45 tiotjp/openriak-kv:3.4.1-centos-8-otp26
2026-09-11 20:18:45   Pulling quay.io/centos/centos:stream8 for linux/amd64
2026-09-11 20:18:48   Testing linux/amd64 (timeout 3600s per phase)
2026-09-11 20:18:48     Creating Dockerfile, compose YAML files and .env for this run
2026-09-11 20:18:48     Building image (timeout 3600s)
2026-09-11 20:19:51     Testing single node (timeout 3600s)
2026-09-11 20:20:28     Testing 5-node cluster (timeout 3600s)
2026-09-11 20:21:58 Stopping builder openriak-kv-multiarch started for this refresh
Refresh stopped by operator; current test cleanup completed.
2026-09-11 20:28:53 Worker 3/3; PID 612631; output /home/peter/openriak-builds/openriak-distributed/openriak-docker-2026-09-11-b/local/20260911T084617.243958Z/results
[01/13] 2026-09-11 20:28:54 tiotjp/openriak-kv:3.4.0-amazon-linux-2023-otp24
2026-09-11 20:28:54 SKIPPED tiotjp/openriak-kv:3.4.0-amazon-linux-2023-otp24 (all platforms passed)
[02/13] 2026-09-11 20:28:54 tiotjp/openriak-kv:3.4.0-ubuntu-noble-otp26
2026-09-11 20:28:54 SKIPPED tiotjp/openriak-kv:3.4.0-ubuntu-noble-otp26 (all platforms passed)
[03/13] 2026-09-11 20:28:54 tiotjp/openriak-kv:3.4.1-amazon-linux-2023-otp26
2026-09-11 20:28:54 SKIPPED tiotjp/openriak-kv:3.4.1-amazon-linux-2023-otp26 (all platforms passed)
[04/13] 2026-09-11 20:28:54 tiotjp/openriak-kv:3.4.0-debian-12-otp24
2026-09-11 20:28:54 SKIPPED tiotjp/openriak-kv:3.4.0-debian-12-otp24 (all platforms passed)
[05/13] 2026-09-11 20:28:54 tiotjp/openriak-kv:3.4.0-fedora-43-otp26
2026-09-11 20:28:54 SKIPPED tiotjp/openriak-kv:3.4.0-fedora-43-otp26 (all platforms passed)
[06/13] 2026-09-11 20:28:54 tiotjp/openriak-kv:3.4.0-oracle-linux-9-otp26
2026-09-11 20:28:54 SKIPPED tiotjp/openriak-kv:3.4.0-oracle-linux-9-otp26 (all platforms passed)
[07/13] 2026-09-11 20:28:54 tiotjp/openriak-kv:3.4.0-rocky-9-otp26
2026-09-11 20:28:54 SKIPPED tiotjp/openriak-kv:3.4.0-rocky-9-otp26 (all platforms passed)
[08/13] 2026-09-11 20:28:54 tiotjp/openriak-kv:3.4.0-ubuntu-jammy-otp24
2026-09-11 20:28:54 SKIPPED tiotjp/openriak-kv:3.4.0-ubuntu-jammy-otp24 (all platforms passed)
[09/13] 2026-09-11 20:28:54 tiotjp/openriak-kv:3.4.1-centos-8-otp26
2026-09-11 20:28:56   Testing linux/amd64 (timeout 3600s per phase)
2026-09-11 20:28:56     Creating Dockerfile, compose YAML files and .env for this run
2026-09-11 20:28:56     Building image (timeout 3600s)
2026-09-11 20:29:46     Testing single node (timeout 3600s)
2026-09-11 20:30:15     Testing 5-node cluster (timeout 3600s)
2026-09-11 20:33:49   PASSED linux/amd64
2026-09-11 20:33:49   Exporting OCI image for linux/amd64 with 2 tag(s)
[10/13] 2026-09-11 20:34:00 tiotjp/openriak-kv:3.4.1-debian-12-otp26
2026-09-11 20:34:00   Pulling tiotjp/debian:bookworm-slim-for-openriak for linux/amd64
2026-09-11 20:34:03   Testing linux/amd64 (timeout 3600s per phase)
2026-09-11 20:34:03     Creating Dockerfile, compose YAML files and .env for this run
2026-09-11 20:34:04     Building image (timeout 3600s)
2026-09-11 20:34:36     Testing single node (timeout 3600s)
2026-09-11 20:35:09     Testing 5-node cluster (timeout 3600s)
2026-09-11 20:39:39   PASSED linux/amd64
2026-09-11 20:39:39   Exporting OCI image for linux/amd64 with 3 tag(s)
[11/13] 2026-09-11 20:39:48 tiotjp/openriak-kv:3.4.1-oracle-linux-9-otp26
2026-09-11 20:39:48   Pulling oraclelinux:9-slim for linux/amd64
2026-09-11 20:39:50   Testing linux/amd64 (timeout 3600s per phase)
2026-09-11 20:39:50     Creating Dockerfile, compose YAML files and .env for this run
2026-09-11 20:39:50     Building image (timeout 3600s)
2026-09-11 20:42:44     Testing single node (timeout 3600s)
2026-09-11 20:43:16     Testing 5-node cluster (timeout 3600s)
2026-09-11 20:47:07   PASSED linux/amd64
2026-09-11 20:47:07   Exporting OCI image for linux/amd64 with 3 tag(s)
[12/13] 2026-09-11 20:47:17 tiotjp/openriak-kv:3.4.1-rocky-8-otp26
2026-09-11 20:47:17   Pulling rockylinux:8 for linux/amd64
2026-09-11 20:47:19   Testing linux/amd64 (timeout 3600s per phase)
2026-09-11 20:47:19     Creating Dockerfile, compose YAML files and .env for this run
2026-09-11 20:47:20     Building image (timeout 3600s)
2026-09-11 20:48:38     Testing single node (timeout 3600s)
2026-09-11 20:49:09     Testing 5-node cluster (timeout 3600s)
2026-09-11 20:52:43   PASSED linux/amd64
2026-09-11 20:52:43   Exporting OCI image for linux/amd64 with 2 tag(s)
[13/13] 2026-09-11 20:52:53 tiotjp/openriak-kv:3.4.1-suse-16.0-otp26
2026-09-11 20:52:53   Pulling registry.suse.com/bci/bci-base:16.0 for linux/amd64
2026-09-11 20:52:58   Testing linux/amd64 (timeout 3600s per phase)
2026-09-11 20:52:58     Creating Dockerfile, compose YAML files and .env for this run
2026-09-11 20:52:58     Building image (timeout 3600s)
2026-09-11 20:53:31     Testing single node (timeout 3600s)
2026-09-11 20:54:04     Testing 5-node cluster (timeout 3600s)
2026-09-11 20:57:57   PASSED linux/amd64
2026-09-11 20:57:57   Exporting OCI image for linux/amd64 with 3 tag(s)
2026-09-11 20:58:09 Stopping builder openriak-kv-multiarch started for this refresh
