$ /usr/bin/docker compose --env-file /home/peter/openriak-builds/tmp/openriak-docker-3.4.0-oracle-linux-9-otp24-zz5oyups/.env.cluster --project-directory /home/peter/openriak-builds/tmp/openriak-docker-3.4.0-oracle-linux-9-otp24-zz5oyups --file /home/peter/openriak-builds/tmp/openriak-docker-3.4.0-oracle-linux-9-otp24-zz5oyups/compose.cluster.test.yaml down --remove-orphans --timeout 120
started: 2026-09-11T15:12:44Z
 Container openriak-kv-3.4.0-oracle-linux-9-otp24-node-3-t-061278z  Stopping
 Container openriak-kv-3.4.0-oracle-linux-9-otp24-node-1-t-061278z  Stopping
 Container openriak-kv-3.4.0-oracle-linux-9-otp24-node-2-t-061278z  Stopping
 Container openriak-kv-3.4.0-oracle-linux-9-otp24-node-5-t-061278z  Stopping
 Container openriak-kv-3.4.0-oracle-linux-9-otp24-node-4-t-061278z  Stopping
 Container openriak-kv-3.4.0-oracle-linux-9-otp24-node-3-t-061278z  Stopped
 Container openriak-kv-3.4.0-oracle-linux-9-otp24-node-3-t-061278z  Removing
 Container openriak-kv-3.4.0-oracle-linux-9-otp24-node-2-t-061278z  Stopped
 Container openriak-kv-3.4.0-oracle-linux-9-otp24-node-2-t-061278z  Removing
 Container openriak-kv-3.4.0-oracle-linux-9-otp24-node-4-t-061278z  Stopped
 Container openriak-kv-3.4.0-oracle-linux-9-otp24-node-4-t-061278z  Removing
 Container openriak-kv-3.4.0-oracle-linux-9-otp24-node-5-t-061278z  Stopped
 Container openriak-kv-3.4.0-oracle-linux-9-otp24-node-5-t-061278z  Removing
 Container openriak-kv-3.4.0-oracle-linux-9-otp24-node-1-t-061278z  Stopped
 Container openriak-kv-3.4.0-oracle-linux-9-otp24-node-1-t-061278z  Removing
 Container openriak-kv-3.4.0-oracle-linux-9-otp24-node-4-t-061278z  Removed
 Container openriak-kv-3.4.0-oracle-linux-9-otp24-node-3-t-061278z  Removed
 Container openriak-kv-3.4.0-oracle-linux-9-otp24-node-5-t-061278z  Removed
 Container openriak-kv-3.4.0-oracle-linux-9-otp24-node-2-t-061278z  Removed
 Container openriak-kv-3.4.0-oracle-linux-9-otp24-node-1-t-061278z  Removed
 Network openriak-kv-340-oracle-linux-9-otp24-node-cluster_openriak  Removing
 Network openriak-kv-340-oracle-linux-9-otp24-node-cluster_openriak  Removed

timeout_seconds: 3600
exit_code: 0
