$ /usr/bin/docker container inspect openriak-kv-3.4.0-oracle-linux-9-otp24-node-1-t-061278z
started: 2026-09-11T15:09:13Z
[]
Error response from daemon: No such container: openriak-kv-3.4.0-oracle-linux-9-otp24-node-1-t-061278z

timeout_seconds: 3600
exit_code: 1
$ /usr/bin/docker container inspect openriak-kv-3.4.0-oracle-linux-9-otp24-node-2-t-061278z
started: 2026-09-11T15:09:13Z
[]
Error response from daemon: No such container: openriak-kv-3.4.0-oracle-linux-9-otp24-node-2-t-061278z

timeout_seconds: 3600
exit_code: 1
$ /usr/bin/docker container inspect openriak-kv-3.4.0-oracle-linux-9-otp24-node-3-t-061278z
started: 2026-09-11T15:09:13Z
[]
Error response from daemon: No such container: openriak-kv-3.4.0-oracle-linux-9-otp24-node-3-t-061278z

timeout_seconds: 3600
exit_code: 1
$ /usr/bin/docker container inspect openriak-kv-3.4.0-oracle-linux-9-otp24-node-4-t-061278z
started: 2026-09-11T15:09:13Z
[]
Error response from daemon: No such container: openriak-kv-3.4.0-oracle-linux-9-otp24-node-4-t-061278z

timeout_seconds: 3600
exit_code: 1
$ /usr/bin/docker container inspect openriak-kv-3.4.0-oracle-linux-9-otp24-node-5-t-061278z
started: 2026-09-11T15:09:13Z
[]
Error response from daemon: No such container: openriak-kv-3.4.0-oracle-linux-9-otp24-node-5-t-061278z

timeout_seconds: 3600
exit_code: 1
