$ /usr/bin/docker compose --env-file /home/peter/openriak-builds/tmp/openriak-docker-3.4.0-oracle-linux-9-otp24-zz5oyups/.env.cluster --project-directory /home/peter/openriak-builds/tmp/openriak-docker-3.4.0-oracle-linux-9-otp24-zz5oyups --file /home/peter/openriak-builds/tmp/openriak-docker-3.4.0-oracle-linux-9-otp24-zz5oyups/compose.cluster.test.yaml up --detach --no-build
started: 2026-09-11T15:09:13Z
 Network openriak-kv-340-oracle-linux-9-otp24-node-cluster_openriak  Creating
 Network openriak-kv-340-oracle-linux-9-otp24-node-cluster_openriak  Created
 Container openriak-kv-3.4.0-oracle-linux-9-otp24-node-2-t-061278z  Creating
 Container openriak-kv-3.4.0-oracle-linux-9-otp24-node-1-t-061278z  Creating
 Container openriak-kv-3.4.0-oracle-linux-9-otp24-node-4-t-061278z  Creating
 Container openriak-kv-3.4.0-oracle-linux-9-otp24-node-3-t-061278z  Creating
 Container openriak-kv-3.4.0-oracle-linux-9-otp24-node-5-t-061278z  Creating
 Container openriak-kv-3.4.0-oracle-linux-9-otp24-node-4-t-061278z  Created
 Container openriak-kv-3.4.0-oracle-linux-9-otp24-node-3-t-061278z  Created
 Container openriak-kv-3.4.0-oracle-linux-9-otp24-node-1-t-061278z  Created
 Container openriak-kv-3.4.0-oracle-linux-9-otp24-node-5-t-061278z  Created
 Container openriak-kv-3.4.0-oracle-linux-9-otp24-node-2-t-061278z  Created
 Container openriak-kv-3.4.0-oracle-linux-9-otp24-node-1-t-061278z  Starting
 Container openriak-kv-3.4.0-oracle-linux-9-otp24-node-5-t-061278z  Starting
 Container openriak-kv-3.4.0-oracle-linux-9-otp24-node-2-t-061278z  Starting
 Container openriak-kv-3.4.0-oracle-linux-9-otp24-node-3-t-061278z  Starting
 Container openriak-kv-3.4.0-oracle-linux-9-otp24-node-4-t-061278z  Starting
 Container openriak-kv-3.4.0-oracle-linux-9-otp24-node-1-t-061278z  Started
 Container openriak-kv-3.4.0-oracle-linux-9-otp24-node-2-t-061278z  Started
 Container openriak-kv-3.4.0-oracle-linux-9-otp24-node-5-t-061278z  Started
 Container openriak-kv-3.4.0-oracle-linux-9-otp24-node-4-t-061278z  Started
 Container openriak-kv-3.4.0-oracle-linux-9-otp24-node-3-t-061278z  Started

timeout_seconds: 3600
exit_code: 0
