$ /usr/bin/docker buildx build --builder openriak-kv-multiarch --load --platform linux/amd64 --pull=false --no-cache --tag tiotjp/openriak-kv:test-3.4.0-oracle-linux-9-otp24-linux-amd64-20260911t150646.061278z --file /home/peter/openriak-builds/openriak-distributed/openriak-docker-2026-09-11-b/living-room-b/20260911T084617.243958Z/results/3.4.0/3.4.0-oracle-linux-9-otp24/platforms/linux-amd64/runs/20260911T150646.061278Z/Dockerfile /home/peter/openriak-builds/openriak-distributed/openriak-docker-2026-09-11-b/living-room-b/20260911T084617.243958Z/results/3.4.0/3.4.0-oracle-linux-9-otp24/platforms/linux-amd64/runs/20260911T150646.061278Z
started: 2026-09-11T15:06:46Z
#0 building with "openriak-kv-multiarch" instance using docker-container driver

#1 [internal] load build definition from Dockerfile
#1 transferring dockerfile: 44.41kB done
#1 DONE 0.0s

#2 resolve image config for docker-image://docker.io/docker/dockerfile:1.7
#2 DONE 0.2s

#3 docker-image://docker.io/docker/dockerfile:1.7@sha256:a57df69d0ea827fb7266491f2813635de6f17269be881f696fbfdf2d83dda33e
#3 resolve docker.io/docker/dockerfile:1.7@sha256:a57df69d0ea827fb7266491f2813635de6f17269be881f696fbfdf2d83dda33e 0.0s done
#3 CACHED

#4 [internal] load metadata for docker.io/library/oraclelinux:9-slim@sha256:6e9fec9dc3fcbd08df4c175fba0104bcbab93778e817ba9b60bd990683978258
#4 DONE 0.6s

#5 [internal] load .dockerignore
#5 transferring context: 2B done
#5 DONE 0.0s

#6 [download-amd64 1/1] ADD --checksum=sha256:6990e90b3caa3a76de1ba94d3477e4825db4402e180934a5f32bd2ce0da8233d https://files.tiot.jp/riak/kv/3.4/3.4.0/oracle/9/riak-3.4.0.OTP24-1.el9.x86_64.rpm /riak-3.4.0.OTP24-1.el9.x86_64.rpm
#6 CACHED

#7 [internal] preparing inline document
#7 CACHED

#8 [internal] preparing inline document
#8 CACHED

#9 [install-amd64 1/2] FROM docker.io/library/oraclelinux:9-slim@sha256:6e9fec9dc3fcbd08df4c175fba0104bcbab93778e817ba9b60bd990683978258
#9 resolve docker.io/library/oraclelinux:9-slim@sha256:6e9fec9dc3fcbd08df4c175fba0104bcbab93778e817ba9b60bd990683978258 done
#9 CACHED

#10 [download-amd64 1/1] ADD --checksum=sha256:6990e90b3caa3a76de1ba94d3477e4825db4402e180934a5f32bd2ce0da8233d https://files.tiot.jp/riak/kv/3.4/3.4.0/oracle/9/riak-3.4.0.OTP24-1.el9.x86_64.rpm /riak-3.4.0.OTP24-1.el9.x86_64.rpm
#10 DONE 0.0s

#11 [install-amd64 2/2] RUN --mount=type=bind,from=download-amd64,target=/opt/openriak-package,ro <<'OPENRIAK_PACKAGE_INSTALL' (set -eu...)
#11 0.129 Downloading metadata...
#11 18.58 Downloading metadata...
#11 42.93 Package                                                 Repository            Size
#11 42.93 Installing:                                                                       
#11 42.93  acl-2.4.0-1.el9_8.x86_64                               ol9_baseos_latest  95.1 kB
#11 42.93  attr-2.6.0-1.el9_8.x86_64                              ol9_baseos_latest  85.2 kB
#11 42.93  cracklib-2.9.6-28.el9.x86_64                           ol9_baseos_latest 147.4 kB
#11 42.93  cracklib-dicts-2.9.6-28.el9.x86_64                     ol9_baseos_latest   3.8 MB
#11 42.93  dbus-1:1.12.20-8.0.1.el9.x86_64                        ol9_baseos_latest   6.8 kB
#11 42.93  dbus-broker-28-9.el9_8.x86_64                          ol9_baseos_latest 185.0 kB
#11 42.93  dbus-common-1:1.12.20-8.0.1.el9.noarch                 ol9_baseos_latest  21.7 kB
#11 42.93  dbus-libs-1:1.12.20-8.0.1.el9.x86_64                   ol9_baseos_latest 154.4 kB
#11 42.93  dnf-4.14.0-34.0.1.el9_8.noarch                         ol9_baseos_latest 544.4 kB
#11 42.93  elfutils-default-yama-scope-0.194-1.el9.noarch         ol9_baseos_latest   8.9 kB
#11 42.93  elfutils-libelf-0.194-1.el9.x86_64                     ol9_baseos_latest 216.8 kB
#11 42.93  elfutils-libs-0.194-1.el9.x86_64                       ol9_baseos_latest 279.4 kB
#11 42.93  expat-2.5.0-6.el9_8.3.x86_64                           ol9_baseos_latest 128.7 kB
#11 42.93  gzip-1.12-2.el9_8.x86_64                               ol9_baseos_latest 197.0 kB
#11 42.93  ima-evm-utils-1.6.2-2.el9.x86_64                       ol9_baseos_latest  87.2 kB
#11 42.93  keyutils-1.6.3-1.el9.x86_64                            ol9_baseos_latest  86.2 kB
#11 42.93  kmod-libs-28-11.0.1.el9.x86_64                         ol9_baseos_latest  63.9 kB
#11 42.93  libcomps-0.1.18-1.el9.x86_64                           ol9_baseos_latest  78.9 kB
#11 42.93  libdb-5.3.28-57.0.1.el9_6.x86_64                       ol9_baseos_latest 758.8 kB
#11 42.93  libeconf-0.4.1-7.el9_8.x86_64                          ol9_baseos_latest  32.5 kB
#11 42.93  libfdisk-2.37.4-25.0.1.el9.x86_64                      ol9_baseos_latest 154.9 kB
#11 42.93  libgomp-11.5.0-14.0.1.el9.x86_64                       ol9_baseos_latest 270.0 kB
#11 42.93  libpwquality-1.4.4-8.el9.x86_64                        ol9_baseos_latest 174.9 kB
#11 42.93  libseccomp-2.5.2-2.el9.x86_64                          ol9_baseos_latest  79.1 kB
#11 42.93  libutempter-1.2.1-6.el9.x86_64                         ol9_baseos_latest  27.3 kB
#11 42.93  libxcrypt-compat-4.4.18-3.el9.x86_64                   ol9_appstream      91.1 kB
#11 42.93  openssl-1:3.5.5-6.0.1.el9_8.x86_64                     ol9_baseos_latest   1.7 MB
#11 42.93  pam-1.5.1-28.0.1.el9_8.1.x86_64                        ol9_baseos_latest 807.6 kB
#11 42.93  python-unversioned-command-3.9.25-7.0.1.el9_8.3.noarch ol9_appstream       9.4 kB
#11 42.93  python3-3.9.25-7.0.1.el9_8.3.x86_64                    ol9_baseos_latest  31.3 kB
#11 42.93  python3-dnf-4.14.0-34.0.1.el9_8.noarch                 ol9_baseos_latest 680.7 kB
#11 42.93  python3-gpg-1.15.1-6.el9.x86_64                        ol9_baseos_latest 358.7 kB
#11 42.93  python3-hawkey-0.69.0-18.0.1.el9.x86_64                ol9_baseos_latest 113.2 kB
#11 42.93  python3-libcomps-0.1.18-1.el9.x86_64                   ol9_baseos_latest  57.8 kB
#11 42.93  python3-libdnf-0.69.0-18.0.1.el9.x86_64                ol9_baseos_latest 826.7 kB
#11 42.93  python3-libs-3.9.25-7.0.1.el9_8.3.x86_64               ol9_baseos_latest  10.4 MB
#11 42.93  python3-pip-wheel-21.3.1-2.el9_8.noarch                ol9_baseos_latest   1.2 MB
#11 42.93  python3-rpm-4.16.1.3-40.el9.x86_64                     ol9_baseos_latest  74.6 kB
#11 42.93  python3-setuptools-wheel-53.0.0-15.el9.noarch          ol9_baseos_latest 478.0 kB
#11 42.93  rpm-build-libs-4.16.1.3-40.el9.x86_64                  ol9_baseos_latest  90.2 kB
#11 42.93  rpm-plugin-systemd-inhibit-4.16.1.3-40.el9.x86_64      ol9_appstream      15.6 kB
#11 42.93  rpm-sign-libs-4.16.1.3-40.el9.x86_64                   ol9_baseos_latest  19.9 kB
#11 42.93  systemd-252-67.0.2.el9_8.4.x86_64                      ol9_baseos_latest   4.8 MB
#11 42.93  systemd-libs-252-67.0.2.el9_8.4.x86_64                 ol9_baseos_latest 683.3 kB
#11 42.93  systemd-pam-252-67.0.2.el9_8.4.x86_64                  ol9_baseos_latest 269.7 kB
#11 42.93  systemd-rpm-macros-252-67.0.2.el9_8.4.noarch           ol9_baseos_latest  55.7 kB
#11 42.93  tpm2-tss-3.2.3-1.el9.x86_64                            ol9_baseos_latest 628.7 kB
#11 42.93  util-linux-2.37.4-25.0.1.el9.x86_64                    ol9_baseos_latest   2.6 MB
#11 42.93  util-linux-core-2.37.4-25.0.1.el9.x86_64               ol9_baseos_latest 528.8 kB
#11 42.93 Transaction Summary:
#11 42.93  Installing:       49 packages
#11 42.93  Reinstalling:      0 packages
#11 42.93  Upgrading:         0 packages
#11 42.93  Obsoleting:        0 packages
#11 42.93  Removing:          0 packages
#11 42.93  Downgrading:       0 packages
#11 42.93 Downloading packages...
#11 43.75 Running transaction test...
#11 44.23 Installing: systemd-libs;252-67.0.2.el9_8.4;x86_64;ol9_baseos_latest
#11 44.27 Installing: expat;2.5.0-6.el9_8.3;x86_64;ol9_baseos_latest
#11 44.28 Installing: libfdisk;2.37.4-25.0.1.el9;x86_64;ol9_baseos_latest
#11 44.29 Installing: elfutils-libelf;0.194-1.el9;x86_64;ol9_baseos_latest
#11 44.30 Installing: libcomps;0.1.18-1.el9;x86_64;ol9_baseos_latest
#11 44.30 Installing: dbus-libs;1:1.12.20-8.0.1.el9;x86_64;ol9_baseos_latest
#11 44.31 Installing: rpm-plugin-systemd-inhibit;4.16.1.3-40.el9;x86_64;ol9_appstream
#11 44.31 Installing: util-linux-core;2.37.4-25.0.1.el9;x86_64;ol9_baseos_latest
#11 44.35 Installing: libxcrypt-compat;4.4.18-3.el9;x86_64;ol9_appstream
#11 44.36 Installing: python3-pip-wheel;21.3.1-2.el9_8;noarch;ol9_baseos_latest
#11 44.39 useradd: Warning: missing or non-executable shell '/usr/sbin/nologin'
#11 44.40 Installing: tpm2-tss;3.2.3-1.el9;x86_64;ol9_baseos_latest
#11 44.43 Installing: systemd-rpm-macros;252-67.0.2.el9_8.4;noarch;ol9_baseos_latest
#11 44.43 Installing: python3-setuptools-wheel;53.0.0-15.el9;noarch;ol9_baseos_latest
#11 44.43 Installing: python-unversioned-command;3.9.25-7.0.1.el9_8.3;noarch;ol9_appstream
#11 44.44 Installing: python3;3.9.25-7.0.1.el9_8.3;x86_64;ol9_baseos_latest
#11 44.46 Installing: python3-libs;3.9.25-7.0.1.el9_8.3;x86_64;ol9_baseos_latest
#11 44.85 Installing: python3-libdnf;0.69.0-18.0.1.el9;x86_64;ol9_baseos_latest
#11 44.87 Installing: python3-hawkey;0.69.0-18.0.1.el9;x86_64;ol9_baseos_latest
#11 44.88 Installing: python3-libcomps;0.1.18-1.el9;x86_64;ol9_baseos_latest
#11 44.89 Installing: python3-gpg;1.15.1-6.el9;x86_64;ol9_baseos_latest
#11 44.91 Installing: openssl;1:3.5.5-6.0.1.el9_8;x86_64;ol9_baseos_latest
#11 44.98 Installing: libutempter;1.2.1-6.el9;x86_64;ol9_baseos_latest
#11 44.98 Installing: libseccomp;2.5.2-2.el9;x86_64;ol9_baseos_latest
#11 44.99 Installing: libgomp;11.5.0-14.0.1.el9;x86_64;ol9_baseos_latest
#11 44.99 Installing: libeconf;0.4.1-7.el9_8;x86_64;ol9_baseos_latest
#11 45.00 Installing: libdb;5.3.28-57.0.1.el9_6;x86_64;ol9_baseos_latest
#11 45.01 Installing: kmod-libs;28-11.0.1.el9;x86_64;ol9_baseos_latest
#11 45.01 Installing: keyutils;1.6.3-1.el9;x86_64;ol9_baseos_latest
#11 45.02 Installing: gzip;1.12-2.el9_8;x86_64;ol9_baseos_latest
#11 45.03 Installing: cracklib;2.9.6-28.el9;x86_64;ol9_baseos_latest
#11 45.05 Installing: cracklib-dicts;2.9.6-28.el9;x86_64;ol9_baseos_latest
#11 45.11 Installing: pam;1.5.1-28.0.1.el9_8.1;x86_64;ol9_baseos_latest
#11 45.18 Installing: libpwquality;1.4.4-8.el9;x86_64;ol9_baseos_latest
#11 45.19 Installing: util-linux;2.37.4-25.0.1.el9;x86_64;ol9_baseos_latest
#11 45.30 Installing: attr;2.6.0-1.el9_8;x86_64;ol9_baseos_latest
#11 45.31 Installing: ima-evm-utils;1.6.2-2.el9;x86_64;ol9_baseos_latest
#11 45.31 Installing: rpm-sign-libs;4.16.1.3-40.el9;x86_64;ol9_baseos_latest
#11 45.32 Installing: acl;2.4.0-1.el9_8;x86_64;ol9_baseos_latest
#11 45.32 Installing: dbus;1:1.12.20-8.0.1.el9;x86_64;ol9_baseos_latest
#11 45.33 Installing: systemd-pam;252-67.0.2.el9_8.4;x86_64;ol9_baseos_latest
#11 45.44 Installing: systemd;252-67.0.2.el9_8.4;x86_64;ol9_baseos_latest
#11 45.75 Installing: dbus-common;1:1.12.20-8.0.1.el9;noarch;ol9_baseos_latest
#11 45.77 Created symlink /etc/systemd/system/sockets.target.wants/dbus.socket → /usr/lib/systemd/system/dbus.socket.
#11 45.78 Created symlink /etc/systemd/user/sockets.target.wants/dbus.socket → /usr/lib/systemd/user/dbus.socket.
#11 45.78 Installing: dbus-broker;28-9.el9_8;x86_64;ol9_baseos_latest
#11 45.80 Created symlink /etc/systemd/system/dbus.service → /usr/lib/systemd/system/dbus-broker.service.
#11 45.81 Created symlink /etc/systemd/user/dbus.service → /usr/lib/systemd/user/dbus-broker.service.
#11 45.81 Installing: elfutils-default-yama-scope;0.194-1.el9;noarch;ol9_baseos_latest
#11 45.82 Installing: elfutils-libs;0.194-1.el9;x86_64;ol9_baseos_latest
#11 45.83 Installing: rpm-build-libs;4.16.1.3-40.el9;x86_64;ol9_baseos_latest
#11 45.83 Installing: python3-rpm;4.16.1.3-40.el9;x86_64;ol9_baseos_latest
#11 45.84 Installing: python3-dnf;4.14.0-34.0.1.el9_8;noarch;ol9_baseos_latest
#11 45.87 Installing: dnf;4.14.0-34.0.1.el9_8;noarch;ol9_baseos_latest
#11 45.91 Created symlink /etc/systemd/system/timers.target.wants/dnf-makecache.timer → /usr/lib/systemd/system/dnf-makecache.timer.
#11 46.19 Complete.
#11 48.35 Oracle Linux 9 BaseOS Latest (x86_64)            75 MB/s | 149 MB     00:01    
#11 66.49 Oracle Linux 9 Application Stream Packages (x86  75 MB/s | 106 MB     00:01    
#11 87.12 Last metadata expiration check: 0:00:17 ago on Fri Sep 11 15:07:52 2026.
#11 90.31 Dependencies resolved.
#11 90.32 ============================================================================================
#11 90.32  Package                    Arch    Version                         Repository          Size
#11 90.32 ============================================================================================
#11 90.32 Installing:
#11 90.32  bash                       x86_64  5.1.8-9.el9                     ol9_baseos_latest  1.8 M
#11 90.32  ca-certificates            noarch  2025.2.80_v9.0.305-91.el9       ol9_baseos_latest  960 k
#11 90.32  coreutils                  x86_64  8.32-41.0.1.el9_8.1             ol9_baseos_latest  1.2 M
#11 90.32  findutils                  x86_64  1:4.8.0-7.el9                   ol9_baseos_latest  591 k
#11 90.32  gawk                       x86_64  5.1.0-6.el9                     ol9_baseos_latest  1.0 M
#11 90.32  glibc                      x86_64  2.34-275.0.1.el9_8              ol9_baseos_latest  2.0 M
#11 90.32  glibc-minimal-langpack     x86_64  2.34-275.0.1.el9_8              ol9_baseos_latest   33 k
#11 90.32  grep                       x86_64  3.6-5.el9                       ol9_baseos_latest  319 k
#11 90.32  hostname                   x86_64  3.23-6.el9                      ol9_baseos_latest   34 k
#11 90.32  libgcc                     x86_64  11.5.0-14.0.1.el9               ol9_baseos_latest   94 k
#11 90.32  libstdc++                  x86_64  11.5.0-14.0.1.el9               ol9_baseos_latest  757 k
#11 90.32  ncurses-libs               x86_64  6.2-12.20210508.el9             ol9_baseos_latest  332 k
#11 90.32  openssl-libs               x86_64  1:3.5.5-6.0.1.el9_8             ol9_baseos_latest  2.3 M
#11 90.32  oraclelinux-release        x86_64  9:9.8-1.0.7.el9                 ol9_baseos_latest  6.0 M
#11 90.32  pam                        x86_64  1.5.1-28.0.1.el9_8.1            ol9_baseos_latest  789 k
#11 90.32  procps-ng                  x86_64  3.3.17-14.0.1.el9               ol9_baseos_latest  382 k
#11 90.32  sed                        x86_64  4.8-10.el9                      ol9_baseos_latest  345 k
#11 90.32  shadow-utils               x86_64  2:4.9-16.el9                    ol9_baseos_latest  1.5 M
#11 90.32  sudo                       x86_64  1.9.17p2-3.el9_8                ol9_baseos_latest  1.4 M
#11 90.32  tzdata                     noarch  2026c-1.el9_8                   ol9_baseos_latest  2.3 M
#11 90.32  util-linux                 x86_64  2.37.4-25.0.1.el9               ol9_baseos_latest  2.5 M
#11 90.32  zlib                       x86_64  1.2.11-40.el9                   ol9_baseos_latest   95 k
#11 90.32 Installing dependencies:
#11 90.32  alternatives               x86_64  1.24-2.0.1.el9                  ol9_baseos_latest   37 k
#11 90.32  audit-libs                 x86_64  3.1.5-8.0.1.el9                 ol9_baseos_latest  127 k
#11 90.32  basesystem                 noarch  11-13.el9                       ol9_baseos_latest  7.4 k
#11 90.32  bzip2-libs                 x86_64  1.0.8-11.el9                    ol9_baseos_latest   39 k
#11 90.32  coreutils-common           x86_64  8.32-41.0.1.el9_8.1             ol9_baseos_latest  2.1 M
#11 90.32  cracklib                   x86_64  2.9.6-28.el9                    ol9_baseos_latest  144 k
#11 90.32  cracklib-dicts             x86_64  2.9.6-28.el9                    ol9_baseos_latest  3.7 M
#11 90.32  crypto-policies            noarch  20260224-1.0.1.gitea0f072.el9_8 ol9_baseos_latest  189 k
#11 90.32  cyrus-sasl-lib             x86_64  2.1.27-22.el9                   ol9_baseos_latest  781 k
#11 90.32  filesystem                 x86_64  3.16-5.el9                      ol9_baseos_latest  1.1 M
#11 90.32  gdbm-libs                  x86_64  1:1.23-1.el9                    ol9_baseos_latest   55 k
#11 90.32  glibc-common               x86_64  2.34-275.0.1.el9_8              ol9_baseos_latest  334 k
#11 90.32  gmp                        x86_64  1:6.2.0-13.el9                  ol9_baseos_latest  324 k
#11 90.32  gzip                       x86_64  1.12-2.el9_8                    ol9_baseos_latest  192 k
#11 90.32  keyutils-libs              x86_64  1.6.3-1.el9                     ol9_baseos_latest   35 k
#11 90.32  krb5-libs                  x86_64  1.21.1-10.0.1.el9_8             ol9_baseos_latest  777 k
#11 90.32  libacl                     x86_64  2.4.0-1.el9_8                   ol9_baseos_latest   24 k
#11 90.32  libattr                    x86_64  2.6.0-1.el9_8                   ol9_baseos_latest   17 k
#11 90.32  libblkid                   x86_64  2.37.4-25.0.1.el9               ol9_baseos_latest  105 k
#11 90.32  libcap                     x86_64  2.48-10.el9_8.1                 ol9_baseos_latest   80 k
#11 90.32  libcap-ng                  x86_64  0.8.2-7.el9                     ol9_baseos_latest   37 k
#11 90.32  libcom_err                 x86_64  1.46.5-8.el9                    ol9_baseos_latest   25 k
#11 90.32  libdb                      x86_64  5.3.28-57.0.1.el9_6             ol9_baseos_latest  741 k
#11 90.32  libeconf                   x86_64  0.4.1-7.el9_8                   ol9_baseos_latest   32 k
#11 90.32  libevent                   x86_64  2.1.12-8.el9_4                  ol9_baseos_latest  267 k
#11 90.32  libfdisk                   x86_64  2.37.4-25.0.1.el9               ol9_baseos_latest  151 k
#11 90.32  libffi                     x86_64  3.4.2-8.el9                     ol9_baseos_latest   36 k
#11 90.32  libgcrypt                  x86_64  1.10.0-13.el9_8                 ol9_baseos_latest  511 k
#11 90.32  libgpg-error               x86_64  1.42-5.el9                      ol9_baseos_latest  240 k
#11 90.32  libmount                   x86_64  2.37.4-25.0.1.el9               ol9_baseos_latest  132 k
#11 90.32  libpwquality               x86_64  1.4.4-8.el9                     ol9_baseos_latest  171 k
#11 90.32  libselinux                 x86_64  3.6-3.el9                       ol9_baseos_latest   85 k
#11 90.32  libsemanage                x86_64  3.6-5.el9_6                     ol9_baseos_latest  122 k
#11 90.32  libsepol                   x86_64  3.6-3.el9                       ol9_baseos_latest  328 k
#11 90.32  libsigsegv                 x86_64  2.13-4.el9                      ol9_baseos_latest   32 k
#11 90.32  libsmartcols               x86_64  2.37.4-25.0.1.el9               ol9_baseos_latest   60 k
#11 90.32  libtasn1                   x86_64  4.16.0-10.el9_8                 ol9_baseos_latest   81 k
#11 90.32  libtool-ltdl               x86_64  2.4.6-46.el9                    ol9_baseos_latest   34 k
#11 90.32  libutempter                x86_64  1.2.1-6.el9                     ol9_baseos_latest   27 k
#11 90.32  libuuid                    x86_64  2.37.4-25.0.1.el9               ol9_baseos_latest   25 k
#11 90.32  libverto                   x86_64  0.3.2-3.el9                     ol9_baseos_latest   27 k
#11 90.32  libxcrypt                  x86_64  4.4.18-3.el9                    ol9_baseos_latest  125 k
#11 90.32  libzstd                    x86_64  1.5.5-1.el9                     ol9_baseos_latest  294 k
#11 90.32  lz4-libs                   x86_64  1.9.3-5.el9                     ol9_baseos_latest   68 k
#11 90.32  mpfr                       x86_64  4.1.0-10.el9                    ol9_baseos_latest  331 k
#11 90.32  ncurses-base               noarch  6.2-12.20210508.el9             ol9_baseos_latest  212 k
#11 90.32  openldap                   x86_64  2.6.8-4.el9                     ol9_baseos_latest  279 k
#11 90.32  openssl                    x86_64  1:3.5.5-6.0.1.el9_8             ol9_baseos_latest  1.6 M
#11 90.32  openssl-fips-provider      x86_64  3.0.7-11.0.1.el9_8              ol9_baseos_latest  7.9 k
#11 90.32  openssl-fips-provider-so   x86_64  3.0.7-11.0.1.el9_8              ol9_baseos_latest  575 k
#11 90.32  p11-kit                    x86_64  0.26.4-1.el9_8                  ol9_baseos_latest  677 k
#11 90.32  p11-kit-trust              x86_64  0.26.4-1.el9_8                  ol9_baseos_latest  162 k
#11 90.32  pcre                       x86_64  8.44-4.el9                      ol9_baseos_latest  203 k
#11 90.32  pcre2                      x86_64  10.40-6.0.1.el9                 ol9_baseos_latest  233 k
#11 90.32  pcre2-syntax               noarch  10.40-6.0.1.el9                 ol9_baseos_latest  155 k
#11 90.32  readline                   x86_64  8.1-4.el9                       ol9_baseos_latest  218 k
#11 90.32  redhat-release             x86_64  3:9.8-0.7.0.1.el9               ol9_baseos_latest   18 k
#11 90.32  setup                      noarch  2.13.7-10.el9                   ol9_baseos_latest  175 k
#11 90.32  systemd-libs               x86_64  252-67.0.2.el9_8.4              ol9_baseos_latest  667 k
#11 90.32  util-linux-core            x86_64  2.37.4-25.0.1.el9               ol9_baseos_latest  516 k
#11 90.32  xz-libs                    x86_64  5.2.5-8.el9_0                   ol9_baseos_latest   92 k
#11 90.32 
#11 90.32 Transaction Summary
#11 90.32 ============================================================================================
#11 90.32 Install  83 Packages
#11 90.32 
#11 90.32 Total download size: 46 M
#11 90.32 Installed size: 120 M
#11 90.32 Downloading Packages:
#11 90.38 (1/83): basesystem-11-13.el9.noarch.rpm         159 kB/s | 7.4 kB     00:00    
#11 90.38 (2/83): alternatives-1.24-2.0.1.el9.x86_64.rpm  758 kB/s |  37 kB     00:00    
#11 90.38 (3/83): audit-libs-3.1.5-8.0.1.el9.x86_64.rpm   2.4 MB/s | 127 kB     00:00    
#11 90.39 (4/83): bzip2-libs-1.0.8-11.el9.x86_64.rpm      7.8 MB/s |  39 kB     00:00    
#11 90.41 (5/83): ca-certificates-2025.2.80_v9.0.305-91.e  40 MB/s | 960 kB     00:00    
#11 90.44 (6/83): coreutils-8.32-41.0.1.el9_8.1.x86_64.rp  22 MB/s | 1.2 MB     00:00    
#11 90.45 (7/83): bash-5.1.8-9.el9.x86_64.rpm              24 MB/s | 1.8 MB     00:00    
#11 90.46 (8/83): cracklib-2.9.6-28.el9.x86_64.rpm         11 MB/s | 144 kB     00:00    
#11 90.47 (9/83): crypto-policies-20260224-1.0.1.gitea0f0  17 MB/s | 189 kB     00:00    
#11 90.48 (10/83): coreutils-common-8.32-41.0.1.el9_8.1.x  29 MB/s | 2.1 MB     00:00    
#11 90.49 (11/83): cyrus-sasl-lib-2.1.27-22.el9.x86_64.rp  30 MB/s | 781 kB     00:00    
#11 90.53 (12/83): cracklib-dicts-2.9.6-28.el9.x86_64.rpm  50 MB/s | 3.7 MB     00:00    
#11 90.54 (13/83): filesystem-3.16-5.el9.x86_64.rpm        20 MB/s | 1.1 MB     00:00    
#11 90.54 (14/83): findutils-4.8.0-7.el9.x86_64.rpm        12 MB/s | 591 kB     00:00    
#11 90.55 (15/83): gdbm-libs-1.23-1.el9.x86_64.rpm        6.2 MB/s |  55 kB     00:00    
#11 90.57 (16/83): gawk-5.1.0-6.el9.x86_64.rpm             27 MB/s | 1.0 MB     00:00    
#11 90.57 (17/83): glibc-common-2.34-275.0.1.el9_8.x86_64  14 MB/s | 334 kB     00:00    
#11 90.57 (18/83): glibc-minimal-langpack-2.34-275.0.1.el 7.3 MB/s |  33 kB     00:00    
#11 90.58 (19/83): grep-3.6-5.el9.x86_64.rpm               35 MB/s | 319 kB     00:00    
#11 90.59 (20/83): glibc-2.34-275.0.1.el9_8.x86_64.rpm     44 MB/s | 2.0 MB     00:00    
#11 90.59 (21/83): gmp-6.2.0-13.el9.x86_64.rpm             14 MB/s | 324 kB     00:00    
#11 90.60 (22/83): gzip-1.12-2.el9_8.x86_64.rpm            13 MB/s | 192 kB     00:00    
#11 90.60 (23/83): keyutils-libs-1.6.3-1.el9.x86_64.rpm   8.0 MB/s |  35 kB     00:00    
#11 90.61 (24/83): hostname-3.23-6.el9.x86_64.rpm         2.2 MB/s |  34 kB     00:00    
#11 90.61 (25/83): libacl-2.4.0-1.el9_8.x86_64.rpm        2.9 MB/s |  24 kB     00:00    
#11 90.61 (26/83): krb5-libs-1.21.1-10.0.1.el9_8.x86_64.r  48 MB/s | 777 kB     00:00    
#11 90.61 (27/83): libattr-2.6.0-1.el9_8.x86_64.rpm       2.4 MB/s |  17 kB     00:00    
#11 90.62 (28/83): libblkid-2.37.4-25.0.1.el9.x86_64.rpm   11 MB/s | 105 kB     00:00    
#11 90.62 (29/83): libcap-2.48-10.el9_8.1.x86_64.rpm       12 MB/s |  80 kB     00:00    
#11 90.62 (30/83): libcap-ng-0.8.2-7.el9.x86_64.rpm       6.0 MB/s |  37 kB     00:00    
#11 90.62 (31/83): libcom_err-1.46.5-8.el9.x86_64.rpm     4.3 MB/s |  25 kB     00:00    
#11 90.63 (32/83): libeconf-0.4.1-7.el9_8.x86_64.rpm      6.9 MB/s |  32 kB     00:00    
#11 90.64 (33/83): libdb-5.3.28-57.0.1.el9_6.x86_64.rpm    44 MB/s | 741 kB     00:00    
#11 90.64 (34/83): libfdisk-2.37.4-25.0.1.el9.x86_64.rpm   11 MB/s | 151 kB     00:00    
#11 90.64 (35/83): libffi-3.4.2-8.el9.x86_64.rpm          7.4 MB/s |  36 kB     00:00    
#11 90.65 (36/83): libevent-2.1.12-8.el9_4.x86_64.rpm      11 MB/s | 267 kB     00:00    
#11 90.65 (37/83): libgcc-11.5.0-14.0.1.el9.x86_64.rpm     11 MB/s |  94 kB     00:00    
#11 90.66 (38/83): libgcrypt-1.10.0-13.el9_8.x86_64.rpm    35 MB/s | 511 kB     00:00    
#11 90.66 (39/83): libgpg-error-1.42-5.el9.x86_64.rpm      17 MB/s | 240 kB     00:00    
#11 90.66 (40/83): libmount-2.37.4-25.0.1.el9.x86_64.rpm  9.7 MB/s | 132 kB     00:00    
#11 90.67 (41/83): libpwquality-1.4.4-8.el9.x86_64.rpm     20 MB/s | 171 kB     00:00    
#11 90.67 (42/83): libselinux-3.6-3.el9.x86_64.rpm         10 MB/s |  85 kB     00:00    
#11 90.67 (43/83): libsemanage-3.6-5.el9_6.x86_64.rpm      14 MB/s | 122 kB     00:00    
#11 90.67 (44/83): libsigsegv-2.13-4.el9.x86_64.rpm       6.2 MB/s |  32 kB     00:00    
#11 90.68 (45/83): libsmartcols-2.37.4-25.0.1.el9.x86_64.  13 MB/s |  60 kB     00:00    
#11 90.68 (46/83): libsepol-3.6-3.el9.x86_64.rpm           24 MB/s | 328 kB     00:00    
#11 90.68 (47/83): libtasn1-4.16.0-10.el9_8.x86_64.rpm     14 MB/s |  81 kB     00:00    
#11 90.69 (48/83): libutempter-1.2.1-6.el9.x86_64.rpm     5.6 MB/s |  27 kB     00:00    
#11 90.69 (49/83): libstdc++-11.5.0-14.0.1.el9.x86_64.rpm  40 MB/s | 757 kB     00:00    
#11 90.70 (50/83): libuuid-2.37.4-25.0.1.el9.x86_64.rpm   3.8 MB/s |  25 kB     00:00    
#11 90.70 (51/83): libtool-ltdl-2.4.6-46.el9.x86_64.rpm   2.1 MB/s |  34 kB     00:00    
#11 90.70 (52/83): libverto-0.3.2-3.el9.x86_64.rpm        6.2 MB/s |  27 kB     00:00    
#11 90.70 (53/83): libxcrypt-4.4.18-3.el9.x86_64.rpm       20 MB/s | 125 kB     00:00    
#11 90.71 (54/83): lz4-libs-1.9.3-5.el9.x86_64.rpm         11 MB/s |  68 kB     00:00    
#11 90.71 (55/83): libzstd-1.5.5-1.el9.x86_64.rpm          26 MB/s | 294 kB     00:00    
#11 90.71 (56/83): ncurses-base-6.2-12.20210508.el9.noarc  27 MB/s | 212 kB     00:00    
#11 90.72 (57/83): ncurses-libs-6.2-12.20210508.el9.x86_6  38 MB/s | 332 kB     00:00    
#11 90.72 (58/83): openldap-2.6.8-4.el9.x86_64.rpm         32 MB/s | 279 kB     00:00    
#11 90.73 (59/83): mpfr-4.1.0-10.el9.x86_64.rpm            14 MB/s | 331 kB     00:00    
#11 90.73 (60/83): openssl-fips-provider-3.0.7-11.0.1.el9 676 kB/s | 7.9 kB     00:00    
#11 90.74 (61/83): openssl-3.5.5-6.0.1.el9_8.x86_64.rpm    63 MB/s | 1.6 MB     00:00    
#11 90.75 (62/83): openssl-fips-provider-so-3.0.7-11.0.1.  21 MB/s | 575 kB     00:00    
#11 90.80 (63/83): p11-kit-0.26.4-1.el9_8.x86_64.rpm       13 MB/s | 677 kB     00:00    
#11 90.82 (64/83): openssl-libs-3.5.5-6.0.1.el9_8.x86_64.  28 MB/s | 2.3 MB     00:00    
#11 90.82 (65/83): p11-kit-trust-0.26.4-1.el9_8.x86_64.rp 8.9 MB/s | 162 kB     00:00    
#11 90.83 (66/83): pcre-8.44-4.el9.x86_64.rpm              27 MB/s | 203 kB     00:00    
#11 90.84 (67/83): pam-1.5.1-28.0.1.el9_8.1.x86_64.rpm     42 MB/s | 789 kB     00:00    
#11 90.84 (68/83): pcre2-10.40-6.0.1.el9.x86_64.rpm        21 MB/s | 233 kB     00:00    
#11 90.84 (69/83): pcre2-syntax-10.40-6.0.1.el9.noarch.rp  24 MB/s | 155 kB     00:00    
#11 90.85 (70/83): procps-ng-3.3.17-14.0.1.el9.x86_64.rpm  41 MB/s | 382 kB     00:00    
#11 90.85 (71/83): readline-8.1-4.el9.x86_64.rpm           22 MB/s | 218 kB     00:00    
#11 90.86 (72/83): redhat-release-9.8-0.7.0.1.el9.x86_64. 2.4 MB/s |  18 kB     00:00    
#11 90.88 (73/83): oraclelinux-release-9.8-1.0.7.el9.x86_  43 MB/s | 6.0 MB     00:00    
#11 90.89 (74/83): sed-4.8-10.el9.x86_64.rpm               10 MB/s | 345 kB     00:00    
#11 90.89 (75/83): setup-2.13.7-10.el9.noarch.rpm         5.6 MB/s | 175 kB     00:00    
#11 90.92 (76/83): shadow-utils-4.9-16.el9.x86_64.rpm      41 MB/s | 1.5 MB     00:00    
#11 90.93 (77/83): systemd-libs-252-67.0.2.el9_8.4.x86_64  18 MB/s | 667 kB     00:00    
#11 90.94 (78/83): sudo-1.9.17p2-3.el9_8.x86_64.rpm        27 MB/s | 1.4 MB     00:00    
#11 90.97 (79/83): util-linux-core-2.37.4-25.0.1.el9.x86_  18 MB/s | 516 kB     00:00    
#11 90.98 (80/83): tzdata-2026c-1.el9_8.noarch.rpm         38 MB/s | 2.3 MB     00:00    
#11 90.98 (81/83): xz-libs-5.2.5-8.el9_0.x86_64.rpm       6.4 MB/s |  92 kB     00:00    
#11 90.99 (82/83): zlib-1.2.11-40.el9.x86_64.rpm           19 MB/s |  95 kB     00:00    
#11 91.00 (83/83): util-linux-2.37.4-25.0.1.el9.x86_64.rp  33 MB/s | 2.5 MB     00:00    
#11 91.01 --------------------------------------------------------------------------------
#11 91.01 Total                                            68 MB/s |  46 MB     00:00     
#11 91.02 Oracle Linux 9 BaseOS Latest (x86_64)           6.1 MB/s | 6.2 kB     00:00    
#11 91.16 Importing GPG key 0x8D8B756F:
#11 91.16  Userid     : "Oracle Linux (release key 1) <secalert_us@oracle.com>"
#11 91.16  Fingerprint: 3E6D 826D 3FBA B389 C2F3 8E34 BC4D 06A0 8D8B 756F
#11 91.16  From       : /etc/pki/rpm-gpg/RPM-GPG-KEY-oracle
#11 91.17 Key imported successfully
#11 91.17 Importing GPG key 0x8B4EFBE6:
#11 91.17  Userid     : "Oracle Linux (backup key 1) <secalert_us@oracle.com>"
#11 91.17  Fingerprint: 9822 3175 9C74 6706 5D0C E9B2 A7DD 0708 8B4E FBE6
#11 91.17  From       : /etc/pki/rpm-gpg/RPM-GPG-KEY-oracle
#11 91.17 Key imported successfully
#11 92.70 Running transaction check
#11 92.76 Transaction check succeeded.
#11 92.76 Running transaction test
#11 93.35 Transaction test succeeded.
#11 93.35 Running transaction
#11 93.97   Running scriptlet: filesystem-3.16-5.el9.x86_64                           1/1 
#11 94.05   Preparing        :                                                        1/1 
#11 94.22   Installing       : tzdata-2026c-1.el9_8.noarch                           1/83 
#11 94.23   Installing       : redhat-release-3:9.8-0.7.0.1.el9.x86_64               2/83 
#11 94.24   Installing       : pcre2-syntax-10.40-6.0.1.el9.noarch                   3/83 
#11 94.26   Installing       : ncurses-base-6.2-12.20210508.el9.noarch               4/83 
#11 94.27   Installing       : ncurses-libs-6.2-12.20210508.el9.x86_64               5/83 
#11 94.28   Installing       : oraclelinux-release-9:9.8-1.0.7.el9.x86_64            6/83 
#11 94.29   Installing       : setup-2.13.7-10.el9.noarch                            7/83 
#11 94.29   Running scriptlet: setup-2.13.7-10.el9.noarch                            7/83 
#11 94.47   Installing       : filesystem-3.16-5.el9.x86_64                          8/83 
#11 94.52   Installing       : basesystem-11-13.el9.noarch                           9/83 
#11 94.55   Installing       : bash-5.1.8-9.el9.x86_64                              10/83 
#11 94.56   Running scriptlet: bash-5.1.8-9.el9.x86_64                              10/83 
#11 94.56   Installing       : libgcc-11.5.0-14.0.1.el9.x86_64                      11/83 
#11 94.56   Running scriptlet: libgcc-11.5.0-14.0.1.el9.x86_64                      11/83 
#11 94.56   Installing       : glibc-minimal-langpack-2.34-275.0.1.el9_8.x86_64     12/83 
#11 94.58   Installing       : glibc-common-2.34-275.0.1.el9_8.x86_64               13/83 
#11 94.58   Running scriptlet: glibc-2.34-275.0.1.el9_8.x86_64                      14/83 
#11 94.62   Installing       : glibc-2.34-275.0.1.el9_8.x86_64                      14/83 
#11 94.63   Running scriptlet: glibc-2.34-275.0.1.el9_8.x86_64                      14/83 
#11 95.27   Installing       : libuuid-2.37.4-25.0.1.el9.x86_64                     15/83 
#11 95.28   Installing       : libxcrypt-4.4.18-3.el9.x86_64                        16/83 
#11 95.28   Installing       : zlib-1.2.11-40.el9.x86_64                            17/83 
#11 95.29   Installing       : gmp-1:6.2.0-13.el9.x86_64                            18/83 
#11 95.29   Installing       : libacl-2.4.0-1.el9_8.x86_64                          19/83 
#11 95.30   Installing       : libattr-2.6.0-1.el9_8.x86_64                         20/83 
#11 95.30   Installing       : libcap-2.48-10.el9_8.1.x86_64                        21/83 
#11 95.30   Installing       : libcap-ng-0.8.2-7.el9.x86_64                         22/83 
#11 95.31   Installing       : audit-libs-3.1.5-8.0.1.el9.x86_64                    23/83 
#11 95.31   Installing       : libcom_err-1.46.5-8.el9.x86_64                       24/83 
#11 95.32   Installing       : libffi-3.4.2-8.el9.x86_64                            25/83 
#11 95.32   Installing       : libsepol-3.6-3.el9.x86_64                            26/83 
#11 95.33   Installing       : libsigsegv-2.13-4.el9.x86_64                         27/83 
#11 95.33   Installing       : libsmartcols-2.37.4-25.0.1.el9.x86_64                28/83 
#11 95.33   Installing       : libtasn1-4.16.0-10.el9_8.x86_64                      29/83 
#11 95.36   Installing       : p11-kit-0.26.4-1.el9_8.x86_64                        30/83 
#11 95.37   Installing       : readline-8.1-4.el9.x86_64                            31/83 
#11 95.39   Installing       : crypto-policies-20260224-1.0.1.gitea0f072.el9_8.no   32/83 
#11 95.39   Running scriptlet: crypto-policies-20260224-1.0.1.gitea0f072.el9_8.no   32/83 
#11 95.40   Installing       : mpfr-4.1.0-10.el9.x86_64                             33/83 
#11 95.41   Installing       : gawk-5.1.0-6.el9.x86_64                              34/83 
#11 95.42   Installing       : alternatives-1.24-2.0.1.el9.x86_64                   35/83 
#11 95.42   Installing       : p11-kit-trust-0.26.4-1.el9_8.x86_64                  36/83 
#11 95.43   Running scriptlet: p11-kit-trust-0.26.4-1.el9_8.x86_64                  36/83 
#11 95.76   Installing       : bzip2-libs-1.0.8-11.el9.x86_64                       37/83 
#11 95.78   Installing       : gdbm-libs-1:1.23-1.el9.x86_64                        38/83 
#11 95.79   Installing       : keyutils-libs-1.6.3-1.el9.x86_64                     39/83 
#11 95.81   Installing       : libdb-5.3.28-57.0.1.el9_6.x86_64                     40/83 
#11 95.82   Installing       : libeconf-0.4.1-7.el9_8.x86_64                        41/83 
#11 95.83   Installing       : libgpg-error-1.42-5.el9.x86_64                       42/83 
#11 95.84   Installing       : libgcrypt-1.10.0-13.el9_8.x86_64                     43/83 
#11 95.84   Installing       : libtool-ltdl-2.4.6-46.el9.x86_64                     44/83 
#11 95.85   Installing       : libverto-0.3.2-3.el9.x86_64                          45/83 
#11 95.85   Installing       : libzstd-1.5.5-1.el9.x86_64                           46/83 
#11 95.86   Installing       : lz4-libs-1.9.3-5.el9.x86_64                          47/83 
#11 95.86   Installing       : pcre-8.44-4.el9.x86_64                               48/83 
#11 95.87   Installing       : grep-3.6-5.el9.x86_64                                49/83 
#11 95.88   Installing       : pcre2-10.40-6.0.1.el9.x86_64                         50/83 
#11 95.88   Running scriptlet: pcre2-10.40-6.0.1.el9.x86_64                         50/83 
#11 96.21   Installing       : libselinux-3.6-3.el9.x86_64                          51/83 
#11 96.22   Installing       : sed-4.8-10.el9.x86_64                                52/83 
#11 96.24   Installing       : findutils-1:4.8.0-7.el9.x86_64                       53/83 
#11 96.24   Installing       : libsemanage-3.6-5.el9_6.x86_64                       54/83 
#11 96.28   Installing       : shadow-utils-2:4.9-16.el9.x86_64                     55/83 
#11 96.29   Running scriptlet: libutempter-1.2.1-6.el9.x86_64                       56/83 
#11 96.62   Installing       : libutempter-1.2.1-6.el9.x86_64                       56/83 
#11 96.63   Installing       : xz-libs-5.2.5-8.el9_0.x86_64                         57/83 
#11 96.70   Installing       : coreutils-common-8.32-41.0.1.el9_8.1.x86_64          58/83 
#11 96.71   Installing       : openssl-fips-provider-so-3.0.7-11.0.1.el9_8.x86_64   59/83 
#11 96.71   Installing       : openssl-fips-provider-3.0.7-11.0.1.el9_8.x86_64      60/83 
#11 96.75   Installing       : openssl-libs-1:3.5.5-6.0.1.el9_8.x86_64              61/83 
#11 96.81   Installing       : coreutils-8.32-41.0.1.el9_8.1.x86_64                 62/83 
#11 96.81   Running scriptlet: ca-certificates-2025.2.80_v9.0.305-91.el9.noarch     63/83 
#11 97.15   Installing       : ca-certificates-2025.2.80_v9.0.305-91.el9.noarch     63/83 
#11 97.16   Running scriptlet: ca-certificates-2025.2.80_v9.0.305-91.el9.noarch     63/83 
#11 98.53   Installing       : libblkid-2.37.4-25.0.1.el9.x86_64                    64/83 
#11 98.53   Running scriptlet: libblkid-2.37.4-25.0.1.el9.x86_64                    64/83 
#11 98.87   Installing       : systemd-libs-252-67.0.2.el9_8.4.x86_64               65/83 
#11 98.88   Running scriptlet: systemd-libs-252-67.0.2.el9_8.4.x86_64               65/83 
#11 99.22   Installing       : libmount-2.37.4-25.0.1.el9.x86_64                    66/83 
#11 99.23   Installing       : util-linux-core-2.37.4-25.0.1.el9.x86_64             67/83 
#11 99.24   Running scriptlet: util-linux-core-2.37.4-25.0.1.el9.x86_64             67/83 
#11 99.56   Installing       : libfdisk-2.37.4-25.0.1.el9.x86_64                    68/83 
#11 99.57   Installing       : gzip-1.12-2.el9_8.x86_64                             69/83 
#11 99.58   Installing       : cracklib-2.9.6-28.el9.x86_64                         70/83 
#11 99.65   Installing       : cracklib-dicts-2.9.6-28.el9.x86_64                   71/83 
#11 99.67   Installing       : krb5-libs-1.21.1-10.0.1.el9_8.x86_64                 72/83 
#11 99.68   Installing       : cyrus-sasl-lib-2.1.27-22.el9.x86_64                  73/83 
#11 99.70   Installing       : openssl-1:3.5.5-6.0.1.el9_8.x86_64                   74/83 
#11 99.71   Installing       : libpwquality-1.4.4-8.el9.x86_64                      75/83 
#11 99.76   Installing       : pam-1.5.1-28.0.1.el9_8.1.x86_64                      76/83 
#11 99.77   Installing       : libevent-2.1.12-8.el9_4.x86_64                       77/83 
#11 99.78   Installing       : openldap-2.6.8-4.el9.x86_64                          78/83 
#11 99.83   Installing       : sudo-1.9.17p2-3.el9_8.x86_64                         79/83 
#11 99.83   Running scriptlet: sudo-1.9.17p2-3.el9_8.x86_64                         79/83 
#11 100.2   Installing       : util-linux-2.37.4-25.0.1.el9.x86_64                  80/83 
#11 100.3   Installing       : procps-ng-3.3.17-14.0.1.el9.x86_64                   81/83 
#11 100.3   Installing       : hostname-3.23-6.el9.x86_64                           82/83 
#11 100.3   Running scriptlet: hostname-3.23-6.el9.x86_64                           82/83 
#11 100.6   Installing       : libstdc++-11.5.0-14.0.1.el9.x86_64                   83/83 
#11 100.6   Running scriptlet: filesystem-3.16-5.el9.x86_64                         83/83 
#11 100.9   Running scriptlet: ca-certificates-2025.2.80_v9.0.305-91.el9.noarch     83/83 
#11 102.3   Running scriptlet: libstdc++-11.5.0-14.0.1.el9.x86_64                   83/83 
#11 102.8   Verifying        : alternatives-1.24-2.0.1.el9.x86_64                    1/83 
#11 102.8   Verifying        : audit-libs-3.1.5-8.0.1.el9.x86_64                     2/83 
#11 102.8   Verifying        : basesystem-11-13.el9.noarch                           3/83 
#11 102.8   Verifying        : bash-5.1.8-9.el9.x86_64                               4/83 
#11 102.8   Verifying        : bzip2-libs-1.0.8-11.el9.x86_64                        5/83 
#11 102.8   Verifying        : ca-certificates-2025.2.80_v9.0.305-91.el9.noarch      6/83 
#11 102.8   Verifying        : coreutils-8.32-41.0.1.el9_8.1.x86_64                  7/83 
#11 102.8   Verifying        : coreutils-common-8.32-41.0.1.el9_8.1.x86_64           8/83 
#11 102.8   Verifying        : cracklib-2.9.6-28.el9.x86_64                          9/83 
#11 102.8   Verifying        : cracklib-dicts-2.9.6-28.el9.x86_64                   10/83 
#11 102.8   Verifying        : crypto-policies-20260224-1.0.1.gitea0f072.el9_8.no   11/83 
#11 102.8   Verifying        : cyrus-sasl-lib-2.1.27-22.el9.x86_64                  12/83 
#11 102.8   Verifying        : filesystem-3.16-5.el9.x86_64                         13/83 
#11 102.8   Verifying        : findutils-1:4.8.0-7.el9.x86_64                       14/83 
#11 102.8   Verifying        : gawk-5.1.0-6.el9.x86_64                              15/83 
#11 102.8   Verifying        : gdbm-libs-1:1.23-1.el9.x86_64                        16/83 
#11 102.8   Verifying        : glibc-2.34-275.0.1.el9_8.x86_64                      17/83 
#11 102.8   Verifying        : glibc-common-2.34-275.0.1.el9_8.x86_64               18/83 
#11 102.8   Verifying        : glibc-minimal-langpack-2.34-275.0.1.el9_8.x86_64     19/83 
#11 102.8   Verifying        : gmp-1:6.2.0-13.el9.x86_64                            20/83 
#11 102.8   Verifying        : grep-3.6-5.el9.x86_64                                21/83 
#11 102.8   Verifying        : gzip-1.12-2.el9_8.x86_64                             22/83 
#11 102.8   Verifying        : hostname-3.23-6.el9.x86_64                           23/83 
#11 102.8   Verifying        : keyutils-libs-1.6.3-1.el9.x86_64                     24/83 
#11 102.8   Verifying        : krb5-libs-1.21.1-10.0.1.el9_8.x86_64                 25/83 
#11 102.8   Verifying        : libacl-2.4.0-1.el9_8.x86_64                          26/83 
#11 102.8   Verifying        : libattr-2.6.0-1.el9_8.x86_64                         27/83 
#11 102.8   Verifying        : libblkid-2.37.4-25.0.1.el9.x86_64                    28/83 
#11 102.8   Verifying        : libcap-2.48-10.el9_8.1.x86_64                        29/83 
#11 102.8   Verifying        : libcap-ng-0.8.2-7.el9.x86_64                         30/83 
#11 102.8   Verifying        : libcom_err-1.46.5-8.el9.x86_64                       31/83 
#11 102.8   Verifying        : libdb-5.3.28-57.0.1.el9_6.x86_64                     32/83 
#11 102.8   Verifying        : libeconf-0.4.1-7.el9_8.x86_64                        33/83 
#11 102.8   Verifying        : libevent-2.1.12-8.el9_4.x86_64                       34/83 
#11 102.8   Verifying        : libfdisk-2.37.4-25.0.1.el9.x86_64                    35/83 
#11 102.8   Verifying        : libffi-3.4.2-8.el9.x86_64                            36/83 
#11 102.8   Verifying        : libgcc-11.5.0-14.0.1.el9.x86_64                      37/83 
#11 102.8   Verifying        : libgcrypt-1.10.0-13.el9_8.x86_64                     38/83 
#11 102.8   Verifying        : libgpg-error-1.42-5.el9.x86_64                       39/83 
#11 102.8   Verifying        : libmount-2.37.4-25.0.1.el9.x86_64                    40/83 
#11 102.8   Verifying        : libpwquality-1.4.4-8.el9.x86_64                      41/83 
#11 102.8   Verifying        : libselinux-3.6-3.el9.x86_64                          42/83 
#11 102.8   Verifying        : libsemanage-3.6-5.el9_6.x86_64                       43/83 
#11 102.8   Verifying        : libsepol-3.6-3.el9.x86_64                            44/83 
#11 102.8   Verifying        : libsigsegv-2.13-4.el9.x86_64                         45/83 
#11 102.8   Verifying        : libsmartcols-2.37.4-25.0.1.el9.x86_64                46/83 
#11 102.8   Verifying        : libstdc++-11.5.0-14.0.1.el9.x86_64                   47/83 
#11 102.8   Verifying        : libtasn1-4.16.0-10.el9_8.x86_64                      48/83 
#11 102.8   Verifying        : libtool-ltdl-2.4.6-46.el9.x86_64                     49/83 
#11 102.8   Verifying        : libutempter-1.2.1-6.el9.x86_64                       50/83 
#11 102.8   Verifying        : libuuid-2.37.4-25.0.1.el9.x86_64                     51/83 
#11 102.8   Verifying        : libverto-0.3.2-3.el9.x86_64                          52/83 
#11 102.8   Verifying        : libxcrypt-4.4.18-3.el9.x86_64                        53/83 
#11 102.8   Verifying        : libzstd-1.5.5-1.el9.x86_64                           54/83 
#11 102.8   Verifying        : lz4-libs-1.9.3-5.el9.x86_64                          55/83 
#11 102.8   Verifying        : mpfr-4.1.0-10.el9.x86_64                             56/83 
#11 102.8   Verifying        : ncurses-base-6.2-12.20210508.el9.noarch              57/83 
#11 102.8   Verifying        : ncurses-libs-6.2-12.20210508.el9.x86_64              58/83 
#11 102.8   Verifying        : openldap-2.6.8-4.el9.x86_64                          59/83 
#11 102.8   Verifying        : openssl-1:3.5.5-6.0.1.el9_8.x86_64                   60/83 
#11 102.8   Verifying        : openssl-fips-provider-3.0.7-11.0.1.el9_8.x86_64      61/83 
#11 102.8   Verifying        : openssl-fips-provider-so-3.0.7-11.0.1.el9_8.x86_64   62/83 
#11 102.8   Verifying        : openssl-libs-1:3.5.5-6.0.1.el9_8.x86_64              63/83 
#11 102.8   Verifying        : oraclelinux-release-9:9.8-1.0.7.el9.x86_64           64/83 
#11 102.8   Verifying        : p11-kit-0.26.4-1.el9_8.x86_64                        65/83 
#11 102.8   Verifying        : p11-kit-trust-0.26.4-1.el9_8.x86_64                  66/83 
#11 102.8   Verifying        : pam-1.5.1-28.0.1.el9_8.1.x86_64                      67/83 
#11 102.8   Verifying        : pcre-8.44-4.el9.x86_64                               68/83 
#11 102.8   Verifying        : pcre2-10.40-6.0.1.el9.x86_64                         69/83 
#11 102.8   Verifying        : pcre2-syntax-10.40-6.0.1.el9.noarch                  70/83 
#11 102.8   Verifying        : procps-ng-3.3.17-14.0.1.el9.x86_64                   71/83 
#11 102.8   Verifying        : readline-8.1-4.el9.x86_64                            72/83 
#11 102.8   Verifying        : redhat-release-3:9.8-0.7.0.1.el9.x86_64              73/83 
#11 102.8   Verifying        : sed-4.8-10.el9.x86_64                                74/83 
#11 102.8   Verifying        : setup-2.13.7-10.el9.noarch                           75/83 
#11 102.8   Verifying        : shadow-utils-2:4.9-16.el9.x86_64                     76/83 
#11 102.8   Verifying        : sudo-1.9.17p2-3.el9_8.x86_64                         77/83 
#11 102.8   Verifying        : systemd-libs-252-67.0.2.el9_8.4.x86_64               78/83 
#11 102.8   Verifying        : tzdata-2026c-1.el9_8.noarch                          79/83 
#11 102.8   Verifying        : util-linux-2.37.4-25.0.1.el9.x86_64                  80/83 
#11 102.8   Verifying        : util-linux-core-2.37.4-25.0.1.el9.x86_64             81/83 
#11 102.8   Verifying        : xz-libs-5.2.5-8.el9_0.x86_64                         82/83 
#11 102.8   Verifying        : zlib-1.2.11-40.el9.x86_64                            83/83 
#11 103.0 
#11 103.0 Installed:
#11 103.0   alternatives-1.24-2.0.1.el9.x86_64                                            
#11 103.0   audit-libs-3.1.5-8.0.1.el9.x86_64                                             
#11 103.0   basesystem-11-13.el9.noarch                                                   
#11 103.0   bash-5.1.8-9.el9.x86_64                                                       
#11 103.0   bzip2-libs-1.0.8-11.el9.x86_64                                                
#11 103.0   ca-certificates-2025.2.80_v9.0.305-91.el9.noarch                              
#11 103.0   coreutils-8.32-41.0.1.el9_8.1.x86_64                                          
#11 103.0   coreutils-common-8.32-41.0.1.el9_8.1.x86_64                                   
#11 103.0   cracklib-2.9.6-28.el9.x86_64                                                  
#11 103.0   cracklib-dicts-2.9.6-28.el9.x86_64                                            
#11 103.0   crypto-policies-20260224-1.0.1.gitea0f072.el9_8.noarch                        
#11 103.0   cyrus-sasl-lib-2.1.27-22.el9.x86_64                                           
#11 103.0   filesystem-3.16-5.el9.x86_64                                                  
#11 103.0   findutils-1:4.8.0-7.el9.x86_64                                                
#11 103.0   gawk-5.1.0-6.el9.x86_64                                                       
#11 103.0   gdbm-libs-1:1.23-1.el9.x86_64                                                 
#11 103.0   glibc-2.34-275.0.1.el9_8.x86_64                                               
#11 103.0   glibc-common-2.34-275.0.1.el9_8.x86_64                                        
#11 103.0   glibc-minimal-langpack-2.34-275.0.1.el9_8.x86_64                              
#11 103.0   gmp-1:6.2.0-13.el9.x86_64                                                     
#11 103.0   grep-3.6-5.el9.x86_64                                                         
#11 103.0   gzip-1.12-2.el9_8.x86_64                                                      
#11 103.0   hostname-3.23-6.el9.x86_64                                                    
#11 103.0   keyutils-libs-1.6.3-1.el9.x86_64                                              
#11 103.0   krb5-libs-1.21.1-10.0.1.el9_8.x86_64                                          
#11 103.0   libacl-2.4.0-1.el9_8.x86_64                                                   
#11 103.0   libattr-2.6.0-1.el9_8.x86_64                                                  
#11 103.0   libblkid-2.37.4-25.0.1.el9.x86_64                                             
#11 103.0   libcap-2.48-10.el9_8.1.x86_64                                                 
#11 103.0   libcap-ng-0.8.2-7.el9.x86_64                                                  
#11 103.0   libcom_err-1.46.5-8.el9.x86_64                                                
#11 103.0   libdb-5.3.28-57.0.1.el9_6.x86_64                                              
#11 103.0   libeconf-0.4.1-7.el9_8.x86_64                                                 
#11 103.0   libevent-2.1.12-8.el9_4.x86_64                                                
#11 103.0   libfdisk-2.37.4-25.0.1.el9.x86_64                                             
#11 103.0   libffi-3.4.2-8.el9.x86_64                                                     
#11 103.0   libgcc-11.5.0-14.0.1.el9.x86_64                                               
#11 103.0   libgcrypt-1.10.0-13.el9_8.x86_64                                              
#11 103.0   libgpg-error-1.42-5.el9.x86_64                                                
#11 103.0   libmount-2.37.4-25.0.1.el9.x86_64                                             
#11 103.0   libpwquality-1.4.4-8.el9.x86_64                                               
#11 103.0   libselinux-3.6-3.el9.x86_64                                                   
#11 103.0   libsemanage-3.6-5.el9_6.x86_64                                                
#11 103.0   libsepol-3.6-3.el9.x86_64                                                     
#11 103.0   libsigsegv-2.13-4.el9.x86_64                                                  
#11 103.0   libsmartcols-2.37.4-25.0.1.el9.x86_64                                         
#11 103.0   libstdc++-11.5.0-14.0.1.el9.x86_64                                            
#11 103.0   libtasn1-4.16.0-10.el9_8.x86_64                                               
#11 103.0   libtool-ltdl-2.4.6-46.el9.x86_64                                              
#11 103.0   libutempter-1.2.1-6.el9.x86_64                                                
#11 103.0   libuuid-2.37.4-25.0.1.el9.x86_64                                              
#11 103.0   libverto-0.3.2-3.el9.x86_64                                                   
#11 103.0   libxcrypt-4.4.18-3.el9.x86_64                                                 
#11 103.0   libzstd-1.5.5-1.el9.x86_64                                                    
#11 103.0   lz4-libs-1.9.3-5.el9.x86_64                                                   
#11 103.0   mpfr-4.1.0-10.el9.x86_64                                                      
#11 103.0   ncurses-base-6.2-12.20210508.el9.noarch                                       
#11 103.0   ncurses-libs-6.2-12.20210508.el9.x86_64                                       
#11 103.0   openldap-2.6.8-4.el9.x86_64                                                   
#11 103.0   openssl-1:3.5.5-6.0.1.el9_8.x86_64                                            
#11 103.0   openssl-fips-provider-3.0.7-11.0.1.el9_8.x86_64                               
#11 103.0   openssl-fips-provider-so-3.0.7-11.0.1.el9_8.x86_64                            
#11 103.0   openssl-libs-1:3.5.5-6.0.1.el9_8.x86_64                                       
#11 103.0   oraclelinux-release-9:9.8-1.0.7.el9.x86_64                                    
#11 103.0   p11-kit-0.26.4-1.el9_8.x86_64                                                 
#11 103.0   p11-kit-trust-0.26.4-1.el9_8.x86_64                                           
#11 103.0   pam-1.5.1-28.0.1.el9_8.1.x86_64                                               
#11 103.0   pcre-8.44-4.el9.x86_64                                                        
#11 103.0   pcre2-10.40-6.0.1.el9.x86_64                                                  
#11 103.0   pcre2-syntax-10.40-6.0.1.el9.noarch                                           
#11 103.0   procps-ng-3.3.17-14.0.1.el9.x86_64                                            
#11 103.0   readline-8.1-4.el9.x86_64                                                     
#11 103.0   redhat-release-3:9.8-0.7.0.1.el9.x86_64                                       
#11 103.0   sed-4.8-10.el9.x86_64                                                         
#11 103.0   setup-2.13.7-10.el9.noarch                                                    
#11 103.0   shadow-utils-2:4.9-16.el9.x86_64                                              
#11 103.0   sudo-1.9.17p2-3.el9_8.x86_64                                                  
#11 103.0   systemd-libs-252-67.0.2.el9_8.4.x86_64                                        
#11 103.0   tzdata-2026c-1.el9_8.noarch                                                   
#11 103.0   util-linux-2.37.4-25.0.1.el9.x86_64                                           
#11 103.0   util-linux-core-2.37.4-25.0.1.el9.x86_64                                      
#11 103.0   xz-libs-5.2.5-8.el9_0.x86_64                                                  
#11 103.0   zlib-1.2.11-40.el9.x86_64                                                     
#11 103.0 
#11 103.0 Complete!
#11 103.1 Verifying...                          ########################################
#11 103.4 Preparing...                          ########################################
#11 103.7 Updating / installing...
#11 103.7 riak-3.4.0.OTP24-1.el9                ########################################
#11 DONE 105.0s

#12 [package-amd64 1/1] COPY --from=install-amd64 /openriak-rootfs/ /
#12 DONE 0.7s

#13 [final 1/4] RUN <<'OPENRIAK_IMAGE_SETUP' (set -eu...)
#13 0.146 uid=999(riak) gid=999(riak) groups=999(riak)
#13 DONE 0.3s

#14 [final 2/4] COPY <<OPENRIAK_ENTRYPOINT /usr/local/bin/openriak-entrypoint
#14 DONE 0.0s

#15 [final 3/4] COPY <<OPENRIAK_HEALTHCHECK /usr/local/bin/openriak-healthcheck
#15 DONE 0.0s

#16 [final 4/4] RUN <<'OPENRIAK_SCRIPT_SETUP' (set -eu...)
#16 DONE 0.1s

#17 exporting to docker image format
#17 exporting layers
#17 exporting layers 6.9s done
#17 exporting manifest sha256:a59211aaed61a55d07b53eaaa42f88c430c75ff042e062229a5022d3fd395805 done
#17 exporting config sha256:db79ad2df0f59137133d3ce4b1df4225b2eb2e41ff11d2b5d30fae8d71a5abf1 done
#17 sending tarball
#17 ...

#18 importing to docker
#18 loading layer a8b5a0e67c42 557.06kB / 81.63MB
#18 loading layer a8b5a0e67c42 81.63MB / 81.63MB 2.1s
#18 loading layer d9a9d965a0e0 23.58kB / 23.58kB
#18 loading layer a8b5a0e67c42 81.63MB / 81.63MB 2.2s done
#18 loading layer d9a9d965a0e0 23.58kB / 23.58kB 0.0s done
#18 loading layer 663f011f3195 7.70kB / 7.70kB 0.0s done
#18 loading layer 6a81f26f7475 390B / 390B 0.0s done
#18 loading layer 7ec81600895a 7.88kB / 7.88kB 0.0s done
#18 DONE 2.2s

#17 exporting to docker image format
#17 sending tarball 2.9s done
#17 DONE 9.8s

timeout_seconds: 3600
exit_code: 0
