$ /usr/bin/docker buildx build --builder openriak-kv-multiarch --platform linux/amd64,linux/arm64 --pull=false --tag tiotjp/openriak-kv:3.4.1-ubuntu-noble-otp26 --tag tiotjp/openriak-kv:3.4.1-ubuntu-noble --tag tiotjp/openriak-kv:3.4.1-ubuntu --output type=oci,dest=/home/peter/openriak-builds/openriak-distributed/openriak-docker-2026-09-11-b/living-room-a/20260911T084617.243958Z/results/3.4.1/3.4.1-ubuntu-noble-otp26/runs/20260911T131340.127806Z/image.oci.tar /home/peter/openriak-builds/openriak-distributed/openriak-docker-2026-09-11-b/living-room-a/20260911T084617.243958Z/results/3.4.1/3.4.1-ubuntu-noble-otp26
started: 2026-09-11T14:18:50Z
#0 building with "openriak-kv-multiarch" instance using docker-container driver

#1 [internal] load build definition from Dockerfile
#1 transferring dockerfile: 44.74kB done
#1 DONE 0.0s

#2 resolve image config for docker-image://docker.io/docker/dockerfile:1.7
#2 DONE 1.0s

#3 docker-image://docker.io/docker/dockerfile:1.7@sha256:a57df69d0ea827fb7266491f2813635de6f17269be881f696fbfdf2d83dda33e
#3 resolve docker.io/docker/dockerfile:1.7@sha256:a57df69d0ea827fb7266491f2813635de6f17269be881f696fbfdf2d83dda33e 0.0s done
#3 CACHED

#4 [linux/amd64 internal] load metadata for docker.io/library/ubuntu:noble@sha256:224a1869083a311ef3f13648a154ba79832fbef6364d31493642ca03082da254
#4 ...

#5 [linux/arm64 internal] load metadata for docker.io/library/ubuntu:noble@sha256:224a1869083a311ef3f13648a154ba79832fbef6364d31493642ca03082da254
#5 DONE 0.7s

#4 [linux/amd64 internal] load metadata for docker.io/library/ubuntu:noble@sha256:224a1869083a311ef3f13648a154ba79832fbef6364d31493642ca03082da254
#4 DONE 0.7s

#6 [internal] load .dockerignore
#6 transferring context: 42B done
#6 DONE 0.0s

#7 [linux/amd64 download-amd64 1/1] ADD --checksum=sha256:b043303d429de66f0ae1f8e52eaee9932672df5fc8ecef80378f18bc394b3dca https://files.tiot.jp/riak/kv/3.4/3.4.1/ubuntu/noble64/riak_3.4.1-OTP26_amd64.deb /riak_3.4.1-OTP26_amd64.deb
#7 DONE 0.0s

#8 [internal] preparing inline document
#8 DONE 0.0s

#9 [linux/arm64 download-arm64 1/1] ADD --checksum=sha256:10db7a40a0a6a96a494b281102335d871581b722e45badb7280e7874c491fab4 https://files.tiot.jp/riak/kv/3.4/3.4.1/ubuntu/noble%20(graviton3)/riak_3.4.1-OTP26_arm64.deb /riak_3.4.1-OTP26_arm64.deb
#9 DONE 0.0s

#10 [internal] preparing inline document
#10 DONE 0.0s

#11 [linux/arm64 install-arm64 1/2] FROM docker.io/library/ubuntu:noble@sha256:224a1869083a311ef3f13648a154ba79832fbef6364d31493642ca03082da254
#11 resolve docker.io/library/ubuntu:noble@sha256:224a1869083a311ef3f13648a154ba79832fbef6364d31493642ca03082da254 done
#11 DONE 0.0s

#12 [linux/amd64 install-amd64 1/2] FROM docker.io/library/ubuntu:noble@sha256:224a1869083a311ef3f13648a154ba79832fbef6364d31493642ca03082da254
#12 resolve docker.io/library/ubuntu:noble@sha256:224a1869083a311ef3f13648a154ba79832fbef6364d31493642ca03082da254 done
#12 DONE 0.0s

#13 [linux/arm64 package-arm64 1/1] COPY --from=install-arm64 / /
#13 CACHED

#14 [linux/arm64 final 3/4] COPY <<OPENRIAK_HEALTHCHECK /usr/local/bin/openriak-healthcheck
#14 CACHED

#15 [linux/arm64 final 2/4] COPY <<OPENRIAK_ENTRYPOINT /usr/local/bin/openriak-entrypoint
#15 CACHED

#16 [linux/arm64 install-arm64 2/2] RUN --mount=type=bind,from=download-arm64,target=/opt/openriak-package,ro <<'OPENRIAK_PACKAGE_INSTALL' (set -eu...)
#16 CACHED

#17 [linux/arm64 download-arm64 1/1] ADD --checksum=sha256:10db7a40a0a6a96a494b281102335d871581b722e45badb7280e7874c491fab4 https://files.tiot.jp/riak/kv/3.4/3.4.1/ubuntu/noble%20(graviton3)/riak_3.4.1-OTP26_arm64.deb /riak_3.4.1-OTP26_arm64.deb
#17 CACHED

#18 [final 1/4] RUN <<'OPENRIAK_IMAGE_SETUP' (set -eu...)
#18 CACHED

#19 [final 4/4] RUN <<'OPENRIAK_SCRIPT_SETUP' (set -eu...)
#19 CACHED

#20 [linux/amd64 package-amd64 1/1] COPY --from=install-amd64 / /
#20 CACHED

#21 [linux/amd64 final 3/4] COPY <<OPENRIAK_HEALTHCHECK /usr/local/bin/openriak-healthcheck
#21 CACHED

#22 [linux/amd64 install-amd64 2/2] RUN --mount=type=bind,from=download-amd64,target=/opt/openriak-package,ro <<'OPENRIAK_PACKAGE_INSTALL' (set -eu...)
#22 CACHED

#23 [final 1/4] RUN <<'OPENRIAK_IMAGE_SETUP' (set -eu...)
#23 CACHED

#24 [linux/amd64 final 2/4] COPY <<OPENRIAK_ENTRYPOINT /usr/local/bin/openriak-entrypoint
#24 CACHED

#25 [linux/amd64 download-amd64 1/1] ADD --checksum=sha256:b043303d429de66f0ae1f8e52eaee9932672df5fc8ecef80378f18bc394b3dca https://files.tiot.jp/riak/kv/3.4/3.4.1/ubuntu/noble64/riak_3.4.1-OTP26_amd64.deb /riak_3.4.1-OTP26_amd64.deb
#25 CACHED

#26 [final 4/4] RUN <<'OPENRIAK_SCRIPT_SETUP' (set -eu...)
#26 CACHED

#27 exporting to oci image format
#27 exporting layers done
#27 exporting manifest sha256:e8e277b6af92d7477836a8ecdea2bb9fed69747c68e08e76597c8746cb3133bf done
#27 exporting config sha256:9217db35bb17dba5d140fe03b906443f3bf5ab5a52f805bae09f1e84519ea960 done
#27 exporting attestation manifest sha256:a25cb171a074b3f6d2cfd8dfe2a686dade8213a232695d223bec2e9e533ab53d done
#27 exporting manifest sha256:2801a0f623ad1e249b531247706bb519897f9c4d785e69dde22452a1f7a37015 done
#27 exporting config sha256:cbf0be934f7c076542509298513f384e2dd7905144d8c281dbdd8ff1e5cdb59a done
#27 exporting attestation manifest sha256:2ba1903ef8192aa29539499bdec4db6400286d986cedb6da1de6aa321c0ac36f done
#27 exporting manifest list sha256:a7a1be7c6a2f9d3b1722f1dea276f91554261c3c614226264ee396ea2d06d11b done
#27 sending tarball
#27 sending tarball 1.2s done
#27 DONE 1.2s

timeout_seconds: 3600
exit_code: 0
