$ /usr/bin/docker compose --env-file /tmp/openriak-docker-3.4.0-oracle-linux-9-otp26-4zlj60kz/.env.cluster --project-directory /tmp/openriak-docker-3.4.0-oracle-linux-9-otp26-4zlj60kz --file /tmp/openriak-docker-3.4.0-oracle-linux-9-otp26-4zlj60kz/compose.cluster.test.yaml down --remove-orphans --timeout 120
started: 2026-09-11T10:58:30Z
 Container openriak-kv-3.4.0-oracle-linux-9-otp26-node-2-t-886572z Stopping 
 Container openriak-kv-3.4.0-oracle-linux-9-otp26-node-3-t-886572z Stopping 
 Container openriak-kv-3.4.0-oracle-linux-9-otp26-node-1-t-886572z Stopping 
 Container openriak-kv-3.4.0-oracle-linux-9-otp26-node-5-t-886572z Stopping 
 Container openriak-kv-3.4.0-oracle-linux-9-otp26-node-4-t-886572z Stopping 
 Container openriak-kv-3.4.0-oracle-linux-9-otp26-node-3-t-886572z Stopped 
 Container openriak-kv-3.4.0-oracle-linux-9-otp26-node-3-t-886572z Removing 
 Container openriak-kv-3.4.0-oracle-linux-9-otp26-node-5-t-886572z Stopped 
 Container openriak-kv-3.4.0-oracle-linux-9-otp26-node-5-t-886572z Removing 
 Container openriak-kv-3.4.0-oracle-linux-9-otp26-node-4-t-886572z Stopped 
 Container openriak-kv-3.4.0-oracle-linux-9-otp26-node-4-t-886572z Removing 
 Container openriak-kv-3.4.0-oracle-linux-9-otp26-node-2-t-886572z Stopped 
 Container openriak-kv-3.4.0-oracle-linux-9-otp26-node-2-t-886572z Removing 
 Container openriak-kv-3.4.0-oracle-linux-9-otp26-node-1-t-886572z Stopped 
 Container openriak-kv-3.4.0-oracle-linux-9-otp26-node-1-t-886572z Removing 
 Container openriak-kv-3.4.0-oracle-linux-9-otp26-node-1-t-886572z Removed 
 Container openriak-kv-3.4.0-oracle-linux-9-otp26-node-2-t-886572z Removed 
 Container openriak-kv-3.4.0-oracle-linux-9-otp26-node-5-t-886572z Removed 
 Container openriak-kv-3.4.0-oracle-linux-9-otp26-node-4-t-886572z Removed 
 Container openriak-kv-3.4.0-oracle-linux-9-otp26-node-3-t-886572z Removed 
 Network openriak-kv-340-oracle-linux-9-otp26-node-cluster_openriak Removing 
 Network openriak-kv-340-oracle-linux-9-otp26-node-cluster_openriak Removed 

timeout_seconds: 3600
exit_code: 0
