$ /usr/bin/docker compose --env-file /tmp/openriak-docker-3.4.0-oracle-linux-9-otp26-4zlj60kz/.env.cluster --project-directory /tmp/openriak-docker-3.4.0-oracle-linux-9-otp26-4zlj60kz --file /tmp/openriak-docker-3.4.0-oracle-linux-9-otp26-4zlj60kz/compose.cluster.test.yaml up --detach --no-build
started: 2026-09-11T10:54:48Z
 Network openriak-kv-340-oracle-linux-9-otp26-node-cluster_openriak Creating 
 Network openriak-kv-340-oracle-linux-9-otp26-node-cluster_openriak Creating 
 Network openriak-kv-340-oracle-linux-9-otp26-node-cluster_openriak Created 
 Network openriak-kv-340-oracle-linux-9-otp26-node-cluster_openriak Created 
 Container openriak-kv-3.4.0-oracle-linux-9-otp26-node-5-t-886572z Creating 
 Container openriak-kv-3.4.0-oracle-linux-9-otp26-node-3-t-886572z Creating 
 Container openriak-kv-3.4.0-oracle-linux-9-otp26-node-1-t-886572z Creating 
 Container openriak-kv-3.4.0-oracle-linux-9-otp26-node-4-t-886572z Creating 
 Container openriak-kv-3.4.0-oracle-linux-9-otp26-node-2-t-886572z Creating 
 Container openriak-kv-3.4.0-oracle-linux-9-otp26-node-4-t-886572z Created 
 Container openriak-kv-3.4.0-oracle-linux-9-otp26-node-1-t-886572z Created 
 Container openriak-kv-3.4.0-oracle-linux-9-otp26-node-3-t-886572z Created 
 Container openriak-kv-3.4.0-oracle-linux-9-otp26-node-5-t-886572z Created 
 Container openriak-kv-3.4.0-oracle-linux-9-otp26-node-2-t-886572z Created 
 Container openriak-kv-3.4.0-oracle-linux-9-otp26-node-3-t-886572z Starting 
 Container openriak-kv-3.4.0-oracle-linux-9-otp26-node-5-t-886572z Starting 
 Container openriak-kv-3.4.0-oracle-linux-9-otp26-node-1-t-886572z Starting 
 Container openriak-kv-3.4.0-oracle-linux-9-otp26-node-2-t-886572z Starting 
 Container openriak-kv-3.4.0-oracle-linux-9-otp26-node-4-t-886572z Starting 
 Container openriak-kv-3.4.0-oracle-linux-9-otp26-node-4-t-886572z Started 
 Container openriak-kv-3.4.0-oracle-linux-9-otp26-node-3-t-886572z Started 
 Container openriak-kv-3.4.0-oracle-linux-9-otp26-node-5-t-886572z Started 
 Container openriak-kv-3.4.0-oracle-linux-9-otp26-node-2-t-886572z Started 
 Container openriak-kv-3.4.0-oracle-linux-9-otp26-node-1-t-886572z Started 

timeout_seconds: 3600
exit_code: 0
