$ /usr/bin/docker container inspect openriak-kv-3.4.0-oracle-linux-9-otp26-node-1-t-886572z
started: 2026-09-11T10:54:47Z
[]
Error response from daemon: No such container: openriak-kv-3.4.0-oracle-linux-9-otp26-node-1-t-886572z

timeout_seconds: 3600
exit_code: 1
$ /usr/bin/docker container inspect openriak-kv-3.4.0-oracle-linux-9-otp26-node-2-t-886572z
started: 2026-09-11T10:54:47Z
[]
Error response from daemon: No such container: openriak-kv-3.4.0-oracle-linux-9-otp26-node-2-t-886572z

timeout_seconds: 3600
exit_code: 1
$ /usr/bin/docker container inspect openriak-kv-3.4.0-oracle-linux-9-otp26-node-3-t-886572z
started: 2026-09-11T10:54:47Z
[]
Error response from daemon: No such container: openriak-kv-3.4.0-oracle-linux-9-otp26-node-3-t-886572z

timeout_seconds: 3600
exit_code: 1
$ /usr/bin/docker container inspect openriak-kv-3.4.0-oracle-linux-9-otp26-node-4-t-886572z
started: 2026-09-11T10:54:47Z
[]
Error response from daemon: No such container: openriak-kv-3.4.0-oracle-linux-9-otp26-node-4-t-886572z

timeout_seconds: 3600
exit_code: 1
$ /usr/bin/docker container inspect openriak-kv-3.4.0-oracle-linux-9-otp26-node-5-t-886572z
started: 2026-09-11T10:54:47Z
[]
Error response from daemon: No such container: openriak-kv-3.4.0-oracle-linux-9-otp26-node-5-t-886572z

timeout_seconds: 3600
exit_code: 1
