$ /usr/bin/docker logs openriak-kv-3.4.0-ubuntu-noble-otp26-node-4-t-271282z
started: 2026-09-11T10:03:18Z
2026-09-11T18:35:08+09:00 [openriak-entrypoint] configuration: timezone = Asia/Tokyo
usermod: no changes
2026-09-11T18:35:09+09:00 [openriak-entrypoint] configuration: riak UID/GID = 19001/19002
2026-09-11T18:35:09+09:00 [openriak-entrypoint] configuration: preparing mounted directories
2026-09-11T18:35:09+09:00 [openriak-entrypoint] configuration: seeding /etc/riak from packaged defaults
2026-09-11T18:35:10+09:00 [openriak-entrypoint] configuration: current Docker IPv4 address = 172.25.0.5
2026-09-11T18:35:10+09:00 [openriak-entrypoint] configuration: waiting for coordinator cookie before daemon startup
2026-09-11T18:35:11+09:00 [openriak-entrypoint] configuration: waiting for coordinator cookie before daemon startup
2026-09-11T18:35:12+09:00 [openriak-entrypoint] configuration: waiting for coordinator cookie before daemon startup
2026-09-11T18:35:13+09:00 [openriak-entrypoint] configuration: waiting for coordinator cookie before daemon startup
2026-09-11T18:35:14+09:00 [openriak-entrypoint] configuration: waiting for coordinator cookie before daemon startup
2026-09-11T18:35:15+09:00 [openriak-entrypoint] configuration: waiting for coordinator cookie before daemon startup
2026-09-11T18:35:16+09:00 [openriak-entrypoint] configuration: waiting for coordinator cookie before daemon startup
2026-09-11T18:35:17+09:00 [openriak-entrypoint] configuration: waiting for coordinator cookie before daemon startup
2026-09-11T18:35:18+09:00 [openriak-entrypoint] configuration: waiting for coordinator cookie before daemon startup
2026-09-11T18:35:19+09:00 [openriak-entrypoint] configuration: waiting for coordinator cookie before daemon startup
2026-09-11T18:35:22+09:00 [openriak-entrypoint] configuration: waiting for coordinator cookie before daemon startup
2026-09-11T18:35:23+09:00 [openriak-entrypoint] configuration: waiting for coordinator cookie before daemon startup
2026-09-11T18:35:24+09:00 [openriak-entrypoint] configuration: waiting for coordinator cookie before daemon startup
2026-09-11T18:35:26+09:00 [openriak-entrypoint] configuration: waiting for coordinator cookie before daemon startup
2026-09-11T18:35:27+09:00 [openriak-entrypoint] configuration: waiting for coordinator cookie before daemon startup
2026-09-11T18:35:28+09:00 [openriak-entrypoint] configuration: waiting for coordinator cookie before daemon startup
2026-09-11T18:35:29+09:00 [openriak-entrypoint] configuration: waiting for coordinator cookie before daemon startup
2026-09-11T18:35:30+09:00 [openriak-entrypoint] configuration: waiting for coordinator cookie before daemon startup
2026-09-11T18:35:31+09:00 [openriak-entrypoint] configuration: waiting for coordinator cookie before daemon startup
2026-09-11T18:35:32+09:00 [openriak-entrypoint] configuration: waiting for coordinator cookie before daemon startup
2026-09-11T18:35:33+09:00 [openriak-entrypoint] configuration: waiting for coordinator cookie before daemon startup
2026-09-11T18:35:34+09:00 [openriak-entrypoint] configuration: waiting for coordinator cookie before daemon startup
2026-09-11T18:35:35+09:00 [openriak-entrypoint] configuration: waiting for coordinator cookie before daemon startup
2026-09-11T18:35:36+09:00 [openriak-entrypoint] configuration: waiting for coordinator cookie before daemon startup
2026-09-11T18:35:37+09:00 [openriak-entrypoint] configuration: waiting for coordinator cookie before daemon startup
2026-09-11T18:35:39+09:00 [openriak-entrypoint] configuration: waiting for coordinator cookie before daemon startup
2026-09-11T18:35:40+09:00 [openriak-entrypoint] configuration: waiting for coordinator cookie before daemon startup
2026-09-11T18:35:41+09:00 [openriak-entrypoint] configuration: waiting for coordinator cookie before daemon startup
2026-09-11T18:35:42+09:00 [openriak-entrypoint] configuration: waiting for coordinator cookie before daemon startup
2026-09-11T18:35:43+09:00 [openriak-entrypoint] configuration: waiting for coordinator cookie before daemon startup
2026-09-11T18:35:44+09:00 [openriak-entrypoint] configuration: waiting for coordinator cookie before daemon startup
2026-09-11T18:35:45+09:00 [openriak-entrypoint] configuration: waiting for coordinator cookie before daemon startup
2026-09-11T18:35:46+09:00 [openriak-entrypoint] configuration: waiting for coordinator cookie before daemon startup
2026-09-11T18:35:47+09:00 [openriak-entrypoint] configuration: waiting for coordinator cookie before daemon startup
2026-09-11T18:35:48+09:00 [openriak-entrypoint] configuration: waiting for coordinator cookie before daemon startup
2026-09-11T18:35:49+09:00 [openriak-entrypoint] configuration: waiting for coordinator cookie before daemon startup
2026-09-11T18:35:50+09:00 [openriak-entrypoint] configuration: waiting for coordinator cookie before daemon startup
2026-09-11T18:35:52+09:00 [openriak-entrypoint] configuration: waiting for coordinator cookie before daemon startup
2026-09-11T18:35:54+09:00 [openriak-entrypoint] configuration: waiting for coordinator cookie before daemon startup
2026-09-11T18:35:55+09:00 [openriak-entrypoint] configuration: waiting for coordinator cookie before daemon startup
2026-09-11T18:35:57+09:00 [openriak-entrypoint] configuration: waiting for coordinator cookie before daemon startup
2026-09-11T18:35:58+09:00 [openriak-entrypoint] configuration: waiting for coordinator cookie before daemon startup
2026-09-11T18:35:59+09:00 [openriak-entrypoint] configuration: waiting for coordinator cookie before daemon startup
2026-09-11T18:36:00+09:00 [openriak-entrypoint] configuration: waiting for coordinator cookie before daemon startup
2026-09-11T18:36:01+09:00 [openriak-entrypoint] configuration: waiting for coordinator cookie before daemon startup
2026-09-11T18:36:02+09:00 [openriak-entrypoint] configuration: waiting for coordinator cookie before daemon startup
2026-09-11T18:36:03+09:00 [openriak-entrypoint] configuration: waiting for coordinator cookie before daemon startup
2026-09-11T18:36:04+09:00 [openriak-entrypoint] configuration: waiting for coordinator cookie before daemon startup
2026-09-11T18:36:05+09:00 [openriak-entrypoint] configuration: waiting for coordinator cookie before daemon startup
2026-09-11T18:36:06+09:00 [openriak-entrypoint] configuration: waiting for coordinator cookie before daemon startup
2026-09-11T18:36:08+09:00 [openriak-entrypoint] configuration: waiting for coordinator cookie before daemon startup
2026-09-11T18:36:09+09:00 [openriak-entrypoint] configuration: waiting for coordinator cookie before daemon startup
2026-09-11T18:36:10+09:00 [openriak-entrypoint] configuration: waiting for coordinator cookie before daemon startup
2026-09-11T18:36:11+09:00 [openriak-entrypoint] configuration: waiting for coordinator cookie before daemon startup
2026-09-11T18:36:12+09:00 [openriak-entrypoint] configuration: waiting for coordinator cookie before daemon startup
2026-09-11T18:36:13+09:00 [openriak-entrypoint] configuration: waiting for coordinator cookie before daemon startup
2026-09-11T18:36:14+09:00 [openriak-entrypoint] configuration: waiting for coordinator cookie before daemon startup
2026-09-11T18:36:15+09:00 [openriak-entrypoint] configuration: waiting for coordinator cookie before daemon startup
2026-09-11T18:36:16+09:00 [openriak-entrypoint] configuration: waiting for coordinator cookie before daemon startup
2026-09-11T18:36:17+09:00 [openriak-entrypoint] configuration: waiting for coordinator cookie before daemon startup
2026-09-11T18:36:18+09:00 [openriak-entrypoint] configuration: waiting for coordinator cookie before daemon startup
2026-09-11T18:36:20+09:00 [openriak-entrypoint] configuration: waiting for coordinator cookie before daemon startup
2026-09-11T18:36:21+09:00 [openriak-entrypoint] configuration: waiting for coordinator cookie before daemon startup
2026-09-11T18:36:22+09:00 [openriak-entrypoint] configuration: waiting for coordinator cookie before daemon startup
2026-09-11T18:36:23+09:00 [openriak-entrypoint] configuration: waiting for coordinator cookie before daemon startup
2026-09-11T18:36:26+09:00 [openriak-entrypoint] configuration: waiting for coordinator cookie before daemon startup
2026-09-11T18:36:27+09:00 [openriak-entrypoint] configuration: waiting for coordinator cookie before daemon startup
2026-09-11T18:36:28+09:00 [openriak-entrypoint] configuration: waiting for coordinator cookie before daemon startup
2026-09-11T18:36:29+09:00 [openriak-entrypoint] configuration: waiting for coordinator cookie before daemon startup
2026-09-11T18:36:30+09:00 [openriak-entrypoint] configuration: waiting for coordinator cookie before daemon startup
2026-09-11T18:36:31+09:00 [openriak-entrypoint] configuration: waiting for coordinator cookie before daemon startup
2026-09-11T18:36:32+09:00 [openriak-entrypoint] configuration: waiting for coordinator cookie before daemon startup
2026-09-11T18:36:34+09:00 [openriak-entrypoint] configuration: waiting for coordinator cookie before daemon startup
2026-09-11T18:36:35+09:00 [openriak-entrypoint] configuration: waiting for coordinator cookie before daemon startup
2026-09-11T18:36:36+09:00 [openriak-entrypoint] configuration: waiting for coordinator cookie before daemon startup
2026-09-11T18:36:37+09:00 [openriak-entrypoint] configuration: waiting for coordinator cookie before daemon startup
2026-09-11T18:36:38+09:00 [openriak-entrypoint] configuration: waiting for coordinator cookie before daemon startup
2026-09-11T18:36:39+09:00 [openriak-entrypoint] configuration: waiting for coordinator cookie before daemon startup
2026-09-11T18:36:40+09:00 [openriak-entrypoint] configuration: waiting for coordinator cookie before daemon startup
2026-09-11T18:36:41+09:00 [openriak-entrypoint] configuration: waiting for coordinator cookie before daemon startup
2026-09-11T18:36:42+09:00 [openriak-entrypoint] configuration: waiting for coordinator cookie before daemon startup
2026-09-11T18:36:43+09:00 [openriak-entrypoint] configuration: waiting for coordinator cookie before daemon startup
2026-09-11T18:36:45+09:00 [openriak-entrypoint] configuration: waiting for coordinator cookie before daemon startup
2026-09-11T18:36:46+09:00 [openriak-entrypoint] configuration: waiting for coordinator cookie before daemon startup
2026-09-11T18:36:47+09:00 [openriak-entrypoint] configuration: waiting for coordinator cookie before daemon startup
2026-09-11T18:36:48+09:00 [openriak-entrypoint] configuration: waiting for coordinator cookie before daemon startup
2026-09-11T18:36:49+09:00 [openriak-entrypoint] configuration: waiting for coordinator cookie before daemon startup
2026-09-11T18:36:50+09:00 [openriak-entrypoint] configuration: waiting for coordinator cookie before daemon startup
2026-09-11T18:36:51+09:00 [openriak-entrypoint] configuration: waiting for coordinator cookie before daemon startup
2026-09-11T18:36:52+09:00 [openriak-entrypoint] configuration: waiting for coordinator cookie before daemon startup
2026-09-11T18:36:53+09:00 [openriak-entrypoint] configuration: waiting for coordinator cookie before daemon startup
2026-09-11T18:36:54+09:00 [openriak-entrypoint] configuration: waiting for coordinator cookie before daemon startup
2026-09-11T18:36:55+09:00 [openriak-entrypoint] configuration: waiting for coordinator cookie before daemon startup
2026-09-11T18:36:58+09:00 [openriak-entrypoint] configuration: waiting for coordinator cookie before daemon startup
2026-09-11T18:36:59+09:00 [openriak-entrypoint] configuration: waiting for coordinator cookie before daemon startup
2026-09-11T18:37:00+09:00 [openriak-entrypoint] configuration: waiting for coordinator cookie before daemon startup
2026-09-11T18:37:02+09:00 [openriak-entrypoint] configuration: waiting for coordinator cookie before daemon startup
2026-09-11T18:37:03+09:00 [openriak-entrypoint] configuration: waiting for coordinator cookie before daemon startup
2026-09-11T18:37:04+09:00 [openriak-entrypoint] configuration: waiting for coordinator cookie before daemon startup
2026-09-11T18:37:05+09:00 [openriak-entrypoint] configuration: waiting for coordinator cookie before daemon startup
2026-09-11T18:37:06+09:00 [openriak-entrypoint] configuration: waiting for coordinator cookie before daemon startup
2026-09-11T18:37:07+09:00 [openriak-entrypoint] configuration: waiting for coordinator cookie before daemon startup
2026-09-11T18:37:08+09:00 [openriak-entrypoint] configuration: waiting for coordinator cookie before daemon startup
2026-09-11T18:37:09+09:00 [openriak-entrypoint] configuration: waiting for coordinator cookie before daemon startup
2026-09-11T18:37:10+09:00 [openriak-entrypoint] configuration: waiting for coordinator cookie before daemon startup
2026-09-11T18:37:11+09:00 [openriak-entrypoint] configuration: waiting for coordinator cookie before daemon startup
2026-09-11T18:37:12+09:00 [openriak-entrypoint] configuration: waiting for coordinator cookie before daemon startup
2026-09-11T18:37:14+09:00 [openriak-entrypoint] configuration: waiting for coordinator cookie before daemon startup
2026-09-11T18:37:15+09:00 [openriak-entrypoint] configuration: waiting for coordinator cookie before daemon startup
2026-09-11T18:37:16+09:00 [openriak-entrypoint] configuration: waiting for coordinator cookie before daemon startup
2026-09-11T18:37:17+09:00 [openriak-entrypoint] configuration: waiting for coordinator cookie before daemon startup
2026-09-11T18:37:18+09:00 [openriak-entrypoint] configuration: waiting for coordinator cookie before daemon startup
2026-09-11T18:37:19+09:00 [openriak-entrypoint] configuration: waiting for coordinator cookie before daemon startup
2026-09-11T18:37:20+09:00 [openriak-entrypoint] configuration: waiting for coordinator cookie before daemon startup
2026-09-11T18:37:22+09:00 [openriak-entrypoint] configuration: adopted coordinator cookie before daemon startup
2026-09-11T18:37:23+09:00 [openriak-entrypoint] configuration: nodename = openriak-kv@node-04.cluster-a.openriak
2026-09-11T18:37:23+09:00 [openriak-entrypoint] configuration: distributed_cookie = openriak-c39feb5596252a133f84f6bf277156a1
2026-09-11T18:37:23+09:00 [openriak-entrypoint] configuration: effective distributed cookie = openriak-c39feb5596252a133f84f6bf277156a1
2026-09-11T18:37:24+09:00 [openriak-entrypoint] configuration: ring_size = 8
2026-09-11T18:37:24+09:00 [openriak-entrypoint] configuration: storage_backend = leveled
2026-09-11T18:37:24+09:00 [openriak-entrypoint] configuration: anti_entropy = passive
2026-09-11T18:37:25+09:00 [openriak-entrypoint] configuration: tictacaae_active = active
2026-09-11T18:37:25+09:00 [openriak-entrypoint] configuration: tictacaae_storeheads = enabled
2026-09-11T18:37:26+09:00 [openriak-entrypoint] configuration: listener.http.internal = 0.0.0.0:8098
2026-09-11T18:37:26+09:00 [openriak-entrypoint] configuration: listener.protobuf.internal = 0.0.0.0:8087
2026-09-11T18:37:26+09:00 [openriak-entrypoint] configuration: logger.max_file_size = 2MB
2026-09-11T18:37:26+09:00 [openriak-entrypoint] configuration: logger.max_files = 4
2026-09-11T18:37:27+09:00 [openriak-entrypoint] startup: validating configuration and generating VM arguments
2026-09-11T18:38:38+09:00 [openriak-entrypoint] startup: configuration is valid (config is OK -config /var/lib/riak/generated.conf/app.2026.09.11.18.37.43.config -args_file /var/lib/riak/generated.conf/vm.2026.09.11.18.37.44.args -vm_args /var/lib/riak/generated.conf/vm.2026.09.11.18.37.44.args)
2026-09-11T18:38:38+09:00 [openriak-entrypoint] startup: starting OpenRiak as a daemon
!!!!
!!!! WARNING: ulimit -n is 1024; 65536 is the recommended minimum.
!!!!
2026-09-11T18:41:07+09:00 [openriak-entrypoint] startup: daemon command completed
2026-09-11T18:41:07+09:00 [openriak-entrypoint] startup: waiting for BEAM and riak ping
2026-09-11T18:41:20+09:00 [openriak-entrypoint] startup: BEAM is running and riak ping returned pong
2026-09-11T18:41:20+09:00 [openriak-entrypoint] startup: waiting for the riak_kv service
2026-09-11T18:41:45+09:00 [openriak-entrypoint] startup: riak_kv service is up ([riak_kv,riak_pipe,riak_repl])
2026-09-11T18:41:45+09:00 [openriak-entrypoint] startup: waiting for Riak transfers to complete
2026-09-11T18:42:08+09:00 [openriak-entrypoint] startup: transfers complete (No transfers active Active Transfers: ok)
2026-09-11T18:42:08+09:00 [openriak-entrypoint] cluster: Role: Follower
2026-09-11T18:42:35+09:00 [openriak-entrypoint] cluster: announced openriak-kv@node-04.cluster-a.openriak at 172.25.0.5 to coordinator openriak-kv@node-01.cluster-a.openriak (f7bbd1be46405991)
2026-09-11T18:42:35+09:00 [openriak-entrypoint] cluster: follower waiting for coordinator approval (1s/3600s)
2026-09-11T18:42:38+09:00 [openriak-entrypoint] cluster: follower waiting for coordinator approval (2s/3600s)
2026-09-11T18:42:40+09:00 [openriak-entrypoint] cluster: follower waiting for coordinator approval (3s/3600s)
2026-09-11T18:42:44+09:00 [openriak-entrypoint] cluster: follower waiting for coordinator approval (4s/3600s)
2026-09-11T18:42:48+09:00 [openriak-entrypoint] cluster: follower waiting for coordinator approval (5s/3600s)
2026-09-11T18:42:52+09:00 [openriak-entrypoint] cluster: follower waiting for coordinator approval (6s/3600s)
2026-09-11T18:42:55+09:00 [openriak-entrypoint] cluster: follower waiting for coordinator approval (7s/3600s)
2026-09-11T18:42:58+09:00 [openriak-entrypoint] cluster: join approved by openriak-kv@node-01.cluster-a.openriak (f7bbd1be46405991)
2026-09-11T18:43:22+09:00 [openriak-entrypoint] cluster: join: Success: staged join request for 'openriak-kv@node-04.cluster-a.openriak' to 'openriak-kv@node-01.cluster-a.openriak'
2026-09-11T18:43:22+09:00 [openriak-entrypoint] cluster: join: ok
2026-09-11T18:43:22+09:00 [openriak-entrypoint] cluster: join request accepted; waiting for plan and commit
2026-09-11T18:43:46+09:00 [openriak-entrypoint] cluster: waiting for the ring to become ready
2026-09-11T18:44:11+09:00 [openriak-entrypoint] cluster: ring is ready (TRUE All nodes agree on the ring ['openriak-kv@node-01.cluster-a.openriak', 'openriak-kv@node-02.cluster-a.openriak', 'openriak-kv@node-03.cluster-a.openriak', 'openriak-kv@node-04.cluster-a.openriak', 'openriak-kv@node-05.cluster-a.openriak'] ok)
2026-09-11T18:44:11+09:00 [openriak-entrypoint] startup: waiting for Riak transfers to complete
2026-09-11T18:44:37+09:00 [openriak-entrypoint] startup: waiting for transfers (attempt 1, transfers='openriak-kv@node-05.cluster-a.openriak' waiting to handoff 2 partitions 'openriak-kv@node-04.cluster-a.openriak' waiting to handoff 2 partitions 'openriak-kv@node-03.cluster-a.openriak' waiting to handoff 5 partitions 'openriak-kv@node-02.cluster-a.openriak' waiting to handoff 1 partitions Active Transfers: ok)
2026-09-11T18:45:04+09:00 [openriak-entrypoint] startup: waiting for transfers (attempt 2, transfers='openriak-kv@node-05.cluster-a.openriak' waiting to handoff 1 partitions 'openriak-kv@node-04.cluster-a.openriak' waiting to handoff 1 partitions 'openriak-kv@node-03.cluster-a.openriak' waiting to handoff 3 partitions Active Transfers: ok)
2026-09-11T18:45:29+09:00 [openriak-entrypoint] startup: waiting for transfers (attempt 3, transfers='openriak-kv@node-04.cluster-a.openriak' waiting to handoff 1 partitions 'openriak-kv@node-03.cluster-a.openriak' waiting to handoff 3 partitions Active Transfers: ok)
2026-09-11T18:45:53+09:00 [openriak-entrypoint] startup: waiting for transfers (attempt 4, transfers='openriak-kv@node-04.cluster-a.openriak' waiting to handoff 1 partitions 'openriak-kv@node-03.cluster-a.openriak' waiting to handoff 3 partitions Active Transfers: ok)
2026-09-11T18:46:19+09:00 [openriak-entrypoint] startup: waiting for transfers (attempt 5, transfers='openriak-kv@node-04.cluster-a.openriak' waiting to handoff 1 partitions 'openriak-kv@node-03.cluster-a.openriak' waiting to handoff 3 partitions Active Transfers: ok)
2026-09-11T18:46:57+09:00 [openriak-entrypoint] startup: waiting for transfers (attempt 6, transfers='openriak-kv@node-04.cluster-a.openriak' waiting to handoff 1 partitions Active Transfers: ok)
2026-09-11T18:47:29+09:00 [openriak-entrypoint] startup: transfers complete (No transfers active Active Transfers: ok)
2026-09-11T18:47:29+09:00 [openriak-entrypoint] cluster: waiting for coordinator completion confirmation
2026-09-11T18:47:29+09:00 [openriak-entrypoint] cluster: coordinator confirmed completion for openriak-kv@node-04.cluster-a.openriak
2026-09-11T18:47:30+09:00 [openriak-entrypoint] cluster: follower joined openriak-kv@node-01.cluster-a.openriak successfully
2026-09-11T18:47:30+09:00 [openriak-entrypoint] startup: OpenRiak is ready
2026-09-11T18:47:30+09:00 [openriak-entrypoint] monitor: sleeping for 1s
2026-09-11T18:47:47+09:00 [openriak-entrypoint] monitor: BEAM is running and riak ping returned pong
2026-09-11T18:47:47+09:00 [openriak-entrypoint] monitor: sleeping for 1s
2026-09-11T18:48:01+09:00 [openriak-entrypoint] monitor: BEAM is running and riak ping returned pong
2026-09-11T18:48:01+09:00 [openriak-entrypoint] monitor: sleeping for 1s
2026-09-11T18:48:19+09:00 [openriak-entrypoint] monitor: BEAM is running and riak ping returned pong
2026-09-11T18:48:19+09:00 [openriak-entrypoint] monitor: sleeping for 1s
2026-09-11T18:48:33+09:00 [openriak-entrypoint] monitor: BEAM is running and riak ping returned pong
2026-09-11T18:48:33+09:00 [openriak-entrypoint] monitor: sleeping for 1s
2026-09-11T18:48:51+09:00 [openriak-entrypoint] monitor: BEAM is running and riak ping returned pong
2026-09-11T18:48:51+09:00 [openriak-entrypoint] monitor: sleeping for 1s
2026-09-11T18:49:04+09:00 [openriak-entrypoint] monitor: BEAM is running and riak ping returned pong
2026-09-11T18:49:05+09:00 [openriak-entrypoint] monitor: sleeping for 1s
2026-09-11T18:49:23+09:00 [openriak-entrypoint] monitor: BEAM is running and riak ping returned pong
2026-09-11T18:49:23+09:00 [openriak-entrypoint] monitor: sleeping for 1s
2026-09-11T18:49:37+09:00 [openriak-entrypoint] monitor: BEAM is running and riak ping returned pong
2026-09-11T18:49:37+09:00 [openriak-entrypoint] monitor: sleeping for 1s
2026-09-11T18:49:55+09:00 [openriak-entrypoint] monitor: BEAM is running and riak ping returned pong
2026-09-11T18:49:56+09:00 [openriak-entrypoint] monitor: sleeping for 1s
2026-09-11T18:50:14+09:00 [openriak-entrypoint] monitor: BEAM is running and riak ping returned pong
2026-09-11T18:50:14+09:00 [openriak-entrypoint] monitor: sleeping for 1s
2026-09-11T18:50:28+09:00 [openriak-entrypoint] monitor: BEAM is running and riak ping returned pong
2026-09-11T18:50:28+09:00 [openriak-entrypoint] monitor: sleeping for 1s
2026-09-11T18:50:46+09:00 [openriak-entrypoint] monitor: BEAM is running and riak ping returned pong
2026-09-11T18:50:46+09:00 [openriak-entrypoint] monitor: sleeping for 1s
2026-09-11T18:50:59+09:00 [openriak-entrypoint] monitor: BEAM is running and riak ping returned pong
2026-09-11T18:50:59+09:00 [openriak-entrypoint] monitor: sleeping for 1s
2026-09-11T18:51:16+09:00 [openriak-entrypoint] monitor: BEAM is running and riak ping returned pong
2026-09-11T18:51:16+09:00 [openriak-entrypoint] monitor: sleeping for 1s
2026-09-11T18:51:30+09:00 [openriak-entrypoint] monitor: BEAM is running and riak ping returned pong
2026-09-11T18:51:30+09:00 [openriak-entrypoint] monitor: sleeping for 1s
2026-09-11T18:51:43+09:00 [openriak-entrypoint] monitor: BEAM is running and riak ping returned pong
2026-09-11T18:51:43+09:00 [openriak-entrypoint] monitor: sleeping for 1s
2026-09-11T18:51:58+09:00 [openriak-entrypoint] monitor: BEAM is running and riak ping returned pong
2026-09-11T18:51:58+09:00 [openriak-entrypoint] monitor: sleeping for 1s
2026-09-11T18:52:12+09:00 [openriak-entrypoint] monitor: BEAM is running and riak ping returned pong
2026-09-11T18:52:12+09:00 [openriak-entrypoint] monitor: sleeping for 1s
2026-09-11T18:52:29+09:00 [openriak-entrypoint] monitor: BEAM is running and riak ping returned pong
2026-09-11T18:52:29+09:00 [openriak-entrypoint] monitor: sleeping for 1s
2026-09-11T18:52:43+09:00 [openriak-entrypoint] monitor: BEAM is running and riak ping returned pong
2026-09-11T18:52:43+09:00 [openriak-entrypoint] monitor: sleeping for 1s
2026-09-11T18:52:58+09:00 [openriak-entrypoint] monitor: BEAM is running and riak ping returned pong
2026-09-11T18:52:58+09:00 [openriak-entrypoint] monitor: sleeping for 1s
2026-09-11T18:53:13+09:00 [openriak-entrypoint] monitor: BEAM is running and riak ping returned pong
2026-09-11T18:53:13+09:00 [openriak-entrypoint] monitor: sleeping for 1s
2026-09-11T18:53:27+09:00 [openriak-entrypoint] monitor: BEAM is running and riak ping returned pong
2026-09-11T18:53:27+09:00 [openriak-entrypoint] monitor: sleeping for 1s
2026-09-11T18:53:42+09:00 [openriak-entrypoint] monitor: BEAM is running and riak ping returned pong
2026-09-11T18:53:42+09:00 [openriak-entrypoint] monitor: sleeping for 1s
2026-09-11T18:53:56+09:00 [openriak-entrypoint] monitor: BEAM is running and riak ping returned pong
2026-09-11T18:53:56+09:00 [openriak-entrypoint] monitor: sleeping for 1s
2026-09-11T18:54:11+09:00 [openriak-entrypoint] monitor: BEAM is running and riak ping returned pong
2026-09-11T18:54:11+09:00 [openriak-entrypoint] monitor: sleeping for 1s
2026-09-11T18:54:27+09:00 [openriak-entrypoint] monitor: BEAM is running and riak ping returned pong
2026-09-11T18:54:27+09:00 [openriak-entrypoint] monitor: sleeping for 1s
2026-09-11T18:54:40+09:00 [openriak-entrypoint] monitor: BEAM is running and riak ping returned pong
2026-09-11T18:54:40+09:00 [openriak-entrypoint] monitor: sleeping for 1s
2026-09-11T18:54:54+09:00 [openriak-entrypoint] monitor: BEAM is running and riak ping returned pong
2026-09-11T18:54:54+09:00 [openriak-entrypoint] monitor: sleeping for 1s
2026-09-11T18:55:09+09:00 [openriak-entrypoint] monitor: BEAM is running and riak ping returned pong
2026-09-11T18:55:09+09:00 [openriak-entrypoint] monitor: sleeping for 1s
2026-09-11T18:55:24+09:00 [openriak-entrypoint] monitor: BEAM is running and riak ping returned pong
2026-09-11T18:55:24+09:00 [openriak-entrypoint] monitor: sleeping for 1s
2026-09-11T18:55:38+09:00 [openriak-entrypoint] monitor: BEAM is running and riak ping returned pong
2026-09-11T18:55:38+09:00 [openriak-entrypoint] monitor: sleeping for 1s
2026-09-11T18:55:53+09:00 [openriak-entrypoint] monitor: BEAM is running and riak ping returned pong
2026-09-11T18:55:53+09:00 [openriak-entrypoint] monitor: sleeping for 1s
2026-09-11T18:56:07+09:00 [openriak-entrypoint] monitor: BEAM is running and riak ping returned pong
2026-09-11T18:56:07+09:00 [openriak-entrypoint] monitor: sleeping for 1s
2026-09-11T18:56:22+09:00 [openriak-entrypoint] monitor: BEAM is running and riak ping returned pong
2026-09-11T18:56:22+09:00 [openriak-entrypoint] monitor: sleeping for 1s
2026-09-11T18:56:37+09:00 [openriak-entrypoint] monitor: BEAM is running and riak ping returned pong
2026-09-11T18:56:37+09:00 [openriak-entrypoint] monitor: sleeping for 1s
2026-09-11T18:56:51+09:00 [openriak-entrypoint] monitor: BEAM is running and riak ping returned pong
2026-09-11T18:56:51+09:00 [openriak-entrypoint] monitor: sleeping for 1s
2026-09-11T18:57:10+09:00 [openriak-entrypoint] monitor: BEAM is running and riak ping returned pong
2026-09-11T18:57:10+09:00 [openriak-entrypoint] monitor: sleeping for 1s
2026-09-11T18:57:22+09:00 [openriak-entrypoint] monitor: BEAM is running and riak ping returned pong
2026-09-11T18:57:22+09:00 [openriak-entrypoint] monitor: sleeping for 1s
2026-09-11T18:57:39+09:00 [openriak-entrypoint] monitor: BEAM is running and riak ping returned pong
2026-09-11T18:57:39+09:00 [openriak-entrypoint] monitor: sleeping for 1s
2026-09-11T18:57:50+09:00 [openriak-entrypoint] monitor: BEAM is running and riak ping returned pong
2026-09-11T18:57:50+09:00 [openriak-entrypoint] monitor: sleeping for 1s
2026-09-11T18:58:04+09:00 [openriak-entrypoint] monitor: BEAM is running and riak ping returned pong
2026-09-11T18:58:04+09:00 [openriak-entrypoint] monitor: sleeping for 1s
2026-09-11T18:58:18+09:00 [openriak-entrypoint] monitor: BEAM is running and riak ping returned pong
2026-09-11T18:58:18+09:00 [openriak-entrypoint] monitor: sleeping for 1s
2026-09-11T18:58:32+09:00 [openriak-entrypoint] monitor: BEAM is running and riak ping returned pong
2026-09-11T18:58:32+09:00 [openriak-entrypoint] monitor: sleeping for 1s
2026-09-11T18:58:48+09:00 [openriak-entrypoint] monitor: BEAM is running and riak ping returned pong
2026-09-11T18:58:48+09:00 [openriak-entrypoint] monitor: sleeping for 1s
2026-09-11T18:59:02+09:00 [openriak-entrypoint] monitor: BEAM is running and riak ping returned pong
2026-09-11T18:59:03+09:00 [openriak-entrypoint] monitor: sleeping for 1s
2026-09-11T18:59:20+09:00 [openriak-entrypoint] monitor: BEAM is running and riak ping returned pong
2026-09-11T18:59:20+09:00 [openriak-entrypoint] monitor: sleeping for 1s
2026-09-11T18:59:33+09:00 [openriak-entrypoint] monitor: BEAM is running and riak ping returned pong
2026-09-11T18:59:33+09:00 [openriak-entrypoint] monitor: sleeping for 1s
2026-09-11T18:59:51+09:00 [openriak-entrypoint] monitor: BEAM is running and riak ping returned pong
2026-09-11T18:59:51+09:00 [openriak-entrypoint] monitor: sleeping for 1s
2026-09-11T19:00:05+09:00 [openriak-entrypoint] monitor: BEAM is running and riak ping returned pong
2026-09-11T19:00:05+09:00 [openriak-entrypoint] monitor: sleeping for 1s
2026-09-11T19:00:22+09:00 [openriak-entrypoint] monitor: BEAM is running and riak ping returned pong
2026-09-11T19:00:22+09:00 [openriak-entrypoint] monitor: sleeping for 1s
2026-09-11T19:00:36+09:00 [openriak-entrypoint] monitor: BEAM is running and riak ping returned pong
2026-09-11T19:00:36+09:00 [openriak-entrypoint] monitor: sleeping for 1s
2026-09-11T19:00:50+09:00 [openriak-entrypoint] monitor: BEAM is running and riak ping returned pong
2026-09-11T19:00:50+09:00 [openriak-entrypoint] monitor: sleeping for 1s
2026-09-11T19:01:03+09:00 [openriak-entrypoint] monitor: BEAM is running and riak ping returned pong
2026-09-11T19:01:03+09:00 [openriak-entrypoint] monitor: sleeping for 1s
2026-09-11T19:01:18+09:00 [openriak-entrypoint] monitor: BEAM is running and riak ping returned pong
2026-09-11T19:01:18+09:00 [openriak-entrypoint] monitor: sleeping for 1s
2026-09-11T19:01:31+09:00 [openriak-entrypoint] monitor: BEAM is running and riak ping returned pong
2026-09-11T19:01:31+09:00 [openriak-entrypoint] monitor: sleeping for 1s
2026-09-11T19:01:43+09:00 [openriak-entrypoint] monitor: BEAM is running and riak ping returned pong
2026-09-11T19:01:43+09:00 [openriak-entrypoint] monitor: sleeping for 1s
2026-09-11T19:01:59+09:00 [openriak-entrypoint] monitor: BEAM is running and riak ping returned pong
2026-09-11T19:01:59+09:00 [openriak-entrypoint] monitor: sleeping for 1s
2026-09-11T19:02:11+09:00 [openriak-entrypoint] monitor: BEAM is running and riak ping returned pong
2026-09-11T19:02:11+09:00 [openriak-entrypoint] monitor: sleeping for 1s
2026-09-11T19:02:27+09:00 [openriak-entrypoint] monitor: BEAM is running and riak ping returned pong
2026-09-11T19:02:27+09:00 [openriak-entrypoint] monitor: sleeping for 1s
2026-09-11T19:02:40+09:00 [openriak-entrypoint] monitor: BEAM is running and riak ping returned pong
2026-09-11T19:02:40+09:00 [openriak-entrypoint] monitor: sleeping for 1s
2026-09-11T19:02:54+09:00 [openriak-entrypoint] monitor: BEAM is running and riak ping returned pong
2026-09-11T19:02:55+09:00 [openriak-entrypoint] monitor: sleeping for 1s
2026-09-11T19:03:07+09:00 [openriak-entrypoint] monitor: BEAM is running and riak ping returned pong
2026-09-11T19:03:07+09:00 [openriak-entrypoint] monitor: sleeping for 1s

timeout_seconds: 3600
exit_code: 0
