$ /usr/bin/docker container inspect openriak-kv-3.4.0-fedora-43-otp26-node-1-t-978535z
started: 2026-09-11T10:47:08Z
[]
Error response from daemon: No such container: openriak-kv-3.4.0-fedora-43-otp26-node-1-t-978535z

timeout_seconds: 3600
exit_code: 1
$ /usr/bin/docker container inspect openriak-kv-3.4.0-fedora-43-otp26-node-2-t-978535z
started: 2026-09-11T10:47:09Z
[]
Error response from daemon: No such container: openriak-kv-3.4.0-fedora-43-otp26-node-2-t-978535z

timeout_seconds: 3600
exit_code: 1
$ /usr/bin/docker container inspect openriak-kv-3.4.0-fedora-43-otp26-node-3-t-978535z
started: 2026-09-11T10:47:09Z
[]
Error response from daemon: No such container: openriak-kv-3.4.0-fedora-43-otp26-node-3-t-978535z

timeout_seconds: 3600
exit_code: 1
$ /usr/bin/docker container inspect openriak-kv-3.4.0-fedora-43-otp26-node-4-t-978535z
started: 2026-09-11T10:47:09Z
[]
Error response from daemon: No such container: openriak-kv-3.4.0-fedora-43-otp26-node-4-t-978535z

timeout_seconds: 3600
exit_code: 1
$ /usr/bin/docker container inspect openriak-kv-3.4.0-fedora-43-otp26-node-5-t-978535z
started: 2026-09-11T10:47:09Z
[]
Error response from daemon: No such container: openriak-kv-3.4.0-fedora-43-otp26-node-5-t-978535z

timeout_seconds: 3600
exit_code: 1
