$ /usr/bin/docker compose --env-file /tmp/openriak-docker-3.4.0-rocky-9-otp26-x39nprnr/.env.cluster --project-directory /tmp/openriak-docker-3.4.0-rocky-9-otp26-x39nprnr --file /tmp/openriak-docker-3.4.0-rocky-9-otp26-x39nprnr/compose.cluster.test.yaml down --remove-orphans --timeout 120
started: 2026-09-11T11:04:27Z
 Container openriak-kv-3.4.0-rocky-9-otp26-node-4-t-853065z Stopping 
 Container openriak-kv-3.4.0-rocky-9-otp26-node-5-t-853065z Stopping 
 Container openriak-kv-3.4.0-rocky-9-otp26-node-2-t-853065z Stopping 
 Container openriak-kv-3.4.0-rocky-9-otp26-node-1-t-853065z Stopping 
 Container openriak-kv-3.4.0-rocky-9-otp26-node-3-t-853065z Stopping 
 Container openriak-kv-3.4.0-rocky-9-otp26-node-1-t-853065z Stopped 
 Container openriak-kv-3.4.0-rocky-9-otp26-node-1-t-853065z Removing 
 Container openriak-kv-3.4.0-rocky-9-otp26-node-5-t-853065z Stopped 
 Container openriak-kv-3.4.0-rocky-9-otp26-node-5-t-853065z Removing 
 Container openriak-kv-3.4.0-rocky-9-otp26-node-4-t-853065z Stopped 
 Container openriak-kv-3.4.0-rocky-9-otp26-node-4-t-853065z Removing 
 Container openriak-kv-3.4.0-rocky-9-otp26-node-2-t-853065z Stopped 
 Container openriak-kv-3.4.0-rocky-9-otp26-node-2-t-853065z Removing 
 Container openriak-kv-3.4.0-rocky-9-otp26-node-3-t-853065z Stopped 
 Container openriak-kv-3.4.0-rocky-9-otp26-node-3-t-853065z Removing 
 Container openriak-kv-3.4.0-rocky-9-otp26-node-1-t-853065z Removed 
 Container openriak-kv-3.4.0-rocky-9-otp26-node-5-t-853065z Removed 
 Container openriak-kv-3.4.0-rocky-9-otp26-node-4-t-853065z Removed 
 Container openriak-kv-3.4.0-rocky-9-otp26-node-2-t-853065z Removed 
 Container openriak-kv-3.4.0-rocky-9-otp26-node-3-t-853065z Removed 
 Network openriak-kv-340-rocky-9-otp26-node-cluster_openriak Removing 
 Network openriak-kv-340-rocky-9-otp26-node-cluster_openriak Removed 

timeout_seconds: 3600
exit_code: 0
