$ /usr/bin/docker exec openriak-kv-3.4.0-rocky-9-otp26-node-4-t-853065z sh -c 'date +%z
id -u riak
id -g riak
stat -c '"'"'%u:%g'"'"' /etc/riak /var/lib/riak /var/log/riak'
started: 2026-09-11T11:04:16Z
+0900
19001
19002
19001:19002
19001:19002
19001:19002

timeout_seconds: 3600
exit_code: 0
$ /usr/bin/docker container inspect openriak-kv-3.4.0-rocky-9-otp26-node-4-t-853065z
started: 2026-09-11T11:04:16Z
[
    {
        "Id": "de37ffc197a5aa31f6eb61f90b7d62783182c73a8cb4f7765648edb25da705cd",
        "Created": "2026-09-11T11:00:33.040289502Z",
        "Path": "/usr/local/bin/openriak-entrypoint",
        "Args": [],
        "State": {
            "Status": "running",
            "Running": true,
            "Paused": false,
            "Restarting": false,
            "OOMKilled": false,
            "Dead": false,
            "Pid": 24665,
            "ExitCode": 0,
            "Error": "",
            "StartedAt": "2026-09-11T11:00:33.456995582Z",
            "FinishedAt": "0001-01-01T00:00:00Z",
            "Health": {
                "Status": "healthy",
                "FailingStreak": 0,
                "Log": [
                    {
                        "Start": "2026-09-11T11:03:23.815222773Z",
                        "End": "2026-09-11T11:03:24.67677884Z",
                        "ExitCode": 0,
                        "Output": "OpenRiak healthcheck passed: BEAM is running and riak ping returned pong\n"
                    },
                    {
                        "Start": "2026-09-11T11:03:34.68212148Z",
                        "End": "2026-09-11T11:03:35.402804827Z",
                        "ExitCode": 0,
                        "Output": "OpenRiak healthcheck passed: BEAM is running and riak ping returned pong\n"
                    },
                    {
                        "Start": "2026-09-11T11:03:45.403912849Z",
                        "End": "2026-09-11T11:03:45.935813364Z",
                        "ExitCode": 0,
                        "Output": "OpenRiak healthcheck passed: BEAM is running and riak ping returned pong\n"
                    },
                    {
                        "Start": "2026-09-11T11:03:57.783027461Z",
                        "End": "2026-09-11T11:03:58.448811916Z",
                        "ExitCode": 0,
                        "Output": "OpenRiak healthcheck passed: BEAM is running and riak ping returned pong\n"
                    },
                    {
                        "Start": "2026-09-11T11:04:08.450046033Z",
                        "End": "2026-09-11T11:04:09.085651765Z",
                        "ExitCode": 0,
                        "Output": "OpenRiak healthcheck passed: BEAM is running and riak ping returned pong\n"
                    }
                ]
            }
        },
        "Image": "sha256:2d0b4aa8bcca72ce6b33feb0fa2558f5ed48bfa34d58a2868d73feeeaf30a9c0",
        "ResolvConfPath": "/var/lib/docker/containers/de37ffc197a5aa31f6eb61f90b7d62783182c73a8cb4f7765648edb25da705cd/resolv.conf",
        "HostnamePath": "/var/lib/docker/containers/de37ffc197a5aa31f6eb61f90b7d62783182c73a8cb4f7765648edb25da705cd/hostname",
        "HostsPath": "/var/lib/docker/containers/de37ffc197a5aa31f6eb61f90b7d62783182c73a8cb4f7765648edb25da705cd/hosts",
        "LogPath": "/var/lib/docker/containers/de37ffc197a5aa31f6eb61f90b7d62783182c73a8cb4f7765648edb25da705cd/de37ffc197a5aa31f6eb61f90b7d62783182c73a8cb4f7765648edb25da705cd-json.log",
        "Name": "/openriak-kv-3.4.0-rocky-9-otp26-node-4-t-853065z",
        "RestartCount": 0,
        "Driver": "overlay2",
        "Platform": "linux",
        "MountLabel": "",
        "ProcessLabel": "",
        "AppArmorProfile": "",
        "ExecIDs": null,
        "HostConfig": {
            "Binds": [
                "/tmp/openriak-docker-3.4.0-rocky-9-otp26-x39nprnr/openriak-kv-3.4.0-rocky-9-otp26-node-4/logs:/var/log/riak:rw",
                "/tmp/openriak-docker-3.4.0-rocky-9-otp26-x39nprnr/openriak-kv-3.4.0-rocky-9-otp26-node-cluster-control:/var/lib/openriak-cluster-control:rw",
                "/tmp/openriak-docker-3.4.0-rocky-9-otp26-x39nprnr/openriak-kv-3.4.0-rocky-9-otp26-node-4/config:/etc/riak:rw",
                "/tmp/openriak-docker-3.4.0-rocky-9-otp26-x39nprnr/openriak-kv-3.4.0-rocky-9-otp26-node-4/data:/var/lib/riak:rw"
            ],
            "ContainerIDFile": "",
            "LogConfig": {
                "Type": "json-file",
                "Config": {
                    "max-file": "3",
                    "max-size": "10m"
                }
            },
            "NetworkMode": "openriak-kv-340-rocky-9-otp26-node-cluster_openriak",
            "PortBindings": {},
            "RestartPolicy": {
                "Name": "no",
                "MaximumRetryCount": 0
            },
            "AutoRemove": false,
            "VolumeDriver": "",
            "VolumesFrom": null,
            "ConsoleSize": [
                0,
                0
            ],
            "CapAdd": null,
            "CapDrop": null,
            "CgroupnsMode": "private",
            "Dns": null,
            "DnsOptions": null,
            "DnsSearch": null,
            "ExtraHosts": [],
            "GroupAdd": null,
            "IpcMode": "private",
            "Cgroup": "",
            "Links": null,
            "OomScoreAdj": 0,
            "PidMode": "",
            "Privileged": false,
            "PublishAllPorts": false,
            "ReadonlyRootfs": false,
            "SecurityOpt": null,
            "UTSMode": "",
            "UsernsMode": "",
            "ShmSize": 67108864,
            "Runtime": "runc",
            "Isolation": "",
            "CpuShares": 0,
            "Memory": 0,
            "NanoCpus": 0,
            "CgroupParent": "",
            "BlkioWeight": 0,
            "BlkioWeightDevice": null,
            "BlkioDeviceReadBps": null,
            "BlkioDeviceWriteBps": null,
            "BlkioDeviceReadIOps": null,
            "BlkioDeviceWriteIOps": null,
            "CpuPeriod": 0,
            "CpuQuota": 0,
            "CpuRealtimePeriod": 0,
            "CpuRealtimeRuntime": 0,
            "CpusetCpus": "",
            "CpusetMems": "",
            "Devices": null,
            "DeviceCgroupRules": null,
            "DeviceRequests": null,
            "MemoryReservation": 0,
            "MemorySwap": 0,
            "MemorySwappiness": null,
            "OomKillDisable": null,
            "PidsLimit": null,
            "Ulimits": [
                {
                    "Name": "nofile",
                    "Hard": 100000,
                    "Soft": 100000
                }
            ],
            "CpuCount": 0,
            "CpuPercent": 0,
            "IOMaximumIOps": 0,
            "IOMaximumBandwidth": 0,
            "MaskedPaths": [
                "/proc/acpi",
                "/proc/asound",
                "/proc/interrupts",
                "/proc/kcore",
                "/proc/keys",
                "/proc/latency_stats",
                "/proc/sched_debug",
                "/proc/scsi",
                "/proc/timer_list",
                "/proc/timer_stats",
                "/sys/devices/virtual/powercap",
                "/sys/firmware"
            ],
            "ReadonlyPaths": [
                "/proc/bus",
                "/proc/fs",
                "/proc/irq",
                "/proc/sys",
                "/proc/sysrq-trigger"
            ]
        },
        "GraphDriver": {
            "Data": {
                "ID": "de37ffc197a5aa31f6eb61f90b7d62783182c73a8cb4f7765648edb25da705cd",
                "LowerDir": "/var/lib/docker/overlay2/0e2793179d28b5b213b4e933bef07d5d390d345f29cfc67a2a4000713274b7d5-init/diff:/var/lib/docker/overlay2/7f322d573d6db6fecfb3b92fd8d6a632f84186ffffcc3c00abbba1cc302500e7/diff:/var/lib/docker/overlay2/38ef9981ba83440fe311b14dbe64d2ad642b8dd8d09fd8d8c5be84654e16ee66/diff:/var/lib/docker/overlay2/d2f039a5325ef1c64ee4871fb664837cdb9e52cdd7dfc2f8044a9cb721d784cc/diff:/var/lib/docker/overlay2/87861944dbf735f0c9dfec169d25923bb1e8541dc8f075fe2dc8c5c188167e17/diff:/var/lib/docker/overlay2/bcf64304a360a1db0ed8407d2675cb2764b3364d59940f41e86f77e870d11014/diff",
                "MergedDir": "/var/lib/docker/overlay2/0e2793179d28b5b213b4e933bef07d5d390d345f29cfc67a2a4000713274b7d5/merged",
                "UpperDir": "/var/lib/docker/overlay2/0e2793179d28b5b213b4e933bef07d5d390d345f29cfc67a2a4000713274b7d5/diff",
                "WorkDir": "/var/lib/docker/overlay2/0e2793179d28b5b213b4e933bef07d5d390d345f29cfc67a2a4000713274b7d5/work"
            },
            "Name": "overlay2"
        },
        "Mounts": [
            {
                "Type": "bind",
                "Source": "/tmp/openriak-docker-3.4.0-rocky-9-otp26-x39nprnr/openriak-kv-3.4.0-rocky-9-otp26-node-cluster-control",
                "Destination": "/var/lib/openriak-cluster-control",
                "Mode": "rw",
                "RW": true,
                "Propagation": "rprivate"
            },
            {
                "Type": "bind",
                "Source": "/tmp/openriak-docker-3.4.0-rocky-9-otp26-x39nprnr/openriak-kv-3.4.0-rocky-9-otp26-node-4/config",
                "Destination": "/etc/riak",
                "Mode": "rw",
                "RW": true,
                "Propagation": "rprivate"
            },
            {
                "Type": "bind",
                "Source": "/tmp/openriak-docker-3.4.0-rocky-9-otp26-x39nprnr/openriak-kv-3.4.0-rocky-9-otp26-node-4/data",
                "Destination": "/var/lib/riak",
                "Mode": "rw",
                "RW": true,
                "Propagation": "rprivate"
            },
            {
                "Type": "bind",
                "Source": "/tmp/openriak-docker-3.4.0-rocky-9-otp26-x39nprnr/openriak-kv-3.4.0-rocky-9-otp26-node-4/logs",
                "Destination": "/var/log/riak",
                "Mode": "rw",
                "RW": true,
                "Propagation": "rprivate"
            }
        ],
        "Config": {
            "Hostname": "node-04.cluster-a.openriak",
            "Domainname": "",
            "User": "",
            "AttachStdin": false,
            "AttachStdout": true,
            "AttachStderr": true,
            "ExposedPorts": {
                "8087/tcp": {},
                "8098/tcp": {}
            },
            "Tty": false,
            "OpenStdin": false,
            "StdinOnce": false,
            "Env": [
                "RIAK_NODE_HOST=node-04.cluster-a.openriak",
                "OPENRIAK_CLUSTER_WAIT_SECONDS=3600",
                "OPENRIAK_CLUSTER_POLL_SECONDS=1",
                "TZ=Asia/Tokyo",
                "RIAK_UID=19001",
                "OPENRIAK_CLUSTER_MODE=cluster",
                "RIAK_GID=19002",
                "RIAK_LOG_MAX_FILES=4",
                "RIAK_DISTRIBUTED_COOKIE=openriak-a3ba5ea06bcd34d40e300bf665c986af",
                "RIAK_MONITOR_INTERVAL_SECONDS=1",
                "RIAK_LOG_MAX_FILE_SIZE=2MB",
                "PATH=/usr/local/sbin:/usr/local/bin:/usr/sbin:/usr/bin:/sbin:/bin",
                "RIAK_NODE_NAME=",
                "RIAK_RING_SIZE=8",
                "RIAK_STORAGE_BACKEND=leveled",
                "RIAK_ANTI_ENTROPY=passive",
                "RIAK_TICTACAAE_ACTIVE=active",
                "RIAK_TICTACAAE_STOREHEADS=enabled",
                "RIAK_HTTP_LISTENER=0.0.0.0:8098",
                "RIAK_PB_LISTENER=0.0.0.0:8087",
                "RIAK_NOFILE_LIMIT=100000",
                "RIAK_INIT_ONLY=0",
                "RIAK_STARTUP_POLL_SECONDS=1",
                "RIAK_SHUTDOWN_POLL_SECONDS=1",
                "OPENRIAK_CLUSTER_CONTROL_DIR=/var/lib/openriak-cluster-control",
                "role="
            ],
            "Cmd": null,
            "Healthcheck": {
                "Test": [
                    "CMD",
                    "/usr/local/bin/openriak-healthcheck"
                ],
                "Interval": 10000000000,
                "Timeout": 60000000000,
                "StartPeriod": 120000000000,
                "Retries": 3
            },
            "Image": "tiotjp/openriak-kv:test-3.4.0-rocky-9-otp26-linux-amd64-20260911t105844.853065z",
            "Volumes": {
                "/etc/riak": {},
                "/var/lib/riak": {},
                "/var/log/riak": {}
            },
            "WorkingDir": "/",
            "Entrypoint": [
                "/usr/local/bin/openriak-entrypoint"
            ],
            "Labels": {
                "com.docker.compose.config-hash": "7e20389e91c5bf87609955dc1c95c7f6f5fc424b12533ecf52e97004c06b536b",
                "com.docker.compose.container-number": "1",
                "com.docker.compose.depends_on": "",
                "com.docker.compose.image": "sha256:2d0b4aa8bcca72ce6b33feb0fa2558f5ed48bfa34d58a2868d73feeeaf30a9c0",
                "com.docker.compose.oneoff": "False",
                "com.docker.compose.project": "openriak-kv-340-rocky-9-otp26-node-cluster",
                "com.docker.compose.project.config_files": "/tmp/openriak-docker-3.4.0-rocky-9-otp26-x39nprnr/compose.cluster.test.yaml",
                "com.docker.compose.project.environment_file": "/tmp/openriak-docker-3.4.0-rocky-9-otp26-x39nprnr/.env.cluster",
                "com.docker.compose.project.working_dir": "/tmp/openriak-docker-3.4.0-rocky-9-otp26-x39nprnr",
                "com.docker.compose.service": "node4",
                "com.docker.compose.version": "5.4.0",
                "desktop.docker.io/wsl-distro": "Ubuntu",
                "org.opencontainers.image.description": "Package-backed OpenRiak KV with single-node and cluster startup support",
                "org.opencontainers.image.source": "https://github.com/TI-Tokyo/openriak-docs",
                "org.opencontainers.image.title": "OpenRiak KV",
                "org.opencontainers.image.url": "https://www.tiot.jp/",
                "org.opencontainers.image.vendor": "TI Tokyo",
                "org.opencontainers.image.version": "3.4.0",
                "org.openriak.image.tag": "tiotjp/openriak-kv:3.4.0-rocky-9-otp26",
                "org.openriak.os.name": "rocky",
                "org.openriak.os.release": "9",
                "org.openriak.os.version": "9",
                "org.openriak.otp.version": "26"
            },
            "StopSignal": "SIGTERM",
            "StopTimeout": 120
        },
        "NetworkSettings": {
            "SandboxID": "b3c09591f991421f2a7eef98f16b50588fcc638f9267d0a710db731b1df37f6b",
            "SandboxKey": "/var/run/docker/netns/b3c09591f991",
            "Ports": {
                "8087/tcp": null,
                "8098/tcp": null
            },
            "Networks": {
                "openriak-kv-340-rocky-9-otp26-node-cluster_openriak": {
                    "IPAMConfig": {},
                    "Links": null,
                    "Aliases": [
                        "openriak-kv-3.4.0-rocky-9-otp26-node-4-t-853065z",
                        "node4",
                        "node-04.cluster-a.openriak"
                    ],
                    "DriverOpts": null,
                    "GwPriority": 0,
                    "NetworkID": "d93cf77616e309d68c7c9327fe14f4259e523ade5175a10e5e0fd32d78e95218",
                    "EndpointID": "052d33aa46aaddcf13e0dcb1f6fec785681d35e1ad9ee61669ef883e92de586f",
                    "Gateway": "172.25.0.1",
                    "IPAddress": "172.25.0.3",
                    "MacAddress": "62:e7:a5:0e:07:d3",
                    "IPPrefixLen": 16,
                    "IPv6Gateway": "",
                    "GlobalIPv6Address": "",
                    "GlobalIPv6PrefixLen": 0,
                    "DNSNames": [
                        "openriak-kv-3.4.0-rocky-9-otp26-node-4-t-853065z",
                        "node4",
                        "node-04.cluster-a.openriak",
                        "de37ffc197a5"
                    ]
                }
            }
        }
    }
]

timeout_seconds: 3600
exit_code: 0
$ /usr/bin/docker exec openriak-kv-3.4.0-rocky-9-otp26-node-4-t-853065z sh -ec '# Require glib2 >= 2.68.4-19.el9_8.10; keep newer vendor updates.
installed_rpm=$(rpm -q --qf '"'"'%{EPOCHNUM} %{VERSION} %{RELEASE}'"'"' glib2)
OPENRIAK_RPM_VERSION="$installed_rpm" rpm --eval '"'"'%{lua:
local e, v, r = os.getenv("OPENRIAK_RPM_VERSION"):match("^(%d+) ([^ ]+) ([^ ]+)$")
assert(e, "Cannot identify installed glib2 version")
local comparison = rpm.vercmp(e, "0")
if comparison == 0 then comparison = rpm.vercmp(v, "2.68.4") end
if comparison == 0 then comparison = rpm.vercmp(r, "19.el9_8.10") end
assert(comparison >= 0, "Installed glib2 is older than 2.68.4-19.el9_8.10")
}'"'"' >/dev/null
# Require expat >= 2.5.0-6.el9_8.3; keep newer vendor updates.
installed_rpm=$(rpm -q --qf '"'"'%{EPOCHNUM} %{VERSION} %{RELEASE}'"'"' expat)
OPENRIAK_RPM_VERSION="$installed_rpm" rpm --eval '"'"'%{lua:
local e, v, r = os.getenv("OPENRIAK_RPM_VERSION"):match("^(%d+) ([^ ]+) ([^ ]+)$")
assert(e, "Cannot identify installed expat version")
local comparison = rpm.vercmp(e, "0")
if comparison == 0 then comparison = rpm.vercmp(v, "2.5.0") end
if comparison == 0 then comparison = rpm.vercmp(r, "6.el9_8.3") end
assert(comparison >= 0, "Installed expat is older than 2.5.0-6.el9_8.3")
}'"'"' >/dev/null
# Require pam >= 1.5.1-28.el9_8.1; keep newer vendor updates.
installed_rpm=$(rpm -q --qf '"'"'%{EPOCHNUM} %{VERSION} %{RELEASE}'"'"' pam)
OPENRIAK_RPM_VERSION="$installed_rpm" rpm --eval '"'"'%{lua:
local e, v, r = os.getenv("OPENRIAK_RPM_VERSION"):match("^(%d+) ([^ ]+) ([^ ]+)$")
assert(e, "Cannot identify installed pam version")
local comparison = rpm.vercmp(e, "0")
if comparison == 0 then comparison = rpm.vercmp(v, "1.5.1") end
if comparison == 0 then comparison = rpm.vercmp(r, "28.el9_8.1") end
assert(comparison >= 0, "Installed pam is older than 1.5.1-28.el9_8.1")
}'"'"' >/dev/null
'
started: 2026-09-11T11:04:16Z

timeout_seconds: 3600
exit_code: 0
