$ /usr/bin/docker compose --env-file /tmp/openriak-docker-3.4.0-rocky-9-otp26-x39nprnr/.env.cluster --project-directory /tmp/openriak-docker-3.4.0-rocky-9-otp26-x39nprnr --file /tmp/openriak-docker-3.4.0-rocky-9-otp26-x39nprnr/compose.cluster.test.yaml up --detach --no-build
started: 2026-09-11T11:00:31Z
 Network openriak-kv-340-rocky-9-otp26-node-cluster_openriak Creating 
 Network openriak-kv-340-rocky-9-otp26-node-cluster_openriak Creating 
 Network openriak-kv-340-rocky-9-otp26-node-cluster_openriak Created 
 Network openriak-kv-340-rocky-9-otp26-node-cluster_openriak Created 
 Container openriak-kv-3.4.0-rocky-9-otp26-node-5-t-853065z Creating 
 Container openriak-kv-3.4.0-rocky-9-otp26-node-2-t-853065z Creating 
 Container openriak-kv-3.4.0-rocky-9-otp26-node-4-t-853065z Creating 
 Container openriak-kv-3.4.0-rocky-9-otp26-node-3-t-853065z Creating 
 Container openriak-kv-3.4.0-rocky-9-otp26-node-1-t-853065z Creating 
 Container openriak-kv-3.4.0-rocky-9-otp26-node-5-t-853065z Created 
 Container openriak-kv-3.4.0-rocky-9-otp26-node-2-t-853065z Created 
 Container openriak-kv-3.4.0-rocky-9-otp26-node-3-t-853065z Created 
 Container openriak-kv-3.4.0-rocky-9-otp26-node-4-t-853065z Created 
 Container openriak-kv-3.4.0-rocky-9-otp26-node-1-t-853065z Created 
 Container openriak-kv-3.4.0-rocky-9-otp26-node-1-t-853065z Starting 
 Container openriak-kv-3.4.0-rocky-9-otp26-node-3-t-853065z Starting 
 Container openriak-kv-3.4.0-rocky-9-otp26-node-2-t-853065z Starting 
 Container openriak-kv-3.4.0-rocky-9-otp26-node-5-t-853065z Starting 
 Container openriak-kv-3.4.0-rocky-9-otp26-node-4-t-853065z Starting 
 Container openriak-kv-3.4.0-rocky-9-otp26-node-3-t-853065z Started 
 Container openriak-kv-3.4.0-rocky-9-otp26-node-1-t-853065z Started 
 Container openriak-kv-3.4.0-rocky-9-otp26-node-4-t-853065z Started 
 Container openriak-kv-3.4.0-rocky-9-otp26-node-5-t-853065z Started 
 Container openriak-kv-3.4.0-rocky-9-otp26-node-2-t-853065z Started 

timeout_seconds: 3600
exit_code: 0
