$ /usr/bin/docker buildx build --builder openriak-kv-multiarch --load --platform linux/amd64 --pull=false --no-cache --tag tiotjp/openriak-kv:test-3.4.0-rocky-9-otp26-linux-amd64-20260911t105844.853065z --file /home/peter/openriak-builds/openriak-distributed/openriak-docker-2026-09-11-b/local/20260911T084617.243958Z/results/3.4.0/3.4.0-rocky-9-otp26/platforms/linux-amd64/runs/20260911T105844.853065Z/Dockerfile /home/peter/openriak-builds/openriak-distributed/openriak-docker-2026-09-11-b/local/20260911T084617.243958Z/results/3.4.0/3.4.0-rocky-9-otp26/platforms/linux-amd64/runs/20260911T105844.853065Z
started: 2026-09-11T10:58:45Z
#0 building with "openriak-kv-multiarch" instance using docker-container driver

#1 [internal] load build definition from Dockerfile
#1 transferring dockerfile: 45.95kB done
#1 DONE 0.1s

#2 resolve image config for docker-image://docker.io/docker/dockerfile:1.7
#2 DONE 0.4s

#3 docker-image://docker.io/docker/dockerfile:1.7@sha256:a57df69d0ea827fb7266491f2813635de6f17269be881f696fbfdf2d83dda33e
#3 resolve docker.io/docker/dockerfile:1.7@sha256:a57df69d0ea827fb7266491f2813635de6f17269be881f696fbfdf2d83dda33e 0.0s done
#3 CACHED

#4 [internal] load metadata for docker.io/library/rockylinux:9@sha256:d7be1c094cc5845ee815d4632fe377514ee6ebcf8efaed6892889657e5ddaaa6
#4 ...

#5 [auth] library/rockylinux:pull token for registry-1.docker.io
#5 DONE 0.0s

#4 [internal] load metadata for docker.io/library/rockylinux:9@sha256:d7be1c094cc5845ee815d4632fe377514ee6ebcf8efaed6892889657e5ddaaa6
#4 DONE 0.7s

#6 [internal] load .dockerignore
#6 transferring context: 2B done
#6 DONE 0.1s

#7 [download-amd64 1/1] ADD --checksum=sha256:72c02db420dc5a0cde5c27a2bd1813fc74e56b663f1167b9b7a0795fae5bfc77 https://files.tiot.jp/riak/kv/3.4/3.4.0/rhel/9/riak-3.4.0.OTP26-1.el9.x86_64.rpm /riak-3.4.0.OTP26-1.el9.x86_64.rpm
#7 DONE 0.0s

#8 [internal] preparing inline document
#8 CACHED

#7 [download-amd64 1/1] ADD --checksum=sha256:72c02db420dc5a0cde5c27a2bd1813fc74e56b663f1167b9b7a0795fae5bfc77 https://files.tiot.jp/riak/kv/3.4/3.4.0/rhel/9/riak-3.4.0.OTP26-1.el9.x86_64.rpm /riak-3.4.0.OTP26-1.el9.x86_64.rpm
#7 CACHED

#9 [internal] preparing inline document
#9 CACHED

#10 [install-amd64 1/2] FROM docker.io/library/rockylinux:9@sha256:d7be1c094cc5845ee815d4632fe377514ee6ebcf8efaed6892889657e5ddaaa6
#10 resolve docker.io/library/rockylinux:9@sha256:d7be1c094cc5845ee815d4632fe377514ee6ebcf8efaed6892889657e5ddaaa6 0.1s done
#10 CACHED

#11 [download-amd64 1/1] ADD --checksum=sha256:72c02db420dc5a0cde5c27a2bd1813fc74e56b663f1167b9b7a0795fae5bfc77 https://files.tiot.jp/riak/kv/3.4/3.4.0/rhel/9/riak-3.4.0.OTP26-1.el9.x86_64.rpm /riak-3.4.0.OTP26-1.el9.x86_64.rpm
#11 DONE 0.1s

#12 [install-amd64 2/2] RUN --mount=type=bind,from=download-amd64,target=/opt/openriak-package,ro <<'OPENRIAK_PACKAGE_INSTALL' (set -eu...)
#12 3.781 Rocky Linux 9 - BaseOS                          8.6 MB/s |  27 MB     00:03    
#12 8.182 Rocky Linux 9 - AppStream                        13 MB/s |  23 MB     00:01    
#12 13.27 Rocky Linux 9 - Extras                           17 kB/s |  17 kB     00:00    
#12 14.03 Dependencies resolved.
#12 14.04 ================================================================================
#12 14.04  Package                     Arch   Version                     Repo       Size
#12 14.04 ================================================================================
#12 14.04 Upgrading:
#12 14.04  alternatives                x86_64 1.24-2.el9                  baseos     38 k
#12 14.04  audit-libs                  x86_64 3.1.5-8.el9                 baseos    121 k
#12 14.04  basesystem                  noarch 11-13.el9.0.1               baseos    6.4 k
#12 14.04  bash                        x86_64 5.1.8-9.el9                 baseos    1.7 M
#12 14.04  binutils                    x86_64 2.35.2-72.el9               baseos    4.5 M
#12 14.04  binutils-gold               x86_64 2.35.2-72.el9               baseos    734 k
#12 14.04  bzip2-libs                  x86_64 1.0.8-11.el9                baseos     39 k
#12 14.04  ca-certificates             noarch 2025.2.80_v9.0.305-91.el9   baseos    948 k
#12 14.04  coreutils-single            x86_64 8.32-41.el9_8.1             baseos    599 k
#12 14.04  cracklib                    x86_64 2.9.6-28.el9                baseos     80 k
#12 14.04  cracklib-dicts              x86_64 2.9.6-28.el9                baseos    3.6 M
#12 14.04  crypto-policies             noarch 20260224-1.gitea0f072.el9   baseos     56 k
#12 14.04  crypto-policies-scripts     noarch 20260224-1.gitea0f072.el9   baseos     87 k
#12 14.04  curl-minimal                x86_64 7.76.1-40.el9_8.5           baseos    127 k
#12 14.04  cyrus-sasl-lib              x86_64 2.1.27-22.el9_7             baseos    762 k
#12 14.04  dnf                         noarch 4.14.0-34.el9_8.rocky.0.1   baseos    467 k
#12 14.04  dnf-data                    noarch 4.14.0-34.el9_8.rocky.0.1   baseos     36 k
#12 14.04  elfutils-debuginfod-client  x86_64 0.194-1.el9.rocky.0.1       baseos     43 k
#12 14.04  elfutils-default-yama-scope noarch 0.194-1.el9.rocky.0.1       baseos    9.0 k
#12 14.04  elfutils-libelf             x86_64 0.194-1.el9.rocky.0.1       baseos    201 k
#12 14.04  elfutils-libs               x86_64 0.194-1.el9.rocky.0.1       baseos    268 k
#12 14.04  expat                       x86_64 2.5.0-6.el9_8.3             baseos    119 k
#12 14.04  file-libs                   x86_64 5.39-17.el9                 baseos    587 k
#12 14.04  filesystem                  x86_64 3.16-5.el9                  baseos    1.1 M
#12 14.04  findutils                   x86_64 1:4.8.0-7.el9               baseos    536 k
#12 14.04  gdbm-libs                   x86_64 1:1.23-1.el9                baseos     55 k
#12 14.04  glib2                       x86_64 2.68.4-19.el9_8.10          baseos    2.6 M
#12 14.04  glibc                       x86_64 2.34-275.el9_8              baseos    2.0 M
#12 14.04  glibc-common                x86_64 2.34-275.el9_8              baseos    299 k
#12 14.04  glibc-minimal-langpack      x86_64 2.34-275.el9_8              baseos     27 k
#12 14.04  gnupg2                      x86_64 2.3.3-5.el9_7               baseos    2.5 M
#12 14.04  gnutls                      x86_64 3.8.10-8.el9_8              baseos    1.4 M
#12 14.04  gzip                        x86_64 1.12-2.el9_8                baseos    156 k
#12 14.04  ima-evm-utils               x86_64 1.6.2-2.el9.rocky.0.2       baseos     71 k
#12 14.04  krb5-libs                   x86_64 1.21.1-10.el9_8             baseos    754 k
#12 14.04  less                        x86_64 590-6.el9                   baseos    160 k
#12 14.04  libacl                      x86_64 2.4.0-1.el9_8               baseos     25 k
#12 14.04  libarchive                  x86_64 3.5.3-11.el9_8              baseos    387 k
#12 14.04  libattr                     x86_64 2.6.0-1.el9_8               baseos     17 k
#12 14.04  libblkid                    x86_64 2.37.4-25.el9               baseos    105 k
#12 14.04  libcap                      x86_64 2.48-10.el9_7.1             baseos     66 k
#12 14.04  libcom_err                  x86_64 1.46.5-8.el9                baseos     25 k
#12 14.04  libcurl-minimal             x86_64 7.76.1-40.el9_8.5           baseos    225 k
#12 14.04  libdb                       x86_64 5.3.28-57.el9_6             baseos    736 k
#12 14.04  libdnf                      x86_64 0.69.0-18.el9.rocky.0.1     baseos    654 k
#12 14.04  libeconf                    x86_64 0.4.1-7.el9_8               baseos     26 k
#12 14.04  libevent                    x86_64 2.1.12-8.el9_4              baseos    262 k
#12 14.04  libfdisk                    x86_64 2.37.4-25.el9               baseos    152 k
#12 14.04  libgcc                      x86_64 11.5.0-14.el9               baseos     85 k
#12 14.04  libgcrypt                   x86_64 1.10.0-13.el9_8             baseos    505 k
#12 14.04  libgomp                     x86_64 11.5.0-14.el9               baseos    258 k
#12 14.04  libksba                     x86_64 1.5.1-7.el9                 baseos    152 k
#12 14.04  libmount                    x86_64 2.37.4-25.el9               baseos    133 k
#12 14.04  libnghttp2                  x86_64 1.43.0-6.el9_8.2            baseos     72 k
#12 14.04  librepo                     x86_64 1.19.0-1.el9                baseos     89 k
#12 14.04  libselinux                  x86_64 3.6-3.el9                   baseos     85 k
#12 14.04  libsemanage                 x86_64 3.6-5.el9_6                 baseos    117 k
#12 14.04  libsepol                    x86_64 3.6-3.el9                   baseos    329 k
#12 14.04  libsmartcols                x86_64 2.37.4-25.el9               baseos     61 k
#12 14.04  libsolv                     x86_64 0.7.24-6.el9_8              baseos    402 k
#12 14.04  libstdc++                   x86_64 11.5.0-14.el9               baseos    739 k
#12 14.04  libtasn1                    x86_64 4.16.0-10.el9_8             baseos     73 k
#12 14.04  libusbx                     x86_64 1.0.30-1.el9_8              baseos     77 k
#12 14.04  libuser                     x86_64 0.63-17.el9                 baseos    384 k
#12 14.04  libuuid                     x86_64 2.37.4-25.el9               baseos     26 k
#12 14.04  libxml2                     x86_64 2.9.13-14.el9_8.4           baseos    747 k
#12 14.04  libzstd                     x86_64 1.5.5-1.el9                 baseos    294 k
#12 14.04  mpfr                        x86_64 4.1.0-10.el9                baseos    324 k
#12 14.04  ncurses-base                noarch 6.2-12.20210508.el9         baseos     60 k
#12 14.04  ncurses-libs                x86_64 6.2-12.20210508.el9         baseos    322 k
#12 14.04  nettle                      x86_64 3.10.1-1.el9                baseos    562 k
#12 14.04  openldap                    x86_64 2.6.8-4.el9.0.1             baseos    256 k
#12 14.04  openssl                     x86_64 1:3.5.5-6.el9_8             baseos    1.4 M
#12 14.04  openssl-libs                x86_64 1:3.5.5-6.el9_8             baseos    2.3 M
#12 14.04  p11-kit                     x86_64 0.26.4-1.el9_8              baseos    591 k
#12 14.04  p11-kit-trust               x86_64 0.26.4-1.el9_8              baseos    155 k
#12 14.04  pam                         x86_64 1.5.1-28.el9_8.1            baseos    543 k
#12 14.04  pcre                        x86_64 8.44-4.el9                  baseos    196 k
#12 14.04  pcre2                       x86_64 10.40-6.el9                 baseos    233 k
#12 14.04  pcre2-syntax                noarch 10.40-6.el9                 baseos    140 k
#12 14.04  python3                     x86_64 3.9.25-7.el9_8.3            baseos     26 k
#12 14.04  python3-dnf                 noarch 4.14.0-34.el9_8.rocky.0.1   baseos    412 k
#12 14.04  python3-hawkey              x86_64 0.69.0-18.el9.rocky.0.1     baseos    101 k
#12 14.04  python3-libdnf              x86_64 0.69.0-18.el9.rocky.0.1     baseos    771 k
#12 14.04  python3-libs                x86_64 3.9.25-7.el9_8.3            baseos    7.5 M
#12 14.04  python3-pip-wheel           noarch 21.3.1-2.el9_8.rocky.0.1    baseos    1.1 M
#12 14.04  python3-rpm                 x86_64 4.16.1.3-40.el9             baseos     64 k
#12 14.04  python3-setuptools-wheel    noarch 53.0.0-15.el9               baseos    467 k
#12 14.04  rocky-gpg-keys              noarch 9.8-1.2.el9                 baseos     25 k
#12 14.04  rocky-release               noarch 9.8-1.2.el9                 baseos     22 k
#12 14.04  rocky-repos                 noarch 9.8-1.2.el9                 baseos     12 k
#12 14.04  rootfiles                   noarch 8.1-35.el9                  baseos    9.3 k
#12 14.04  rpm                         x86_64 4.16.1.3-40.el9             baseos    484 k
#12 14.04  rpm-build-libs              x86_64 4.16.1.3-40.el9             baseos     88 k
#12 14.04  rpm-libs                    x86_64 4.16.1.3-40.el9             baseos    307 k
#12 14.04  rpm-sign-libs               x86_64 4.16.1.3-40.el9             baseos     20 k
#12 14.04  sed                         x86_64 4.8-10.el9_8                baseos    295 k
#12 14.04  setup                       noarch 2.13.7-10.el9               baseos    140 k
#12 14.04  shadow-utils                x86_64 2:4.9-16.el9                baseos    1.1 M
#12 14.04  sqlite-libs                 x86_64 3.34.1-11.el9_8             baseos    643 k
#12 14.04  systemd-libs                x86_64 252-67.el9_8.4.rocky.0.1    baseos    654 k
#12 14.04  tar                         x86_64 2:1.34-13.el9_8             baseos    879 k
#12 14.04  tpm2-tss                    x86_64 3.2.3-1.el9                 baseos    594 k
#12 14.04  tzdata                      noarch 2026c-1.el9_8               baseos    497 k
#12 14.04  usermode                    x86_64 1.114-7.el9                 baseos    173 k
#12 14.04  util-linux                  x86_64 2.37.4-25.el9               baseos    2.2 M
#12 14.04  util-linux-core             x86_64 2.37.4-25.el9               baseos    431 k
#12 14.04  vim-minimal                 x86_64 2:8.2.2637-26.el9_8.21      baseos    674 k
#12 14.04  yum                         noarch 4.14.0-34.el9_8.rocky.0.1   baseos     90 k
#12 14.04 Installing dependencies:
#12 14.04  attr                        x86_64 2.6.0-1.el9_8               baseos     62 k
#12 14.04  keyutils                    x86_64 1.6.3-1.el9                 baseos     72 k
#12 14.04  libtool-ltdl                x86_64 2.4.6-46.el9                baseos     35 k
#12 14.04  openssl-fips-provider       x86_64 1:3.5.5-6.el9_8             baseos    815 k
#12 14.04 Installing weak dependencies:
#12 14.04  libxcrypt-compat            x86_64 4.4.18-3.el9                appstream  88 k
#12 14.04 
#12 14.04 Transaction Summary
#12 14.04 ================================================================================
#12 14.04 Install    5 Packages
#12 14.04 Upgrade  109 Packages
#12 14.04 
#12 14.04 Total download size: 61 M
#12 14.04 Downloading Packages:
#12 14.99 (1/114): attr-2.6.0-1.el9_8.x86_64.rpm          626 kB/s |  62 kB     00:00    
#12 15.00 (2/114): libtool-ltdl-2.4.6-46.el9.x86_64.rpm   328 kB/s |  35 kB     00:00    
#12 15.01 (3/114): keyutils-1.6.3-1.el9.x86_64.rpm        639 kB/s |  72 kB     00:00    
#12 15.03 (4/114): alternatives-1.24-2.el9.x86_64.rpm     2.1 MB/s |  38 kB     00:00    
#12 15.03 (5/114): libxcrypt-compat-4.4.18-3.el9.x86_64.r 2.7 MB/s |  88 kB     00:00    
#12 15.05 (6/114): audit-libs-3.1.5-8.el9.x86_64.rpm      4.9 MB/s | 121 kB     00:00    
#12 15.06 (7/114): basesystem-11-13.el9.0.1.noarch.rpm    282 kB/s | 6.4 kB     00:00    
#12 15.07 (8/114): openssl-fips-provider-3.5.5-6.el9_8.x8  11 MB/s | 815 kB     00:00    
#12 15.13 (9/114): binutils-gold-2.35.2-72.el9.x86_64.rpm  12 MB/s | 734 kB     00:00    
#12 15.19 (10/114): bash-5.1.8-9.el9.x86_64.rpm            12 MB/s | 1.7 MB     00:00    
#12 15.19 (11/114): bzip2-libs-1.0.8-11.el9.x86_64.rpm    579 kB/s |  39 kB     00:00    
#12 15.27 (12/114): ca-certificates-2025.2.80_v9.0.305-91  11 MB/s | 948 kB     00:00    
#12 15.30 (13/114): cracklib-2.9.6-28.el9.x86_64.rpm      4.0 MB/s |  80 kB     00:00    
#12 15.38 (14/114): coreutils-single-8.32-41.el9_8.1.x86_ 3.2 MB/s | 599 kB     00:00    
#12 15.48 (15/114): binutils-2.35.2-72.el9.x86_64.rpm      11 MB/s | 4.5 MB     00:00    
#12 15.49 (16/114): crypto-policies-20260224-1.gitea0f072 521 kB/s |  56 kB     00:00    
#12 15.50 (17/114): crypto-policies-scripts-20260224-1.gi 3.8 MB/s |  87 kB     00:00    
#12 15.52 (18/114): curl-minimal-7.76.1-40.el9_8.5.x86_64 4.0 MB/s | 127 kB     00:00    
#12 15.59 (19/114): cracklib-dicts-2.9.6-28.el9.x86_64.rp  12 MB/s | 3.6 MB     00:00    
#12 15.61 (20/114): cyrus-sasl-lib-2.1.27-22.el9_7.x86_64 7.3 MB/s | 762 kB     00:00    
#12 15.61 (21/114): dnf-data-4.14.0-34.el9_8.rocky.0.1.no 1.7 MB/s |  36 kB     00:00    
#12 15.62 (22/114): dnf-4.14.0-34.el9_8.rocky.0.1.noarch. 4.6 MB/s | 467 kB     00:00    
#12 15.63 (23/114): elfutils-default-yama-scope-0.194-1.e 639 kB/s | 9.0 kB     00:00    
#12 15.64 (24/114): elfutils-debuginfod-client-0.194-1.el 1.5 MB/s |  43 kB     00:00    
#12 15.66 (25/114): elfutils-libelf-0.194-1.el9.rocky.0.1 5.8 MB/s | 201 kB     00:00    
#12 15.67 (26/114): elfutils-libs-0.194-1.el9.rocky.0.1.x 7.0 MB/s | 268 kB     00:00    
#12 15.67 (27/114): expat-2.5.0-6.el9_8.3.x86_64.rpm      3.1 MB/s | 119 kB     00:00    
#12 15.71 (28/114): file-libs-5.39-17.el9.x86_64.rpm       11 MB/s | 587 kB     00:00    
#12 15.75 (29/114): gdbm-libs-1.23-1.el9.x86_64.rpm       1.4 MB/s |  55 kB     00:00    
#12 15.76 (30/114): filesystem-3.16-5.el9.x86_64.rpm       11 MB/s | 1.1 MB     00:00    
#12 15.77 (31/114): findutils-4.8.0-7.el9.x86_64.rpm      5.4 MB/s | 536 kB     00:00    
#12 15.89 (32/114): glibc-common-2.34-275.el9_8.x86_64.rp 2.4 MB/s | 299 kB     00:00    
#12 15.93 (33/114): glibc-2.34-275.el9_8.x86_64.rpm        11 MB/s | 2.0 MB     00:00    
#12 15.95 (34/114): glibc-minimal-langpack-2.34-275.el9_8 535 kB/s |  27 kB     00:00    
#12 16.00 (35/114): glib2-2.68.4-19.el9_8.10.x86_64.rpm    11 MB/s | 2.6 MB     00:00    
#12 16.03 (36/114): gzip-1.12-2.el9_8.x86_64.rpm          5.2 MB/s | 156 kB     00:00    
#12 16.10 (37/114): ima-evm-utils-1.6.2-2.el9.rocky.0.2.x 1.0 MB/s |  71 kB     00:00    
#12 16.15 (38/114): gnutls-3.8.10-8.el9_8.x86_64.rpm      6.9 MB/s | 1.4 MB     00:00    
#12 16.21 (39/114): gnupg2-2.3.3-5.el9_7.x86_64.rpm       9.1 MB/s | 2.5 MB     00:00    
#12 16.23 (40/114): krb5-libs-1.21.1-10.el9_8.x86_64.rpm  5.6 MB/s | 754 kB     00:00    
#12 16.24 (41/114): libacl-2.4.0-1.el9_8.x86_64.rpm       858 kB/s |  25 kB     00:00    
#12 16.25 (42/114): less-590-6.el9.x86_64.rpm             1.5 MB/s | 160 kB     00:00    
#12 16.27 (43/114): libattr-2.6.0-1.el9_8.x86_64.rpm      468 kB/s |  17 kB     00:00    
#12 17.13 (44/114): libblkid-2.37.4-25.el9.x86_64.rpm     120 kB/s | 105 kB     00:00    
#12 17.19 (45/114): libcap-2.48-10.el9_7.1.x86_64.rpm      72 kB/s |  66 kB     00:00    
#12 17.23 (46/114): libcom_err-1.46.5-8.el9.x86_64.rpm    258 kB/s |  25 kB     00:00    
#12 17.30 (47/114): libarchive-3.5.3-11.el9_8.x86_64.rpm  362 kB/s | 387 kB     00:01    
#12 18.38 (48/114): libcurl-minimal-7.76.1-40.el9_8.5.x86 190 kB/s | 225 kB     00:01    
#12 18.44 (49/114): libeconf-0.4.1-7.el9_8.x86_64.rpm     470 kB/s |  26 kB     00:00    
#12 18.57 (50/114): libdb-5.3.28-57.el9_6.x86_64.rpm      550 kB/s | 736 kB     00:01    
#12 18.60 (51/114): libevent-2.1.12-8.el9_4.x86_64.rpm    1.6 MB/s | 262 kB     00:00    
#12 18.75 (52/114): libdnf-0.69.0-18.el9.rocky.0.1.x86_64 450 kB/s | 654 kB     00:01    
#12 18.82 (53/114): libgcc-11.5.0-14.el9.x86_64.rpm       378 kB/s |  85 kB     00:00    
#12 18.89 (54/114): libfdisk-2.37.4-25.el9.x86_64.rpm     479 kB/s | 152 kB     00:00    
#12 19.09 (55/114): libgomp-11.5.0-14.el9.x86_64.rpm      975 kB/s | 258 kB     00:00    
#12 19.19 (56/114): libksba-1.5.1-7.el9.x86_64.rpm        507 kB/s | 152 kB     00:00    
#12 19.25 (57/114): libgcrypt-1.10.0-13.el9_8.x86_64.rpm  1.0 MB/s | 505 kB     00:00    
#12 19.32 (58/114): libnghttp2-1.43.0-6.el9_8.2.x86_64.rp 564 kB/s |  72 kB     00:00    
#12 19.40 (59/114): libmount-2.37.4-25.el9.x86_64.rpm     429 kB/s | 133 kB     00:00    
#12 19.49 (60/114): librepo-1.19.0-1.el9.x86_64.rpm       376 kB/s |  89 kB     00:00    
#12 19.55 (61/114): libselinux-3.6-3.el9.x86_64.rpm       368 kB/s |  85 kB     00:00    
#12 19.62 (62/114): libsemanage-3.6-5.el9_6.x86_64.rpm    523 kB/s | 117 kB     00:00    
#12 19.72 (63/114): libsmartcols-2.37.4-25.el9.x86_64.rpm 358 kB/s |  61 kB     00:00    
#12 19.81 (64/114): libsepol-3.6-3.el9.x86_64.rpm         1.0 MB/s | 329 kB     00:00    
#12 19.88 (65/114): libsolv-0.7.24-6.el9_8.x86_64.rpm     1.5 MB/s | 402 kB     00:00    
#12 19.91 (66/114): libtasn1-4.16.0-10.el9_8.x86_64.rpm   748 kB/s |  73 kB     00:00    
#12 20.02 (67/114): libusbx-1.0.30-1.el9_8.x86_64.rpm     539 kB/s |  77 kB     00:00    
#12 20.15 (68/114): libstdc++-11.5.0-14.el9.x86_64.rpm    1.7 MB/s | 739 kB     00:00    
#12 20.22 (69/114): libuser-0.63-17.el9.x86_64.rpm        1.2 MB/s | 384 kB     00:00    
#12 20.27 (70/114): libuuid-2.37.4-25.el9.x86_64.rpm      106 kB/s |  26 kB     00:00    
#12 20.39 (71/114): libxml2-2.9.13-14.el9_8.4.x86_64.rpm  3.2 MB/s | 747 kB     00:00    
#12 20.45 (72/114): libzstd-1.5.5-1.el9.x86_64.rpm        1.6 MB/s | 294 kB     00:00    
#12 20.52 (73/114): mpfr-4.1.0-10.el9.x86_64.rpm          1.3 MB/s | 324 kB     00:00    
#12 20.58 (74/114): ncurses-base-6.2-12.20210508.el9.noar 319 kB/s |  60 kB     00:00    
#12 20.69 (75/114): ncurses-libs-6.2-12.20210508.el9.x86_ 1.4 MB/s | 322 kB     00:00    
#12 20.80 (76/114): nettle-3.10.1-1.el9.x86_64.rpm        2.0 MB/s | 562 kB     00:00    
#12 20.89 (77/114): openldap-2.6.8-4.el9.0.1.x86_64.rpm   825 kB/s | 256 kB     00:00    
#12 21.04 (78/114): openssl-3.5.5-6.el9_8.x86_64.rpm      4.0 MB/s | 1.4 MB     00:00    
#12 21.09 (79/114): p11-kit-0.26.4-1.el9_8.x86_64.rpm     2.9 MB/s | 591 kB     00:00    
#12 21.16 (80/114): p11-kit-trust-0.26.4-1.el9_8.x86_64.r 1.3 MB/s | 155 kB     00:00    
#12 21.24 (81/114): openssl-libs-3.5.5-6.el9_8.x86_64.rpm 5.2 MB/s | 2.3 MB     00:00    
#12 21.30 (82/114): pcre-8.44-4.el9.x86_64.rpm            1.3 MB/s | 196 kB     00:00    
#12 21.35 (83/114): pcre2-10.40-6.el9.x86_64.rpm          2.1 MB/s | 233 kB     00:00    
#12 21.46 (84/114): pam-1.5.1-28.el9_8.1.x86_64.rpm       1.4 MB/s | 543 kB     00:00    
#12 21.53 (85/114): python3-3.9.25-7.el9_8.3.x86_64.rpm   146 kB/s |  26 kB     00:00    
#12 21.59 (86/114): pcre2-syntax-10.40-6.el9.noarch.rpm   481 kB/s | 140 kB     00:00    
#12 21.66 (87/114): python3-hawkey-0.69.0-18.el9.rocky.0. 791 kB/s | 101 kB     00:00    
#12 21.74 (88/114): python3-dnf-4.14.0-34.el9_8.rocky.0.1 1.4 MB/s | 412 kB     00:00    
#12 21.89 (89/114): python3-libdnf-0.69.0-18.el9.rocky.0. 2.6 MB/s | 771 kB     00:00    
#12 21.96 (90/114): python3-rpm-4.16.1.3-40.el9.x86_64.rp 852 kB/s |  64 kB     00:00    
#12 22.03 (91/114): python3-pip-wheel-21.3.1-2.el9_8.rock 4.0 MB/s | 1.1 MB     00:00    
#12 22.09 (92/114): python3-setuptools-wheel-53.0.0-15.el 3.7 MB/s | 467 kB     00:00    
#12 22.16 (93/114): rocky-gpg-keys-9.8-1.2.el9.noarch.rpm 193 kB/s |  25 kB     00:00    
#12 22.22 (94/114): rocky-release-9.8-1.2.el9.noarch.rpm  168 kB/s |  22 kB     00:00    
#12 22.26 (95/114): rocky-repos-9.8-1.2.el9.noarch.rpm    117 kB/s |  12 kB     00:00    
#12 22.33 (96/114): rootfiles-8.1-35.el9.noarch.rpm        87 kB/s | 9.3 kB     00:00    
#12 22.41 (97/114): rpm-4.16.1.3-40.el9.x86_64.rpm        3.2 MB/s | 484 kB     00:00    
#12 22.49 (98/114): rpm-build-libs-4.16.1.3-40.el9.x86_64 537 kB/s |  88 kB     00:00    
#12 22.56 (99/114): rpm-libs-4.16.1.3-40.el9.x86_64.rpm   2.0 MB/s | 307 kB     00:00    
#12 22.60 (100/114): rpm-sign-libs-4.16.1.3-40.el9.x86_64 183 kB/s |  20 kB     00:00    
#12 22.67 (101/114): sed-4.8-10.el9_8.x86_64.rpm          2.8 MB/s | 295 kB     00:00    
#12 22.74 (102/114): setup-2.13.7-10.el9.noarch.rpm       1.0 MB/s | 140 kB     00:00    
#12 22.82 (103/114): shadow-utils-4.9-16.el9.x86_64.rpm   7.4 MB/s | 1.1 MB     00:00    
#12 22.94 (104/114): sqlite-libs-3.34.1-11.el9_8.x86_64.r 3.1 MB/s | 643 kB     00:00    
#12 23.07 (105/114): systemd-libs-252-67.el9_8.4.rocky.0. 2.5 MB/s | 654 kB     00:00    
#12 23.20 (106/114): tar-1.34-13.el9_8.x86_64.rpm         3.3 MB/s | 879 kB     00:00    
#12 23.27 (107/114): tpm2-tss-3.2.3-1.el9.x86_64.rpm      2.9 MB/s | 594 kB     00:00    
#12 23.40 (108/114): python3-libs-3.9.25-7.el9_8.3.x86_64 4.3 MB/s | 7.5 MB     00:01    
#12 23.47 (109/114): tzdata-2026c-1.el9_8.noarch.rpm      1.8 MB/s | 497 kB     00:00    
#12 23.53 (110/114): usermode-1.114-7.el9.x86_64.rpm      670 kB/s | 173 kB     00:00    
#12 23.60 (111/114): util-linux-core-2.37.4-25.el9.x86_64 3.2 MB/s | 431 kB     00:00    
#12 23.74 (112/114): vim-minimal-8.2.2637-26.el9_8.21.x86 3.3 MB/s | 674 kB     00:00    
#12 23.80 (113/114): yum-4.14.0-34.el9_8.rocky.0.1.noarch 447 kB/s |  90 kB     00:00    
#12 23.92 (114/114): util-linux-2.37.4-25.el9.x86_64.rpm  4.2 MB/s | 2.2 MB     00:00    
#12 23.92 --------------------------------------------------------------------------------
#12 23.93 Total                                           6.2 MB/s |  61 MB     00:09     
#12 23.95 Rocky Linux 9 - BaseOS                          1.7 MB/s | 1.7 kB     00:00    
#12 24.08 Importing GPG key 0x350D275D:
#12 24.08  Userid     : "Rocky Enterprise Software Foundation - Release key 2022 <releng@rockylinux.org>"
#12 24.08  Fingerprint: 21CB 256A E16F C54C 6E65 2949 702D 426D 350D 275D
#12 24.08  From       : /etc/pki/rpm-gpg/RPM-GPG-KEY-Rocky-9
#12 24.34 Key imported successfully
#12 25.76 Running transaction check
#12 25.92 Transaction check succeeded.
#12 25.92 Running transaction test
#12 26.71 Transaction test succeeded.
#12 26.71 Running transaction
#12 29.89   Running scriptlet: filesystem-3.16-5.el9.x86_64                           1/1 
#12 30.16   Preparing        :                                                        1/1 
#12 30.31   Upgrading        : tzdata-2026c-1.el9_8.noarch                          1/223 
#12 30.33   Upgrading        : rocky-gpg-keys-9.8-1.2.el9.noarch                    2/223 
#12 30.35   Upgrading        : rocky-release-9.8-1.2.el9.noarch                     3/223 
#12 30.37   Upgrading        : rocky-repos-9.8-1.2.el9.noarch                       4/223 
#12 30.47   Upgrading        : setup-2.13.7-10.el9.noarch                           5/223 
#12 30.47 warning: /etc/shadow created as /etc/shadow.rpmnew
#12 30.47 
#12 30.48   Running scriptlet: setup-2.13.7-10.el9.noarch                           5/223 
#12 30.54   Upgrading        : filesystem-3.16-5.el9.x86_64                         6/223 
#12 30.59   Upgrading        : basesystem-11-13.el9.0.1.noarch                      7/223 
#12 30.60   Upgrading        : python3-setuptools-wheel-53.0.0-15.el9.noarch        8/223 
#12 30.60   Upgrading        : pcre2-syntax-10.40-6.el9.noarch                      9/223 
#12 30.63   Upgrading        : ncurses-base-6.2-12.20210508.el9.noarch             10/223 
#12 30.64   Upgrading        : ncurses-libs-6.2-12.20210508.el9.x86_64             11/223 
#12 30.68   Upgrading        : bash-5.1.8-9.el9.x86_64                             12/223 
#12 30.69   Running scriptlet: bash-5.1.8-9.el9.x86_64                             12/223 
#12 30.70   Upgrading        : libgcc-11.5.0-14.el9.x86_64                         13/223 
#12 30.70   Running scriptlet: libgcc-11.5.0-14.el9.x86_64                         13/223 
#12 30.81   Upgrading        : glibc-minimal-langpack-2.34-275.el9_8.x86_64        14/223 
#12 30.83   Upgrading        : glibc-common-2.34-275.el9_8.x86_64                  15/223 
#12 30.83   Running scriptlet: glibc-2.34-275.el9_8.x86_64                         16/223 
#12 30.89   Upgrading        : glibc-2.34-275.el9_8.x86_64                         16/223 
#12 30.89   Running scriptlet: glibc-2.34-275.el9_8.x86_64                         16/223 
#12 30.92   Upgrading        : bzip2-libs-1.0.8-11.el9.x86_64                      17/223 
#12 30.92   Upgrading        : libacl-2.4.0-1.el9_8.x86_64                         18/223 
#12 30.94   Upgrading        : audit-libs-3.1.5-8.el9.x86_64                       19/223 
#12 30.95   Upgrading        : libzstd-1.5.5-1.el9.x86_64                          20/223 
#12 30.96   Upgrading        : libuuid-2.37.4-25.el9.x86_64                        21/223 
#12 30.97   Upgrading        : sqlite-libs-3.34.1-11.el9_8.x86_64                  22/223 
#12 30.98   Upgrading        : libcap-2.48-10.el9_7.1.x86_64                       23/223 
#12 31.00   Upgrading        : libstdc++-11.5.0-14.el9.x86_64                      24/223 
#12 31.01   Upgrading        : libsmartcols-2.37.4-25.el9.x86_64                   25/223 
#12 31.03   Upgrading        : crypto-policies-20260224-1.gitea0f072.el9.noarch    26/223 
#12 31.04   Running scriptlet: crypto-policies-20260224-1.gitea0f072.el9.noarch    26/223 
#12 31.04   Upgrading        : elfutils-libelf-0.194-1.el9.rocky.0.1.x86_64        27/223 
#12 31.06   Upgrading        : libattr-2.6.0-1.el9_8.x86_64                        28/223 
#12 31.06   Upgrading        : libcom_err-1.46.5-8.el9.x86_64                      29/223 
#12 31.07   Upgrading        : libtasn1-4.16.0-10.el9_8.x86_64                     30/223 
#12 31.10   Upgrading        : p11-kit-0.26.4-1.el9_8.x86_64                       31/223 
#12 31.12   Upgrading        : libxml2-2.9.13-14.el9_8.4.x86_64                    32/223 
#12 31.12   Upgrading        : alternatives-1.24-2.el9.x86_64                      33/223 
#12 31.14   Upgrading        : p11-kit-trust-0.26.4-1.el9_8.x86_64                 34/223 
#12 31.14   Running scriptlet: p11-kit-trust-0.26.4-1.el9_8.x86_64                 34/223 
#12 31.15   Upgrading        : gdbm-libs-1:1.23-1.el9.x86_64                       35/223 
#12 31.17   Upgrading        : libgcrypt-1.10.0-13.el9_8.x86_64                    36/223 
#12 31.18   Upgrading        : libsepol-3.6-3.el9.x86_64                           37/223 
#12 31.19   Installing       : attr-2.6.0-1.el9_8.x86_64                           38/223 
#12 31.20   Installing       : keyutils-1.6.3-1.el9.x86_64                         39/223 
#12 31.21   Installing       : libtool-ltdl-2.4.6-46.el9.x86_64                    40/223 
#12 31.22   Installing       : libxcrypt-compat-4.4.18-3.el9.x86_64                41/223 
#12 31.23   Upgrading        : expat-2.5.0-6.el9_8.3.x86_64                        42/223 
#12 31.26   Upgrading        : file-libs-5.39-17.el9.x86_64                        43/223 
#12 31.27   Upgrading        : libdb-5.3.28-57.el9_6.x86_64                        44/223 
#12 31.29   Upgrading        : libeconf-0.4.1-7.el9_8.x86_64                       45/223 
#12 31.29   Upgrading        : libgomp-11.5.0-14.el9.x86_64                        46/223 
#12 31.30   Upgrading        : libksba-1.5.1-7.el9.x86_64                          47/223 
#12 31.31   Upgrading        : libnghttp2-1.43.0-6.el9_8.2.x86_64                  48/223 
#12 31.33   Upgrading        : nettle-3.10.1-1.el9.x86_64                          49/223 
#12 31.35   Upgrading        : gnutls-3.8.10-8.el9_8.x86_64                        50/223 
#12 31.37   Upgrading        : pcre-8.44-4.el9.x86_64                              51/223 
#12 31.38   Upgrading        : pcre2-10.40-6.el9.x86_64                            52/223 
#12 31.39   Upgrading        : libselinux-3.6-3.el9.x86_64                         53/223 
#12 31.41   Upgrading        : coreutils-single-8.32-41.el9_8.1.x86_64             54/223 
#12 31.42   Upgrading        : libblkid-2.37.4-25.el9.x86_64                       55/223 
#12 31.43   Running scriptlet: libblkid-2.37.4-25.el9.x86_64                       55/223 
#12 31.44   Upgrading        : libmount-2.37.4-25.el9.x86_64                       56/223 
#12 31.48   Upgrading        : glib2-2.68.4-19.el9_8.10.x86_64                     57/223 
#12 31.50   Upgrading        : sed-4.8-10.el9_8.x86_64                             58/223 
#12 31.51   Upgrading        : libfdisk-2.37.4-25.el9.x86_64                       59/223 
#12 31.52   Upgrading        : gzip-1.12-2.el9_8.x86_64                            60/223 
#12 31.54   Upgrading        : cracklib-2.9.6-28.el9.x86_64                        61/223 
#12 31.55   Upgrading        : findutils-1:4.8.0-7.el9.x86_64                      62/223 
#12 31.56   Running scriptlet: ca-certificates-2025.2.80_v9.0.305-91.el9.noarch    63/223 
#12 31.59   Upgrading        : ca-certificates-2025.2.80_v9.0.305-91.el9.noarch    63/223 
#12 31.60   Running scriptlet: ca-certificates-2025.2.80_v9.0.305-91.el9.noarch    63/223 
#12 32.48   Upgrading        : openssl-libs-1:3.5.5-6.el9_8.x86_64                 64/223 
#12 32.50   Installing       : openssl-fips-provider-1:3.5.5-6.el9_8.x86_64        65/223 
#12 32.51   Upgrading        : systemd-libs-252-67.el9_8.4.rocky.0.1.x86_64        66/223 
#12 32.52   Running scriptlet: systemd-libs-252-67.el9_8.4.rocky.0.1.x86_64        66/223 
#12 32.55   Upgrading        : krb5-libs-1.21.1-10.el9_8.x86_64                    67/223 
#12 32.57   Upgrading        : libcurl-minimal-7.76.1-40.el9_8.5.x86_64            68/223 
#12 32.57   Upgrading        : curl-minimal-7.76.1-40.el9_8.5.x86_64               69/223 
#12 32.58   Upgrading        : librepo-1.19.0-1.el9.x86_64                         70/223 
#12 32.60   Upgrading        : cyrus-sasl-lib-2.1.27-22.el9_7.x86_64               71/223 
#12 32.63   Upgrading        : util-linux-core-2.37.4-25.el9.x86_64                72/223 
#12 32.64   Running scriptlet: util-linux-core-2.37.4-25.el9.x86_64                72/223 
#12 32.66   Upgrading        : libarchive-3.5.3-11.el9_8.x86_64                    73/223 
#12 32.71   Upgrading        : rpm-4.16.1.3-40.el9.x86_64                          74/223 
#12 32.72   Upgrading        : rpm-libs-4.16.1.3-40.el9.x86_64                     75/223 
#12 32.74   Upgrading        : libsolv-0.7.24-6.el9_8.x86_64                       76/223 
#12 32.75   Upgrading        : libdnf-0.69.0-18.el9.rocky.0.1.x86_64               77/223 
#12 32.76   Upgrading        : libevent-2.1.12-8.el9_4.x86_64                      78/223 
#12 32.80   Upgrading        : openssl-1:3.5.5-6.el9_8.x86_64                      79/223 
#12 32.95   Upgrading        : pam-1.5.1-28.el9_8.1.x86_64                         80/223 
#12 32.96   Upgrading        : python3-pip-wheel-21.3.1-2.el9_8.rocky.0.1.noarc    81/223 
#12 32.97   Upgrading        : python3-3.9.25-7.el9_8.3.x86_64                     82/223 
#12 33.30   Upgrading        : python3-libs-3.9.25-7.el9_8.3.x86_64                83/223 
#12 33.33   Upgrading        : python3-libdnf-0.69.0-18.el9.rocky.0.1.x86_64       84/223 
#12 33.34   Upgrading        : python3-hawkey-0.69.0-18.el9.rocky.0.1.x86_64       85/223 
#12 33.36   Upgrading        : libsemanage-3.6-5.el9_6.x86_64                      86/223 
#12 33.40   Upgrading        : shadow-utils-2:4.9-16.el9.x86_64                    87/223 
#12 33.42   Upgrading        : openldap-2.6.8-4.el9.0.1.x86_64                     88/223 
#12 33.47   Upgrading        : gnupg2-2.3.3-5.el9_7.x86_64                         89/223 
#12 33.49   Upgrading        : libuser-0.63-17.el9.x86_64                          90/223 
#12 33.50   Running scriptlet: tpm2-tss-3.2.3-1.el9.x86_64                         91/223 
#12 33.52   Upgrading        : tpm2-tss-3.2.3-1.el9.x86_64                         91/223 
#12 33.54   Upgrading        : ima-evm-utils-1.6.2-2.el9.rocky.0.2.x86_64          92/223 
#12 33.54   Upgrading        : rpm-sign-libs-4.16.1.3-40.el9.x86_64                93/223 
#12 33.64   Upgrading        : util-linux-2.37.4-25.el9.x86_64                     94/223 
#12 33.66   Upgrading        : elfutils-default-yama-scope-0.194-1.el9.rocky.0.    95/223 
#12 33.66   Running scriptlet: elfutils-default-yama-scope-0.194-1.el9.rocky.0.    95/223 
#12 33.67   Upgrading        : elfutils-libs-0.194-1.el9.rocky.0.1.x86_64          96/223 
#12 33.68   Upgrading        : elfutils-debuginfod-client-0.194-1.el9.rocky.0.1    97/223 
#12 33.70   Upgrading        : binutils-gold-2.35.2-72.el9.x86_64                  98/223 
#12 33.76   Upgrading        : binutils-2.35.2-72.el9.x86_64                       99/223 
#12 33.78   Running scriptlet: binutils-2.35.2-72.el9.x86_64                       99/223 
#12 33.81   Upgrading        : rpm-build-libs-4.16.1.3-40.el9.x86_64              100/223 
#12 33.83   Upgrading        : python3-rpm-4.16.1.3-40.el9.x86_64                 101/223 
#12 33.88   Upgrading        : dnf-data-4.14.0-34.el9_8.rocky.0.1.noarch          102/223 
#12 33.91   Upgrading        : python3-dnf-4.14.0-34.el9_8.rocky.0.1.noarch       103/223 
#12 33.93   Upgrading        : dnf-4.14.0-34.el9_8.rocky.0.1.noarch               104/223 
#12 33.94   Running scriptlet: dnf-4.14.0-34.el9_8.rocky.0.1.noarch               104/223 
#12 33.95   Upgrading        : yum-4.14.0-34.el9_8.rocky.0.1.noarch               105/223 
#12 33.97   Upgrading        : usermode-1.114-7.el9.x86_64                        106/223 
#12 33.99   Upgrading        : crypto-policies-scripts-20260224-1.gitea0f072.el   107/223 
#12 34.00   Upgrading        : libusbx-1.0.30-1.el9_8.x86_64                      108/223 
#12 34.04   Upgrading        : cracklib-dicts-2.9.6-28.el9.x86_64                 109/223 
#12 34.06   Upgrading        : tar-2:1.34-13.el9_8.x86_64                         110/223 
#12 34.08   Upgrading        : vim-minimal-2:8.2.2637-26.el9_8.21.x86_64          111/223 
#12 34.09   Upgrading        : less-590-6.el9.x86_64                              112/223 
#12 34.10   Upgrading        : mpfr-4.1.0-10.el9.x86_64                           113/223 
#12 34.11   Upgrading        : rootfiles-8.1-35.el9.noarch                        114/223 
#12 34.12   Running scriptlet: binutils-2.35.2-42.el9.x86_64                      115/223 
#12 34.14   Cleanup          : binutils-2.35.2-42.el9.x86_64                      115/223 
#12 34.14   Running scriptlet: binutils-2.35.2-42.el9.x86_64                      115/223 
#12 34.16   Cleanup          : crypto-policies-scripts-20230731-1.git94f0e2c.el   116/223 
#12 34.17   Cleanup          : yum-4.14.0-8.el9.noarch                            117/223 
#12 34.17   Running scriptlet: dnf-4.14.0-8.el9.noarch                            118/223 
#12 34.18   Cleanup          : dnf-4.14.0-8.el9.noarch                            118/223 
#12 34.18   Running scriptlet: dnf-4.14.0-8.el9.noarch                            118/223 
#12 34.20   Cleanup          : python3-dnf-4.14.0-8.el9.noarch                    119/223 
#12 34.21   Cleanup          : cracklib-dicts-2.9.6-27.el9.x86_64                 120/223 
#12 34.21   Cleanup          : binutils-gold-2.35.2-42.el9.x86_64                 121/223 
#12 34.22   Cleanup          : python3-hawkey-0.69.0-6.el9_3.x86_64               122/223 
#12 34.23   Cleanup          : python3-libdnf-0.69.0-6.el9_3.x86_64               123/223 
#12 34.24   Cleanup          : libdnf-0.69.0-6.el9_3.x86_64                       124/223 
#12 34.25   Cleanup          : libstdc++-11.4.1-2.1.el9.x86_64                    125/223 
#12 34.26   Cleanup          : elfutils-debuginfod-client-0.189-3.el9.x86_64      126/223 
#12 34.27   Cleanup          : librepo-1.14.5-1.el9.x86_64                        127/223 
#12 34.27   Cleanup          : libsolv-0.7.24-2.el9.x86_64                        128/223 
#12 34.28   Cleanup          : usermode-1.114-4.el9.x86_64                        129/223 
#12 34.30   Cleanup          : util-linux-2.37.4-15.el9.x86_64                    130/223 
#12 34.31   Cleanup          : util-linux-core-2.37.4-15.el9.x86_64               131/223 
#12 34.33   Cleanup          : libuser-0.63-13.el9.x86_64                         132/223 
#12 34.34   Cleanup          : glib2-2.68.4-11.el9.x86_64                         133/223 
#12 34.36   Cleanup          : pam-1.5.1-15.el9.x86_64                            134/223 
#12 34.37   Cleanup          : libmount-2.37.4-15.el9.x86_64                      135/223 
#12 34.38   Cleanup          : libfdisk-2.37.4-15.el9.x86_64                      136/223 
#12 34.39   Cleanup          : openssl-1:3.0.7-24.el9.x86_64                      137/223 
#12 34.40   Cleanup          : tar-2:1.34-6.el9_1.x86_64                          138/223 
#12 34.41   Cleanup          : vim-minimal-2:8.2.2637-20.el9_1.x86_64             139/223 
#12 34.41   Cleanup          : libusbx-1.0.26-1.el9.x86_64                        140/223 
#12 34.42   Cleanup          : systemd-libs-252-18.el9.x86_64                     141/223 
#12 34.43   Cleanup          : libblkid-2.37.4-15.el9.x86_64                      142/223 
#12 34.44   Cleanup          : libdb-5.3.28-53.el9.x86_64                         143/223 
#12 34.44   Cleanup          : python3-rpm-4.16.1.3-25.el9.x86_64                 144/223 
#12 34.45   Cleanup          : rpm-build-libs-4.16.1.3-25.el9.x86_64              145/223 
#12 34.46   Cleanup          : elfutils-libs-0.189-3.el9.x86_64                   146/223 
#12 34.47   Cleanup          : rpm-sign-libs-4.16.1.3-25.el9.x86_64               147/223 
#12 34.48   Cleanup          : gnupg2-2.3.3-4.el9.x86_64                          148/223 
#12 34.49   Cleanup          : rpm-4.16.1.3-25.el9.x86_64                         149/223 
#12 34.50   Cleanup          : rpm-libs-4.16.1.3-25.el9.x86_64                    150/223 
#12 34.51   Cleanup          : gnutls-3.7.6-23.el9.x86_64                         151/223 
#12 34.52   Cleanup          : libarchive-3.5.3-4.el9.x86_64                      152/223 
#12 34.53   Cleanup          : openldap-2.6.3-1.el9.x86_64                        153/223 
#12 34.53   Cleanup          : libevent-2.1.12-6.el9.x86_64                       154/223 
#12 34.54   Cleanup          : cyrus-sasl-lib-2.1.27-21.el9.x86_64                155/223 
#12 34.55   Cleanup          : libxml2-2.9.13-4.el9.x86_64                        156/223 
#12 34.56   Cleanup          : ima-evm-utils-1.4-4.el9.x86_64                     157/223 
#12 34.57   Cleanup          : tpm2-tss-3.2.2-2.el9.x86_64                        158/223 
#12 34.58   Cleanup          : shadow-utils-2:4.9-8.el9.x86_64                    159/223 
#12 34.59   Cleanup          : libsemanage-3.5-2.el9.x86_64                       160/223 
#12 34.60   Cleanup          : file-libs-5.39-14.el9.x86_64                       161/223 
#12 34.61   Cleanup          : curl-minimal-7.76.1-26.el9_3.2.0.1.x86_64          162/223 
#12 34.62   Cleanup          : libcurl-minimal-7.76.1-26.el9_3.2.0.1.x86_64       163/223 
#12 34.63   Cleanup          : krb5-libs-1.21.1-1.el9.x86_64                      164/223 
#12 34.63   Cleanup          : less-590-2.el9_2.x86_64                            165/223 
#12 34.64   Cleanup          : findutils-1:4.8.0-6.el9.x86_64                     166/223 
#12 34.65   Cleanup          : audit-libs-3.0.7-104.el9.x86_64                    167/223 
#12 34.66   Cleanup          : libgomp-11.4.1-2.1.el9.x86_64                      168/223 
#12 34.67   Cleanup          : libgcrypt-1.10.0-10.el9_2.x86_64                   169/223 
#12 34.68   Cleanup          : elfutils-libelf-0.189-3.el9.x86_64                 170/223 
#12 34.68   Cleanup          : cracklib-2.9.6-27.el9.x86_64                       171/223 
#12 34.69   Cleanup          : gzip-1.12-1.el9.x86_64                             172/223 
#12 34.70   Cleanup          : mpfr-4.1.0-7.el9.x86_64                            173/223 
#12 34.71   Cleanup          : elfutils-default-yama-scope-0.189-3.el9.noarch     174/223 
#12 34.72   Cleanup          : dnf-data-4.14.0-8.el9.noarch                       175/223 
#12 34.72   Cleanup          : rootfiles-8.1-31.el9.noarch                        176/223 
#12 34.73   Cleanup          : libzstd-1.5.1-2.el9.x86_64                         177/223 
#12 34.74   Cleanup          : libcom_err-1.46.5-3.el9.x86_64                     178/223 
#12 34.76   Cleanup          : nettle-3.8-3.el9_0.x86_64                          179/223 
#12 34.77   Cleanup          : libeconf-0.4.1-3.el9_2.x86_64                      180/223 
#12 34.79   Cleanup          : libnghttp2-1.43.0-5.el9_3.1.x86_64                 181/223 
#12 34.80   Cleanup          : libksba-1.5.1-6.el9_1.x86_64                       182/223 
#12 34.82   Cleanup          : pcre-8.44-3.el9.3.x86_64                           183/223 
#12 34.83   Cleanup          : libsmartcols-2.37.4-15.el9.x86_64                  184/223 
#12 34.89   Cleanup          : python3-libs-3.9.18-1.el9_3.x86_64                 185/223 
#12 34.91   Cleanup          : python3-3.9.18-1.el9_3.x86_64                      186/223 
#12 34.93   Cleanup          : python3-pip-wheel-21.2.3-7.el9.noarch              187/223 
#12 34.93   Cleanup          : python3-setuptools-wheel-53.0.0-12.el9.noarch      188/223 
#12 34.94   Cleanup          : openssl-libs-1:3.0.7-24.el9.x86_64                 189/223 
#12 34.95   Cleanup          : ca-certificates-2023.2.60_v7.0.306-90.1.el9_2.no   190/223 
#12 34.96   Cleanup          : coreutils-single-8.32-34.el9.x86_64                191/223 
#12 34.98   Cleanup          : p11-kit-trust-0.24.1-2.el9.x86_64                  192/223 
#12 34.98   Running scriptlet: p11-kit-trust-0.24.1-2.el9.x86_64                  192/223 
#12 35.00   Cleanup          : p11-kit-0.24.1-2.el9.x86_64                        193/223 
#12 35.01   Cleanup          : libcap-2.48-9.el9_2.x86_64                         194/223 
#12 35.02   Cleanup          : sed-4.8-9.el9.x86_64                               195/223 
#12 35.03   Cleanup          : libselinux-3.5-1.el9.x86_64                        196/223 
#12 35.03   Cleanup          : libuuid-2.37.4-15.el9.x86_64                       197/223 
#12 35.04   Cleanup          : sqlite-libs-3.34.1-6.el9_1.x86_64                  198/223 
#12 35.05   Cleanup          : libsepol-3.5-1.el9.x86_64                          199/223 
#12 35.06   Cleanup          : alternatives-1.24-1.el9.x86_64                     200/223 
#12 35.06   Cleanup          : expat-2.5.0-1.el9.x86_64                           201/223 
#12 35.07   Cleanup          : gdbm-libs-1:1.19-4.el9.x86_64                      202/223 
#12 35.08   Cleanup          : pcre2-10.40-2.el9.x86_64                           203/223 
#12 35.09   Cleanup          : libacl-2.3.1-3.el9.x86_64                          204/223 
#12 35.09   Cleanup          : libtasn1-4.16.0-8.el9_1.x86_64                     205/223 
#12 35.10   Cleanup          : bzip2-libs-1.0.8-8.el9.x86_64                      206/223 
#12 35.11   Cleanup          : pcre2-syntax-10.40-2.el9.noarch                    207/223 
#12 35.11   Cleanup          : crypto-policies-20230731-1.git94f0e2c.el9_3.1.no   208/223 
#12 35.12   Cleanup          : libattr-2.5.1-3.el9.x86_64                         209/223 
#12 35.13   Cleanup          : ncurses-libs-6.2-10.20210508.el9.x86_64            210/223 
#12 35.14   Cleanup          : bash-5.1.8-6.el9_1.x86_64                          211/223 
#12 35.14   Running scriptlet: bash-5.1.8-6.el9_1.x86_64                          211/223 
#12 35.15   Cleanup          : glibc-2.34-83.el9.7.x86_64                         212/223 
#12 35.16   Cleanup          : glibc-minimal-langpack-2.34-83.el9.7.x86_64        213/223 
#12 35.17   Cleanup          : glibc-common-2.34-83.el9.7.x86_64                  214/223 
#12 35.18   Cleanup          : basesystem-11-13.el9.noarch                        215/223 
#12 35.38   Cleanup          : filesystem-3.16-2.el9.x86_64                       216/223 
#12 35.41   Cleanup          : setup-2.13.7-9.el9.noarch                          217/223 
#12 35.42   Cleanup          : rocky-release-9.3-1.1.el9.noarch                   218/223 
#12 35.42   Cleanup          : rocky-repos-9.3-1.1.el9.noarch                     219/223 
#12 35.43   Cleanup          : rocky-gpg-keys-9.3-1.1.el9.noarch                  220/223 
#12 35.46   Cleanup          : tzdata-2023c-1.el9.noarch                          221/223 
#12 35.47   Cleanup          : ncurses-base-6.2-10.20210508.el9.noarch            222/223 
#12 35.48   Cleanup          : libgcc-11.4.1-2.1.el9.x86_64                       223/223 
#12 35.48   Running scriptlet: libgcc-11.4.1-2.1.el9.x86_64                       223/223 
#12 35.51   Running scriptlet: filesystem-3.16-5.el9.x86_64                       223/223 
#12 35.52   Running scriptlet: ca-certificates-2025.2.80_v9.0.305-91.el9.noarch   223/223 
#12 36.45   Running scriptlet: rpm-4.16.1.3-40.el9.x86_64                         223/223 
#12 36.46   Running scriptlet: crypto-policies-scripts-20260224-1.gitea0f072.el   223/223 
#12 36.56   Running scriptlet: rootfiles-8.1-35.el9.noarch                        223/223 
#12 36.57   Running scriptlet: libgcc-11.4.1-2.1.el9.x86_64                       223/223 
#12 36.99   Verifying        : attr-2.6.0-1.el9_8.x86_64                            1/223 
#12 36.99   Verifying        : keyutils-1.6.3-1.el9.x86_64                          2/223 
#12 36.99   Verifying        : libtool-ltdl-2.4.6-46.el9.x86_64                     3/223 
#12 36.99   Verifying        : openssl-fips-provider-1:3.5.5-6.el9_8.x86_64         4/223 
#12 36.99   Verifying        : libxcrypt-compat-4.4.18-3.el9.x86_64                 5/223 
#12 36.99   Verifying        : alternatives-1.24-2.el9.x86_64                       6/223 
#12 36.99   Verifying        : alternatives-1.24-1.el9.x86_64                       7/223 
#12 36.99   Verifying        : audit-libs-3.1.5-8.el9.x86_64                        8/223 
#12 36.99   Verifying        : audit-libs-3.0.7-104.el9.x86_64                      9/223 
#12 36.99   Verifying        : basesystem-11-13.el9.0.1.noarch                     10/223 
#12 36.99   Verifying        : basesystem-11-13.el9.noarch                         11/223 
#12 36.99   Verifying        : bash-5.1.8-9.el9.x86_64                             12/223 
#12 36.99   Verifying        : bash-5.1.8-6.el9_1.x86_64                           13/223 
#12 36.99   Verifying        : binutils-2.35.2-72.el9.x86_64                       14/223 
#12 36.99   Verifying        : binutils-2.35.2-42.el9.x86_64                       15/223 
#12 36.99   Verifying        : binutils-gold-2.35.2-72.el9.x86_64                  16/223 
#12 36.99   Verifying        : binutils-gold-2.35.2-42.el9.x86_64                  17/223 
#12 36.99   Verifying        : bzip2-libs-1.0.8-11.el9.x86_64                      18/223 
#12 36.99   Verifying        : bzip2-libs-1.0.8-8.el9.x86_64                       19/223 
#12 36.99   Verifying        : ca-certificates-2025.2.80_v9.0.305-91.el9.noarch    20/223 
#12 36.99   Verifying        : ca-certificates-2023.2.60_v7.0.306-90.1.el9_2.no    21/223 
#12 37.00   Verifying        : coreutils-single-8.32-41.el9_8.1.x86_64             22/223 
#12 37.00   Verifying        : coreutils-single-8.32-34.el9.x86_64                 23/223 
#12 37.00   Verifying        : cracklib-2.9.6-28.el9.x86_64                        24/223 
#12 37.00   Verifying        : cracklib-2.9.6-27.el9.x86_64                        25/223 
#12 37.00   Verifying        : cracklib-dicts-2.9.6-28.el9.x86_64                  26/223 
#12 37.00   Verifying        : cracklib-dicts-2.9.6-27.el9.x86_64                  27/223 
#12 37.00   Verifying        : crypto-policies-20260224-1.gitea0f072.el9.noarch    28/223 
#12 37.00   Verifying        : crypto-policies-20230731-1.git94f0e2c.el9_3.1.no    29/223 
#12 37.00   Verifying        : crypto-policies-scripts-20260224-1.gitea0f072.el    30/223 
#12 37.00   Verifying        : crypto-policies-scripts-20230731-1.git94f0e2c.el    31/223 
#12 37.00   Verifying        : curl-minimal-7.76.1-40.el9_8.5.x86_64               32/223 
#12 37.00   Verifying        : curl-minimal-7.76.1-26.el9_3.2.0.1.x86_64           33/223 
#12 37.00   Verifying        : cyrus-sasl-lib-2.1.27-22.el9_7.x86_64               34/223 
#12 37.00   Verifying        : cyrus-sasl-lib-2.1.27-21.el9.x86_64                 35/223 
#12 37.00   Verifying        : dnf-4.14.0-34.el9_8.rocky.0.1.noarch                36/223 
#12 37.00   Verifying        : dnf-4.14.0-8.el9.noarch                             37/223 
#12 37.00   Verifying        : dnf-data-4.14.0-34.el9_8.rocky.0.1.noarch           38/223 
#12 37.00   Verifying        : dnf-data-4.14.0-8.el9.noarch                        39/223 
#12 37.00   Verifying        : elfutils-debuginfod-client-0.194-1.el9.rocky.0.1    40/223 
#12 37.00   Verifying        : elfutils-debuginfod-client-0.189-3.el9.x86_64       41/223 
#12 37.00   Verifying        : elfutils-default-yama-scope-0.194-1.el9.rocky.0.    42/223 
#12 37.00   Verifying        : elfutils-default-yama-scope-0.189-3.el9.noarch      43/223 
#12 37.00   Verifying        : elfutils-libelf-0.194-1.el9.rocky.0.1.x86_64        44/223 
#12 37.00   Verifying        : elfutils-libelf-0.189-3.el9.x86_64                  45/223 
#12 37.00   Verifying        : elfutils-libs-0.194-1.el9.rocky.0.1.x86_64          46/223 
#12 37.00   Verifying        : elfutils-libs-0.189-3.el9.x86_64                    47/223 
#12 37.00   Verifying        : expat-2.5.0-6.el9_8.3.x86_64                        48/223 
#12 37.00   Verifying        : expat-2.5.0-1.el9.x86_64                            49/223 
#12 37.00   Verifying        : file-libs-5.39-17.el9.x86_64                        50/223 
#12 37.00   Verifying        : file-libs-5.39-14.el9.x86_64                        51/223 
#12 37.00   Verifying        : filesystem-3.16-5.el9.x86_64                        52/223 
#12 37.00   Verifying        : filesystem-3.16-2.el9.x86_64                        53/223 
#12 37.00   Verifying        : findutils-1:4.8.0-7.el9.x86_64                      54/223 
#12 37.00   Verifying        : findutils-1:4.8.0-6.el9.x86_64                      55/223 
#12 37.00   Verifying        : gdbm-libs-1:1.23-1.el9.x86_64                       56/223 
#12 37.00   Verifying        : gdbm-libs-1:1.19-4.el9.x86_64                       57/223 
#12 37.00   Verifying        : glib2-2.68.4-19.el9_8.10.x86_64                     58/223 
#12 37.00   Verifying        : glib2-2.68.4-11.el9.x86_64                          59/223 
#12 37.00   Verifying        : glibc-2.34-275.el9_8.x86_64                         60/223 
#12 37.00   Verifying        : glibc-2.34-83.el9.7.x86_64                          61/223 
#12 37.00   Verifying        : glibc-common-2.34-275.el9_8.x86_64                  62/223 
#12 37.00   Verifying        : glibc-common-2.34-83.el9.7.x86_64                   63/223 
#12 37.00   Verifying        : glibc-minimal-langpack-2.34-275.el9_8.x86_64        64/223 
#12 37.00   Verifying        : glibc-minimal-langpack-2.34-83.el9.7.x86_64         65/223 
#12 37.00   Verifying        : gnupg2-2.3.3-5.el9_7.x86_64                         66/223 
#12 37.00   Verifying        : gnupg2-2.3.3-4.el9.x86_64                           67/223 
#12 37.00   Verifying        : gnutls-3.8.10-8.el9_8.x86_64                        68/223 
#12 37.00   Verifying        : gnutls-3.7.6-23.el9.x86_64                          69/223 
#12 37.00   Verifying        : gzip-1.12-2.el9_8.x86_64                            70/223 
#12 37.00   Verifying        : gzip-1.12-1.el9.x86_64                              71/223 
#12 37.00   Verifying        : ima-evm-utils-1.6.2-2.el9.rocky.0.2.x86_64          72/223 
#12 37.00   Verifying        : ima-evm-utils-1.4-4.el9.x86_64                      73/223 
#12 37.00   Verifying        : krb5-libs-1.21.1-10.el9_8.x86_64                    74/223 
#12 37.00   Verifying        : krb5-libs-1.21.1-1.el9.x86_64                       75/223 
#12 37.00   Verifying        : less-590-6.el9.x86_64                               76/223 
#12 37.00   Verifying        : less-590-2.el9_2.x86_64                             77/223 
#12 37.00   Verifying        : libacl-2.4.0-1.el9_8.x86_64                         78/223 
#12 37.00   Verifying        : libacl-2.3.1-3.el9.x86_64                           79/223 
#12 37.00   Verifying        : libarchive-3.5.3-11.el9_8.x86_64                    80/223 
#12 37.00   Verifying        : libarchive-3.5.3-4.el9.x86_64                       81/223 
#12 37.00   Verifying        : libattr-2.6.0-1.el9_8.x86_64                        82/223 
#12 37.00   Verifying        : libattr-2.5.1-3.el9.x86_64                          83/223 
#12 37.00   Verifying        : libblkid-2.37.4-25.el9.x86_64                       84/223 
#12 37.00   Verifying        : libblkid-2.37.4-15.el9.x86_64                       85/223 
#12 37.00   Verifying        : libcap-2.48-10.el9_7.1.x86_64                       86/223 
#12 37.00   Verifying        : libcap-2.48-9.el9_2.x86_64                          87/223 
#12 37.00   Verifying        : libcom_err-1.46.5-8.el9.x86_64                      88/223 
#12 37.00   Verifying        : libcom_err-1.46.5-3.el9.x86_64                      89/223 
#12 37.00   Verifying        : libcurl-minimal-7.76.1-40.el9_8.5.x86_64            90/223 
#12 37.00   Verifying        : libcurl-minimal-7.76.1-26.el9_3.2.0.1.x86_64        91/223 
#12 37.00   Verifying        : libdb-5.3.28-57.el9_6.x86_64                        92/223 
#12 37.00   Verifying        : libdb-5.3.28-53.el9.x86_64                          93/223 
#12 37.00   Verifying        : libdnf-0.69.0-18.el9.rocky.0.1.x86_64               94/223 
#12 37.00   Verifying        : libdnf-0.69.0-6.el9_3.x86_64                        95/223 
#12 37.00   Verifying        : libeconf-0.4.1-7.el9_8.x86_64                       96/223 
#12 37.00   Verifying        : libeconf-0.4.1-3.el9_2.x86_64                       97/223 
#12 37.00   Verifying        : libevent-2.1.12-8.el9_4.x86_64                      98/223 
#12 37.00   Verifying        : libevent-2.1.12-6.el9.x86_64                        99/223 
#12 37.00   Verifying        : libfdisk-2.37.4-25.el9.x86_64                      100/223 
#12 37.00   Verifying        : libfdisk-2.37.4-15.el9.x86_64                      101/223 
#12 37.00   Verifying        : libgcc-11.5.0-14.el9.x86_64                        102/223 
#12 37.00   Verifying        : libgcc-11.4.1-2.1.el9.x86_64                       103/223 
#12 37.00   Verifying        : libgcrypt-1.10.0-13.el9_8.x86_64                   104/223 
#12 37.00   Verifying        : libgcrypt-1.10.0-10.el9_2.x86_64                   105/223 
#12 37.00   Verifying        : libgomp-11.5.0-14.el9.x86_64                       106/223 
#12 37.00   Verifying        : libgomp-11.4.1-2.1.el9.x86_64                      107/223 
#12 37.00   Verifying        : libksba-1.5.1-7.el9.x86_64                         108/223 
#12 37.00   Verifying        : libksba-1.5.1-6.el9_1.x86_64                       109/223 
#12 37.00   Verifying        : libmount-2.37.4-25.el9.x86_64                      110/223 
#12 37.00   Verifying        : libmount-2.37.4-15.el9.x86_64                      111/223 
#12 37.00   Verifying        : libnghttp2-1.43.0-6.el9_8.2.x86_64                 112/223 
#12 37.00   Verifying        : libnghttp2-1.43.0-5.el9_3.1.x86_64                 113/223 
#12 37.00   Verifying        : librepo-1.19.0-1.el9.x86_64                        114/223 
#12 37.00   Verifying        : librepo-1.14.5-1.el9.x86_64                        115/223 
#12 37.00   Verifying        : libselinux-3.6-3.el9.x86_64                        116/223 
#12 37.00   Verifying        : libselinux-3.5-1.el9.x86_64                        117/223 
#12 37.00   Verifying        : libsemanage-3.6-5.el9_6.x86_64                     118/223 
#12 37.00   Verifying        : libsemanage-3.5-2.el9.x86_64                       119/223 
#12 37.00   Verifying        : libsepol-3.6-3.el9.x86_64                          120/223 
#12 37.00   Verifying        : libsepol-3.5-1.el9.x86_64                          121/223 
#12 37.00   Verifying        : libsmartcols-2.37.4-25.el9.x86_64                  122/223 
#12 37.00   Verifying        : libsmartcols-2.37.4-15.el9.x86_64                  123/223 
#12 37.00   Verifying        : libsolv-0.7.24-6.el9_8.x86_64                      124/223 
#12 37.00   Verifying        : libsolv-0.7.24-2.el9.x86_64                        125/223 
#12 37.00   Verifying        : libstdc++-11.5.0-14.el9.x86_64                     126/223 
#12 37.00   Verifying        : libstdc++-11.4.1-2.1.el9.x86_64                    127/223 
#12 37.00   Verifying        : libtasn1-4.16.0-10.el9_8.x86_64                    128/223 
#12 37.00   Verifying        : libtasn1-4.16.0-8.el9_1.x86_64                     129/223 
#12 37.00   Verifying        : libusbx-1.0.30-1.el9_8.x86_64                      130/223 
#12 37.00   Verifying        : libusbx-1.0.26-1.el9.x86_64                        131/223 
#12 37.00   Verifying        : libuser-0.63-17.el9.x86_64                         132/223 
#12 37.00   Verifying        : libuser-0.63-13.el9.x86_64                         133/223 
#12 37.00   Verifying        : libuuid-2.37.4-25.el9.x86_64                       134/223 
#12 37.00   Verifying        : libuuid-2.37.4-15.el9.x86_64                       135/223 
#12 37.00   Verifying        : libxml2-2.9.13-14.el9_8.4.x86_64                   136/223 
#12 37.00   Verifying        : libxml2-2.9.13-4.el9.x86_64                        137/223 
#12 37.00   Verifying        : libzstd-1.5.5-1.el9.x86_64                         138/223 
#12 37.00   Verifying        : libzstd-1.5.1-2.el9.x86_64                         139/223 
#12 37.00   Verifying        : mpfr-4.1.0-10.el9.x86_64                           140/223 
#12 37.00   Verifying        : mpfr-4.1.0-7.el9.x86_64                            141/223 
#12 37.00   Verifying        : ncurses-base-6.2-12.20210508.el9.noarch            142/223 
#12 37.00   Verifying        : ncurses-base-6.2-10.20210508.el9.noarch            143/223 
#12 37.00   Verifying        : ncurses-libs-6.2-12.20210508.el9.x86_64            144/223 
#12 37.00   Verifying        : ncurses-libs-6.2-10.20210508.el9.x86_64            145/223 
#12 37.00   Verifying        : nettle-3.10.1-1.el9.x86_64                         146/223 
#12 37.00   Verifying        : nettle-3.8-3.el9_0.x86_64                          147/223 
#12 37.00   Verifying        : openldap-2.6.8-4.el9.0.1.x86_64                    148/223 
#12 37.00   Verifying        : openldap-2.6.3-1.el9.x86_64                        149/223 
#12 37.00   Verifying        : openssl-1:3.5.5-6.el9_8.x86_64                     150/223 
#12 37.00   Verifying        : openssl-1:3.0.7-24.el9.x86_64                      151/223 
#12 37.00   Verifying        : openssl-libs-1:3.5.5-6.el9_8.x86_64                152/223 
#12 37.00   Verifying        : openssl-libs-1:3.0.7-24.el9.x86_64                 153/223 
#12 37.00   Verifying        : p11-kit-0.26.4-1.el9_8.x86_64                      154/223 
#12 37.00   Verifying        : p11-kit-0.24.1-2.el9.x86_64                        155/223 
#12 37.00   Verifying        : p11-kit-trust-0.26.4-1.el9_8.x86_64                156/223 
#12 37.00   Verifying        : p11-kit-trust-0.24.1-2.el9.x86_64                  157/223 
#12 37.00   Verifying        : pam-1.5.1-28.el9_8.1.x86_64                        158/223 
#12 37.00   Verifying        : pam-1.5.1-15.el9.x86_64                            159/223 
#12 37.00   Verifying        : pcre-8.44-4.el9.x86_64                             160/223 
#12 37.00   Verifying        : pcre-8.44-3.el9.3.x86_64                           161/223 
#12 37.00   Verifying        : pcre2-10.40-6.el9.x86_64                           162/223 
#12 37.00   Verifying        : pcre2-10.40-2.el9.x86_64                           163/223 
#12 37.00   Verifying        : pcre2-syntax-10.40-6.el9.noarch                    164/223 
#12 37.00   Verifying        : pcre2-syntax-10.40-2.el9.noarch                    165/223 
#12 37.00   Verifying        : python3-3.9.25-7.el9_8.3.x86_64                    166/223 
#12 37.00   Verifying        : python3-3.9.18-1.el9_3.x86_64                      167/223 
#12 37.00   Verifying        : python3-dnf-4.14.0-34.el9_8.rocky.0.1.noarch       168/223 
#12 37.00   Verifying        : python3-dnf-4.14.0-8.el9.noarch                    169/223 
#12 37.00   Verifying        : python3-hawkey-0.69.0-18.el9.rocky.0.1.x86_64      170/223 
#12 37.00   Verifying        : python3-hawkey-0.69.0-6.el9_3.x86_64               171/223 
#12 37.00   Verifying        : python3-libdnf-0.69.0-18.el9.rocky.0.1.x86_64      172/223 
#12 37.00   Verifying        : python3-libdnf-0.69.0-6.el9_3.x86_64               173/223 
#12 37.00   Verifying        : python3-libs-3.9.25-7.el9_8.3.x86_64               174/223 
#12 37.00   Verifying        : python3-libs-3.9.18-1.el9_3.x86_64                 175/223 
#12 37.00   Verifying        : python3-pip-wheel-21.3.1-2.el9_8.rocky.0.1.noarc   176/223 
#12 37.00   Verifying        : python3-pip-wheel-21.2.3-7.el9.noarch              177/223 
#12 37.00   Verifying        : python3-rpm-4.16.1.3-40.el9.x86_64                 178/223 
#12 37.00   Verifying        : python3-rpm-4.16.1.3-25.el9.x86_64                 179/223 
#12 37.00   Verifying        : python3-setuptools-wheel-53.0.0-15.el9.noarch      180/223 
#12 37.00   Verifying        : python3-setuptools-wheel-53.0.0-12.el9.noarch      181/223 
#12 37.00   Verifying        : rocky-gpg-keys-9.8-1.2.el9.noarch                  182/223 
#12 37.00   Verifying        : rocky-gpg-keys-9.3-1.1.el9.noarch                  183/223 
#12 37.00   Verifying        : rocky-release-9.8-1.2.el9.noarch                   184/223 
#12 37.00   Verifying        : rocky-release-9.3-1.1.el9.noarch                   185/223 
#12 37.00   Verifying        : rocky-repos-9.8-1.2.el9.noarch                     186/223 
#12 37.00   Verifying        : rocky-repos-9.3-1.1.el9.noarch                     187/223 
#12 37.00   Verifying        : rootfiles-8.1-35.el9.noarch                        188/223 
#12 37.00   Verifying        : rootfiles-8.1-31.el9.noarch                        189/223 
#12 37.00   Verifying        : rpm-4.16.1.3-40.el9.x86_64                         190/223 
#12 37.00   Verifying        : rpm-4.16.1.3-25.el9.x86_64                         191/223 
#12 37.00   Verifying        : rpm-build-libs-4.16.1.3-40.el9.x86_64              192/223 
#12 37.00   Verifying        : rpm-build-libs-4.16.1.3-25.el9.x86_64              193/223 
#12 37.00   Verifying        : rpm-libs-4.16.1.3-40.el9.x86_64                    194/223 
#12 37.00   Verifying        : rpm-libs-4.16.1.3-25.el9.x86_64                    195/223 
#12 37.00   Verifying        : rpm-sign-libs-4.16.1.3-40.el9.x86_64               196/223 
#12 37.00   Verifying        : rpm-sign-libs-4.16.1.3-25.el9.x86_64               197/223 
#12 37.00   Verifying        : sed-4.8-10.el9_8.x86_64                            198/223 
#12 37.01   Verifying        : sed-4.8-9.el9.x86_64                               199/223 
#12 37.01   Verifying        : setup-2.13.7-10.el9.noarch                         200/223 
#12 37.01   Verifying        : setup-2.13.7-9.el9.noarch                          201/223 
#12 37.01   Verifying        : shadow-utils-2:4.9-16.el9.x86_64                   202/223 
#12 37.01   Verifying        : shadow-utils-2:4.9-8.el9.x86_64                    203/223 
#12 37.01   Verifying        : sqlite-libs-3.34.1-11.el9_8.x86_64                 204/223 
#12 37.01   Verifying        : sqlite-libs-3.34.1-6.el9_1.x86_64                  205/223 
#12 37.01   Verifying        : systemd-libs-252-67.el9_8.4.rocky.0.1.x86_64       206/223 
#12 37.01   Verifying        : systemd-libs-252-18.el9.x86_64                     207/223 
#12 37.01   Verifying        : tar-2:1.34-13.el9_8.x86_64                         208/223 
#12 37.01   Verifying        : tar-2:1.34-6.el9_1.x86_64                          209/223 
#12 37.01   Verifying        : tpm2-tss-3.2.3-1.el9.x86_64                        210/223 
#12 37.01   Verifying        : tpm2-tss-3.2.2-2.el9.x86_64                        211/223 
#12 37.01   Verifying        : tzdata-2026c-1.el9_8.noarch                        212/223 
#12 37.01   Verifying        : tzdata-2023c-1.el9.noarch                          213/223 
#12 37.01   Verifying        : usermode-1.114-7.el9.x86_64                        214/223 
#12 37.01   Verifying        : usermode-1.114-4.el9.x86_64                        215/223 
#12 37.01   Verifying        : util-linux-2.37.4-25.el9.x86_64                    216/223 
#12 37.01   Verifying        : util-linux-2.37.4-15.el9.x86_64                    217/223 
#12 37.01   Verifying        : util-linux-core-2.37.4-25.el9.x86_64               218/223 
#12 37.01   Verifying        : util-linux-core-2.37.4-15.el9.x86_64               219/223 
#12 37.01   Verifying        : vim-minimal-2:8.2.2637-26.el9_8.21.x86_64          220/223 
#12 37.01   Verifying        : vim-minimal-2:8.2.2637-20.el9_1.x86_64             221/223 
#12 37.01   Verifying        : yum-4.14.0-34.el9_8.rocky.0.1.noarch               222/223 
#12 37.01   Verifying        : yum-4.14.0-8.el9.noarch                            223/223 
#12 44.60 
#12 44.60 Upgraded:
#12 44.60   alternatives-1.24-2.el9.x86_64                                                
#12 44.60   audit-libs-3.1.5-8.el9.x86_64                                                 
#12 44.60   basesystem-11-13.el9.0.1.noarch                                               
#12 44.60   bash-5.1.8-9.el9.x86_64                                                       
#12 44.60   binutils-2.35.2-72.el9.x86_64                                                 
#12 44.60   binutils-gold-2.35.2-72.el9.x86_64                                            
#12 44.60   bzip2-libs-1.0.8-11.el9.x86_64                                                
#12 44.60   ca-certificates-2025.2.80_v9.0.305-91.el9.noarch                              
#12 44.60   coreutils-single-8.32-41.el9_8.1.x86_64                                       
#12 44.60   cracklib-2.9.6-28.el9.x86_64                                                  
#12 44.60   cracklib-dicts-2.9.6-28.el9.x86_64                                            
#12 44.60   crypto-policies-20260224-1.gitea0f072.el9.noarch                              
#12 44.60   crypto-policies-scripts-20260224-1.gitea0f072.el9.noarch                      
#12 44.60   curl-minimal-7.76.1-40.el9_8.5.x86_64                                         
#12 44.60   cyrus-sasl-lib-2.1.27-22.el9_7.x86_64                                         
#12 44.60   dnf-4.14.0-34.el9_8.rocky.0.1.noarch                                          
#12 44.60   dnf-data-4.14.0-34.el9_8.rocky.0.1.noarch                                     
#12 44.60   elfutils-debuginfod-client-0.194-1.el9.rocky.0.1.x86_64                       
#12 44.60   elfutils-default-yama-scope-0.194-1.el9.rocky.0.1.noarch                      
#12 44.60   elfutils-libelf-0.194-1.el9.rocky.0.1.x86_64                                  
#12 44.60   elfutils-libs-0.194-1.el9.rocky.0.1.x86_64                                    
#12 44.60   expat-2.5.0-6.el9_8.3.x86_64                                                  
#12 44.60   file-libs-5.39-17.el9.x86_64                                                  
#12 44.60   filesystem-3.16-5.el9.x86_64                                                  
#12 44.60   findutils-1:4.8.0-7.el9.x86_64                                                
#12 44.60   gdbm-libs-1:1.23-1.el9.x86_64                                                 
#12 44.60   glib2-2.68.4-19.el9_8.10.x86_64                                               
#12 44.60   glibc-2.34-275.el9_8.x86_64                                                   
#12 44.60   glibc-common-2.34-275.el9_8.x86_64                                            
#12 44.60   glibc-minimal-langpack-2.34-275.el9_8.x86_64                                  
#12 44.60   gnupg2-2.3.3-5.el9_7.x86_64                                                   
#12 44.60   gnutls-3.8.10-8.el9_8.x86_64                                                  
#12 44.60   gzip-1.12-2.el9_8.x86_64                                                      
#12 44.60   ima-evm-utils-1.6.2-2.el9.rocky.0.2.x86_64                                    
#12 44.60   krb5-libs-1.21.1-10.el9_8.x86_64                                              
#12 44.60   less-590-6.el9.x86_64                                                         
#12 44.60   libacl-2.4.0-1.el9_8.x86_64                                                   
#12 44.60   libarchive-3.5.3-11.el9_8.x86_64                                              
#12 44.60   libattr-2.6.0-1.el9_8.x86_64                                                  
#12 44.60   libblkid-2.37.4-25.el9.x86_64                                                 
#12 44.60   libcap-2.48-10.el9_7.1.x86_64                                                 
#12 44.60   libcom_err-1.46.5-8.el9.x86_64                                                
#12 44.60   libcurl-minimal-7.76.1-40.el9_8.5.x86_64                                      
#12 44.60   libdb-5.3.28-57.el9_6.x86_64                                                  
#12 44.60   libdnf-0.69.0-18.el9.rocky.0.1.x86_64                                         
#12 44.60   libeconf-0.4.1-7.el9_8.x86_64                                                 
#12 44.60   libevent-2.1.12-8.el9_4.x86_64                                                
#12 44.60   libfdisk-2.37.4-25.el9.x86_64                                                 
#12 44.60   libgcc-11.5.0-14.el9.x86_64                                                   
#12 44.60   libgcrypt-1.10.0-13.el9_8.x86_64                                              
#12 44.60   libgomp-11.5.0-14.el9.x86_64                                                  
#12 44.60   libksba-1.5.1-7.el9.x86_64                                                    
#12 44.60   libmount-2.37.4-25.el9.x86_64                                                 
#12 44.60   libnghttp2-1.43.0-6.el9_8.2.x86_64                                            
#12 44.60   librepo-1.19.0-1.el9.x86_64                                                   
#12 44.60   libselinux-3.6-3.el9.x86_64                                                   
#12 44.60   libsemanage-3.6-5.el9_6.x86_64                                                
#12 44.60   libsepol-3.6-3.el9.x86_64                                                     
#12 44.60   libsmartcols-2.37.4-25.el9.x86_64                                             
#12 44.60   libsolv-0.7.24-6.el9_8.x86_64                                                 
#12 44.60   libstdc++-11.5.0-14.el9.x86_64                                                
#12 44.60   libtasn1-4.16.0-10.el9_8.x86_64                                               
#12 44.60   libusbx-1.0.30-1.el9_8.x86_64                                                 
#12 44.60   libuser-0.63-17.el9.x86_64                                                    
#12 44.60   libuuid-2.37.4-25.el9.x86_64                                                  
#12 44.60   libxml2-2.9.13-14.el9_8.4.x86_64                                              
#12 44.60   libzstd-1.5.5-1.el9.x86_64                                                    
#12 44.60   mpfr-4.1.0-10.el9.x86_64                                                      
#12 44.60   ncurses-base-6.2-12.20210508.el9.noarch                                       
#12 44.60   ncurses-libs-6.2-12.20210508.el9.x86_64                                       
#12 44.60   nettle-3.10.1-1.el9.x86_64                                                    
#12 44.60   openldap-2.6.8-4.el9.0.1.x86_64                                               
#12 44.60   openssl-1:3.5.5-6.el9_8.x86_64                                                
#12 44.60   openssl-libs-1:3.5.5-6.el9_8.x86_64                                           
#12 44.60   p11-kit-0.26.4-1.el9_8.x86_64                                                 
#12 44.60   p11-kit-trust-0.26.4-1.el9_8.x86_64                                           
#12 44.60   pam-1.5.1-28.el9_8.1.x86_64                                                   
#12 44.60   pcre-8.44-4.el9.x86_64                                                        
#12 44.60   pcre2-10.40-6.el9.x86_64                                                      
#12 44.60   pcre2-syntax-10.40-6.el9.noarch                                               
#12 44.60   python3-3.9.25-7.el9_8.3.x86_64                                               
#12 44.60   python3-dnf-4.14.0-34.el9_8.rocky.0.1.noarch                                  
#12 44.60   python3-hawkey-0.69.0-18.el9.rocky.0.1.x86_64                                 
#12 44.60   python3-libdnf-0.69.0-18.el9.rocky.0.1.x86_64                                 
#12 44.60   python3-libs-3.9.25-7.el9_8.3.x86_64                                          
#12 44.60   python3-pip-wheel-21.3.1-2.el9_8.rocky.0.1.noarch                             
#12 44.60   python3-rpm-4.16.1.3-40.el9.x86_64                                            
#12 44.60   python3-setuptools-wheel-53.0.0-15.el9.noarch                                 
#12 44.60   rocky-gpg-keys-9.8-1.2.el9.noarch                                             
#12 44.60   rocky-release-9.8-1.2.el9.noarch                                              
#12 44.60   rocky-repos-9.8-1.2.el9.noarch                                                
#12 44.60   rootfiles-8.1-35.el9.noarch                                                   
#12 44.60   rpm-4.16.1.3-40.el9.x86_64                                                    
#12 44.60   rpm-build-libs-4.16.1.3-40.el9.x86_64                                         
#12 44.60   rpm-libs-4.16.1.3-40.el9.x86_64                                               
#12 44.60   rpm-sign-libs-4.16.1.3-40.el9.x86_64                                          
#12 44.60   sed-4.8-10.el9_8.x86_64                                                       
#12 44.60   setup-2.13.7-10.el9.noarch                                                    
#12 44.60   shadow-utils-2:4.9-16.el9.x86_64                                              
#12 44.60   sqlite-libs-3.34.1-11.el9_8.x86_64                                            
#12 44.60   systemd-libs-252-67.el9_8.4.rocky.0.1.x86_64                                  
#12 44.60   tar-2:1.34-13.el9_8.x86_64                                                    
#12 44.60   tpm2-tss-3.2.3-1.el9.x86_64                                                   
#12 44.60   tzdata-2026c-1.el9_8.noarch                                                   
#12 44.60   usermode-1.114-7.el9.x86_64                                                   
#12 44.60   util-linux-2.37.4-25.el9.x86_64                                               
#12 44.60   util-linux-core-2.37.4-25.el9.x86_64                                          
#12 44.60   vim-minimal-2:8.2.2637-26.el9_8.21.x86_64                                     
#12 44.60   yum-4.14.0-34.el9_8.rocky.0.1.noarch                                          
#12 44.60 Installed:
#12 44.60   attr-2.6.0-1.el9_8.x86_64                                                     
#12 44.60   keyutils-1.6.3-1.el9.x86_64                                                   
#12 44.60   libtool-ltdl-2.4.6-46.el9.x86_64                                              
#12 44.60   libxcrypt-compat-4.4.18-3.el9.x86_64                                          
#12 44.60   openssl-fips-provider-1:3.5.5-6.el9_8.x86_64                                  
#12 44.60 
#12 44.60 Complete!
#12 45.12 Last metadata expiration check: 0:00:32 ago on Fri Sep 11 10:59:00 2026.
#12 45.25 Package bash-5.1.8-9.el9.x86_64 is already installed.
#12 45.25 Package ca-certificates-2025.2.80_v9.0.305-91.el9.noarch is already installed.
#12 45.25 Package glibc-2.34-275.el9_8.x86_64 is already installed.
#12 45.25 Package hostname-3.23-6.el9.x86_64 is already installed.
#12 45.25 Package libgcc-11.5.0-14.el9.x86_64 is already installed.
#12 45.25 Package libstdc++-11.5.0-14.el9.x86_64 is already installed.
#12 45.25 Package ncurses-libs-6.2-12.20210508.el9.x86_64 is already installed.
#12 45.25 Package openssl-libs-1:3.5.5-6.el9_8.x86_64 is already installed.
#12 45.25 Package pam-1.5.1-28.el9_8.1.x86_64 is already installed.
#12 45.25 Package shadow-utils-2:4.9-16.el9.x86_64 is already installed.
#12 45.25 Package util-linux-2.37.4-25.el9.x86_64 is already installed.
#12 45.25 Package zlib-1.2.11-40.el9.x86_64 is already installed.
#12 45.26 Package tzdata-2026c-1.el9_8.noarch is already installed.
#12 45.29 Dependencies resolved.
#12 45.29 ================================================================================
#12 45.29  Package           Architecture   Version                  Repository      Size
#12 45.29 ================================================================================
#12 45.29 Installing:
#12 45.29  procps-ng         x86_64         3.3.17-14.el9            baseos         332 k
#12 45.29  sudo              x86_64         1.9.17p2-3.el9_8         baseos         1.3 M
#12 45.29 
#12 45.29 Transaction Summary
#12 45.29 ================================================================================
#12 45.29 Install  2 Packages
#12 45.29 
#12 45.29 Total download size: 1.6 M
#12 45.29 Installed size: 6.2 M
#12 45.29 Downloading Packages:
#12 46.58 (1/2): procps-ng-3.3.17-14.el9.x86_64.rpm       2.4 MB/s | 332 kB     00:00    
#12 46.68 (2/2): sudo-1.9.17p2-3.el9_8.x86_64.rpm         5.6 MB/s | 1.3 MB     00:00    
#12 46.68 --------------------------------------------------------------------------------
#12 46.69 Total                                           1.2 MB/s | 1.6 MB     00:01     
#12 46.71 Running transaction check
#12 46.72 Transaction check succeeded.
#12 46.72 Running transaction test
#12 46.74 Transaction test succeeded.
#12 46.74 Running transaction
#12 46.99   Preparing        :                                                        1/1 
#12 47.02   Installing       : sudo-1.9.17p2-3.el9_8.x86_64                           1/2 
#12 47.13   Running scriptlet: sudo-1.9.17p2-3.el9_8.x86_64                           1/2 
#12 47.15   Installing       : procps-ng-3.3.17-14.el9.x86_64                         2/2 
#12 47.25   Running scriptlet: procps-ng-3.3.17-14.el9.x86_64                         2/2 
#12 47.63   Verifying        : procps-ng-3.3.17-14.el9.x86_64                         1/2 
#12 47.63   Verifying        : sudo-1.9.17p2-3.el9_8.x86_64                           2/2 
#12 47.65 
#12 47.65 Installed:
#12 47.65   procps-ng-3.3.17-14.el9.x86_64          sudo-1.9.17p2-3.el9_8.x86_64         
#12 47.65 
#12 47.65 Complete!
#12 47.81 25 files removed
#12 47.84 Verifying...                          ########################################
#12 47.98 Preparing...                          ########################################
#12 50.47 Updating / installing...
#12 50.47 riak-3.4.0.OTP26-1.el9                ########################################
#12 DONE 53.0s

#13 [package-amd64 1/1] COPY --from=install-amd64 / /
#13 DONE 1.0s

#14 [final 1/4] RUN <<'OPENRIAK_IMAGE_SETUP' (set -eu...)
#14 0.310 uid=999(riak) gid=999(riak) groups=999(riak)
#14 DONE 0.7s

#15 [final 2/4] COPY <<OPENRIAK_ENTRYPOINT /usr/local/bin/openriak-entrypoint
#15 DONE 0.1s

#16 [final 3/4] COPY <<OPENRIAK_HEALTHCHECK /usr/local/bin/openriak-healthcheck
#16 DONE 0.1s

#17 [final 4/4] RUN <<'OPENRIAK_SCRIPT_SETUP' (set -eu...)
#17 DONE 0.2s

#18 exporting to docker image format
#18 exporting layers
#18 exporting layers 8.3s done
#18 exporting manifest sha256:fd64180cd867baac0c5a11136d525aa6c213ee07d67c28336418687e42b3074e 0.0s done
#18 exporting config sha256:2d0b4aa8bcca72ce6b33feb0fa2558f5ed48bfa34d58a2868d73feeeaf30a9c0 0.0s done
#18 sending tarball
#18 ...

#19 importing to docker
#19 loading layer ad2d9ae4752a 557.06kB / 110.33MB
#19 loading layer ad2d9ae4752a 52.92MB / 110.33MB 2.0s
#19 loading layer ad2d9ae4752a 106.40MB / 110.33MB 4.2s
#19 loading layer ea02ac45ef3b 23.57kB / 23.57kB
#19 loading layer 238b464b76f7 7.71kB / 7.71kB
#19 loading layer 01dd585a4e58 395B / 395B
#19 loading layer ea02ac45ef3b 23.57kB / 23.57kB 0.2s done
#19 loading layer 87ec088738b8 7.88kB / 7.88kB
#19 loading layer ad2d9ae4752a 110.33MB / 110.33MB 4.7s done
#19 loading layer 238b464b76f7 7.71kB / 7.71kB 0.2s done
#19 loading layer 01dd585a4e58 395B / 395B 0.1s done
#19 loading layer 87ec088738b8 7.88kB / 7.88kB 0.1s done
#19 DONE 4.7s

#18 exporting to docker image format
#18 sending tarball 5.6s done
#18 DONE 13.9s

timeout_seconds: 3600
exit_code: 0
