$ /usr/bin/docker compose --env-file /tmp/openriak-docker-3.4.0-debian-12-otp24-gqr0a1pz/.env.cluster --project-directory /tmp/openriak-docker-3.4.0-debian-12-otp24-gqr0a1pz --file /tmp/openriak-docker-3.4.0-debian-12-otp24-gqr0a1pz/compose.cluster.test.yaml up --detach --no-build
started: 2026-09-11T10:42:11Z
 Network openriak-kv-340-debian-12-otp24-node-cluster_openriak Creating 
 Network openriak-kv-340-debian-12-otp24-node-cluster_openriak Creating 
 Network openriak-kv-340-debian-12-otp24-node-cluster_openriak Created 
 Network openriak-kv-340-debian-12-otp24-node-cluster_openriak Created 
 Container openriak-kv-3.4.0-debian-12-otp24-node-5-t-580428z Creating 
 Container openriak-kv-3.4.0-debian-12-otp24-node-4-t-580428z Creating 
 Container openriak-kv-3.4.0-debian-12-otp24-node-1-t-580428z Creating 
 Container openriak-kv-3.4.0-debian-12-otp24-node-3-t-580428z Creating 
 Container openriak-kv-3.4.0-debian-12-otp24-node-2-t-580428z Creating 
 Container openriak-kv-3.4.0-debian-12-otp24-node-5-t-580428z Created 
 Container openriak-kv-3.4.0-debian-12-otp24-node-3-t-580428z Created 
 Container openriak-kv-3.4.0-debian-12-otp24-node-4-t-580428z Created 
 Container openriak-kv-3.4.0-debian-12-otp24-node-1-t-580428z Created 
 Container openriak-kv-3.4.0-debian-12-otp24-node-2-t-580428z Created 
 Container openriak-kv-3.4.0-debian-12-otp24-node-1-t-580428z Starting 
 Container openriak-kv-3.4.0-debian-12-otp24-node-2-t-580428z Starting 
 Container openriak-kv-3.4.0-debian-12-otp24-node-4-t-580428z Starting 
 Container openriak-kv-3.4.0-debian-12-otp24-node-5-t-580428z Starting 
 Container openriak-kv-3.4.0-debian-12-otp24-node-3-t-580428z Starting 
 Container openriak-kv-3.4.0-debian-12-otp24-node-1-t-580428z Started 
 Container openriak-kv-3.4.0-debian-12-otp24-node-3-t-580428z Started 
 Container openriak-kv-3.4.0-debian-12-otp24-node-5-t-580428z Started 
 Container openriak-kv-3.4.0-debian-12-otp24-node-2-t-580428z Started 
 Container openriak-kv-3.4.0-debian-12-otp24-node-4-t-580428z Started 

timeout_seconds: 3600
exit_code: 0
