$ /usr/bin/docker logs openriak-kv-3.4.0-debian-12-otp24-node-t-580428z
started: 2026-09-11T10:42:10Z
2026-09-11T19:41:44+09:00 [openriak-entrypoint] configuration: timezone = Asia/Tokyo
usermod: no changes
2026-09-11T19:41:44+09:00 [openriak-entrypoint] configuration: riak UID/GID = 19001/19002
2026-09-11T19:41:44+09:00 [openriak-entrypoint] configuration: preparing mounted directories
2026-09-11T19:41:44+09:00 [openriak-entrypoint] configuration: using existing /etc/riak/riak.conf
2026-09-11T19:41:44+09:00 [openriak-entrypoint] configuration: current Docker IPv4 address = 172.25.0.2
2026-09-11T19:41:44+09:00 [openriak-entrypoint] configuration: preserving distributed cookie from existing riak.conf
2026-09-11T19:41:44+09:00 [openriak-entrypoint] configuration: preserving nodename from existing riak.conf
2026-09-11T19:41:44+09:00 [openriak-entrypoint] configuration: effective distributed cookie = openriak-0efac1c7a090580d3805c4e3c32e394e
2026-09-11T19:41:44+09:00 [openriak-entrypoint] configuration: preserving ring_size from existing riak.conf
2026-09-11T19:41:44+09:00 [openriak-entrypoint] configuration: preserving storage_backend from existing riak.conf
2026-09-11T19:41:44+09:00 [openriak-entrypoint] configuration: preserving anti_entropy from existing riak.conf
2026-09-11T19:41:44+09:00 [openriak-entrypoint] configuration: preserving tictacaae_active from existing riak.conf
2026-09-11T19:41:44+09:00 [openriak-entrypoint] configuration: preserving tictacaae_storeheads from existing riak.conf
2026-09-11T19:41:44+09:00 [openriak-entrypoint] configuration: preserving listener.http.internal from existing riak.conf
2026-09-11T19:41:44+09:00 [openriak-entrypoint] configuration: preserving listener.protobuf.internal from existing riak.conf
2026-09-11T19:41:44+09:00 [openriak-entrypoint] configuration: preserving logger.max_file_size from existing riak.conf
2026-09-11T19:41:44+09:00 [openriak-entrypoint] configuration: preserving logger.max_files from existing riak.conf
2026-09-11T19:41:44+09:00 [openriak-entrypoint] startup: validating configuration and generating VM arguments
2026-09-11T19:41:47+09:00 [openriak-entrypoint] startup: configuration is valid (config is OK -config /var/lib/riak/generated.conf/app.2026.09.11.19.41.45.config -args_file /var/lib/riak/generated.conf/vm.2026.09.11.19.41.45.args -vm_args /var/lib/riak/generated.conf/vm.2026.09.11.19.41.45.args)
2026-09-11T19:41:47+09:00 [openriak-entrypoint] startup: starting OpenRiak as a daemon
!!!!
!!!! WARNING: ulimit -n is 1024; 65536 is the recommended minimum.
!!!!
2026-09-11T19:41:50+09:00 [openriak-entrypoint] startup: daemon command completed
2026-09-11T19:41:50+09:00 [openriak-entrypoint] startup: waiting for BEAM and riak ping
2026-09-11T19:41:51+09:00 [openriak-entrypoint] startup: BEAM is running and riak ping returned pong
2026-09-11T19:41:51+09:00 [openriak-entrypoint] startup: waiting for the riak_kv service
2026-09-11T19:41:51+09:00 [openriak-entrypoint] startup: waiting for riak_kv (attempt 1, services=[])
2026-09-11T19:41:53+09:00 [openriak-entrypoint] startup: waiting for riak_kv (attempt 2, services=[])
2026-09-11T19:41:54+09:00 [openriak-entrypoint] startup: waiting for riak_kv (attempt 3, services=[])
2026-09-11T19:41:55+09:00 [openriak-entrypoint] startup: waiting for riak_kv (attempt 4, services=[])
2026-09-11T19:41:57+09:00 [openriak-entrypoint] startup: waiting for riak_kv (attempt 5, services=[])
2026-09-11T19:41:58+09:00 [openriak-entrypoint] startup: waiting for riak_kv (attempt 6, services=[])
2026-09-11T19:42:00+09:00 [openriak-entrypoint] startup: riak_kv service is up ([riak_kv,riak_pipe,riak_repl])
2026-09-11T19:42:00+09:00 [openriak-entrypoint] startup: waiting for Riak transfers to complete
2026-09-11T19:42:00+09:00 [openriak-entrypoint] startup: transfers complete (No transfers active Active Transfers: ok)
2026-09-11T19:42:00+09:00 [openriak-entrypoint] startup: OpenRiak is ready
2026-09-11T19:42:00+09:00 [openriak-entrypoint] monitor: sleeping for 1s
2026-09-11T19:42:01+09:00 [openriak-entrypoint] monitor: BEAM is running and riak ping returned pong
2026-09-11T19:42:01+09:00 [openriak-entrypoint] monitor: sleeping for 1s
2026-09-11T19:42:03+09:00 [openriak-entrypoint] monitor: BEAM is running and riak ping returned pong
2026-09-11T19:42:03+09:00 [openriak-entrypoint] monitor: sleeping for 1s
2026-09-11T19:42:04+09:00 [openriak-entrypoint] monitor: BEAM is running and riak ping returned pong
2026-09-11T19:42:04+09:00 [openriak-entrypoint] monitor: sleeping for 1s
2026-09-11T19:42:07+09:00 [openriak-entrypoint] shutdown: received SIGTERM
2026-09-11T19:42:07+09:00 [openriak-entrypoint] shutdown: requesting OpenRiak stop
2026-09-11T19:42:10+09:00 [openriak-entrypoint] shutdown: OpenRiak accepted the stop request
2026-09-11T19:42:10+09:00 [openriak-entrypoint] shutdown: BEAM stopped; container is exiting

timeout_seconds: 3600
exit_code: 0
