$ /usr/bin/docker exec openriak-kv-3.4.1-amazon-linux-2023-otp26-node-2-t-196161z sh -c 'date +%z
id -u riak
id -g riak
stat -c '"'"'%u:%g'"'"' /etc/riak /var/lib/riak /var/log/riak'
started: 2026-09-11T10:09:37Z
+0900
19001
19002
19001:19002
19001:19002
19001:19002

timeout_seconds: 3600
exit_code: 0
$ /usr/bin/docker container inspect openriak-kv-3.4.1-amazon-linux-2023-otp26-node-2-t-196161z
started: 2026-09-11T10:09:38Z
[
    {
        "Id": "5c6c45f9e804957677fad87caa377a43285044951d1d9d7aca77a891b4cbc2d0",
        "Created": "2026-09-11T10:06:10.92955174Z",
        "Path": "/usr/local/bin/openriak-entrypoint",
        "Args": [],
        "State": {
            "Status": "running",
            "Running": true,
            "Paused": false,
            "Restarting": false,
            "OOMKilled": false,
            "Dead": false,
            "Pid": 5131,
            "ExitCode": 0,
            "Error": "",
            "StartedAt": "2026-09-11T10:06:11.485548241Z",
            "FinishedAt": "0001-01-01T00:00:00Z",
            "Health": {
                "Status": "healthy",
                "FailingStreak": 0,
                "Log": [
                    {
                        "Start": "2026-09-11T10:08:47.583811994Z",
                        "End": "2026-09-11T10:08:48.275407118Z",
                        "ExitCode": 0,
                        "Output": "OpenRiak healthcheck passed: BEAM is running and riak ping returned pong\n"
                    },
                    {
                        "Start": "2026-09-11T10:08:58.276826836Z",
                        "End": "2026-09-11T10:08:58.766679368Z",
                        "ExitCode": 0,
                        "Output": "OpenRiak healthcheck passed: BEAM is running and riak ping returned pong\n"
                    },
                    {
                        "Start": "2026-09-11T10:09:08.768026439Z",
                        "End": "2026-09-11T10:09:09.353954777Z",
                        "ExitCode": 0,
                        "Output": "OpenRiak healthcheck passed: BEAM is running and riak ping returned pong\n"
                    },
                    {
                        "Start": "2026-09-11T10:09:21.155062879Z",
                        "End": "2026-09-11T10:09:21.800188557Z",
                        "ExitCode": 0,
                        "Output": "OpenRiak healthcheck passed: BEAM is running and riak ping returned pong\n"
                    },
                    {
                        "Start": "2026-09-11T10:09:31.801597164Z",
                        "End": "2026-09-11T10:09:32.358234883Z",
                        "ExitCode": 0,
                        "Output": "OpenRiak healthcheck passed: BEAM is running and riak ping returned pong\n"
                    }
                ]
            }
        },
        "Image": "sha256:f666424a210f65210e6ac0aa2b77d927f208b7fcfaf97c310e69c3364c18f248",
        "ResolvConfPath": "/var/lib/docker/containers/5c6c45f9e804957677fad87caa377a43285044951d1d9d7aca77a891b4cbc2d0/resolv.conf",
        "HostnamePath": "/var/lib/docker/containers/5c6c45f9e804957677fad87caa377a43285044951d1d9d7aca77a891b4cbc2d0/hostname",
        "HostsPath": "/var/lib/docker/containers/5c6c45f9e804957677fad87caa377a43285044951d1d9d7aca77a891b4cbc2d0/hosts",
        "LogPath": "/var/lib/docker/containers/5c6c45f9e804957677fad87caa377a43285044951d1d9d7aca77a891b4cbc2d0/5c6c45f9e804957677fad87caa377a43285044951d1d9d7aca77a891b4cbc2d0-json.log",
        "Name": "/openriak-kv-3.4.1-amazon-linux-2023-otp26-node-2-t-196161z",
        "RestartCount": 0,
        "Driver": "overlay2",
        "Platform": "linux",
        "MountLabel": "",
        "ProcessLabel": "",
        "AppArmorProfile": "",
        "ExecIDs": null,
        "HostConfig": {
            "Binds": [
                "/tmp/openriak-docker-3.4.1-amazon-linux-2023-otp26-2u5gntst/openriak-kv-3.4.1-amazon-linux-2023-otp26-node-cluster-control:/var/lib/openriak-cluster-control:rw",
                "/tmp/openriak-docker-3.4.1-amazon-linux-2023-otp26-2u5gntst/openriak-kv-3.4.1-amazon-linux-2023-otp26-node-2/config:/etc/riak:rw",
                "/tmp/openriak-docker-3.4.1-amazon-linux-2023-otp26-2u5gntst/openriak-kv-3.4.1-amazon-linux-2023-otp26-node-2/data:/var/lib/riak:rw",
                "/tmp/openriak-docker-3.4.1-amazon-linux-2023-otp26-2u5gntst/openriak-kv-3.4.1-amazon-linux-2023-otp26-node-2/logs:/var/log/riak:rw"
            ],
            "ContainerIDFile": "",
            "LogConfig": {
                "Type": "json-file",
                "Config": {
                    "max-file": "3",
                    "max-size": "10m"
                }
            },
            "NetworkMode": "openriak-kv-341-amazon-linux-2023-otp26-node-cluster_openriak",
            "PortBindings": {},
            "RestartPolicy": {
                "Name": "no",
                "MaximumRetryCount": 0
            },
            "AutoRemove": false,
            "VolumeDriver": "",
            "VolumesFrom": null,
            "ConsoleSize": [
                0,
                0
            ],
            "CapAdd": null,
            "CapDrop": null,
            "CgroupnsMode": "private",
            "Dns": null,
            "DnsOptions": null,
            "DnsSearch": null,
            "ExtraHosts": [],
            "GroupAdd": null,
            "IpcMode": "private",
            "Cgroup": "",
            "Links": null,
            "OomScoreAdj": 0,
            "PidMode": "",
            "Privileged": false,
            "PublishAllPorts": false,
            "ReadonlyRootfs": false,
            "SecurityOpt": null,
            "UTSMode": "",
            "UsernsMode": "",
            "ShmSize": 67108864,
            "Runtime": "runc",
            "Isolation": "",
            "CpuShares": 0,
            "Memory": 0,
            "NanoCpus": 0,
            "CgroupParent": "",
            "BlkioWeight": 0,
            "BlkioWeightDevice": null,
            "BlkioDeviceReadBps": null,
            "BlkioDeviceWriteBps": null,
            "BlkioDeviceReadIOps": null,
            "BlkioDeviceWriteIOps": null,
            "CpuPeriod": 0,
            "CpuQuota": 0,
            "CpuRealtimePeriod": 0,
            "CpuRealtimeRuntime": 0,
            "CpusetCpus": "",
            "CpusetMems": "",
            "Devices": null,
            "DeviceCgroupRules": null,
            "DeviceRequests": null,
            "MemoryReservation": 0,
            "MemorySwap": 0,
            "MemorySwappiness": null,
            "OomKillDisable": null,
            "PidsLimit": null,
            "Ulimits": [
                {
                    "Name": "nofile",
                    "Hard": 100000,
                    "Soft": 100000
                }
            ],
            "CpuCount": 0,
            "CpuPercent": 0,
            "IOMaximumIOps": 0,
            "IOMaximumBandwidth": 0,
            "MaskedPaths": [
                "/proc/acpi",
                "/proc/asound",
                "/proc/interrupts",
                "/proc/kcore",
                "/proc/keys",
                "/proc/latency_stats",
                "/proc/sched_debug",
                "/proc/scsi",
                "/proc/timer_list",
                "/proc/timer_stats",
                "/sys/devices/virtual/powercap",
                "/sys/firmware"
            ],
            "ReadonlyPaths": [
                "/proc/bus",
                "/proc/fs",
                "/proc/irq",
                "/proc/sys",
                "/proc/sysrq-trigger"
            ]
        },
        "GraphDriver": {
            "Data": {
                "ID": "5c6c45f9e804957677fad87caa377a43285044951d1d9d7aca77a891b4cbc2d0",
                "LowerDir": "/var/lib/docker/overlay2/02e18ac6e16e4fa272d998ce5fb9954a7dc854eb61f78816d58644c59a3c280a-init/diff:/var/lib/docker/overlay2/b39971a7d4bb2da99f0c024a683e32f3f06705d0636927b2b03339d9dced4b1b/diff:/var/lib/docker/overlay2/7dfbaff90f4a526aa818a34f4df7c8175506920f441b0b95949903b1b248b585/diff:/var/lib/docker/overlay2/fc33643667acf237c74fa26b14a5ae79d07d2f375dfcd86255ee11ee7c18ed2c/diff:/var/lib/docker/overlay2/2fbdff04251abe90a5e2825ab3cf06d36c9ae573381c6567498df9b70fcae04b/diff:/var/lib/docker/overlay2/2ca88504bfc6680714348fd5f34c988345d48a7bb36957fdb0dc12eec6f61b8f/diff:/var/lib/docker/overlay2/61a0b67b026977502d98fb1d8c140c2b7efb1076d6a0f2064c67f40568631277/diff",
                "MergedDir": "/var/lib/docker/overlay2/02e18ac6e16e4fa272d998ce5fb9954a7dc854eb61f78816d58644c59a3c280a/merged",
                "UpperDir": "/var/lib/docker/overlay2/02e18ac6e16e4fa272d998ce5fb9954a7dc854eb61f78816d58644c59a3c280a/diff",
                "WorkDir": "/var/lib/docker/overlay2/02e18ac6e16e4fa272d998ce5fb9954a7dc854eb61f78816d58644c59a3c280a/work"
            },
            "Name": "overlay2"
        },
        "Mounts": [
            {
                "Type": "bind",
                "Source": "/tmp/openriak-docker-3.4.1-amazon-linux-2023-otp26-2u5gntst/openriak-kv-3.4.1-amazon-linux-2023-otp26-node-cluster-control",
                "Destination": "/var/lib/openriak-cluster-control",
                "Mode": "rw",
                "RW": true,
                "Propagation": "rprivate"
            },
            {
                "Type": "bind",
                "Source": "/tmp/openriak-docker-3.4.1-amazon-linux-2023-otp26-2u5gntst/openriak-kv-3.4.1-amazon-linux-2023-otp26-node-2/config",
                "Destination": "/etc/riak",
                "Mode": "rw",
                "RW": true,
                "Propagation": "rprivate"
            },
            {
                "Type": "bind",
                "Source": "/tmp/openriak-docker-3.4.1-amazon-linux-2023-otp26-2u5gntst/openriak-kv-3.4.1-amazon-linux-2023-otp26-node-2/data",
                "Destination": "/var/lib/riak",
                "Mode": "rw",
                "RW": true,
                "Propagation": "rprivate"
            },
            {
                "Type": "bind",
                "Source": "/tmp/openriak-docker-3.4.1-amazon-linux-2023-otp26-2u5gntst/openriak-kv-3.4.1-amazon-linux-2023-otp26-node-2/logs",
                "Destination": "/var/log/riak",
                "Mode": "rw",
                "RW": true,
                "Propagation": "rprivate"
            }
        ],
        "Config": {
            "Hostname": "node-02.cluster-a.openriak",
            "Domainname": "",
            "User": "",
            "AttachStdin": false,
            "AttachStdout": true,
            "AttachStderr": true,
            "ExposedPorts": {
                "8087/tcp": {},
                "8098/tcp": {}
            },
            "Tty": false,
            "OpenStdin": false,
            "StdinOnce": false,
            "Env": [
                "RIAK_UID=19001",
                "RIAK_MONITOR_INTERVAL_SECONDS=1",
                "RIAK_DISTRIBUTED_COOKIE=openriak-fa8849d5c00a5559ad27747e84172a30",
                "RIAK_NODE_HOST=node-02.cluster-a.openriak",
                "OPENRIAK_CLUSTER_POLL_SECONDS=1",
                "OPENRIAK_CLUSTER_WAIT_SECONDS=3600",
                "RIAK_LOG_MAX_FILE_SIZE=2MB",
                "RIAK_GID=19002",
                "RIAK_LOG_MAX_FILES=4",
                "OPENRIAK_CLUSTER_MODE=cluster",
                "TZ=Asia/Tokyo",
                "PATH=/usr/local/sbin:/usr/local/bin:/usr/sbin:/usr/bin:/sbin:/bin",
                "RIAK_NODE_NAME=",
                "RIAK_RING_SIZE=8",
                "RIAK_STORAGE_BACKEND=leveled",
                "RIAK_ANTI_ENTROPY=passive",
                "RIAK_TICTACAAE_ACTIVE=active",
                "RIAK_TICTACAAE_STOREHEADS=enabled",
                "RIAK_HTTP_LISTENER=0.0.0.0:8098",
                "RIAK_PB_LISTENER=0.0.0.0:8087",
                "RIAK_NOFILE_LIMIT=100000",
                "RIAK_INIT_ONLY=0",
                "RIAK_STARTUP_POLL_SECONDS=1",
                "RIAK_SHUTDOWN_POLL_SECONDS=1",
                "OPENRIAK_CLUSTER_CONTROL_DIR=/var/lib/openriak-cluster-control",
                "role="
            ],
            "Cmd": null,
            "Healthcheck": {
                "Test": [
                    "CMD",
                    "/usr/local/bin/openriak-healthcheck"
                ],
                "Interval": 10000000000,
                "Timeout": 60000000000,
                "StartPeriod": 120000000000,
                "Retries": 3
            },
            "Image": "tiotjp/openriak-kv:test-3.4.1-amazon-linux-2023-otp26-linux-amd64-20260911t100456.196161z",
            "Volumes": {
                "/etc/riak": {},
                "/var/lib/riak": {},
                "/var/log/riak": {}
            },
            "WorkingDir": "/",
            "Entrypoint": [
                "/usr/local/bin/openriak-entrypoint"
            ],
            "Labels": {
                "com.docker.compose.config-hash": "001a1553ee9904918368d4002daecda4fc80e5996a799e3020fc6d9c47ebb4bc",
                "com.docker.compose.container-number": "1",
                "com.docker.compose.depends_on": "",
                "com.docker.compose.image": "sha256:f666424a210f65210e6ac0aa2b77d927f208b7fcfaf97c310e69c3364c18f248",
                "com.docker.compose.oneoff": "False",
                "com.docker.compose.project": "openriak-kv-341-amazon-linux-2023-otp26-node-cluster",
                "com.docker.compose.project.config_files": "/tmp/openriak-docker-3.4.1-amazon-linux-2023-otp26-2u5gntst/compose.cluster.test.yaml",
                "com.docker.compose.project.environment_file": "/tmp/openriak-docker-3.4.1-amazon-linux-2023-otp26-2u5gntst/.env.cluster",
                "com.docker.compose.project.working_dir": "/tmp/openriak-docker-3.4.1-amazon-linux-2023-otp26-2u5gntst",
                "com.docker.compose.service": "node2",
                "com.docker.compose.version": "5.4.0",
                "desktop.docker.io/wsl-distro": "Ubuntu",
                "org.opencontainers.image.description": "Package-backed OpenRiak KV with single-node and cluster startup support",
                "org.opencontainers.image.source": "https://github.com/TI-Tokyo/openriak-docs",
                "org.opencontainers.image.title": "OpenRiak KV",
                "org.opencontainers.image.url": "https://www.tiot.jp/",
                "org.opencontainers.image.vendor": "TI Tokyo",
                "org.opencontainers.image.version": "3.4.1",
                "org.openriak.image.tag": "tiotjp/openriak-kv:3.4.1-amazon-linux-2023-otp26",
                "org.openriak.os.name": "amazon-linux",
                "org.openriak.os.release": "2023",
                "org.openriak.os.version": "2023",
                "org.openriak.otp.version": "26"
            },
            "StopSignal": "SIGTERM",
            "StopTimeout": 120
        },
        "NetworkSettings": {
            "SandboxID": "12adefc5f140c3f39e89bd92a0a4c3ae889c7e54a30da1a00fd7dee652ff3b48",
            "SandboxKey": "/var/run/docker/netns/12adefc5f140",
            "Ports": {
                "8087/tcp": null,
                "8098/tcp": null
            },
            "Networks": {
                "openriak-kv-341-amazon-linux-2023-otp26-node-cluster_openriak": {
                    "IPAMConfig": {},
                    "Links": null,
                    "Aliases": [
                        "openriak-kv-3.4.1-amazon-linux-2023-otp26-node-2-t-196161z",
                        "node2",
                        "node-02.cluster-a.openriak"
                    ],
                    "DriverOpts": null,
                    "GwPriority": 0,
                    "NetworkID": "4f27808aeafb7ea3605e29dcb797d5e647fb017ff85cddf7c7577db9fe7010ca",
                    "EndpointID": "3a68f234706e4f422f94a810d792394c1de39040120085ebd0ab8d80083448c3",
                    "Gateway": "172.25.0.1",
                    "IPAddress": "172.25.0.3",
                    "MacAddress": "ae:6c:aa:6c:06:d7",
                    "IPPrefixLen": 16,
                    "IPv6Gateway": "",
                    "GlobalIPv6Address": "",
                    "GlobalIPv6PrefixLen": 0,
                    "DNSNames": [
                        "openriak-kv-3.4.1-amazon-linux-2023-otp26-node-2-t-196161z",
                        "node2",
                        "node-02.cluster-a.openriak",
                        "5c6c45f9e804"
                    ]
                }
            }
        }
    }
]

timeout_seconds: 3600
exit_code: 0
