$ /usr/bin/docker exec openriak-kv-3.4.0-alpine-3.21-otp26-node-5-t-080519z sh -c 'date +%z
id -u riak
id -g riak
stat -c '"'"'%u:%g'"'"' /etc/riak /var/lib/riak /var/log/riak'
started: 2026-09-11T11:33:06Z
+0900
19001
19002
19001:19002
19001:19002
19001:19002

timeout_seconds: 3600
exit_code: 0
$ /usr/bin/docker container inspect openriak-kv-3.4.0-alpine-3.21-otp26-node-5-t-080519z
started: 2026-09-11T11:33:06Z
[
    {
        "Id": "e201646cd725ebe60e6dfea94a92312737b31aeb425df60ecee63a4477a018fb",
        "Created": "2026-09-11T11:29:33.381046183Z",
        "Path": "/usr/local/bin/openriak-entrypoint",
        "Args": [],
        "State": {
            "Status": "running",
            "Running": true,
            "Paused": false,
            "Restarting": false,
            "OOMKilled": false,
            "Dead": false,
            "Pid": 3454383,
            "ExitCode": 0,
            "Error": "",
            "StartedAt": "2026-09-11T11:29:33.422508191Z",
            "FinishedAt": "0001-01-01T00:00:00Z",
            "Health": {
                "Status": "healthy",
                "FailingStreak": 0,
                "Log": [
                    {
                        "Start": "2026-09-11T11:32:13.495284868Z",
                        "End": "2026-09-11T11:32:15.327456304Z",
                        "ExitCode": 0,
                        "Output": "OpenRiak healthcheck passed: BEAM is running and riak ping returned pong\n"
                    },
                    {
                        "Start": "2026-09-11T11:32:25.328624264Z",
                        "End": "2026-09-11T11:32:26.37204222Z",
                        "ExitCode": 0,
                        "Output": "OpenRiak healthcheck passed: BEAM is running and riak ping returned pong\n"
                    },
                    {
                        "Start": "2026-09-11T11:32:36.372695917Z",
                        "End": "2026-09-11T11:32:36.996390326Z",
                        "ExitCode": 0,
                        "Output": "OpenRiak healthcheck passed: BEAM is running and riak ping returned pong\n"
                    },
                    {
                        "Start": "2026-09-11T11:32:46.998214681Z",
                        "End": "2026-09-11T11:32:48.06709031Z",
                        "ExitCode": 0,
                        "Output": "OpenRiak healthcheck passed: BEAM is running and riak ping returned pong\n"
                    },
                    {
                        "Start": "2026-09-11T11:32:58.0683409Z",
                        "End": "2026-09-11T11:32:58.614353619Z",
                        "ExitCode": 0,
                        "Output": "OpenRiak healthcheck passed: BEAM is running and riak ping returned pong\n"
                    }
                ]
            }
        },
        "Image": "sha256:bfd2ec811b3fccd495f7de2b08c0560f96998628c5bb5ab3e8d3eb522810ddbc",
        "ResolvConfPath": "/var/snap/docker/common/var-lib-docker/containers/e201646cd725ebe60e6dfea94a92312737b31aeb425df60ecee63a4477a018fb/resolv.conf",
        "HostnamePath": "/var/snap/docker/common/var-lib-docker/containers/e201646cd725ebe60e6dfea94a92312737b31aeb425df60ecee63a4477a018fb/hostname",
        "HostsPath": "/var/snap/docker/common/var-lib-docker/containers/e201646cd725ebe60e6dfea94a92312737b31aeb425df60ecee63a4477a018fb/hosts",
        "LogPath": "/var/snap/docker/common/var-lib-docker/containers/e201646cd725ebe60e6dfea94a92312737b31aeb425df60ecee63a4477a018fb/e201646cd725ebe60e6dfea94a92312737b31aeb425df60ecee63a4477a018fb-json.log",
        "Name": "/openriak-kv-3.4.0-alpine-3.21-otp26-node-5-t-080519z",
        "RestartCount": 0,
        "Driver": "overlay2",
        "Platform": "linux",
        "MountLabel": "",
        "ProcessLabel": "",
        "AppArmorProfile": "docker-default",
        "ExecIDs": null,
        "HostConfig": {
            "Binds": [
                "/home/peter/openriak-builds/tmp/openriak-docker-3.4.0-alpine-3.21-otp26-hmeso109/openriak-kv-3.4.0-alpine-3.21-otp26-node-cluster-control:/var/lib/openriak-cluster-control:rw",
                "/home/peter/openriak-builds/tmp/openriak-docker-3.4.0-alpine-3.21-otp26-hmeso109/openriak-kv-3.4.0-alpine-3.21-otp26-node-5/config:/etc/riak:rw",
                "/home/peter/openriak-builds/tmp/openriak-docker-3.4.0-alpine-3.21-otp26-hmeso109/openriak-kv-3.4.0-alpine-3.21-otp26-node-5/data:/var/lib/riak:rw",
                "/home/peter/openriak-builds/tmp/openriak-docker-3.4.0-alpine-3.21-otp26-hmeso109/openriak-kv-3.4.0-alpine-3.21-otp26-node-5/logs:/var/log/riak:rw"
            ],
            "ContainerIDFile": "",
            "LogConfig": {
                "Type": "json-file",
                "Config": {
                    "max-file": "3",
                    "max-size": "10m"
                }
            },
            "NetworkMode": "openriak-kv-340-alpine-321-otp26-node-cluster_openriak",
            "PortBindings": {},
            "RestartPolicy": {
                "Name": "no",
                "MaximumRetryCount": 0
            },
            "AutoRemove": false,
            "VolumeDriver": "",
            "VolumesFrom": null,
            "ConsoleSize": [
                0,
                0
            ],
            "CapAdd": null,
            "CapDrop": null,
            "CgroupnsMode": "private",
            "Dns": null,
            "DnsOptions": null,
            "DnsSearch": null,
            "ExtraHosts": [],
            "GroupAdd": null,
            "IpcMode": "private",
            "Cgroup": "",
            "Links": null,
            "OomScoreAdj": 0,
            "PidMode": "",
            "Privileged": false,
            "PublishAllPorts": false,
            "ReadonlyRootfs": false,
            "SecurityOpt": null,
            "UTSMode": "",
            "UsernsMode": "",
            "ShmSize": 67108864,
            "Runtime": "runc",
            "Isolation": "",
            "CpuShares": 0,
            "Memory": 0,
            "NanoCpus": 0,
            "CgroupParent": "",
            "BlkioWeight": 0,
            "BlkioWeightDevice": null,
            "BlkioDeviceReadBps": null,
            "BlkioDeviceWriteBps": null,
            "BlkioDeviceReadIOps": null,
            "BlkioDeviceWriteIOps": null,
            "CpuPeriod": 0,
            "CpuQuota": 0,
            "CpuRealtimePeriod": 0,
            "CpuRealtimeRuntime": 0,
            "CpusetCpus": "",
            "CpusetMems": "",
            "Devices": null,
            "DeviceCgroupRules": null,
            "DeviceRequests": null,
            "MemoryReservation": 0,
            "MemorySwap": 0,
            "MemorySwappiness": null,
            "OomKillDisable": null,
            "PidsLimit": null,
            "Ulimits": [
                {
                    "Name": "nofile",
                    "Hard": 100000,
                    "Soft": 100000
                }
            ],
            "CpuCount": 0,
            "CpuPercent": 0,
            "IOMaximumIOps": 0,
            "IOMaximumBandwidth": 0,
            "MaskedPaths": [
                "/proc/acpi",
                "/proc/asound",
                "/proc/interrupts",
                "/proc/kcore",
                "/proc/keys",
                "/proc/latency_stats",
                "/proc/sched_debug",
                "/proc/scsi",
                "/proc/timer_list",
                "/proc/timer_stats",
                "/sys/devices/virtual/powercap",
                "/sys/firmware",
                "/sys/devices/system/cpu/cpu0/thermal_throttle",
                "/sys/devices/system/cpu/cpu1/thermal_throttle",
                "/sys/devices/system/cpu/cpu2/thermal_throttle",
                "/sys/devices/system/cpu/cpu3/thermal_throttle"
            ],
            "ReadonlyPaths": [
                "/proc/bus",
                "/proc/fs",
                "/proc/irq",
                "/proc/sys",
                "/proc/sysrq-trigger"
            ]
        },
        "GraphDriver": {
            "Data": {
                "ID": "e201646cd725ebe60e6dfea94a92312737b31aeb425df60ecee63a4477a018fb",
                "LowerDir": "/var/snap/docker/common/var-lib-docker/overlay2/b0debc4b4b3ab88c3722101316806946d01e9df87d9c72f81103e757fb151dce-init/diff:/var/snap/docker/common/var-lib-docker/overlay2/768ea0e00d6cfea0339b4ef901cc0167b8f01802abce5efc883a547ca212ef65/diff:/var/snap/docker/common/var-lib-docker/overlay2/ef7dc1978218e02929eb41f3c07fd4b5164c03a9d24aaed8e52f0bef3c79ee29/diff:/var/snap/docker/common/var-lib-docker/overlay2/d4798567a78fdd897d0c45c3a56804b19882e82d10e2bc3754dc0d46d85e9419/diff:/var/snap/docker/common/var-lib-docker/overlay2/85f8bd711eaf57d7ece3cdb0faed7b209c24d2602a184d63bb29724804a29907/diff:/var/snap/docker/common/var-lib-docker/overlay2/2e4d0374553e5870b2e9bb445e55fd92743cbe8c3181895b58981f033e7edc58/diff:/var/snap/docker/common/var-lib-docker/overlay2/aa555e64919d18fd684c3ae6e18832c6de592f19273004227a1d4a38ee10fb06/diff",
                "MergedDir": "/var/snap/docker/common/var-lib-docker/overlay2/b0debc4b4b3ab88c3722101316806946d01e9df87d9c72f81103e757fb151dce/merged",
                "UpperDir": "/var/snap/docker/common/var-lib-docker/overlay2/b0debc4b4b3ab88c3722101316806946d01e9df87d9c72f81103e757fb151dce/diff",
                "WorkDir": "/var/snap/docker/common/var-lib-docker/overlay2/b0debc4b4b3ab88c3722101316806946d01e9df87d9c72f81103e757fb151dce/work"
            },
            "Name": "overlay2"
        },
        "Mounts": [
            {
                "Type": "bind",
                "Source": "/home/peter/openriak-builds/tmp/openriak-docker-3.4.0-alpine-3.21-otp26-hmeso109/openriak-kv-3.4.0-alpine-3.21-otp26-node-5/logs",
                "Destination": "/var/log/riak",
                "Mode": "rw",
                "RW": true,
                "Propagation": "rprivate"
            },
            {
                "Type": "bind",
                "Source": "/home/peter/openriak-builds/tmp/openriak-docker-3.4.0-alpine-3.21-otp26-hmeso109/openriak-kv-3.4.0-alpine-3.21-otp26-node-cluster-control",
                "Destination": "/var/lib/openriak-cluster-control",
                "Mode": "rw",
                "RW": true,
                "Propagation": "rprivate"
            },
            {
                "Type": "bind",
                "Source": "/home/peter/openriak-builds/tmp/openriak-docker-3.4.0-alpine-3.21-otp26-hmeso109/openriak-kv-3.4.0-alpine-3.21-otp26-node-5/config",
                "Destination": "/etc/riak",
                "Mode": "rw",
                "RW": true,
                "Propagation": "rprivate"
            },
            {
                "Type": "bind",
                "Source": "/home/peter/openriak-builds/tmp/openriak-docker-3.4.0-alpine-3.21-otp26-hmeso109/openriak-kv-3.4.0-alpine-3.21-otp26-node-5/data",
                "Destination": "/var/lib/riak",
                "Mode": "rw",
                "RW": true,
                "Propagation": "rprivate"
            }
        ],
        "Config": {
            "Hostname": "node-05.cluster-a.openriak",
            "Domainname": "",
            "User": "",
            "AttachStdin": false,
            "AttachStdout": true,
            "AttachStderr": true,
            "ExposedPorts": {
                "8087/tcp": {},
                "8098/tcp": {}
            },
            "Tty": false,
            "OpenStdin": false,
            "StdinOnce": false,
            "Env": [
                "RIAK_GID=19002",
                "RIAK_UID=19001",
                "OPENRIAK_CLUSTER_MODE=cluster",
                "RIAK_LOG_MAX_FILES=4",
                "RIAK_MONITOR_INTERVAL_SECONDS=1",
                "TZ=Asia/Tokyo",
                "RIAK_DISTRIBUTED_COOKIE=openriak-a92fb9987a7c51bcce3e83d0ea77f1f7",
                "RIAK_NODE_HOST=node-05.cluster-a.openriak",
                "OPENRIAK_CLUSTER_POLL_SECONDS=1",
                "OPENRIAK_CLUSTER_WAIT_SECONDS=3600",
                "RIAK_LOG_MAX_FILE_SIZE=2MB",
                "PATH=/usr/local/sbin:/usr/local/bin:/usr/sbin:/usr/bin:/sbin:/bin",
                "RIAK_NODE_NAME=",
                "RIAK_RING_SIZE=8",
                "RIAK_STORAGE_BACKEND=leveled",
                "RIAK_ANTI_ENTROPY=passive",
                "RIAK_TICTACAAE_ACTIVE=active",
                "RIAK_TICTACAAE_STOREHEADS=enabled",
                "RIAK_HTTP_LISTENER=0.0.0.0:8098",
                "RIAK_PB_LISTENER=0.0.0.0:8087",
                "RIAK_NOFILE_LIMIT=100000",
                "RIAK_INIT_ONLY=0",
                "RIAK_STARTUP_POLL_SECONDS=1",
                "RIAK_SHUTDOWN_POLL_SECONDS=1",
                "OPENRIAK_CLUSTER_CONTROL_DIR=/var/lib/openriak-cluster-control",
                "role="
            ],
            "Cmd": null,
            "Healthcheck": {
                "Test": [
                    "CMD",
                    "/usr/local/bin/openriak-healthcheck"
                ],
                "Interval": 10000000000,
                "Timeout": 60000000000,
                "StartPeriod": 120000000000,
                "Retries": 3
            },
            "Image": "tiotjp/openriak-kv:test-3.4.0-alpine-3.21-otp26-linux-amd64-20260911t112855.080519z",
            "Volumes": {
                "/etc/riak": {},
                "/var/lib/riak": {},
                "/var/log/riak": {}
            },
            "WorkingDir": "/",
            "Entrypoint": [
                "/usr/local/bin/openriak-entrypoint"
            ],
            "Labels": {
                "com.docker.compose.config-hash": "19be895bd5c23ca24b9adf98d75c680cadf71d67bcd24d49809fb4b931de6ce6",
                "com.docker.compose.container-number": "1",
                "com.docker.compose.depends_on": "",
                "com.docker.compose.image": "sha256:bfd2ec811b3fccd495f7de2b08c0560f96998628c5bb5ab3e8d3eb522810ddbc",
                "com.docker.compose.oneoff": "False",
                "com.docker.compose.project": "openriak-kv-340-alpine-321-otp26-node-cluster",
                "com.docker.compose.project.config_files": "/home/peter/openriak-builds/tmp/openriak-docker-3.4.0-alpine-3.21-otp26-hmeso109/compose.cluster.test.yaml",
                "com.docker.compose.project.environment_file": "/home/peter/openriak-builds/tmp/openriak-docker-3.4.0-alpine-3.21-otp26-hmeso109/.env.cluster",
                "com.docker.compose.project.working_dir": "/home/peter/openriak-builds/tmp/openriak-docker-3.4.0-alpine-3.21-otp26-hmeso109",
                "com.docker.compose.service": "node5",
                "com.docker.compose.version": "2.32.4",
                "org.opencontainers.image.description": "Package-backed OpenRiak KV with single-node and cluster startup support",
                "org.opencontainers.image.source": "https://github.com/TI-Tokyo/openriak-docs",
                "org.opencontainers.image.title": "OpenRiak KV",
                "org.opencontainers.image.url": "https://www.tiot.jp/",
                "org.opencontainers.image.vendor": "TI Tokyo",
                "org.opencontainers.image.version": "3.4.0",
                "org.openriak.image.tag": "tiotjp/openriak-kv:3.4.0-alpine-3.21-otp26",
                "org.openriak.os.name": "alpine",
                "org.openriak.os.release": "3.21",
                "org.openriak.os.version": "3.21",
                "org.openriak.otp.version": "26"
            },
            "StopSignal": "SIGTERM",
            "StopTimeout": 120
        },
        "NetworkSettings": {
            "SandboxID": "1a180e3851422d92b4624c26b44b4725300b36f0706f37f59802493eb1237bad",
            "SandboxKey": "/run/snap.docker/netns/1a180e385142",
            "Ports": {
                "8087/tcp": null,
                "8098/tcp": null
            },
            "Networks": {
                "openriak-kv-340-alpine-321-otp26-node-cluster_openriak": {
                    "IPAMConfig": {},
                    "Links": null,
                    "Aliases": [
                        "openriak-kv-3.4.0-alpine-3.21-otp26-node-5-t-080519z",
                        "node5",
                        "node-05.cluster-a.openriak"
                    ],
                    "DriverOpts": null,
                    "GwPriority": 0,
                    "NetworkID": "015ca88385a62a43e677faac0637b6658939d8a71de8076b99f59471eb3ae4c5",
                    "EndpointID": "c3407caf9ac06b0a22e159c4b86d3e10e4d45693987f30f5ee4f2e02c304ec0e",
                    "Gateway": "172.19.0.1",
                    "IPAddress": "172.19.0.5",
                    "MacAddress": "ce:4a:89:cf:23:62",
                    "IPPrefixLen": 16,
                    "IPv6Gateway": "",
                    "GlobalIPv6Address": "",
                    "GlobalIPv6PrefixLen": 0,
                    "DNSNames": [
                        "openriak-kv-3.4.0-alpine-3.21-otp26-node-5-t-080519z",
                        "node5",
                        "node-05.cluster-a.openriak",
                        "e201646cd725"
                    ]
                }
            }
        }
    }
]

timeout_seconds: 3600
exit_code: 0
$ /usr/bin/docker exec openriak-kv-3.4.0-alpine-3.21-otp26-node-5-t-080519z sh -ec 'if command -v curl >/dev/null 2>&1
then
    echo '"'"'Unexpected curl executable in Alpine image'"'"' >&2
    exit 1
fi
for package in curl libcurl
do
    if apk info -e "$package" >/dev/null 2>&1
    then
        echo "Unexpected $package package in Alpine image" >&2
        exit 1
    fi
done
for library in /usr/lib/libcurl.so*
do
    test ! -e "$library"
done
apk info -e coreutils
'
started: 2026-09-11T11:33:06Z
coreutils

timeout_seconds: 3600
exit_code: 0
