$ /usr/bin/docker exec openriak-kv-3.4.0-alpine-3.21-otp26-node-2-t-080519z sh -c 'date +%z
id -u riak
id -g riak
stat -c '"'"'%u:%g'"'"' /etc/riak /var/lib/riak /var/log/riak'
started: 2026-09-11T11:32:59Z
+0900
19001
19002
19001:19002
19001:19002
19001:19002

timeout_seconds: 3600
exit_code: 0
$ /usr/bin/docker container inspect openriak-kv-3.4.0-alpine-3.21-otp26-node-2-t-080519z
started: 2026-09-11T11:32:59Z
[
    {
        "Id": "887f326bd0647758135908900d2c96f313025a84db083371b72bdd1c03fadd11",
        "Created": "2026-09-11T11:29:33.376650172Z",
        "Path": "/usr/local/bin/openriak-entrypoint",
        "Args": [],
        "State": {
            "Status": "running",
            "Running": true,
            "Paused": false,
            "Restarting": false,
            "OOMKilled": false,
            "Dead": false,
            "Pid": 3454367,
            "ExitCode": 0,
            "Error": "",
            "StartedAt": "2026-09-11T11:29:33.418646088Z",
            "FinishedAt": "0001-01-01T00:00:00Z",
            "Health": {
                "Status": "healthy",
                "FailingStreak": 0,
                "Log": [
                    {
                        "Start": "2026-09-11T11:32:05.871391278Z",
                        "End": "2026-09-11T11:32:06.978295105Z",
                        "ExitCode": 0,
                        "Output": "OpenRiak healthcheck passed: BEAM is running and riak ping returned pong\n"
                    },
                    {
                        "Start": "2026-09-11T11:32:16.980659336Z",
                        "End": "2026-09-11T11:32:18.689630622Z",
                        "ExitCode": 0,
                        "Output": "OpenRiak healthcheck passed: BEAM is running and riak ping returned pong\n"
                    },
                    {
                        "Start": "2026-09-11T11:32:28.701443328Z",
                        "End": "2026-09-11T11:32:29.572054682Z",
                        "ExitCode": 0,
                        "Output": "OpenRiak healthcheck passed: BEAM is running and riak ping returned pong\n"
                    },
                    {
                        "Start": "2026-09-11T11:32:39.57264784Z",
                        "End": "2026-09-11T11:32:40.533521916Z",
                        "ExitCode": 0,
                        "Output": "OpenRiak healthcheck passed: BEAM is running and riak ping returned pong\n"
                    },
                    {
                        "Start": "2026-09-11T11:32:50.534128089Z",
                        "End": "2026-09-11T11:32:51.199800643Z",
                        "ExitCode": 0,
                        "Output": "OpenRiak healthcheck passed: BEAM is running and riak ping returned pong\n"
                    }
                ]
            }
        },
        "Image": "sha256:bfd2ec811b3fccd495f7de2b08c0560f96998628c5bb5ab3e8d3eb522810ddbc",
        "ResolvConfPath": "/var/snap/docker/common/var-lib-docker/containers/887f326bd0647758135908900d2c96f313025a84db083371b72bdd1c03fadd11/resolv.conf",
        "HostnamePath": "/var/snap/docker/common/var-lib-docker/containers/887f326bd0647758135908900d2c96f313025a84db083371b72bdd1c03fadd11/hostname",
        "HostsPath": "/var/snap/docker/common/var-lib-docker/containers/887f326bd0647758135908900d2c96f313025a84db083371b72bdd1c03fadd11/hosts",
        "LogPath": "/var/snap/docker/common/var-lib-docker/containers/887f326bd0647758135908900d2c96f313025a84db083371b72bdd1c03fadd11/887f326bd0647758135908900d2c96f313025a84db083371b72bdd1c03fadd11-json.log",
        "Name": "/openriak-kv-3.4.0-alpine-3.21-otp26-node-2-t-080519z",
        "RestartCount": 0,
        "Driver": "overlay2",
        "Platform": "linux",
        "MountLabel": "",
        "ProcessLabel": "",
        "AppArmorProfile": "docker-default",
        "ExecIDs": null,
        "HostConfig": {
            "Binds": [
                "/home/peter/openriak-builds/tmp/openriak-docker-3.4.0-alpine-3.21-otp26-hmeso109/openriak-kv-3.4.0-alpine-3.21-otp26-node-cluster-control:/var/lib/openriak-cluster-control:rw",
                "/home/peter/openriak-builds/tmp/openriak-docker-3.4.0-alpine-3.21-otp26-hmeso109/openriak-kv-3.4.0-alpine-3.21-otp26-node-2/config:/etc/riak:rw",
                "/home/peter/openriak-builds/tmp/openriak-docker-3.4.0-alpine-3.21-otp26-hmeso109/openriak-kv-3.4.0-alpine-3.21-otp26-node-2/data:/var/lib/riak:rw",
                "/home/peter/openriak-builds/tmp/openriak-docker-3.4.0-alpine-3.21-otp26-hmeso109/openriak-kv-3.4.0-alpine-3.21-otp26-node-2/logs:/var/log/riak:rw"
            ],
            "ContainerIDFile": "",
            "LogConfig": {
                "Type": "json-file",
                "Config": {
                    "max-file": "3",
                    "max-size": "10m"
                }
            },
            "NetworkMode": "openriak-kv-340-alpine-321-otp26-node-cluster_openriak",
            "PortBindings": {},
            "RestartPolicy": {
                "Name": "no",
                "MaximumRetryCount": 0
            },
            "AutoRemove": false,
            "VolumeDriver": "",
            "VolumesFrom": null,
            "ConsoleSize": [
                0,
                0
            ],
            "CapAdd": null,
            "CapDrop": null,
            "CgroupnsMode": "private",
            "Dns": null,
            "DnsOptions": null,
            "DnsSearch": null,
            "ExtraHosts": [],
            "GroupAdd": null,
            "IpcMode": "private",
            "Cgroup": "",
            "Links": null,
            "OomScoreAdj": 0,
            "PidMode": "",
            "Privileged": false,
            "PublishAllPorts": false,
            "ReadonlyRootfs": false,
            "SecurityOpt": null,
            "UTSMode": "",
            "UsernsMode": "",
            "ShmSize": 67108864,
            "Runtime": "runc",
            "Isolation": "",
            "CpuShares": 0,
            "Memory": 0,
            "NanoCpus": 0,
            "CgroupParent": "",
            "BlkioWeight": 0,
            "BlkioWeightDevice": null,
            "BlkioDeviceReadBps": null,
            "BlkioDeviceWriteBps": null,
            "BlkioDeviceReadIOps": null,
            "BlkioDeviceWriteIOps": null,
            "CpuPeriod": 0,
            "CpuQuota": 0,
            "CpuRealtimePeriod": 0,
            "CpuRealtimeRuntime": 0,
            "CpusetCpus": "",
            "CpusetMems": "",
            "Devices": null,
            "DeviceCgroupRules": null,
            "DeviceRequests": null,
            "MemoryReservation": 0,
            "MemorySwap": 0,
            "MemorySwappiness": null,
            "OomKillDisable": null,
            "PidsLimit": null,
            "Ulimits": [
                {
                    "Name": "nofile",
                    "Hard": 100000,
                    "Soft": 100000
                }
            ],
            "CpuCount": 0,
            "CpuPercent": 0,
            "IOMaximumIOps": 0,
            "IOMaximumBandwidth": 0,
            "MaskedPaths": [
                "/proc/acpi",
                "/proc/asound",
                "/proc/interrupts",
                "/proc/kcore",
                "/proc/keys",
                "/proc/latency_stats",
                "/proc/sched_debug",
                "/proc/scsi",
                "/proc/timer_list",
                "/proc/timer_stats",
                "/sys/devices/virtual/powercap",
                "/sys/firmware",
                "/sys/devices/system/cpu/cpu0/thermal_throttle",
                "/sys/devices/system/cpu/cpu1/thermal_throttle",
                "/sys/devices/system/cpu/cpu2/thermal_throttle",
                "/sys/devices/system/cpu/cpu3/thermal_throttle"
            ],
            "ReadonlyPaths": [
                "/proc/bus",
                "/proc/fs",
                "/proc/irq",
                "/proc/sys",
                "/proc/sysrq-trigger"
            ]
        },
        "GraphDriver": {
            "Data": {
                "ID": "887f326bd0647758135908900d2c96f313025a84db083371b72bdd1c03fadd11",
                "LowerDir": "/var/snap/docker/common/var-lib-docker/overlay2/5837103efa34308209069dd7569b9aa7504ab64bfd8431c0f2b26d23ad498b7e-init/diff:/var/snap/docker/common/var-lib-docker/overlay2/768ea0e00d6cfea0339b4ef901cc0167b8f01802abce5efc883a547ca212ef65/diff:/var/snap/docker/common/var-lib-docker/overlay2/ef7dc1978218e02929eb41f3c07fd4b5164c03a9d24aaed8e52f0bef3c79ee29/diff:/var/snap/docker/common/var-lib-docker/overlay2/d4798567a78fdd897d0c45c3a56804b19882e82d10e2bc3754dc0d46d85e9419/diff:/var/snap/docker/common/var-lib-docker/overlay2/85f8bd711eaf57d7ece3cdb0faed7b209c24d2602a184d63bb29724804a29907/diff:/var/snap/docker/common/var-lib-docker/overlay2/2e4d0374553e5870b2e9bb445e55fd92743cbe8c3181895b58981f033e7edc58/diff:/var/snap/docker/common/var-lib-docker/overlay2/aa555e64919d18fd684c3ae6e18832c6de592f19273004227a1d4a38ee10fb06/diff",
                "MergedDir": "/var/snap/docker/common/var-lib-docker/overlay2/5837103efa34308209069dd7569b9aa7504ab64bfd8431c0f2b26d23ad498b7e/merged",
                "UpperDir": "/var/snap/docker/common/var-lib-docker/overlay2/5837103efa34308209069dd7569b9aa7504ab64bfd8431c0f2b26d23ad498b7e/diff",
                "WorkDir": "/var/snap/docker/common/var-lib-docker/overlay2/5837103efa34308209069dd7569b9aa7504ab64bfd8431c0f2b26d23ad498b7e/work"
            },
            "Name": "overlay2"
        },
        "Mounts": [
            {
                "Type": "bind",
                "Source": "/home/peter/openriak-builds/tmp/openriak-docker-3.4.0-alpine-3.21-otp26-hmeso109/openriak-kv-3.4.0-alpine-3.21-otp26-node-2/data",
                "Destination": "/var/lib/riak",
                "Mode": "rw",
                "RW": true,
                "Propagation": "rprivate"
            },
            {
                "Type": "bind",
                "Source": "/home/peter/openriak-builds/tmp/openriak-docker-3.4.0-alpine-3.21-otp26-hmeso109/openriak-kv-3.4.0-alpine-3.21-otp26-node-2/logs",
                "Destination": "/var/log/riak",
                "Mode": "rw",
                "RW": true,
                "Propagation": "rprivate"
            },
            {
                "Type": "bind",
                "Source": "/home/peter/openriak-builds/tmp/openriak-docker-3.4.0-alpine-3.21-otp26-hmeso109/openriak-kv-3.4.0-alpine-3.21-otp26-node-cluster-control",
                "Destination": "/var/lib/openriak-cluster-control",
                "Mode": "rw",
                "RW": true,
                "Propagation": "rprivate"
            },
            {
                "Type": "bind",
                "Source": "/home/peter/openriak-builds/tmp/openriak-docker-3.4.0-alpine-3.21-otp26-hmeso109/openriak-kv-3.4.0-alpine-3.21-otp26-node-2/config",
                "Destination": "/etc/riak",
                "Mode": "rw",
                "RW": true,
                "Propagation": "rprivate"
            }
        ],
        "Config": {
            "Hostname": "node-02.cluster-a.openriak",
            "Domainname": "",
            "User": "",
            "AttachStdin": false,
            "AttachStdout": true,
            "AttachStderr": true,
            "ExposedPorts": {
                "8087/tcp": {},
                "8098/tcp": {}
            },
            "Tty": false,
            "OpenStdin": false,
            "StdinOnce": false,
            "Env": [
                "RIAK_DISTRIBUTED_COOKIE=openriak-63354933fcd08b4b3d2e311446772186",
                "RIAK_GID=19002",
                "RIAK_NODE_HOST=node-02.cluster-a.openriak",
                "RIAK_LOG_MAX_FILE_SIZE=2MB",
                "RIAK_MONITOR_INTERVAL_SECONDS=1",
                "OPENRIAK_CLUSTER_POLL_SECONDS=1",
                "OPENRIAK_CLUSTER_MODE=cluster",
                "RIAK_LOG_MAX_FILES=4",
                "RIAK_UID=19001",
                "OPENRIAK_CLUSTER_WAIT_SECONDS=3600",
                "TZ=Asia/Tokyo",
                "PATH=/usr/local/sbin:/usr/local/bin:/usr/sbin:/usr/bin:/sbin:/bin",
                "RIAK_NODE_NAME=",
                "RIAK_RING_SIZE=8",
                "RIAK_STORAGE_BACKEND=leveled",
                "RIAK_ANTI_ENTROPY=passive",
                "RIAK_TICTACAAE_ACTIVE=active",
                "RIAK_TICTACAAE_STOREHEADS=enabled",
                "RIAK_HTTP_LISTENER=0.0.0.0:8098",
                "RIAK_PB_LISTENER=0.0.0.0:8087",
                "RIAK_NOFILE_LIMIT=100000",
                "RIAK_INIT_ONLY=0",
                "RIAK_STARTUP_POLL_SECONDS=1",
                "RIAK_SHUTDOWN_POLL_SECONDS=1",
                "OPENRIAK_CLUSTER_CONTROL_DIR=/var/lib/openriak-cluster-control",
                "role="
            ],
            "Cmd": null,
            "Healthcheck": {
                "Test": [
                    "CMD",
                    "/usr/local/bin/openriak-healthcheck"
                ],
                "Interval": 10000000000,
                "Timeout": 60000000000,
                "StartPeriod": 120000000000,
                "Retries": 3
            },
            "Image": "tiotjp/openriak-kv:test-3.4.0-alpine-3.21-otp26-linux-amd64-20260911t112855.080519z",
            "Volumes": {
                "/etc/riak": {},
                "/var/lib/riak": {},
                "/var/log/riak": {}
            },
            "WorkingDir": "/",
            "Entrypoint": [
                "/usr/local/bin/openriak-entrypoint"
            ],
            "Labels": {
                "com.docker.compose.config-hash": "bf5a1f502155e54a8cf1e99c8f76e1a418bb610a994090b62d9ef4e4246ad5f3",
                "com.docker.compose.container-number": "1",
                "com.docker.compose.depends_on": "",
                "com.docker.compose.image": "sha256:bfd2ec811b3fccd495f7de2b08c0560f96998628c5bb5ab3e8d3eb522810ddbc",
                "com.docker.compose.oneoff": "False",
                "com.docker.compose.project": "openriak-kv-340-alpine-321-otp26-node-cluster",
                "com.docker.compose.project.config_files": "/home/peter/openriak-builds/tmp/openriak-docker-3.4.0-alpine-3.21-otp26-hmeso109/compose.cluster.test.yaml",
                "com.docker.compose.project.environment_file": "/home/peter/openriak-builds/tmp/openriak-docker-3.4.0-alpine-3.21-otp26-hmeso109/.env.cluster",
                "com.docker.compose.project.working_dir": "/home/peter/openriak-builds/tmp/openriak-docker-3.4.0-alpine-3.21-otp26-hmeso109",
                "com.docker.compose.service": "node2",
                "com.docker.compose.version": "2.32.4",
                "org.opencontainers.image.description": "Package-backed OpenRiak KV with single-node and cluster startup support",
                "org.opencontainers.image.source": "https://github.com/TI-Tokyo/openriak-docs",
                "org.opencontainers.image.title": "OpenRiak KV",
                "org.opencontainers.image.url": "https://www.tiot.jp/",
                "org.opencontainers.image.vendor": "TI Tokyo",
                "org.opencontainers.image.version": "3.4.0",
                "org.openriak.image.tag": "tiotjp/openriak-kv:3.4.0-alpine-3.21-otp26",
                "org.openriak.os.name": "alpine",
                "org.openriak.os.release": "3.21",
                "org.openriak.os.version": "3.21",
                "org.openriak.otp.version": "26"
            },
            "StopSignal": "SIGTERM",
            "StopTimeout": 120
        },
        "NetworkSettings": {
            "SandboxID": "e6e4af7df4e275bb5791ec72a4f8a6a0561da8bc597070ad965f790c73d3334b",
            "SandboxKey": "/run/snap.docker/netns/e6e4af7df4e2",
            "Ports": {
                "8087/tcp": null,
                "8098/tcp": null
            },
            "Networks": {
                "openriak-kv-340-alpine-321-otp26-node-cluster_openriak": {
                    "IPAMConfig": {},
                    "Links": null,
                    "Aliases": [
                        "openriak-kv-3.4.0-alpine-3.21-otp26-node-2-t-080519z",
                        "node2",
                        "node-02.cluster-a.openriak"
                    ],
                    "DriverOpts": null,
                    "GwPriority": 0,
                    "NetworkID": "015ca88385a62a43e677faac0637b6658939d8a71de8076b99f59471eb3ae4c5",
                    "EndpointID": "6101ec70804f50918a3297281c90566a23c7798f4cfcfdc26007ceb9f0965c86",
                    "Gateway": "172.19.0.1",
                    "IPAddress": "172.19.0.6",
                    "MacAddress": "4e:0c:45:44:9d:1b",
                    "IPPrefixLen": 16,
                    "IPv6Gateway": "",
                    "GlobalIPv6Address": "",
                    "GlobalIPv6PrefixLen": 0,
                    "DNSNames": [
                        "openriak-kv-3.4.0-alpine-3.21-otp26-node-2-t-080519z",
                        "node2",
                        "node-02.cluster-a.openriak",
                        "887f326bd064"
                    ]
                }
            }
        }
    }
]

timeout_seconds: 3600
exit_code: 0
$ /usr/bin/docker exec openriak-kv-3.4.0-alpine-3.21-otp26-node-2-t-080519z sh -ec 'if command -v curl >/dev/null 2>&1
then
    echo '"'"'Unexpected curl executable in Alpine image'"'"' >&2
    exit 1
fi
for package in curl libcurl
do
    if apk info -e "$package" >/dev/null 2>&1
    then
        echo "Unexpected $package package in Alpine image" >&2
        exit 1
    fi
done
for library in /usr/lib/libcurl.so*
do
    test ! -e "$library"
done
apk info -e coreutils
'
started: 2026-09-11T11:32:59Z
coreutils

timeout_seconds: 3600
exit_code: 0
