$ /usr/bin/docker compose --env-file /home/peter/openriak-builds/tmp/openriak-docker-3.4.0-alpine-3.21-otp26-hmeso109/.env.cluster --project-directory /home/peter/openriak-builds/tmp/openriak-docker-3.4.0-alpine-3.21-otp26-hmeso109 --file /home/peter/openriak-builds/tmp/openriak-docker-3.4.0-alpine-3.21-otp26-hmeso109/compose.cluster.test.yaml up --detach --no-build
started: 2026-09-11T11:29:32Z
 Network openriak-kv-340-alpine-321-otp26-node-cluster_openriak  Creating
 Network openriak-kv-340-alpine-321-otp26-node-cluster_openriak  Created
 Container openriak-kv-3.4.0-alpine-3.21-otp26-node-2-t-080519z  Creating
 Container openriak-kv-3.4.0-alpine-3.21-otp26-node-1-t-080519z  Creating
 Container openriak-kv-3.4.0-alpine-3.21-otp26-node-4-t-080519z  Creating
 Container openriak-kv-3.4.0-alpine-3.21-otp26-node-3-t-080519z  Creating
 Container openriak-kv-3.4.0-alpine-3.21-otp26-node-5-t-080519z  Creating
 Container openriak-kv-3.4.0-alpine-3.21-otp26-node-2-t-080519z  Created
 Container openriak-kv-3.4.0-alpine-3.21-otp26-node-3-t-080519z  Created
 Container openriak-kv-3.4.0-alpine-3.21-otp26-node-1-t-080519z  Created
 Container openriak-kv-3.4.0-alpine-3.21-otp26-node-5-t-080519z  Created
 Container openriak-kv-3.4.0-alpine-3.21-otp26-node-4-t-080519z  Created
 Container openriak-kv-3.4.0-alpine-3.21-otp26-node-1-t-080519z  Starting
 Container openriak-kv-3.4.0-alpine-3.21-otp26-node-2-t-080519z  Starting
 Container openriak-kv-3.4.0-alpine-3.21-otp26-node-3-t-080519z  Starting
 Container openriak-kv-3.4.0-alpine-3.21-otp26-node-4-t-080519z  Starting
 Container openriak-kv-3.4.0-alpine-3.21-otp26-node-5-t-080519z  Starting
 Container openriak-kv-3.4.0-alpine-3.21-otp26-node-1-t-080519z  Started
 Container openriak-kv-3.4.0-alpine-3.21-otp26-node-3-t-080519z  Started
 Container openriak-kv-3.4.0-alpine-3.21-otp26-node-4-t-080519z  Started
 Container openriak-kv-3.4.0-alpine-3.21-otp26-node-5-t-080519z  Started
 Container openriak-kv-3.4.0-alpine-3.21-otp26-node-2-t-080519z  Started

timeout_seconds: 3600
exit_code: 0
