$ /usr/bin/docker compose --env-file /home/peter/openriak-builds/tmp/openriak-docker-3.4.0-alpine-3.21-otp26-hmeso109/.env.cluster --project-directory /home/peter/openriak-builds/tmp/openriak-docker-3.4.0-alpine-3.21-otp26-hmeso109 --file /home/peter/openriak-builds/tmp/openriak-docker-3.4.0-alpine-3.21-otp26-hmeso109/compose.cluster.test.yaml down --remove-orphans --timeout 120
started: 2026-09-11T11:33:14Z
 Container openriak-kv-3.4.0-alpine-3.21-otp26-node-3-t-080519z  Stopping
 Container openriak-kv-3.4.0-alpine-3.21-otp26-node-4-t-080519z  Stopping
 Container openriak-kv-3.4.0-alpine-3.21-otp26-node-1-t-080519z  Stopping
 Container openriak-kv-3.4.0-alpine-3.21-otp26-node-2-t-080519z  Stopping
 Container openriak-kv-3.4.0-alpine-3.21-otp26-node-5-t-080519z  Stopping
 Container openriak-kv-3.4.0-alpine-3.21-otp26-node-3-t-080519z  Stopped
 Container openriak-kv-3.4.0-alpine-3.21-otp26-node-3-t-080519z  Removing
 Container openriak-kv-3.4.0-alpine-3.21-otp26-node-1-t-080519z  Stopped
 Container openriak-kv-3.4.0-alpine-3.21-otp26-node-1-t-080519z  Removing
 Container openriak-kv-3.4.0-alpine-3.21-otp26-node-4-t-080519z  Stopped
 Container openriak-kv-3.4.0-alpine-3.21-otp26-node-4-t-080519z  Removing
 Container openriak-kv-3.4.0-alpine-3.21-otp26-node-5-t-080519z  Stopped
 Container openriak-kv-3.4.0-alpine-3.21-otp26-node-5-t-080519z  Removing
 Container openriak-kv-3.4.0-alpine-3.21-otp26-node-2-t-080519z  Stopped
 Container openriak-kv-3.4.0-alpine-3.21-otp26-node-2-t-080519z  Removing
 Container openriak-kv-3.4.0-alpine-3.21-otp26-node-5-t-080519z  Removed
 Container openriak-kv-3.4.0-alpine-3.21-otp26-node-1-t-080519z  Removed
 Container openriak-kv-3.4.0-alpine-3.21-otp26-node-2-t-080519z  Removed
 Container openriak-kv-3.4.0-alpine-3.21-otp26-node-4-t-080519z  Removed
 Container openriak-kv-3.4.0-alpine-3.21-otp26-node-3-t-080519z  Removed
 Network openriak-kv-340-alpine-321-otp26-node-cluster_openriak  Removing
 Network openriak-kv-340-alpine-321-otp26-node-cluster_openriak  Removed

timeout_seconds: 3600
exit_code: 0
