$ /usr/bin/docker buildx build --builder openriak-kv-multiarch --platform linux/amd64,linux/arm64 --pull=false --tag tiotjp/openriak-kv:3.4.0-amazon-linux-2023-otp26 --tag tiotjp/openriak-kv:3.4.0-amazon-linux-2023 --tag tiotjp/openriak-kv:3.4.0-amazon-linux --output type=oci,dest=/home/peter/openriak-builds/openriak-distributed/openriak-docker-2026-09-11-b/living-room-a/20260911T084617.243958Z/results/3.4.0/3.4.0-amazon-linux-2023-otp26/runs/20260911T115737.982010Z/image.oci.tar /home/peter/openriak-builds/openriak-distributed/openriak-docker-2026-09-11-b/living-room-a/20260911T084617.243958Z/results/3.4.0/3.4.0-amazon-linux-2023-otp26
started: 2026-09-11T12:44:47Z
#0 building with "openriak-kv-multiarch" instance using docker-container driver

#1 [internal] load build definition from Dockerfile
#1 transferring dockerfile: 47.80kB done
#1 DONE 0.0s

#2 resolve image config for docker-image://docker.io/docker/dockerfile:1.7
#2 DONE 1.0s

#3 docker-image://docker.io/docker/dockerfile:1.7@sha256:a57df69d0ea827fb7266491f2813635de6f17269be881f696fbfdf2d83dda33e
#3 resolve docker.io/docker/dockerfile:1.7@sha256:a57df69d0ea827fb7266491f2813635de6f17269be881f696fbfdf2d83dda33e 0.0s done
#3 CACHED

#4 [linux/arm64 internal] load metadata for docker.io/library/amazonlinux:2023@sha256:181f98c48832fe926f8ca3b6ffeafcce128e96e77b93d08fbe9a9bc9403ce284
#4 ...

#5 [linux/amd64 internal] load metadata for docker.io/library/amazonlinux:2023@sha256:181f98c48832fe926f8ca3b6ffeafcce128e96e77b93d08fbe9a9bc9403ce284
#5 DONE 0.6s

#4 [linux/arm64 internal] load metadata for docker.io/library/amazonlinux:2023@sha256:181f98c48832fe926f8ca3b6ffeafcce128e96e77b93d08fbe9a9bc9403ce284
#4 DONE 0.6s

#6 [internal] load .dockerignore
#6 transferring context: 42B done
#6 DONE 0.0s

#7 [linux/arm64 download-arm64 1/1] ADD --checksum=sha256:2b0213b22ca399b731e110540efac4d7be7dc0f3ed79ce2aa0b798af46fa2d0b https://files.tiot.jp/riak/kv/3.4/3.4.0/amazon/2023%20(graviton3)/riak-3.4.0.OTP26-1.amzn2023.aarch64.rpm /riak-3.4.0.OTP26-1.amzn2023.aarch64.rpm
#7 DONE 0.0s

#8 [internal] preparing inline document
#8 DONE 0.0s

#9 [linux/amd64 download-amd64 1/1] ADD --checksum=sha256:f13ba5fcebf67938fe8ab1563c895f734187cb9159c90d43624b56877b95e47b https://files.tiot.jp/riak/kv/3.4/3.4.0/amazon/2023%20(x86_64)/riak-3.4.0.OTP26-1.amzn2023.x86_64.rpm /riak-3.4.0.OTP26-1.amzn2023.x86_64.rpm
#9 DONE 0.0s

#10 [internal] preparing inline document
#10 DONE 0.0s

#11 [linux/arm64 package-arm64 1/2] FROM docker.io/library/amazonlinux:2023@sha256:181f98c48832fe926f8ca3b6ffeafcce128e96e77b93d08fbe9a9bc9403ce284
#11 resolve docker.io/library/amazonlinux:2023@sha256:181f98c48832fe926f8ca3b6ffeafcce128e96e77b93d08fbe9a9bc9403ce284 done
#11 DONE 0.0s

#12 [linux/arm64 final 3/4] COPY <<OPENRIAK_HEALTHCHECK /usr/local/bin/openriak-healthcheck
#12 CACHED

#13 [linux/arm64 final 1/4] RUN <<'OPENRIAK_IMAGE_SETUP' (set -eu...)
#13 CACHED

#14 [linux/arm64 download-arm64 1/1] ADD --checksum=sha256:2b0213b22ca399b731e110540efac4d7be7dc0f3ed79ce2aa0b798af46fa2d0b https://files.tiot.jp/riak/kv/3.4/3.4.0/amazon/2023%20(graviton3)/riak-3.4.0.OTP26-1.amzn2023.aarch64.rpm /riak-3.4.0.OTP26-1.amzn2023.aarch64.rpm
#14 CACHED

#15 [linux/arm64 package-arm64 2/2] RUN --mount=type=bind,from=download-arm64,target=/opt/openriak-package,ro <<'OPENRIAK_PACKAGE_INSTALL' (set -eu...)
#15 CACHED

#16 [linux/arm64 final 2/4] COPY <<OPENRIAK_ENTRYPOINT /usr/local/bin/openriak-entrypoint
#16 CACHED

#17 [linux/arm64 final 4/4] RUN <<'OPENRIAK_SCRIPT_SETUP' (set -eu...)
#17 CACHED

#18 [linux/amd64 package-amd64 1/2] FROM docker.io/library/amazonlinux:2023@sha256:181f98c48832fe926f8ca3b6ffeafcce128e96e77b93d08fbe9a9bc9403ce284
#18 resolve docker.io/library/amazonlinux:2023@sha256:181f98c48832fe926f8ca3b6ffeafcce128e96e77b93d08fbe9a9bc9403ce284 done
#18 DONE 0.0s

#19 [linux/amd64 final 3/4] COPY <<OPENRIAK_HEALTHCHECK /usr/local/bin/openriak-healthcheck
#19 CACHED

#20 [linux/amd64 package-amd64 2/2] RUN --mount=type=bind,from=download-amd64,target=/opt/openriak-package,ro <<'OPENRIAK_PACKAGE_INSTALL' (set -eu...)
#20 CACHED

#21 [linux/amd64 final 2/4] COPY <<OPENRIAK_ENTRYPOINT /usr/local/bin/openriak-entrypoint
#21 CACHED

#22 [linux/amd64 download-amd64 1/1] ADD --checksum=sha256:f13ba5fcebf67938fe8ab1563c895f734187cb9159c90d43624b56877b95e47b https://files.tiot.jp/riak/kv/3.4/3.4.0/amazon/2023%20(x86_64)/riak-3.4.0.OTP26-1.amzn2023.x86_64.rpm /riak-3.4.0.OTP26-1.amzn2023.x86_64.rpm
#22 CACHED

#23 [linux/amd64 final 1/4] RUN <<'OPENRIAK_IMAGE_SETUP' (set -eu...)
#23 CACHED

#24 [linux/amd64 final 4/4] RUN <<'OPENRIAK_SCRIPT_SETUP' (set -eu...)
#24 CACHED

#25 exporting to oci image format
#25 exporting layers done
#25 exporting manifest sha256:b0f6782c22790984f4a360a97f511948ec2cf28aa9884d43aac8cc88a3976f8d done
#25 exporting config sha256:ca8a29e5dac7899c90a854a2cc826db818d7b4656f732c90b5104ebb330c72da done
#25 exporting attestation manifest sha256:0b8b4af8a652a4e662f3bbd8974a5fb3b831437e03170ca598868397689d6122 done
#25 exporting manifest sha256:38cb985d83e63e3b74de996c5351ae9ee2876c1b6b3fd1caab560c5b1f57313c done
#25 exporting config sha256:ab52869e92bf83ba3f73542475ac3b041ecadb23e6fac8bd8749672f17645315
#25 exporting config sha256:ab52869e92bf83ba3f73542475ac3b041ecadb23e6fac8bd8749672f17645315 done
#25 exporting attestation manifest sha256:809c651dc357871647f1d7da4b264c21a7cdc473f6a0c2a93d6982f1004a70fe done
#25 exporting manifest list sha256:b9b3ccb93a2bc3e769ba7430588db636b8fdca66d78d2813936704a2b601e489 done
#25 sending tarball
#25 sending tarball 1.9s done
#25 DONE 1.9s

timeout_seconds: 3600
exit_code: 0
