$ /usr/bin/docker compose --env-file /tmp/openriak-docker-3.4.0-amazon-linux-2023-otp26-sq0xqufy/.env.cluster --project-directory /tmp/openriak-docker-3.4.0-amazon-linux-2023-otp26-sq0xqufy --file /tmp/openriak-docker-3.4.0-amazon-linux-2023-otp26-sq0xqufy/compose.cluster.test.yaml up --detach --no-build
started: 2026-09-11T08:52:21Z
 Network openriak-kv-340-amazon-linux-2023-otp26-node-cluster_openriak  Creating
 Network openriak-kv-340-amazon-linux-2023-otp26-node-cluster_openriak  Created
 Container openriak-kv-3.4.0-amazon-linux-2023-otp26-node-3-t-871905z  Creating
 Container openriak-kv-3.4.0-amazon-linux-2023-otp26-node-2-t-871905z  Creating
 Container openriak-kv-3.4.0-amazon-linux-2023-otp26-node-4-t-871905z  Creating
 Container openriak-kv-3.4.0-amazon-linux-2023-otp26-node-1-t-871905z  Creating
 Container openriak-kv-3.4.0-amazon-linux-2023-otp26-node-5-t-871905z  Creating
 Container openriak-kv-3.4.0-amazon-linux-2023-otp26-node-3-t-871905z  Created
 Container openriak-kv-3.4.0-amazon-linux-2023-otp26-node-4-t-871905z  Created
 Container openriak-kv-3.4.0-amazon-linux-2023-otp26-node-1-t-871905z  Created
 Container openriak-kv-3.4.0-amazon-linux-2023-otp26-node-2-t-871905z  Created
 Container openriak-kv-3.4.0-amazon-linux-2023-otp26-node-5-t-871905z  Created
 Container openriak-kv-3.4.0-amazon-linux-2023-otp26-node-5-t-871905z  Starting
 Container openriak-kv-3.4.0-amazon-linux-2023-otp26-node-3-t-871905z  Starting
 Container openriak-kv-3.4.0-amazon-linux-2023-otp26-node-2-t-871905z  Starting
 Container openriak-kv-3.4.0-amazon-linux-2023-otp26-node-4-t-871905z  Starting
 Container openriak-kv-3.4.0-amazon-linux-2023-otp26-node-1-t-871905z  Starting
 Container openriak-kv-3.4.0-amazon-linux-2023-otp26-node-2-t-871905z  Started
 Container openriak-kv-3.4.0-amazon-linux-2023-otp26-node-3-t-871905z  Started
 Container openriak-kv-3.4.0-amazon-linux-2023-otp26-node-5-t-871905z  Started
 Container openriak-kv-3.4.0-amazon-linux-2023-otp26-node-1-t-871905z  Started
 Container openriak-kv-3.4.0-amazon-linux-2023-otp26-node-4-t-871905z  Started

timeout_seconds: 3600
exit_code: 0
