$ /usr/bin/docker logs openriak-kv-3.4.0-amazon-linux-2023-otp26-node-t-871905z
started: 2026-09-11T08:52:20Z
2026-09-11T17:51:55+09:00 [openriak-entrypoint] configuration: timezone = Asia/Tokyo
usermod: no changes
2026-09-11T17:51:55+09:00 [openriak-entrypoint] configuration: riak UID/GID = 19001/19002
2026-09-11T17:51:55+09:00 [openriak-entrypoint] configuration: preparing mounted directories
2026-09-11T17:51:55+09:00 [openriak-entrypoint] configuration: using existing /etc/riak/riak.conf
2026-09-11T17:51:55+09:00 [openriak-entrypoint] configuration: current Docker IPv4 address = 172.19.0.2
2026-09-11T17:51:55+09:00 [openriak-entrypoint] configuration: preserving distributed cookie from existing riak.conf
2026-09-11T17:51:55+09:00 [openriak-entrypoint] configuration: preserving nodename from existing riak.conf
2026-09-11T17:51:55+09:00 [openriak-entrypoint] configuration: effective distributed cookie = openriak-fbdb14d922207e63c8e2956d4cc5e807
2026-09-11T17:51:55+09:00 [openriak-entrypoint] configuration: preserving ring_size from existing riak.conf
2026-09-11T17:51:55+09:00 [openriak-entrypoint] configuration: preserving storage_backend from existing riak.conf
2026-09-11T17:51:55+09:00 [openriak-entrypoint] configuration: preserving anti_entropy from existing riak.conf
2026-09-11T17:51:55+09:00 [openriak-entrypoint] configuration: preserving tictacaae_active from existing riak.conf
2026-09-11T17:51:55+09:00 [openriak-entrypoint] configuration: preserving tictacaae_storeheads from existing riak.conf
2026-09-11T17:51:55+09:00 [openriak-entrypoint] configuration: preserving listener.http.internal from existing riak.conf
2026-09-11T17:51:55+09:00 [openriak-entrypoint] configuration: preserving listener.protobuf.internal from existing riak.conf
2026-09-11T17:51:55+09:00 [openriak-entrypoint] configuration: preserving logger.max_file_size from existing riak.conf
2026-09-11T17:51:55+09:00 [openriak-entrypoint] configuration: preserving logger.max_files from existing riak.conf
2026-09-11T17:51:55+09:00 [openriak-entrypoint] startup: validating configuration and generating VM arguments
2026-09-11T17:51:57+09:00 [openriak-entrypoint] startup: configuration is valid (config is OK -config /var/lib/riak/generated.conf/app.2026.09.11.17.51.55.config -args_file /var/lib/riak/generated.conf/vm.2026.09.11.17.51.55.args -vm_args /var/lib/riak/generated.conf/vm.2026.09.11.17.51.55.args)
2026-09-11T17:51:57+09:00 [openriak-entrypoint] startup: starting OpenRiak as a daemon
2026-09-11T17:52:02+09:00 [openriak-entrypoint] startup: daemon command completed
2026-09-11T17:52:02+09:00 [openriak-entrypoint] startup: waiting for BEAM and riak ping
2026-09-11T17:52:02+09:00 [openriak-entrypoint] startup: BEAM is running and riak ping returned pong
2026-09-11T17:52:02+09:00 [openriak-entrypoint] startup: waiting for the riak_kv service
2026-09-11T17:52:02+09:00 [openriak-entrypoint] startup: waiting for riak_kv (attempt 1, services=[])
2026-09-11T17:52:04+09:00 [openriak-entrypoint] startup: waiting for riak_kv (attempt 2, services=[])
2026-09-11T17:52:06+09:00 [openriak-entrypoint] startup: waiting for riak_kv (attempt 3, services=[])
2026-09-11T17:52:07+09:00 [openriak-entrypoint] startup: waiting for riak_kv (attempt 4, services=[])
2026-09-11T17:52:09+09:00 [openriak-entrypoint] startup: waiting for riak_kv (attempt 5, services=[])
2026-09-11T17:52:11+09:00 [openriak-entrypoint] startup: riak_kv service is up ([riak_kv,riak_pipe,riak_repl])
2026-09-11T17:52:11+09:00 [openriak-entrypoint] startup: waiting for Riak transfers to complete
2026-09-11T17:52:11+09:00 [openriak-entrypoint] startup: transfers complete (No transfers active Active Transfers: ok)
2026-09-11T17:52:11+09:00 [openriak-entrypoint] startup: OpenRiak is ready
2026-09-11T17:52:11+09:00 [openriak-entrypoint] monitor: sleeping for 1s
2026-09-11T17:52:12+09:00 [openriak-entrypoint] monitor: BEAM is running and riak ping returned pong
2026-09-11T17:52:13+09:00 [openriak-entrypoint] monitor: sleeping for 1s
2026-09-11T17:52:14+09:00 [openriak-entrypoint] monitor: BEAM is running and riak ping returned pong
2026-09-11T17:52:14+09:00 [openriak-entrypoint] monitor: sleeping for 1s
2026-09-11T17:52:15+09:00 [openriak-entrypoint] monitor: BEAM is running and riak ping returned pong
2026-09-11T17:52:15+09:00 [openriak-entrypoint] monitor: sleeping for 1s
2026-09-11T17:52:16+09:00 [openriak-entrypoint] shutdown: received SIGTERM
2026-09-11T17:52:16+09:00 [openriak-entrypoint] shutdown: requesting OpenRiak stop
2026-09-11T17:52:20+09:00 [openriak-entrypoint] shutdown: OpenRiak accepted the stop request
2026-09-11T17:52:20+09:00 [openriak-entrypoint] shutdown: BEAM stopped; container is exiting

timeout_seconds: 3600
exit_code: 0
