$ /usr/bin/docker buildx build --builder openriak-kv-multiarch --load --platform linux/amd64 --pull=false --no-cache --tag tiotjp/openriak-kv:test-3.4.0-amazon-linux-2023-otp26-linux-amd64-20260911t085118.871905z --file /home/peter/openriak-builds/openriak-distributed/openriak-docker-2026-09-11-b/living-room-a/20260911T084617.243958Z/results/3.4.0/3.4.0-amazon-linux-2023-otp26/platforms/linux-amd64/runs/20260911T085118.871905Z/Dockerfile /home/peter/openriak-builds/openriak-distributed/openriak-docker-2026-09-11-b/living-room-a/20260911T084617.243958Z/results/3.4.0/3.4.0-amazon-linux-2023-otp26/platforms/linux-amd64/runs/20260911T085118.871905Z
started: 2026-09-11T08:51:19Z
#0 building with "openriak-kv-multiarch" instance using docker-container driver

#1 [internal] load build definition from Dockerfile
#1 transferring dockerfile: 47.80kB done
#1 DONE 0.0s

#2 resolve image config for docker-image://docker.io/docker/dockerfile:1.7
#2 DONE 0.5s

#3 docker-image://docker.io/docker/dockerfile:1.7@sha256:a57df69d0ea827fb7266491f2813635de6f17269be881f696fbfdf2d83dda33e
#3 resolve docker.io/docker/dockerfile:1.7@sha256:a57df69d0ea827fb7266491f2813635de6f17269be881f696fbfdf2d83dda33e done
#3 CACHED

#4 [internal] load metadata for docker.io/library/amazonlinux:2023@sha256:181f98c48832fe926f8ca3b6ffeafcce128e96e77b93d08fbe9a9bc9403ce284
#4 DONE 1.3s

#5 [internal] load .dockerignore
#5 transferring context: 2B done
#5 DONE 0.0s

#6 [internal] preparing inline document
#6 CACHED

#7 [internal] preparing inline document
#7 CACHED

#8 [package-amd64 1/2] FROM docker.io/library/amazonlinux:2023@sha256:181f98c48832fe926f8ca3b6ffeafcce128e96e77b93d08fbe9a9bc9403ce284
#8 resolve docker.io/library/amazonlinux:2023@sha256:181f98c48832fe926f8ca3b6ffeafcce128e96e77b93d08fbe9a9bc9403ce284 done
#8 sha256:f206cad061713321049e1fe0c85223e018266fd8bccebf3156ef94c125bbd2e0 0B / 54.58MB 0.2s
#8 sha256:f206cad061713321049e1fe0c85223e018266fd8bccebf3156ef94c125bbd2e0 9.44MB / 54.58MB 0.3s
#8 sha256:f206cad061713321049e1fe0c85223e018266fd8bccebf3156ef94c125bbd2e0 19.92MB / 54.58MB 0.5s
#8 sha256:f206cad061713321049e1fe0c85223e018266fd8bccebf3156ef94c125bbd2e0 30.41MB / 54.58MB 0.6s
#8 ...

#9 [download-amd64 1/1] ADD --checksum=sha256:f13ba5fcebf67938fe8ab1563c895f734187cb9159c90d43624b56877b95e47b https://files.tiot.jp/riak/kv/3.4/3.4.0/amazon/2023%20(x86_64)/riak-3.4.0.OTP26-1.amzn2023.x86_64.rpm /riak-3.4.0.OTP26-1.amzn2023.x86_64.rpm
#9 DONE 0.7s

#8 [package-amd64 1/2] FROM docker.io/library/amazonlinux:2023@sha256:181f98c48832fe926f8ca3b6ffeafcce128e96e77b93d08fbe9a9bc9403ce284
#8 sha256:f206cad061713321049e1fe0c85223e018266fd8bccebf3156ef94c125bbd2e0 45.09MB / 54.58MB 0.8s
#8 ...

#10 [download-amd64 1/1] ADD --checksum=sha256:f13ba5fcebf67938fe8ab1563c895f734187cb9159c90d43624b56877b95e47b https://files.tiot.jp/riak/kv/3.4/3.4.0/amazon/2023%20(x86_64)/riak-3.4.0.OTP26-1.amzn2023.x86_64.rpm /riak-3.4.0.OTP26-1.amzn2023.x86_64.rpm
#10 DONE 0.0s

#8 [package-amd64 1/2] FROM docker.io/library/amazonlinux:2023@sha256:181f98c48832fe926f8ca3b6ffeafcce128e96e77b93d08fbe9a9bc9403ce284
#8 sha256:f206cad061713321049e1fe0c85223e018266fd8bccebf3156ef94c125bbd2e0 54.58MB / 54.58MB 0.9s done
#8 extracting sha256:f206cad061713321049e1fe0c85223e018266fd8bccebf3156ef94c125bbd2e0
#8 extracting sha256:f206cad061713321049e1fe0c85223e018266fd8bccebf3156ef94c125bbd2e0 1.6s done
#8 DONE 2.5s

#11 [package-amd64 2/2] RUN --mount=type=bind,from=download-amd64,target=/opt/openriak-package,ro <<'OPENRIAK_PACKAGE_INSTALL' (set -eu...)
#11 1.519 Amazon Linux 2023 repository                     62 MB/s |  78 MB     00:01    
#11 17.36 Last metadata expiration check: 0:00:17 ago on Fri Sep 11 08:51:24 2026.
#11 18.80 Dependencies resolved.
#11 18.84 ======================================================================================
#11 18.84  Package                        Arch    Version                     Repository    Size
#11 18.84 ======================================================================================
#11 18.84 Upgrading:
#11 18.84  amazon-linux-repo-cdn          noarch  2023.12.20260909-0.amzn2023 amazonlinux   13 k
#11 18.84  openssl-fips-provider-latest   x86_64  1:3.5.7-2.amzn2023.0.2      amazonlinux  836 k
#11 18.84  openssl-libs                   x86_64  1:3.5.7-2.amzn2023.0.2      amazonlinux  2.3 M
#11 18.84  python3-pip-wheel              noarch  21.3.1-2.amzn2023.0.21      amazonlinux  1.1 M
#11 18.84  system-release                 noarch  2023.12.20260909-0.amzn2023 amazonlinux   24 k
#11 18.84 Installing weak dependencies:
#11 18.84  libxcrypt-compat               x86_64  4.4.33-7.amzn2023           amazonlinux   92 k
#11 18.84 
#11 18.84 Transaction Summary
#11 18.84 ======================================================================================
#11 18.84 Install  1 Package
#11 18.84 Upgrade  5 Packages
#11 18.84 
#11 18.84 Total download size: 4.4 M
#11 18.84 Downloading Packages:
#11 19.25 (1/6): amazon-linux-repo-cdn-2023.12.20260909-0 282 kB/s |  13 kB     00:00    
#11 19.26 (2/6): libxcrypt-compat-4.4.33-7.amzn2023.x86_6 1.7 MB/s |  92 kB     00:00    
#11 19.28 (3/6): openssl-fips-provider-latest-3.5.7-2.amz  11 MB/s | 836 kB     00:00    
#11 19.30 (4/6): openssl-libs-3.5.7-2.amzn2023.0.2.x86_64  46 MB/s | 2.3 MB     00:00    
#11 19.31 (5/6): python3-pip-wheel-21.3.1-2.amzn2023.0.21  23 MB/s | 1.1 MB     00:00    
#11 19.31 (6/6): system-release-2023.12.20260909-0.amzn20 811 kB/s |  24 kB     00:00    
#11 19.31 --------------------------------------------------------------------------------
#11 19.31 Total                                           9.4 MB/s | 4.4 MB     00:00     
#11 19.42 Running transaction check
#11 19.44 Transaction check succeeded.
#11 19.44 Running transaction test
#11 19.49 Transaction test succeeded.
#11 19.49 Running transaction
#11 19.56   Preparing        :                                                        1/1 
#11 19.62   Upgrading        : openssl-libs-1:3.5.7-2.amzn2023.0.2.x86_64            1/11 
#11 19.64   Upgrading        : openssl-fips-provider-latest-1:3.5.7-2.amzn2023.0.    2/11 
#11 19.66   Upgrading        : system-release-2023.12.20260909-0.amzn2023.noarch     3/11 
#11 19.66   Upgrading        : amazon-linux-repo-cdn-2023.12.20260909-0.amzn2023.    4/11 
#11 19.67   Installing       : libxcrypt-compat-4.4.33-7.amzn2023.x86_64             5/11 
#11 19.68   Upgrading        : python3-pip-wheel-21.3.1-2.amzn2023.0.21.noarch       6/11 
#11 19.68   Cleanup          : amazon-linux-repo-cdn-2023.12.20260817-0.amzn2023.    7/11 
#11 19.68   Cleanup          : openssl-fips-provider-latest-1:3.5.7-2.amzn2023.0.    8/11 
#11 19.68   Cleanup          : system-release-2023.12.20260817-0.amzn2023.noarch     9/11 
#11 19.69   Cleanup          : python3-pip-wheel-21.3.1-2.amzn2023.0.20.noarch      10/11 
#11 19.69   Cleanup          : openssl-libs-1:3.5.7-2.amzn2023.0.1.x86_64           11/11 
#11 19.70   Running scriptlet: openssl-libs-1:3.5.7-2.amzn2023.0.1.x86_64           11/11 
#11 19.92   Verifying        : libxcrypt-compat-4.4.33-7.amzn2023.x86_64             1/11 
#11 19.92   Verifying        : amazon-linux-repo-cdn-2023.12.20260909-0.amzn2023.    2/11 
#11 19.92   Verifying        : amazon-linux-repo-cdn-2023.12.20260817-0.amzn2023.    3/11 
#11 19.92   Verifying        : openssl-fips-provider-latest-1:3.5.7-2.amzn2023.0.    4/11 
#11 19.92   Verifying        : openssl-fips-provider-latest-1:3.5.7-2.amzn2023.0.    5/11 
#11 19.92   Verifying        : openssl-libs-1:3.5.7-2.amzn2023.0.2.x86_64            6/11 
#11 19.92   Verifying        : openssl-libs-1:3.5.7-2.amzn2023.0.1.x86_64            7/11 
#11 19.92   Verifying        : python3-pip-wheel-21.3.1-2.amzn2023.0.21.noarch       8/11 
#11 19.92   Verifying        : python3-pip-wheel-21.3.1-2.amzn2023.0.20.noarch       9/11 
#11 19.92   Verifying        : system-release-2023.12.20260909-0.amzn2023.noarch    10/11 
#11 19.92   Verifying        : system-release-2023.12.20260817-0.amzn2023.noarch    11/11 
#11 20.02 
#11 20.02 Upgraded:
#11 20.02   amazon-linux-repo-cdn-2023.12.20260909-0.amzn2023.noarch                      
#11 20.02   openssl-fips-provider-latest-1:3.5.7-2.amzn2023.0.2.x86_64                    
#11 20.02   openssl-libs-1:3.5.7-2.amzn2023.0.2.x86_64                                    
#11 20.02   python3-pip-wheel-21.3.1-2.amzn2023.0.21.noarch                               
#11 20.02   system-release-2023.12.20260909-0.amzn2023.noarch                             
#11 20.02 Installed:
#11 20.02   libxcrypt-compat-4.4.33-7.amzn2023.x86_64                                     
#11 20.02 
#11 20.02 Complete!
#11 20.36 Last metadata expiration check: 0:00:20 ago on Fri Sep 11 08:51:24 2026.
#11 20.40 Package bash-5.2.15-1.amzn2023.0.2.x86_64 is already installed.
#11 20.40 Package ca-certificates-2025.2.76-1.0.amzn2023.0.3.noarch is already installed.
#11 20.41 Package glibc-2.34-231.amzn2023.0.5.x86_64 is already installed.
#11 20.41 Package libgcc-14.2.1-7.amzn2023.0.2.x86_64 is already installed.
#11 20.41 Package libstdc++-14.2.1-7.amzn2023.0.2.x86_64 is already installed.
#11 20.41 Package ncurses-libs-6.6-1.amzn2023.0.1.x86_64 is already installed.
#11 20.42 Package openssl-libs-1:3.5.7-2.amzn2023.0.2.x86_64 is already installed.
#11 20.42 Package zlib-1.2.11-33.amzn2023.0.6.x86_64 is already installed.
#11 20.42 Package tzdata-2026c-1.amzn2023.0.1.noarch is already installed.
#11 20.50 Dependencies resolved.
#11 20.56 ================================================================================
#11 20.56  Package               Arch     Version                     Repository     Size
#11 20.56 ================================================================================
#11 20.56 Installing:
#11 20.56  hostname              x86_64   3.23-4.amzn2023.0.3         amazonlinux    28 k
#11 20.56  pam                   x86_64   1.5.1-8.amzn2023.0.8        amazonlinux   550 k
#11 20.56  procps-ng             x86_64   3.3.17-1.amzn2023.0.2       amazonlinux   331 k
#11 20.56  shadow-utils          x86_64   2:4.9-12.amzn2023.0.4       amazonlinux   1.1 M
#11 20.56  sudo                  x86_64   1.9.15-1.p5.amzn2023.0.3    amazonlinux   1.3 M
#11 20.56  util-linux            x86_64   2.37.4-1.amzn2023.0.6       amazonlinux   2.2 M
#11 20.56 Installing dependencies:
#11 20.56  cracklib              x86_64   2.9.6-27.amzn2023.0.2       amazonlinux    82 k
#11 20.56  cyrus-sasl-lib        x86_64   2.1.27-18.amzn2023.0.3      amazonlinux   786 k
#11 20.56  gzip                  x86_64   1.12-1.amzn2023.0.1         amazonlinux   160 k
#11 20.56  libdb                 x86_64   5.3.28-49.amzn2023.0.2      amazonlinux   756 k
#11 20.56  libeconf              x86_64   0.7.9-1.amzn2023.0.1        amazonlinux    36 k
#11 20.56  libfdisk              x86_64   2.37.4-1.amzn2023.0.6       amazonlinux   152 k
#11 20.56  libpwquality          x86_64   1.4.4-6.amzn2023.0.2        amazonlinux   106 k
#11 20.56  libsemanage           x86_64   3.4-5.amzn2023.0.2          amazonlinux   121 k
#11 20.56  libutempter           x86_64   1.2.1-4.amzn2023.0.2        amazonlinux    26 k
#11 20.56  nano                  x86_64   8.3-1.amzn2023              amazonlinux   706 k
#11 20.56  openldap              x86_64   2.4.57-6.amzn2023.0.7       amazonlinux   256 k
#11 20.56  systemd-libs          x86_64   252.23-12.amzn2023          amazonlinux   614 k
#11 20.56  util-linux-core       x86_64   2.37.4-1.amzn2023.0.6       amazonlinux   436 k
#11 20.56 Installing weak dependencies:
#11 20.56  nano-default-editor   noarch   8.3-1.amzn2023              amazonlinux    10 k
#11 20.56  sudo-python-plugin    x86_64   1.9.15-1.p5.amzn2023.0.3    amazonlinux    54 k
#11 20.56 
#11 20.56 Transaction Summary
#11 20.56 ================================================================================
#11 20.56 Install  21 Packages
#11 20.56 
#11 20.56 Total download size: 9.7 M
#11 20.56 Installed size: 35 M
#11 20.56 Downloading Packages:
#11 20.82 (1/21): cracklib-2.9.6-27.amzn2023.0.2.x86_64.r 1.6 MB/s |  82 kB     00:00    
#11 20.83 (2/21): gzip-1.12-1.amzn2023.0.1.x86_64.rpm     2.7 MB/s | 160 kB     00:00    
#11 20.83 (3/21): hostname-3.23-4.amzn2023.0.3.x86_64.rpm 2.4 MB/s |  28 kB     00:00    
#11 20.84 (4/21): cyrus-sasl-lib-2.1.27-18.amzn2023.0.3.x  11 MB/s | 786 kB     00:00    
#11 20.84 (5/21): libeconf-0.7.9-1.amzn2023.0.1.x86_64.rp 3.8 MB/s |  36 kB     00:00    
#11 20.86 (6/21): libdb-5.3.28-49.amzn2023.0.2.x86_64.rpm  27 MB/s | 756 kB     00:00    
#11 20.86 (7/21): libfdisk-2.37.4-1.amzn2023.0.6.x86_64.r 6.4 MB/s | 152 kB     00:00    
#11 20.87 (8/21): libpwquality-1.4.4-6.amzn2023.0.2.x86_6 4.8 MB/s | 106 kB     00:00    
#11 20.87 (9/21): libsemanage-3.4-5.amzn2023.0.2.x86_64.r 8.6 MB/s | 121 kB     00:00    
#11 20.87 (10/21): libutempter-1.2.1-4.amzn2023.0.2.x86_6 2.5 MB/s |  26 kB     00:00    
#11 20.89 (11/21): nano-8.3-1.amzn2023.x86_64.rpm          31 MB/s | 706 kB     00:00    
#11 20.89 (12/21): nano-default-editor-8.3-1.amzn2023.noa 631 kB/s |  10 kB     00:00    
#11 20.90 (13/21): openldap-2.4.57-6.amzn2023.0.7.x86_64.  12 MB/s | 256 kB     00:00    
#11 20.91 (14/21): procps-ng-3.3.17-1.amzn2023.0.2.x86_64  18 MB/s | 331 kB     00:00    
#11 20.92 (15/21): pam-1.5.1-8.amzn2023.0.8.x86_64.rpm     19 MB/s | 550 kB     00:00    
#11 20.93 (16/21): shadow-utils-4.9-12.amzn2023.0.4.x86_6  32 MB/s | 1.1 MB     00:00    
#11 20.94 (17/21): sudo-python-plugin-1.9.15-1.p5.amzn202 3.5 MB/s |  54 kB     00:00    
#11 20.95 (18/21): sudo-1.9.15-1.p5.amzn2023.0.3.x86_64.r  34 MB/s | 1.3 MB     00:00    
#11 20.96 (19/21): systemd-libs-252.23-12.amzn2023.x86_64  23 MB/s | 614 kB     00:00    
#11 20.99 (20/21): util-linux-2.37.4-1.amzn2023.0.6.x86_6  41 MB/s | 2.2 MB     00:00    
#11 20.99 (21/21): util-linux-core-2.37.4-1.amzn2023.0.6. 9.6 MB/s | 436 kB     00:00    
#11 20.99 --------------------------------------------------------------------------------
#11 20.99 Total                                            22 MB/s | 9.7 MB     00:00     
#11 21.30 Running transaction check
#11 21.33 Transaction check succeeded.
#11 21.33 Running transaction test
#11 21.44 Transaction test succeeded.
#11 21.44 Running transaction
#11 21.58   Preparing        :                                                        1/1 
#11 21.61   Installing       : systemd-libs-252.23-12.amzn2023.x86_64                1/21 
#11 21.64   Installing       : util-linux-core-2.37.4-1.amzn2023.0.6.x86_64          2/21 
#11 21.65   Running scriptlet: util-linux-core-2.37.4-1.amzn2023.0.6.x86_64          2/21 
#11 21.73   Installing       : nano-8.3-1.amzn2023.x86_64                            3/21 
#11 21.73   Installing       : nano-default-editor-8.3-1.amzn2023.noarch             4/21 
#11 21.74   Installing       : libsemanage-3.4-5.amzn2023.0.2.x86_64                 5/21 
#11 21.82   Installing       : shadow-utils-2:4.9-12.amzn2023.0.4.x86_64             6/21 
#11 21.82   Running scriptlet: libutempter-1.2.1-4.amzn2023.0.2.x86_64               7/21 
#11 21.85   Installing       : libutempter-1.2.1-4.amzn2023.0.2.x86_64               7/21 
#11 21.85   Installing       : libfdisk-2.37.4-1.amzn2023.0.6.x86_64                 8/21 
#11 21.86   Installing       : libeconf-0.7.9-1.amzn2023.0.1.x86_64                  9/21 
#11 21.87   Installing       : libdb-5.3.28-49.amzn2023.0.2.x86_64                  10/21 
#11 21.88   Installing       : gzip-1.12-1.amzn2023.0.1.x86_64                      11/21 
#11 21.91   Installing       : cracklib-2.9.6-27.amzn2023.0.2.x86_64                12/21 
#11 22.00   Installing       : pam-1.5.1-8.amzn2023.0.8.x86_64                      13/21 
#11 22.02   Installing       : libpwquality-1.4.4-6.amzn2023.0.2.x86_64             14/21 
#11 22.04   Installing       : cyrus-sasl-lib-2.1.27-18.amzn2023.0.3.x86_64         15/21 
#11 22.05   Installing       : openldap-2.4.57-6.amzn2023.0.7.x86_64                16/21 
#11 22.05   Installing       : sudo-python-plugin-1.9.15-1.p5.amzn2023.0.3.x86_64   17/21 
#11 22.10   Installing       : sudo-1.9.15-1.p5.amzn2023.0.3.x86_64                 18/21 
#11 22.22   Installing       : util-linux-2.37.4-1.amzn2023.0.6.x86_64              19/21 
#11 22.22 warning: /etc/adjtime created as /etc/adjtime.rpmnew
#11 22.22 
#11 22.22   Running scriptlet: util-linux-2.37.4-1.amzn2023.0.6.x86_64              19/21 
#11 22.25   Installing       : procps-ng-3.3.17-1.amzn2023.0.2.x86_64               20/21 
#11 22.26   Installing       : hostname-3.23-4.amzn2023.0.3.x86_64                  21/21 
#11 22.26   Running scriptlet: hostname-3.23-4.amzn2023.0.3.x86_64                  21/21 
#11 22.27   Running scriptlet: pam-1.5.1-8.amzn2023.0.8.x86_64                      21/21 
#11 22.28   Running scriptlet: hostname-3.23-4.amzn2023.0.3.x86_64                  21/21 
#11 22.33   Verifying        : cracklib-2.9.6-27.amzn2023.0.2.x86_64                 1/21 
#11 22.33   Verifying        : cyrus-sasl-lib-2.1.27-18.amzn2023.0.3.x86_64          2/21 
#11 22.33   Verifying        : gzip-1.12-1.amzn2023.0.1.x86_64                       3/21 
#11 22.33   Verifying        : hostname-3.23-4.amzn2023.0.3.x86_64                   4/21 
#11 22.33   Verifying        : libdb-5.3.28-49.amzn2023.0.2.x86_64                   5/21 
#11 22.33   Verifying        : libeconf-0.7.9-1.amzn2023.0.1.x86_64                  6/21 
#11 22.34   Verifying        : libfdisk-2.37.4-1.amzn2023.0.6.x86_64                 7/21 
#11 22.34   Verifying        : libpwquality-1.4.4-6.amzn2023.0.2.x86_64              8/21 
#11 22.34   Verifying        : libsemanage-3.4-5.amzn2023.0.2.x86_64                 9/21 
#11 22.34   Verifying        : libutempter-1.2.1-4.amzn2023.0.2.x86_64              10/21 
#11 22.34   Verifying        : nano-8.3-1.amzn2023.x86_64                           11/21 
#11 22.34   Verifying        : nano-default-editor-8.3-1.amzn2023.noarch            12/21 
#11 22.34   Verifying        : openldap-2.4.57-6.amzn2023.0.7.x86_64                13/21 
#11 22.34   Verifying        : pam-1.5.1-8.amzn2023.0.8.x86_64                      14/21 
#11 22.34   Verifying        : procps-ng-3.3.17-1.amzn2023.0.2.x86_64               15/21 
#11 22.34   Verifying        : shadow-utils-2:4.9-12.amzn2023.0.4.x86_64            16/21 
#11 22.34   Verifying        : sudo-1.9.15-1.p5.amzn2023.0.3.x86_64                 17/21 
#11 22.34   Verifying        : sudo-python-plugin-1.9.15-1.p5.amzn2023.0.3.x86_64   18/21 
#11 22.34   Verifying        : systemd-libs-252.23-12.amzn2023.x86_64               19/21 
#11 22.34   Verifying        : util-linux-2.37.4-1.amzn2023.0.6.x86_64              20/21 
#11 22.34   Verifying        : util-linux-core-2.37.4-1.amzn2023.0.6.x86_64         21/21 
#11 22.44 
#11 22.44 Installed:
#11 22.44   cracklib-2.9.6-27.amzn2023.0.2.x86_64                                         
#11 22.44   cyrus-sasl-lib-2.1.27-18.amzn2023.0.3.x86_64                                  
#11 22.44   gzip-1.12-1.amzn2023.0.1.x86_64                                               
#11 22.44   hostname-3.23-4.amzn2023.0.3.x86_64                                           
#11 22.44   libdb-5.3.28-49.amzn2023.0.2.x86_64                                           
#11 22.44   libeconf-0.7.9-1.amzn2023.0.1.x86_64                                          
#11 22.44   libfdisk-2.37.4-1.amzn2023.0.6.x86_64                                         
#11 22.44   libpwquality-1.4.4-6.amzn2023.0.2.x86_64                                      
#11 22.44   libsemanage-3.4-5.amzn2023.0.2.x86_64                                         
#11 22.44   libutempter-1.2.1-4.amzn2023.0.2.x86_64                                       
#11 22.44   nano-8.3-1.amzn2023.x86_64                                                    
#11 22.44   nano-default-editor-8.3-1.amzn2023.noarch                                     
#11 22.44   openldap-2.4.57-6.amzn2023.0.7.x86_64                                         
#11 22.44   pam-1.5.1-8.amzn2023.0.8.x86_64                                               
#11 22.44   procps-ng-3.3.17-1.amzn2023.0.2.x86_64                                        
#11 22.44   shadow-utils-2:4.9-12.amzn2023.0.4.x86_64                                     
#11 22.44   sudo-1.9.15-1.p5.amzn2023.0.3.x86_64                                          
#11 22.44   sudo-python-plugin-1.9.15-1.p5.amzn2023.0.3.x86_64                            
#11 22.44   systemd-libs-252.23-12.amzn2023.x86_64                                        
#11 22.44   util-linux-2.37.4-1.amzn2023.0.6.x86_64                                       
#11 22.44   util-linux-core-2.37.4-1.amzn2023.0.6.x86_64                                  
#11 22.44 
#11 22.44 Complete!
#11 22.64 9 files removed
#11 22.67 Verifying...                          ########################################
#11 22.85 Preparing...                          ########################################
#11 22.91 Updating / installing...
#11 22.91 riak-3.4.0.OTP26-1.amzn2023           ########################################
#11 DONE 23.5s

#12 [final 1/4] RUN <<'OPENRIAK_IMAGE_SETUP' (set -eu...)
#12 0.095 uid=999(riak) gid=999(riak) groups=999(riak)
#12 DONE 0.1s

#13 [final 2/4] COPY <<OPENRIAK_ENTRYPOINT /usr/local/bin/openriak-entrypoint
#13 DONE 0.0s

#14 [final 3/4] COPY <<OPENRIAK_HEALTHCHECK /usr/local/bin/openriak-healthcheck
#14 DONE 0.0s

#15 [final 4/4] RUN <<'OPENRIAK_SCRIPT_SETUP' (set -eu...)
#15 DONE 0.1s

#16 exporting to docker image format
#16 exporting layers
#16 exporting layers 4.1s done
#16 exporting manifest sha256:b0f6782c22790984f4a360a97f511948ec2cf28aa9884d43aac8cc88a3976f8d done
#16 exporting config sha256:ca8a29e5dac7899c90a854a2cc826db818d7b4656f732c90b5104ebb330c72da done
#16 sending tarball
#16 ...

#17 importing to docker
#17 loading layer 802d4c821d92 557.06kB / 55.65MB
#17 loading layer 1983652429c6 23.58kB / 23.58kB
#17 loading layer 802d4c821d92 557.06kB / 55.65MB 1.2s done
#17 loading layer 1983652429c6 23.58kB / 23.58kB 0.0s done
#17 loading layer d66d31d575e8 7.70kB / 7.70kB 0.0s done
#17 loading layer 33b54c7e8016 389B / 389B 0.0s done
#17 loading layer 28a1ee575c54 7.87kB / 7.87kB 0.0s done
#17 DONE 1.2s

#16 exporting to docker image format
#16 sending tarball 2.2s done
#16 DONE 6.3s

timeout_seconds: 3600
exit_code: 0
