$ /usr/bin/docker buildx build --builder openriak-kv-multiarch --load --platform linux/amd64 --pull=false --no-cache --tag tiotjp/openriak-kv:test-3.4.1-alpine-3.21-otp24-linux-amd64-20260911t090119.416838z --file /home/peter/openriak-builds/openriak-distributed/openriak-docker-2026-09-11-b/living-room-a/20260911T084617.243958Z/results/3.4.1/3.4.1-alpine-3.21-otp24/platforms/linux-amd64/runs/20260911T090119.416838Z/Dockerfile /home/peter/openriak-builds/openriak-distributed/openriak-docker-2026-09-11-b/living-room-a/20260911T084617.243958Z/results/3.4.1/3.4.1-alpine-3.21-otp24/platforms/linux-amd64/runs/20260911T090119.416838Z
started: 2026-09-11T09:01:19Z
#0 building with "openriak-kv-multiarch" instance using docker-container driver

#1 [internal] load build definition from Dockerfile
#1 transferring dockerfile: 42.78kB done
#1 DONE 0.0s

#2 resolve image config for docker-image://docker.io/docker/dockerfile:1.7
#2 DONE 0.8s

#3 docker-image://docker.io/docker/dockerfile:1.7@sha256:a57df69d0ea827fb7266491f2813635de6f17269be881f696fbfdf2d83dda33e
#3 resolve docker.io/docker/dockerfile:1.7@sha256:a57df69d0ea827fb7266491f2813635de6f17269be881f696fbfdf2d83dda33e done
#3 CACHED

#4 [internal] load metadata for docker.io/library/alpine:3.21@sha256:48b0309ca019d89d40f670aa1bc06e426dc0931948452e8491e3d65087abc07d
#4 DONE 0.0s

#5 [internal] load .dockerignore
#5 transferring context: 2B done
#5 DONE 0.0s

#6 [internal] preparing inline document
#6 CACHED

#7 [internal] preparing inline document
#7 CACHED

#8 [package-amd64 1/2] FROM docker.io/library/alpine:3.21@sha256:48b0309ca019d89d40f670aa1bc06e426dc0931948452e8491e3d65087abc07d
#8 resolve docker.io/library/alpine:3.21@sha256:48b0309ca019d89d40f670aa1bc06e426dc0931948452e8491e3d65087abc07d done
#8 CACHED

#9 [download-amd64 1/1] ADD --checksum=sha256:0a9c2066edcc52bbba2e7f31fa5c10e4af105205d96782c74ed72b509de77ead https://files.tiot.jp/alpine/v3.21/main/x86_64/riak-3.4.1.24-r1.apk /riak-3.4.1.24-r1.apk
#9 DONE 0.9s

#10 [download-amd64 1/1] ADD --checksum=sha256:0a9c2066edcc52bbba2e7f31fa5c10e4af105205d96782c74ed72b509de77ead https://files.tiot.jp/alpine/v3.21/main/x86_64/riak-3.4.1.24-r1.apk /riak-3.4.1.24-r1.apk
#10 DONE 0.0s

#11 [package-amd64 2/2] RUN --mount=type=bind,from=download-amd64,target=/opt/openriak-package,ro <<'OPENRIAK_PACKAGE_INSTALL' (set -eu...)
#11 0.076 fetch https://dl-cdn.alpinelinux.org/alpine/v3.21/main/x86_64/APKINDEX.tar.gz
#11 0.159 fetch https://dl-cdn.alpinelinux.org/alpine/v3.21/community/x86_64/APKINDEX.tar.gz
#11 0.480 OK: 7 MiB in 15 packages
#11 0.549 fetch https://dl-cdn.alpinelinux.org/alpine/v3.21/main/x86_64/APKINDEX.tar.gz
#11 0.635 fetch https://dl-cdn.alpinelinux.org/alpine/v3.21/community/x86_64/APKINDEX.tar.gz
#11 0.957 (1/19) Installing ncurses-terminfo-base (6.5_p20241006-r3)
#11 0.965 (2/19) Installing libncursesw (6.5_p20241006-r3)
#11 0.975 (3/19) Installing readline (8.2.13-r0)
#11 0.983 (4/19) Installing bash (5.2.37-r0)
#11 1.000 Executing bash-5.2.37-r0.post-install
#11 1.004 (5/19) Installing ca-certificates (20260413-r0)
#11 1.026 (6/19) Installing coreutils-env (9.5-r2)
#11 1.030 (7/19) Installing coreutils-fmt (9.5-r2)
#11 1.033 (8/19) Installing coreutils-sha512sum (9.5-r2)
#11 1.038 (9/19) Installing acl-libs (2.3.2-r1)
#11 1.041 (10/19) Installing libattr (2.5.2-r2)
#11 1.045 (11/19) Installing skalibs-libs (2.14.3.0-r0)
#11 1.050 (12/19) Installing utmps-libs (0.1.2.3-r2)
#11 1.099 (13/19) Installing coreutils (9.5-r2)
#11 1.133 (14/19) Installing libmd (1.1.0-r0)
#11 1.138 (15/19) Installing libbsd (0.12.2-r0)
#11 1.143 (16/19) Installing linux-pam (1.6.1-r1)
#11 1.159 (17/19) Installing shadow (4.16.0-r1)
#11 1.175 (18/19) Installing su-exec (0.2-r3)
#11 1.179 (19/19) Installing tzdata (2026c-r0)
#11 1.226 Executing busybox-1.37.0-r14.trigger
#11 1.230 Executing ca-certificates-20260413-r0.trigger
#11 1.266 OK: 13 MiB in 34 packages
#11 1.345 fetch https://dl-cdn.alpinelinux.org/alpine/v3.21/main/x86_64/APKINDEX.tar.gz
#11 1.428 fetch https://dl-cdn.alpinelinux.org/alpine/v3.21/community/x86_64/APKINDEX.tar.gz
#11 1.763 (1/3) Installing libgcc (14.2.0-r4)
#11 1.770 (2/3) Installing libstdc++ (14.2.0-r4)
#11 1.791 (3/3) Installing riak (3.4.1.24-r1)
#11 2.260 Executing busybox-1.37.0-r14.trigger
#11 2.266 OK: 61 MiB in 37 packages
#11 DONE 2.4s

#12 [final 1/4] RUN <<'OPENRIAK_IMAGE_SETUP' (set -eu...)
#12 0.083 uid=100(riak) gid=101(riak) groups=101(riak),101(riak)
#12 DONE 0.1s

#13 [final 2/4] COPY <<OPENRIAK_ENTRYPOINT /usr/local/bin/openriak-entrypoint
#13 DONE 0.0s

#14 [final 3/4] COPY <<OPENRIAK_HEALTHCHECK /usr/local/bin/openriak-healthcheck
#14 DONE 0.0s

#15 [final 4/4] RUN <<'OPENRIAK_SCRIPT_SETUP' (set -eu...)
#15 DONE 0.1s

#16 exporting to docker image format
#16 exporting layers
#16 exporting layers 2.2s done
#16 exporting manifest sha256:8faf4fbccda0e4cdcdc2ad0f9df604d82f5e95cbcc794f14ae4391a1e6a76fec done
#16 exporting config sha256:f15c7163743d598ab84cd2baaa6e4c015486f6cbf2c921665a1e9e4f4c547572 done
#16 sending tarball
#16 sending tarball 1.2s done
#16 DONE 3.4s

#17 importing to docker
#17 loading layer c95f8e0c781f 393.22kB / 36.48MB 0.8s done
#17 loading layer 91dd6a9cb0fb 24.61kB / 24.61kB 0.0s done
#17 loading layer abf1022b29a5 7.70kB / 7.70kB 0.0s done
#17 loading layer 3896567623a9 392B / 392B 0.0s done
#17 loading layer 55a5296dd455 7.88kB / 7.88kB 0.0s done
#17 DONE 0.8s

timeout_seconds: 3600
exit_code: 0
