$ /usr/bin/docker compose --env-file /tmp/openriak-docker-3.4.1-centos-9-otp26-ilv5nkt_/.env.cluster --project-directory /tmp/openriak-docker-3.4.1-centos-9-otp26-ilv5nkt_ --file /tmp/openriak-docker-3.4.1-centos-9-otp26-ilv5nkt_/compose.cluster.test.yaml up --detach --no-build
started: 2026-09-11T09:23:50Z
 Network openriak-kv-341-centos-9-otp26-node-cluster_openriak  Creating
 Network openriak-kv-341-centos-9-otp26-node-cluster_openriak  Created
 Container openriak-kv-3.4.1-centos-9-otp26-node-1-t-498188z  Creating
 Container openriak-kv-3.4.1-centos-9-otp26-node-2-t-498188z  Creating
 Container openriak-kv-3.4.1-centos-9-otp26-node-4-t-498188z  Creating
 Container openriak-kv-3.4.1-centos-9-otp26-node-3-t-498188z  Creating
 Container openriak-kv-3.4.1-centos-9-otp26-node-5-t-498188z  Creating
 Container openriak-kv-3.4.1-centos-9-otp26-node-1-t-498188z  Created
 Container openriak-kv-3.4.1-centos-9-otp26-node-2-t-498188z  Created
 Container openriak-kv-3.4.1-centos-9-otp26-node-3-t-498188z  Created
 Container openriak-kv-3.4.1-centos-9-otp26-node-4-t-498188z  Created
 Container openriak-kv-3.4.1-centos-9-otp26-node-5-t-498188z  Created
 Container openriak-kv-3.4.1-centos-9-otp26-node-2-t-498188z  Starting
 Container openriak-kv-3.4.1-centos-9-otp26-node-4-t-498188z  Starting
 Container openriak-kv-3.4.1-centos-9-otp26-node-5-t-498188z  Starting
 Container openriak-kv-3.4.1-centos-9-otp26-node-3-t-498188z  Starting
 Container openriak-kv-3.4.1-centos-9-otp26-node-1-t-498188z  Starting
 Container openriak-kv-3.4.1-centos-9-otp26-node-2-t-498188z  Started
 Container openriak-kv-3.4.1-centos-9-otp26-node-4-t-498188z  Started
 Container openriak-kv-3.4.1-centos-9-otp26-node-5-t-498188z  Started
 Container openriak-kv-3.4.1-centos-9-otp26-node-1-t-498188z  Started
 Container openriak-kv-3.4.1-centos-9-otp26-node-3-t-498188z  Started

timeout_seconds: 3600
exit_code: 0
