$ /usr/bin/docker buildx build --builder openriak-kv-multiarch --load --platform linux/amd64 --pull=false --no-cache --tag tiotjp/openriak-kv:test-3.4.1-centos-9-otp26-linux-amd64-20260911t092211.498188z --file /home/peter/openriak-builds/openriak-distributed/openriak-docker-2026-09-11-b/living-room-a/20260911T084617.243958Z/results/3.4.1/3.4.1-centos-9-otp26/platforms/linux-amd64/runs/20260911T092211.498188Z/Dockerfile /home/peter/openriak-builds/openriak-distributed/openriak-docker-2026-09-11-b/living-room-a/20260911T084617.243958Z/results/3.4.1/3.4.1-centos-9-otp26/platforms/linux-amd64/runs/20260911T092211.498188Z
started: 2026-09-11T09:22:11Z
#0 building with "openriak-kv-multiarch" instance using docker-container driver

#1 [internal] load build definition from Dockerfile
#1 transferring dockerfile:
#1 transferring dockerfile: 43.84kB 0.0s done
#1 DONE 0.2s

#2 resolve image config for docker-image://docker.io/docker/dockerfile:1.7
#2 DONE 0.6s

#3 docker-image://docker.io/docker/dockerfile:1.7@sha256:a57df69d0ea827fb7266491f2813635de6f17269be881f696fbfdf2d83dda33e
#3 resolve docker.io/docker/dockerfile:1.7@sha256:a57df69d0ea827fb7266491f2813635de6f17269be881f696fbfdf2d83dda33e 0.1s done
#3 CACHED

#4 [internal] load metadata for quay.io/centos/centos:stream9@sha256:7d3c87ab567add60d0153a6a17bc10d0f19cd982a2d533724298ebd1ee751eab
#4 DONE 1.5s

#5 [internal] load .dockerignore
#5 transferring context:
#5 transferring context: 2B done
#5 DONE 0.1s

#6 [internal] preparing inline document
#6 CACHED

#7 [internal] preparing inline document
#7 CACHED

#8 [install-amd64 1/2] FROM quay.io/centos/centos:stream9@sha256:7d3c87ab567add60d0153a6a17bc10d0f19cd982a2d533724298ebd1ee751eab
#8 resolve quay.io/centos/centos:stream9@sha256:7d3c87ab567add60d0153a6a17bc10d0f19cd982a2d533724298ebd1ee751eab 0.1s done
#8 DONE 0.3s

#9 [download-amd64 1/1] ADD --checksum=sha256:952f04a57622b160ef01d7aa15d3871924221766f1cd08dc74bf5ecd3ffbe9ea https://files.tiot.jp/riak/kv/3.4/3.4.1/rhel/9/riak-3.4.1.OTP26-1.el9.x86_64.rpm /riak-3.4.1.OTP26-1.el9.x86_64.rpm
#9 DONE 0.6s

#10 [download-amd64 1/1] ADD --checksum=sha256:952f04a57622b160ef01d7aa15d3871924221766f1cd08dc74bf5ecd3ffbe9ea https://files.tiot.jp/riak/kv/3.4/3.4.1/rhel/9/riak-3.4.1.OTP26-1.el9.x86_64.rpm /riak-3.4.1.OTP26-1.el9.x86_64.rpm
#10 DONE 0.1s

#8 [install-amd64 1/2] FROM quay.io/centos/centos:stream9@sha256:7d3c87ab567add60d0153a6a17bc10d0f19cd982a2d533724298ebd1ee751eab
#8 sha256:bd9ddc54bea929a22b334e73e026d4136e5b73f5cc29942896c72e4ece69b13d 34B / 34B 0.2s done
#8 sha256:9e5a0b848a1809b6157ce2eb5785ce64af89ac64351c3bb2352ee788b33b56a0 5.24MB / 66.49MB 0.5s
#8 sha256:9e5a0b848a1809b6157ce2eb5785ce64af89ac64351c3bb2352ee788b33b56a0 11.53MB / 66.49MB 0.6s
#8 sha256:9e5a0b848a1809b6157ce2eb5785ce64af89ac64351c3bb2352ee788b33b56a0 17.83MB / 66.49MB 0.8s
#8 sha256:9e5a0b848a1809b6157ce2eb5785ce64af89ac64351c3bb2352ee788b33b56a0 27.26MB / 66.49MB 0.9s
#8 sha256:9e5a0b848a1809b6157ce2eb5785ce64af89ac64351c3bb2352ee788b33b56a0 34.60MB / 66.49MB 1.2s
#8 sha256:9e5a0b848a1809b6157ce2eb5785ce64af89ac64351c3bb2352ee788b33b56a0 47.19MB / 66.49MB 1.4s
#8 sha256:9e5a0b848a1809b6157ce2eb5785ce64af89ac64351c3bb2352ee788b33b56a0 54.53MB / 66.49MB 1.5s
#8 sha256:9e5a0b848a1809b6157ce2eb5785ce64af89ac64351c3bb2352ee788b33b56a0 65.01MB / 66.49MB 1.7s
#8 sha256:9e5a0b848a1809b6157ce2eb5785ce64af89ac64351c3bb2352ee788b33b56a0 66.49MB / 66.49MB 2.6s done
#8 extracting sha256:9e5a0b848a1809b6157ce2eb5785ce64af89ac64351c3bb2352ee788b33b56a0
#8 extracting sha256:9e5a0b848a1809b6157ce2eb5785ce64af89ac64351c3bb2352ee788b33b56a0 1.8s done
#8 DONE 4.8s

#8 [install-amd64 1/2] FROM quay.io/centos/centos:stream9@sha256:7d3c87ab567add60d0153a6a17bc10d0f19cd982a2d533724298ebd1ee751eab
#8 extracting sha256:bd9ddc54bea929a22b334e73e026d4136e5b73f5cc29942896c72e4ece69b13d 0.1s done
#8 DONE 4.8s

#11 [install-amd64 2/2] RUN --mount=type=bind,from=download-amd64,target=/opt/openriak-package,ro <<'OPENRIAK_PACKAGE_INSTALL' (set -eu...)
#11 1.545 CentOS Stream 9 - BaseOS                        8.0 MB/s | 8.9 MB     00:01    
#11 4.505 CentOS Stream 9 - AppStream                      17 MB/s |  28 MB     00:01    
#11 10.77 CentOS Stream 9 - Extras packages                42 kB/s |  22 kB     00:00    
#11 12.23 Dependencies resolved.
#11 12.25 ================================================================================
#11 12.25  Package                  Arch     Version                       Repo      Size
#11 12.25 ================================================================================
#11 12.25 Installing:
#11 12.25  bash                     x86_64   5.1.8-9.el9                   baseos   1.7 M
#11 12.25  ca-certificates          noarch   2026.2.90_v9.0.316-90.0.el9   baseos   1.0 M
#11 12.25  centos-stream-release    noarch   9.0-38.el9                    baseos    24 k
#11 12.25  coreutils                x86_64   8.32-43.el9                   baseos   1.2 M
#11 12.25  findutils                x86_64   1:4.8.0-7.el9                 baseos   547 k
#11 12.25  gawk                     x86_64   5.1.0-7.el9                   baseos   1.0 M
#11 12.25  glibc                    x86_64   2.34-277.el9                  baseos   2.0 M
#11 12.25  glibc-minimal-langpack   x86_64   2.34-277.el9                  baseos    23 k
#11 12.25  grep                     x86_64   3.6-5.el9                     baseos   269 k
#11 12.25  hostname                 x86_64   3.23-6.el9                    baseos    29 k
#11 12.25  libgcc                   x86_64   11.5.0-15.el9                 baseos    84 k
#11 12.25  libstdc++                x86_64   11.5.0-15.el9                 baseos   744 k
#11 12.25  ncurses-libs             x86_64   6.2-12.20210508.el9           baseos   328 k
#11 12.25  openssl-libs             x86_64   1:3.5.8-1.el9                 baseos   2.3 M
#11 12.25  pam                      x86_64   1.5.1-30.el9                  baseos   624 k
#11 12.25  procps-ng                x86_64   3.3.17-15.el9                 baseos   345 k
#11 12.25  sed                      x86_64   4.8-10.el9                    baseos   303 k
#11 12.25  shadow-utils             x86_64   2:4.9-17.el9                  baseos   1.2 M
#11 12.25  sudo                     x86_64   1.9.17p2-4.el9                baseos   1.3 M
#11 12.25  tzdata                   noarch   2026c-1.el9                   baseos   905 k
#11 12.25  util-linux               x86_64   2.37.4-27.el9                 baseos   2.3 M
#11 12.25  zlib                     x86_64   1.2.11-41.el9                 baseos    91 k
#11 12.25 Installing dependencies:
#11 12.25  alternatives             x86_64   1.24-2.el9                    baseos    39 k
#11 12.25  audit-libs               x86_64   3.1.5-9.el9                   baseos   120 k
#11 12.25  basesystem               noarch   11-13.el9                     baseos   3.9 k
#11 12.25  bzip2-libs               x86_64   1.0.8-11.el9                  baseos    39 k
#11 12.25  centos-gpg-keys          noarch   9.0-38.el9                    baseos    24 k
#11 12.25  centos-stream-repos      noarch   9.0-38.el9                    baseos   8.9 k
#11 12.25  coreutils-common         x86_64   8.32-43.el9                   baseos   2.0 M
#11 12.25  cracklib                 x86_64   2.9.6-28.el9                  baseos    93 k
#11 12.25  cracklib-dicts           x86_64   2.9.6-28.el9                  baseos   3.6 M
#11 12.25  crypto-policies          noarch   20260714-1.git65b74f7.el9     baseos    89 k
#11 12.25  cyrus-sasl-lib           x86_64   2.1.27-21.el9                 baseos   769 k
#11 12.25  filesystem               x86_64   3.16-5.el9                    baseos   4.8 M
#11 12.25  gdbm-libs                x86_64   1:1.23-1.el9                  baseos    56 k
#11 12.25  glibc-common             x86_64   2.34-277.el9                  baseos   307 k
#11 12.25  gmp                      x86_64   1:6.2.0-13.el9                baseos   315 k
#11 12.25  gzip                     x86_64   1.12-2.el9                    baseos   161 k
#11 12.25  keyutils-libs            x86_64   1.6.3-1.el9                   baseos    32 k
#11 12.25  krb5-libs                x86_64   1.21.1-10.el9                 baseos   765 k
#11 12.25  libacl                   x86_64   2.4.0-2.el9                   baseos    24 k
#11 12.25  libattr                  x86_64   2.6.0-2.el9                   baseos    17 k
#11 12.25  libblkid                 x86_64   2.37.4-27.el9                 baseos   105 k
#11 12.25  libcap                   x86_64   2.48-10.el9                   baseos    70 k
#11 12.25  libcap-ng                x86_64   0.8.2-7.el9                   baseos    33 k
#11 12.25  libcom_err               x86_64   1.46.5-8.el9                  baseos    26 k
#11 12.25  libdb                    x86_64   5.3.28-57.el9                 baseos   735 k
#11 12.25  libeconf                 x86_64   0.4.1-7.el9                   baseos    26 k
#11 12.25  libevent                 x86_64   2.1.12-8.el9                  baseos   262 k
#11 12.25  libfdisk                 x86_64   2.37.4-27.el9                 baseos   151 k
#11 12.25  libffi                   x86_64   3.4.2-8.el9                   baseos    38 k
#11 12.25  libgcrypt                x86_64   1.10.0-13.el9                 baseos   505 k
#11 12.25  libgpg-error             x86_64   1.42-5.el9                    baseos   216 k
#11 12.25  libmount                 x86_64   2.37.4-27.el9                 baseos   132 k
#11 12.25  libpwquality             x86_64   1.4.4-8.el9                   baseos   119 k
#11 12.25  libselinux               x86_64   3.6-4.el9                     baseos    84 k
#11 12.25  libsemanage              x86_64   3.6-5.el9                     baseos   118 k
#11 12.25  libsepol                 x86_64   3.6-3.el9                     baseos   329 k
#11 12.25  libsigsegv               x86_64   2.13-4.el9                    baseos    27 k
#11 12.25  libsmartcols             x86_64   2.37.4-27.el9                 baseos    60 k
#11 12.25  libtasn1                 x86_64   4.16.0-10.el9                 baseos    73 k
#11 12.25  libtool-ltdl             x86_64   2.4.6-46.el9                  baseos    36 k
#11 12.25  libutempter              x86_64   1.2.1-6.el9                   baseos    27 k
#11 12.25  libuuid                  x86_64   2.37.4-27.el9                 baseos    25 k
#11 12.25  libverto                 x86_64   0.3.2-3.el9                   baseos    22 k
#11 12.25  libxcrypt                x86_64   4.4.18-3.el9                  baseos   116 k
#11 12.25  libzstd                  x86_64   1.5.5-1.el9                   baseos   295 k
#11 12.25  lz4-libs                 x86_64   1.9.3-5.el9                   baseos    68 k
#11 12.25  mpfr                     x86_64   4.1.0-10.el9                  baseos   324 k
#11 12.25  ncurses-base             noarch   6.2-12.20210508.el9           baseos    95 k
#11 12.25  openldap                 x86_64   2.6.13-1.el9                  baseos   285 k
#11 12.25  openssl                  x86_64   1:3.5.8-1.el9                 baseos   1.5 M
#11 12.25  openssl-fips-provider    x86_64   1:3.5.8-1.el9                 baseos   812 k
#11 12.25  p11-kit                  x86_64   0.26.4-1.el9                  baseos   609 k
#11 12.25  p11-kit-trust            x86_64   0.26.4-1.el9                  baseos   156 k
#11 12.25  pcre                     x86_64   8.44-4.el9                    baseos   197 k
#11 12.25  pcre2                    x86_64   10.40-6.el9                   baseos   234 k
#11 12.25  pcre2-syntax             noarch   10.40-6.el9                   baseos   141 k
#11 12.25  readline                 x86_64   8.1-4.el9                     baseos   212 k
#11 12.25  setup                    noarch   2.13.7-10.el9                 baseos   146 k
#11 12.25  systemd-libs             x86_64   252-78.el9                    baseos   642 k
#11 12.25  util-linux-core          x86_64   2.37.4-27.el9                 baseos   456 k
#11 12.25  xz-libs                  x86_64   5.2.5-8.el9                   baseos    93 k
#11 12.25 
#11 12.25 Transaction Summary
#11 12.25 ================================================================================
#11 12.25 Install  83 Packages
#11 12.25 
#11 12.25 Total download size: 41 M
#11 12.25 Installed size: 115 M
#11 12.25 Downloading Packages:
#11 12.70 (1/83): basesystem-11-13.el9.noarch.rpm         125 kB/s | 3.9 kB     00:00    
#11 12.73 (2/83): alternatives-1.24-2.el9.x86_64.rpm      727 kB/s |  39 kB     00:00    
#11 12.74 (3/83): audit-libs-3.1.5-9.el9.x86_64.rpm       1.7 MB/s | 120 kB     00:00    
#11 12.76 (4/83): bzip2-libs-1.0.8-11.el9.x86_64.rpm      1.1 MB/s |  39 kB     00:00    
#11 12.78 (5/83): centos-gpg-keys-9.0-38.el9.noarch.rpm   1.7 MB/s |  24 kB     00:00    
#11 12.80 (6/83): centos-stream-release-9.0-38.el9.noarch 1.1 MB/s |  24 kB     00:00    
#11 12.81 (7/83): centos-stream-repos-9.0-38.el9.noarch.r 1.0 MB/s | 8.9 kB     00:00    
#11 12.85 (8/83): ca-certificates-2026.2.90_v9.0.316-90.0 9.7 MB/s | 1.0 MB     00:00    
#11 12.91 (9/83): bash-5.1.8-9.el9.x86_64.rpm             8.4 MB/s | 1.7 MB     00:00    
#11 12.94 (10/83): cracklib-2.9.6-28.el9.x86_64.rpm       3.3 MB/s |  93 kB     00:00    
#11 12.99 (11/83): coreutils-8.32-43.el9.x86_64.rpm       6.5 MB/s | 1.2 MB     00:00    
#11 13.04 (12/83): crypto-policies-20260714-1.git65b74f7. 2.2 MB/s |  89 kB     00:00    
#11 13.08 (13/83): cyrus-sasl-lib-2.1.27-21.el9.x86_64.rp  16 MB/s | 769 kB     00:00    
#11 13.15 (14/83): coreutils-common-8.32-43.el9.x86_64.rp 6.6 MB/s | 2.0 MB     00:00    
#11 13.21 (15/83): findutils-4.8.0-7.el9.x86_64.rpm        11 MB/s | 547 kB     00:00    
#11 13.29 (16/83): cracklib-dicts-2.9.6-28.el9.x86_64.rpm  10 MB/s | 3.6 MB     00:00    
#11 13.32 (17/83): gdbm-libs-1.23-1.el9.x86_64.rpm        2.9 MB/s |  56 kB     00:00    
#11 13.36 (18/83): gawk-5.1.0-7.el9.x86_64.rpm            6.4 MB/s | 1.0 MB     00:00    
#11 13.39 (19/83): glibc-common-2.34-277.el9.x86_64.rpm    13 MB/s | 307 kB     00:00    
#11 13.44 (20/83): glibc-2.34-277.el9.x86_64.rpm           17 MB/s | 2.0 MB     00:00    
#11 13.46 (21/83): glibc-minimal-langpack-2.34-277.el9.x8 329 kB/s |  23 kB     00:00    
#11 13.50 (22/83): gmp-6.2.0-13.el9.x86_64.rpm            4.7 MB/s | 315 kB     00:00    
#11 13.64 (23/83): filesystem-3.16-5.el9.x86_64.rpm       8.6 MB/s | 4.8 MB     00:00    
#11 13.67 (24/83): grep-3.6-5.el9.x86_64.rpm              1.3 MB/s | 269 kB     00:00    
#11 13.68 (25/83): hostname-3.23-6.el9.x86_64.rpm         796 kB/s |  29 kB     00:00    
#11 13.69 (26/83): keyutils-libs-1.6.3-1.el9.x86_64.rpm   1.3 MB/s |  32 kB     00:00    
#11 13.71 (27/83): gzip-1.12-2.el9.x86_64.rpm             776 kB/s | 161 kB     00:00    
#11 13.73 (28/83): libacl-2.4.0-2.el9.x86_64.rpm          773 kB/s |  24 kB     00:00    
#11 13.76 (29/83): libattr-2.6.0-2.el9.x86_64.rpm         405 kB/s |  17 kB     00:00    
#11 13.79 (30/83): libblkid-2.37.4-27.el9.x86_64.rpm      1.8 MB/s | 105 kB     00:00    
#11 13.80 (31/83): libcap-2.48-10.el9.x86_64.rpm          1.5 MB/s |  70 kB     00:00    
#11 13.81 (32/83): libcap-ng-0.8.2-7.el9.x86_64.rpm       1.3 MB/s |  33 kB     00:00    
#11 13.83 (33/83): libcom_err-1.46.5-8.el9.x86_64.rpm     1.2 MB/s |  26 kB     00:00    
#11 13.85 (34/83): libeconf-0.4.1-7.el9.x86_64.rpm        1.1 MB/s |  26 kB     00:00    
#11 13.90 (35/83): krb5-libs-1.21.1-10.el9.x86_64.rpm     3.4 MB/s | 765 kB     00:00    
#11 13.92 (36/83): libevent-2.1.12-8.el9.x86_64.rpm       4.0 MB/s | 262 kB     00:00    
#11 13.95 (37/83): libffi-3.4.2-8.el9.x86_64.rpm          1.5 MB/s |  38 kB     00:00    
#11 13.96 (38/83): libfdisk-2.37.4-27.el9.x86_64.rpm      2.4 MB/s | 151 kB     00:00    
#11 13.99 (39/83): libgcc-11.5.0-15.el9.x86_64.rpm        2.0 MB/s |  84 kB     00:00    
#11 14.01 (40/83): libdb-5.3.28-57.el9.x86_64.rpm         3.6 MB/s | 735 kB     00:00    
#11 14.05 (41/83): libmount-2.37.4-27.el9.x86_64.rpm      4.2 MB/s | 132 kB     00:00    
#11 14.05 (42/83): libgpg-error-1.42-5.el9.x86_64.rpm     3.5 MB/s | 216 kB     00:00    
#11 14.07 (43/83): libpwquality-1.4.4-8.el9.x86_64.rpm    5.5 MB/s | 119 kB     00:00    
#11 14.09 (44/83): libselinux-3.6-4.el9.x86_64.rpm        2.7 MB/s |  84 kB     00:00    
#11 14.11 (45/83): libgcrypt-1.10.0-13.el9.x86_64.rpm     3.5 MB/s | 505 kB     00:00    
#11 14.12 (46/83): libsemanage-3.6-5.el9.x86_64.rpm       2.3 MB/s | 118 kB     00:00    
#11 14.14 (47/83): libsigsegv-2.13-4.el9.x86_64.rpm       863 kB/s |  27 kB     00:00    
#11 14.15 (48/83): libsmartcols-2.37.4-27.el9.x86_64.rpm  2.3 MB/s |  60 kB     00:00    
#11 14.17 (49/83): libsepol-3.6-3.el9.x86_64.rpm          3.8 MB/s | 329 kB     00:00    
#11 14.19 (50/83): libtasn1-4.16.0-10.el9.x86_64.rpm      1.7 MB/s |  73 kB     00:00    
#11 14.21 (51/83): libtool-ltdl-2.4.6-46.el9.x86_64.rpm   1.1 MB/s |  36 kB     00:00    
#11 14.22 (52/83): libutempter-1.2.1-6.el9.x86_64.rpm     1.0 MB/s |  27 kB     00:00    
#11 14.24 (53/83): libuuid-2.37.4-27.el9.x86_64.rpm       906 kB/s |  25 kB     00:00    
#11 14.26 (54/83): libverto-0.3.2-3.el9.x86_64.rpm        654 kB/s |  22 kB     00:00    
#11 14.29 (55/83): libxcrypt-4.4.18-3.el9.x86_64.rpm      2.3 MB/s | 116 kB     00:00    
#11 14.31 (56/83): lz4-libs-1.9.3-5.el9.x86_64.rpm        2.9 MB/s |  68 kB     00:00    
#11 14.34 (57/83): libzstd-1.5.5-1.el9.x86_64.rpm         3.8 MB/s | 295 kB     00:00    
#11 14.37 (58/83): libstdc++-11.5.0-15.el9.x86_64.rpm     3.2 MB/s | 744 kB     00:00    
#11 14.39 (59/83): ncurses-base-6.2-12.20210508.el9.noarc 1.9 MB/s |  95 kB     00:00    
#11 14.42 (60/83): mpfr-4.1.0-10.el9.x86_64.rpm           3.0 MB/s | 324 kB     00:00    
#11 14.45 (61/83): ncurses-libs-6.2-12.20210508.el9.x86_6 4.2 MB/s | 328 kB     00:00    
#11 14.48 (62/83): openldap-2.6.13-1.el9.x86_64.rpm       3.1 MB/s | 285 kB     00:00    
#11 14.53 (63/83): openssl-fips-provider-3.5.8-1.el9.x86_  10 MB/s | 812 kB     00:00    
#11 14.60 (64/83): openssl-3.5.8-1.el9.x86_64.rpm         8.6 MB/s | 1.5 MB     00:00    
#11 14.63 (65/83): p11-kit-0.26.4-1.el9.x86_64.rpm        6.5 MB/s | 609 kB     00:00    
#11 14.65 (66/83): p11-kit-trust-0.26.4-1.el9.x86_64.rpm  3.1 MB/s | 156 kB     00:00    
#11 14.68 (67/83): pcre-8.44-4.el9.x86_64.rpm             6.7 MB/s | 197 kB     00:00    
#11 14.74 (68/83): pam-1.5.1-30.el9.x86_64.rpm            5.4 MB/s | 624 kB     00:00    
#11 14.77 (69/83): pcre2-10.40-6.el9.x86_64.rpm           2.7 MB/s | 234 kB     00:00    
#11 14.79 (70/83): pcre2-syntax-10.40-6.el9.noarch.rpm    3.2 MB/s | 141 kB     00:00    
#11 14.86 (71/83): openssl-libs-3.5.8-1.el9.x86_64.rpm    6.1 MB/s | 2.3 MB     00:00    
#11 14.87 (72/83): procps-ng-3.3.17-15.el9.x86_64.rpm     3.2 MB/s | 345 kB     00:00    
#11 14.89 (73/83): readline-8.1-4.el9.x86_64.rpm          2.0 MB/s | 212 kB     00:00    
#11 14.92 (74/83): setup-2.13.7-10.el9.noarch.rpm         2.9 MB/s | 146 kB     00:00    
#11 14.95 (75/83): sed-4.8-10.el9.x86_64.rpm              3.2 MB/s | 303 kB     00:00    
#11 15.01 (76/83): systemd-libs-252-78.el9.x86_64.rpm      10 MB/s | 642 kB     00:00    
#11 15.05 (77/83): shadow-utils-4.9-17.el9.x86_64.rpm     7.8 MB/s | 1.2 MB     00:00    
#11 15.12 (78/83): sudo-1.9.17p2-4.el9.x86_64.rpm         6.9 MB/s | 1.3 MB     00:00    
#11 15.16 (79/83): util-linux-core-2.37.4-27.el9.x86_64.r  12 MB/s | 456 kB     00:00    
#11 15.18 (80/83): tzdata-2026c-1.el9.noarch.rpm          5.2 MB/s | 905 kB     00:00    
#11 15.20 (81/83): xz-libs-5.2.5-8.el9.x86_64.rpm         2.3 MB/s |  93 kB     00:00    
#11 15.22 (82/83): zlib-1.2.11-41.el9.x86_64.rpm          2.6 MB/s |  91 kB     00:00    
#11 15.30 (83/83): util-linux-2.37.4-27.el9.x86_64.rpm    9.1 MB/s | 2.3 MB     00:00    
#11 15.30 --------------------------------------------------------------------------------
#11 15.30 Total                                            13 MB/s |  41 MB     00:03     
#11 15.32 CentOS Stream 9 - BaseOS                        1.6 MB/s | 1.6 kB     00:00    
#11 15.42 Importing GPG key 0x8483C65D:
#11 15.42  Userid     : "CentOS (CentOS Official Signing Key) <security@centos.org>"
#11 15.42  Fingerprint: 99DB 70FA E1D7 CE22 7FB6 4882 05B5 55B3 8483 C65D
#11 15.42  From       : /etc/pki/rpm-gpg/RPM-GPG-KEY-centosofficial
#11 15.44 Key imported successfully
#11 16.55 Running transaction check
#11 16.62 Transaction check succeeded.
#11 16.62 Running transaction test
#11 17.52 Transaction test succeeded.
#11 17.52 Running transaction
#11 21.60   Running scriptlet: filesystem-3.16-5.el9.x86_64                           1/1 
#11 21.96   Preparing        :                                                        1/1 
#11 22.13   Installing       : tzdata-2026c-1.el9.noarch                             1/83 
#11 22.16   Installing       : pcre2-syntax-10.40-6.el9.noarch                       2/83 
#11 22.20   Installing       : ncurses-base-6.2-12.20210508.el9.noarch               3/83 
#11 22.24   Installing       : coreutils-common-8.32-43.el9.x86_64                   4/83 
#11 22.26   Installing       : centos-gpg-keys-9.0-38.el9.noarch                     5/83 
#11 22.27   Installing       : centos-stream-repos-9.0-38.el9.noarch                 6/83 
#11 22.28   Installing       : centos-stream-release-9.0-38.el9.noarch               7/83 
#11 22.31   Installing       : setup-2.13.7-10.el9.noarch                            8/83 
#11 22.32   Running scriptlet: setup-2.13.7-10.el9.noarch                            8/83 
#11 22.37   Installing       : filesystem-3.16-5.el9.x86_64                          9/83 
#11 22.49   Installing       : basesystem-11-13.el9.noarch                          10/83 
#11 22.51   Installing       : ncurses-libs-6.2-12.20210508.el9.x86_64              11/83 
#11 22.54   Installing       : bash-5.1.8-9.el9.x86_64                              12/83 
#11 22.56   Running scriptlet: bash-5.1.8-9.el9.x86_64                              12/83 
#11 22.56   Installing       : libgcc-11.5.0-15.el9.x86_64                          13/83 
#11 22.58   Running scriptlet: libgcc-11.5.0-15.el9.x86_64                          13/83 
#11 22.58   Installing       : glibc-minimal-langpack-2.34-277.el9.x86_64           14/83 
#11 22.59   Installing       : glibc-common-2.34-277.el9.x86_64                     15/83 
#11 22.61   Running scriptlet: glibc-2.34-277.el9.x86_64                            16/83 
#11 22.65   Installing       : glibc-2.34-277.el9.x86_64                            16/83 
#11 22.66   Running scriptlet: glibc-2.34-277.el9.x86_64                            16/83 
#11 23.94   Installing       : libuuid-2.37.4-27.el9.x86_64                         17/83 
#11 23.95   Installing       : libxcrypt-4.4.18-3.el9.x86_64                        18/83 
#11 23.98   Installing       : zlib-1.2.11-41.el9.x86_64                            19/83 
#11 24.00   Installing       : gmp-1:6.2.0-13.el9.x86_64                            20/83 
#11 24.49   Installing       : libacl-2.4.0-2.el9.x86_64                            21/83 
#11 25.11   Installing       : libattr-2.6.0-2.el9.x86_64                           22/83 
#11 25.60   Installing       : libcap-2.48-10.el9.x86_64                            23/83 
#11 26.06   Installing       : libcap-ng-0.8.2-7.el9.x86_64                         24/83 
#11 26.90   Installing       : audit-libs-3.1.5-9.el9.x86_64                        25/83 
#11 26.92   Installing       : libcom_err-1.46.5-8.el9.x86_64                       26/83 
#11 26.97   Installing       : libffi-3.4.2-8.el9.x86_64                            27/83 
#11 27.04   Installing       : libsepol-3.6-3.el9.x86_64                            28/83 
#11 27.06   Installing       : libsigsegv-2.13-4.el9.x86_64                         29/83 
#11 27.07   Installing       : libsmartcols-2.37.4-27.el9.x86_64                    30/83 
#11 27.09   Installing       : libtasn1-4.16.0-10.el9.x86_64                        31/83 
#11 27.14   Installing       : p11-kit-0.26.4-1.el9.x86_64                          32/83 
#11 27.16   Installing       : readline-8.1-4.el9.x86_64                            33/83 
#11 27.20   Installing       : crypto-policies-20260714-1.git65b74f7.el9.noarch     34/83 
#11 27.21   Running scriptlet: crypto-policies-20260714-1.git65b74f7.el9.noarch     34/83 
#11 27.22   Installing       : mpfr-4.1.0-10.el9.x86_64                             35/83 
#11 27.25   Installing       : gawk-5.1.0-7.el9.x86_64                              36/83 
#11 27.27   Installing       : alternatives-1.24-2.el9.x86_64                       37/83 
#11 27.29   Installing       : p11-kit-trust-0.26.4-1.el9.x86_64                    38/83 
#11 27.30   Running scriptlet: p11-kit-trust-0.26.4-1.el9.x86_64                    38/83 
#11 27.93   Installing       : bzip2-libs-1.0.8-11.el9.x86_64                       39/83 
#11 27.96   Installing       : gdbm-libs-1:1.23-1.el9.x86_64                        40/83 
#11 27.97   Installing       : keyutils-libs-1.6.3-1.el9.x86_64                     41/83 
#11 27.99   Installing       : libdb-5.3.28-57.el9.x86_64                           42/83 
#11 28.02   Installing       : libeconf-0.4.1-7.el9.x86_64                          43/83 
#11 28.05   Installing       : libgpg-error-1.42-5.el9.x86_64                       44/83 
#11 28.10   Installing       : libgcrypt-1.10.0-13.el9.x86_64                       45/83 
#11 28.12   Installing       : libtool-ltdl-2.4.6-46.el9.x86_64                     46/83 
#11 28.14   Installing       : libverto-0.3.2-3.el9.x86_64                          47/83 
#11 28.15   Installing       : libzstd-1.5.5-1.el9.x86_64                           48/83 
#11 28.17   Installing       : lz4-libs-1.9.3-5.el9.x86_64                          49/83 
#11 28.20   Installing       : pcre-8.44-4.el9.x86_64                               50/83 
#11 28.23   Installing       : grep-3.6-5.el9.x86_64                                51/83 
#11 28.28   Installing       : pcre2-10.40-6.el9.x86_64                             52/83 
#11 28.31   Installing       : libselinux-3.6-4.el9.x86_64                          53/83 
#11 28.32   Installing       : sed-4.8-10.el9.x86_64                                54/83 
#11 28.36   Installing       : findutils-1:4.8.0-7.el9.x86_64                       55/83 
#11 28.39   Installing       : openssl-fips-provider-1:3.5.8-1.el9.x86_64           56/83 
#11 28.44   Installing       : openssl-libs-1:3.5.8-1.el9.x86_64                    57/83 
#11 28.50   Installing       : coreutils-8.32-43.el9.x86_64                         58/83 
#11 28.53   Running scriptlet: ca-certificates-2026.2.90_v9.0.316-90.0.el9.noarch   59/83 
#11 29.17   Installing       : ca-certificates-2026.2.90_v9.0.316-90.0.el9.noarch   59/83 
#11 29.18   Running scriptlet: ca-certificates-2026.2.90_v9.0.316-90.0.el9.noarch   59/83 
#11 30.86   Installing       : libblkid-2.37.4-27.el9.x86_64                        60/83 
#11 30.87   Running scriptlet: libblkid-2.37.4-27.el9.x86_64                        60/83 
#11 31.51   Installing       : libmount-2.37.4-27.el9.x86_64                        61/83 
#11 31.53   Installing       : libfdisk-2.37.4-27.el9.x86_64                        62/83 
#11 31.55   Installing       : gzip-1.12-2.el9.x86_64                               63/83 
#11 31.58   Installing       : cracklib-2.9.6-28.el9.x86_64                         64/83 
#11 31.68   Installing       : cracklib-dicts-2.9.6-28.el9.x86_64                   65/83 
#11 31.71   Installing       : krb5-libs-1.21.1-10.el9.x86_64                       66/83 
#11 31.73   Installing       : cyrus-sasl-lib-2.1.27-21.el9.x86_64                  67/83 
#11 31.76   Installing       : openssl-1:3.5.8-1.el9.x86_64                         68/83 
#11 31.78   Installing       : libpwquality-1.4.4-8.el9.x86_64                      69/83 
#11 31.83   Installing       : pam-1.5.1-30.el9.x86_64                              70/83 
#11 31.87   Installing       : libevent-2.1.12-8.el9.x86_64                         71/83 
#11 31.89   Installing       : libsemanage-3.6-5.el9.x86_64                         72/83 
#11 31.94   Installing       : shadow-utils-2:4.9-17.el9.x86_64                     73/83 
#11 31.97   Running scriptlet: libutempter-1.2.1-6.el9.x86_64                       74/83 
#11 32.69   Installing       : libutempter-1.2.1-6.el9.x86_64                       74/83 
#11 32.72   Installing       : openldap-2.6.13-1.el9.x86_64                         75/83 
#11 32.75   Installing       : xz-libs-5.2.5-8.el9.x86_64                           76/83 
#11 32.77   Installing       : systemd-libs-252-78.el9.x86_64                       77/83 
#11 32.78   Running scriptlet: systemd-libs-252-78.el9.x86_64                       77/83 
#11 33.44   Installing       : util-linux-core-2.37.4-27.el9.x86_64                 78/83 
#11 33.47   Running scriptlet: util-linux-core-2.37.4-27.el9.x86_64                 78/83 
#11 34.15   Installing       : util-linux-2.37.4-27.el9.x86_64                      79/83 
#11 34.21   Installing       : procps-ng-3.3.17-15.el9.x86_64                       80/83 
#11 34.27   Installing       : sudo-1.9.17p2-4.el9.x86_64                           81/83 
#11 34.28   Running scriptlet: sudo-1.9.17p2-4.el9.x86_64                           81/83 
#11 34.92   Installing       : hostname-3.23-6.el9.x86_64                           82/83 
#11 34.94   Running scriptlet: hostname-3.23-6.el9.x86_64                           82/83 
#11 35.58   Installing       : libstdc++-11.5.0-15.el9.x86_64                       83/83 
#11 35.61   Running scriptlet: filesystem-3.16-5.el9.x86_64                         83/83 
#11 36.24   Running scriptlet: ca-certificates-2026.2.90_v9.0.316-90.0.el9.noarch   83/83 
#11 37.95   Running scriptlet: libstdc++-11.5.0-15.el9.x86_64                       83/83 
#11 40.11   Verifying        : alternatives-1.24-2.el9.x86_64                        1/83 
#11 40.11   Verifying        : audit-libs-3.1.5-9.el9.x86_64                         2/83 
#11 40.11   Verifying        : basesystem-11-13.el9.noarch                           3/83 
#11 40.11   Verifying        : bash-5.1.8-9.el9.x86_64                               4/83 
#11 40.11   Verifying        : bzip2-libs-1.0.8-11.el9.x86_64                        5/83 
#11 40.11   Verifying        : ca-certificates-2026.2.90_v9.0.316-90.0.el9.noarch    6/83 
#11 40.11   Verifying        : centos-gpg-keys-9.0-38.el9.noarch                     7/83 
#11 40.11   Verifying        : centos-stream-release-9.0-38.el9.noarch               8/83 
#11 40.11   Verifying        : centos-stream-repos-9.0-38.el9.noarch                 9/83 
#11 40.12   Verifying        : coreutils-8.32-43.el9.x86_64                         10/83 
#11 40.12   Verifying        : coreutils-common-8.32-43.el9.x86_64                  11/83 
#11 40.12   Verifying        : cracklib-2.9.6-28.el9.x86_64                         12/83 
#11 40.12   Verifying        : cracklib-dicts-2.9.6-28.el9.x86_64                   13/83 
#11 40.12   Verifying        : crypto-policies-20260714-1.git65b74f7.el9.noarch     14/83 
#11 40.12   Verifying        : cyrus-sasl-lib-2.1.27-21.el9.x86_64                  15/83 
#11 40.12   Verifying        : filesystem-3.16-5.el9.x86_64                         16/83 
#11 40.12   Verifying        : findutils-1:4.8.0-7.el9.x86_64                       17/83 
#11 40.12   Verifying        : gawk-5.1.0-7.el9.x86_64                              18/83 
#11 40.12   Verifying        : gdbm-libs-1:1.23-1.el9.x86_64                        19/83 
#11 40.12   Verifying        : glibc-2.34-277.el9.x86_64                            20/83 
#11 40.12   Verifying        : glibc-common-2.34-277.el9.x86_64                     21/83 
#11 40.12   Verifying        : glibc-minimal-langpack-2.34-277.el9.x86_64           22/83 
#11 40.12   Verifying        : gmp-1:6.2.0-13.el9.x86_64                            23/83 
#11 40.12   Verifying        : grep-3.6-5.el9.x86_64                                24/83 
#11 40.12   Verifying        : gzip-1.12-2.el9.x86_64                               25/83 
#11 40.12   Verifying        : hostname-3.23-6.el9.x86_64                           26/83 
#11 40.12   Verifying        : keyutils-libs-1.6.3-1.el9.x86_64                     27/83 
#11 40.12   Verifying        : krb5-libs-1.21.1-10.el9.x86_64                       28/83 
#11 40.12   Verifying        : libacl-2.4.0-2.el9.x86_64                            29/83 
#11 40.12   Verifying        : libattr-2.6.0-2.el9.x86_64                           30/83 
#11 40.12   Verifying        : libblkid-2.37.4-27.el9.x86_64                        31/83 
#11 40.12   Verifying        : libcap-2.48-10.el9.x86_64                            32/83 
#11 40.12   Verifying        : libcap-ng-0.8.2-7.el9.x86_64                         33/83 
#11 40.12   Verifying        : libcom_err-1.46.5-8.el9.x86_64                       34/83 
#11 40.12   Verifying        : libdb-5.3.28-57.el9.x86_64                           35/83 
#11 40.12   Verifying        : libeconf-0.4.1-7.el9.x86_64                          36/83 
#11 40.12   Verifying        : libevent-2.1.12-8.el9.x86_64                         37/83 
#11 40.12   Verifying        : libfdisk-2.37.4-27.el9.x86_64                        38/83 
#11 40.12   Verifying        : libffi-3.4.2-8.el9.x86_64                            39/83 
#11 40.12   Verifying        : libgcc-11.5.0-15.el9.x86_64                          40/83 
#11 40.12   Verifying        : libgcrypt-1.10.0-13.el9.x86_64                       41/83 
#11 40.12   Verifying        : libgpg-error-1.42-5.el9.x86_64                       42/83 
#11 40.12   Verifying        : libmount-2.37.4-27.el9.x86_64                        43/83 
#11 40.12   Verifying        : libpwquality-1.4.4-8.el9.x86_64                      44/83 
#11 40.12   Verifying        : libselinux-3.6-4.el9.x86_64                          45/83 
#11 40.12   Verifying        : libsemanage-3.6-5.el9.x86_64                         46/83 
#11 40.12   Verifying        : libsepol-3.6-3.el9.x86_64                            47/83 
#11 40.12   Verifying        : libsigsegv-2.13-4.el9.x86_64                         48/83 
#11 40.12   Verifying        : libsmartcols-2.37.4-27.el9.x86_64                    49/83 
#11 40.12   Verifying        : libstdc++-11.5.0-15.el9.x86_64                       50/83 
#11 40.12   Verifying        : libtasn1-4.16.0-10.el9.x86_64                        51/83 
#11 40.12   Verifying        : libtool-ltdl-2.4.6-46.el9.x86_64                     52/83 
#11 40.12   Verifying        : libutempter-1.2.1-6.el9.x86_64                       53/83 
#11 40.12   Verifying        : libuuid-2.37.4-27.el9.x86_64                         54/83 
#11 40.12   Verifying        : libverto-0.3.2-3.el9.x86_64                          55/83 
#11 40.12   Verifying        : libxcrypt-4.4.18-3.el9.x86_64                        56/83 
#11 40.12   Verifying        : libzstd-1.5.5-1.el9.x86_64                           57/83 
#11 40.12   Verifying        : lz4-libs-1.9.3-5.el9.x86_64                          58/83 
#11 40.12   Verifying        : mpfr-4.1.0-10.el9.x86_64                             59/83 
#11 40.12   Verifying        : ncurses-base-6.2-12.20210508.el9.noarch              60/83 
#11 40.12   Verifying        : ncurses-libs-6.2-12.20210508.el9.x86_64              61/83 
#11 40.12   Verifying        : openldap-2.6.13-1.el9.x86_64                         62/83 
#11 40.12   Verifying        : openssl-1:3.5.8-1.el9.x86_64                         63/83 
#11 40.12   Verifying        : openssl-fips-provider-1:3.5.8-1.el9.x86_64           64/83 
#11 40.12   Verifying        : openssl-libs-1:3.5.8-1.el9.x86_64                    65/83 
#11 40.12   Verifying        : p11-kit-0.26.4-1.el9.x86_64                          66/83 
#11 40.12   Verifying        : p11-kit-trust-0.26.4-1.el9.x86_64                    67/83 
#11 40.12   Verifying        : pam-1.5.1-30.el9.x86_64                              68/83 
#11 40.12   Verifying        : pcre-8.44-4.el9.x86_64                               69/83 
#11 40.12   Verifying        : pcre2-10.40-6.el9.x86_64                             70/83 
#11 40.12   Verifying        : pcre2-syntax-10.40-6.el9.noarch                      71/83 
#11 40.12   Verifying        : procps-ng-3.3.17-15.el9.x86_64                       72/83 
#11 40.12   Verifying        : readline-8.1-4.el9.x86_64                            73/83 
#11 40.12   Verifying        : sed-4.8-10.el9.x86_64                                74/83 
#11 40.12   Verifying        : setup-2.13.7-10.el9.noarch                           75/83 
#11 40.12   Verifying        : shadow-utils-2:4.9-17.el9.x86_64                     76/83 
#11 40.12   Verifying        : sudo-1.9.17p2-4.el9.x86_64                           77/83 
#11 40.12   Verifying        : systemd-libs-252-78.el9.x86_64                       78/83 
#11 40.12   Verifying        : tzdata-2026c-1.el9.noarch                            79/83 
#11 40.13   Verifying        : util-linux-2.37.4-27.el9.x86_64                      80/83 
#11 40.13   Verifying        : util-linux-core-2.37.4-27.el9.x86_64                 81/83 
#11 40.13   Verifying        : xz-libs-5.2.5-8.el9.x86_64                           82/83 
#11 40.13   Verifying        : zlib-1.2.11-41.el9.x86_64                            83/83 
#11 41.13 
#11 41.13 Installed:
#11 41.13   alternatives-1.24-2.el9.x86_64                                                
#11 41.13   audit-libs-3.1.5-9.el9.x86_64                                                 
#11 41.13   basesystem-11-13.el9.noarch                                                   
#11 41.13   bash-5.1.8-9.el9.x86_64                                                       
#11 41.13   bzip2-libs-1.0.8-11.el9.x86_64                                                
#11 41.13   ca-certificates-2026.2.90_v9.0.316-90.0.el9.noarch                            
#11 41.13   centos-gpg-keys-9.0-38.el9.noarch                                             
#11 41.13   centos-stream-release-9.0-38.el9.noarch                                       
#11 41.13   centos-stream-repos-9.0-38.el9.noarch                                         
#11 41.13   coreutils-8.32-43.el9.x86_64                                                  
#11 41.13   coreutils-common-8.32-43.el9.x86_64                                           
#11 41.13   cracklib-2.9.6-28.el9.x86_64                                                  
#11 41.13   cracklib-dicts-2.9.6-28.el9.x86_64                                            
#11 41.13   crypto-policies-20260714-1.git65b74f7.el9.noarch                              
#11 41.13   cyrus-sasl-lib-2.1.27-21.el9.x86_64                                           
#11 41.13   filesystem-3.16-5.el9.x86_64                                                  
#11 41.13   findutils-1:4.8.0-7.el9.x86_64                                                
#11 41.13   gawk-5.1.0-7.el9.x86_64                                                       
#11 41.13   gdbm-libs-1:1.23-1.el9.x86_64                                                 
#11 41.13   glibc-2.34-277.el9.x86_64                                                     
#11 41.13   glibc-common-2.34-277.el9.x86_64                                              
#11 41.13   glibc-minimal-langpack-2.34-277.el9.x86_64                                    
#11 41.13   gmp-1:6.2.0-13.el9.x86_64                                                     
#11 41.13   grep-3.6-5.el9.x86_64                                                         
#11 41.13   gzip-1.12-2.el9.x86_64                                                        
#11 41.13   hostname-3.23-6.el9.x86_64                                                    
#11 41.13   keyutils-libs-1.6.3-1.el9.x86_64                                              
#11 41.13   krb5-libs-1.21.1-10.el9.x86_64                                                
#11 41.13   libacl-2.4.0-2.el9.x86_64                                                     
#11 41.13   libattr-2.6.0-2.el9.x86_64                                                    
#11 41.13   libblkid-2.37.4-27.el9.x86_64                                                 
#11 41.13   libcap-2.48-10.el9.x86_64                                                     
#11 41.13   libcap-ng-0.8.2-7.el9.x86_64                                                  
#11 41.13   libcom_err-1.46.5-8.el9.x86_64                                                
#11 41.13   libdb-5.3.28-57.el9.x86_64                                                    
#11 41.13   libeconf-0.4.1-7.el9.x86_64                                                   
#11 41.13   libevent-2.1.12-8.el9.x86_64                                                  
#11 41.13   libfdisk-2.37.4-27.el9.x86_64                                                 
#11 41.13   libffi-3.4.2-8.el9.x86_64                                                     
#11 41.13   libgcc-11.5.0-15.el9.x86_64                                                   
#11 41.13   libgcrypt-1.10.0-13.el9.x86_64                                                
#11 41.13   libgpg-error-1.42-5.el9.x86_64                                                
#11 41.13   libmount-2.37.4-27.el9.x86_64                                                 
#11 41.13   libpwquality-1.4.4-8.el9.x86_64                                               
#11 41.13   libselinux-3.6-4.el9.x86_64                                                   
#11 41.13   libsemanage-3.6-5.el9.x86_64                                                  
#11 41.13   libsepol-3.6-3.el9.x86_64                                                     
#11 41.13   libsigsegv-2.13-4.el9.x86_64                                                  
#11 41.13   libsmartcols-2.37.4-27.el9.x86_64                                             
#11 41.13   libstdc++-11.5.0-15.el9.x86_64                                                
#11 41.13   libtasn1-4.16.0-10.el9.x86_64                                                 
#11 41.13   libtool-ltdl-2.4.6-46.el9.x86_64                                              
#11 41.13   libutempter-1.2.1-6.el9.x86_64                                                
#11 41.13   libuuid-2.37.4-27.el9.x86_64                                                  
#11 41.13   libverto-0.3.2-3.el9.x86_64                                                   
#11 41.13   libxcrypt-4.4.18-3.el9.x86_64                                                 
#11 41.13   libzstd-1.5.5-1.el9.x86_64                                                    
#11 41.13   lz4-libs-1.9.3-5.el9.x86_64                                                   
#11 41.13   mpfr-4.1.0-10.el9.x86_64                                                      
#11 41.13   ncurses-base-6.2-12.20210508.el9.noarch                                       
#11 41.13   ncurses-libs-6.2-12.20210508.el9.x86_64                                       
#11 41.13   openldap-2.6.13-1.el9.x86_64                                                  
#11 41.13   openssl-1:3.5.8-1.el9.x86_64                                                  
#11 41.13   openssl-fips-provider-1:3.5.8-1.el9.x86_64                                    
#11 41.13   openssl-libs-1:3.5.8-1.el9.x86_64                                             
#11 41.13   p11-kit-0.26.4-1.el9.x86_64                                                   
#11 41.13   p11-kit-trust-0.26.4-1.el9.x86_64                                             
#11 41.13   pam-1.5.1-30.el9.x86_64                                                       
#11 41.13   pcre-8.44-4.el9.x86_64                                                        
#11 41.13   pcre2-10.40-6.el9.x86_64                                                      
#11 41.13   pcre2-syntax-10.40-6.el9.noarch                                               
#11 41.13   procps-ng-3.3.17-15.el9.x86_64                                                
#11 41.13   readline-8.1-4.el9.x86_64                                                     
#11 41.13   sed-4.8-10.el9.x86_64                                                         
#11 41.13   setup-2.13.7-10.el9.noarch                                                    
#11 41.13   shadow-utils-2:4.9-17.el9.x86_64                                              
#11 41.13   sudo-1.9.17p2-4.el9.x86_64                                                    
#11 41.13   systemd-libs-252-78.el9.x86_64                                                
#11 41.13   tzdata-2026c-1.el9.noarch                                                     
#11 41.13   util-linux-2.37.4-27.el9.x86_64                                               
#11 41.13   util-linux-core-2.37.4-27.el9.x86_64                                          
#11 41.13   xz-libs-5.2.5-8.el9.x86_64                                                    
#11 41.13   zlib-1.2.11-41.el9.x86_64                                                     
#11 41.13 
#11 41.13 Complete!
#11 41.46 Verifying...                          ########################################
#11 41.75 Preparing...                          ########################################
#11 42.63 Updating / installing...
#11 42.63 riak-3.4.1.OTP26-1.el9                ########################################
#11 DONE 45.5s

#12 [package-amd64 1/1] COPY --from=install-amd64 /openriak-rootfs/ /
#12 DONE 0.7s

#13 [final 1/4] RUN <<'OPENRIAK_IMAGE_SETUP' (set -eu...)
#13 0.361 uid=999(riak) gid=999(riak) groups=999(riak)
#13 DONE 2.9s

#14 [final 2/4] COPY <<OPENRIAK_ENTRYPOINT /usr/local/bin/openriak-entrypoint
#14 DONE 0.2s

#15 [final 3/4] COPY <<OPENRIAK_HEALTHCHECK /usr/local/bin/openriak-healthcheck
#15 DONE 0.2s

#16 [final 4/4] RUN <<'OPENRIAK_SCRIPT_SETUP' (set -eu...)
#16 DONE 0.4s

#17 exporting to docker image format
#17 exporting layers
#17 exporting layers 7.3s done
#17 exporting manifest sha256:7daf46d0101177cf90b9dd91e78feae423657b79acce449afdb407bd0147f28b 0.1s done
#17 exporting config sha256:3236dea4a416999194267476b88795530e250b8885cdbb443a2a1aee96d196dd 0.1s done
#17 sending tarball
#17 ...

#18 importing to docker
#18 loading layer 9cd56124f059 557.06kB / 70.47MB
#18 loading layer ed7d5d840818 23.61kB / 23.61kB
#18 loading layer 9cd56124f059 557.06kB / 70.47MB 1.7s done
#18 loading layer ed7d5d840818 23.61kB / 23.61kB 0.0s done
#18 loading layer 62ed358fdb78 7.69kB / 7.69kB 0.0s done
#18 loading layer f845290e87ed 384B / 384B 0.0s done
#18 loading layer ac578928857c 7.87kB / 7.87kB 0.0s done
#18 DONE 1.7s

#17 exporting to docker image format
#17 sending tarball 2.4s done
#17 DONE 9.8s

timeout_seconds: 3600
exit_code: 0
