$ /usr/bin/docker exec openriak-kv-3.4.0-oracle-linux-9-otp26-node-5-t-886572z sh -c 'date +%z
id -u riak
id -g riak
stat -c '"'"'%u:%g'"'"' /etc/riak /var/lib/riak /var/log/riak'
started: 2026-09-11T10:58:24Z
+0900
19001
19002
19001:19002
19001:19002
19001:19002

timeout_seconds: 3600
exit_code: 0
$ /usr/bin/docker container inspect openriak-kv-3.4.0-oracle-linux-9-otp26-node-5-t-886572z
started: 2026-09-11T10:58:24Z
[
    {
        "Id": "6e7dc2308076f76900d0e049b872532e04b17284a351a8807f644ce2e15a4264",
        "Created": "2026-09-11T10:54:50.782704551Z",
        "Path": "/usr/local/bin/openriak-entrypoint",
        "Args": [],
        "State": {
            "Status": "running",
            "Running": true,
            "Paused": false,
            "Restarting": false,
            "OOMKilled": false,
            "Dead": false,
            "Pid": 405,
            "ExitCode": 0,
            "Error": "",
            "StartedAt": "2026-09-11T10:54:51.074340569Z",
            "FinishedAt": "0001-01-01T00:00:00Z",
            "Health": {
                "Status": "healthy",
                "FailingStreak": 0,
                "Log": [
                    {
                        "Start": "2026-09-11T10:57:30.574464749Z",
                        "End": "2026-09-11T10:57:31.343862926Z",
                        "ExitCode": 0,
                        "Output": "OpenRiak healthcheck passed: BEAM is running and riak ping returned pong\n"
                    },
                    {
                        "Start": "2026-09-11T10:57:41.345907317Z",
                        "End": "2026-09-11T10:57:42.548457419Z",
                        "ExitCode": 0,
                        "Output": "OpenRiak healthcheck passed: BEAM is running and riak ping returned pong\n"
                    },
                    {
                        "Start": "2026-09-11T10:57:52.550243033Z",
                        "End": "2026-09-11T10:57:53.266550589Z",
                        "ExitCode": 0,
                        "Output": "OpenRiak healthcheck passed: BEAM is running and riak ping returned pong\n"
                    },
                    {
                        "Start": "2026-09-11T10:58:05.151874916Z",
                        "End": "2026-09-11T10:58:05.810274616Z",
                        "ExitCode": 0,
                        "Output": "OpenRiak healthcheck passed: BEAM is running and riak ping returned pong\n"
                    },
                    {
                        "Start": "2026-09-11T10:58:15.811874478Z",
                        "End": "2026-09-11T10:58:16.283359487Z",
                        "ExitCode": 0,
                        "Output": "OpenRiak healthcheck passed: BEAM is running and riak ping returned pong\n"
                    }
                ]
            }
        },
        "Image": "sha256:5e407cb8f82f55c29bcc54c38faaf629a14228f46b194ac99feb12884fa960a1",
        "ResolvConfPath": "/var/lib/docker/containers/6e7dc2308076f76900d0e049b872532e04b17284a351a8807f644ce2e15a4264/resolv.conf",
        "HostnamePath": "/var/lib/docker/containers/6e7dc2308076f76900d0e049b872532e04b17284a351a8807f644ce2e15a4264/hostname",
        "HostsPath": "/var/lib/docker/containers/6e7dc2308076f76900d0e049b872532e04b17284a351a8807f644ce2e15a4264/hosts",
        "LogPath": "/var/lib/docker/containers/6e7dc2308076f76900d0e049b872532e04b17284a351a8807f644ce2e15a4264/6e7dc2308076f76900d0e049b872532e04b17284a351a8807f644ce2e15a4264-json.log",
        "Name": "/openriak-kv-3.4.0-oracle-linux-9-otp26-node-5-t-886572z",
        "RestartCount": 0,
        "Driver": "overlay2",
        "Platform": "linux",
        "MountLabel": "",
        "ProcessLabel": "",
        "AppArmorProfile": "",
        "ExecIDs": null,
        "HostConfig": {
            "Binds": [
                "/tmp/openriak-docker-3.4.0-oracle-linux-9-otp26-4zlj60kz/openriak-kv-3.4.0-oracle-linux-9-otp26-node-5/config:/etc/riak:rw",
                "/tmp/openriak-docker-3.4.0-oracle-linux-9-otp26-4zlj60kz/openriak-kv-3.4.0-oracle-linux-9-otp26-node-5/data:/var/lib/riak:rw",
                "/tmp/openriak-docker-3.4.0-oracle-linux-9-otp26-4zlj60kz/openriak-kv-3.4.0-oracle-linux-9-otp26-node-5/logs:/var/log/riak:rw",
                "/tmp/openriak-docker-3.4.0-oracle-linux-9-otp26-4zlj60kz/openriak-kv-3.4.0-oracle-linux-9-otp26-node-cluster-control:/var/lib/openriak-cluster-control:rw"
            ],
            "ContainerIDFile": "",
            "LogConfig": {
                "Type": "json-file",
                "Config": {
                    "max-file": "3",
                    "max-size": "10m"
                }
            },
            "NetworkMode": "openriak-kv-340-oracle-linux-9-otp26-node-cluster_openriak",
            "PortBindings": {},
            "RestartPolicy": {
                "Name": "no",
                "MaximumRetryCount": 0
            },
            "AutoRemove": false,
            "VolumeDriver": "",
            "VolumesFrom": null,
            "ConsoleSize": [
                0,
                0
            ],
            "CapAdd": null,
            "CapDrop": null,
            "CgroupnsMode": "private",
            "Dns": null,
            "DnsOptions": null,
            "DnsSearch": null,
            "ExtraHosts": [],
            "GroupAdd": null,
            "IpcMode": "private",
            "Cgroup": "",
            "Links": null,
            "OomScoreAdj": 0,
            "PidMode": "",
            "Privileged": false,
            "PublishAllPorts": false,
            "ReadonlyRootfs": false,
            "SecurityOpt": null,
            "UTSMode": "",
            "UsernsMode": "",
            "ShmSize": 67108864,
            "Runtime": "runc",
            "Isolation": "",
            "CpuShares": 0,
            "Memory": 0,
            "NanoCpus": 0,
            "CgroupParent": "",
            "BlkioWeight": 0,
            "BlkioWeightDevice": null,
            "BlkioDeviceReadBps": null,
            "BlkioDeviceWriteBps": null,
            "BlkioDeviceReadIOps": null,
            "BlkioDeviceWriteIOps": null,
            "CpuPeriod": 0,
            "CpuQuota": 0,
            "CpuRealtimePeriod": 0,
            "CpuRealtimeRuntime": 0,
            "CpusetCpus": "",
            "CpusetMems": "",
            "Devices": null,
            "DeviceCgroupRules": null,
            "DeviceRequests": null,
            "MemoryReservation": 0,
            "MemorySwap": 0,
            "MemorySwappiness": null,
            "OomKillDisable": null,
            "PidsLimit": null,
            "Ulimits": [
                {
                    "Name": "nofile",
                    "Hard": 100000,
                    "Soft": 100000
                }
            ],
            "CpuCount": 0,
            "CpuPercent": 0,
            "IOMaximumIOps": 0,
            "IOMaximumBandwidth": 0,
            "MaskedPaths": [
                "/proc/acpi",
                "/proc/asound",
                "/proc/interrupts",
                "/proc/kcore",
                "/proc/keys",
                "/proc/latency_stats",
                "/proc/sched_debug",
                "/proc/scsi",
                "/proc/timer_list",
                "/proc/timer_stats",
                "/sys/devices/virtual/powercap",
                "/sys/firmware"
            ],
            "ReadonlyPaths": [
                "/proc/bus",
                "/proc/fs",
                "/proc/irq",
                "/proc/sys",
                "/proc/sysrq-trigger"
            ]
        },
        "GraphDriver": {
            "Data": {
                "ID": "6e7dc2308076f76900d0e049b872532e04b17284a351a8807f644ce2e15a4264",
                "LowerDir": "/var/lib/docker/overlay2/b690eedec957c95315ca3e3c9cb56d796d259613398d7f3b6672a7c735e4eb49-init/diff:/var/lib/docker/overlay2/b8a30b0a334fb9947198e427c477d06895ea9e32288bb041408576e29339b847/diff:/var/lib/docker/overlay2/22230ae861d1660962be118b8da4fb70167873515b53cecf096c9aea6a035a2a/diff:/var/lib/docker/overlay2/f8ed3f3c30a8e9fc3464090b9f214794c16dbecd256eeba68060946a792305a7/diff:/var/lib/docker/overlay2/80e5f019562267d07a3b5639cfef67387f6336ba7dc048fc717a71f3dc76261e/diff:/var/lib/docker/overlay2/9d9c6b8c24de78d0a145ec765c834adadd8936a86d885e633c1a7f1949c38229/diff",
                "MergedDir": "/var/lib/docker/overlay2/b690eedec957c95315ca3e3c9cb56d796d259613398d7f3b6672a7c735e4eb49/merged",
                "UpperDir": "/var/lib/docker/overlay2/b690eedec957c95315ca3e3c9cb56d796d259613398d7f3b6672a7c735e4eb49/diff",
                "WorkDir": "/var/lib/docker/overlay2/b690eedec957c95315ca3e3c9cb56d796d259613398d7f3b6672a7c735e4eb49/work"
            },
            "Name": "overlay2"
        },
        "Mounts": [
            {
                "Type": "bind",
                "Source": "/tmp/openriak-docker-3.4.0-oracle-linux-9-otp26-4zlj60kz/openriak-kv-3.4.0-oracle-linux-9-otp26-node-5/data",
                "Destination": "/var/lib/riak",
                "Mode": "rw",
                "RW": true,
                "Propagation": "rprivate"
            },
            {
                "Type": "bind",
                "Source": "/tmp/openriak-docker-3.4.0-oracle-linux-9-otp26-4zlj60kz/openriak-kv-3.4.0-oracle-linux-9-otp26-node-5/logs",
                "Destination": "/var/log/riak",
                "Mode": "rw",
                "RW": true,
                "Propagation": "rprivate"
            },
            {
                "Type": "bind",
                "Source": "/tmp/openriak-docker-3.4.0-oracle-linux-9-otp26-4zlj60kz/openriak-kv-3.4.0-oracle-linux-9-otp26-node-cluster-control",
                "Destination": "/var/lib/openriak-cluster-control",
                "Mode": "rw",
                "RW": true,
                "Propagation": "rprivate"
            },
            {
                "Type": "bind",
                "Source": "/tmp/openriak-docker-3.4.0-oracle-linux-9-otp26-4zlj60kz/openriak-kv-3.4.0-oracle-linux-9-otp26-node-5/config",
                "Destination": "/etc/riak",
                "Mode": "rw",
                "RW": true,
                "Propagation": "rprivate"
            }
        ],
        "Config": {
            "Hostname": "node-05.cluster-a.openriak",
            "Domainname": "",
            "User": "",
            "AttachStdin": false,
            "AttachStdout": true,
            "AttachStderr": true,
            "ExposedPorts": {
                "8087/tcp": {},
                "8098/tcp": {}
            },
            "Tty": false,
            "OpenStdin": false,
            "StdinOnce": false,
            "Env": [
                "OPENRIAK_CLUSTER_MODE=cluster",
                "RIAK_LOG_MAX_FILES=4",
                "RIAK_UID=19001",
                "RIAK_MONITOR_INTERVAL_SECONDS=1",
                "RIAK_NODE_HOST=node-05.cluster-a.openriak",
                "RIAK_GID=19002",
                "TZ=Asia/Tokyo",
                "OPENRIAK_CLUSTER_POLL_SECONDS=1",
                "RIAK_DISTRIBUTED_COOKIE=openriak-281eadf3f59dad957277cde13b669485",
                "RIAK_LOG_MAX_FILE_SIZE=2MB",
                "OPENRIAK_CLUSTER_WAIT_SECONDS=3600",
                "PATH=/usr/local/sbin:/usr/local/bin:/usr/sbin:/usr/bin:/sbin:/bin",
                "RIAK_NODE_NAME=",
                "RIAK_RING_SIZE=8",
                "RIAK_STORAGE_BACKEND=leveled",
                "RIAK_ANTI_ENTROPY=passive",
                "RIAK_TICTACAAE_ACTIVE=active",
                "RIAK_TICTACAAE_STOREHEADS=enabled",
                "RIAK_HTTP_LISTENER=0.0.0.0:8098",
                "RIAK_PB_LISTENER=0.0.0.0:8087",
                "RIAK_NOFILE_LIMIT=100000",
                "RIAK_INIT_ONLY=0",
                "RIAK_STARTUP_POLL_SECONDS=1",
                "RIAK_SHUTDOWN_POLL_SECONDS=1",
                "OPENRIAK_CLUSTER_CONTROL_DIR=/var/lib/openriak-cluster-control",
                "role="
            ],
            "Cmd": null,
            "Healthcheck": {
                "Test": [
                    "CMD",
                    "/usr/local/bin/openriak-healthcheck"
                ],
                "Interval": 10000000000,
                "Timeout": 60000000000,
                "StartPeriod": 120000000000,
                "Retries": 3
            },
            "Image": "tiotjp/openriak-kv:test-3.4.0-oracle-linux-9-otp26-linux-amd64-20260911t105117.886572z",
            "Volumes": {
                "/etc/riak": {},
                "/var/lib/riak": {},
                "/var/log/riak": {}
            },
            "WorkingDir": "/",
            "Entrypoint": [
                "/usr/local/bin/openriak-entrypoint"
            ],
            "Labels": {
                "com.docker.compose.config-hash": "ee615af4738a4eaf557a71e3a4311d1a709aea33bb43164417fbc6c4c8121425",
                "com.docker.compose.container-number": "1",
                "com.docker.compose.depends_on": "",
                "com.docker.compose.image": "sha256:5e407cb8f82f55c29bcc54c38faaf629a14228f46b194ac99feb12884fa960a1",
                "com.docker.compose.oneoff": "False",
                "com.docker.compose.project": "openriak-kv-340-oracle-linux-9-otp26-node-cluster",
                "com.docker.compose.project.config_files": "/tmp/openriak-docker-3.4.0-oracle-linux-9-otp26-4zlj60kz/compose.cluster.test.yaml",
                "com.docker.compose.project.environment_file": "/tmp/openriak-docker-3.4.0-oracle-linux-9-otp26-4zlj60kz/.env.cluster",
                "com.docker.compose.project.working_dir": "/tmp/openriak-docker-3.4.0-oracle-linux-9-otp26-4zlj60kz",
                "com.docker.compose.service": "node5",
                "com.docker.compose.version": "5.4.0",
                "desktop.docker.io/wsl-distro": "Ubuntu",
                "org.opencontainers.image.description": "Package-backed OpenRiak KV with single-node and cluster startup support",
                "org.opencontainers.image.source": "https://github.com/TI-Tokyo/openriak-docs",
                "org.opencontainers.image.title": "OpenRiak KV",
                "org.opencontainers.image.url": "https://www.tiot.jp/",
                "org.opencontainers.image.vendor": "TI Tokyo",
                "org.opencontainers.image.version": "3.4.0",
                "org.openriak.image.tag": "tiotjp/openriak-kv:3.4.0-oracle-linux-9-otp26",
                "org.openriak.os.name": "oracle-linux",
                "org.openriak.os.release": "9",
                "org.openriak.os.version": "9",
                "org.openriak.otp.version": "26"
            },
            "StopSignal": "SIGTERM",
            "StopTimeout": 120
        },
        "NetworkSettings": {
            "SandboxID": "d06318a3a84c38b9ef8f0c3871590b7eafe935152ab4443cccc2a85f944ce968",
            "SandboxKey": "/var/run/docker/netns/d06318a3a84c",
            "Ports": {
                "8087/tcp": null,
                "8098/tcp": null
            },
            "Networks": {
                "openriak-kv-340-oracle-linux-9-otp26-node-cluster_openriak": {
                    "IPAMConfig": {},
                    "Links": null,
                    "Aliases": [
                        "openriak-kv-3.4.0-oracle-linux-9-otp26-node-5-t-886572z",
                        "node5",
                        "node-05.cluster-a.openriak"
                    ],
                    "DriverOpts": null,
                    "GwPriority": 0,
                    "NetworkID": "fa8cc8e6e091924295065083427716f3f7d173dca1ba1409137788dc43ff2ed1",
                    "EndpointID": "ac59e23107948d674c88d356126717025cf07cc448ab2223c96733acd5eb26af",
                    "Gateway": "172.25.0.1",
                    "IPAddress": "172.25.0.4",
                    "MacAddress": "2a:03:54:66:a2:1e",
                    "IPPrefixLen": 16,
                    "IPv6Gateway": "",
                    "GlobalIPv6Address": "",
                    "GlobalIPv6PrefixLen": 0,
                    "DNSNames": [
                        "openriak-kv-3.4.0-oracle-linux-9-otp26-node-5-t-886572z",
                        "node5",
                        "node-05.cluster-a.openriak",
                        "6e7dc2308076"
                    ]
                }
            }
        }
    }
]

timeout_seconds: 3600
exit_code: 0
$ /usr/bin/docker exec openriak-kv-3.4.0-oracle-linux-9-otp26-node-5-t-886572z sh -ec 'if find /usr /lib /lib64 -name '"'"'libssh.so*'"'"' | grep .
then
    echo '"'"'Unexpected libssh runtime library'"'"' >&2
    exit 1
fi
for name in python python3 perl pip pip3 dnf yum microdnf rpm
do
    if command -v "$name" >/dev/null 2>&1
    then
        echo "Unexpected runtime command: $name" >&2
        exit 1
    fi
done
if find /usr /opt -type f \( -iname '"'"'*python*'"'"' -o -iname '"'"'*setuptools*'"'"' -o -name perl \) | grep .
then
    echo '"'"'Unexpected interpreter files'"'"' >&2
    exit 1
fi
test -s /usr/share/openriak-build/runtime-packages.txt
test -s /etc/os-release
'
started: 2026-09-11T10:58:24Z

timeout_seconds: 3600
exit_code: 0
