$ /usr/bin/docker buildx build --builder openriak-kv-multiarch --load --platform linux/amd64 --pull=false --no-cache --tag tiotjp/openriak-kv:test-3.4.0-oracle-linux-9-otp26-linux-amd64-20260911t105117.886572z --file /home/peter/openriak-builds/openriak-distributed/openriak-docker-2026-09-11-b/local/20260911T084617.243958Z/results/3.4.0/3.4.0-oracle-linux-9-otp26/platforms/linux-amd64/runs/20260911T105117.886572Z/Dockerfile /home/peter/openriak-builds/openriak-distributed/openriak-docker-2026-09-11-b/local/20260911T084617.243958Z/results/3.4.0/3.4.0-oracle-linux-9-otp26/platforms/linux-amd64/runs/20260911T105117.886572Z
started: 2026-09-11T10:51:18Z
#0 building with "openriak-kv-multiarch" instance using docker-container driver

#1 [internal] load build definition from Dockerfile
#1 transferring dockerfile: 44.49kB done
#1 DONE 0.1s

#2 resolve image config for docker-image://docker.io/docker/dockerfile:1.7
#2 DONE 0.4s

#3 docker-image://docker.io/docker/dockerfile:1.7@sha256:a57df69d0ea827fb7266491f2813635de6f17269be881f696fbfdf2d83dda33e
#3 resolve docker.io/docker/dockerfile:1.7@sha256:a57df69d0ea827fb7266491f2813635de6f17269be881f696fbfdf2d83dda33e 0.0s done
#3 CACHED

#4 [internal] load metadata for docker.io/library/oraclelinux:9-slim@sha256:6e9fec9dc3fcbd08df4c175fba0104bcbab93778e817ba9b60bd990683978258
#4 ...

#5 [auth] library/oraclelinux:pull token for registry-1.docker.io
#5 DONE 0.0s

#4 [internal] load metadata for docker.io/library/oraclelinux:9-slim@sha256:6e9fec9dc3fcbd08df4c175fba0104bcbab93778e817ba9b60bd990683978258
#4 DONE 0.6s

#6 [internal] load .dockerignore
#6 transferring context: 2B done
#6 DONE 0.1s

#7 [download-amd64 1/1] ADD --checksum=sha256:db0ae81c7cd0546e2b38285fd2a20f3b06ed838f41edd39d4ac537ef59882503 https://files.tiot.jp/riak/kv/3.4/3.4.0/oracle/9/riak-3.4.0.OTP26-1.el9.x86_64.rpm /riak-3.4.0.OTP26-1.el9.x86_64.rpm
#7 CACHED

#8 [internal] preparing inline document
#8 CACHED

#9 [internal] preparing inline document
#9 CACHED

#10 [install-amd64 1/2] FROM docker.io/library/oraclelinux:9-slim@sha256:6e9fec9dc3fcbd08df4c175fba0104bcbab93778e817ba9b60bd990683978258
#10 resolve docker.io/library/oraclelinux:9-slim@sha256:6e9fec9dc3fcbd08df4c175fba0104bcbab93778e817ba9b60bd990683978258 0.1s done
#10 CACHED

#11 [download-amd64 1/1] ADD --checksum=sha256:db0ae81c7cd0546e2b38285fd2a20f3b06ed838f41edd39d4ac537ef59882503 https://files.tiot.jp/riak/kv/3.4/3.4.0/oracle/9/riak-3.4.0.OTP26-1.el9.x86_64.rpm /riak-3.4.0.OTP26-1.el9.x86_64.rpm
#11 DONE 0.1s

#12 [install-amd64 2/2] RUN --mount=type=bind,from=download-amd64,target=/opt/openriak-package,ro <<'OPENRIAK_PACKAGE_INSTALL' (set -eu...)
#12 0.403 Downloading metadata...
#12 30.33 Downloading metadata...
#12 62.93 Package                                                 Repository            Size
#12 62.93 Installing:                                                                       
#12 62.93  acl-2.4.0-1.el9_8.x86_64                               ol9_baseos_latest  95.1 kB
#12 62.93  attr-2.6.0-1.el9_8.x86_64                              ol9_baseos_latest  85.2 kB
#12 62.93  cracklib-2.9.6-28.el9.x86_64                           ol9_baseos_latest 147.4 kB
#12 62.93  cracklib-dicts-2.9.6-28.el9.x86_64                     ol9_baseos_latest   3.8 MB
#12 62.93  dbus-1:1.12.20-8.0.1.el9.x86_64                        ol9_baseos_latest   6.8 kB
#12 62.93  dbus-broker-28-9.el9_8.x86_64                          ol9_baseos_latest 185.0 kB
#12 62.93  dbus-common-1:1.12.20-8.0.1.el9.noarch                 ol9_baseos_latest  21.7 kB
#12 62.93  dbus-libs-1:1.12.20-8.0.1.el9.x86_64                   ol9_baseos_latest 154.4 kB
#12 62.93  dnf-4.14.0-34.0.1.el9_8.noarch                         ol9_baseos_latest 544.4 kB
#12 62.93  elfutils-default-yama-scope-0.194-1.el9.noarch         ol9_baseos_latest   8.9 kB
#12 62.93  elfutils-libelf-0.194-1.el9.x86_64                     ol9_baseos_latest 216.8 kB
#12 62.93  elfutils-libs-0.194-1.el9.x86_64                       ol9_baseos_latest 279.4 kB
#12 62.93  expat-2.5.0-6.el9_8.3.x86_64                           ol9_baseos_latest 128.7 kB
#12 62.93  gzip-1.12-2.el9_8.x86_64                               ol9_baseos_latest 197.0 kB
#12 62.93  ima-evm-utils-1.6.2-2.el9.x86_64                       ol9_baseos_latest  87.2 kB
#12 62.93  keyutils-1.6.3-1.el9.x86_64                            ol9_baseos_latest  86.2 kB
#12 62.93  kmod-libs-28-11.0.1.el9.x86_64                         ol9_baseos_latest  63.9 kB
#12 62.93  libcomps-0.1.18-1.el9.x86_64                           ol9_baseos_latest  78.9 kB
#12 62.93  libdb-5.3.28-57.0.1.el9_6.x86_64                       ol9_baseos_latest 758.8 kB
#12 62.93  libeconf-0.4.1-7.el9_8.x86_64                          ol9_baseos_latest  32.5 kB
#12 62.93  libfdisk-2.37.4-25.0.1.el9.x86_64                      ol9_baseos_latest 154.9 kB
#12 62.93  libgomp-11.5.0-14.0.1.el9.x86_64                       ol9_baseos_latest 270.0 kB
#12 62.93  libpwquality-1.4.4-8.el9.x86_64                        ol9_baseos_latest 174.9 kB
#12 62.93  libseccomp-2.5.2-2.el9.x86_64                          ol9_baseos_latest  79.1 kB
#12 62.93  libutempter-1.2.1-6.el9.x86_64                         ol9_baseos_latest  27.3 kB
#12 62.93  libxcrypt-compat-4.4.18-3.el9.x86_64                   ol9_appstream      91.1 kB
#12 62.93  openssl-1:3.5.5-6.0.1.el9_8.x86_64                     ol9_baseos_latest   1.7 MB
#12 62.93  pam-1.5.1-28.0.1.el9_8.1.x86_64                        ol9_baseos_latest 807.6 kB
#12 62.93  python-unversioned-command-3.9.25-7.0.1.el9_8.3.noarch ol9_appstream       9.4 kB
#12 62.93  python3-3.9.25-7.0.1.el9_8.3.x86_64                    ol9_baseos_latest  31.3 kB
#12 62.93  python3-dnf-4.14.0-34.0.1.el9_8.noarch                 ol9_baseos_latest 680.7 kB
#12 62.93  python3-gpg-1.15.1-6.el9.x86_64                        ol9_baseos_latest 358.7 kB
#12 62.93  python3-hawkey-0.69.0-18.0.1.el9.x86_64                ol9_baseos_latest 113.2 kB
#12 62.93  python3-libcomps-0.1.18-1.el9.x86_64                   ol9_baseos_latest  57.8 kB
#12 62.93  python3-libdnf-0.69.0-18.0.1.el9.x86_64                ol9_baseos_latest 826.7 kB
#12 62.93  python3-libs-3.9.25-7.0.1.el9_8.3.x86_64               ol9_baseos_latest  10.4 MB
#12 62.93  python3-pip-wheel-21.3.1-2.el9_8.noarch                ol9_baseos_latest   1.2 MB
#12 62.93  python3-rpm-4.16.1.3-40.el9.x86_64                     ol9_baseos_latest  74.6 kB
#12 62.93  python3-setuptools-wheel-53.0.0-15.el9.noarch          ol9_baseos_latest 478.0 kB
#12 62.93  rpm-build-libs-4.16.1.3-40.el9.x86_64                  ol9_baseos_latest  90.2 kB
#12 62.93  rpm-plugin-systemd-inhibit-4.16.1.3-40.el9.x86_64      ol9_appstream      15.6 kB
#12 62.93  rpm-sign-libs-4.16.1.3-40.el9.x86_64                   ol9_baseos_latest  19.9 kB
#12 62.93  systemd-252-67.0.2.el9_8.4.x86_64                      ol9_baseos_latest   4.8 MB
#12 62.93  systemd-libs-252-67.0.2.el9_8.4.x86_64                 ol9_baseos_latest 683.3 kB
#12 62.93  systemd-pam-252-67.0.2.el9_8.4.x86_64                  ol9_baseos_latest 269.7 kB
#12 62.93  systemd-rpm-macros-252-67.0.2.el9_8.4.noarch           ol9_baseos_latest  55.7 kB
#12 62.93  tpm2-tss-3.2.3-1.el9.x86_64                            ol9_baseos_latest 628.7 kB
#12 62.93  util-linux-2.37.4-25.0.1.el9.x86_64                    ol9_baseos_latest   2.6 MB
#12 62.93  util-linux-core-2.37.4-25.0.1.el9.x86_64               ol9_baseos_latest 528.8 kB
#12 62.93 Transaction Summary:
#12 62.93  Installing:       49 packages
#12 62.93  Reinstalling:      0 packages
#12 62.93  Upgrading:         0 packages
#12 62.93  Obsoleting:        0 packages
#12 62.93  Removing:          0 packages
#12 62.93  Downgrading:       0 packages
#12 62.93 Downloading packages...
#12 66.43 Running transaction test...
#12 67.04 Installing: systemd-libs;252-67.0.2.el9_8.4;x86_64;ol9_baseos_latest
#12 67.11 Installing: expat;2.5.0-6.el9_8.3;x86_64;ol9_baseos_latest
#12 67.13 Installing: libfdisk;2.37.4-25.0.1.el9;x86_64;ol9_baseos_latest
#12 67.14 Installing: elfutils-libelf;0.194-1.el9;x86_64;ol9_baseos_latest
#12 67.16 Installing: libcomps;0.1.18-1.el9;x86_64;ol9_baseos_latest
#12 67.17 Installing: dbus-libs;1:1.12.20-8.0.1.el9;x86_64;ol9_baseos_latest
#12 67.18 Installing: rpm-plugin-systemd-inhibit;4.16.1.3-40.el9;x86_64;ol9_appstream
#12 67.19 Installing: util-linux-core;2.37.4-25.0.1.el9;x86_64;ol9_baseos_latest
#12 67.24 Installing: libxcrypt-compat;4.4.18-3.el9;x86_64;ol9_appstream
#12 67.25 Installing: python3-pip-wheel;21.3.1-2.el9_8;noarch;ol9_baseos_latest
#12 67.34 useradd: Warning: missing or non-executable shell '/usr/sbin/nologin'
#12 67.39 Installing: tpm2-tss;3.2.3-1.el9;x86_64;ol9_baseos_latest
#12 67.42 Installing: systemd-rpm-macros;252-67.0.2.el9_8.4;noarch;ol9_baseos_latest
#12 67.43 Installing: python3-setuptools-wheel;53.0.0-15.el9;noarch;ol9_baseos_latest
#12 67.44 Installing: python-unversioned-command;3.9.25-7.0.1.el9_8.3;noarch;ol9_appstream
#12 67.45 Installing: python3;3.9.25-7.0.1.el9_8.3;x86_64;ol9_baseos_latest
#12 67.48 Installing: python3-libs;3.9.25-7.0.1.el9_8.3;x86_64;ol9_baseos_latest
#12 67.78 Installing: python3-libdnf;0.69.0-18.0.1.el9;x86_64;ol9_baseos_latest
#12 67.81 Installing: python3-hawkey;0.69.0-18.0.1.el9;x86_64;ol9_baseos_latest
#12 67.82 Installing: python3-libcomps;0.1.18-1.el9;x86_64;ol9_baseos_latest
#12 67.84 Installing: python3-gpg;1.15.1-6.el9;x86_64;ol9_baseos_latest
#12 67.86 Installing: openssl;1:3.5.5-6.0.1.el9_8;x86_64;ol9_baseos_latest
#12 67.97 Installing: libutempter;1.2.1-6.el9;x86_64;ol9_baseos_latest
#12 67.99 Installing: libseccomp;2.5.2-2.el9;x86_64;ol9_baseos_latest
#12 68.00 Installing: libgomp;11.5.0-14.0.1.el9;x86_64;ol9_baseos_latest
#12 68.01 Installing: libeconf;0.4.1-7.el9_8;x86_64;ol9_baseos_latest
#12 68.02 Installing: libdb;5.3.28-57.0.1.el9_6;x86_64;ol9_baseos_latest
#12 68.04 Installing: kmod-libs;28-11.0.1.el9;x86_64;ol9_baseos_latest
#12 68.05 Installing: keyutils;1.6.3-1.el9;x86_64;ol9_baseos_latest
#12 68.07 Installing: gzip;1.12-2.el9_8;x86_64;ol9_baseos_latest
#12 68.08 Installing: cracklib;2.9.6-28.el9;x86_64;ol9_baseos_latest
#12 68.11 Installing: cracklib-dicts;2.9.6-28.el9;x86_64;ol9_baseos_latest
#12 68.16 Installing: pam;1.5.1-28.0.1.el9_8.1;x86_64;ol9_baseos_latest
#12 68.23 Installing: libpwquality;1.4.4-8.el9;x86_64;ol9_baseos_latest
#12 68.25 Installing: util-linux;2.37.4-25.0.1.el9;x86_64;ol9_baseos_latest
#12 68.33 Installing: attr;2.6.0-1.el9_8;x86_64;ol9_baseos_latest
#12 68.34 Installing: ima-evm-utils;1.6.2-2.el9;x86_64;ol9_baseos_latest
#12 68.36 Installing: rpm-sign-libs;4.16.1.3-40.el9;x86_64;ol9_baseos_latest
#12 68.37 Installing: acl;2.4.0-1.el9_8;x86_64;ol9_baseos_latest
#12 68.38 Installing: dbus;1:1.12.20-8.0.1.el9;x86_64;ol9_baseos_latest
#12 68.39 Installing: systemd-pam;252-67.0.2.el9_8.4;x86_64;ol9_baseos_latest
#12 68.70 Installing: systemd;252-67.0.2.el9_8.4;x86_64;ol9_baseos_latest
#12 68.92 Installing: dbus-common;1:1.12.20-8.0.1.el9;noarch;ol9_baseos_latest
#12 68.95 Created symlink /etc/systemd/system/sockets.target.wants/dbus.socket → /usr/lib/systemd/system/dbus.socket.
#12 68.96 Created symlink /etc/systemd/user/sockets.target.wants/dbus.socket → /usr/lib/systemd/user/dbus.socket.
#12 68.96 Installing: dbus-broker;28-9.el9_8;x86_64;ol9_baseos_latest
#12 68.99 Created symlink /etc/systemd/system/dbus.service → /usr/lib/systemd/system/dbus-broker.service.
#12 68.99 Created symlink /etc/systemd/user/dbus.service → /usr/lib/systemd/user/dbus-broker.service.
#12 68.99 Installing: elfutils-default-yama-scope;0.194-1.el9;noarch;ol9_baseos_latest
#12 69.01 Installing: elfutils-libs;0.194-1.el9;x86_64;ol9_baseos_latest
#12 69.03 Installing: rpm-build-libs;4.16.1.3-40.el9;x86_64;ol9_baseos_latest
#12 69.04 Installing: python3-rpm;4.16.1.3-40.el9;x86_64;ol9_baseos_latest
#12 69.05 Installing: python3-dnf;4.14.0-34.0.1.el9_8;noarch;ol9_baseos_latest
#12 69.09 Installing: dnf;4.14.0-34.0.1.el9_8;noarch;ol9_baseos_latest
#12 69.13 Created symlink /etc/systemd/system/timers.target.wants/dnf-makecache.timer → /usr/lib/systemd/system/dnf-makecache.timer.
#12 69.56 Complete.
#12 80.79 Oracle Linux 9 BaseOS Latest (x86_64)            14 MB/s | 149 MB     00:10    
#12 108.2 Oracle Linux 9 Application Stream Packages (x86  17 MB/s | 106 MB     00:06    
#12 131.9 Last metadata expiration check: 0:00:21 ago on Fri Sep 11 10:53:03 2026.
#12 135.2 Dependencies resolved.
#12 135.2 ============================================================================================
#12 135.2  Package                    Arch    Version                         Repository          Size
#12 135.2 ============================================================================================
#12 135.2 Installing:
#12 135.2  bash                       x86_64  5.1.8-9.el9                     ol9_baseos_latest  1.8 M
#12 135.2  ca-certificates            noarch  2025.2.80_v9.0.305-91.el9       ol9_baseos_latest  960 k
#12 135.2  coreutils                  x86_64  8.32-41.0.1.el9_8.1             ol9_baseos_latest  1.2 M
#12 135.2  findutils                  x86_64  1:4.8.0-7.el9                   ol9_baseos_latest  591 k
#12 135.2  gawk                       x86_64  5.1.0-6.el9                     ol9_baseos_latest  1.0 M
#12 135.2  glibc                      x86_64  2.34-275.0.1.el9_8              ol9_baseos_latest  2.0 M
#12 135.2  glibc-minimal-langpack     x86_64  2.34-275.0.1.el9_8              ol9_baseos_latest   33 k
#12 135.2  grep                       x86_64  3.6-5.el9                       ol9_baseos_latest  319 k
#12 135.2  hostname                   x86_64  3.23-6.el9                      ol9_baseos_latest   34 k
#12 135.2  libgcc                     x86_64  11.5.0-14.0.1.el9               ol9_baseos_latest   94 k
#12 135.2  libstdc++                  x86_64  11.5.0-14.0.1.el9               ol9_baseos_latest  757 k
#12 135.2  ncurses-libs               x86_64  6.2-12.20210508.el9             ol9_baseos_latest  332 k
#12 135.2  openssl-libs               x86_64  1:3.5.5-6.0.1.el9_8             ol9_baseos_latest  2.3 M
#12 135.2  oraclelinux-release        x86_64  9:9.8-1.0.7.el9                 ol9_baseos_latest  6.0 M
#12 135.2  pam                        x86_64  1.5.1-28.0.1.el9_8.1            ol9_baseos_latest  789 k
#12 135.2  procps-ng                  x86_64  3.3.17-14.0.1.el9               ol9_baseos_latest  382 k
#12 135.2  sed                        x86_64  4.8-10.el9                      ol9_baseos_latest  345 k
#12 135.2  shadow-utils               x86_64  2:4.9-16.el9                    ol9_baseos_latest  1.5 M
#12 135.2  sudo                       x86_64  1.9.17p2-3.el9_8                ol9_baseos_latest  1.4 M
#12 135.2  tzdata                     noarch  2026c-1.el9_8                   ol9_baseos_latest  2.3 M
#12 135.2  util-linux                 x86_64  2.37.4-25.0.1.el9               ol9_baseos_latest  2.5 M
#12 135.2  zlib                       x86_64  1.2.11-40.el9                   ol9_baseos_latest   95 k
#12 135.2 Installing dependencies:
#12 135.2  alternatives               x86_64  1.24-2.0.1.el9                  ol9_baseos_latest   37 k
#12 135.2  audit-libs                 x86_64  3.1.5-8.0.1.el9                 ol9_baseos_latest  127 k
#12 135.2  basesystem                 noarch  11-13.el9                       ol9_baseos_latest  7.4 k
#12 135.2  bzip2-libs                 x86_64  1.0.8-11.el9                    ol9_baseos_latest   39 k
#12 135.2  coreutils-common           x86_64  8.32-41.0.1.el9_8.1             ol9_baseos_latest  2.1 M
#12 135.2  cracklib                   x86_64  2.9.6-28.el9                    ol9_baseos_latest  144 k
#12 135.2  cracklib-dicts             x86_64  2.9.6-28.el9                    ol9_baseos_latest  3.7 M
#12 135.2  crypto-policies            noarch  20260224-1.0.1.gitea0f072.el9_8 ol9_baseos_latest  189 k
#12 135.2  cyrus-sasl-lib             x86_64  2.1.27-22.el9                   ol9_baseos_latest  781 k
#12 135.2  filesystem                 x86_64  3.16-5.el9                      ol9_baseos_latest  1.1 M
#12 135.2  gdbm-libs                  x86_64  1:1.23-1.el9                    ol9_baseos_latest   55 k
#12 135.2  glibc-common               x86_64  2.34-275.0.1.el9_8              ol9_baseos_latest  334 k
#12 135.2  gmp                        x86_64  1:6.2.0-13.el9                  ol9_baseos_latest  324 k
#12 135.2  gzip                       x86_64  1.12-2.el9_8                    ol9_baseos_latest  192 k
#12 135.2  keyutils-libs              x86_64  1.6.3-1.el9                     ol9_baseos_latest   35 k
#12 135.2  krb5-libs                  x86_64  1.21.1-10.0.1.el9_8             ol9_baseos_latest  777 k
#12 135.2  libacl                     x86_64  2.4.0-1.el9_8                   ol9_baseos_latest   24 k
#12 135.2  libattr                    x86_64  2.6.0-1.el9_8                   ol9_baseos_latest   17 k
#12 135.2  libblkid                   x86_64  2.37.4-25.0.1.el9               ol9_baseos_latest  105 k
#12 135.2  libcap                     x86_64  2.48-10.el9_8.1                 ol9_baseos_latest   80 k
#12 135.2  libcap-ng                  x86_64  0.8.2-7.el9                     ol9_baseos_latest   37 k
#12 135.2  libcom_err                 x86_64  1.46.5-8.el9                    ol9_baseos_latest   25 k
#12 135.2  libdb                      x86_64  5.3.28-57.0.1.el9_6             ol9_baseos_latest  741 k
#12 135.2  libeconf                   x86_64  0.4.1-7.el9_8                   ol9_baseos_latest   32 k
#12 135.2  libevent                   x86_64  2.1.12-8.el9_4                  ol9_baseos_latest  267 k
#12 135.2  libfdisk                   x86_64  2.37.4-25.0.1.el9               ol9_baseos_latest  151 k
#12 135.2  libffi                     x86_64  3.4.2-8.el9                     ol9_baseos_latest   36 k
#12 135.2  libgcrypt                  x86_64  1.10.0-13.el9_8                 ol9_baseos_latest  511 k
#12 135.2  libgpg-error               x86_64  1.42-5.el9                      ol9_baseos_latest  240 k
#12 135.2  libmount                   x86_64  2.37.4-25.0.1.el9               ol9_baseos_latest  132 k
#12 135.2  libpwquality               x86_64  1.4.4-8.el9                     ol9_baseos_latest  171 k
#12 135.2  libselinux                 x86_64  3.6-3.el9                       ol9_baseos_latest   85 k
#12 135.2  libsemanage                x86_64  3.6-5.el9_6                     ol9_baseos_latest  122 k
#12 135.2  libsepol                   x86_64  3.6-3.el9                       ol9_baseos_latest  328 k
#12 135.2  libsigsegv                 x86_64  2.13-4.el9                      ol9_baseos_latest   32 k
#12 135.2  libsmartcols               x86_64  2.37.4-25.0.1.el9               ol9_baseos_latest   60 k
#12 135.2  libtasn1                   x86_64  4.16.0-10.el9_8                 ol9_baseos_latest   81 k
#12 135.2  libtool-ltdl               x86_64  2.4.6-46.el9                    ol9_baseos_latest   34 k
#12 135.2  libutempter                x86_64  1.2.1-6.el9                     ol9_baseos_latest   27 k
#12 135.2  libuuid                    x86_64  2.37.4-25.0.1.el9               ol9_baseos_latest   25 k
#12 135.2  libverto                   x86_64  0.3.2-3.el9                     ol9_baseos_latest   27 k
#12 135.2  libxcrypt                  x86_64  4.4.18-3.el9                    ol9_baseos_latest  125 k
#12 135.2  libzstd                    x86_64  1.5.5-1.el9                     ol9_baseos_latest  294 k
#12 135.2  lz4-libs                   x86_64  1.9.3-5.el9                     ol9_baseos_latest   68 k
#12 135.2  mpfr                       x86_64  4.1.0-10.el9                    ol9_baseos_latest  331 k
#12 135.2  ncurses-base               noarch  6.2-12.20210508.el9             ol9_baseos_latest  212 k
#12 135.2  openldap                   x86_64  2.6.8-4.el9                     ol9_baseos_latest  279 k
#12 135.2  openssl                    x86_64  1:3.5.5-6.0.1.el9_8             ol9_baseos_latest  1.6 M
#12 135.2  openssl-fips-provider      x86_64  3.0.7-11.0.1.el9_8              ol9_baseos_latest  7.9 k
#12 135.2  openssl-fips-provider-so   x86_64  3.0.7-11.0.1.el9_8              ol9_baseos_latest  575 k
#12 135.2  p11-kit                    x86_64  0.26.4-1.el9_8                  ol9_baseos_latest  677 k
#12 135.2  p11-kit-trust              x86_64  0.26.4-1.el9_8                  ol9_baseos_latest  162 k
#12 135.2  pcre                       x86_64  8.44-4.el9                      ol9_baseos_latest  203 k
#12 135.2  pcre2                      x86_64  10.40-6.0.1.el9                 ol9_baseos_latest  233 k
#12 135.2  pcre2-syntax               noarch  10.40-6.0.1.el9                 ol9_baseos_latest  155 k
#12 135.2  readline                   x86_64  8.1-4.el9                       ol9_baseos_latest  218 k
#12 135.2  redhat-release             x86_64  3:9.8-0.7.0.1.el9               ol9_baseos_latest   18 k
#12 135.2  setup                      noarch  2.13.7-10.el9                   ol9_baseos_latest  175 k
#12 135.2  systemd-libs               x86_64  252-67.0.2.el9_8.4              ol9_baseos_latest  667 k
#12 135.2  util-linux-core            x86_64  2.37.4-25.0.1.el9               ol9_baseos_latest  516 k
#12 135.2  xz-libs                    x86_64  5.2.5-8.el9_0                   ol9_baseos_latest   92 k
#12 135.2 
#12 135.2 Transaction Summary
#12 135.2 ============================================================================================
#12 135.2 Install  83 Packages
#12 135.2 
#12 135.2 Total download size: 46 M
#12 135.2 Installed size: 120 M
#12 135.2 Downloading Packages:
#12 136.6 (1/83): basesystem-11-13.el9.noarch.rpm         5.6 kB/s | 7.4 kB     00:01    
#12 136.6 (2/83): alternatives-1.24-2.0.1.el9.x86_64.rpm   28 kB/s |  37 kB     00:01    
#12 136.6 (3/83): audit-libs-3.1.5-8.0.1.el9.x86_64.rpm    94 kB/s | 127 kB     00:01    
#12 136.6 (4/83): bzip2-libs-1.0.8-11.el9.x86_64.rpm      2.5 MB/s |  39 kB     00:00    
#12 136.7 (5/83): ca-certificates-2025.2.80_v9.0.305-91.e 7.7 MB/s | 960 kB     00:00    
#12 136.8 (6/83): coreutils-8.32-41.0.1.el9_8.1.x86_64.rp 6.4 MB/s | 1.2 MB     00:00    
#12 136.8 (7/83): bash-5.1.8-9.el9.x86_64.rpm             7.4 MB/s | 1.8 MB     00:00    
#12 136.8 (8/83): cracklib-2.9.6-28.el9.x86_64.rpm        4.0 MB/s | 144 kB     00:00    
#12 136.9 (9/83): crypto-policies-20260224-1.0.1.gitea0f0 4.0 MB/s | 189 kB     00:00    
#12 137.0 (10/83): cyrus-sasl-lib-2.1.27-22.el9.x86_64.rp 5.9 MB/s | 781 kB     00:00    
#12 137.0 (11/83): coreutils-common-8.32-41.0.1.el9_8.1.x 7.0 MB/s | 2.1 MB     00:00    
#12 137.1 (12/83): findutils-4.8.0-7.el9.x86_64.rpm       6.5 MB/s | 591 kB     00:00    
#12 137.2 (13/83): filesystem-3.16-5.el9.x86_64.rpm       6.7 MB/s | 1.1 MB     00:00    
#12 137.2 (14/83): gdbm-libs-1.23-1.el9.x86_64.rpm        2.8 MB/s |  55 kB     00:00    
#12 137.3 (15/83): gawk-5.1.0-6.el9.x86_64.rpm            6.8 MB/s | 1.0 MB     00:00    
#12 137.3 (16/83): cracklib-dicts-2.9.6-28.el9.x86_64.rpm 7.8 MB/s | 3.7 MB     00:00    
#12 137.3 (17/83): glibc-minimal-langpack-2.34-275.0.1.el 1.7 MB/s |  33 kB     00:00    
#12 137.3 (18/83): glibc-common-2.34-275.0.1.el9_8.x86_64 5.8 MB/s | 334 kB     00:00    
#12 137.4 (19/83): gmp-6.2.0-13.el9.x86_64.rpm            5.8 MB/s | 324 kB     00:00    
#12 137.4 (20/83): grep-3.6-5.el9.x86_64.rpm              5.3 MB/s | 319 kB     00:00    
#12 137.4 (21/83): gzip-1.12-2.el9_8.x86_64.rpm           5.2 MB/s | 192 kB     00:00    
#12 137.4 (22/83): hostname-3.23-6.el9.x86_64.rpm         1.7 MB/s |  34 kB     00:00    
#12 137.4 (23/83): keyutils-libs-1.6.3-1.el9.x86_64.rpm   2.4 MB/s |  35 kB     00:00    
#12 137.4 (24/83): glibc-2.34-275.0.1.el9_8.x86_64.rpm    8.4 MB/s | 2.0 MB     00:00    
#12 137.4 (25/83): libacl-2.4.0-1.el9_8.x86_64.rpm        1.1 MB/s |  24 kB     00:00    
#12 137.4 (26/83): libattr-2.6.0-1.el9_8.x86_64.rpm       1.0 MB/s |  17 kB     00:00    
#12 137.5 (27/83): libblkid-2.37.4-25.0.1.el9.x86_64.rpm  4.4 MB/s | 105 kB     00:00    
#12 137.5 (28/83): libcap-2.48-10.el9_8.1.x86_64.rpm      3.1 MB/s |  80 kB     00:00    
#12 137.5 (29/83): libcap-ng-0.8.2-7.el9.x86_64.rpm       1.8 MB/s |  37 kB     00:00    
#12 137.5 (30/83): libcom_err-1.46.5-8.el9.x86_64.rpm     1.5 MB/s |  25 kB     00:00    
#12 137.5 (31/83): krb5-libs-1.21.1-10.0.1.el9_8.x86_64.r 8.1 MB/s | 777 kB     00:00    
#12 137.5 (32/83): libeconf-0.4.1-7.el9_8.x86_64.rpm      1.5 MB/s |  32 kB     00:00    
#12 137.5 (33/83): libevent-2.1.12-8.el9_4.x86_64.rpm     5.1 MB/s | 267 kB     00:00    
#12 137.6 (34/83): libfdisk-2.37.4-25.0.1.el9.x86_64.rpm  3.0 MB/s | 151 kB     00:00    
#12 137.6 (35/83): libffi-3.4.2-8.el9.x86_64.rpm          2.0 MB/s |  36 kB     00:00    
#12 137.6 (36/83): libdb-5.3.28-57.0.1.el9_6.x86_64.rpm   7.1 MB/s | 741 kB     00:00    
#12 137.6 (37/83): libgcc-11.5.0-14.0.1.el9.x86_64.rpm    2.8 MB/s |  94 kB     00:00    
#12 137.6 (38/83): libmount-2.37.4-25.0.1.el9.x86_64.rpm  5.0 MB/s | 132 kB     00:00    
#12 137.6 (39/83): libgpg-error-1.42-5.el9.x86_64.rpm     5.2 MB/s | 240 kB     00:00    
#12 137.6 (40/83): libgcrypt-1.10.0-13.el9_8.x86_64.rpm   6.4 MB/s | 511 kB     00:00    
#12 137.7 (41/83): libselinux-3.6-3.el9.x86_64.rpm        3.1 MB/s |  85 kB     00:00    
#12 137.7 (42/83): libpwquality-1.4.4-8.el9.x86_64.rpm    3.8 MB/s | 171 kB     00:00    
#12 137.7 (43/83): libsemanage-3.6-5.el9_6.x86_64.rpm     5.4 MB/s | 122 kB     00:00    
#12 137.7 (44/83): libsigsegv-2.13-4.el9.x86_64.rpm       1.8 MB/s |  32 kB     00:00    
#12 137.7 (45/83): libsmartcols-2.37.4-25.0.1.el9.x86_64. 2.7 MB/s |  60 kB     00:00    
#12 137.7 (46/83): libsepol-3.6-3.el9.x86_64.rpm          7.0 MB/s | 328 kB     00:00    
#12 137.7 (47/83): libtasn1-4.16.0-10.el9_8.x86_64.rpm    3.2 MB/s |  81 kB     00:00    
#12 137.7 (48/83): libtool-ltdl-2.4.6-46.el9.x86_64.rpm   1.5 MB/s |  34 kB     00:00    
#12 137.7 (49/83): libutempter-1.2.1-6.el9.x86_64.rpm     1.8 MB/s |  27 kB     00:00    
#12 137.7 (50/83): libuuid-2.37.4-25.0.1.el9.x86_64.rpm   1.5 MB/s |  25 kB     00:00    
#12 137.8 (51/83): libverto-0.3.2-3.el9.x86_64.rpm        1.4 MB/s |  27 kB     00:00    
#12 137.8 (52/83): libxcrypt-4.4.18-3.el9.x86_64.rpm      4.7 MB/s | 125 kB     00:00    
#12 137.8 (53/83): libstdc++-11.5.0-14.0.1.el9.x86_64.rpm 7.6 MB/s | 757 kB     00:00    
#12 137.8 (54/83): lz4-libs-1.9.3-5.el9.x86_64.rpm        3.9 MB/s |  68 kB     00:00    
#12 137.8 (55/83): libzstd-1.5.5-1.el9.x86_64.rpm         7.0 MB/s | 294 kB     00:00    
#12 137.8 (56/83): mpfr-4.1.0-10.el9.x86_64.rpm           9.9 MB/s | 331 kB     00:00    
#12 137.8 (57/83): ncurses-base-6.2-12.20210508.el9.noarc 6.1 MB/s | 212 kB     00:00    
#12 137.8 (58/83): ncurses-libs-6.2-12.20210508.el9.x86_6 8.0 MB/s | 332 kB     00:00    
#12 137.8 (59/83): openldap-2.6.8-4.el9.x86_64.rpm        8.2 MB/s | 279 kB     00:00    
#12 137.9 (60/83): openssl-fips-provider-3.0.7-11.0.1.el9 535 kB/s | 7.9 kB     00:00    
#12 137.9 (61/83): openssl-fips-provider-so-3.0.7-11.0.1. 7.9 MB/s | 575 kB     00:00    
#12 138.0 (62/83): openssl-3.5.5-6.0.1.el9_8.x86_64.rpm   7.8 MB/s | 1.6 MB     00:00    
#12 138.1 (63/83): p11-kit-0.26.4-1.el9_8.x86_64.rpm      6.1 MB/s | 677 kB     00:00    
#12 138.2 (64/83): openssl-libs-3.5.5-6.0.1.el9_8.x86_64. 7.1 MB/s | 2.3 MB     00:00    
#12 138.2 (65/83): p11-kit-trust-0.26.4-1.el9_8.x86_64.rp 3.5 MB/s | 162 kB     00:00    
#12 138.2 (66/83): pcre-8.44-4.el9.x86_64.rpm             4.8 MB/s | 203 kB     00:00    
#12 138.3 (67/83): pcre2-10.40-6.0.1.el9.x86_64.rpm       4.6 MB/s | 233 kB     00:00    
#12 138.3 (68/83): pam-1.5.1-28.0.1.el9_8.1.x86_64.rpm    6.6 MB/s | 789 kB     00:00    
#12 138.3 (69/83): pcre2-syntax-10.40-6.0.1.el9.noarch.rp 4.0 MB/s | 155 kB     00:00    
#12 138.4 (70/83): procps-ng-3.3.17-14.0.1.el9.x86_64.rpm 5.5 MB/s | 382 kB     00:00    
#12 138.4 (71/83): readline-8.1-4.el9.x86_64.rpm          4.0 MB/s | 218 kB     00:00    
#12 138.4 (72/83): redhat-release-9.8-0.7.0.1.el9.x86_64. 897 kB/s |  18 kB     00:00    
#12 138.4 (73/83): setup-2.13.7-10.el9.noarch.rpm         4.5 MB/s | 175 kB     00:00    
#12 138.4 (74/83): sed-4.8-10.el9.x86_64.rpm              5.3 MB/s | 345 kB     00:00    
#12 138.6 (75/83): shadow-utils-4.9-16.el9.x86_64.rpm     6.9 MB/s | 1.5 MB     00:00    
#12 138.7 (76/83): sudo-1.9.17p2-3.el9_8.x86_64.rpm       6.8 MB/s | 1.4 MB     00:00    
#12 138.7 (77/83): oraclelinux-release-9.8-1.0.7.el9.x86_ 7.9 MB/s | 6.0 MB     00:00    
#12 138.7 (78/83): systemd-libs-252-67.0.2.el9_8.4.x86_64 6.8 MB/s | 667 kB     00:00    
#12 138.8 (79/83): util-linux-core-2.37.4-25.0.1.el9.x86_ 6.9 MB/s | 516 kB     00:00    
#12 138.8 (80/83): xz-libs-5.2.5-8.el9_0.x86_64.rpm       2.9 MB/s |  92 kB     00:00    
#12 138.9 (81/83): zlib-1.2.11-40.el9.x86_64.rpm          3.1 MB/s |  95 kB     00:00    
#12 138.9 (82/83): tzdata-2026c-1.el9_8.noarch.rpm        7.8 MB/s | 2.3 MB     00:00    
#12 139.0 (83/83): util-linux-2.37.4-25.0.1.el9.x86_64.rp 8.5 MB/s | 2.5 MB     00:00    
#12 139.0 --------------------------------------------------------------------------------
#12 139.0 Total                                            12 MB/s |  46 MB     00:03     
#12 139.0 Oracle Linux 9 BaseOS Latest (x86_64)           6.1 MB/s | 6.2 kB     00:00    
#12 139.2 Importing GPG key 0x8D8B756F:
#12 139.2  Userid     : "Oracle Linux (release key 1) <secalert_us@oracle.com>"
#12 139.2  Fingerprint: 3E6D 826D 3FBA B389 C2F3 8E34 BC4D 06A0 8D8B 756F
#12 139.2  From       : /etc/pki/rpm-gpg/RPM-GPG-KEY-oracle
#12 139.2 Key imported successfully
#12 139.2 Importing GPG key 0x8B4EFBE6:
#12 139.2  Userid     : "Oracle Linux (backup key 1) <secalert_us@oracle.com>"
#12 139.2  Fingerprint: 9822 3175 9C74 6706 5D0C E9B2 A7DD 0708 8B4E FBE6
#12 139.2  From       : /etc/pki/rpm-gpg/RPM-GPG-KEY-oracle
#12 139.2 Key imported successfully
#12 140.7 Running transaction check
#12 140.8 Transaction check succeeded.
#12 140.8 Running transaction test
#12 141.2 Transaction test succeeded.
#12 141.2 Running transaction
#12 142.7   Running scriptlet: filesystem-3.16-5.el9.x86_64                           1/1 
#12 142.7   Preparing        :                                                        1/1 
#12 142.9   Installing       : tzdata-2026c-1.el9_8.noarch                           1/83 
#12 142.9   Installing       : redhat-release-3:9.8-0.7.0.1.el9.x86_64               2/83 
#12 142.9   Installing       : pcre2-syntax-10.40-6.0.1.el9.noarch                   3/83 
#12 142.9   Installing       : ncurses-base-6.2-12.20210508.el9.noarch               4/83 
#12 142.9   Installing       : ncurses-libs-6.2-12.20210508.el9.x86_64               5/83 
#12 143.0   Installing       : oraclelinux-release-9:9.8-1.0.7.el9.x86_64            6/83 
#12 143.0   Installing       : setup-2.13.7-10.el9.noarch                            7/83 
#12 143.0   Running scriptlet: setup-2.13.7-10.el9.noarch                            7/83 
#12 143.3   Installing       : filesystem-3.16-5.el9.x86_64                          8/83 
#12 143.3   Installing       : basesystem-11-13.el9.noarch                           9/83 
#12 143.4   Installing       : bash-5.1.8-9.el9.x86_64                              10/83 
#12 143.4   Running scriptlet: bash-5.1.8-9.el9.x86_64                              10/83 
#12 143.4   Installing       : libgcc-11.5.0-14.0.1.el9.x86_64                      11/83 
#12 143.4   Running scriptlet: libgcc-11.5.0-14.0.1.el9.x86_64                      11/83 
#12 143.4   Installing       : glibc-minimal-langpack-2.34-275.0.1.el9_8.x86_64     12/83 
#12 143.4   Installing       : glibc-common-2.34-275.0.1.el9_8.x86_64               13/83 
#12 143.4   Running scriptlet: glibc-2.34-275.0.1.el9_8.x86_64                      14/83 
#12 143.4   Installing       : glibc-2.34-275.0.1.el9_8.x86_64                      14/83 
#12 143.5   Running scriptlet: glibc-2.34-275.0.1.el9_8.x86_64                      14/83 
#12 143.7   Installing       : libuuid-2.37.4-25.0.1.el9.x86_64                     15/83 
#12 143.7   Installing       : libxcrypt-4.4.18-3.el9.x86_64                        16/83 
#12 143.7   Installing       : zlib-1.2.11-40.el9.x86_64                            17/83 
#12 143.8   Installing       : gmp-1:6.2.0-13.el9.x86_64                            18/83 
#12 143.8   Installing       : libacl-2.4.0-1.el9_8.x86_64                          19/83 
#12 143.8   Installing       : libattr-2.6.0-1.el9_8.x86_64                         20/83 
#12 143.8   Installing       : libcap-2.48-10.el9_8.1.x86_64                        21/83 
#12 143.8   Installing       : libcap-ng-0.8.2-7.el9.x86_64                         22/83 
#12 143.8   Installing       : audit-libs-3.1.5-8.0.1.el9.x86_64                    23/83 
#12 143.8   Installing       : libcom_err-1.46.5-8.el9.x86_64                       24/83 
#12 143.8   Installing       : libffi-3.4.2-8.el9.x86_64                            25/83 
#12 143.8   Installing       : libsepol-3.6-3.el9.x86_64                            26/83 
#12 143.8   Installing       : libsigsegv-2.13-4.el9.x86_64                         27/83 
#12 143.8   Installing       : libsmartcols-2.37.4-25.0.1.el9.x86_64                28/83 
#12 143.8   Installing       : libtasn1-4.16.0-10.el9_8.x86_64                      29/83 
#12 143.9   Installing       : p11-kit-0.26.4-1.el9_8.x86_64                        30/83 
#12 143.9   Installing       : readline-8.1-4.el9.x86_64                            31/83 
#12 143.9   Installing       : crypto-policies-20260224-1.0.1.gitea0f072.el9_8.no   32/83 
#12 143.9   Running scriptlet: crypto-policies-20260224-1.0.1.gitea0f072.el9_8.no   32/83 
#12 143.9   Installing       : mpfr-4.1.0-10.el9.x86_64                             33/83 
#12 143.9   Installing       : gawk-5.1.0-6.el9.x86_64                              34/83 
#12 143.9   Installing       : alternatives-1.24-2.0.1.el9.x86_64                   35/83 
#12 144.0   Installing       : p11-kit-trust-0.26.4-1.el9_8.x86_64                  36/83 
#12 144.0   Running scriptlet: p11-kit-trust-0.26.4-1.el9_8.x86_64                  36/83 
#12 144.1   Installing       : bzip2-libs-1.0.8-11.el9.x86_64                       37/83 
#12 144.1   Installing       : gdbm-libs-1:1.23-1.el9.x86_64                        38/83 
#12 144.1   Installing       : keyutils-libs-1.6.3-1.el9.x86_64                     39/83 
#12 144.1   Installing       : libdb-5.3.28-57.0.1.el9_6.x86_64                     40/83 
#12 144.1   Installing       : libeconf-0.4.1-7.el9_8.x86_64                        41/83 
#12 144.2   Installing       : libgpg-error-1.42-5.el9.x86_64                       42/83 
#12 144.2   Installing       : libgcrypt-1.10.0-13.el9_8.x86_64                     43/83 
#12 144.2   Installing       : libtool-ltdl-2.4.6-46.el9.x86_64                     44/83 
#12 144.2   Installing       : libverto-0.3.2-3.el9.x86_64                          45/83 
#12 144.2   Installing       : libzstd-1.5.5-1.el9.x86_64                           46/83 
#12 144.2   Installing       : lz4-libs-1.9.3-5.el9.x86_64                          47/83 
#12 144.2   Installing       : pcre-8.44-4.el9.x86_64                               48/83 
#12 144.2   Installing       : grep-3.6-5.el9.x86_64                                49/83 
#12 144.2   Installing       : pcre2-10.40-6.0.1.el9.x86_64                         50/83 
#12 144.3   Running scriptlet: pcre2-10.40-6.0.1.el9.x86_64                         50/83 
#12 144.4   Installing       : libselinux-3.6-3.el9.x86_64                          51/83 
#12 144.4   Installing       : sed-4.8-10.el9.x86_64                                52/83 
#12 144.5   Installing       : findutils-1:4.8.0-7.el9.x86_64                       53/83 
#12 144.5   Installing       : libsemanage-3.6-5.el9_6.x86_64                       54/83 
#12 144.5   Installing       : shadow-utils-2:4.9-16.el9.x86_64                     55/83 
#12 144.5   Running scriptlet: libutempter-1.2.1-6.el9.x86_64                       56/83 
#12 144.8   Installing       : libutempter-1.2.1-6.el9.x86_64                       56/83 
#12 144.8   Installing       : xz-libs-5.2.5-8.el9_0.x86_64                         57/83 
#12 145.7   Installing       : coreutils-common-8.32-41.0.1.el9_8.1.x86_64          58/83 
#12 145.7   Installing       : openssl-fips-provider-so-3.0.7-11.0.1.el9_8.x86_64   59/83 
#12 145.7   Installing       : openssl-fips-provider-3.0.7-11.0.1.el9_8.x86_64      60/83 
#12 145.8   Installing       : openssl-libs-1:3.5.5-6.0.1.el9_8.x86_64              61/83 
#12 145.9   Installing       : coreutils-8.32-41.0.1.el9_8.1.x86_64                 62/83 
#12 145.9   Running scriptlet: ca-certificates-2025.2.80_v9.0.305-91.el9.noarch     63/83 
#12 147.0   Installing       : ca-certificates-2025.2.80_v9.0.305-91.el9.noarch     63/83 
#12 147.1   Running scriptlet: ca-certificates-2025.2.80_v9.0.305-91.el9.noarch     63/83 
#12 148.1   Installing       : libblkid-2.37.4-25.0.1.el9.x86_64                    64/83 
#12 148.1   Running scriptlet: libblkid-2.37.4-25.0.1.el9.x86_64                    64/83 
#12 148.3   Installing       : systemd-libs-252-67.0.2.el9_8.4.x86_64               65/83 
#12 148.3   Running scriptlet: systemd-libs-252-67.0.2.el9_8.4.x86_64               65/83 
#12 148.5   Installing       : libmount-2.37.4-25.0.1.el9.x86_64                    66/83 
#12 148.5   Installing       : util-linux-core-2.37.4-25.0.1.el9.x86_64             67/83 
#12 148.6   Running scriptlet: util-linux-core-2.37.4-25.0.1.el9.x86_64             67/83 
#12 148.8   Installing       : libfdisk-2.37.4-25.0.1.el9.x86_64                    68/83 
#12 148.8   Installing       : gzip-1.12-2.el9_8.x86_64                             69/83 
#12 148.8   Installing       : cracklib-2.9.6-28.el9.x86_64                         70/83 
#12 149.0   Installing       : cracklib-dicts-2.9.6-28.el9.x86_64                   71/83 
#12 149.0   Installing       : krb5-libs-1.21.1-10.0.1.el9_8.x86_64                 72/83 
#12 149.0   Installing       : cyrus-sasl-lib-2.1.27-22.el9.x86_64                  73/83 
#12 149.1   Installing       : openssl-1:3.5.5-6.0.1.el9_8.x86_64                   74/83 
#12 149.1   Installing       : libpwquality-1.4.4-8.el9.x86_64                      75/83 
#12 149.2   Installing       : pam-1.5.1-28.0.1.el9_8.1.x86_64                      76/83 
#12 149.2   Installing       : libevent-2.1.12-8.el9_4.x86_64                       77/83 
#12 149.3   Installing       : openldap-2.6.8-4.el9.x86_64                          78/83 
#12 149.3   Installing       : sudo-1.9.17p2-3.el9_8.x86_64                         79/83 
#12 149.3   Running scriptlet: sudo-1.9.17p2-3.el9_8.x86_64                         79/83 
#12 149.6   Installing       : util-linux-2.37.4-25.0.1.el9.x86_64                  80/83 
#12 149.6   Installing       : procps-ng-3.3.17-14.0.1.el9.x86_64                   81/83 
#12 149.6   Installing       : hostname-3.23-6.el9.x86_64                           82/83 
#12 149.6   Running scriptlet: hostname-3.23-6.el9.x86_64                           82/83 
#12 149.8   Installing       : libstdc++-11.5.0-14.0.1.el9.x86_64                   83/83 
#12 149.8   Running scriptlet: filesystem-3.16-5.el9.x86_64                         83/83 
#12 150.0   Running scriptlet: ca-certificates-2025.2.80_v9.0.305-91.el9.noarch     83/83 
#12 151.2   Running scriptlet: libstdc++-11.5.0-14.0.1.el9.x86_64                   83/83 
#12 151.7   Verifying        : alternatives-1.24-2.0.1.el9.x86_64                    1/83 
#12 151.7   Verifying        : audit-libs-3.1.5-8.0.1.el9.x86_64                     2/83 
#12 151.7   Verifying        : basesystem-11-13.el9.noarch                           3/83 
#12 151.7   Verifying        : bash-5.1.8-9.el9.x86_64                               4/83 
#12 151.7   Verifying        : bzip2-libs-1.0.8-11.el9.x86_64                        5/83 
#12 151.7   Verifying        : ca-certificates-2025.2.80_v9.0.305-91.el9.noarch      6/83 
#12 151.7   Verifying        : coreutils-8.32-41.0.1.el9_8.1.x86_64                  7/83 
#12 151.7   Verifying        : coreutils-common-8.32-41.0.1.el9_8.1.x86_64           8/83 
#12 151.7   Verifying        : cracklib-2.9.6-28.el9.x86_64                          9/83 
#12 151.7   Verifying        : cracklib-dicts-2.9.6-28.el9.x86_64                   10/83 
#12 151.7   Verifying        : crypto-policies-20260224-1.0.1.gitea0f072.el9_8.no   11/83 
#12 151.7   Verifying        : cyrus-sasl-lib-2.1.27-22.el9.x86_64                  12/83 
#12 151.7   Verifying        : filesystem-3.16-5.el9.x86_64                         13/83 
#12 151.7   Verifying        : findutils-1:4.8.0-7.el9.x86_64                       14/83 
#12 151.7   Verifying        : gawk-5.1.0-6.el9.x86_64                              15/83 
#12 151.7   Verifying        : gdbm-libs-1:1.23-1.el9.x86_64                        16/83 
#12 151.7   Verifying        : glibc-2.34-275.0.1.el9_8.x86_64                      17/83 
#12 151.7   Verifying        : glibc-common-2.34-275.0.1.el9_8.x86_64               18/83 
#12 151.7   Verifying        : glibc-minimal-langpack-2.34-275.0.1.el9_8.x86_64     19/83 
#12 151.7   Verifying        : gmp-1:6.2.0-13.el9.x86_64                            20/83 
#12 151.7   Verifying        : grep-3.6-5.el9.x86_64                                21/83 
#12 151.7   Verifying        : gzip-1.12-2.el9_8.x86_64                             22/83 
#12 151.7   Verifying        : hostname-3.23-6.el9.x86_64                           23/83 
#12 151.7   Verifying        : keyutils-libs-1.6.3-1.el9.x86_64                     24/83 
#12 151.7   Verifying        : krb5-libs-1.21.1-10.0.1.el9_8.x86_64                 25/83 
#12 151.7   Verifying        : libacl-2.4.0-1.el9_8.x86_64                          26/83 
#12 151.7   Verifying        : libattr-2.6.0-1.el9_8.x86_64                         27/83 
#12 151.7   Verifying        : libblkid-2.37.4-25.0.1.el9.x86_64                    28/83 
#12 151.7   Verifying        : libcap-2.48-10.el9_8.1.x86_64                        29/83 
#12 151.7   Verifying        : libcap-ng-0.8.2-7.el9.x86_64                         30/83 
#12 151.7   Verifying        : libcom_err-1.46.5-8.el9.x86_64                       31/83 
#12 151.7   Verifying        : libdb-5.3.28-57.0.1.el9_6.x86_64                     32/83 
#12 151.7   Verifying        : libeconf-0.4.1-7.el9_8.x86_64                        33/83 
#12 151.7   Verifying        : libevent-2.1.12-8.el9_4.x86_64                       34/83 
#12 151.7   Verifying        : libfdisk-2.37.4-25.0.1.el9.x86_64                    35/83 
#12 151.7   Verifying        : libffi-3.4.2-8.el9.x86_64                            36/83 
#12 151.7   Verifying        : libgcc-11.5.0-14.0.1.el9.x86_64                      37/83 
#12 151.7   Verifying        : libgcrypt-1.10.0-13.el9_8.x86_64                     38/83 
#12 151.7   Verifying        : libgpg-error-1.42-5.el9.x86_64                       39/83 
#12 151.7   Verifying        : libmount-2.37.4-25.0.1.el9.x86_64                    40/83 
#12 151.7   Verifying        : libpwquality-1.4.4-8.el9.x86_64                      41/83 
#12 151.7   Verifying        : libselinux-3.6-3.el9.x86_64                          42/83 
#12 151.7   Verifying        : libsemanage-3.6-5.el9_6.x86_64                       43/83 
#12 151.7   Verifying        : libsepol-3.6-3.el9.x86_64                            44/83 
#12 151.7   Verifying        : libsigsegv-2.13-4.el9.x86_64                         45/83 
#12 151.7   Verifying        : libsmartcols-2.37.4-25.0.1.el9.x86_64                46/83 
#12 151.7   Verifying        : libstdc++-11.5.0-14.0.1.el9.x86_64                   47/83 
#12 151.7   Verifying        : libtasn1-4.16.0-10.el9_8.x86_64                      48/83 
#12 151.7   Verifying        : libtool-ltdl-2.4.6-46.el9.x86_64                     49/83 
#12 151.7   Verifying        : libutempter-1.2.1-6.el9.x86_64                       50/83 
#12 151.7   Verifying        : libuuid-2.37.4-25.0.1.el9.x86_64                     51/83 
#12 151.7   Verifying        : libverto-0.3.2-3.el9.x86_64                          52/83 
#12 151.7   Verifying        : libxcrypt-4.4.18-3.el9.x86_64                        53/83 
#12 151.7   Verifying        : libzstd-1.5.5-1.el9.x86_64                           54/83 
#12 151.7   Verifying        : lz4-libs-1.9.3-5.el9.x86_64                          55/83 
#12 151.7   Verifying        : mpfr-4.1.0-10.el9.x86_64                             56/83 
#12 151.7   Verifying        : ncurses-base-6.2-12.20210508.el9.noarch              57/83 
#12 151.7   Verifying        : ncurses-libs-6.2-12.20210508.el9.x86_64              58/83 
#12 151.7   Verifying        : openldap-2.6.8-4.el9.x86_64                          59/83 
#12 151.7   Verifying        : openssl-1:3.5.5-6.0.1.el9_8.x86_64                   60/83 
#12 151.7   Verifying        : openssl-fips-provider-3.0.7-11.0.1.el9_8.x86_64      61/83 
#12 151.7   Verifying        : openssl-fips-provider-so-3.0.7-11.0.1.el9_8.x86_64   62/83 
#12 151.7   Verifying        : openssl-libs-1:3.5.5-6.0.1.el9_8.x86_64              63/83 
#12 151.7   Verifying        : oraclelinux-release-9:9.8-1.0.7.el9.x86_64           64/83 
#12 151.7   Verifying        : p11-kit-0.26.4-1.el9_8.x86_64                        65/83 
#12 151.7   Verifying        : p11-kit-trust-0.26.4-1.el9_8.x86_64                  66/83 
#12 151.7   Verifying        : pam-1.5.1-28.0.1.el9_8.1.x86_64                      67/83 
#12 151.7   Verifying        : pcre-8.44-4.el9.x86_64                               68/83 
#12 151.7   Verifying        : pcre2-10.40-6.0.1.el9.x86_64                         69/83 
#12 151.7   Verifying        : pcre2-syntax-10.40-6.0.1.el9.noarch                  70/83 
#12 151.7   Verifying        : procps-ng-3.3.17-14.0.1.el9.x86_64                   71/83 
#12 151.7   Verifying        : readline-8.1-4.el9.x86_64                            72/83 
#12 151.7   Verifying        : redhat-release-3:9.8-0.7.0.1.el9.x86_64              73/83 
#12 151.7   Verifying        : sed-4.8-10.el9.x86_64                                74/83 
#12 151.7   Verifying        : setup-2.13.7-10.el9.noarch                           75/83 
#12 151.7   Verifying        : shadow-utils-2:4.9-16.el9.x86_64                     76/83 
#12 151.7   Verifying        : sudo-1.9.17p2-3.el9_8.x86_64                         77/83 
#12 151.7   Verifying        : systemd-libs-252-67.0.2.el9_8.4.x86_64               78/83 
#12 151.7   Verifying        : tzdata-2026c-1.el9_8.noarch                          79/83 
#12 151.7   Verifying        : util-linux-2.37.4-25.0.1.el9.x86_64                  80/83 
#12 151.7   Verifying        : util-linux-core-2.37.4-25.0.1.el9.x86_64             81/83 
#12 151.7   Verifying        : xz-libs-5.2.5-8.el9_0.x86_64                         82/83 
#12 151.7   Verifying        : zlib-1.2.11-40.el9.x86_64                            83/83 
#12 152.2 
#12 152.2 Installed:
#12 152.2   alternatives-1.24-2.0.1.el9.x86_64                                            
#12 152.2   audit-libs-3.1.5-8.0.1.el9.x86_64                                             
#12 152.2   basesystem-11-13.el9.noarch                                                   
#12 152.2   bash-5.1.8-9.el9.x86_64                                                       
#12 152.2   bzip2-libs-1.0.8-11.el9.x86_64                                                
#12 152.2   ca-certificates-2025.2.80_v9.0.305-91.el9.noarch                              
#12 152.2   coreutils-8.32-41.0.1.el9_8.1.x86_64                                          
#12 152.2   coreutils-common-8.32-41.0.1.el9_8.1.x86_64                                   
#12 152.2   cracklib-2.9.6-28.el9.x86_64                                                  
#12 152.2   cracklib-dicts-2.9.6-28.el9.x86_64                                            
#12 152.2   crypto-policies-20260224-1.0.1.gitea0f072.el9_8.noarch                        
#12 152.2   cyrus-sasl-lib-2.1.27-22.el9.x86_64                                           
#12 152.2   filesystem-3.16-5.el9.x86_64                                                  
#12 152.2   findutils-1:4.8.0-7.el9.x86_64                                                
#12 152.2   gawk-5.1.0-6.el9.x86_64                                                       
#12 152.2   gdbm-libs-1:1.23-1.el9.x86_64                                                 
#12 152.2   glibc-2.34-275.0.1.el9_8.x86_64                                               
#12 152.2   glibc-common-2.34-275.0.1.el9_8.x86_64                                        
#12 152.2   glibc-minimal-langpack-2.34-275.0.1.el9_8.x86_64                              
#12 152.2   gmp-1:6.2.0-13.el9.x86_64                                                     
#12 152.2   grep-3.6-5.el9.x86_64                                                         
#12 152.2   gzip-1.12-2.el9_8.x86_64                                                      
#12 152.2   hostname-3.23-6.el9.x86_64                                                    
#12 152.2   keyutils-libs-1.6.3-1.el9.x86_64                                              
#12 152.2   krb5-libs-1.21.1-10.0.1.el9_8.x86_64                                          
#12 152.2   libacl-2.4.0-1.el9_8.x86_64                                                   
#12 152.2   libattr-2.6.0-1.el9_8.x86_64                                                  
#12 152.2   libblkid-2.37.4-25.0.1.el9.x86_64                                             
#12 152.2   libcap-2.48-10.el9_8.1.x86_64                                                 
#12 152.2   libcap-ng-0.8.2-7.el9.x86_64                                                  
#12 152.2   libcom_err-1.46.5-8.el9.x86_64                                                
#12 152.2   libdb-5.3.28-57.0.1.el9_6.x86_64                                              
#12 152.2   libeconf-0.4.1-7.el9_8.x86_64                                                 
#12 152.2   libevent-2.1.12-8.el9_4.x86_64                                                
#12 152.2   libfdisk-2.37.4-25.0.1.el9.x86_64                                             
#12 152.2   libffi-3.4.2-8.el9.x86_64                                                     
#12 152.2   libgcc-11.5.0-14.0.1.el9.x86_64                                               
#12 152.2   libgcrypt-1.10.0-13.el9_8.x86_64                                              
#12 152.2   libgpg-error-1.42-5.el9.x86_64                                                
#12 152.2   libmount-2.37.4-25.0.1.el9.x86_64                                             
#12 152.2   libpwquality-1.4.4-8.el9.x86_64                                               
#12 152.2   libselinux-3.6-3.el9.x86_64                                                   
#12 152.2   libsemanage-3.6-5.el9_6.x86_64                                                
#12 152.2   libsepol-3.6-3.el9.x86_64                                                     
#12 152.2   libsigsegv-2.13-4.el9.x86_64                                                  
#12 152.2   libsmartcols-2.37.4-25.0.1.el9.x86_64                                         
#12 152.2   libstdc++-11.5.0-14.0.1.el9.x86_64                                            
#12 152.2   libtasn1-4.16.0-10.el9_8.x86_64                                               
#12 152.2   libtool-ltdl-2.4.6-46.el9.x86_64                                              
#12 152.2   libutempter-1.2.1-6.el9.x86_64                                                
#12 152.2   libuuid-2.37.4-25.0.1.el9.x86_64                                              
#12 152.2   libverto-0.3.2-3.el9.x86_64                                                   
#12 152.2   libxcrypt-4.4.18-3.el9.x86_64                                                 
#12 152.2   libzstd-1.5.5-1.el9.x86_64                                                    
#12 152.2   lz4-libs-1.9.3-5.el9.x86_64                                                   
#12 152.2   mpfr-4.1.0-10.el9.x86_64                                                      
#12 152.2   ncurses-base-6.2-12.20210508.el9.noarch                                       
#12 152.2   ncurses-libs-6.2-12.20210508.el9.x86_64                                       
#12 152.2   openldap-2.6.8-4.el9.x86_64                                                   
#12 152.2   openssl-1:3.5.5-6.0.1.el9_8.x86_64                                            
#12 152.2   openssl-fips-provider-3.0.7-11.0.1.el9_8.x86_64                               
#12 152.2   openssl-fips-provider-so-3.0.7-11.0.1.el9_8.x86_64                            
#12 152.2   openssl-libs-1:3.5.5-6.0.1.el9_8.x86_64                                       
#12 152.2   oraclelinux-release-9:9.8-1.0.7.el9.x86_64                                    
#12 152.2   p11-kit-0.26.4-1.el9_8.x86_64                                                 
#12 152.2   p11-kit-trust-0.26.4-1.el9_8.x86_64                                           
#12 152.2   pam-1.5.1-28.0.1.el9_8.1.x86_64                                               
#12 152.2   pcre-8.44-4.el9.x86_64                                                        
#12 152.2   pcre2-10.40-6.0.1.el9.x86_64                                                  
#12 152.2   pcre2-syntax-10.40-6.0.1.el9.noarch                                           
#12 152.2   procps-ng-3.3.17-14.0.1.el9.x86_64                                            
#12 152.2   readline-8.1-4.el9.x86_64                                                     
#12 152.2   redhat-release-3:9.8-0.7.0.1.el9.x86_64                                       
#12 152.2   sed-4.8-10.el9.x86_64                                                         
#12 152.2   setup-2.13.7-10.el9.noarch                                                    
#12 152.2   shadow-utils-2:4.9-16.el9.x86_64                                              
#12 152.2   sudo-1.9.17p2-3.el9_8.x86_64                                                  
#12 152.2   systemd-libs-252-67.0.2.el9_8.4.x86_64                                        
#12 152.2   tzdata-2026c-1.el9_8.noarch                                                   
#12 152.2   util-linux-2.37.4-25.0.1.el9.x86_64                                           
#12 152.2   util-linux-core-2.37.4-25.0.1.el9.x86_64                                      
#12 152.2   xz-libs-5.2.5-8.el9_0.x86_64                                                  
#12 152.2   zlib-1.2.11-40.el9.x86_64                                                     
#12 152.2 
#12 152.2 Complete!
#12 152.3 Verifying...                          ########################################
#12 152.5 Preparing...                          ########################################
#12 152.8 Updating / installing...
#12 152.8 riak-3.4.0.OTP26-1.el9                ########################################
#12 DONE 153.7s

#13 [package-amd64 1/1] COPY --from=install-amd64 /openriak-rootfs/ /
#13 DONE 0.9s

#14 [final 1/4] RUN <<'OPENRIAK_IMAGE_SETUP' (set -eu...)
#14 0.170 uid=999(riak) gid=999(riak) groups=999(riak)
#14 DONE 0.5s

#15 [final 2/4] COPY <<OPENRIAK_ENTRYPOINT /usr/local/bin/openriak-entrypoint
#15 DONE 1.2s

#16 [final 3/4] COPY <<OPENRIAK_HEALTHCHECK /usr/local/bin/openriak-healthcheck
#16 DONE 1.8s

#17 [final 4/4] RUN <<'OPENRIAK_SCRIPT_SETUP' (set -eu...)
#17 DONE 1.5s

#18 exporting to docker image format
#18 exporting layers
#18 exporting layers 9.7s done
#18 exporting manifest sha256:3c636c725bd3b6ac7426d9a3ce72a132d8ddfdc063d185f6c615723d87567fae 0.0s done
#18 exporting config sha256:5e407cb8f82f55c29bcc54c38faaf629a14228f46b194ac99feb12884fa960a1 0.0s done
#18 sending tarball
#18 ...

#19 importing to docker
#19 loading layer c1d359819a00 557.06kB / 82.63MB
#19 loading layer c1d359819a00 59.60MB / 82.63MB 2.0s
#19 loading layer 6dd00b3cfe47 23.57kB / 23.57kB
#19 loading layer d0dfc693f82c 7.70kB / 7.70kB
#19 loading layer 0a330d9f96e7 390B / 390B
#19 loading layer d0dfc693f82c 7.70kB / 7.70kB 0.2s done
#19 loading layer ba0db838bb64 7.88kB / 7.88kB
#19 loading layer c1d359819a00 82.63MB / 82.63MB 4.3s done
#19 loading layer 6dd00b3cfe47 23.57kB / 23.57kB 0.2s done
#19 loading layer 0a330d9f96e7 390B / 390B 0.1s done
#19 loading layer ba0db838bb64 7.88kB / 7.88kB 0.1s done
#19 DONE 4.3s

#18 exporting to docker image format
#18 sending tarball 5.1s done
#18 DONE 14.9s

timeout_seconds: 3600
exit_code: 0
