$ /usr/bin/docker compose --env-file /home/peter/openriak-builds/tmp/openriak-docker-3.4.1-suse-15-sp4-otp26-3yk71kwp/.env.cluster --project-directory /home/peter/openriak-builds/tmp/openriak-docker-3.4.1-suse-15-sp4-otp26-3yk71kwp --file /home/peter/openriak-builds/tmp/openriak-docker-3.4.1-suse-15-sp4-otp26-3yk71kwp/compose.cluster.test.yaml up --detach --no-build
started: 2026-09-11T15:42:04Z
 Network openriak-kv-341-suse-15-sp4-otp26-node-cluster_openriak  Creating
 Network openriak-kv-341-suse-15-sp4-otp26-node-cluster_openriak  Created
 Container openriak-kv-3.4.1-suse-15-sp4-otp26-node-5-t-722086z  Creating
 Container openriak-kv-3.4.1-suse-15-sp4-otp26-node-3-t-722086z  Creating
 Container openriak-kv-3.4.1-suse-15-sp4-otp26-node-4-t-722086z  Creating
 Container openriak-kv-3.4.1-suse-15-sp4-otp26-node-1-t-722086z  Creating
 Container openriak-kv-3.4.1-suse-15-sp4-otp26-node-2-t-722086z  Creating
 Container openriak-kv-3.4.1-suse-15-sp4-otp26-node-5-t-722086z  Created
 Container openriak-kv-3.4.1-suse-15-sp4-otp26-node-1-t-722086z  Created
 Container openriak-kv-3.4.1-suse-15-sp4-otp26-node-2-t-722086z  Created
 Container openriak-kv-3.4.1-suse-15-sp4-otp26-node-4-t-722086z  Created
 Container openriak-kv-3.4.1-suse-15-sp4-otp26-node-3-t-722086z  Created
 Container openriak-kv-3.4.1-suse-15-sp4-otp26-node-4-t-722086z  Starting
 Container openriak-kv-3.4.1-suse-15-sp4-otp26-node-3-t-722086z  Starting
 Container openriak-kv-3.4.1-suse-15-sp4-otp26-node-1-t-722086z  Starting
 Container openriak-kv-3.4.1-suse-15-sp4-otp26-node-5-t-722086z  Starting
 Container openriak-kv-3.4.1-suse-15-sp4-otp26-node-2-t-722086z  Starting
 Container openriak-kv-3.4.1-suse-15-sp4-otp26-node-4-t-722086z  Started
 Container openriak-kv-3.4.1-suse-15-sp4-otp26-node-1-t-722086z  Started
 Container openriak-kv-3.4.1-suse-15-sp4-otp26-node-5-t-722086z  Started
 Container openriak-kv-3.4.1-suse-15-sp4-otp26-node-3-t-722086z  Started
 Container openriak-kv-3.4.1-suse-15-sp4-otp26-node-2-t-722086z  Started

timeout_seconds: 3600
exit_code: 0
