$ /usr/bin/docker exec openriak-kv-3.4.1-suse-15-sp4-otp26-node-5-t-722086z sh -c 'date +%z
id -u riak
id -g riak
stat -c '"'"'%u:%g'"'"' /etc/riak /var/lib/riak /var/log/riak'
started: 2026-09-11T15:45:30Z
+0900
19001
19002
19001:19002
19001:19002
19001:19002

timeout_seconds: 3600
exit_code: 0
$ /usr/bin/docker container inspect openriak-kv-3.4.1-suse-15-sp4-otp26-node-5-t-722086z
started: 2026-09-11T15:45:30Z
[
    {
        "Id": "f17fca4264195bd249899c5a9647b1295d0d2b4f643ab969fc49b95d6c5bac8c",
        "Created": "2026-09-11T15:42:04.452953659Z",
        "Path": "/usr/local/bin/openriak-entrypoint",
        "Args": [],
        "State": {
            "Status": "running",
            "Running": true,
            "Paused": false,
            "Restarting": false,
            "OOMKilled": false,
            "Dead": false,
            "Pid": 1466875,
            "ExitCode": 0,
            "Error": "",
            "StartedAt": "2026-09-11T15:42:04.540854129Z",
            "FinishedAt": "0001-01-01T00:00:00Z",
            "Health": {
                "Status": "healthy",
                "FailingStreak": 0,
                "Log": [
                    {
                        "Start": "2026-09-11T15:44:37.499536267Z",
                        "End": "2026-09-11T15:44:38.908162854Z",
                        "ExitCode": 0,
                        "Output": "OpenRiak healthcheck passed: BEAM is running and riak ping returned pong\n"
                    },
                    {
                        "Start": "2026-09-11T15:44:48.911263135Z",
                        "End": "2026-09-11T15:44:50.059975199Z",
                        "ExitCode": 0,
                        "Output": "OpenRiak healthcheck passed: BEAM is running and riak ping returned pong\n"
                    },
                    {
                        "Start": "2026-09-11T15:45:00.061393587Z",
                        "End": "2026-09-11T15:45:01.116998114Z",
                        "ExitCode": 0,
                        "Output": "OpenRiak healthcheck passed: BEAM is running and riak ping returned pong\n"
                    },
                    {
                        "Start": "2026-09-11T15:45:11.117636135Z",
                        "End": "2026-09-11T15:45:11.875830291Z",
                        "ExitCode": 0,
                        "Output": "OpenRiak healthcheck passed: BEAM is running and riak ping returned pong\n"
                    },
                    {
                        "Start": "2026-09-11T15:45:21.878080719Z",
                        "End": "2026-09-11T15:45:22.344744167Z",
                        "ExitCode": 0,
                        "Output": "OpenRiak healthcheck passed: BEAM is running and riak ping returned pong\n"
                    }
                ]
            }
        },
        "Image": "sha256:bc3260dfa3d328091690ded33eda1f851dd817d1f9b2b5fd5fcf4b4c929d0377",
        "ResolvConfPath": "/var/snap/docker/common/var-lib-docker/containers/f17fca4264195bd249899c5a9647b1295d0d2b4f643ab969fc49b95d6c5bac8c/resolv.conf",
        "HostnamePath": "/var/snap/docker/common/var-lib-docker/containers/f17fca4264195bd249899c5a9647b1295d0d2b4f643ab969fc49b95d6c5bac8c/hostname",
        "HostsPath": "/var/snap/docker/common/var-lib-docker/containers/f17fca4264195bd249899c5a9647b1295d0d2b4f643ab969fc49b95d6c5bac8c/hosts",
        "LogPath": "/var/snap/docker/common/var-lib-docker/containers/f17fca4264195bd249899c5a9647b1295d0d2b4f643ab969fc49b95d6c5bac8c/f17fca4264195bd249899c5a9647b1295d0d2b4f643ab969fc49b95d6c5bac8c-json.log",
        "Name": "/openriak-kv-3.4.1-suse-15-sp4-otp26-node-5-t-722086z",
        "RestartCount": 0,
        "Driver": "overlay2",
        "Platform": "linux",
        "MountLabel": "",
        "ProcessLabel": "",
        "AppArmorProfile": "docker-default",
        "ExecIDs": null,
        "HostConfig": {
            "Binds": [
                "/home/peter/openriak-builds/tmp/openriak-docker-3.4.1-suse-15-sp4-otp26-3yk71kwp/openriak-kv-3.4.1-suse-15-sp4-otp26-node-cluster-control:/var/lib/openriak-cluster-control:rw",
                "/home/peter/openriak-builds/tmp/openriak-docker-3.4.1-suse-15-sp4-otp26-3yk71kwp/openriak-kv-3.4.1-suse-15-sp4-otp26-node-5/config:/etc/riak:rw",
                "/home/peter/openriak-builds/tmp/openriak-docker-3.4.1-suse-15-sp4-otp26-3yk71kwp/openriak-kv-3.4.1-suse-15-sp4-otp26-node-5/data:/var/lib/riak:rw",
                "/home/peter/openriak-builds/tmp/openriak-docker-3.4.1-suse-15-sp4-otp26-3yk71kwp/openriak-kv-3.4.1-suse-15-sp4-otp26-node-5/logs:/var/log/riak:rw"
            ],
            "ContainerIDFile": "",
            "LogConfig": {
                "Type": "json-file",
                "Config": {
                    "max-file": "3",
                    "max-size": "10m"
                }
            },
            "NetworkMode": "openriak-kv-341-suse-15-sp4-otp26-node-cluster_openriak",
            "PortBindings": {},
            "RestartPolicy": {
                "Name": "no",
                "MaximumRetryCount": 0
            },
            "AutoRemove": false,
            "VolumeDriver": "",
            "VolumesFrom": null,
            "ConsoleSize": [
                0,
                0
            ],
            "CapAdd": null,
            "CapDrop": null,
            "CgroupnsMode": "private",
            "Dns": null,
            "DnsOptions": null,
            "DnsSearch": null,
            "ExtraHosts": [],
            "GroupAdd": null,
            "IpcMode": "private",
            "Cgroup": "",
            "Links": null,
            "OomScoreAdj": 0,
            "PidMode": "",
            "Privileged": false,
            "PublishAllPorts": false,
            "ReadonlyRootfs": false,
            "SecurityOpt": null,
            "UTSMode": "",
            "UsernsMode": "",
            "ShmSize": 67108864,
            "Runtime": "runc",
            "Isolation": "",
            "CpuShares": 0,
            "Memory": 0,
            "NanoCpus": 0,
            "CgroupParent": "",
            "BlkioWeight": 0,
            "BlkioWeightDevice": null,
            "BlkioDeviceReadBps": null,
            "BlkioDeviceWriteBps": null,
            "BlkioDeviceReadIOps": null,
            "BlkioDeviceWriteIOps": null,
            "CpuPeriod": 0,
            "CpuQuota": 0,
            "CpuRealtimePeriod": 0,
            "CpuRealtimeRuntime": 0,
            "CpusetCpus": "",
            "CpusetMems": "",
            "Devices": null,
            "DeviceCgroupRules": null,
            "DeviceRequests": null,
            "MemoryReservation": 0,
            "MemorySwap": 0,
            "MemorySwappiness": null,
            "OomKillDisable": null,
            "PidsLimit": null,
            "Ulimits": [
                {
                    "Name": "nofile",
                    "Hard": 100000,
                    "Soft": 100000
                }
            ],
            "CpuCount": 0,
            "CpuPercent": 0,
            "IOMaximumIOps": 0,
            "IOMaximumBandwidth": 0,
            "MaskedPaths": [
                "/proc/acpi",
                "/proc/asound",
                "/proc/interrupts",
                "/proc/kcore",
                "/proc/keys",
                "/proc/latency_stats",
                "/proc/sched_debug",
                "/proc/scsi",
                "/proc/timer_list",
                "/proc/timer_stats",
                "/sys/devices/virtual/powercap",
                "/sys/firmware",
                "/sys/devices/system/cpu/cpu0/thermal_throttle",
                "/sys/devices/system/cpu/cpu1/thermal_throttle",
                "/sys/devices/system/cpu/cpu2/thermal_throttle",
                "/sys/devices/system/cpu/cpu3/thermal_throttle"
            ],
            "ReadonlyPaths": [
                "/proc/bus",
                "/proc/fs",
                "/proc/irq",
                "/proc/sys",
                "/proc/sysrq-trigger"
            ]
        },
        "GraphDriver": {
            "Data": {
                "ID": "f17fca4264195bd249899c5a9647b1295d0d2b4f643ab969fc49b95d6c5bac8c",
                "LowerDir": "/var/snap/docker/common/var-lib-docker/overlay2/efe8c738a97d1ae317fe2a52a68332af84c80c876f4c5c486aae26a947182f0b-init/diff:/var/snap/docker/common/var-lib-docker/overlay2/7d29c4a614f293b23b0f7a80ab6b685cb60fc4b7f1369268adac7058880ddcf9/diff:/var/snap/docker/common/var-lib-docker/overlay2/181f50dfd08e9e099b277797f0fc992c86cbc2dc86e8fd27aa48a95d1c6f9f4b/diff:/var/snap/docker/common/var-lib-docker/overlay2/af6d26f095961f0152e8e83ca871135ac0d27fae21ec2793f2cfea3f7702fb79/diff:/var/snap/docker/common/var-lib-docker/overlay2/bd19ca76660d59d2ddf46abe39ec4331d48ba1696a25c742f125283120ab64d6/diff:/var/snap/docker/common/var-lib-docker/overlay2/b42a9cf73e56ba937e01057bcecaef3a2e6dc90461fc6b27bcfbc451df1789d1/diff",
                "MergedDir": "/var/snap/docker/common/var-lib-docker/overlay2/efe8c738a97d1ae317fe2a52a68332af84c80c876f4c5c486aae26a947182f0b/merged",
                "UpperDir": "/var/snap/docker/common/var-lib-docker/overlay2/efe8c738a97d1ae317fe2a52a68332af84c80c876f4c5c486aae26a947182f0b/diff",
                "WorkDir": "/var/snap/docker/common/var-lib-docker/overlay2/efe8c738a97d1ae317fe2a52a68332af84c80c876f4c5c486aae26a947182f0b/work"
            },
            "Name": "overlay2"
        },
        "Mounts": [
            {
                "Type": "bind",
                "Source": "/home/peter/openriak-builds/tmp/openriak-docker-3.4.1-suse-15-sp4-otp26-3yk71kwp/openriak-kv-3.4.1-suse-15-sp4-otp26-node-cluster-control",
                "Destination": "/var/lib/openriak-cluster-control",
                "Mode": "rw",
                "RW": true,
                "Propagation": "rprivate"
            },
            {
                "Type": "bind",
                "Source": "/home/peter/openriak-builds/tmp/openriak-docker-3.4.1-suse-15-sp4-otp26-3yk71kwp/openriak-kv-3.4.1-suse-15-sp4-otp26-node-5/config",
                "Destination": "/etc/riak",
                "Mode": "rw",
                "RW": true,
                "Propagation": "rprivate"
            },
            {
                "Type": "bind",
                "Source": "/home/peter/openriak-builds/tmp/openriak-docker-3.4.1-suse-15-sp4-otp26-3yk71kwp/openriak-kv-3.4.1-suse-15-sp4-otp26-node-5/data",
                "Destination": "/var/lib/riak",
                "Mode": "rw",
                "RW": true,
                "Propagation": "rprivate"
            },
            {
                "Type": "bind",
                "Source": "/home/peter/openriak-builds/tmp/openriak-docker-3.4.1-suse-15-sp4-otp26-3yk71kwp/openriak-kv-3.4.1-suse-15-sp4-otp26-node-5/logs",
                "Destination": "/var/log/riak",
                "Mode": "rw",
                "RW": true,
                "Propagation": "rprivate"
            }
        ],
        "Config": {
            "Hostname": "node-05.cluster-a.openriak",
            "Domainname": "",
            "User": "",
            "AttachStdin": false,
            "AttachStdout": true,
            "AttachStderr": true,
            "ExposedPorts": {
                "8087/tcp": {},
                "8098/tcp": {}
            },
            "Tty": false,
            "OpenStdin": false,
            "StdinOnce": false,
            "Env": [
                "RIAK_MONITOR_INTERVAL_SECONDS=1",
                "RIAK_LOG_MAX_FILE_SIZE=2MB",
                "RIAK_DISTRIBUTED_COOKIE=openriak-5066bfc4a89cbf266b3c2d266c814c1d",
                "TZ=Asia/Tokyo",
                "RIAK_NODE_HOST=node-05.cluster-a.openriak",
                "RIAK_LOG_MAX_FILES=4",
                "OPENRIAK_CLUSTER_POLL_SECONDS=1",
                "RIAK_GID=19002",
                "RIAK_UID=19001",
                "OPENRIAK_CLUSTER_WAIT_SECONDS=3600",
                "OPENRIAK_CLUSTER_MODE=cluster",
                "PATH=/usr/local/sbin:/usr/local/bin:/usr/sbin:/usr/bin:/sbin:/bin",
                "RIAK_NODE_NAME=",
                "RIAK_RING_SIZE=8",
                "RIAK_STORAGE_BACKEND=leveled",
                "RIAK_ANTI_ENTROPY=passive",
                "RIAK_TICTACAAE_ACTIVE=active",
                "RIAK_TICTACAAE_STOREHEADS=enabled",
                "RIAK_HTTP_LISTENER=0.0.0.0:8098",
                "RIAK_PB_LISTENER=0.0.0.0:8087",
                "RIAK_NOFILE_LIMIT=100000",
                "RIAK_INIT_ONLY=0",
                "RIAK_STARTUP_POLL_SECONDS=1",
                "RIAK_SHUTDOWN_POLL_SECONDS=1",
                "OPENRIAK_CLUSTER_CONTROL_DIR=/var/lib/openriak-cluster-control",
                "role="
            ],
            "Cmd": null,
            "Healthcheck": {
                "Test": [
                    "CMD",
                    "/usr/local/bin/openriak-healthcheck"
                ],
                "Interval": 10000000000,
                "Timeout": 60000000000,
                "StartPeriod": 120000000000,
                "Retries": 3
            },
            "Image": "tiotjp/openriak-kv:test-3.4.1-suse-15-sp4-otp26-linux-amd64-20260911t154104.722086z",
            "Volumes": {
                "/etc/riak": {},
                "/var/lib/riak": {},
                "/var/log/riak": {}
            },
            "WorkingDir": "/",
            "Entrypoint": [
                "/usr/local/bin/openriak-entrypoint"
            ],
            "Labels": {
                "com.docker.compose.config-hash": "fe2ad39ee49643a886114322f3a1db757c4e34d17a0d6c3580543d78994b3726",
                "com.docker.compose.container-number": "1",
                "com.docker.compose.depends_on": "",
                "com.docker.compose.image": "sha256:bc3260dfa3d328091690ded33eda1f851dd817d1f9b2b5fd5fcf4b4c929d0377",
                "com.docker.compose.oneoff": "False",
                "com.docker.compose.project": "openriak-kv-341-suse-15-sp4-otp26-node-cluster",
                "com.docker.compose.project.config_files": "/home/peter/openriak-builds/tmp/openriak-docker-3.4.1-suse-15-sp4-otp26-3yk71kwp/compose.cluster.test.yaml",
                "com.docker.compose.project.environment_file": "/home/peter/openriak-builds/tmp/openriak-docker-3.4.1-suse-15-sp4-otp26-3yk71kwp/.env.cluster",
                "com.docker.compose.project.working_dir": "/home/peter/openriak-builds/tmp/openriak-docker-3.4.1-suse-15-sp4-otp26-3yk71kwp",
                "com.docker.compose.service": "node5",
                "com.docker.compose.version": "2.32.4",
                "org.opencontainers.image.description": "Package-backed OpenRiak KV with single-node and cluster startup support",
                "org.opencontainers.image.source": "https://github.com/TI-Tokyo/openriak-docs",
                "org.opencontainers.image.title": "OpenRiak KV",
                "org.opencontainers.image.url": "https://www.tiot.jp/",
                "org.opencontainers.image.vendor": "TI Tokyo",
                "org.opencontainers.image.version": "3.4.1",
                "org.openriak.image.tag": "tiotjp/openriak-kv:3.4.1-suse-15-sp4-otp26",
                "org.openriak.os.name": "suse",
                "org.openriak.os.release": "15-sp4",
                "org.openriak.os.version": "15-sp4",
                "org.openriak.otp.version": "26"
            },
            "StopSignal": "SIGTERM",
            "StopTimeout": 120
        },
        "NetworkSettings": {
            "SandboxID": "b2130f9f285eab9a3271441e54e2bd476450655c70ea0715af1ba134506e49db",
            "SandboxKey": "/run/snap.docker/netns/b2130f9f285e",
            "Ports": {
                "8087/tcp": null,
                "8098/tcp": null
            },
            "Networks": {
                "openriak-kv-341-suse-15-sp4-otp26-node-cluster_openriak": {
                    "IPAMConfig": {},
                    "Links": null,
                    "Aliases": [
                        "openriak-kv-3.4.1-suse-15-sp4-otp26-node-5-t-722086z",
                        "node5",
                        "node-05.cluster-a.openriak"
                    ],
                    "DriverOpts": null,
                    "GwPriority": 0,
                    "NetworkID": "8d69ba533c5bd08e6ffee9836fd0a1528b21e6c51630b99b75d923cb94ffa029",
                    "EndpointID": "9df268358362bd610087d9d5cbb97bb9e2b9da84d6c9ca241340d7c9e623b008",
                    "Gateway": "172.19.0.1",
                    "IPAddress": "172.19.0.4",
                    "MacAddress": "6a:5f:2c:92:a5:14",
                    "IPPrefixLen": 16,
                    "IPv6Gateway": "",
                    "GlobalIPv6Address": "",
                    "GlobalIPv6PrefixLen": 0,
                    "DNSNames": [
                        "openriak-kv-3.4.1-suse-15-sp4-otp26-node-5-t-722086z",
                        "node5",
                        "node-05.cluster-a.openriak",
                        "f17fca426419"
                    ]
                }
            }
        }
    }
]

timeout_seconds: 3600
exit_code: 0
$ /usr/bin/docker exec openriak-kv-3.4.1-suse-15-sp4-otp26-node-5-t-722086z sh -ec 'test ! -e /usr/bin/container-suseconnect
if rpm -q container-suseconnect >/dev/null 2>&1
then
    echo '"'"'Unexpected SUSE registration helper in runtime image'"'"' >&2
    exit 1
fi'
started: 2026-09-11T15:45:30Z

timeout_seconds: 3600
exit_code: 0
