$ /usr/bin/docker exec openriak-kv-3.4.1-suse-15-sp4-otp26-node-4-t-722086z sh -c 'date +%z
id -u riak
id -g riak
stat -c '"'"'%u:%g'"'"' /etc/riak /var/lib/riak /var/log/riak'
started: 2026-09-11T15:45:27Z
+0900
19001
19002
19001:19002
19001:19002
19001:19002

timeout_seconds: 3600
exit_code: 0
$ /usr/bin/docker container inspect openriak-kv-3.4.1-suse-15-sp4-otp26-node-4-t-722086z
started: 2026-09-11T15:45:27Z
[
    {
        "Id": "5a5b15235af714000130969567a0645b04597dbf5479b9729f41c425ea33121f",
        "Created": "2026-09-11T15:42:04.453526871Z",
        "Path": "/usr/local/bin/openriak-entrypoint",
        "Args": [],
        "State": {
            "Status": "running",
            "Running": true,
            "Paused": false,
            "Restarting": false,
            "OOMKilled": false,
            "Dead": false,
            "Pid": 1466795,
            "ExitCode": 0,
            "Error": "",
            "StartedAt": "2026-09-11T15:42:04.524343392Z",
            "FinishedAt": "0001-01-01T00:00:00Z",
            "Health": {
                "Status": "healthy",
                "FailingStreak": 0,
                "Log": [
                    {
                        "Start": "2026-09-11T15:44:37.600342758Z",
                        "End": "2026-09-11T15:44:39.181729473Z",
                        "ExitCode": 0,
                        "Output": "OpenRiak healthcheck passed: BEAM is running and riak ping returned pong\n"
                    },
                    {
                        "Start": "2026-09-11T15:44:49.182545677Z",
                        "End": "2026-09-11T15:44:50.626763442Z",
                        "ExitCode": 0,
                        "Output": "OpenRiak healthcheck passed: BEAM is running and riak ping returned pong\n"
                    },
                    {
                        "Start": "2026-09-11T15:45:00.627952732Z",
                        "End": "2026-09-11T15:45:01.734760205Z",
                        "ExitCode": 0,
                        "Output": "OpenRiak healthcheck passed: BEAM is running and riak ping returned pong\n"
                    },
                    {
                        "Start": "2026-09-11T15:45:11.736068703Z",
                        "End": "2026-09-11T15:45:12.806033169Z",
                        "ExitCode": 0,
                        "Output": "OpenRiak healthcheck passed: BEAM is running and riak ping returned pong\n"
                    },
                    {
                        "Start": "2026-09-11T15:45:22.807633572Z",
                        "End": "2026-09-11T15:45:23.560834223Z",
                        "ExitCode": 0,
                        "Output": "OpenRiak healthcheck passed: BEAM is running and riak ping returned pong\n"
                    }
                ]
            }
        },
        "Image": "sha256:bc3260dfa3d328091690ded33eda1f851dd817d1f9b2b5fd5fcf4b4c929d0377",
        "ResolvConfPath": "/var/snap/docker/common/var-lib-docker/containers/5a5b15235af714000130969567a0645b04597dbf5479b9729f41c425ea33121f/resolv.conf",
        "HostnamePath": "/var/snap/docker/common/var-lib-docker/containers/5a5b15235af714000130969567a0645b04597dbf5479b9729f41c425ea33121f/hostname",
        "HostsPath": "/var/snap/docker/common/var-lib-docker/containers/5a5b15235af714000130969567a0645b04597dbf5479b9729f41c425ea33121f/hosts",
        "LogPath": "/var/snap/docker/common/var-lib-docker/containers/5a5b15235af714000130969567a0645b04597dbf5479b9729f41c425ea33121f/5a5b15235af714000130969567a0645b04597dbf5479b9729f41c425ea33121f-json.log",
        "Name": "/openriak-kv-3.4.1-suse-15-sp4-otp26-node-4-t-722086z",
        "RestartCount": 0,
        "Driver": "overlay2",
        "Platform": "linux",
        "MountLabel": "",
        "ProcessLabel": "",
        "AppArmorProfile": "docker-default",
        "ExecIDs": null,
        "HostConfig": {
            "Binds": [
                "/home/peter/openriak-builds/tmp/openriak-docker-3.4.1-suse-15-sp4-otp26-3yk71kwp/openriak-kv-3.4.1-suse-15-sp4-otp26-node-4/logs:/var/log/riak:rw",
                "/home/peter/openriak-builds/tmp/openriak-docker-3.4.1-suse-15-sp4-otp26-3yk71kwp/openriak-kv-3.4.1-suse-15-sp4-otp26-node-cluster-control:/var/lib/openriak-cluster-control:rw",
                "/home/peter/openriak-builds/tmp/openriak-docker-3.4.1-suse-15-sp4-otp26-3yk71kwp/openriak-kv-3.4.1-suse-15-sp4-otp26-node-4/config:/etc/riak:rw",
                "/home/peter/openriak-builds/tmp/openriak-docker-3.4.1-suse-15-sp4-otp26-3yk71kwp/openriak-kv-3.4.1-suse-15-sp4-otp26-node-4/data:/var/lib/riak:rw"
            ],
            "ContainerIDFile": "",
            "LogConfig": {
                "Type": "json-file",
                "Config": {
                    "max-file": "3",
                    "max-size": "10m"
                }
            },
            "NetworkMode": "openriak-kv-341-suse-15-sp4-otp26-node-cluster_openriak",
            "PortBindings": {},
            "RestartPolicy": {
                "Name": "no",
                "MaximumRetryCount": 0
            },
            "AutoRemove": false,
            "VolumeDriver": "",
            "VolumesFrom": null,
            "ConsoleSize": [
                0,
                0
            ],
            "CapAdd": null,
            "CapDrop": null,
            "CgroupnsMode": "private",
            "Dns": null,
            "DnsOptions": null,
            "DnsSearch": null,
            "ExtraHosts": [],
            "GroupAdd": null,
            "IpcMode": "private",
            "Cgroup": "",
            "Links": null,
            "OomScoreAdj": 0,
            "PidMode": "",
            "Privileged": false,
            "PublishAllPorts": false,
            "ReadonlyRootfs": false,
            "SecurityOpt": null,
            "UTSMode": "",
            "UsernsMode": "",
            "ShmSize": 67108864,
            "Runtime": "runc",
            "Isolation": "",
            "CpuShares": 0,
            "Memory": 0,
            "NanoCpus": 0,
            "CgroupParent": "",
            "BlkioWeight": 0,
            "BlkioWeightDevice": null,
            "BlkioDeviceReadBps": null,
            "BlkioDeviceWriteBps": null,
            "BlkioDeviceReadIOps": null,
            "BlkioDeviceWriteIOps": null,
            "CpuPeriod": 0,
            "CpuQuota": 0,
            "CpuRealtimePeriod": 0,
            "CpuRealtimeRuntime": 0,
            "CpusetCpus": "",
            "CpusetMems": "",
            "Devices": null,
            "DeviceCgroupRules": null,
            "DeviceRequests": null,
            "MemoryReservation": 0,
            "MemorySwap": 0,
            "MemorySwappiness": null,
            "OomKillDisable": null,
            "PidsLimit": null,
            "Ulimits": [
                {
                    "Name": "nofile",
                    "Hard": 100000,
                    "Soft": 100000
                }
            ],
            "CpuCount": 0,
            "CpuPercent": 0,
            "IOMaximumIOps": 0,
            "IOMaximumBandwidth": 0,
            "MaskedPaths": [
                "/proc/acpi",
                "/proc/asound",
                "/proc/interrupts",
                "/proc/kcore",
                "/proc/keys",
                "/proc/latency_stats",
                "/proc/sched_debug",
                "/proc/scsi",
                "/proc/timer_list",
                "/proc/timer_stats",
                "/sys/devices/virtual/powercap",
                "/sys/firmware",
                "/sys/devices/system/cpu/cpu0/thermal_throttle",
                "/sys/devices/system/cpu/cpu1/thermal_throttle",
                "/sys/devices/system/cpu/cpu2/thermal_throttle",
                "/sys/devices/system/cpu/cpu3/thermal_throttle"
            ],
            "ReadonlyPaths": [
                "/proc/bus",
                "/proc/fs",
                "/proc/irq",
                "/proc/sys",
                "/proc/sysrq-trigger"
            ]
        },
        "GraphDriver": {
            "Data": {
                "ID": "5a5b15235af714000130969567a0645b04597dbf5479b9729f41c425ea33121f",
                "LowerDir": "/var/snap/docker/common/var-lib-docker/overlay2/976db67c6ff0b3c2819e9499c338b18ad91b1aa147874e2cda7401153df70370-init/diff:/var/snap/docker/common/var-lib-docker/overlay2/7d29c4a614f293b23b0f7a80ab6b685cb60fc4b7f1369268adac7058880ddcf9/diff:/var/snap/docker/common/var-lib-docker/overlay2/181f50dfd08e9e099b277797f0fc992c86cbc2dc86e8fd27aa48a95d1c6f9f4b/diff:/var/snap/docker/common/var-lib-docker/overlay2/af6d26f095961f0152e8e83ca871135ac0d27fae21ec2793f2cfea3f7702fb79/diff:/var/snap/docker/common/var-lib-docker/overlay2/bd19ca76660d59d2ddf46abe39ec4331d48ba1696a25c742f125283120ab64d6/diff:/var/snap/docker/common/var-lib-docker/overlay2/b42a9cf73e56ba937e01057bcecaef3a2e6dc90461fc6b27bcfbc451df1789d1/diff",
                "MergedDir": "/var/snap/docker/common/var-lib-docker/overlay2/976db67c6ff0b3c2819e9499c338b18ad91b1aa147874e2cda7401153df70370/merged",
                "UpperDir": "/var/snap/docker/common/var-lib-docker/overlay2/976db67c6ff0b3c2819e9499c338b18ad91b1aa147874e2cda7401153df70370/diff",
                "WorkDir": "/var/snap/docker/common/var-lib-docker/overlay2/976db67c6ff0b3c2819e9499c338b18ad91b1aa147874e2cda7401153df70370/work"
            },
            "Name": "overlay2"
        },
        "Mounts": [
            {
                "Type": "bind",
                "Source": "/home/peter/openriak-builds/tmp/openriak-docker-3.4.1-suse-15-sp4-otp26-3yk71kwp/openriak-kv-3.4.1-suse-15-sp4-otp26-node-4/config",
                "Destination": "/etc/riak",
                "Mode": "rw",
                "RW": true,
                "Propagation": "rprivate"
            },
            {
                "Type": "bind",
                "Source": "/home/peter/openriak-builds/tmp/openriak-docker-3.4.1-suse-15-sp4-otp26-3yk71kwp/openriak-kv-3.4.1-suse-15-sp4-otp26-node-4/data",
                "Destination": "/var/lib/riak",
                "Mode": "rw",
                "RW": true,
                "Propagation": "rprivate"
            },
            {
                "Type": "bind",
                "Source": "/home/peter/openriak-builds/tmp/openriak-docker-3.4.1-suse-15-sp4-otp26-3yk71kwp/openriak-kv-3.4.1-suse-15-sp4-otp26-node-4/logs",
                "Destination": "/var/log/riak",
                "Mode": "rw",
                "RW": true,
                "Propagation": "rprivate"
            },
            {
                "Type": "bind",
                "Source": "/home/peter/openriak-builds/tmp/openriak-docker-3.4.1-suse-15-sp4-otp26-3yk71kwp/openriak-kv-3.4.1-suse-15-sp4-otp26-node-cluster-control",
                "Destination": "/var/lib/openriak-cluster-control",
                "Mode": "rw",
                "RW": true,
                "Propagation": "rprivate"
            }
        ],
        "Config": {
            "Hostname": "node-04.cluster-a.openriak",
            "Domainname": "",
            "User": "",
            "AttachStdin": false,
            "AttachStdout": true,
            "AttachStderr": true,
            "ExposedPorts": {
                "8087/tcp": {},
                "8098/tcp": {}
            },
            "Tty": false,
            "OpenStdin": false,
            "StdinOnce": false,
            "Env": [
                "RIAK_NODE_HOST=node-04.cluster-a.openriak",
                "OPENRIAK_CLUSTER_POLL_SECONDS=1",
                "RIAK_MONITOR_INTERVAL_SECONDS=1",
                "OPENRIAK_CLUSTER_MODE=cluster",
                "RIAK_LOG_MAX_FILES=4",
                "TZ=Asia/Tokyo",
                "RIAK_UID=19001",
                "OPENRIAK_CLUSTER_WAIT_SECONDS=3600",
                "RIAK_LOG_MAX_FILE_SIZE=2MB",
                "RIAK_GID=19002",
                "RIAK_DISTRIBUTED_COOKIE=openriak-42cd071c8a67a7206f2db6a42f722fab",
                "PATH=/usr/local/sbin:/usr/local/bin:/usr/sbin:/usr/bin:/sbin:/bin",
                "RIAK_NODE_NAME=",
                "RIAK_RING_SIZE=8",
                "RIAK_STORAGE_BACKEND=leveled",
                "RIAK_ANTI_ENTROPY=passive",
                "RIAK_TICTACAAE_ACTIVE=active",
                "RIAK_TICTACAAE_STOREHEADS=enabled",
                "RIAK_HTTP_LISTENER=0.0.0.0:8098",
                "RIAK_PB_LISTENER=0.0.0.0:8087",
                "RIAK_NOFILE_LIMIT=100000",
                "RIAK_INIT_ONLY=0",
                "RIAK_STARTUP_POLL_SECONDS=1",
                "RIAK_SHUTDOWN_POLL_SECONDS=1",
                "OPENRIAK_CLUSTER_CONTROL_DIR=/var/lib/openriak-cluster-control",
                "role="
            ],
            "Cmd": null,
            "Healthcheck": {
                "Test": [
                    "CMD",
                    "/usr/local/bin/openriak-healthcheck"
                ],
                "Interval": 10000000000,
                "Timeout": 60000000000,
                "StartPeriod": 120000000000,
                "Retries": 3
            },
            "Image": "tiotjp/openriak-kv:test-3.4.1-suse-15-sp4-otp26-linux-amd64-20260911t154104.722086z",
            "Volumes": {
                "/etc/riak": {},
                "/var/lib/riak": {},
                "/var/log/riak": {}
            },
            "WorkingDir": "/",
            "Entrypoint": [
                "/usr/local/bin/openriak-entrypoint"
            ],
            "Labels": {
                "com.docker.compose.config-hash": "6caad03043d46529f02876391a4b7fb287bb180a4f7f89cbaeb3356fed0d8c90",
                "com.docker.compose.container-number": "1",
                "com.docker.compose.depends_on": "",
                "com.docker.compose.image": "sha256:bc3260dfa3d328091690ded33eda1f851dd817d1f9b2b5fd5fcf4b4c929d0377",
                "com.docker.compose.oneoff": "False",
                "com.docker.compose.project": "openriak-kv-341-suse-15-sp4-otp26-node-cluster",
                "com.docker.compose.project.config_files": "/home/peter/openriak-builds/tmp/openriak-docker-3.4.1-suse-15-sp4-otp26-3yk71kwp/compose.cluster.test.yaml",
                "com.docker.compose.project.environment_file": "/home/peter/openriak-builds/tmp/openriak-docker-3.4.1-suse-15-sp4-otp26-3yk71kwp/.env.cluster",
                "com.docker.compose.project.working_dir": "/home/peter/openriak-builds/tmp/openriak-docker-3.4.1-suse-15-sp4-otp26-3yk71kwp",
                "com.docker.compose.service": "node4",
                "com.docker.compose.version": "2.32.4",
                "org.opencontainers.image.description": "Package-backed OpenRiak KV with single-node and cluster startup support",
                "org.opencontainers.image.source": "https://github.com/TI-Tokyo/openriak-docs",
                "org.opencontainers.image.title": "OpenRiak KV",
                "org.opencontainers.image.url": "https://www.tiot.jp/",
                "org.opencontainers.image.vendor": "TI Tokyo",
                "org.opencontainers.image.version": "3.4.1",
                "org.openriak.image.tag": "tiotjp/openriak-kv:3.4.1-suse-15-sp4-otp26",
                "org.openriak.os.name": "suse",
                "org.openriak.os.release": "15-sp4",
                "org.openriak.os.version": "15-sp4",
                "org.openriak.otp.version": "26"
            },
            "StopSignal": "SIGTERM",
            "StopTimeout": 120
        },
        "NetworkSettings": {
            "SandboxID": "3afb79fb3a80d2249d1817717bf9cba0bb0544b287182d290f0bd9ad0ab9fe21",
            "SandboxKey": "/run/snap.docker/netns/3afb79fb3a80",
            "Ports": {
                "8087/tcp": null,
                "8098/tcp": null
            },
            "Networks": {
                "openriak-kv-341-suse-15-sp4-otp26-node-cluster_openriak": {
                    "IPAMConfig": {},
                    "Links": null,
                    "Aliases": [
                        "openriak-kv-3.4.1-suse-15-sp4-otp26-node-4-t-722086z",
                        "node4",
                        "node-04.cluster-a.openriak"
                    ],
                    "DriverOpts": null,
                    "GwPriority": 0,
                    "NetworkID": "8d69ba533c5bd08e6ffee9836fd0a1528b21e6c51630b99b75d923cb94ffa029",
                    "EndpointID": "a53d54a50f8242fd83f0ce28adef60bf0189353be78cccb22e65c06c17eb6754",
                    "Gateway": "172.19.0.1",
                    "IPAddress": "172.19.0.2",
                    "MacAddress": "de:09:1e:9b:c5:fa",
                    "IPPrefixLen": 16,
                    "IPv6Gateway": "",
                    "GlobalIPv6Address": "",
                    "GlobalIPv6PrefixLen": 0,
                    "DNSNames": [
                        "openriak-kv-3.4.1-suse-15-sp4-otp26-node-4-t-722086z",
                        "node4",
                        "node-04.cluster-a.openriak",
                        "5a5b15235af7"
                    ]
                }
            }
        }
    }
]

timeout_seconds: 3600
exit_code: 0
$ /usr/bin/docker exec openriak-kv-3.4.1-suse-15-sp4-otp26-node-4-t-722086z sh -ec 'test ! -e /usr/bin/container-suseconnect
if rpm -q container-suseconnect >/dev/null 2>&1
then
    echo '"'"'Unexpected SUSE registration helper in runtime image'"'"' >&2
    exit 1
fi'
started: 2026-09-11T15:45:27Z

timeout_seconds: 3600
exit_code: 0
