$ /usr/bin/docker compose --env-file /home/peter/openriak-builds/tmp/openriak-docker-3.4.1-suse-15-sp4-otp26-3yk71kwp/.env.cluster --project-directory /home/peter/openriak-builds/tmp/openriak-docker-3.4.1-suse-15-sp4-otp26-3yk71kwp --file /home/peter/openriak-builds/tmp/openriak-docker-3.4.1-suse-15-sp4-otp26-3yk71kwp/compose.cluster.test.yaml down --remove-orphans --timeout 120
started: 2026-09-11T15:45:36Z
 Container openriak-kv-3.4.1-suse-15-sp4-otp26-node-5-t-722086z  Stopping
 Container openriak-kv-3.4.1-suse-15-sp4-otp26-node-1-t-722086z  Stopping
 Container openriak-kv-3.4.1-suse-15-sp4-otp26-node-2-t-722086z  Stopping
 Container openriak-kv-3.4.1-suse-15-sp4-otp26-node-3-t-722086z  Stopping
 Container openriak-kv-3.4.1-suse-15-sp4-otp26-node-5-t-722086z  Stopped
 Container openriak-kv-3.4.1-suse-15-sp4-otp26-node-5-t-722086z  Removing
 Container openriak-kv-3.4.1-suse-15-sp4-otp26-node-4-t-722086z  Stopping
 Container openriak-kv-3.4.1-suse-15-sp4-otp26-node-3-t-722086z  Stopped
 Container openriak-kv-3.4.1-suse-15-sp4-otp26-node-3-t-722086z  Removing
 Container openriak-kv-3.4.1-suse-15-sp4-otp26-node-2-t-722086z  Stopped
 Container openriak-kv-3.4.1-suse-15-sp4-otp26-node-2-t-722086z  Removing
 Container openriak-kv-3.4.1-suse-15-sp4-otp26-node-1-t-722086z  Stopped
 Container openriak-kv-3.4.1-suse-15-sp4-otp26-node-1-t-722086z  Removing
 Container openriak-kv-3.4.1-suse-15-sp4-otp26-node-4-t-722086z  Stopped
 Container openriak-kv-3.4.1-suse-15-sp4-otp26-node-4-t-722086z  Removing
 Container openriak-kv-3.4.1-suse-15-sp4-otp26-node-5-t-722086z  Removed
 Container openriak-kv-3.4.1-suse-15-sp4-otp26-node-1-t-722086z  Removed
 Container openriak-kv-3.4.1-suse-15-sp4-otp26-node-3-t-722086z  Removed
 Container openriak-kv-3.4.1-suse-15-sp4-otp26-node-2-t-722086z  Removed
 Container openriak-kv-3.4.1-suse-15-sp4-otp26-node-4-t-722086z  Removed
 Network openriak-kv-341-suse-15-sp4-otp26-node-cluster_openriak  Removing
 Network openriak-kv-341-suse-15-sp4-otp26-node-cluster_openriak  Removed

timeout_seconds: 3600
exit_code: 0
