$ /usr/bin/docker buildx build --builder openriak-kv-multiarch --load --platform linux/amd64 --pull=false --no-cache --tag tiotjp/openriak-kv:test-3.4.1-suse-15-sp4-otp26-linux-amd64-20260911t154104.722086z --file /home/peter/openriak-builds/openriak-distributed/openriak-docker-2026-09-11-b/living-room-b/20260911T084617.243958Z/results/3.4.1/3.4.1-suse-15-sp4-otp26/platforms/linux-amd64/runs/20260911T154104.722086Z/Dockerfile /home/peter/openriak-builds/openriak-distributed/openriak-docker-2026-09-11-b/living-room-b/20260911T084617.243958Z/results/3.4.1/3.4.1-suse-15-sp4-otp26/platforms/linux-amd64/runs/20260911T154104.722086Z
started: 2026-09-11T15:41:04Z
#0 building with "openriak-kv-multiarch" instance using docker-container driver

#1 [internal] load build definition from Dockerfile
#1 transferring dockerfile: 44.51kB done
#1 DONE 0.0s

#2 resolve image config for docker-image://docker.io/docker/dockerfile:1.7
#2 DONE 0.3s

#3 docker-image://docker.io/docker/dockerfile:1.7@sha256:a57df69d0ea827fb7266491f2813635de6f17269be881f696fbfdf2d83dda33e
#3 resolve docker.io/docker/dockerfile:1.7@sha256:a57df69d0ea827fb7266491f2813635de6f17269be881f696fbfdf2d83dda33e 0.0s done
#3 CACHED

#4 [internal] load metadata for registry.suse.com/suse/sle15:15.4@sha256:5f0d026bbf4f1e90b563f69327aea6a3d8744a31c346008bf0556f732ed6236c
#4 DONE 1.7s

#5 [internal] load .dockerignore
#5 transferring context: 2B done
#5 DONE 0.0s

#6 [download-amd64 1/1] ADD --checksum=sha256:ffcc9ce4af826a508e4927a8c725d5e21dd6dcb565d8adba4ae3ca6ef3f146ea https://files.tiot.jp/riak/kv/3.4/3.4.1/rhel/8/riak-3.4.1.OTP26-1.el8.x86_64.rpm /riak-3.4.1.OTP26-1.el8.x86_64.rpm
#6 CACHED

#7 [internal] preparing inline document
#7 CACHED

#8 [internal] preparing inline document
#8 CACHED

#9 [install-amd64 1/2] FROM registry.suse.com/suse/sle15:15.4@sha256:5f0d026bbf4f1e90b563f69327aea6a3d8744a31c346008bf0556f732ed6236c
#9 resolve registry.suse.com/suse/sle15:15.4@sha256:5f0d026bbf4f1e90b563f69327aea6a3d8744a31c346008bf0556f732ed6236c done
#9 CACHED

#10 [download-amd64 1/1] ADD --checksum=sha256:ffcc9ce4af826a508e4927a8c725d5e21dd6dcb565d8adba4ae3ca6ef3f146ea https://files.tiot.jp/riak/kv/3.4/3.4.1/rhel/8/riak-3.4.1.OTP26-1.el8.x86_64.rpm /riak-3.4.1.OTP26-1.el8.x86_64.rpm
#10 DONE 0.0s

#11 [install-amd64 2/2] RUN --mount=type=bind,from=download-amd64,target=/opt/openriak-package,ro <<'OPENRIAK_PACKAGE_INSTALL' (set -eu...)
#11 0.669 Refreshing service 'container-suseconnect-zypp'.
#11 0.678 Retrieving repository 'SLE_BCI' metadata [.....
#11 5.050 Warning: The gpg key signing file 'repomd.xml' has expired.
#11 5.050   Repository:       SLE_BCI
#11 5.050   Key Fingerprint:  FEAB 5025 39D8 46DB 2C09 61CA 70AF 9E81 39DB 7C82
#11 5.050   Key Name:         SuSE Package Signing Key <build@suse.de>
#11 5.050   Key Algorithm:    RSA 2048
#11 5.050   Key Created:      Mon Sep 21 08:21:47 2020
#11 5.050   Key Expires:      Fri Sep 20 08:21:47 2024 (EXPIRED)
#11 5.050   Rpm Name:         gpg-pubkey-39db7c82-5f68629b
#11 5.142 ....done]
#11 5.334 Building repository 'SLE_BCI' cache [....done]
#11 5.730 All repositories have been refreshed.
#11 6.258 Refreshing service 'container-suseconnect-zypp'.
#11 6.269 Loading repository data...
#11 6.281 Reading installed packages...
#11 6.349 Nothing to do.
#11 6.876 Refreshing service 'container-suseconnect-zypp'.
#11 6.887 Loading repository data...
#11 6.900 Reading installed packages...
#11 6.927 'util-linux' is already installed.
#11 6.927 No update candidate for 'util-linux-2.37.2-150400.8.20.1.x86_64'. The highest available version is already installed.
#11 6.927 'shadow' is already installed.
#11 6.927 No update candidate for 'shadow-4.8.1-150400.10.12.1.x86_64'. The highest available version is already installed.
#11 6.927 'bash' is already installed.
#11 6.927 No update candidate for 'bash-4.4-150400.25.22.x86_64'. The highest available version is already installed.
#11 6.927 'glibc' is already installed.
#11 6.927 No update candidate for 'glibc-2.31-150300.63.1.x86_64'. The highest available version is already installed.
#11 6.927 'ca-certificates' is already installed.
#11 6.927 No update candidate for 'ca-certificates-2+git20210309.21162a6-2.1.noarch'. The highest available version is already installed.
#11 6.927 'timezone' is already installed.
#11 6.927 No update candidate for 'timezone-2023c-150000.75.23.1.x86_64'. The highest available version is already installed.
#11 6.927 'pam' is already installed.
#11 6.927 No update candidate for 'pam-1.3.0-150000.6.61.1.x86_64'. The highest available version is already installed.
#11 6.927 'procps' is already installed.
#11 6.927 No update candidate for 'procps-3.3.15-150000.7.34.1.x86_64'. The highest available version is already installed.
#11 6.927 'libgcc_s1' is already installed.
#11 6.927 No update candidate for 'libgcc_s1-13.2.1+git7813-150000.1.6.1.x86_64'. The highest available version is already installed.
#11 6.927 'libstdc++6' is already installed.
#11 6.927 No update candidate for 'libstdc++6-13.2.1+git7813-150000.1.6.1.x86_64'. The highest available version is already installed.
#11 6.927 'libopenssl1_1' is already installed.
#11 6.927 No update candidate for 'libopenssl1_1-1.1.1l-150400.7.60.2.x86_64'. The highest available version is already installed.
#11 6.927 'libz1' is already installed.
#11 6.927 No update candidate for 'libz1-1.2.11-150000.3.48.1.x86_64'. The highest available version is already installed.
#11 6.927 'libncurses6' is already installed.
#11 6.927 No update candidate for 'libncurses6-6.1-150000.5.20.1.x86_64'. The highest available version is already installed.
#11 6.927 Resolving package dependencies...
#11 6.976 
#11 6.976 The following 4 NEW packages are going to be installed:
#11 6.976   gawk hostname sudo update-alternatives
#11 6.976 
#11 6.976 The following 4 packages are not supported by their vendor:
#11 6.976   gawk hostname sudo update-alternatives
#11 6.976 
#11 6.976 4 new packages to install.
#11 6.976 Overall download size: 2.9 MiB. Already cached: 0 B. After the operation, additional 10.2 MiB will be used.
#11 6.977 Continue? [y/n/v/...? shows all options] (y): y
#11 6.985 Retrieving: hostname-3.16-2.22.x86_64 (SLE_BCI) (1/4),  22.8 KiB    
#11 6.988 Retrieving: hostname-3.16-2.22.x86_64.rpm [.done]
#11 7.059 Retrieving: sudo-1.9.9-150400.4.26.1.x86_64 (SLE_BCI) (2/4),   1.7 MiB    
#11 7.064 Retrieving: sudo-1.9.9-150400.4.26.1.x86_64.rpm [.done]
#11 7.130 Retrieving: update-alternatives-1.19.0.4-150000.4.4.1.x86_64 (SLE_BCI) (3/4),  43.5 KiB    
#11 7.132 Retrieving: update-alternatives-1.19.0.4-150000.4.4.1.x86_64.rpm [.....done (10.5 KiB/s)]
#11 10.33 Retrieving: gawk-4.2.1-150000.3.3.1.x86_64 (SLE_BCI) (4/4),   1.2 MiB    
#11 10.33 Retrieving: gawk-4.2.1-150000.3.3.1.x86_64.rpm [.done]
#11 10.38 
#11 10.38 Checking for file conflicts: [..done]
#11 10.43 (1/4) Installing: hostname-3.16-2.22.x86_64 [..done]
#11 10.50 (2/4) Installing: sudo-1.9.9-150400.4.26.1.x86_64 [....done]
#11 10.78 (3/4) Installing: update-alternatives-1.19.0.4-150000.4.4.1.x86_64 [..done]
#11 10.84 (4/4) Installing: gawk-4.2.1-150000.3.3.1.x86_64 [..
#11 10.98 update-alternatives: using /usr/bin/gawk to provide /bin/awk (awk) in auto mode
#11 11.01 done]
#11 11.59 All repositories have been cleaned up.
#11 11.65 Preparing...                          ########################################
#11 11.69 Updating / installing...
#11 11.69 riak-3.4.1.OTP26-1.el8                ########################################
#11 DONE 14.5s

#12 [package-amd64 1/1] COPY --from=install-amd64 / /
#12 DONE 0.7s

#13 [final 1/4] RUN <<'OPENRIAK_IMAGE_SETUP' (set -eu...)
#13 0.116 uid=499(riak) gid=486(riak) groups=486(riak)
#13 DONE 0.2s

#14 [final 2/4] COPY <<OPENRIAK_ENTRYPOINT /usr/local/bin/openriak-entrypoint
#14 DONE 0.0s

#15 [final 3/4] COPY <<OPENRIAK_HEALTHCHECK /usr/local/bin/openriak-healthcheck
#15 DONE 0.0s

#16 [final 4/4] RUN <<'OPENRIAK_SCRIPT_SETUP' (set -eu...)
#16 DONE 0.1s

#17 exporting to docker image format
#17 exporting layers
#17 exporting layers 7.7s done
#17 exporting manifest sha256:ea1fdeb31cd9182d2485ea14b8a1b45bfd8bf5701b328ab5fe942cf3c51bb980 0.0s done
#17 exporting config sha256:bc3260dfa3d328091690ded33eda1f851dd817d1f9b2b5fd5fcf4b4c929d0377 0.0s done
#17 sending tarball
#17 ...

#18 importing to docker
#18 loading layer 2a40b59dc58a 557.06kB / 83.59MB
#18 loading layer ea87c30f7e2b 23.62kB / 23.62kB
#18 loading layer ec68cfe69fdd 7.70kB / 7.70kB
#18 loading layer 8a0bc415efb4 391B / 391B
#18 loading layer 186cbd0fa5b4 7.88kB / 7.88kB
#18 loading layer 2a40b59dc58a 83.59MB / 83.59MB 2.3s done
#18 loading layer ea87c30f7e2b 23.62kB / 23.62kB 0.2s done
#18 loading layer ec68cfe69fdd 7.70kB / 7.70kB 0.1s done
#18 loading layer 8a0bc415efb4 391B / 391B 0.1s done
#18 loading layer 186cbd0fa5b4 7.88kB / 7.88kB 0.1s done
#18 DONE 2.3s

#17 exporting to docker image format
#17 sending tarball 3.0s done
#17 DONE 10.7s

timeout_seconds: 3600
exit_code: 0
