$ /usr/bin/docker logs openriak-kv-3.4.1-amazon-linux-2023-otp26-node-5-t-334513z
started: 2026-09-11T10:39:37Z
2026-09-11T19:16:21+09:00 [openriak-entrypoint] configuration: timezone = Asia/Tokyo
usermod: no changes
2026-09-11T19:16:22+09:00 [openriak-entrypoint] configuration: riak UID/GID = 19001/19002
2026-09-11T19:16:22+09:00 [openriak-entrypoint] configuration: preparing mounted directories
2026-09-11T19:16:22+09:00 [openriak-entrypoint] configuration: seeding /etc/riak from packaged defaults
2026-09-11T19:16:23+09:00 [openriak-entrypoint] configuration: current Docker IPv4 address = 172.25.0.2
2026-09-11T19:16:23+09:00 [openriak-entrypoint] configuration: waiting for coordinator cookie before daemon startup
2026-09-11T19:16:24+09:00 [openriak-entrypoint] configuration: waiting for coordinator cookie before daemon startup
2026-09-11T19:16:25+09:00 [openriak-entrypoint] configuration: waiting for coordinator cookie before daemon startup
2026-09-11T19:16:26+09:00 [openriak-entrypoint] configuration: waiting for coordinator cookie before daemon startup
2026-09-11T19:16:27+09:00 [openriak-entrypoint] configuration: waiting for coordinator cookie before daemon startup
2026-09-11T19:16:28+09:00 [openriak-entrypoint] configuration: waiting for coordinator cookie before daemon startup
2026-09-11T19:16:29+09:00 [openriak-entrypoint] configuration: waiting for coordinator cookie before daemon startup
2026-09-11T19:16:30+09:00 [openriak-entrypoint] configuration: waiting for coordinator cookie before daemon startup
2026-09-11T19:16:32+09:00 [openriak-entrypoint] configuration: waiting for coordinator cookie before daemon startup
2026-09-11T19:16:33+09:00 [openriak-entrypoint] configuration: waiting for coordinator cookie before daemon startup
2026-09-11T19:16:34+09:00 [openriak-entrypoint] configuration: waiting for coordinator cookie before daemon startup
2026-09-11T19:16:35+09:00 [openriak-entrypoint] configuration: waiting for coordinator cookie before daemon startup
2026-09-11T19:16:36+09:00 [openriak-entrypoint] configuration: waiting for coordinator cookie before daemon startup
2026-09-11T19:16:38+09:00 [openriak-entrypoint] configuration: waiting for coordinator cookie before daemon startup
2026-09-11T19:16:40+09:00 [openriak-entrypoint] configuration: waiting for coordinator cookie before daemon startup
2026-09-11T19:16:41+09:00 [openriak-entrypoint] configuration: waiting for coordinator cookie before daemon startup
2026-09-11T19:16:42+09:00 [openriak-entrypoint] configuration: waiting for coordinator cookie before daemon startup
2026-09-11T19:16:43+09:00 [openriak-entrypoint] configuration: waiting for coordinator cookie before daemon startup
2026-09-11T19:16:45+09:00 [openriak-entrypoint] configuration: waiting for coordinator cookie before daemon startup
2026-09-11T19:16:46+09:00 [openriak-entrypoint] configuration: waiting for coordinator cookie before daemon startup
2026-09-11T19:16:47+09:00 [openriak-entrypoint] configuration: waiting for coordinator cookie before daemon startup
2026-09-11T19:16:48+09:00 [openriak-entrypoint] configuration: waiting for coordinator cookie before daemon startup
2026-09-11T19:16:49+09:00 [openriak-entrypoint] configuration: waiting for coordinator cookie before daemon startup
2026-09-11T19:16:50+09:00 [openriak-entrypoint] configuration: waiting for coordinator cookie before daemon startup
2026-09-11T19:16:51+09:00 [openriak-entrypoint] configuration: waiting for coordinator cookie before daemon startup
2026-09-11T19:16:52+09:00 [openriak-entrypoint] configuration: waiting for coordinator cookie before daemon startup
2026-09-11T19:16:53+09:00 [openriak-entrypoint] configuration: waiting for coordinator cookie before daemon startup
2026-09-11T19:16:55+09:00 [openriak-entrypoint] configuration: waiting for coordinator cookie before daemon startup
2026-09-11T19:16:56+09:00 [openriak-entrypoint] configuration: waiting for coordinator cookie before daemon startup
2026-09-11T19:16:57+09:00 [openriak-entrypoint] configuration: waiting for coordinator cookie before daemon startup
2026-09-11T19:16:58+09:00 [openriak-entrypoint] configuration: waiting for coordinator cookie before daemon startup
2026-09-11T19:16:59+09:00 [openriak-entrypoint] configuration: waiting for coordinator cookie before daemon startup
2026-09-11T19:17:00+09:00 [openriak-entrypoint] configuration: waiting for coordinator cookie before daemon startup
2026-09-11T19:17:01+09:00 [openriak-entrypoint] configuration: waiting for coordinator cookie before daemon startup
2026-09-11T19:17:02+09:00 [openriak-entrypoint] configuration: waiting for coordinator cookie before daemon startup
2026-09-11T19:17:03+09:00 [openriak-entrypoint] configuration: waiting for coordinator cookie before daemon startup
2026-09-11T19:17:05+09:00 [openriak-entrypoint] configuration: waiting for coordinator cookie before daemon startup
2026-09-11T19:17:06+09:00 [openriak-entrypoint] configuration: waiting for coordinator cookie before daemon startup
2026-09-11T19:17:07+09:00 [openriak-entrypoint] configuration: waiting for coordinator cookie before daemon startup
2026-09-11T19:17:08+09:00 [openriak-entrypoint] configuration: waiting for coordinator cookie before daemon startup
2026-09-11T19:17:10+09:00 [openriak-entrypoint] configuration: waiting for coordinator cookie before daemon startup
2026-09-11T19:17:12+09:00 [openriak-entrypoint] configuration: waiting for coordinator cookie before daemon startup
2026-09-11T19:17:13+09:00 [openriak-entrypoint] configuration: waiting for coordinator cookie before daemon startup
2026-09-11T19:17:14+09:00 [openriak-entrypoint] configuration: waiting for coordinator cookie before daemon startup
2026-09-11T19:17:15+09:00 [openriak-entrypoint] configuration: waiting for coordinator cookie before daemon startup
2026-09-11T19:17:16+09:00 [openriak-entrypoint] configuration: waiting for coordinator cookie before daemon startup
2026-09-11T19:17:18+09:00 [openriak-entrypoint] configuration: waiting for coordinator cookie before daemon startup
2026-09-11T19:17:19+09:00 [openriak-entrypoint] configuration: waiting for coordinator cookie before daemon startup
2026-09-11T19:17:20+09:00 [openriak-entrypoint] configuration: waiting for coordinator cookie before daemon startup
2026-09-11T19:17:21+09:00 [openriak-entrypoint] configuration: waiting for coordinator cookie before daemon startup
2026-09-11T19:17:22+09:00 [openriak-entrypoint] configuration: waiting for coordinator cookie before daemon startup
2026-09-11T19:17:23+09:00 [openriak-entrypoint] configuration: waiting for coordinator cookie before daemon startup
2026-09-11T19:17:24+09:00 [openriak-entrypoint] configuration: waiting for coordinator cookie before daemon startup
2026-09-11T19:17:26+09:00 [openriak-entrypoint] configuration: waiting for coordinator cookie before daemon startup
2026-09-11T19:17:27+09:00 [openriak-entrypoint] configuration: waiting for coordinator cookie before daemon startup
2026-09-11T19:17:28+09:00 [openriak-entrypoint] configuration: waiting for coordinator cookie before daemon startup
2026-09-11T19:17:29+09:00 [openriak-entrypoint] configuration: waiting for coordinator cookie before daemon startup
2026-09-11T19:17:30+09:00 [openriak-entrypoint] configuration: waiting for coordinator cookie before daemon startup
2026-09-11T19:17:31+09:00 [openriak-entrypoint] configuration: waiting for coordinator cookie before daemon startup
2026-09-11T19:17:32+09:00 [openriak-entrypoint] configuration: waiting for coordinator cookie before daemon startup
2026-09-11T19:17:33+09:00 [openriak-entrypoint] configuration: waiting for coordinator cookie before daemon startup
2026-09-11T19:17:35+09:00 [openriak-entrypoint] configuration: waiting for coordinator cookie before daemon startup
2026-09-11T19:17:36+09:00 [openriak-entrypoint] configuration: waiting for coordinator cookie before daemon startup
2026-09-11T19:17:37+09:00 [openriak-entrypoint] configuration: waiting for coordinator cookie before daemon startup
2026-09-11T19:17:38+09:00 [openriak-entrypoint] configuration: waiting for coordinator cookie before daemon startup
2026-09-11T19:17:39+09:00 [openriak-entrypoint] configuration: waiting for coordinator cookie before daemon startup
2026-09-11T19:17:40+09:00 [openriak-entrypoint] configuration: waiting for coordinator cookie before daemon startup
2026-09-11T19:17:43+09:00 [openriak-entrypoint] configuration: waiting for coordinator cookie before daemon startup
2026-09-11T19:17:44+09:00 [openriak-entrypoint] configuration: waiting for coordinator cookie before daemon startup
2026-09-11T19:17:46+09:00 [openriak-entrypoint] configuration: waiting for coordinator cookie before daemon startup
2026-09-11T19:17:47+09:00 [openriak-entrypoint] configuration: waiting for coordinator cookie before daemon startup
2026-09-11T19:17:48+09:00 [openriak-entrypoint] configuration: waiting for coordinator cookie before daemon startup
2026-09-11T19:17:49+09:00 [openriak-entrypoint] configuration: waiting for coordinator cookie before daemon startup
2026-09-11T19:17:50+09:00 [openriak-entrypoint] configuration: waiting for coordinator cookie before daemon startup
2026-09-11T19:17:51+09:00 [openriak-entrypoint] configuration: waiting for coordinator cookie before daemon startup
2026-09-11T19:17:52+09:00 [openriak-entrypoint] configuration: waiting for coordinator cookie before daemon startup
2026-09-11T19:17:53+09:00 [openriak-entrypoint] configuration: waiting for coordinator cookie before daemon startup
2026-09-11T19:17:55+09:00 [openriak-entrypoint] configuration: waiting for coordinator cookie before daemon startup
2026-09-11T19:17:56+09:00 [openriak-entrypoint] configuration: waiting for coordinator cookie before daemon startup
2026-09-11T19:17:57+09:00 [openriak-entrypoint] configuration: waiting for coordinator cookie before daemon startup
2026-09-11T19:17:58+09:00 [openriak-entrypoint] configuration: waiting for coordinator cookie before daemon startup
2026-09-11T19:17:59+09:00 [openriak-entrypoint] configuration: waiting for coordinator cookie before daemon startup
2026-09-11T19:18:00+09:00 [openriak-entrypoint] configuration: waiting for coordinator cookie before daemon startup
2026-09-11T19:18:01+09:00 [openriak-entrypoint] configuration: waiting for coordinator cookie before daemon startup
2026-09-11T19:18:03+09:00 [openriak-entrypoint] configuration: waiting for coordinator cookie before daemon startup
2026-09-11T19:18:04+09:00 [openriak-entrypoint] configuration: waiting for coordinator cookie before daemon startup
2026-09-11T19:18:05+09:00 [openriak-entrypoint] configuration: waiting for coordinator cookie before daemon startup
2026-09-11T19:18:06+09:00 [openriak-entrypoint] configuration: waiting for coordinator cookie before daemon startup
2026-09-11T19:18:07+09:00 [openriak-entrypoint] configuration: waiting for coordinator cookie before daemon startup
2026-09-11T19:18:08+09:00 [openriak-entrypoint] configuration: waiting for coordinator cookie before daemon startup
2026-09-11T19:18:09+09:00 [openriak-entrypoint] configuration: waiting for coordinator cookie before daemon startup
2026-09-11T19:18:10+09:00 [openriak-entrypoint] configuration: waiting for coordinator cookie before daemon startup
2026-09-11T19:18:11+09:00 [openriak-entrypoint] configuration: waiting for coordinator cookie before daemon startup
2026-09-11T19:18:13+09:00 [openriak-entrypoint] configuration: waiting for coordinator cookie before daemon startup
2026-09-11T19:18:16+09:00 [openriak-entrypoint] configuration: waiting for coordinator cookie before daemon startup
2026-09-11T19:18:17+09:00 [openriak-entrypoint] configuration: waiting for coordinator cookie before daemon startup
2026-09-11T19:18:18+09:00 [openriak-entrypoint] configuration: waiting for coordinator cookie before daemon startup
2026-09-11T19:18:19+09:00 [openriak-entrypoint] configuration: waiting for coordinator cookie before daemon startup
2026-09-11T19:18:20+09:00 [openriak-entrypoint] configuration: waiting for coordinator cookie before daemon startup
2026-09-11T19:18:21+09:00 [openriak-entrypoint] configuration: waiting for coordinator cookie before daemon startup
2026-09-11T19:18:22+09:00 [openriak-entrypoint] configuration: waiting for coordinator cookie before daemon startup
2026-09-11T19:18:24+09:00 [openriak-entrypoint] configuration: waiting for coordinator cookie before daemon startup
2026-09-11T19:18:25+09:00 [openriak-entrypoint] configuration: waiting for coordinator cookie before daemon startup
2026-09-11T19:18:26+09:00 [openriak-entrypoint] configuration: waiting for coordinator cookie before daemon startup
2026-09-11T19:18:27+09:00 [openriak-entrypoint] configuration: waiting for coordinator cookie before daemon startup
2026-09-11T19:18:28+09:00 [openriak-entrypoint] configuration: waiting for coordinator cookie before daemon startup
2026-09-11T19:18:29+09:00 [openriak-entrypoint] configuration: waiting for coordinator cookie before daemon startup
2026-09-11T19:18:30+09:00 [openriak-entrypoint] configuration: waiting for coordinator cookie before daemon startup
2026-09-11T19:18:31+09:00 [openriak-entrypoint] configuration: waiting for coordinator cookie before daemon startup
2026-09-11T19:18:33+09:00 [openriak-entrypoint] configuration: waiting for coordinator cookie before daemon startup
2026-09-11T19:18:34+09:00 [openriak-entrypoint] configuration: waiting for coordinator cookie before daemon startup
2026-09-11T19:18:35+09:00 [openriak-entrypoint] configuration: waiting for coordinator cookie before daemon startup
2026-09-11T19:18:36+09:00 [openriak-entrypoint] configuration: waiting for coordinator cookie before daemon startup
2026-09-11T19:18:39+09:00 [openriak-entrypoint] configuration: adopted coordinator cookie before daemon startup
2026-09-11T19:18:40+09:00 [openriak-entrypoint] configuration: nodename = openriak-kv@node-05.cluster-a.openriak
2026-09-11T19:18:40+09:00 [openriak-entrypoint] configuration: distributed_cookie = openriak-5c6baf829e183f9364fdad673bfb0c76
2026-09-11T19:18:40+09:00 [openriak-entrypoint] configuration: effective distributed cookie = openriak-5c6baf829e183f9364fdad673bfb0c76
2026-09-11T19:18:41+09:00 [openriak-entrypoint] configuration: ring_size = 8
2026-09-11T19:18:41+09:00 [openriak-entrypoint] configuration: storage_backend = leveled
2026-09-11T19:18:41+09:00 [openriak-entrypoint] configuration: anti_entropy = passive
2026-09-11T19:18:42+09:00 [openriak-entrypoint] configuration: tictacaae_active = active
2026-09-11T19:18:43+09:00 [openriak-entrypoint] configuration: tictacaae_storeheads = enabled
2026-09-11T19:18:43+09:00 [openriak-entrypoint] configuration: listener.http.internal = 0.0.0.0:8098
2026-09-11T19:18:44+09:00 [openriak-entrypoint] configuration: listener.protobuf.internal = 0.0.0.0:8087
2026-09-11T19:18:44+09:00 [openriak-entrypoint] configuration: logger.max_file_size = 2MB
2026-09-11T19:18:45+09:00 [openriak-entrypoint] configuration: logger.max_files = 4
2026-09-11T19:18:47+09:00 [openriak-entrypoint] startup: validating configuration and generating VM arguments
2026-09-11T19:19:39+09:00 [openriak-entrypoint] startup: configuration is valid (config is OK -config /var/lib/riak/generated.conf/app.2026.09.11.19.19.05.config -args_file /var/lib/riak/generated.conf/vm.2026.09.11.19.19.05.args -vm_args /var/lib/riak/generated.conf/vm.2026.09.11.19.19.05.args)
2026-09-11T19:19:39+09:00 [openriak-entrypoint] startup: starting OpenRiak as a daemon
2026-09-11T19:22:01+09:00 [openriak-entrypoint] startup: daemon command completed
2026-09-11T19:22:01+09:00 [openriak-entrypoint] startup: waiting for BEAM and riak ping
2026-09-11T19:22:15+09:00 [openriak-entrypoint] startup: BEAM is running and riak ping returned pong
2026-09-11T19:22:15+09:00 [openriak-entrypoint] startup: waiting for the riak_kv service
2026-09-11T19:22:48+09:00 [openriak-entrypoint] startup: riak_kv service is up ([riak_kv,riak_pipe,riak_repl])
2026-09-11T19:22:48+09:00 [openriak-entrypoint] startup: waiting for Riak transfers to complete
2026-09-11T19:23:23+09:00 [openriak-entrypoint] startup: transfers complete (No transfers active Active Transfers: ok)
2026-09-11T19:23:23+09:00 [openriak-entrypoint] cluster: Role: Follower
2026-09-11T19:23:59+09:00 [openriak-entrypoint] cluster: announced openriak-kv@node-05.cluster-a.openriak at 172.25.0.2 to coordinator openriak-kv@node-01.cluster-a.openriak (847dbe2b800abe4d)
2026-09-11T19:23:59+09:00 [openriak-entrypoint] cluster: follower waiting for coordinator approval (1s/3600s)
2026-09-11T19:24:02+09:00 [openriak-entrypoint] cluster: follower waiting for coordinator approval (2s/3600s)
2026-09-11T19:24:07+09:00 [openriak-entrypoint] cluster: follower waiting for coordinator approval (3s/3600s)
2026-09-11T19:24:10+09:00 [openriak-entrypoint] cluster: follower waiting for coordinator approval (4s/3600s)
2026-09-11T19:24:15+09:00 [openriak-entrypoint] cluster: join approved by openriak-kv@node-01.cluster-a.openriak (847dbe2b800abe4d)
2026-09-11T19:24:50+09:00 [openriak-entrypoint] cluster: join: Success: staged join request for 'openriak-kv@node-05.cluster-a.openriak' to 'openriak-kv@node-01.cluster-a.openriak'
2026-09-11T19:24:50+09:00 [openriak-entrypoint] cluster: join: ok
2026-09-11T19:24:50+09:00 [openriak-entrypoint] cluster: join request accepted; waiting for plan and commit
2026-09-11T19:25:33+09:00 [openriak-entrypoint] cluster: waiting for the ring to become ready
2026-09-11T19:26:14+09:00 [openriak-entrypoint] cluster: ring is ready (TRUE All nodes agree on the ring ['openriak-kv@node-01.cluster-a.openriak', 'openriak-kv@node-02.cluster-a.openriak', 'openriak-kv@node-03.cluster-a.openriak', 'openriak-kv@node-04.cluster-a.openriak', 'openriak-kv@node-05.cluster-a.openriak'] ok)
2026-09-11T19:26:14+09:00 [openriak-entrypoint] startup: waiting for Riak transfers to complete
2026-09-11T19:26:49+09:00 [openriak-entrypoint] startup: waiting for transfers (attempt 1, transfers='openriak-kv@node-04.cluster-a.openriak' waiting to handoff 2 partitions Active Transfers: ok)
2026-09-11T19:27:22+09:00 [openriak-entrypoint] startup: waiting for transfers (attempt 2, transfers='openriak-kv@node-04.cluster-a.openriak' waiting to handoff 2 partitions Active Transfers: ok)
2026-09-11T19:27:55+09:00 [openriak-entrypoint] startup: waiting for transfers (attempt 3, transfers='openriak-kv@node-04.cluster-a.openriak' waiting to handoff 1 partitions Active Transfers: ok)
2026-09-11T19:28:28+09:00 [openriak-entrypoint] startup: transfers complete (No transfers active Active Transfers: ok)
2026-09-11T19:28:28+09:00 [openriak-entrypoint] cluster: waiting for coordinator completion confirmation
2026-09-11T19:28:28+09:00 [openriak-entrypoint] cluster: coordinator confirmed completion for openriak-kv@node-05.cluster-a.openriak
2026-09-11T19:28:28+09:00 [openriak-entrypoint] cluster: follower joined openriak-kv@node-01.cluster-a.openriak successfully
2026-09-11T19:28:29+09:00 [openriak-entrypoint] startup: OpenRiak is ready
2026-09-11T19:28:29+09:00 [openriak-entrypoint] monitor: sleeping for 1s
2026-09-11T19:28:45+09:00 [openriak-entrypoint] monitor: BEAM is running and riak ping returned pong
2026-09-11T19:28:45+09:00 [openriak-entrypoint] monitor: sleeping for 1s
2026-09-11T19:29:05+09:00 [openriak-entrypoint] monitor: BEAM is running and riak ping returned pong
2026-09-11T19:29:05+09:00 [openriak-entrypoint] monitor: sleeping for 1s
2026-09-11T19:29:19+09:00 [openriak-entrypoint] monitor: BEAM is running and riak ping returned pong
2026-09-11T19:29:19+09:00 [openriak-entrypoint] monitor: sleeping for 1s
2026-09-11T19:29:39+09:00 [openriak-entrypoint] monitor: BEAM is running and riak ping returned pong
2026-09-11T19:29:39+09:00 [openriak-entrypoint] monitor: sleeping for 1s
2026-09-11T19:29:57+09:00 [openriak-entrypoint] monitor: BEAM is running and riak ping returned pong
2026-09-11T19:29:58+09:00 [openriak-entrypoint] monitor: sleeping for 1s
2026-09-11T19:30:14+09:00 [openriak-entrypoint] monitor: BEAM is running and riak ping returned pong
2026-09-11T19:30:14+09:00 [openriak-entrypoint] monitor: sleeping for 1s
2026-09-11T19:30:33+09:00 [openriak-entrypoint] monitor: BEAM is running and riak ping returned pong
2026-09-11T19:30:34+09:00 [openriak-entrypoint] monitor: sleeping for 1s
2026-09-11T19:30:48+09:00 [openriak-entrypoint] monitor: BEAM is running and riak ping returned pong
2026-09-11T19:30:48+09:00 [openriak-entrypoint] monitor: sleeping for 1s
2026-09-11T19:31:08+09:00 [openriak-entrypoint] monitor: BEAM is running and riak ping returned pong
2026-09-11T19:31:08+09:00 [openriak-entrypoint] monitor: sleeping for 1s
2026-09-11T19:31:23+09:00 [openriak-entrypoint] monitor: BEAM is running and riak ping returned pong
2026-09-11T19:31:23+09:00 [openriak-entrypoint] monitor: sleeping for 1s
2026-09-11T19:31:41+09:00 [openriak-entrypoint] monitor: BEAM is running and riak ping returned pong
2026-09-11T19:31:41+09:00 [openriak-entrypoint] monitor: sleeping for 1s
2026-09-11T19:31:59+09:00 [openriak-entrypoint] monitor: BEAM is running and riak ping returned pong
2026-09-11T19:32:00+09:00 [openriak-entrypoint] monitor: sleeping for 1s
2026-09-11T19:32:16+09:00 [openriak-entrypoint] monitor: BEAM is running and riak ping returned pong
2026-09-11T19:32:16+09:00 [openriak-entrypoint] monitor: sleeping for 1s
2026-09-11T19:32:36+09:00 [openriak-entrypoint] monitor: BEAM is running and riak ping returned pong
2026-09-11T19:32:36+09:00 [openriak-entrypoint] monitor: sleeping for 1s
2026-09-11T19:32:53+09:00 [openriak-entrypoint] monitor: BEAM is running and riak ping returned pong
2026-09-11T19:32:54+09:00 [openriak-entrypoint] monitor: sleeping for 1s
2026-09-11T19:33:11+09:00 [openriak-entrypoint] monitor: BEAM is running and riak ping returned pong
2026-09-11T19:33:11+09:00 [openriak-entrypoint] monitor: sleeping for 1s
2026-09-11T19:33:28+09:00 [openriak-entrypoint] monitor: BEAM is running and riak ping returned pong
2026-09-11T19:33:28+09:00 [openriak-entrypoint] monitor: sleeping for 1s
2026-09-11T19:33:47+09:00 [openriak-entrypoint] monitor: BEAM is running and riak ping returned pong
2026-09-11T19:33:47+09:00 [openriak-entrypoint] monitor: sleeping for 1s
2026-09-11T19:34:04+09:00 [openriak-entrypoint] monitor: BEAM is running and riak ping returned pong
2026-09-11T19:34:04+09:00 [openriak-entrypoint] monitor: sleeping for 1s
2026-09-11T19:34:23+09:00 [openriak-entrypoint] monitor: BEAM is running and riak ping returned pong
2026-09-11T19:34:23+09:00 [openriak-entrypoint] monitor: sleeping for 1s
2026-09-11T19:34:41+09:00 [openriak-entrypoint] monitor: BEAM is running and riak ping returned pong
2026-09-11T19:34:41+09:00 [openriak-entrypoint] monitor: sleeping for 1s
2026-09-11T19:34:58+09:00 [openriak-entrypoint] monitor: BEAM is running and riak ping returned pong
2026-09-11T19:34:59+09:00 [openriak-entrypoint] monitor: sleeping for 1s
2026-09-11T19:35:17+09:00 [openriak-entrypoint] monitor: BEAM is running and riak ping returned pong
2026-09-11T19:35:17+09:00 [openriak-entrypoint] monitor: sleeping for 1s
2026-09-11T19:35:33+09:00 [openriak-entrypoint] monitor: BEAM is running and riak ping returned pong
2026-09-11T19:35:34+09:00 [openriak-entrypoint] monitor: sleeping for 1s
2026-09-11T19:35:53+09:00 [openriak-entrypoint] monitor: BEAM is running and riak ping returned pong
2026-09-11T19:35:53+09:00 [openriak-entrypoint] monitor: sleeping for 1s
2026-09-11T19:36:12+09:00 [openriak-entrypoint] monitor: BEAM is running and riak ping returned pong
2026-09-11T19:36:12+09:00 [openriak-entrypoint] monitor: sleeping for 1s
2026-09-11T19:36:33+09:00 [openriak-entrypoint] monitor: BEAM is running and riak ping returned pong
2026-09-11T19:36:33+09:00 [openriak-entrypoint] monitor: sleeping for 1s
2026-09-11T19:36:55+09:00 [openriak-entrypoint] monitor: BEAM is running and riak ping returned pong
2026-09-11T19:36:55+09:00 [openriak-entrypoint] monitor: sleeping for 1s
2026-09-11T19:37:13+09:00 [openriak-entrypoint] monitor: BEAM is running and riak ping returned pong
2026-09-11T19:37:13+09:00 [openriak-entrypoint] monitor: sleeping for 1s
2026-09-11T19:37:35+09:00 [openriak-entrypoint] monitor: BEAM is running and riak ping returned pong
2026-09-11T19:37:35+09:00 [openriak-entrypoint] monitor: sleeping for 1s
2026-09-11T19:37:56+09:00 [openriak-entrypoint] monitor: BEAM is running and riak ping returned pong
2026-09-11T19:37:56+09:00 [openriak-entrypoint] monitor: sleeping for 1s
2026-09-11T19:38:12+09:00 [openriak-entrypoint] monitor: BEAM is running and riak ping returned pong
2026-09-11T19:38:12+09:00 [openriak-entrypoint] monitor: sleeping for 1s
2026-09-11T19:38:32+09:00 [openriak-entrypoint] monitor: BEAM is running and riak ping returned pong
2026-09-11T19:38:32+09:00 [openriak-entrypoint] monitor: sleeping for 1s
2026-09-11T19:38:49+09:00 [openriak-entrypoint] monitor: BEAM is running and riak ping returned pong
2026-09-11T19:38:49+09:00 [openriak-entrypoint] monitor: sleeping for 1s
2026-09-11T19:39:08+09:00 [openriak-entrypoint] monitor: BEAM is running and riak ping returned pong
2026-09-11T19:39:08+09:00 [openriak-entrypoint] monitor: sleeping for 1s
2026-09-11T19:39:25+09:00 [openriak-entrypoint] monitor: BEAM is running and riak ping returned pong
2026-09-11T19:39:26+09:00 [openriak-entrypoint] monitor: sleeping for 1s

timeout_seconds: 3600
exit_code: 0
