$ /usr/bin/docker buildx inspect openriak-kv-multiarch
started: 2026-09-11T10:04:55Z
Name:          openriak-kv-multiarch
Driver:        docker-container
Last Activity: 2026-09-11 10:04:47 +0000 UTC

Nodes:
Name:                  openriak-kv-multiarch0
Endpoint:              unix:///var/run/docker.sock
Status:                running
BuildKit daemon flags: --allow-insecure-entitlement=network.host
BuildKit version:      v0.32.2
Platforms:             linux/amd64, linux/amd64/v2, linux/amd64/v3, linux/arm64, linux/riscv64, linux/ppc64le, linux/s390x, linux/386, linux/arm/v7, linux/arm/v6
Labels:
 org.mobyproject.buildkit.worker.executor:         oci
 org.mobyproject.buildkit.worker.hostname:         0f4ecf71cd60
 org.mobyproject.buildkit.worker.network:          host
 org.mobyproject.buildkit.worker.oci.process-mode: sandbox
 org.mobyproject.buildkit.worker.selinux.enabled:  false
 org.mobyproject.buildkit.worker.snapshotter:      overlayfs
GC Policy rule#0:
 All:            false
 Filters:        type==source.local type==exec.cachemount type==source.git.checkout
 Keep Duration:  48h0m0s
 Max Used Space: 488.3MiB
GC Policy rule#1:
 All:            false
 Keep Duration:  1440h0m0s
 Reserved Space: 9.313GiB
 Max Used Space: 93.13GiB
 Min Free Space: 188.1GiB
GC Policy rule#2:
 All:            false
 Reserved Space: 9.313GiB
 Max Used Space: 93.13GiB
 Min Free Space: 188.1GiB
GC Policy rule#3:
 All:            true
 Reserved Space: 9.313GiB
 Max Used Space: 93.13GiB
 Min Free Space: 188.1GiB

timeout_seconds: 3600
exit_code: 0
$ /usr/bin/docker buildx inspect openriak-kv-multiarch --bootstrap
started: 2026-09-11T10:04:56Z
Name:          openriak-kv-multiarch
Driver:        docker-container
Last Activity: 2026-09-11 10:04:47 +0000 UTC

Nodes:
Name:                  openriak-kv-multiarch0
Endpoint:              unix:///var/run/docker.sock
Status:                running
BuildKit daemon flags: --allow-insecure-entitlement=network.host
BuildKit version:      v0.32.2
Platforms:             linux/amd64, linux/amd64/v2, linux/amd64/v3, linux/arm64, linux/riscv64, linux/ppc64le, linux/s390x, linux/386, linux/arm/v7, linux/arm/v6
Labels:
 org.mobyproject.buildkit.worker.executor:         oci
 org.mobyproject.buildkit.worker.hostname:         0f4ecf71cd60
 org.mobyproject.buildkit.worker.network:          host
 org.mobyproject.buildkit.worker.oci.process-mode: sandbox
 org.mobyproject.buildkit.worker.selinux.enabled:  false
 org.mobyproject.buildkit.worker.snapshotter:      overlayfs
GC Policy rule#0:
 All:            false
 Filters:        type==source.local type==exec.cachemount type==source.git.checkout
 Keep Duration:  48h0m0s
 Max Used Space: 488.3MiB
GC Policy rule#1:
 All:            false
 Keep Duration:  1440h0m0s
 Reserved Space: 9.313GiB
 Max Used Space: 93.13GiB
 Min Free Space: 188.1GiB
GC Policy rule#2:
 All:            false
 Reserved Space: 9.313GiB
 Max Used Space: 93.13GiB
 Min Free Space: 188.1GiB
GC Policy rule#3:
 All:            true
 Reserved Space: 9.313GiB
 Max Used Space: 93.13GiB
 Min Free Space: 188.1GiB

timeout_seconds: 3600
exit_code: 0
