$ /usr/bin/docker logs openriak-kv-3.4.0-amazon-linux-2023-otp24-node-4-t-681996z
started: 2026-09-11T09:17:01Z
2026-09-11T17:56:21+09:00 [openriak-entrypoint] configuration: timezone = Asia/Tokyo
usermod: no changes
2026-09-11T17:56:22+09:00 [openriak-entrypoint] configuration: riak UID/GID = 19001/19002
2026-09-11T17:56:22+09:00 [openriak-entrypoint] configuration: preparing mounted directories
2026-09-11T17:56:22+09:00 [openriak-entrypoint] configuration: seeding /etc/riak from packaged defaults
2026-09-11T17:56:23+09:00 [openriak-entrypoint] configuration: current Docker IPv4 address = 172.25.0.4
2026-09-11T17:56:23+09:00 [openriak-entrypoint] configuration: waiting for coordinator cookie before daemon startup
2026-09-11T17:56:24+09:00 [openriak-entrypoint] configuration: waiting for coordinator cookie before daemon startup
2026-09-11T17:56:25+09:00 [openriak-entrypoint] configuration: waiting for coordinator cookie before daemon startup
2026-09-11T17:56:26+09:00 [openriak-entrypoint] configuration: waiting for coordinator cookie before daemon startup
2026-09-11T17:56:27+09:00 [openriak-entrypoint] configuration: waiting for coordinator cookie before daemon startup
2026-09-11T17:56:28+09:00 [openriak-entrypoint] configuration: waiting for coordinator cookie before daemon startup
2026-09-11T17:56:30+09:00 [openriak-entrypoint] configuration: waiting for coordinator cookie before daemon startup
2026-09-11T17:56:31+09:00 [openriak-entrypoint] configuration: waiting for coordinator cookie before daemon startup
2026-09-11T17:56:32+09:00 [openriak-entrypoint] configuration: waiting for coordinator cookie before daemon startup
2026-09-11T17:56:33+09:00 [openriak-entrypoint] configuration: waiting for coordinator cookie before daemon startup
2026-09-11T17:56:34+09:00 [openriak-entrypoint] configuration: waiting for coordinator cookie before daemon startup
2026-09-11T17:56:35+09:00 [openriak-entrypoint] configuration: waiting for coordinator cookie before daemon startup
2026-09-11T17:56:36+09:00 [openriak-entrypoint] configuration: waiting for coordinator cookie before daemon startup
2026-09-11T17:56:37+09:00 [openriak-entrypoint] configuration: waiting for coordinator cookie before daemon startup
2026-09-11T17:56:39+09:00 [openriak-entrypoint] configuration: waiting for coordinator cookie before daemon startup
2026-09-11T17:56:40+09:00 [openriak-entrypoint] configuration: waiting for coordinator cookie before daemon startup
2026-09-11T17:56:41+09:00 [openriak-entrypoint] configuration: waiting for coordinator cookie before daemon startup
2026-09-11T17:56:42+09:00 [openriak-entrypoint] configuration: waiting for coordinator cookie before daemon startup
2026-09-11T17:56:43+09:00 [openriak-entrypoint] configuration: waiting for coordinator cookie before daemon startup
2026-09-11T17:56:44+09:00 [openriak-entrypoint] configuration: waiting for coordinator cookie before daemon startup
2026-09-11T17:56:45+09:00 [openriak-entrypoint] configuration: waiting for coordinator cookie before daemon startup
2026-09-11T17:56:46+09:00 [openriak-entrypoint] configuration: waiting for coordinator cookie before daemon startup
2026-09-11T17:56:48+09:00 [openriak-entrypoint] configuration: waiting for coordinator cookie before daemon startup
2026-09-11T17:56:50+09:00 [openriak-entrypoint] configuration: waiting for coordinator cookie before daemon startup
2026-09-11T17:56:51+09:00 [openriak-entrypoint] configuration: waiting for coordinator cookie before daemon startup
2026-09-11T17:56:52+09:00 [openriak-entrypoint] configuration: waiting for coordinator cookie before daemon startup
2026-09-11T17:56:54+09:00 [openriak-entrypoint] configuration: waiting for coordinator cookie before daemon startup
2026-09-11T17:56:55+09:00 [openriak-entrypoint] configuration: waiting for coordinator cookie before daemon startup
2026-09-11T17:56:56+09:00 [openriak-entrypoint] configuration: waiting for coordinator cookie before daemon startup
2026-09-11T17:56:57+09:00 [openriak-entrypoint] configuration: waiting for coordinator cookie before daemon startup
2026-09-11T17:56:58+09:00 [openriak-entrypoint] configuration: waiting for coordinator cookie before daemon startup
2026-09-11T17:56:59+09:00 [openriak-entrypoint] configuration: waiting for coordinator cookie before daemon startup
2026-09-11T17:57:00+09:00 [openriak-entrypoint] configuration: waiting for coordinator cookie before daemon startup
2026-09-11T17:57:01+09:00 [openriak-entrypoint] configuration: waiting for coordinator cookie before daemon startup
2026-09-11T17:57:02+09:00 [openriak-entrypoint] configuration: waiting for coordinator cookie before daemon startup
2026-09-11T17:57:04+09:00 [openriak-entrypoint] configuration: waiting for coordinator cookie before daemon startup
2026-09-11T17:57:05+09:00 [openriak-entrypoint] configuration: waiting for coordinator cookie before daemon startup
2026-09-11T17:57:06+09:00 [openriak-entrypoint] configuration: waiting for coordinator cookie before daemon startup
2026-09-11T17:57:07+09:00 [openriak-entrypoint] configuration: waiting for coordinator cookie before daemon startup
2026-09-11T17:57:08+09:00 [openriak-entrypoint] configuration: waiting for coordinator cookie before daemon startup
2026-09-11T17:57:09+09:00 [openriak-entrypoint] configuration: waiting for coordinator cookie before daemon startup
2026-09-11T17:57:10+09:00 [openriak-entrypoint] configuration: waiting for coordinator cookie before daemon startup
2026-09-11T17:57:12+09:00 [openriak-entrypoint] configuration: waiting for coordinator cookie before daemon startup
2026-09-11T17:57:13+09:00 [openriak-entrypoint] configuration: waiting for coordinator cookie before daemon startup
2026-09-11T17:57:14+09:00 [openriak-entrypoint] configuration: waiting for coordinator cookie before daemon startup
2026-09-11T17:57:15+09:00 [openriak-entrypoint] configuration: waiting for coordinator cookie before daemon startup
2026-09-11T17:57:16+09:00 [openriak-entrypoint] configuration: waiting for coordinator cookie before daemon startup
2026-09-11T17:57:17+09:00 [openriak-entrypoint] configuration: waiting for coordinator cookie before daemon startup
2026-09-11T17:57:18+09:00 [openriak-entrypoint] configuration: waiting for coordinator cookie before daemon startup
2026-09-11T17:57:21+09:00 [openriak-entrypoint] configuration: waiting for coordinator cookie before daemon startup
2026-09-11T17:57:22+09:00 [openriak-entrypoint] configuration: waiting for coordinator cookie before daemon startup
2026-09-11T17:57:23+09:00 [openriak-entrypoint] configuration: waiting for coordinator cookie before daemon startup
2026-09-11T17:57:24+09:00 [openriak-entrypoint] configuration: waiting for coordinator cookie before daemon startup
2026-09-11T17:57:26+09:00 [openriak-entrypoint] configuration: waiting for coordinator cookie before daemon startup
2026-09-11T17:57:27+09:00 [openriak-entrypoint] configuration: waiting for coordinator cookie before daemon startup
2026-09-11T17:57:28+09:00 [openriak-entrypoint] configuration: waiting for coordinator cookie before daemon startup
2026-09-11T17:57:29+09:00 [openriak-entrypoint] configuration: waiting for coordinator cookie before daemon startup
2026-09-11T17:57:30+09:00 [openriak-entrypoint] configuration: waiting for coordinator cookie before daemon startup
2026-09-11T17:57:31+09:00 [openriak-entrypoint] configuration: waiting for coordinator cookie before daemon startup
2026-09-11T17:57:32+09:00 [openriak-entrypoint] configuration: waiting for coordinator cookie before daemon startup
2026-09-11T17:57:33+09:00 [openriak-entrypoint] configuration: waiting for coordinator cookie before daemon startup
2026-09-11T17:57:34+09:00 [openriak-entrypoint] configuration: waiting for coordinator cookie before daemon startup
2026-09-11T17:57:36+09:00 [openriak-entrypoint] configuration: waiting for coordinator cookie before daemon startup
2026-09-11T17:57:37+09:00 [openriak-entrypoint] configuration: waiting for coordinator cookie before daemon startup
2026-09-11T17:57:38+09:00 [openriak-entrypoint] configuration: waiting for coordinator cookie before daemon startup
2026-09-11T17:57:39+09:00 [openriak-entrypoint] configuration: waiting for coordinator cookie before daemon startup
2026-09-11T17:57:40+09:00 [openriak-entrypoint] configuration: waiting for coordinator cookie before daemon startup
2026-09-11T17:57:41+09:00 [openriak-entrypoint] configuration: waiting for coordinator cookie before daemon startup
2026-09-11T17:57:42+09:00 [openriak-entrypoint] configuration: waiting for coordinator cookie before daemon startup
2026-09-11T17:57:44+09:00 [openriak-entrypoint] configuration: waiting for coordinator cookie before daemon startup
2026-09-11T17:57:45+09:00 [openriak-entrypoint] configuration: waiting for coordinator cookie before daemon startup
2026-09-11T17:57:46+09:00 [openriak-entrypoint] configuration: waiting for coordinator cookie before daemon startup
2026-09-11T17:57:47+09:00 [openriak-entrypoint] configuration: waiting for coordinator cookie before daemon startup
2026-09-11T17:57:48+09:00 [openriak-entrypoint] configuration: waiting for coordinator cookie before daemon startup
2026-09-11T17:57:49+09:00 [openriak-entrypoint] configuration: waiting for coordinator cookie before daemon startup
2026-09-11T17:57:50+09:00 [openriak-entrypoint] configuration: waiting for coordinator cookie before daemon startup
2026-09-11T17:57:53+09:00 [openriak-entrypoint] configuration: waiting for coordinator cookie before daemon startup
2026-09-11T17:57:54+09:00 [openriak-entrypoint] configuration: waiting for coordinator cookie before daemon startup
2026-09-11T17:57:55+09:00 [openriak-entrypoint] configuration: waiting for coordinator cookie before daemon startup
2026-09-11T17:57:56+09:00 [openriak-entrypoint] configuration: waiting for coordinator cookie before daemon startup
2026-09-11T17:57:58+09:00 [openriak-entrypoint] configuration: waiting for coordinator cookie before daemon startup
2026-09-11T17:57:59+09:00 [openriak-entrypoint] configuration: waiting for coordinator cookie before daemon startup
2026-09-11T17:58:00+09:00 [openriak-entrypoint] configuration: waiting for coordinator cookie before daemon startup
2026-09-11T17:58:01+09:00 [openriak-entrypoint] configuration: waiting for coordinator cookie before daemon startup
2026-09-11T17:58:02+09:00 [openriak-entrypoint] configuration: waiting for coordinator cookie before daemon startup
2026-09-11T17:58:03+09:00 [openriak-entrypoint] configuration: waiting for coordinator cookie before daemon startup
2026-09-11T17:58:04+09:00 [openriak-entrypoint] configuration: waiting for coordinator cookie before daemon startup
2026-09-11T17:58:05+09:00 [openriak-entrypoint] configuration: waiting for coordinator cookie before daemon startup
2026-09-11T17:58:07+09:00 [openriak-entrypoint] configuration: waiting for coordinator cookie before daemon startup
2026-09-11T17:58:08+09:00 [openriak-entrypoint] configuration: waiting for coordinator cookie before daemon startup
2026-09-11T17:58:09+09:00 [openriak-entrypoint] configuration: waiting for coordinator cookie before daemon startup
2026-09-11T17:58:10+09:00 [openriak-entrypoint] configuration: waiting for coordinator cookie before daemon startup
2026-09-11T17:58:11+09:00 [openriak-entrypoint] configuration: waiting for coordinator cookie before daemon startup
2026-09-11T17:58:12+09:00 [openriak-entrypoint] configuration: waiting for coordinator cookie before daemon startup
2026-09-11T17:58:13+09:00 [openriak-entrypoint] configuration: waiting for coordinator cookie before daemon startup
2026-09-11T17:58:14+09:00 [openriak-entrypoint] configuration: waiting for coordinator cookie before daemon startup
2026-09-11T17:58:16+09:00 [openriak-entrypoint] configuration: waiting for coordinator cookie before daemon startup
2026-09-11T17:58:17+09:00 [openriak-entrypoint] configuration: waiting for coordinator cookie before daemon startup
2026-09-11T17:58:18+09:00 [openriak-entrypoint] configuration: waiting for coordinator cookie before daemon startup
2026-09-11T17:58:19+09:00 [openriak-entrypoint] configuration: waiting for coordinator cookie before daemon startup
2026-09-11T17:58:20+09:00 [openriak-entrypoint] configuration: waiting for coordinator cookie before daemon startup
2026-09-11T17:58:21+09:00 [openriak-entrypoint] configuration: waiting for coordinator cookie before daemon startup
2026-09-11T17:58:26+09:00 [openriak-entrypoint] configuration: adopted coordinator cookie before daemon startup
2026-09-11T17:58:26+09:00 [openriak-entrypoint] configuration: nodename = openriak-kv@node-04.cluster-a.openriak
2026-09-11T17:58:27+09:00 [openriak-entrypoint] configuration: distributed_cookie = openriak-7bff85b6f04ca41bdb33a7a54eaf4a5f
2026-09-11T17:58:27+09:00 [openriak-entrypoint] configuration: effective distributed cookie = openriak-7bff85b6f04ca41bdb33a7a54eaf4a5f
2026-09-11T17:58:27+09:00 [openriak-entrypoint] configuration: ring_size = 8
2026-09-11T17:58:28+09:00 [openriak-entrypoint] configuration: storage_backend = leveled
2026-09-11T17:58:28+09:00 [openriak-entrypoint] configuration: anti_entropy = passive
2026-09-11T17:58:28+09:00 [openriak-entrypoint] configuration: tictacaae_active = active
2026-09-11T17:58:29+09:00 [openriak-entrypoint] configuration: tictacaae_storeheads = enabled
2026-09-11T17:58:29+09:00 [openriak-entrypoint] configuration: listener.http.internal = 0.0.0.0:8098
2026-09-11T17:58:30+09:00 [openriak-entrypoint] configuration: listener.protobuf.internal = 0.0.0.0:8087
2026-09-11T17:58:30+09:00 [openriak-entrypoint] configuration: logger.max_file_size = 2MB
2026-09-11T17:58:30+09:00 [openriak-entrypoint] configuration: logger.max_files = 4
2026-09-11T17:58:31+09:00 [openriak-entrypoint] startup: validating configuration and generating VM arguments
2026-09-11T17:59:26+09:00 [openriak-entrypoint] startup: configuration is valid (config is OK -config /var/lib/riak/generated.conf/app.2026.09.11.17.58.40.config -args_file /var/lib/riak/generated.conf/vm.2026.09.11.17.58.40.args -vm_args /var/lib/riak/generated.conf/vm.2026.09.11.17.58.40.args)
2026-09-11T17:59:27+09:00 [openriak-entrypoint] startup: starting OpenRiak as a daemon
2026-09-11T18:01:14+09:00 [openriak-entrypoint] startup: daemon command completed
2026-09-11T18:01:15+09:00 [openriak-entrypoint] startup: waiting for BEAM and riak ping
2026-09-11T18:01:24+09:00 [openriak-entrypoint] startup: BEAM is running and riak ping returned pong
2026-09-11T18:01:24+09:00 [openriak-entrypoint] startup: waiting for the riak_kv service
2026-09-11T18:01:44+09:00 [openriak-entrypoint] startup: riak_kv service is up ([riak_kv,riak_pipe,riak_repl])
2026-09-11T18:01:45+09:00 [openriak-entrypoint] startup: waiting for Riak transfers to complete
2026-09-11T18:02:07+09:00 [openriak-entrypoint] startup: transfers complete (No transfers active Active Transfers: ok)
2026-09-11T18:02:07+09:00 [openriak-entrypoint] cluster: Role: Follower
2026-09-11T18:02:29+09:00 [openriak-entrypoint] cluster: announced openriak-kv@node-04.cluster-a.openriak at 172.25.0.4 to coordinator openriak-kv@node-01.cluster-a.openriak (42468b8cdf0e1ae4)
2026-09-11T18:02:30+09:00 [openriak-entrypoint] cluster: follower waiting for coordinator approval (1s/3600s)
2026-09-11T18:02:32+09:00 [openriak-entrypoint] cluster: follower waiting for coordinator approval (2s/3600s)
2026-09-11T18:02:35+09:00 [openriak-entrypoint] cluster: follower waiting for coordinator approval (3s/3600s)
2026-09-11T18:02:41+09:00 [openriak-entrypoint] cluster: follower waiting for coordinator approval (4s/3600s)
2026-09-11T18:02:46+09:00 [openriak-entrypoint] cluster: join approved by openriak-kv@node-01.cluster-a.openriak (42468b8cdf0e1ae4)
2026-09-11T18:03:02+09:00 [openriak-entrypoint] cluster: join: Success: staged join request for 'openriak-kv@node-04.cluster-a.openriak' to 'openriak-kv@node-01.cluster-a.openriak'
2026-09-11T18:03:02+09:00 [openriak-entrypoint] cluster: join: ok
2026-09-11T18:03:03+09:00 [openriak-entrypoint] cluster: join request accepted; waiting for plan and commit
2026-09-11T18:03:27+09:00 [openriak-entrypoint] cluster: waiting for the ring to become ready
2026-09-11T18:03:50+09:00 [openriak-entrypoint] cluster: ring is ready (TRUE All nodes agree on the ring ['openriak-kv@node-01.cluster-a.openriak', 'openriak-kv@node-02.cluster-a.openriak', 'openriak-kv@node-03.cluster-a.openriak', 'openriak-kv@node-04.cluster-a.openriak', 'openriak-kv@node-05.cluster-a.openriak'] ok)
2026-09-11T18:03:50+09:00 [openriak-entrypoint] startup: waiting for Riak transfers to complete
2026-09-11T18:04:13+09:00 [openriak-entrypoint] startup: waiting for transfers (attempt 1, transfers='openriak-kv@node-05.cluster-a.openriak' waiting to handoff 3 partitions 'openriak-kv@node-04.cluster-a.openriak' waiting to handoff 5 partitions 'openriak-kv@node-03.cluster-a.openriak' waiting to handoff 2 partitions 'openriak-kv@node-02.cluster-a.openriak' waiting to handoff 4 partitions Active Transfers: ok)
2026-09-11T18:04:32+09:00 [openriak-entrypoint] startup: waiting for transfers (attempt 2, transfers='openriak-kv@node-05.cluster-a.openriak' waiting to handoff 2 partitions 'openriak-kv@node-04.cluster-a.openriak' waiting to handoff 4 partitions 'openriak-kv@node-03.cluster-a.openriak' waiting to handoff 2 partitions 'openriak-kv@node-02.cluster-a.openriak' waiting to handoff 4 partitions Active Transfers: ok)
2026-09-11T18:04:54+09:00 [openriak-entrypoint] startup: waiting for transfers (attempt 3, transfers='openriak-kv@node-04.cluster-a.openriak' waiting to handoff 2 partitions 'openriak-kv@node-02.cluster-a.openriak' waiting to handoff 1 partitions Active Transfers: ok)
2026-09-11T18:05:16+09:00 [openriak-entrypoint] startup: waiting for transfers (attempt 4, transfers='openriak-kv@node-04.cluster-a.openriak' waiting to handoff 2 partitions 'openriak-kv@node-02.cluster-a.openriak' waiting to handoff 1 partitions Active Transfers: ok)
2026-09-11T18:05:35+09:00 [openriak-entrypoint] startup: waiting for transfers (attempt 5, transfers='openriak-kv@node-02.cluster-a.openriak' waiting to handoff 1 partitions Active Transfers: ok)
2026-09-11T18:06:03+09:00 [openriak-entrypoint] startup: waiting for transfers (attempt 6, transfers='openriak-kv@node-02.cluster-a.openriak' waiting to handoff 1 partitions Active Transfers: ok)
2026-09-11T18:06:30+09:00 [openriak-entrypoint] startup: transfers complete (No transfers active Active Transfers: ok)
2026-09-11T18:06:30+09:00 [openriak-entrypoint] cluster: waiting for coordinator completion confirmation
2026-09-11T18:06:32+09:00 [openriak-entrypoint] cluster: coordinator confirmed completion for openriak-kv@node-04.cluster-a.openriak
2026-09-11T18:06:32+09:00 [openriak-entrypoint] cluster: follower joined openriak-kv@node-01.cluster-a.openriak successfully
2026-09-11T18:06:33+09:00 [openriak-entrypoint] startup: OpenRiak is ready
2026-09-11T18:06:33+09:00 [openriak-entrypoint] monitor: sleeping for 1s
2026-09-11T18:06:46+09:00 [openriak-entrypoint] monitor: BEAM is running and riak ping returned pong
2026-09-11T18:06:46+09:00 [openriak-entrypoint] monitor: sleeping for 1s
2026-09-11T18:07:02+09:00 [openriak-entrypoint] monitor: BEAM is running and riak ping returned pong
2026-09-11T18:07:02+09:00 [openriak-entrypoint] monitor: sleeping for 1s
2026-09-11T18:07:16+09:00 [openriak-entrypoint] monitor: BEAM is running and riak ping returned pong
2026-09-11T18:07:16+09:00 [openriak-entrypoint] monitor: sleeping for 1s
2026-09-11T18:07:29+09:00 [openriak-entrypoint] monitor: BEAM is running and riak ping returned pong
2026-09-11T18:07:29+09:00 [openriak-entrypoint] monitor: sleeping for 1s
2026-09-11T18:07:42+09:00 [openriak-entrypoint] monitor: BEAM is running and riak ping returned pong
2026-09-11T18:07:42+09:00 [openriak-entrypoint] monitor: sleeping for 1s
2026-09-11T18:07:55+09:00 [openriak-entrypoint] monitor: BEAM is running and riak ping returned pong
2026-09-11T18:07:55+09:00 [openriak-entrypoint] monitor: sleeping for 1s
2026-09-11T18:08:09+09:00 [openriak-entrypoint] monitor: BEAM is running and riak ping returned pong
2026-09-11T18:08:09+09:00 [openriak-entrypoint] monitor: sleeping for 1s
2026-09-11T18:08:22+09:00 [openriak-entrypoint] monitor: BEAM is running and riak ping returned pong
2026-09-11T18:08:22+09:00 [openriak-entrypoint] monitor: sleeping for 1s
2026-09-11T18:08:36+09:00 [openriak-entrypoint] monitor: BEAM is running and riak ping returned pong
2026-09-11T18:08:36+09:00 [openriak-entrypoint] monitor: sleeping for 1s
2026-09-11T18:08:48+09:00 [openriak-entrypoint] monitor: BEAM is running and riak ping returned pong
2026-09-11T18:08:48+09:00 [openriak-entrypoint] monitor: sleeping for 1s
2026-09-11T18:09:01+09:00 [openriak-entrypoint] monitor: BEAM is running and riak ping returned pong
2026-09-11T18:09:01+09:00 [openriak-entrypoint] monitor: sleeping for 1s
2026-09-11T18:09:13+09:00 [openriak-entrypoint] monitor: BEAM is running and riak ping returned pong
2026-09-11T18:09:14+09:00 [openriak-entrypoint] monitor: sleeping for 1s
2026-09-11T18:09:25+09:00 [openriak-entrypoint] monitor: BEAM is running and riak ping returned pong
2026-09-11T18:09:25+09:00 [openriak-entrypoint] monitor: sleeping for 1s
2026-09-11T18:09:38+09:00 [openriak-entrypoint] monitor: BEAM is running and riak ping returned pong
2026-09-11T18:09:38+09:00 [openriak-entrypoint] monitor: sleeping for 1s
2026-09-11T18:09:49+09:00 [openriak-entrypoint] monitor: BEAM is running and riak ping returned pong
2026-09-11T18:09:49+09:00 [openriak-entrypoint] monitor: sleeping for 1s
2026-09-11T18:10:02+09:00 [openriak-entrypoint] monitor: BEAM is running and riak ping returned pong
2026-09-11T18:10:02+09:00 [openriak-entrypoint] monitor: sleeping for 1s
2026-09-11T18:10:14+09:00 [openriak-entrypoint] monitor: BEAM is running and riak ping returned pong
2026-09-11T18:10:14+09:00 [openriak-entrypoint] monitor: sleeping for 1s
2026-09-11T18:10:25+09:00 [openriak-entrypoint] monitor: BEAM is running and riak ping returned pong
2026-09-11T18:10:25+09:00 [openriak-entrypoint] monitor: sleeping for 1s
2026-09-11T18:10:38+09:00 [openriak-entrypoint] monitor: BEAM is running and riak ping returned pong
2026-09-11T18:10:39+09:00 [openriak-entrypoint] monitor: sleeping for 1s
2026-09-11T18:10:51+09:00 [openriak-entrypoint] monitor: BEAM is running and riak ping returned pong
2026-09-11T18:10:51+09:00 [openriak-entrypoint] monitor: sleeping for 1s
2026-09-11T18:11:03+09:00 [openriak-entrypoint] monitor: BEAM is running and riak ping returned pong
2026-09-11T18:11:03+09:00 [openriak-entrypoint] monitor: sleeping for 1s
2026-09-11T18:11:15+09:00 [openriak-entrypoint] monitor: BEAM is running and riak ping returned pong
2026-09-11T18:11:16+09:00 [openriak-entrypoint] monitor: sleeping for 1s
2026-09-11T18:11:28+09:00 [openriak-entrypoint] monitor: BEAM is running and riak ping returned pong
2026-09-11T18:11:28+09:00 [openriak-entrypoint] monitor: sleeping for 1s
2026-09-11T18:11:40+09:00 [openriak-entrypoint] monitor: BEAM is running and riak ping returned pong
2026-09-11T18:11:40+09:00 [openriak-entrypoint] monitor: sleeping for 1s
2026-09-11T18:11:52+09:00 [openriak-entrypoint] monitor: BEAM is running and riak ping returned pong
2026-09-11T18:11:52+09:00 [openriak-entrypoint] monitor: sleeping for 1s
2026-09-11T18:12:03+09:00 [openriak-entrypoint] monitor: BEAM is running and riak ping returned pong
2026-09-11T18:12:03+09:00 [openriak-entrypoint] monitor: sleeping for 1s
2026-09-11T18:12:16+09:00 [openriak-entrypoint] monitor: BEAM is running and riak ping returned pong
2026-09-11T18:12:17+09:00 [openriak-entrypoint] monitor: sleeping for 1s
2026-09-11T18:12:28+09:00 [openriak-entrypoint] monitor: BEAM is running and riak ping returned pong
2026-09-11T18:12:29+09:00 [openriak-entrypoint] monitor: sleeping for 1s
2026-09-11T18:12:43+09:00 [openriak-entrypoint] monitor: BEAM is running and riak ping returned pong
2026-09-11T18:12:43+09:00 [openriak-entrypoint] monitor: sleeping for 1s
2026-09-11T18:12:55+09:00 [openriak-entrypoint] monitor: BEAM is running and riak ping returned pong
2026-09-11T18:12:55+09:00 [openriak-entrypoint] monitor: sleeping for 1s
2026-09-11T18:13:06+09:00 [openriak-entrypoint] monitor: BEAM is running and riak ping returned pong
2026-09-11T18:13:06+09:00 [openriak-entrypoint] monitor: sleeping for 1s
2026-09-11T18:13:21+09:00 [openriak-entrypoint] monitor: BEAM is running and riak ping returned pong
2026-09-11T18:13:21+09:00 [openriak-entrypoint] monitor: sleeping for 1s
2026-09-11T18:13:33+09:00 [openriak-entrypoint] monitor: BEAM is running and riak ping returned pong
2026-09-11T18:13:33+09:00 [openriak-entrypoint] monitor: sleeping for 1s
2026-09-11T18:13:48+09:00 [openriak-entrypoint] monitor: BEAM is running and riak ping returned pong
2026-09-11T18:13:48+09:00 [openriak-entrypoint] monitor: sleeping for 1s
2026-09-11T18:14:00+09:00 [openriak-entrypoint] monitor: BEAM is running and riak ping returned pong
2026-09-11T18:14:00+09:00 [openriak-entrypoint] monitor: sleeping for 1s
2026-09-11T18:14:13+09:00 [openriak-entrypoint] monitor: BEAM is running and riak ping returned pong
2026-09-11T18:14:13+09:00 [openriak-entrypoint] monitor: sleeping for 1s
2026-09-11T18:14:28+09:00 [openriak-entrypoint] monitor: BEAM is running and riak ping returned pong
2026-09-11T18:14:28+09:00 [openriak-entrypoint] monitor: sleeping for 1s
2026-09-11T18:14:39+09:00 [openriak-entrypoint] monitor: BEAM is running and riak ping returned pong
2026-09-11T18:14:39+09:00 [openriak-entrypoint] monitor: sleeping for 1s
2026-09-11T18:14:53+09:00 [openriak-entrypoint] monitor: BEAM is running and riak ping returned pong
2026-09-11T18:14:53+09:00 [openriak-entrypoint] monitor: sleeping for 1s
2026-09-11T18:15:04+09:00 [openriak-entrypoint] monitor: BEAM is running and riak ping returned pong
2026-09-11T18:15:04+09:00 [openriak-entrypoint] monitor: sleeping for 1s
2026-09-11T18:15:18+09:00 [openriak-entrypoint] monitor: BEAM is running and riak ping returned pong
2026-09-11T18:15:18+09:00 [openriak-entrypoint] monitor: sleeping for 1s
2026-09-11T18:15:29+09:00 [openriak-entrypoint] monitor: BEAM is running and riak ping returned pong
2026-09-11T18:15:29+09:00 [openriak-entrypoint] monitor: sleeping for 1s
2026-09-11T18:15:41+09:00 [openriak-entrypoint] monitor: BEAM is running and riak ping returned pong
2026-09-11T18:15:41+09:00 [openriak-entrypoint] monitor: sleeping for 1s
2026-09-11T18:15:53+09:00 [openriak-entrypoint] monitor: BEAM is running and riak ping returned pong
2026-09-11T18:15:54+09:00 [openriak-entrypoint] monitor: sleeping for 1s
2026-09-11T18:16:05+09:00 [openriak-entrypoint] monitor: BEAM is running and riak ping returned pong
2026-09-11T18:16:05+09:00 [openriak-entrypoint] monitor: sleeping for 1s
2026-09-11T18:16:17+09:00 [openriak-entrypoint] monitor: BEAM is running and riak ping returned pong
2026-09-11T18:16:17+09:00 [openriak-entrypoint] monitor: sleeping for 1s
2026-09-11T18:16:30+09:00 [openriak-entrypoint] monitor: BEAM is running and riak ping returned pong
2026-09-11T18:16:30+09:00 [openriak-entrypoint] monitor: sleeping for 1s
2026-09-11T18:16:42+09:00 [openriak-entrypoint] monitor: BEAM is running and riak ping returned pong
2026-09-11T18:16:42+09:00 [openriak-entrypoint] monitor: sleeping for 1s
2026-09-11T18:16:55+09:00 [openriak-entrypoint] monitor: BEAM is running and riak ping returned pong
2026-09-11T18:16:55+09:00 [openriak-entrypoint] monitor: sleeping for 1s

timeout_seconds: 3600
exit_code: 0
