$ /usr/bin/docker logs openriak-kv-3.4.0-amazon-linux-2023-otp24-node-1-t-681996z
started: 2026-09-11T09:16:10Z
2026-09-11T17:56:21+09:00 [openriak-entrypoint] configuration: timezone = Asia/Tokyo
usermod: no changes
2026-09-11T17:56:22+09:00 [openriak-entrypoint] configuration: riak UID/GID = 19001/19002
2026-09-11T17:56:22+09:00 [openriak-entrypoint] configuration: preparing mounted directories
2026-09-11T17:56:22+09:00 [openriak-entrypoint] configuration: seeding /etc/riak from packaged defaults
2026-09-11T17:56:23+09:00 [openriak-entrypoint] configuration: current Docker IPv4 address = 172.25.0.5
2026-09-11T17:56:23+09:00 [openriak-entrypoint] configuration: nodename = openriak-kv@node-01.cluster-a.openriak
2026-09-11T17:56:23+09:00 [openriak-entrypoint] configuration: distributed_cookie = openriak-7bff85b6f04ca41bdb33a7a54eaf4a5f
2026-09-11T17:56:23+09:00 [openriak-entrypoint] configuration: effective distributed cookie = openriak-7bff85b6f04ca41bdb33a7a54eaf4a5f
2026-09-11T17:56:24+09:00 [openriak-entrypoint] configuration: ring_size = 8
2026-09-11T17:56:24+09:00 [openriak-entrypoint] configuration: storage_backend = leveled
2026-09-11T17:56:24+09:00 [openriak-entrypoint] configuration: anti_entropy = passive
2026-09-11T17:56:24+09:00 [openriak-entrypoint] configuration: tictacaae_active = active
2026-09-11T17:56:25+09:00 [openriak-entrypoint] configuration: tictacaae_storeheads = enabled
2026-09-11T17:56:25+09:00 [openriak-entrypoint] configuration: listener.http.internal = 0.0.0.0:8098
2026-09-11T17:56:25+09:00 [openriak-entrypoint] configuration: listener.protobuf.internal = 0.0.0.0:8087
2026-09-11T17:56:25+09:00 [openriak-entrypoint] configuration: logger.max_file_size = 2MB
2026-09-11T17:56:26+09:00 [openriak-entrypoint] configuration: logger.max_files = 4
2026-09-11T17:56:26+09:00 [openriak-entrypoint] startup: validating configuration and generating VM arguments
2026-09-11T17:56:59+09:00 [openriak-entrypoint] startup: configuration is valid (config is OK -config /var/lib/riak/generated.conf/app.2026.09.11.17.56.31.config -args_file /var/lib/riak/generated.conf/vm.2026.09.11.17.56.31.args -vm_args /var/lib/riak/generated.conf/vm.2026.09.11.17.56.31.args)
2026-09-11T17:56:59+09:00 [openriak-entrypoint] startup: starting OpenRiak as a daemon
2026-09-11T17:57:56+09:00 [openriak-entrypoint] startup: daemon command completed
2026-09-11T17:57:56+09:00 [openriak-entrypoint] startup: waiting for BEAM and riak ping
2026-09-11T17:58:02+09:00 [openriak-entrypoint] startup: BEAM is running and riak ping returned pong
2026-09-11T17:58:02+09:00 [openriak-entrypoint] startup: waiting for the riak_kv service
2026-09-11T17:58:12+09:00 [openriak-entrypoint] startup: riak_kv service is up ([riak_kv,riak_pipe,riak_repl])
2026-09-11T17:58:12+09:00 [openriak-entrypoint] startup: waiting for Riak transfers to complete
2026-09-11T17:58:22+09:00 [openriak-entrypoint] startup: transfers complete (No transfers active Active Transfers: ok)
2026-09-11T17:58:22+09:00 [openriak-entrypoint] cluster: Role: Coordinator
2026-09-11T17:58:22+09:00 [openriak-entrypoint] cluster: published coordinator openriak-kv@node-01.cluster-a.openriak at 172.25.0.5 in openriak-kv@node-01.cluster-a.openriak-42468b8cdf0e1ae4-coordinator
2026-09-11T17:58:44+09:00 [openriak-entrypoint] monitor: Coordinator is healthy; sleeping for 1s
2026-09-11T17:58:54+09:00 [openriak-entrypoint] monitor: Coordinator is healthy; sleeping for 1s
2026-09-11T17:59:04+09:00 [openriak-entrypoint] monitor: Coordinator is healthy; sleeping for 1s
2026-09-11T17:59:15+09:00 [openriak-entrypoint] monitor: Coordinator is healthy; sleeping for 1s
2026-09-11T17:59:25+09:00 [openriak-entrypoint] monitor: Coordinator is healthy; sleeping for 1s
2026-09-11T17:59:35+09:00 [openriak-entrypoint] monitor: Coordinator is healthy; sleeping for 1s
2026-09-11T17:59:45+09:00 [openriak-entrypoint] monitor: Coordinator is healthy; sleeping for 1s
2026-09-11T17:59:54+09:00 [openriak-entrypoint] monitor: Coordinator is healthy; sleeping for 1s
2026-09-11T18:00:06+09:00 [openriak-entrypoint] monitor: Coordinator is healthy; sleeping for 1s
2026-09-11T18:00:16+09:00 [openriak-entrypoint] monitor: Coordinator is healthy; sleeping for 1s
2026-09-11T18:00:26+09:00 [openriak-entrypoint] monitor: Coordinator is healthy; sleeping for 1s
2026-09-11T18:00:42+09:00 [openriak-entrypoint] monitor: Coordinator is healthy; sleeping for 1s
2026-09-11T18:00:53+09:00 [openriak-entrypoint] monitor: Coordinator is healthy; sleeping for 1s
2026-09-11T18:01:10+09:00 [openriak-entrypoint] monitor: Coordinator is healthy; sleeping for 1s
2026-09-11T18:01:20+09:00 [openriak-entrypoint] monitor: Coordinator is healthy; sleeping for 1s
2026-09-11T18:01:31+09:00 [openriak-entrypoint] monitor: Coordinator is healthy; sleeping for 1s
2026-09-11T18:01:43+09:00 [openriak-entrypoint] monitor: Coordinator is healthy; sleeping for 1s
2026-09-11T18:01:56+09:00 [openriak-entrypoint] monitor: Coordinator is healthy; sleeping for 1s
2026-09-11T18:02:10+09:00 [openriak-entrypoint] monitor: Coordinator is healthy; sleeping for 1s
2026-09-11T18:02:23+09:00 [openriak-entrypoint] monitor: Coordinator is healthy; sleeping for 1s
2026-09-11T18:02:26+09:00 [openriak-entrypoint] cluster: approved follower openriak-kv@node-02.cluster-a.openriak at 172.25.0.6
2026-09-11T18:02:29+09:00 [openriak-entrypoint] cluster: approved follower openriak-kv@node-03.cluster-a.openriak at 172.25.0.3
2026-09-11T18:02:40+09:00 [openriak-entrypoint] monitor: Coordinator is healthy; sleeping for 1s
2026-09-11T18:02:44+09:00 [openriak-entrypoint] cluster: approved follower openriak-kv@node-04.cluster-a.openriak at 172.25.0.4
2026-09-11T18:02:47+09:00 [openriak-entrypoint] cluster: approved follower openriak-kv@node-05.cluster-a.openriak at 172.25.0.2
2026-09-11T18:02:47+09:00 [openriak-entrypoint] cluster: waiting for 3 approved or ready node(s) before planning 1 joined node(s)
2026-09-11T18:02:59+09:00 [openriak-entrypoint] monitor: Coordinator is healthy; sleeping for 1s
2026-09-11T18:03:00+09:00 [openriak-entrypoint] cluster: waiting for 2 approved or ready node(s) before planning 2 joined node(s)
2026-09-11T18:03:12+09:00 [openriak-entrypoint] monitor: Coordinator is healthy; sleeping for 1s
2026-09-11T18:03:14+09:00 [openriak-entrypoint] cluster: planning a batch of 4 joined node(s)
2026-09-11T18:03:31+09:00 [openriak-entrypoint] cluster: plan: =============================== Staged Changes ================================
2026-09-11T18:03:31+09:00 [openriak-entrypoint] cluster: plan: Action         Details(s)
2026-09-11T18:03:31+09:00 [openriak-entrypoint] cluster: plan: -------------------------------------------------------------------------------
2026-09-11T18:03:31+09:00 [openriak-entrypoint] cluster: plan: join           'openriak-kv@node-02.cluster-a.openriak'
2026-09-11T18:03:31+09:00 [openriak-entrypoint] cluster: plan: join           'openriak-kv@node-03.cluster-a.openriak'
2026-09-11T18:03:31+09:00 [openriak-entrypoint] cluster: plan: join           'openriak-kv@node-04.cluster-a.openriak'
2026-09-11T18:03:31+09:00 [openriak-entrypoint] cluster: plan: join           'openriak-kv@node-05.cluster-a.openriak'
2026-09-11T18:03:32+09:00 [openriak-entrypoint] cluster: plan: -------------------------------------------------------------------------------
2026-09-11T18:03:32+09:00 [openriak-entrypoint] cluster: plan: 
2026-09-11T18:03:32+09:00 [openriak-entrypoint] cluster: plan: 
2026-09-11T18:03:32+09:00 [openriak-entrypoint] cluster: plan: NOTE: Applying these changes will result in 1 cluster transition
2026-09-11T18:03:32+09:00 [openriak-entrypoint] cluster: plan: 
2026-09-11T18:03:32+09:00 [openriak-entrypoint] cluster: plan: ###############################################################################
2026-09-11T18:03:32+09:00 [openriak-entrypoint] cluster: plan:                          After cluster transition 1/1
2026-09-11T18:03:33+09:00 [openriak-entrypoint] cluster: plan: ###############################################################################
2026-09-11T18:03:33+09:00 [openriak-entrypoint] cluster: plan: 
2026-09-11T18:03:33+09:00 [openriak-entrypoint] cluster: plan: ================================= Membership ==================================
2026-09-11T18:03:33+09:00 [openriak-entrypoint] cluster: plan: Status     Ring    Pending    Node
2026-09-11T18:03:33+09:00 [openriak-entrypoint] cluster: plan: -------------------------------------------------------------------------------
2026-09-11T18:03:33+09:00 [openriak-entrypoint] cluster: plan: valid     100.0%     25.0%    openriak-kv@node-01.cluster-a.openriak
2026-09-11T18:03:34+09:00 [openriak-entrypoint] cluster: plan: valid       0.0%     25.0%    openriak-kv@node-02.cluster-a.openriak
2026-09-11T18:03:34+09:00 [openriak-entrypoint] cluster: plan: valid       0.0%     25.0%    openriak-kv@node-03.cluster-a.openriak
2026-09-11T18:03:34+09:00 [openriak-entrypoint] cluster: plan: valid       0.0%     12.5%    openriak-kv@node-04.cluster-a.openriak
2026-09-11T18:03:34+09:00 [openriak-entrypoint] cluster: plan: valid       0.0%     12.5%    openriak-kv@node-05.cluster-a.openriak
2026-09-11T18:03:34+09:00 [openriak-entrypoint] cluster: plan: -------------------------------------------------------------------------------
2026-09-11T18:03:34+09:00 [openriak-entrypoint] cluster: plan: Valid:5 / Leaving:0 / Exiting:0 / Joining:0 / Down:0
2026-09-11T18:03:34+09:00 [openriak-entrypoint] cluster: plan: 
2026-09-11T18:03:35+09:00 [openriak-entrypoint] cluster: plan: Transfers resulting from cluster changes: 6
2026-09-11T18:03:35+09:00 [openriak-entrypoint] cluster: plan:   1 transfers from 'openriak-kv@node-01.cluster-a.openriak' to 'openriak-kv@node-04.cluster-a.openriak'
2026-09-11T18:03:35+09:00 [openriak-entrypoint] cluster: plan:   1 transfers from 'openriak-kv@node-01.cluster-a.openriak' to 'openriak-kv@node-05.cluster-a.openriak'
2026-09-11T18:03:35+09:00 [openriak-entrypoint] cluster: plan:   2 transfers from 'openriak-kv@node-01.cluster-a.openriak' to 'openriak-kv@node-03.cluster-a.openriak'
2026-09-11T18:03:35+09:00 [openriak-entrypoint] cluster: plan:   2 transfers from 'openriak-kv@node-01.cluster-a.openriak' to 'openriak-kv@node-02.cluster-a.openriak'
2026-09-11T18:03:35+09:00 [openriak-entrypoint] cluster: plan: 
2026-09-11T18:03:35+09:00 [openriak-entrypoint] cluster: plan: ok
2026-09-11T18:03:36+09:00 [openriak-entrypoint] cluster: committing the planned membership changes
2026-09-11T18:03:54+09:00 [openriak-entrypoint] cluster: commit: Cluster changes committed
2026-09-11T18:03:54+09:00 [openriak-entrypoint] cluster: commit: ok
2026-09-11T18:03:55+09:00 [openriak-entrypoint] cluster: waiting for the ring to become ready
2026-09-11T18:04:17+09:00 [openriak-entrypoint] cluster: ring is ready (TRUE All nodes agree on the ring ['openriak-kv@node-01.cluster-a.openriak', 'openriak-kv@node-02.cluster-a.openriak', 'openriak-kv@node-03.cluster-a.openriak', 'openriak-kv@node-04.cluster-a.openriak', 'openriak-kv@node-05.cluster-a.openriak'] ok)
2026-09-11T18:04:17+09:00 [openriak-entrypoint] startup: waiting for Riak transfers to complete
2026-09-11T18:04:36+09:00 [openriak-entrypoint] startup: waiting for transfers (attempt 1, transfers='openriak-kv@node-05.cluster-a.openriak' waiting to handoff 2 partitions 'openriak-kv@node-04.cluster-a.openriak' waiting to handoff 3 partitions 'openriak-kv@node-03.cluster-a.openriak' waiting to handoff 2 partitions 'openriak-kv@node-02.cluster-a.openriak' waiting to handoff 4 partitions Active Transfers: ok)
2026-09-11T18:04:57+09:00 [openriak-entrypoint] startup: waiting for transfers (attempt 2, transfers='openriak-kv@node-04.cluster-a.openriak' waiting to handoff 2 partitions 'openriak-kv@node-02.cluster-a.openriak' waiting to handoff 1 partitions Active Transfers: ok)
2026-09-11T18:05:19+09:00 [openriak-entrypoint] startup: waiting for transfers (attempt 3, transfers='openriak-kv@node-04.cluster-a.openriak' waiting to handoff 2 partitions 'openriak-kv@node-02.cluster-a.openriak' waiting to handoff 1 partitions Active Transfers: ok)
2026-09-11T18:05:38+09:00 [openriak-entrypoint] startup: waiting for transfers (attempt 4, transfers='openriak-kv@node-02.cluster-a.openriak' waiting to handoff 1 partitions Active Transfers: ok)
2026-09-11T18:06:05+09:00 [openriak-entrypoint] startup: waiting for transfers (attempt 5, transfers='openriak-kv@node-02.cluster-a.openriak' waiting to handoff 1 partitions Active Transfers: ok)
2026-09-11T18:06:31+09:00 [openriak-entrypoint] startup: transfers complete (No transfers active Active Transfers: ok)
2026-09-11T18:06:31+09:00 [openriak-entrypoint] cluster: completed follower openriak-kv@node-02.cluster-a.openriak-42468b8cdf0e1ae4
2026-09-11T18:06:31+09:00 [openriak-entrypoint] cluster: completed follower openriak-kv@node-03.cluster-a.openriak-42468b8cdf0e1ae4
2026-09-11T18:06:31+09:00 [openriak-entrypoint] cluster: completed follower openriak-kv@node-04.cluster-a.openriak-42468b8cdf0e1ae4
2026-09-11T18:06:32+09:00 [openriak-entrypoint] cluster: completed follower openriak-kv@node-05.cluster-a.openriak-42468b8cdf0e1ae4
2026-09-11T18:06:43+09:00 [openriak-entrypoint] monitor: Coordinator is healthy; sleeping for 1s
2026-09-11T18:06:57+09:00 [openriak-entrypoint] monitor: Coordinator is healthy; sleeping for 1s
2026-09-11T18:07:09+09:00 [openriak-entrypoint] monitor: Coordinator is healthy; sleeping for 1s
2026-09-11T18:07:21+09:00 [openriak-entrypoint] monitor: Coordinator is healthy; sleeping for 1s
2026-09-11T18:07:34+09:00 [openriak-entrypoint] monitor: Coordinator is healthy; sleeping for 1s
2026-09-11T18:07:46+09:00 [openriak-entrypoint] monitor: Coordinator is healthy; sleeping for 1s
2026-09-11T18:08:00+09:00 [openriak-entrypoint] monitor: Coordinator is healthy; sleeping for 1s
2026-09-11T18:08:12+09:00 [openriak-entrypoint] monitor: Coordinator is healthy; sleeping for 1s
2026-09-11T18:08:27+09:00 [openriak-entrypoint] monitor: Coordinator is healthy; sleeping for 1s
2026-09-11T18:08:40+09:00 [openriak-entrypoint] monitor: Coordinator is healthy; sleeping for 1s
2026-09-11T18:08:51+09:00 [openriak-entrypoint] monitor: Coordinator is healthy; sleeping for 1s
2026-09-11T18:09:04+09:00 [openriak-entrypoint] monitor: Coordinator is healthy; sleeping for 1s
2026-09-11T18:09:18+09:00 [openriak-entrypoint] monitor: Coordinator is healthy; sleeping for 1s
2026-09-11T18:09:32+09:00 [openriak-entrypoint] monitor: Coordinator is healthy; sleeping for 1s
2026-09-11T18:09:46+09:00 [openriak-entrypoint] monitor: Coordinator is healthy; sleeping for 1s
2026-09-11T18:09:57+09:00 [openriak-entrypoint] monitor: Coordinator is healthy; sleeping for 1s
2026-09-11T18:10:12+09:00 [openriak-entrypoint] monitor: Coordinator is healthy; sleeping for 1s
2026-09-11T18:10:24+09:00 [openriak-entrypoint] monitor: Coordinator is healthy; sleeping for 1s
2026-09-11T18:10:38+09:00 [openriak-entrypoint] monitor: Coordinator is healthy; sleeping for 1s
2026-09-11T18:10:49+09:00 [openriak-entrypoint] monitor: Coordinator is healthy; sleeping for 1s
2026-09-11T18:11:01+09:00 [openriak-entrypoint] monitor: Coordinator is healthy; sleeping for 1s
2026-09-11T18:11:14+09:00 [openriak-entrypoint] monitor: Coordinator is healthy; sleeping for 1s
2026-09-11T18:11:26+09:00 [openriak-entrypoint] monitor: Coordinator is healthy; sleeping for 1s
2026-09-11T18:11:38+09:00 [openriak-entrypoint] monitor: Coordinator is healthy; sleeping for 1s
2026-09-11T18:11:50+09:00 [openriak-entrypoint] monitor: Coordinator is healthy; sleeping for 1s
2026-09-11T18:12:01+09:00 [openriak-entrypoint] monitor: Coordinator is healthy; sleeping for 1s
2026-09-11T18:12:14+09:00 [openriak-entrypoint] monitor: Coordinator is healthy; sleeping for 1s
2026-09-11T18:12:25+09:00 [openriak-entrypoint] monitor: Coordinator is healthy; sleeping for 1s
2026-09-11T18:12:37+09:00 [openriak-entrypoint] monitor: Coordinator is healthy; sleeping for 1s
2026-09-11T18:12:52+09:00 [openriak-entrypoint] monitor: Coordinator is healthy; sleeping for 1s
2026-09-11T18:13:02+09:00 [openriak-entrypoint] monitor: Coordinator is healthy; sleeping for 1s
2026-09-11T18:13:16+09:00 [openriak-entrypoint] monitor: Coordinator is healthy; sleeping for 1s
2026-09-11T18:13:27+09:00 [openriak-entrypoint] monitor: Coordinator is healthy; sleeping for 1s
2026-09-11T18:13:39+09:00 [openriak-entrypoint] monitor: Coordinator is healthy; sleeping for 1s
2026-09-11T18:13:51+09:00 [openriak-entrypoint] monitor: Coordinator is healthy; sleeping for 1s
2026-09-11T18:14:03+09:00 [openriak-entrypoint] monitor: Coordinator is healthy; sleeping for 1s
2026-09-11T18:14:16+09:00 [openriak-entrypoint] monitor: Coordinator is healthy; sleeping for 1s
2026-09-11T18:14:28+09:00 [openriak-entrypoint] monitor: Coordinator is healthy; sleeping for 1s
2026-09-11T18:14:39+09:00 [openriak-entrypoint] monitor: Coordinator is healthy; sleeping for 1s
2026-09-11T18:14:52+09:00 [openriak-entrypoint] monitor: Coordinator is healthy; sleeping for 1s
2026-09-11T18:15:04+09:00 [openriak-entrypoint] monitor: Coordinator is healthy; sleeping for 1s
2026-09-11T18:15:15+09:00 [openriak-entrypoint] monitor: Coordinator is healthy; sleeping for 1s
2026-09-11T18:15:30+09:00 [openriak-entrypoint] monitor: Coordinator is healthy; sleeping for 1s
2026-09-11T18:15:40+09:00 [openriak-entrypoint] monitor: Coordinator is healthy; sleeping for 1s
2026-09-11T18:15:54+09:00 [openriak-entrypoint] monitor: Coordinator is healthy; sleeping for 1s
2026-09-11T18:16:05+09:00 [openriak-entrypoint] monitor: Coordinator is healthy; sleeping for 1s

timeout_seconds: 3600
exit_code: 0
