$ /usr/bin/docker exec openriak-kv-3.4.0-amazon-linux-2023-otp24-node-1-t-681996z sh -c 'date +%z
id -u riak
id -g riak
stat -c '"'"'%u:%g'"'"' /etc/riak /var/lib/riak /var/log/riak'
started: 2026-09-11T09:16:26Z
+0900
19001
19002
19001:19002
19001:19002
19001:19002

timeout_seconds: 3600
exit_code: 0
$ /usr/bin/docker container inspect openriak-kv-3.4.0-amazon-linux-2023-otp24-node-1-t-681996z
started: 2026-09-11T09:16:27Z
[
    {
        "Id": "cbe30a87e16b42983f321d603fe74e1230b608e935490dff489b6d31da2bab18",
        "Created": "2026-09-11T08:56:20.44653464Z",
        "Path": "/usr/local/bin/openriak-entrypoint",
        "Args": [],
        "State": {
            "Status": "running",
            "Running": true,
            "Paused": false,
            "Restarting": false,
            "OOMKilled": false,
            "Dead": false,
            "Pid": 98734,
            "ExitCode": 0,
            "Error": "",
            "StartedAt": "2026-09-11T08:56:20.677801219Z",
            "FinishedAt": "0001-01-01T00:00:00Z",
            "Health": {
                "Status": "healthy",
                "FailingStreak": 0,
                "Log": [
                    {
                        "Start": "2026-09-11T09:14:34.417286028Z",
                        "End": "2026-09-11T09:14:46.584712705Z",
                        "ExitCode": 0,
                        "Output": "OpenRiak healthcheck passed: BEAM is running and riak ping returned pong\n"
                    },
                    {
                        "Start": "2026-09-11T09:14:56.586048521Z",
                        "End": "2026-09-11T09:15:08.618804484Z",
                        "ExitCode": 0,
                        "Output": "OpenRiak healthcheck passed: BEAM is running and riak ping returned pong\n"
                    },
                    {
                        "Start": "2026-09-11T09:15:20.313273867Z",
                        "End": "2026-09-11T09:15:31.23924152Z",
                        "ExitCode": 0,
                        "Output": "OpenRiak healthcheck passed: BEAM is running and riak ping returned pong\n"
                    },
                    {
                        "Start": "2026-09-11T09:15:41.240033412Z",
                        "End": "2026-09-11T09:15:53.826196949Z",
                        "ExitCode": 0,
                        "Output": "OpenRiak healthcheck passed: BEAM is running and riak ping returned pong\n"
                    },
                    {
                        "Start": "2026-09-11T09:16:03.827145281Z",
                        "End": "2026-09-11T09:16:15.991619334Z",
                        "ExitCode": 0,
                        "Output": "OpenRiak healthcheck passed: BEAM is running and riak ping returned pong\n"
                    }
                ]
            }
        },
        "Image": "sha256:e3da089972c7700af1f0b0b25d65e277a91840e80e62484f4fad96d411a07f9f",
        "ResolvConfPath": "/var/lib/docker/containers/cbe30a87e16b42983f321d603fe74e1230b608e935490dff489b6d31da2bab18/resolv.conf",
        "HostnamePath": "/var/lib/docker/containers/cbe30a87e16b42983f321d603fe74e1230b608e935490dff489b6d31da2bab18/hostname",
        "HostsPath": "/var/lib/docker/containers/cbe30a87e16b42983f321d603fe74e1230b608e935490dff489b6d31da2bab18/hosts",
        "LogPath": "/var/lib/docker/containers/cbe30a87e16b42983f321d603fe74e1230b608e935490dff489b6d31da2bab18/cbe30a87e16b42983f321d603fe74e1230b608e935490dff489b6d31da2bab18-json.log",
        "Name": "/openriak-kv-3.4.0-amazon-linux-2023-otp24-node-1-t-681996z",
        "RestartCount": 0,
        "Driver": "overlay2",
        "Platform": "linux",
        "MountLabel": "",
        "ProcessLabel": "",
        "AppArmorProfile": "",
        "ExecIDs": null,
        "HostConfig": {
            "Binds": [
                "/tmp/openriak-docker-3.4.0-amazon-linux-2023-otp24-v97oqdzt/openriak-kv-3.4.0-amazon-linux-2023-otp24-node-1/config:/etc/riak:rw",
                "/tmp/openriak-docker-3.4.0-amazon-linux-2023-otp24-v97oqdzt/openriak-kv-3.4.0-amazon-linux-2023-otp24-node-1/data:/var/lib/riak:rw",
                "/tmp/openriak-docker-3.4.0-amazon-linux-2023-otp24-v97oqdzt/openriak-kv-3.4.0-amazon-linux-2023-otp24-node-1/logs:/var/log/riak:rw",
                "/tmp/openriak-docker-3.4.0-amazon-linux-2023-otp24-v97oqdzt/openriak-kv-3.4.0-amazon-linux-2023-otp24-node-cluster-control:/var/lib/openriak-cluster-control:rw"
            ],
            "ContainerIDFile": "",
            "LogConfig": {
                "Type": "json-file",
                "Config": {
                    "max-file": "3",
                    "max-size": "10m"
                }
            },
            "NetworkMode": "openriak-kv-340-amazon-linux-2023-otp24-node-cluster_openriak",
            "PortBindings": {},
            "RestartPolicy": {
                "Name": "no",
                "MaximumRetryCount": 0
            },
            "AutoRemove": false,
            "VolumeDriver": "",
            "VolumesFrom": null,
            "ConsoleSize": [
                0,
                0
            ],
            "CapAdd": null,
            "CapDrop": null,
            "CgroupnsMode": "private",
            "Dns": null,
            "DnsOptions": null,
            "DnsSearch": null,
            "ExtraHosts": [],
            "GroupAdd": null,
            "IpcMode": "private",
            "Cgroup": "",
            "Links": null,
            "OomScoreAdj": 0,
            "PidMode": "",
            "Privileged": false,
            "PublishAllPorts": false,
            "ReadonlyRootfs": false,
            "SecurityOpt": null,
            "UTSMode": "",
            "UsernsMode": "",
            "ShmSize": 67108864,
            "Runtime": "runc",
            "Isolation": "",
            "CpuShares": 0,
            "Memory": 0,
            "NanoCpus": 0,
            "CgroupParent": "",
            "BlkioWeight": 0,
            "BlkioWeightDevice": null,
            "BlkioDeviceReadBps": null,
            "BlkioDeviceWriteBps": null,
            "BlkioDeviceReadIOps": null,
            "BlkioDeviceWriteIOps": null,
            "CpuPeriod": 0,
            "CpuQuota": 0,
            "CpuRealtimePeriod": 0,
            "CpuRealtimeRuntime": 0,
            "CpusetCpus": "",
            "CpusetMems": "",
            "Devices": null,
            "DeviceCgroupRules": null,
            "DeviceRequests": null,
            "MemoryReservation": 0,
            "MemorySwap": 0,
            "MemorySwappiness": null,
            "OomKillDisable": null,
            "PidsLimit": null,
            "Ulimits": [
                {
                    "Name": "nofile",
                    "Hard": 100000,
                    "Soft": 100000
                }
            ],
            "CpuCount": 0,
            "CpuPercent": 0,
            "IOMaximumIOps": 0,
            "IOMaximumBandwidth": 0,
            "MaskedPaths": [
                "/proc/acpi",
                "/proc/asound",
                "/proc/interrupts",
                "/proc/kcore",
                "/proc/keys",
                "/proc/latency_stats",
                "/proc/sched_debug",
                "/proc/scsi",
                "/proc/timer_list",
                "/proc/timer_stats",
                "/sys/devices/virtual/powercap",
                "/sys/firmware"
            ],
            "ReadonlyPaths": [
                "/proc/bus",
                "/proc/fs",
                "/proc/irq",
                "/proc/sys",
                "/proc/sysrq-trigger"
            ]
        },
        "GraphDriver": {
            "Data": {
                "ID": "cbe30a87e16b42983f321d603fe74e1230b608e935490dff489b6d31da2bab18",
                "LowerDir": "/var/lib/docker/overlay2/34f29e95c27ee25c88ba742e48f357d41b82b4429faffe834d9cabcf8a562003-init/diff:/var/lib/docker/overlay2/8315de69cbd125313f99654fcdcb3b932a0c75125652baf5a3ac515568f14527/diff:/var/lib/docker/overlay2/68d61dafcd71624489a5f752293ce7d86fae8ed10cbb625247b6ee3bb652c4a6/diff:/var/lib/docker/overlay2/9ad5d56619f6f9b7eca0c6d93e1f2fb1df950f15d852543faf852d27fdb54f27/diff:/var/lib/docker/overlay2/cd1b7748cab9ac5ee7d36495331a287f6c65078e8f6c7d2c2ceb9265b6ca5785/diff:/var/lib/docker/overlay2/872a9ef446e105beaf488de40319db53e977acdcd50c2626dd0fd290346cf7d7/diff:/var/lib/docker/overlay2/02e1a2697936e79201a6e4f7c879d3902688751122369721987b6be69a7622c1/diff",
                "MergedDir": "/var/lib/docker/overlay2/34f29e95c27ee25c88ba742e48f357d41b82b4429faffe834d9cabcf8a562003/merged",
                "UpperDir": "/var/lib/docker/overlay2/34f29e95c27ee25c88ba742e48f357d41b82b4429faffe834d9cabcf8a562003/diff",
                "WorkDir": "/var/lib/docker/overlay2/34f29e95c27ee25c88ba742e48f357d41b82b4429faffe834d9cabcf8a562003/work"
            },
            "Name": "overlay2"
        },
        "Mounts": [
            {
                "Type": "bind",
                "Source": "/tmp/openriak-docker-3.4.0-amazon-linux-2023-otp24-v97oqdzt/openriak-kv-3.4.0-amazon-linux-2023-otp24-node-1/logs",
                "Destination": "/var/log/riak",
                "Mode": "rw",
                "RW": true,
                "Propagation": "rprivate"
            },
            {
                "Type": "bind",
                "Source": "/tmp/openriak-docker-3.4.0-amazon-linux-2023-otp24-v97oqdzt/openriak-kv-3.4.0-amazon-linux-2023-otp24-node-cluster-control",
                "Destination": "/var/lib/openriak-cluster-control",
                "Mode": "rw",
                "RW": true,
                "Propagation": "rprivate"
            },
            {
                "Type": "bind",
                "Source": "/tmp/openriak-docker-3.4.0-amazon-linux-2023-otp24-v97oqdzt/openriak-kv-3.4.0-amazon-linux-2023-otp24-node-1/config",
                "Destination": "/etc/riak",
                "Mode": "rw",
                "RW": true,
                "Propagation": "rprivate"
            },
            {
                "Type": "bind",
                "Source": "/tmp/openriak-docker-3.4.0-amazon-linux-2023-otp24-v97oqdzt/openriak-kv-3.4.0-amazon-linux-2023-otp24-node-1/data",
                "Destination": "/var/lib/riak",
                "Mode": "rw",
                "RW": true,
                "Propagation": "rprivate"
            }
        ],
        "Config": {
            "Hostname": "node-01.cluster-a.openriak",
            "Domainname": "",
            "User": "",
            "AttachStdin": false,
            "AttachStdout": true,
            "AttachStderr": true,
            "ExposedPorts": {
                "8087/tcp": {},
                "8098/tcp": {}
            },
            "Tty": false,
            "OpenStdin": false,
            "StdinOnce": false,
            "Env": [
                "role=coordinator",
                "RIAK_DISTRIBUTED_COOKIE=openriak-7bff85b6f04ca41bdb33a7a54eaf4a5f",
                "RIAK_LOG_MAX_FILE_SIZE=2MB",
                "OPENRIAK_CLUSTER_MODE=cluster",
                "RIAK_LOG_MAX_FILES=4",
                "TZ=Asia/Tokyo",
                "RIAK_GID=19002",
                "RIAK_NODE_HOST=node-01.cluster-a.openriak",
                "RIAK_UID=19001",
                "RIAK_MONITOR_INTERVAL_SECONDS=1",
                "OPENRIAK_CLUSTER_POLL_SECONDS=1",
                "OPENRIAK_CLUSTER_WAIT_SECONDS=3600",
                "PATH=/usr/local/sbin:/usr/local/bin:/usr/sbin:/usr/bin:/sbin:/bin",
                "RIAK_NODE_NAME=",
                "RIAK_RING_SIZE=8",
                "RIAK_STORAGE_BACKEND=leveled",
                "RIAK_ANTI_ENTROPY=passive",
                "RIAK_TICTACAAE_ACTIVE=active",
                "RIAK_TICTACAAE_STOREHEADS=enabled",
                "RIAK_HTTP_LISTENER=0.0.0.0:8098",
                "RIAK_PB_LISTENER=0.0.0.0:8087",
                "RIAK_NOFILE_LIMIT=100000",
                "RIAK_INIT_ONLY=0",
                "RIAK_STARTUP_POLL_SECONDS=1",
                "RIAK_SHUTDOWN_POLL_SECONDS=1",
                "OPENRIAK_CLUSTER_CONTROL_DIR=/var/lib/openriak-cluster-control"
            ],
            "Cmd": null,
            "Healthcheck": {
                "Test": [
                    "CMD",
                    "/usr/local/bin/openriak-healthcheck"
                ],
                "Interval": 10000000000,
                "Timeout": 60000000000,
                "StartPeriod": 120000000000,
                "Retries": 3
            },
            "Image": "tiotjp/openriak-kv:test-3.4.0-amazon-linux-2023-otp24-linux-arm64-20260911t085044.681996z",
            "Volumes": {
                "/etc/riak": {},
                "/var/lib/riak": {},
                "/var/log/riak": {}
            },
            "WorkingDir": "/",
            "Entrypoint": [
                "/usr/local/bin/openriak-entrypoint"
            ],
            "Labels": {
                "com.docker.compose.config-hash": "44200f2691afe2a2ecc20a776692eda32a29b00091002b31d7cd0bf1d9972c91",
                "com.docker.compose.container-number": "1",
                "com.docker.compose.depends_on": "",
                "com.docker.compose.image": "sha256:e3da089972c7700af1f0b0b25d65e277a91840e80e62484f4fad96d411a07f9f",
                "com.docker.compose.oneoff": "False",
                "com.docker.compose.project": "openriak-kv-340-amazon-linux-2023-otp24-node-cluster",
                "com.docker.compose.project.config_files": "/tmp/openriak-docker-3.4.0-amazon-linux-2023-otp24-v97oqdzt/compose.cluster.test.yaml",
                "com.docker.compose.project.environment_file": "/tmp/openriak-docker-3.4.0-amazon-linux-2023-otp24-v97oqdzt/.env.cluster",
                "com.docker.compose.project.working_dir": "/tmp/openriak-docker-3.4.0-amazon-linux-2023-otp24-v97oqdzt",
                "com.docker.compose.service": "node1",
                "com.docker.compose.version": "5.4.0",
                "desktop.docker.io/wsl-distro": "Ubuntu",
                "org.opencontainers.image.description": "Package-backed OpenRiak KV with single-node and cluster startup support",
                "org.opencontainers.image.source": "https://github.com/TI-Tokyo/openriak-docs",
                "org.opencontainers.image.title": "OpenRiak KV",
                "org.opencontainers.image.url": "https://www.tiot.jp/",
                "org.opencontainers.image.vendor": "TI Tokyo",
                "org.opencontainers.image.version": "3.4.0",
                "org.openriak.image.tag": "tiotjp/openriak-kv:3.4.0-amazon-linux-2023-otp24",
                "org.openriak.os.name": "amazon-linux",
                "org.openriak.os.release": "2023",
                "org.openriak.os.version": "2023",
                "org.openriak.otp.version": "24"
            },
            "StopSignal": "SIGTERM",
            "StopTimeout": 120
        },
        "NetworkSettings": {
            "SandboxID": "15e7ad4695f4f54d2ad7cf4f674cace2a9e237fa74ccad9fd81f6bf72a9273e3",
            "SandboxKey": "/var/run/docker/netns/15e7ad4695f4",
            "Ports": {
                "8087/tcp": null,
                "8098/tcp": null
            },
            "Networks": {
                "openriak-kv-340-amazon-linux-2023-otp24-node-cluster_openriak": {
                    "IPAMConfig": {},
                    "Links": null,
                    "Aliases": [
                        "openriak-kv-3.4.0-amazon-linux-2023-otp24-node-1-t-681996z",
                        "node1",
                        "node-01.cluster-a.openriak"
                    ],
                    "DriverOpts": null,
                    "GwPriority": 0,
                    "NetworkID": "79bcd20e035082febecc8236d09d09700fe881a9f4d7ae06691b981b068f283f",
                    "EndpointID": "bd96e00354445762e779ecdc6acfea0652f5febe97ff2ab9b57768893eb32712",
                    "Gateway": "172.25.0.1",
                    "IPAddress": "172.25.0.5",
                    "MacAddress": "b6:1d:50:b9:e0:a7",
                    "IPPrefixLen": 16,
                    "IPv6Gateway": "",
                    "GlobalIPv6Address": "",
                    "GlobalIPv6PrefixLen": 0,
                    "DNSNames": [
                        "openriak-kv-3.4.0-amazon-linux-2023-otp24-node-1-t-681996z",
                        "node1",
                        "node-01.cluster-a.openriak",
                        "cbe30a87e16b"
                    ]
                }
            }
        }
    }
]

timeout_seconds: 3600
exit_code: 0
