$ /usr/bin/docker logs openriak-kv-3.4.0-amazon-linux-2023-otp26-node-4-t-871905z
started: 2026-09-11T08:56:29Z
2026-09-11T17:52:21+09:00 [openriak-entrypoint] configuration: timezone = Asia/Tokyo
usermod: no changes
2026-09-11T17:52:21+09:00 [openriak-entrypoint] configuration: riak UID/GID = 19001/19002
2026-09-11T17:52:21+09:00 [openriak-entrypoint] configuration: preparing mounted directories
2026-09-11T17:52:21+09:00 [openriak-entrypoint] configuration: seeding /etc/riak from packaged defaults
2026-09-11T17:52:22+09:00 [openriak-entrypoint] configuration: current Docker IPv4 address = 172.19.0.3
2026-09-11T17:52:22+09:00 [openriak-entrypoint] configuration: waiting for coordinator cookie before daemon startup
2026-09-11T17:52:23+09:00 [openriak-entrypoint] configuration: waiting for coordinator cookie before daemon startup
2026-09-11T17:52:24+09:00 [openriak-entrypoint] configuration: waiting for coordinator cookie before daemon startup
2026-09-11T17:52:25+09:00 [openriak-entrypoint] configuration: waiting for coordinator cookie before daemon startup
2026-09-11T17:52:26+09:00 [openriak-entrypoint] configuration: waiting for coordinator cookie before daemon startup
2026-09-11T17:52:27+09:00 [openriak-entrypoint] configuration: waiting for coordinator cookie before daemon startup
2026-09-11T17:52:28+09:00 [openriak-entrypoint] configuration: waiting for coordinator cookie before daemon startup
2026-09-11T17:52:29+09:00 [openriak-entrypoint] configuration: waiting for coordinator cookie before daemon startup
2026-09-11T17:52:30+09:00 [openriak-entrypoint] configuration: waiting for coordinator cookie before daemon startup
2026-09-11T17:52:31+09:00 [openriak-entrypoint] configuration: waiting for coordinator cookie before daemon startup
2026-09-11T17:52:32+09:00 [openriak-entrypoint] configuration: waiting for coordinator cookie before daemon startup
2026-09-11T17:52:33+09:00 [openriak-entrypoint] configuration: waiting for coordinator cookie before daemon startup
2026-09-11T17:52:34+09:00 [openriak-entrypoint] configuration: waiting for coordinator cookie before daemon startup
2026-09-11T17:52:35+09:00 [openriak-entrypoint] configuration: waiting for coordinator cookie before daemon startup
2026-09-11T17:52:36+09:00 [openriak-entrypoint] configuration: waiting for coordinator cookie before daemon startup
2026-09-11T17:52:37+09:00 [openriak-entrypoint] configuration: waiting for coordinator cookie before daemon startup
2026-09-11T17:52:38+09:00 [openriak-entrypoint] configuration: waiting for coordinator cookie before daemon startup
2026-09-11T17:52:39+09:00 [openriak-entrypoint] configuration: waiting for coordinator cookie before daemon startup
2026-09-11T17:52:40+09:00 [openriak-entrypoint] configuration: waiting for coordinator cookie before daemon startup
2026-09-11T17:52:41+09:00 [openriak-entrypoint] configuration: waiting for coordinator cookie before daemon startup
2026-09-11T17:52:42+09:00 [openriak-entrypoint] configuration: adopted coordinator cookie before daemon startup
2026-09-11T17:52:42+09:00 [openriak-entrypoint] configuration: nodename = openriak-kv@node-04.cluster-a.openriak
2026-09-11T17:52:42+09:00 [openriak-entrypoint] configuration: distributed_cookie = openriak-31ee41309259a91e2731ae7f69df8b70
2026-09-11T17:52:42+09:00 [openriak-entrypoint] configuration: effective distributed cookie = openriak-31ee41309259a91e2731ae7f69df8b70
2026-09-11T17:52:42+09:00 [openriak-entrypoint] configuration: ring_size = 8
2026-09-11T17:52:42+09:00 [openriak-entrypoint] configuration: storage_backend = leveled
2026-09-11T17:52:42+09:00 [openriak-entrypoint] configuration: anti_entropy = passive
2026-09-11T17:52:42+09:00 [openriak-entrypoint] configuration: tictacaae_active = active
2026-09-11T17:52:42+09:00 [openriak-entrypoint] configuration: tictacaae_storeheads = enabled
2026-09-11T17:52:42+09:00 [openriak-entrypoint] configuration: listener.http.internal = 0.0.0.0:8098
2026-09-11T17:52:42+09:00 [openriak-entrypoint] configuration: listener.protobuf.internal = 0.0.0.0:8087
2026-09-11T17:52:42+09:00 [openriak-entrypoint] configuration: logger.max_file_size = 2MB
2026-09-11T17:52:42+09:00 [openriak-entrypoint] configuration: logger.max_files = 4
2026-09-11T17:52:42+09:00 [openriak-entrypoint] startup: validating configuration and generating VM arguments
2026-09-11T17:52:50+09:00 [openriak-entrypoint] startup: configuration is valid (config is OK -config /var/lib/riak/generated.conf/app.2026.09.11.17.52.44.config -args_file /var/lib/riak/generated.conf/vm.2026.09.11.17.52.44.args -vm_args /var/lib/riak/generated.conf/vm.2026.09.11.17.52.44.args)
2026-09-11T17:52:50+09:00 [openriak-entrypoint] startup: starting OpenRiak as a daemon
2026-09-11T17:53:05+09:00 [openriak-entrypoint] startup: daemon command completed
2026-09-11T17:53:05+09:00 [openriak-entrypoint] startup: waiting for BEAM and riak ping
2026-09-11T17:53:07+09:00 [openriak-entrypoint] startup: BEAM is running and riak ping returned pong
2026-09-11T17:53:07+09:00 [openriak-entrypoint] startup: waiting for the riak_kv service
2026-09-11T17:53:08+09:00 [openriak-entrypoint] startup: waiting for riak_kv (attempt 1, services=[])
2026-09-11T17:53:11+09:00 [openriak-entrypoint] startup: waiting for riak_kv (attempt 2, services=[])
2026-09-11T17:53:15+09:00 [openriak-entrypoint] startup: riak_kv service is up ([riak_kv,riak_pipe,riak_repl])
2026-09-11T17:53:15+09:00 [openriak-entrypoint] startup: waiting for Riak transfers to complete
2026-09-11T17:53:17+09:00 [openriak-entrypoint] startup: transfers complete (No transfers active Active Transfers: ok)
2026-09-11T17:53:17+09:00 [openriak-entrypoint] cluster: Role: Follower
2026-09-11T17:53:18+09:00 [openriak-entrypoint] cluster: announced openriak-kv@node-04.cluster-a.openriak at 172.19.0.3 to coordinator openriak-kv@node-01.cluster-a.openriak (69f0d01cf26c519e)
2026-09-11T17:53:18+09:00 [openriak-entrypoint] cluster: follower waiting for coordinator approval (1s/3600s)
2026-09-11T17:53:20+09:00 [openriak-entrypoint] cluster: join approved by openriak-kv@node-01.cluster-a.openriak (69f0d01cf26c519e)
2026-09-11T17:53:22+09:00 [openriak-entrypoint] cluster: join: Success: staged join request for 'openriak-kv@node-04.cluster-a.openriak' to 'openriak-kv@node-01.cluster-a.openriak'
2026-09-11T17:53:22+09:00 [openriak-entrypoint] cluster: join: ok
2026-09-11T17:53:22+09:00 [openriak-entrypoint] cluster: join request accepted; waiting for plan and commit
2026-09-11T17:53:24+09:00 [openriak-entrypoint] cluster: waiting for the ring to become ready
2026-09-11T17:53:27+09:00 [openriak-entrypoint] cluster: ring is ready (TRUE All nodes agree on the ring ['openriak-kv@node-01.cluster-a.openriak', 'openriak-kv@node-02.cluster-a.openriak', 'openriak-kv@node-03.cluster-a.openriak', 'openriak-kv@node-04.cluster-a.openriak', 'openriak-kv@node-05.cluster-a.openriak'] ok)
2026-09-11T17:53:27+09:00 [openriak-entrypoint] startup: waiting for Riak transfers to complete
2026-09-11T17:53:29+09:00 [openriak-entrypoint] startup: waiting for transfers (attempt 1, transfers='openriak-kv@node-05.cluster-a.openriak' waiting to handoff 8 partitions 'openriak-kv@node-04.cluster-a.openriak' waiting to handoff 8 partitions 'openriak-kv@node-03.cluster-a.openriak' waiting to handoff 8 partitions 'openriak-kv@node-02.cluster-a.openriak' waiting to handoff 8 partitions 'openriak-kv@node-01.cluster-a.openriak' does not have 4 primary partitions running Active Transfers: ok)
2026-09-11T17:53:31+09:00 [openriak-entrypoint] startup: waiting for transfers (attempt 2, transfers='openriak-kv@node-05.cluster-a.openriak' waiting to handoff 8 partitions 'openriak-kv@node-04.cluster-a.openriak' waiting to handoff 8 partitions 'openriak-kv@node-03.cluster-a.openriak' waiting to handoff 8 partitions 'openriak-kv@node-02.cluster-a.openriak' waiting to handoff 8 partitions 'openriak-kv@node-01.cluster-a.openriak' does not have 6 primary partitions running Active Transfers: ok)
2026-09-11T17:53:34+09:00 [openriak-entrypoint] startup: waiting for transfers (attempt 3, transfers='openriak-kv@node-05.cluster-a.openriak' waiting to handoff 8 partitions 'openriak-kv@node-04.cluster-a.openriak' waiting to handoff 8 partitions 'openriak-kv@node-03.cluster-a.openriak' waiting to handoff 8 partitions 'openriak-kv@node-02.cluster-a.openriak' waiting to handoff 8 partitions 'openriak-kv@node-01.cluster-a.openriak' does not have 6 primary partitions running Active Transfers: ok)
2026-09-11T17:53:37+09:00 [openriak-entrypoint] startup: waiting for transfers (attempt 4, transfers='openriak-kv@node-05.cluster-a.openriak' waiting to handoff 8 partitions 'openriak-kv@node-04.cluster-a.openriak' waiting to handoff 8 partitions 'openriak-kv@node-03.cluster-a.openriak' waiting to handoff 8 partitions 'openriak-kv@node-02.cluster-a.openriak' waiting to handoff 8 partitions 'openriak-kv@node-01.cluster-a.openriak' does not have 6 primary partitions running Active Transfers: ok)
2026-09-11T17:53:39+09:00 [openriak-entrypoint] startup: waiting for transfers (attempt 5, transfers='openriak-kv@node-05.cluster-a.openriak' waiting to handoff 8 partitions 'openriak-kv@node-04.cluster-a.openriak' waiting to handoff 8 partitions 'openriak-kv@node-03.cluster-a.openriak' waiting to handoff 8 partitions 'openriak-kv@node-02.cluster-a.openriak' waiting to handoff 8 partitions 'openriak-kv@node-01.cluster-a.openriak' does not have 6 primary partitions running Active Transfers: ok)
2026-09-11T17:53:42+09:00 [openriak-entrypoint] startup: waiting for transfers (attempt 6, transfers='openriak-kv@node-05.cluster-a.openriak' waiting to handoff 7 partitions 'openriak-kv@node-04.cluster-a.openriak' waiting to handoff 7 partitions 'openriak-kv@node-03.cluster-a.openriak' waiting to handoff 6 partitions 'openriak-kv@node-02.cluster-a.openriak' waiting to handoff 6 partitions 'openriak-kv@node-01.cluster-a.openriak' waiting to handoff 6 partitions Active Transfers: ok)
2026-09-11T17:53:44+09:00 [openriak-entrypoint] startup: waiting for transfers (attempt 7, transfers='openriak-kv@node-05.cluster-a.openriak' waiting to handoff 7 partitions 'openriak-kv@node-04.cluster-a.openriak' waiting to handoff 7 partitions 'openriak-kv@node-03.cluster-a.openriak' waiting to handoff 6 partitions 'openriak-kv@node-02.cluster-a.openriak' waiting to handoff 6 partitions 'openriak-kv@node-01.cluster-a.openriak' waiting to handoff 6 partitions Active Transfers: ok)
2026-09-11T17:53:47+09:00 [openriak-entrypoint] startup: waiting for transfers (attempt 8, transfers='openriak-kv@node-05.cluster-a.openriak' waiting to handoff 7 partitions 'openriak-kv@node-04.cluster-a.openriak' waiting to handoff 7 partitions 'openriak-kv@node-03.cluster-a.openriak' waiting to handoff 6 partitions 'openriak-kv@node-02.cluster-a.openriak' waiting to handoff 6 partitions 'openriak-kv@node-01.cluster-a.openriak' waiting to handoff 6 partitions Active Transfers: ok)
2026-09-11T17:53:49+09:00 [openriak-entrypoint] startup: waiting for transfers (attempt 9, transfers='openriak-kv@node-05.cluster-a.openriak' waiting to handoff 7 partitions 'openriak-kv@node-04.cluster-a.openriak' waiting to handoff 7 partitions 'openriak-kv@node-03.cluster-a.openriak' waiting to handoff 6 partitions 'openriak-kv@node-02.cluster-a.openriak' waiting to handoff 6 partitions 'openriak-kv@node-01.cluster-a.openriak' waiting to handoff 6 partitions Active Transfers: ok)
2026-09-11T17:53:53+09:00 [openriak-entrypoint] startup: waiting for transfers (attempt 10, transfers='openriak-kv@node-05.cluster-a.openriak' waiting to handoff 7 partitions 'openriak-kv@node-04.cluster-a.openriak' waiting to handoff 7 partitions 'openriak-kv@node-03.cluster-a.openriak' waiting to handoff 6 partitions 'openriak-kv@node-02.cluster-a.openriak' waiting to handoff 6 partitions 'openriak-kv@node-01.cluster-a.openriak' waiting to handoff 6 partitions Active Transfers: ok)
2026-09-11T17:53:55+09:00 [openriak-entrypoint] startup: waiting for transfers (attempt 11, transfers='openriak-kv@node-05.cluster-a.openriak' waiting to handoff 7 partitions 'openriak-kv@node-04.cluster-a.openriak' waiting to handoff 7 partitions 'openriak-kv@node-03.cluster-a.openriak' waiting to handoff 6 partitions 'openriak-kv@node-02.cluster-a.openriak' waiting to handoff 6 partitions 'openriak-kv@node-01.cluster-a.openriak' waiting to handoff 6 partitions Active Transfers: ok)
2026-09-11T17:53:57+09:00 [openriak-entrypoint] startup: waiting for transfers (attempt 12, transfers='openriak-kv@node-05.cluster-a.openriak' waiting to handoff 7 partitions 'openriak-kv@node-04.cluster-a.openriak' waiting to handoff 7 partitions 'openriak-kv@node-03.cluster-a.openriak' waiting to handoff 6 partitions 'openriak-kv@node-02.cluster-a.openriak' waiting to handoff 6 partitions 'openriak-kv@node-01.cluster-a.openriak' waiting to handoff 6 partitions Active Transfers: ok)
2026-09-11T17:54:00+09:00 [openriak-entrypoint] startup: waiting for transfers (attempt 13, transfers='openriak-kv@node-05.cluster-a.openriak' waiting to handoff 7 partitions 'openriak-kv@node-04.cluster-a.openriak' waiting to handoff 7 partitions 'openriak-kv@node-03.cluster-a.openriak' waiting to handoff 6 partitions 'openriak-kv@node-02.cluster-a.openriak' waiting to handoff 6 partitions 'openriak-kv@node-01.cluster-a.openriak' waiting to handoff 6 partitions Active Transfers: ok)
2026-09-11T17:54:02+09:00 [openriak-entrypoint] startup: waiting for transfers (attempt 14, transfers='openriak-kv@node-05.cluster-a.openriak' waiting to handoff 7 partitions 'openriak-kv@node-04.cluster-a.openriak' waiting to handoff 7 partitions 'openriak-kv@node-03.cluster-a.openriak' waiting to handoff 6 partitions 'openriak-kv@node-02.cluster-a.openriak' waiting to handoff 6 partitions 'openriak-kv@node-01.cluster-a.openriak' waiting to handoff 6 partitions Active Transfers: ok)
2026-09-11T17:54:05+09:00 [openriak-entrypoint] startup: waiting for transfers (attempt 15, transfers='openriak-kv@node-05.cluster-a.openriak' waiting to handoff 7 partitions 'openriak-kv@node-04.cluster-a.openriak' waiting to handoff 7 partitions 'openriak-kv@node-03.cluster-a.openriak' waiting to handoff 6 partitions 'openriak-kv@node-02.cluster-a.openriak' waiting to handoff 6 partitions 'openriak-kv@node-01.cluster-a.openriak' waiting to handoff 6 partitions Active Transfers: ok)
2026-09-11T17:54:08+09:00 [openriak-entrypoint] startup: waiting for transfers (attempt 16, transfers='openriak-kv@node-05.cluster-a.openriak' waiting to handoff 7 partitions 'openriak-kv@node-04.cluster-a.openriak' waiting to handoff 7 partitions 'openriak-kv@node-03.cluster-a.openriak' waiting to handoff 6 partitions 'openriak-kv@node-02.cluster-a.openriak' waiting to handoff 6 partitions 'openriak-kv@node-01.cluster-a.openriak' waiting to handoff 6 partitions Active Transfers: ok)
2026-09-11T17:54:10+09:00 [openriak-entrypoint] startup: waiting for transfers (attempt 17, transfers='openriak-kv@node-05.cluster-a.openriak' waiting to handoff 7 partitions 'openriak-kv@node-04.cluster-a.openriak' waiting to handoff 7 partitions 'openriak-kv@node-03.cluster-a.openriak' waiting to handoff 6 partitions 'openriak-kv@node-02.cluster-a.openriak' waiting to handoff 6 partitions 'openriak-kv@node-01.cluster-a.openriak' waiting to handoff 6 partitions Active Transfers: ok)
2026-09-11T17:54:12+09:00 [openriak-entrypoint] startup: waiting for transfers (attempt 18, transfers='openriak-kv@node-05.cluster-a.openriak' waiting to handoff 7 partitions 'openriak-kv@node-04.cluster-a.openriak' waiting to handoff 7 partitions 'openriak-kv@node-03.cluster-a.openriak' waiting to handoff 6 partitions 'openriak-kv@node-02.cluster-a.openriak' waiting to handoff 6 partitions 'openriak-kv@node-01.cluster-a.openriak' waiting to handoff 6 partitions Active Transfers: ok)
2026-09-11T17:54:14+09:00 [openriak-entrypoint] startup: waiting for transfers (attempt 19, transfers='openriak-kv@node-05.cluster-a.openriak' waiting to handoff 7 partitions 'openriak-kv@node-04.cluster-a.openriak' waiting to handoff 7 partitions 'openriak-kv@node-03.cluster-a.openriak' waiting to handoff 6 partitions 'openriak-kv@node-02.cluster-a.openriak' waiting to handoff 6 partitions 'openriak-kv@node-01.cluster-a.openriak' waiting to handoff 6 partitions Active Transfers: ok)
2026-09-11T17:54:17+09:00 [openriak-entrypoint] startup: waiting for transfers (attempt 20, transfers='openriak-kv@node-05.cluster-a.openriak' waiting to handoff 7 partitions 'openriak-kv@node-04.cluster-a.openriak' waiting to handoff 7 partitions 'openriak-kv@node-03.cluster-a.openriak' waiting to handoff 6 partitions 'openriak-kv@node-02.cluster-a.openriak' waiting to handoff 6 partitions 'openriak-kv@node-01.cluster-a.openriak' waiting to handoff 6 partitions Active Transfers: ok)
2026-09-11T17:54:19+09:00 [openriak-entrypoint] startup: waiting for transfers (attempt 21, transfers='openriak-kv@node-05.cluster-a.openriak' waiting to handoff 7 partitions 'openriak-kv@node-04.cluster-a.openriak' waiting to handoff 7 partitions 'openriak-kv@node-03.cluster-a.openriak' waiting to handoff 6 partitions 'openriak-kv@node-02.cluster-a.openriak' waiting to handoff 6 partitions 'openriak-kv@node-01.cluster-a.openriak' waiting to handoff 6 partitions Active Transfers: ok)
2026-09-11T17:54:22+09:00 [openriak-entrypoint] startup: waiting for transfers (attempt 22, transfers='openriak-kv@node-05.cluster-a.openriak' waiting to handoff 7 partitions 'openriak-kv@node-04.cluster-a.openriak' waiting to handoff 7 partitions 'openriak-kv@node-03.cluster-a.openriak' waiting to handoff 6 partitions 'openriak-kv@node-02.cluster-a.openriak' waiting to handoff 6 partitions 'openriak-kv@node-01.cluster-a.openriak' waiting to handoff 6 partitions Active Transfers: ok)
2026-09-11T17:54:24+09:00 [openriak-entrypoint] startup: waiting for transfers (attempt 23, transfers='openriak-kv@node-05.cluster-a.openriak' waiting to handoff 7 partitions 'openriak-kv@node-04.cluster-a.openriak' waiting to handoff 6 partitions 'openriak-kv@node-03.cluster-a.openriak' waiting to handoff 6 partitions 'openriak-kv@node-02.cluster-a.openriak' waiting to handoff 6 partitions 'openriak-kv@node-01.cluster-a.openriak' waiting to handoff 6 partitions Active Transfers: ok)
2026-09-11T17:54:27+09:00 [openriak-entrypoint] startup: waiting for transfers (attempt 24, transfers='openriak-kv@node-05.cluster-a.openriak' waiting to handoff 6 partitions 'openriak-kv@node-04.cluster-a.openriak' waiting to handoff 5 partitions 'openriak-kv@node-03.cluster-a.openriak' waiting to handoff 5 partitions 'openriak-kv@node-02.cluster-a.openriak' waiting to handoff 6 partitions 'openriak-kv@node-01.cluster-a.openriak' waiting to handoff 6 partitions Active Transfers: ok)
2026-09-11T17:54:29+09:00 [openriak-entrypoint] startup: waiting for transfers (attempt 25, transfers='openriak-kv@node-05.cluster-a.openriak' waiting to handoff 6 partitions 'openriak-kv@node-04.cluster-a.openriak' waiting to handoff 5 partitions 'openriak-kv@node-03.cluster-a.openriak' waiting to handoff 5 partitions 'openriak-kv@node-02.cluster-a.openriak' waiting to handoff 6 partitions 'openriak-kv@node-01.cluster-a.openriak' waiting to handoff 6 partitions Active Transfers: ok)
2026-09-11T17:54:32+09:00 [openriak-entrypoint] startup: waiting for transfers (attempt 26, transfers='openriak-kv@node-05.cluster-a.openriak' waiting to handoff 6 partitions 'openriak-kv@node-04.cluster-a.openriak' waiting to handoff 5 partitions 'openriak-kv@node-03.cluster-a.openriak' waiting to handoff 5 partitions 'openriak-kv@node-02.cluster-a.openriak' waiting to handoff 6 partitions 'openriak-kv@node-01.cluster-a.openriak' waiting to handoff 6 partitions Active Transfers: ok)
2026-09-11T17:54:35+09:00 [openriak-entrypoint] startup: waiting for transfers (attempt 27, transfers='openriak-kv@node-05.cluster-a.openriak' waiting to handoff 6 partitions 'openriak-kv@node-04.cluster-a.openriak' waiting to handoff 5 partitions 'openriak-kv@node-03.cluster-a.openriak' waiting to handoff 5 partitions 'openriak-kv@node-02.cluster-a.openriak' waiting to handoff 6 partitions 'openriak-kv@node-01.cluster-a.openriak' waiting to handoff 6 partitions Active Transfers: ok)
2026-09-11T17:54:39+09:00 [openriak-entrypoint] startup: waiting for transfers (attempt 28, transfers='openriak-kv@node-05.cluster-a.openriak' waiting to handoff 6 partitions 'openriak-kv@node-04.cluster-a.openriak' waiting to handoff 4 partitions 'openriak-kv@node-03.cluster-a.openriak' waiting to handoff 5 partitions 'openriak-kv@node-02.cluster-a.openriak' waiting to handoff 6 partitions 'openriak-kv@node-01.cluster-a.openriak' waiting to handoff 6 partitions Active Transfers: ok)
2026-09-11T17:54:42+09:00 [openriak-entrypoint] startup: waiting for transfers (attempt 29, transfers='openriak-kv@node-05.cluster-a.openriak' waiting to handoff 6 partitions 'openriak-kv@node-04.cluster-a.openriak' waiting to handoff 4 partitions 'openriak-kv@node-03.cluster-a.openriak' waiting to handoff 5 partitions 'openriak-kv@node-02.cluster-a.openriak' waiting to handoff 6 partitions 'openriak-kv@node-01.cluster-a.openriak' waiting to handoff 6 partitions Active Transfers: ok)
2026-09-11T17:54:44+09:00 [openriak-entrypoint] startup: waiting for transfers (attempt 30, transfers='openriak-kv@node-05.cluster-a.openriak' waiting to handoff 5 partitions 'openriak-kv@node-04.cluster-a.openriak' waiting to handoff 4 partitions 'openriak-kv@node-03.cluster-a.openriak' waiting to handoff 4 partitions 'openriak-kv@node-02.cluster-a.openriak' waiting to handoff 6 partitions 'openriak-kv@node-01.cluster-a.openriak' waiting to handoff 6 partitions Active Transfers: ok)
2026-09-11T17:54:47+09:00 [openriak-entrypoint] startup: waiting for transfers (attempt 31, transfers='openriak-kv@node-05.cluster-a.openriak' waiting to handoff 5 partitions 'openriak-kv@node-04.cluster-a.openriak' waiting to handoff 4 partitions 'openriak-kv@node-03.cluster-a.openriak' waiting to handoff 3 partitions 'openriak-kv@node-02.cluster-a.openriak' waiting to handoff 5 partitions 'openriak-kv@node-01.cluster-a.openriak' waiting to handoff 6 partitions Active Transfers: ok)
2026-09-11T17:54:50+09:00 [openriak-entrypoint] startup: waiting for transfers (attempt 32, transfers='openriak-kv@node-05.cluster-a.openriak' waiting to handoff 5 partitions 'openriak-kv@node-04.cluster-a.openriak' waiting to handoff 4 partitions 'openriak-kv@node-03.cluster-a.openriak' waiting to handoff 3 partitions 'openriak-kv@node-02.cluster-a.openriak' waiting to handoff 4 partitions 'openriak-kv@node-01.cluster-a.openriak' waiting to handoff 6 partitions Active Transfers: ok)
2026-09-11T17:54:53+09:00 [openriak-entrypoint] startup: waiting for transfers (attempt 33, transfers='openriak-kv@node-05.cluster-a.openriak' waiting to handoff 3 partitions 'openriak-kv@node-04.cluster-a.openriak' waiting to handoff 4 partitions 'openriak-kv@node-03.cluster-a.openriak' waiting to handoff 3 partitions 'openriak-kv@node-02.cluster-a.openriak' waiting to handoff 4 partitions 'openriak-kv@node-01.cluster-a.openriak' waiting to handoff 6 partitions Active Transfers: ok)
2026-09-11T17:54:55+09:00 [openriak-entrypoint] startup: waiting for transfers (attempt 34, transfers='openriak-kv@node-05.cluster-a.openriak' waiting to handoff 2 partitions 'openriak-kv@node-04.cluster-a.openriak' waiting to handoff 4 partitions 'openriak-kv@node-03.cluster-a.openriak' waiting to handoff 3 partitions 'openriak-kv@node-02.cluster-a.openriak' waiting to handoff 3 partitions 'openriak-kv@node-01.cluster-a.openriak' waiting to handoff 6 partitions Active Transfers: ok)
2026-09-11T17:54:58+09:00 [openriak-entrypoint] startup: waiting for transfers (attempt 35, transfers='openriak-kv@node-05.cluster-a.openriak' waiting to handoff 2 partitions 'openriak-kv@node-04.cluster-a.openriak' waiting to handoff 4 partitions 'openriak-kv@node-03.cluster-a.openriak' waiting to handoff 3 partitions 'openriak-kv@node-02.cluster-a.openriak' waiting to handoff 3 partitions 'openriak-kv@node-01.cluster-a.openriak' waiting to handoff 5 partitions Active Transfers: ok)
2026-09-11T17:55:00+09:00 [openriak-entrypoint] startup: waiting for transfers (attempt 36, transfers='openriak-kv@node-05.cluster-a.openriak' waiting to handoff 2 partitions 'openriak-kv@node-04.cluster-a.openriak' waiting to handoff 4 partitions 'openriak-kv@node-03.cluster-a.openriak' waiting to handoff 3 partitions 'openriak-kv@node-02.cluster-a.openriak' waiting to handoff 3 partitions 'openriak-kv@node-01.cluster-a.openriak' waiting to handoff 5 partitions Active Transfers: ok)
2026-09-11T17:55:03+09:00 [openriak-entrypoint] startup: waiting for transfers (attempt 37, transfers='openriak-kv@node-05.cluster-a.openriak' waiting to handoff 2 partitions 'openriak-kv@node-04.cluster-a.openriak' waiting to handoff 4 partitions 'openriak-kv@node-03.cluster-a.openriak' waiting to handoff 3 partitions 'openriak-kv@node-02.cluster-a.openriak' waiting to handoff 3 partitions 'openriak-kv@node-01.cluster-a.openriak' waiting to handoff 5 partitions Active Transfers: ok)
2026-09-11T17:55:05+09:00 [openriak-entrypoint] startup: waiting for transfers (attempt 38, transfers='openriak-kv@node-05.cluster-a.openriak' waiting to handoff 1 partitions 'openriak-kv@node-04.cluster-a.openriak' waiting to handoff 4 partitions 'openriak-kv@node-03.cluster-a.openriak' waiting to handoff 3 partitions 'openriak-kv@node-02.cluster-a.openriak' waiting to handoff 3 partitions 'openriak-kv@node-01.cluster-a.openriak' waiting to handoff 5 partitions Active Transfers: ok)
2026-09-11T17:55:08+09:00 [openriak-entrypoint] startup: waiting for transfers (attempt 39, transfers='openriak-kv@node-03.cluster-a.openriak' waiting to handoff 2 partitions 'openriak-kv@node-02.cluster-a.openriak' waiting to handoff 2 partitions 'openriak-kv@node-01.cluster-a.openriak' waiting to handoff 5 partitions Active Transfers: ok)
2026-09-11T17:55:11+09:00 [openriak-entrypoint] startup: waiting for transfers (attempt 40, transfers='openriak-kv@node-02.cluster-a.openriak' waiting to handoff 2 partitions 'openriak-kv@node-01.cluster-a.openriak' waiting to handoff 5 partitions Active Transfers: ok)
2026-09-11T17:55:13+09:00 [openriak-entrypoint] startup: waiting for transfers (attempt 41, transfers='openriak-kv@node-01.cluster-a.openriak' waiting to handoff 5 partitions Active Transfers: ok)
2026-09-11T17:55:16+09:00 [openriak-entrypoint] startup: waiting for transfers (attempt 42, transfers='openriak-kv@node-01.cluster-a.openriak' waiting to handoff 5 partitions Active Transfers: ok)
2026-09-11T17:55:19+09:00 [openriak-entrypoint] startup: waiting for transfers (attempt 43, transfers='openriak-kv@node-01.cluster-a.openriak' waiting to handoff 4 partitions Active Transfers: ok)
2026-09-11T17:55:22+09:00 [openriak-entrypoint] startup: waiting for transfers (attempt 44, transfers='openriak-kv@node-01.cluster-a.openriak' waiting to handoff 4 partitions Active Transfers: ok)
2026-09-11T17:55:24+09:00 [openriak-entrypoint] startup: waiting for transfers (attempt 45, transfers='openriak-kv@node-01.cluster-a.openriak' waiting to handoff 3 partitions Active Transfers: ok)
2026-09-11T17:55:27+09:00 [openriak-entrypoint] startup: waiting for transfers (attempt 46, transfers='openriak-kv@node-01.cluster-a.openriak' waiting to handoff 3 partitions Active Transfers: ok)
2026-09-11T17:55:29+09:00 [openriak-entrypoint] startup: waiting for transfers (attempt 47, transfers='openriak-kv@node-01.cluster-a.openriak' waiting to handoff 2 partitions Active Transfers: ok)
2026-09-11T17:55:32+09:00 [openriak-entrypoint] startup: waiting for transfers (attempt 48, transfers='openriak-kv@node-01.cluster-a.openriak' waiting to handoff 2 partitions Active Transfers: ok)
2026-09-11T17:55:35+09:00 [openriak-entrypoint] startup: waiting for transfers (attempt 49, transfers='openriak-kv@node-01.cluster-a.openriak' waiting to handoff 2 partitions Active Transfers: ok)
2026-09-11T17:55:37+09:00 [openriak-entrypoint] startup: waiting for transfers (attempt 50, transfers='openriak-kv@node-01.cluster-a.openriak' waiting to handoff 1 partitions Active Transfers: ok)
2026-09-11T17:55:39+09:00 [openriak-entrypoint] startup: waiting for transfers (attempt 51, transfers='openriak-kv@node-01.cluster-a.openriak' waiting to handoff 1 partitions Active Transfers: ok)
2026-09-11T17:55:42+09:00 [openriak-entrypoint] startup: waiting for transfers (attempt 52, transfers='openriak-kv@node-01.cluster-a.openriak' waiting to handoff 1 partitions Active Transfers: ok)
2026-09-11T17:55:44+09:00 [openriak-entrypoint] startup: transfers complete (No transfers active Active Transfers: ok)
2026-09-11T17:55:44+09:00 [openriak-entrypoint] cluster: waiting for coordinator completion confirmation
2026-09-11T17:55:44+09:00 [openriak-entrypoint] cluster: coordinator confirmed completion for openriak-kv@node-04.cluster-a.openriak
2026-09-11T17:55:44+09:00 [openriak-entrypoint] cluster: follower joined openriak-kv@node-01.cluster-a.openriak successfully
2026-09-11T17:55:44+09:00 [openriak-entrypoint] startup: OpenRiak is ready
2026-09-11T17:55:44+09:00 [openriak-entrypoint] monitor: sleeping for 1s
2026-09-11T17:55:46+09:00 [openriak-entrypoint] monitor: BEAM is running and riak ping returned pong
2026-09-11T17:55:46+09:00 [openriak-entrypoint] monitor: sleeping for 1s
2026-09-11T17:55:48+09:00 [openriak-entrypoint] monitor: BEAM is running and riak ping returned pong
2026-09-11T17:55:48+09:00 [openriak-entrypoint] monitor: sleeping for 1s
2026-09-11T17:55:50+09:00 [openriak-entrypoint] monitor: BEAM is running and riak ping returned pong
2026-09-11T17:55:50+09:00 [openriak-entrypoint] monitor: sleeping for 1s
2026-09-11T17:55:51+09:00 [openriak-entrypoint] monitor: BEAM is running and riak ping returned pong
2026-09-11T17:55:51+09:00 [openriak-entrypoint] monitor: sleeping for 1s
2026-09-11T17:55:53+09:00 [openriak-entrypoint] monitor: BEAM is running and riak ping returned pong
2026-09-11T17:55:53+09:00 [openriak-entrypoint] monitor: sleeping for 1s
2026-09-11T17:55:55+09:00 [openriak-entrypoint] monitor: BEAM is running and riak ping returned pong
2026-09-11T17:55:55+09:00 [openriak-entrypoint] monitor: sleeping for 1s
2026-09-11T17:55:57+09:00 [openriak-entrypoint] monitor: BEAM is running and riak ping returned pong
2026-09-11T17:55:57+09:00 [openriak-entrypoint] monitor: sleeping for 1s
2026-09-11T17:55:58+09:00 [openriak-entrypoint] monitor: BEAM is running and riak ping returned pong
2026-09-11T17:55:58+09:00 [openriak-entrypoint] monitor: sleeping for 1s
2026-09-11T17:56:00+09:00 [openriak-entrypoint] monitor: BEAM is running and riak ping returned pong
2026-09-11T17:56:00+09:00 [openriak-entrypoint] monitor: sleeping for 1s
2026-09-11T17:56:02+09:00 [openriak-entrypoint] monitor: BEAM is running and riak ping returned pong
2026-09-11T17:56:02+09:00 [openriak-entrypoint] monitor: sleeping for 1s
2026-09-11T17:56:03+09:00 [openriak-entrypoint] monitor: BEAM is running and riak ping returned pong
2026-09-11T17:56:03+09:00 [openriak-entrypoint] monitor: sleeping for 1s
2026-09-11T17:56:05+09:00 [openriak-entrypoint] monitor: BEAM is running and riak ping returned pong
2026-09-11T17:56:05+09:00 [openriak-entrypoint] monitor: sleeping for 1s
2026-09-11T17:56:06+09:00 [openriak-entrypoint] monitor: BEAM is running and riak ping returned pong
2026-09-11T17:56:06+09:00 [openriak-entrypoint] monitor: sleeping for 1s
2026-09-11T17:56:08+09:00 [openriak-entrypoint] monitor: BEAM is running and riak ping returned pong
2026-09-11T17:56:08+09:00 [openriak-entrypoint] monitor: sleeping for 1s
2026-09-11T17:56:10+09:00 [openriak-entrypoint] monitor: BEAM is running and riak ping returned pong
2026-09-11T17:56:10+09:00 [openriak-entrypoint] monitor: sleeping for 1s
2026-09-11T17:56:11+09:00 [openriak-entrypoint] monitor: BEAM is running and riak ping returned pong
2026-09-11T17:56:11+09:00 [openriak-entrypoint] monitor: sleeping for 1s
2026-09-11T17:56:13+09:00 [openriak-entrypoint] monitor: BEAM is running and riak ping returned pong
2026-09-11T17:56:13+09:00 [openriak-entrypoint] monitor: sleeping for 1s
2026-09-11T17:56:14+09:00 [openriak-entrypoint] monitor: BEAM is running and riak ping returned pong
2026-09-11T17:56:14+09:00 [openriak-entrypoint] monitor: sleeping for 1s
2026-09-11T17:56:16+09:00 [openriak-entrypoint] monitor: BEAM is running and riak ping returned pong
2026-09-11T17:56:16+09:00 [openriak-entrypoint] monitor: sleeping for 1s
2026-09-11T17:56:18+09:00 [openriak-entrypoint] monitor: BEAM is running and riak ping returned pong
2026-09-11T17:56:18+09:00 [openriak-entrypoint] monitor: sleeping for 1s
2026-09-11T17:56:19+09:00 [openriak-entrypoint] monitor: BEAM is running and riak ping returned pong
2026-09-11T17:56:19+09:00 [openriak-entrypoint] monitor: sleeping for 1s
2026-09-11T17:56:21+09:00 [openriak-entrypoint] monitor: BEAM is running and riak ping returned pong
2026-09-11T17:56:21+09:00 [openriak-entrypoint] monitor: sleeping for 1s
2026-09-11T17:56:22+09:00 [openriak-entrypoint] monitor: BEAM is running and riak ping returned pong
2026-09-11T17:56:22+09:00 [openriak-entrypoint] monitor: sleeping for 1s
2026-09-11T17:56:24+09:00 [openriak-entrypoint] monitor: BEAM is running and riak ping returned pong
2026-09-11T17:56:24+09:00 [openriak-entrypoint] monitor: sleeping for 1s
2026-09-11T17:56:26+09:00 [openriak-entrypoint] monitor: BEAM is running and riak ping returned pong
2026-09-11T17:56:26+09:00 [openriak-entrypoint] monitor: sleeping for 1s
2026-09-11T17:56:27+09:00 [openriak-entrypoint] monitor: BEAM is running and riak ping returned pong
2026-09-11T17:56:27+09:00 [openriak-entrypoint] monitor: sleeping for 1s
2026-09-11T17:56:29+09:00 [openriak-entrypoint] monitor: BEAM is running and riak ping returned pong
2026-09-11T17:56:29+09:00 [openriak-entrypoint] monitor: sleeping for 1s

timeout_seconds: 3600
exit_code: 0
