$ /usr/bin/docker exec openriak-kv-3.4.0-amazon-linux-2023-otp26-node-t-871905z sh -c 'date +%z
id -u riak
id -g riak
stat -c '"'"'%u:%g'"'"' /etc/riak /var/lib/riak /var/log/riak'
started: 2026-09-11T08:52:14Z
+0900
19001
19002
19001:19002
19001:19002
19001:19002

timeout_seconds: 3600
exit_code: 0
$ /usr/bin/docker container inspect openriak-kv-3.4.0-amazon-linux-2023-otp26-node-t-871905z
started: 2026-09-11T08:52:14Z
[
    {
        "Id": "ef3f0cd382ead0bc9b69f152e977030794c42b058031b1417850557b4d26934d",
        "Created": "2026-09-11T08:51:54.88832459Z",
        "Path": "/usr/local/bin/openriak-entrypoint",
        "Args": [],
        "State": {
            "Status": "running",
            "Running": true,
            "Paused": false,
            "Restarting": false,
            "OOMKilled": false,
            "Dead": false,
            "Pid": 3421997,
            "ExitCode": 0,
            "Error": "",
            "StartedAt": "2026-09-11T08:51:54.920316346Z",
            "FinishedAt": "0001-01-01T00:00:00Z",
            "Health": {
                "Status": "healthy",
                "FailingStreak": 0,
                "Log": [
                    {
                        "Start": "2026-09-11T08:52:00.067616765Z",
                        "End": "2026-09-11T08:52:00.550570807Z",
                        "ExitCode": 0,
                        "Output": "OpenRiak healthcheck passed: BEAM is running and riak ping returned pong\n"
                    },
                    {
                        "Start": "2026-09-11T08:52:10.551663706Z",
                        "End": "2026-09-11T08:52:11.074320613Z",
                        "ExitCode": 0,
                        "Output": "OpenRiak healthcheck passed: BEAM is running and riak ping returned pong\n"
                    }
                ]
            }
        },
        "Image": "sha256:ca8a29e5dac7899c90a854a2cc826db818d7b4656f732c90b5104ebb330c72da",
        "ResolvConfPath": "/var/lib/docker/containers/ef3f0cd382ead0bc9b69f152e977030794c42b058031b1417850557b4d26934d/resolv.conf",
        "HostnamePath": "/var/lib/docker/containers/ef3f0cd382ead0bc9b69f152e977030794c42b058031b1417850557b4d26934d/hostname",
        "HostsPath": "/var/lib/docker/containers/ef3f0cd382ead0bc9b69f152e977030794c42b058031b1417850557b4d26934d/hosts",
        "LogPath": "/var/lib/docker/containers/ef3f0cd382ead0bc9b69f152e977030794c42b058031b1417850557b4d26934d/ef3f0cd382ead0bc9b69f152e977030794c42b058031b1417850557b4d26934d-json.log",
        "Name": "/openriak-kv-3.4.0-amazon-linux-2023-otp26-node-t-871905z",
        "RestartCount": 0,
        "Driver": "overlay2",
        "Platform": "linux",
        "MountLabel": "",
        "ProcessLabel": "",
        "AppArmorProfile": "docker-default",
        "ExecIDs": null,
        "HostConfig": {
            "Binds": [
                "/tmp/openriak-docker-3.4.0-amazon-linux-2023-otp26-sq0xqufy/openriak-kv-3.4.0-amazon-linux-2023-otp26-node/config:/etc/riak:rw",
                "/tmp/openriak-docker-3.4.0-amazon-linux-2023-otp26-sq0xqufy/openriak-kv-3.4.0-amazon-linux-2023-otp26-node/data:/var/lib/riak:rw",
                "/tmp/openriak-docker-3.4.0-amazon-linux-2023-otp26-sq0xqufy/openriak-kv-3.4.0-amazon-linux-2023-otp26-node/logs:/var/log/riak:rw"
            ],
            "ContainerIDFile": "",
            "LogConfig": {
                "Type": "json-file",
                "Config": {
                    "max-file": "3",
                    "max-size": "10m"
                }
            },
            "NetworkMode": "openriak-kv-340-amazon-linux-2023-otp26-node_openriak",
            "PortBindings": {},
            "RestartPolicy": {
                "Name": "no",
                "MaximumRetryCount": 0
            },
            "AutoRemove": false,
            "VolumeDriver": "",
            "VolumesFrom": null,
            "ConsoleSize": [
                0,
                0
            ],
            "CapAdd": null,
            "CapDrop": null,
            "CgroupnsMode": "private",
            "Dns": null,
            "DnsOptions": null,
            "DnsSearch": null,
            "ExtraHosts": [],
            "GroupAdd": null,
            "IpcMode": "private",
            "Cgroup": "",
            "Links": null,
            "OomScoreAdj": 0,
            "PidMode": "",
            "Privileged": false,
            "PublishAllPorts": false,
            "ReadonlyRootfs": false,
            "SecurityOpt": null,
            "UTSMode": "",
            "UsernsMode": "",
            "ShmSize": 67108864,
            "Runtime": "runc",
            "Isolation": "",
            "CpuShares": 0,
            "Memory": 0,
            "NanoCpus": 0,
            "CgroupParent": "",
            "BlkioWeight": 0,
            "BlkioWeightDevice": null,
            "BlkioDeviceReadBps": null,
            "BlkioDeviceWriteBps": null,
            "BlkioDeviceReadIOps": null,
            "BlkioDeviceWriteIOps": null,
            "CpuPeriod": 0,
            "CpuQuota": 0,
            "CpuRealtimePeriod": 0,
            "CpuRealtimeRuntime": 0,
            "CpusetCpus": "",
            "CpusetMems": "",
            "Devices": null,
            "DeviceCgroupRules": null,
            "DeviceRequests": null,
            "MemoryReservation": 0,
            "MemorySwap": 0,
            "MemorySwappiness": null,
            "OomKillDisable": null,
            "PidsLimit": null,
            "Ulimits": [
                {
                    "Name": "nofile",
                    "Hard": 100000,
                    "Soft": 100000
                }
            ],
            "CpuCount": 0,
            "CpuPercent": 0,
            "IOMaximumIOps": 0,
            "IOMaximumBandwidth": 0,
            "MaskedPaths": [
                "/proc/asound",
                "/proc/acpi",
                "/proc/kcore",
                "/proc/keys",
                "/proc/latency_stats",
                "/proc/timer_list",
                "/proc/timer_stats",
                "/proc/sched_debug",
                "/proc/scsi",
                "/sys/firmware",
                "/sys/devices/virtual/powercap"
            ],
            "ReadonlyPaths": [
                "/proc/bus",
                "/proc/fs",
                "/proc/irq",
                "/proc/sys",
                "/proc/sysrq-trigger"
            ]
        },
        "GraphDriver": {
            "Data": {
                "LowerDir": "/var/lib/docker/overlay2/eaf05ce22155647365f05852a8a1dbca2dd46f9bf3fba98e5221040e049a9eba-init/diff:/var/lib/docker/overlay2/20cf6efdf9ed3f3332bbacbeb62b01885656cde5322e9261fbab9a966a7af144/diff:/var/lib/docker/overlay2/f1eb3a714538c619e521a4106c0b44ac1b9e9685b60dbeb7ab8bf1b54b5214bd/diff:/var/lib/docker/overlay2/06685d606a6996e3b027ebfa7a395e5384f8fbf3a75fb3140be3687619e27cfe/diff:/var/lib/docker/overlay2/5786e8a1b06a5228ac44af3208a570a40933f7a27f011bd05e00a494af240dd6/diff:/var/lib/docker/overlay2/1a2d7024187a1e0e27568c35c99d7aa6cff8ac393765d58c51d70b642c71c152/diff:/var/lib/docker/overlay2/572e4084b1e5af4e4474ec7177fcdcc6661ca6453f86c66de0cfff59c232b89a/diff",
                "MergedDir": "/var/lib/docker/overlay2/eaf05ce22155647365f05852a8a1dbca2dd46f9bf3fba98e5221040e049a9eba/merged",
                "UpperDir": "/var/lib/docker/overlay2/eaf05ce22155647365f05852a8a1dbca2dd46f9bf3fba98e5221040e049a9eba/diff",
                "WorkDir": "/var/lib/docker/overlay2/eaf05ce22155647365f05852a8a1dbca2dd46f9bf3fba98e5221040e049a9eba/work"
            },
            "Name": "overlay2"
        },
        "Mounts": [
            {
                "Type": "bind",
                "Source": "/tmp/openriak-docker-3.4.0-amazon-linux-2023-otp26-sq0xqufy/openriak-kv-3.4.0-amazon-linux-2023-otp26-node/logs",
                "Destination": "/var/log/riak",
                "Mode": "rw",
                "RW": true,
                "Propagation": "rprivate"
            },
            {
                "Type": "bind",
                "Source": "/tmp/openriak-docker-3.4.0-amazon-linux-2023-otp26-sq0xqufy/openriak-kv-3.4.0-amazon-linux-2023-otp26-node/config",
                "Destination": "/etc/riak",
                "Mode": "rw",
                "RW": true,
                "Propagation": "rprivate"
            },
            {
                "Type": "bind",
                "Source": "/tmp/openriak-docker-3.4.0-amazon-linux-2023-otp26-sq0xqufy/openriak-kv-3.4.0-amazon-linux-2023-otp26-node/data",
                "Destination": "/var/lib/riak",
                "Mode": "rw",
                "RW": true,
                "Propagation": "rprivate"
            }
        ],
        "Config": {
            "Hostname": "node-01.cluster-a.openriak",
            "Domainname": "",
            "User": "",
            "AttachStdin": false,
            "AttachStdout": true,
            "AttachStderr": true,
            "ExposedPorts": {
                "8087/tcp": {},
                "8098/tcp": {}
            },
            "Tty": false,
            "OpenStdin": false,
            "StdinOnce": false,
            "Env": [
                "TZ=Asia/Tokyo",
                "RIAK_UID=19001",
                "RIAK_GID=19002",
                "RIAK_LOG_MAX_FILE_SIZE=2MB",
                "RIAK_LOG_MAX_FILES=4",
                "RIAK_NODE_HOST=node-01.cluster-a.openriak",
                "RIAK_DISTRIBUTED_COOKIE=openriak-31ee41309259a91e2731ae7f69df8b70",
                "RIAK_MONITOR_INTERVAL_SECONDS=1",
                "PATH=/usr/local/sbin:/usr/local/bin:/usr/sbin:/usr/bin:/sbin:/bin",
                "RIAK_NODE_NAME=",
                "RIAK_RING_SIZE=8",
                "RIAK_STORAGE_BACKEND=leveled",
                "RIAK_ANTI_ENTROPY=passive",
                "RIAK_TICTACAAE_ACTIVE=active",
                "RIAK_TICTACAAE_STOREHEADS=enabled",
                "RIAK_HTTP_LISTENER=0.0.0.0:8098",
                "RIAK_PB_LISTENER=0.0.0.0:8087",
                "RIAK_NOFILE_LIMIT=100000",
                "RIAK_INIT_ONLY=0",
                "RIAK_STARTUP_POLL_SECONDS=1",
                "RIAK_SHUTDOWN_POLL_SECONDS=1",
                "OPENRIAK_CLUSTER_MODE=single",
                "OPENRIAK_CLUSTER_CONTROL_DIR=/var/lib/openriak-cluster-control",
                "OPENRIAK_CLUSTER_POLL_SECONDS=1",
                "OPENRIAK_CLUSTER_WAIT_SECONDS=300",
                "role="
            ],
            "Cmd": null,
            "Healthcheck": {
                "Test": [
                    "CMD",
                    "/usr/local/bin/openriak-healthcheck"
                ],
                "Interval": 10000000000,
                "Timeout": 60000000000,
                "StartPeriod": 120000000000,
                "Retries": 3
            },
            "Image": "tiotjp/openriak-kv:test-3.4.0-amazon-linux-2023-otp26-linux-amd64-20260911t085118.871905z",
            "Volumes": {
                "/etc/riak": {},
                "/var/lib/riak": {},
                "/var/log/riak": {}
            },
            "WorkingDir": "/",
            "Entrypoint": [
                "/usr/local/bin/openriak-entrypoint"
            ],
            "OnBuild": null,
            "Labels": {
                "com.docker.compose.config-hash": "965bb0d0741f173f30705afa0779f1cdeb58b44715ab96bb9bd086f158f04a99",
                "com.docker.compose.container-number": "1",
                "com.docker.compose.depends_on": "",
                "com.docker.compose.image": "sha256:ca8a29e5dac7899c90a854a2cc826db818d7b4656f732c90b5104ebb330c72da",
                "com.docker.compose.oneoff": "False",
                "com.docker.compose.project": "openriak-kv-340-amazon-linux-2023-otp26-node",
                "com.docker.compose.project.config_files": "/tmp/openriak-docker-3.4.0-amazon-linux-2023-otp26-sq0xqufy/compose.single.test.yaml",
                "com.docker.compose.project.environment_file": "/tmp/openriak-docker-3.4.0-amazon-linux-2023-otp26-sq0xqufy/.env.single",
                "com.docker.compose.project.working_dir": "/tmp/openriak-docker-3.4.0-amazon-linux-2023-otp26-sq0xqufy",
                "com.docker.compose.service": "node",
                "com.docker.compose.version": "2.29.1",
                "org.opencontainers.image.description": "Package-backed OpenRiak KV with single-node and cluster startup support",
                "org.opencontainers.image.source": "https://github.com/TI-Tokyo/openriak-docs",
                "org.opencontainers.image.title": "OpenRiak KV",
                "org.opencontainers.image.url": "https://www.tiot.jp/",
                "org.opencontainers.image.vendor": "TI Tokyo",
                "org.opencontainers.image.version": "3.4.0",
                "org.openriak.image.tag": "tiotjp/openriak-kv:3.4.0-amazon-linux-2023-otp26",
                "org.openriak.os.name": "amazon-linux",
                "org.openriak.os.release": "2023",
                "org.openriak.os.version": "2023",
                "org.openriak.otp.version": "26"
            },
            "StopSignal": "SIGTERM",
            "StopTimeout": 120
        },
        "NetworkSettings": {
            "Bridge": "",
            "SandboxID": "96ec29b19f2c15a9b5753c98f0dae9ad14d69dd19efd46718f2e3dd3551c2ffd",
            "SandboxKey": "/var/run/docker/netns/96ec29b19f2c",
            "Ports": {
                "8087/tcp": null,
                "8098/tcp": null
            },
            "HairpinMode": false,
            "LinkLocalIPv6Address": "",
            "LinkLocalIPv6PrefixLen": 0,
            "SecondaryIPAddresses": null,
            "SecondaryIPv6Addresses": null,
            "EndpointID": "",
            "Gateway": "",
            "GlobalIPv6Address": "",
            "GlobalIPv6PrefixLen": 0,
            "IPAddress": "",
            "IPPrefixLen": 0,
            "IPv6Gateway": "",
            "MacAddress": "",
            "Networks": {
                "openriak-kv-340-amazon-linux-2023-otp26-node_openriak": {
                    "IPAMConfig": {},
                    "Links": null,
                    "Aliases": [
                        "openriak-kv-3.4.0-amazon-linux-2023-otp26-node-t-871905z",
                        "node",
                        "node-01.cluster-a.openriak"
                    ],
                    "MacAddress": "02:42:ac:13:00:02",
                    "DriverOpts": null,
                    "NetworkID": "68fccaff65bbfb32d927e02b64988148eedb9282e774e1984aab50590f836219",
                    "EndpointID": "f6477c437b5c86dc733f3094fc5b8323fb0e9b8a2fc9bd90b91b1715a93d4a45",
                    "Gateway": "172.19.0.1",
                    "IPAddress": "172.19.0.2",
                    "IPPrefixLen": 16,
                    "IPv6Gateway": "",
                    "GlobalIPv6Address": "",
                    "GlobalIPv6PrefixLen": 0,
                    "DNSNames": [
                        "openriak-kv-3.4.0-amazon-linux-2023-otp26-node-t-871905z",
                        "node",
                        "node-01.cluster-a.openriak",
                        "ef3f0cd382ea"
                    ]
                }
            }
        }
    }
]

timeout_seconds: 3600
exit_code: 0
