$ /usr/bin/docker compose --env-file /home/peter/openriak-builds/tmp/openriak-docker-3.4.0-ubuntu-jammy-otp26-jtxzl4mc/.env.cluster --project-directory /home/peter/openriak-builds/tmp/openriak-docker-3.4.0-ubuntu-jammy-otp26-jtxzl4mc --file /home/peter/openriak-builds/tmp/openriak-docker-3.4.0-ubuntu-jammy-otp26-jtxzl4mc/compose.cluster.test.yaml up --detach --no-build
started: 2026-09-11T15:23:21Z
 Network openriak-kv-340-ubuntu-jammy-otp26-node-cluster_openriak  Creating
 Network openriak-kv-340-ubuntu-jammy-otp26-node-cluster_openriak  Created
 Container openriak-kv-3.4.0-ubuntu-jammy-otp26-node-2-t-785170z  Creating
 Container openriak-kv-3.4.0-ubuntu-jammy-otp26-node-3-t-785170z  Creating
 Container openriak-kv-3.4.0-ubuntu-jammy-otp26-node-1-t-785170z  Creating
 Container openriak-kv-3.4.0-ubuntu-jammy-otp26-node-5-t-785170z  Creating
 Container openriak-kv-3.4.0-ubuntu-jammy-otp26-node-4-t-785170z  Creating
 Container openriak-kv-3.4.0-ubuntu-jammy-otp26-node-3-t-785170z  Created
 Container openriak-kv-3.4.0-ubuntu-jammy-otp26-node-4-t-785170z  Created
 Container openriak-kv-3.4.0-ubuntu-jammy-otp26-node-2-t-785170z  Created
 Container openriak-kv-3.4.0-ubuntu-jammy-otp26-node-1-t-785170z  Created
 Container openriak-kv-3.4.0-ubuntu-jammy-otp26-node-5-t-785170z  Created
 Container openriak-kv-3.4.0-ubuntu-jammy-otp26-node-1-t-785170z  Starting
 Container openriak-kv-3.4.0-ubuntu-jammy-otp26-node-2-t-785170z  Starting
 Container openriak-kv-3.4.0-ubuntu-jammy-otp26-node-4-t-785170z  Starting
 Container openriak-kv-3.4.0-ubuntu-jammy-otp26-node-3-t-785170z  Starting
 Container openriak-kv-3.4.0-ubuntu-jammy-otp26-node-5-t-785170z  Starting
 Container openriak-kv-3.4.0-ubuntu-jammy-otp26-node-2-t-785170z  Started
 Container openriak-kv-3.4.0-ubuntu-jammy-otp26-node-1-t-785170z  Started
 Container openriak-kv-3.4.0-ubuntu-jammy-otp26-node-3-t-785170z  Started
 Container openriak-kv-3.4.0-ubuntu-jammy-otp26-node-4-t-785170z  Started
 Container openriak-kv-3.4.0-ubuntu-jammy-otp26-node-5-t-785170z  Started

timeout_seconds: 3600
exit_code: 0
