$ /usr/bin/docker exec openriak-kv-3.4.0-ubuntu-jammy-otp26-node-t-785170z sh -c 'date +%z
id -u riak
id -g riak
stat -c '"'"'%u:%g'"'"' /etc/riak /var/lib/riak /var/log/riak'
started: 2026-09-11T15:23:14Z
+0900
19001
19002
19001:19002
19001:19002
19001:19002

timeout_seconds: 3600
exit_code: 0
$ /usr/bin/docker container inspect openriak-kv-3.4.0-ubuntu-jammy-otp26-node-t-785170z
started: 2026-09-11T15:23:14Z
[
    {
        "Id": "69ec6cc02cb66b4b56ff36a86c39bcd833fd808a96ad6283898aa34600b69e3d",
        "Created": "2026-09-11T15:22:54.479706401Z",
        "Path": "/usr/local/bin/openriak-entrypoint",
        "Args": [],
        "State": {
            "Status": "running",
            "Running": true,
            "Paused": false,
            "Restarting": false,
            "OOMKilled": false,
            "Dead": false,
            "Pid": 1006809,
            "ExitCode": 0,
            "Error": "",
            "StartedAt": "2026-09-11T15:22:54.739814477Z",
            "FinishedAt": "0001-01-01T00:00:00Z",
            "Health": {
                "Status": "healthy",
                "FailingStreak": 0,
                "Log": [
                    {
                        "Start": "2026-09-11T15:23:00.187882913Z",
                        "End": "2026-09-11T15:23:00.722929327Z",
                        "ExitCode": 0,
                        "Output": "OpenRiak healthcheck passed: BEAM is running and riak ping returned pong\n"
                    },
                    {
                        "Start": "2026-09-11T15:23:10.723461272Z",
                        "End": "2026-09-11T15:23:11.192100529Z",
                        "ExitCode": 0,
                        "Output": "OpenRiak healthcheck passed: BEAM is running and riak ping returned pong\n"
                    }
                ]
            }
        },
        "Image": "sha256:6e0cf14c50c040a9ffcba1a70f008034b9ccb34f65cce7231f060916b798d00e",
        "ResolvConfPath": "/var/snap/docker/common/var-lib-docker/containers/69ec6cc02cb66b4b56ff36a86c39bcd833fd808a96ad6283898aa34600b69e3d/resolv.conf",
        "HostnamePath": "/var/snap/docker/common/var-lib-docker/containers/69ec6cc02cb66b4b56ff36a86c39bcd833fd808a96ad6283898aa34600b69e3d/hostname",
        "HostsPath": "/var/snap/docker/common/var-lib-docker/containers/69ec6cc02cb66b4b56ff36a86c39bcd833fd808a96ad6283898aa34600b69e3d/hosts",
        "LogPath": "/var/snap/docker/common/var-lib-docker/containers/69ec6cc02cb66b4b56ff36a86c39bcd833fd808a96ad6283898aa34600b69e3d/69ec6cc02cb66b4b56ff36a86c39bcd833fd808a96ad6283898aa34600b69e3d-json.log",
        "Name": "/openriak-kv-3.4.0-ubuntu-jammy-otp26-node-t-785170z",
        "RestartCount": 0,
        "Driver": "overlay2",
        "Platform": "linux",
        "MountLabel": "",
        "ProcessLabel": "",
        "AppArmorProfile": "docker-default",
        "ExecIDs": null,
        "HostConfig": {
            "Binds": [
                "/home/peter/openriak-builds/tmp/openriak-docker-3.4.0-ubuntu-jammy-otp26-jtxzl4mc/openriak-kv-3.4.0-ubuntu-jammy-otp26-node/config:/etc/riak:rw",
                "/home/peter/openriak-builds/tmp/openriak-docker-3.4.0-ubuntu-jammy-otp26-jtxzl4mc/openriak-kv-3.4.0-ubuntu-jammy-otp26-node/data:/var/lib/riak:rw",
                "/home/peter/openriak-builds/tmp/openriak-docker-3.4.0-ubuntu-jammy-otp26-jtxzl4mc/openriak-kv-3.4.0-ubuntu-jammy-otp26-node/logs:/var/log/riak:rw"
            ],
            "ContainerIDFile": "",
            "LogConfig": {
                "Type": "json-file",
                "Config": {
                    "max-file": "3",
                    "max-size": "10m"
                }
            },
            "NetworkMode": "openriak-kv-340-ubuntu-jammy-otp26-node_openriak",
            "PortBindings": {},
            "RestartPolicy": {
                "Name": "no",
                "MaximumRetryCount": 0
            },
            "AutoRemove": false,
            "VolumeDriver": "",
            "VolumesFrom": null,
            "ConsoleSize": [
                0,
                0
            ],
            "CapAdd": null,
            "CapDrop": null,
            "CgroupnsMode": "private",
            "Dns": null,
            "DnsOptions": null,
            "DnsSearch": null,
            "ExtraHosts": [],
            "GroupAdd": null,
            "IpcMode": "private",
            "Cgroup": "",
            "Links": null,
            "OomScoreAdj": 0,
            "PidMode": "",
            "Privileged": false,
            "PublishAllPorts": false,
            "ReadonlyRootfs": false,
            "SecurityOpt": null,
            "UTSMode": "",
            "UsernsMode": "",
            "ShmSize": 67108864,
            "Runtime": "runc",
            "Isolation": "",
            "CpuShares": 0,
            "Memory": 0,
            "NanoCpus": 0,
            "CgroupParent": "",
            "BlkioWeight": 0,
            "BlkioWeightDevice": null,
            "BlkioDeviceReadBps": null,
            "BlkioDeviceWriteBps": null,
            "BlkioDeviceReadIOps": null,
            "BlkioDeviceWriteIOps": null,
            "CpuPeriod": 0,
            "CpuQuota": 0,
            "CpuRealtimePeriod": 0,
            "CpuRealtimeRuntime": 0,
            "CpusetCpus": "",
            "CpusetMems": "",
            "Devices": null,
            "DeviceCgroupRules": null,
            "DeviceRequests": null,
            "MemoryReservation": 0,
            "MemorySwap": 0,
            "MemorySwappiness": null,
            "OomKillDisable": null,
            "PidsLimit": null,
            "Ulimits": [
                {
                    "Name": "nofile",
                    "Hard": 100000,
                    "Soft": 100000
                }
            ],
            "CpuCount": 0,
            "CpuPercent": 0,
            "IOMaximumIOps": 0,
            "IOMaximumBandwidth": 0,
            "MaskedPaths": [
                "/proc/acpi",
                "/proc/asound",
                "/proc/interrupts",
                "/proc/kcore",
                "/proc/keys",
                "/proc/latency_stats",
                "/proc/sched_debug",
                "/proc/scsi",
                "/proc/timer_list",
                "/proc/timer_stats",
                "/sys/devices/virtual/powercap",
                "/sys/firmware",
                "/sys/devices/system/cpu/cpu0/thermal_throttle",
                "/sys/devices/system/cpu/cpu1/thermal_throttle",
                "/sys/devices/system/cpu/cpu2/thermal_throttle",
                "/sys/devices/system/cpu/cpu3/thermal_throttle"
            ],
            "ReadonlyPaths": [
                "/proc/bus",
                "/proc/fs",
                "/proc/irq",
                "/proc/sys",
                "/proc/sysrq-trigger"
            ]
        },
        "GraphDriver": {
            "Data": {
                "ID": "69ec6cc02cb66b4b56ff36a86c39bcd833fd808a96ad6283898aa34600b69e3d",
                "LowerDir": "/var/snap/docker/common/var-lib-docker/overlay2/9c1aa8abb463a3e3ac9fa159368cc9e84283af4d10a9f069f9369fb945c02a49-init/diff:/var/snap/docker/common/var-lib-docker/overlay2/0fba16c46ec9a335772cd0b642c3a0bb1b7d9ba53b5c0d3facc20a7890cdebf1/diff:/var/snap/docker/common/var-lib-docker/overlay2/b9f559b1207915153ca4d3bf4b57ce749f190d06a70460fd65c603322ad54165/diff:/var/snap/docker/common/var-lib-docker/overlay2/436112dbf39cfcc4ab4d64c7ded597a63ac771e1eba78c45836e508d889f68d6/diff:/var/snap/docker/common/var-lib-docker/overlay2/ed63f7b7ab7d1376a151770336616a7d6aaa1fda390e6c50f9b50e870ea56ce3/diff:/var/snap/docker/common/var-lib-docker/overlay2/1243a01e34cf192eada2a74bc3fd085257f4aa260d03a37ab1901da7db789e58/diff",
                "MergedDir": "/var/snap/docker/common/var-lib-docker/overlay2/9c1aa8abb463a3e3ac9fa159368cc9e84283af4d10a9f069f9369fb945c02a49/merged",
                "UpperDir": "/var/snap/docker/common/var-lib-docker/overlay2/9c1aa8abb463a3e3ac9fa159368cc9e84283af4d10a9f069f9369fb945c02a49/diff",
                "WorkDir": "/var/snap/docker/common/var-lib-docker/overlay2/9c1aa8abb463a3e3ac9fa159368cc9e84283af4d10a9f069f9369fb945c02a49/work"
            },
            "Name": "overlay2"
        },
        "Mounts": [
            {
                "Type": "bind",
                "Source": "/home/peter/openriak-builds/tmp/openriak-docker-3.4.0-ubuntu-jammy-otp26-jtxzl4mc/openriak-kv-3.4.0-ubuntu-jammy-otp26-node/config",
                "Destination": "/etc/riak",
                "Mode": "rw",
                "RW": true,
                "Propagation": "rprivate"
            },
            {
                "Type": "bind",
                "Source": "/home/peter/openriak-builds/tmp/openriak-docker-3.4.0-ubuntu-jammy-otp26-jtxzl4mc/openriak-kv-3.4.0-ubuntu-jammy-otp26-node/data",
                "Destination": "/var/lib/riak",
                "Mode": "rw",
                "RW": true,
                "Propagation": "rprivate"
            },
            {
                "Type": "bind",
                "Source": "/home/peter/openriak-builds/tmp/openriak-docker-3.4.0-ubuntu-jammy-otp26-jtxzl4mc/openriak-kv-3.4.0-ubuntu-jammy-otp26-node/logs",
                "Destination": "/var/log/riak",
                "Mode": "rw",
                "RW": true,
                "Propagation": "rprivate"
            }
        ],
        "Config": {
            "Hostname": "node-01.cluster-a.openriak",
            "Domainname": "",
            "User": "",
            "AttachStdin": false,
            "AttachStdout": true,
            "AttachStderr": true,
            "ExposedPorts": {
                "8087/tcp": {},
                "8098/tcp": {}
            },
            "Tty": false,
            "OpenStdin": false,
            "StdinOnce": false,
            "Env": [
                "RIAK_UID=19001",
                "RIAK_GID=19002",
                "RIAK_LOG_MAX_FILE_SIZE=2MB",
                "RIAK_LOG_MAX_FILES=4",
                "RIAK_NODE_HOST=node-01.cluster-a.openriak",
                "RIAK_DISTRIBUTED_COOKIE=openriak-c2a401d5fd0d01b15acc6d872ed2f98e",
                "RIAK_MONITOR_INTERVAL_SECONDS=1",
                "TZ=Asia/Tokyo",
                "PATH=/usr/local/sbin:/usr/local/bin:/usr/sbin:/usr/bin:/sbin:/bin",
                "RIAK_NODE_NAME=",
                "RIAK_RING_SIZE=8",
                "RIAK_STORAGE_BACKEND=leveled",
                "RIAK_ANTI_ENTROPY=passive",
                "RIAK_TICTACAAE_ACTIVE=active",
                "RIAK_TICTACAAE_STOREHEADS=enabled",
                "RIAK_HTTP_LISTENER=0.0.0.0:8098",
                "RIAK_PB_LISTENER=0.0.0.0:8087",
                "RIAK_NOFILE_LIMIT=100000",
                "RIAK_INIT_ONLY=0",
                "RIAK_STARTUP_POLL_SECONDS=1",
                "RIAK_SHUTDOWN_POLL_SECONDS=1",
                "OPENRIAK_CLUSTER_MODE=single",
                "OPENRIAK_CLUSTER_CONTROL_DIR=/var/lib/openriak-cluster-control",
                "OPENRIAK_CLUSTER_POLL_SECONDS=1",
                "OPENRIAK_CLUSTER_WAIT_SECONDS=300",
                "role="
            ],
            "Cmd": null,
            "Healthcheck": {
                "Test": [
                    "CMD",
                    "/usr/local/bin/openriak-healthcheck"
                ],
                "Interval": 10000000000,
                "Timeout": 60000000000,
                "StartPeriod": 120000000000,
                "Retries": 3
            },
            "Image": "tiotjp/openriak-kv:test-3.4.0-ubuntu-jammy-otp26-linux-amd64-20260911t152216.785170z",
            "Volumes": {
                "/etc/riak": {},
                "/var/lib/riak": {},
                "/var/log/riak": {}
            },
            "WorkingDir": "/",
            "Entrypoint": [
                "/usr/local/bin/openriak-entrypoint"
            ],
            "Labels": {
                "com.docker.compose.config-hash": "68bbba784628ecf3de7c906918f735a53ec031903325b578454c964a95750599",
                "com.docker.compose.container-number": "1",
                "com.docker.compose.depends_on": "",
                "com.docker.compose.image": "sha256:6e0cf14c50c040a9ffcba1a70f008034b9ccb34f65cce7231f060916b798d00e",
                "com.docker.compose.oneoff": "False",
                "com.docker.compose.project": "openriak-kv-340-ubuntu-jammy-otp26-node",
                "com.docker.compose.project.config_files": "/home/peter/openriak-builds/tmp/openriak-docker-3.4.0-ubuntu-jammy-otp26-jtxzl4mc/compose.single.test.yaml",
                "com.docker.compose.project.environment_file": "/home/peter/openriak-builds/tmp/openriak-docker-3.4.0-ubuntu-jammy-otp26-jtxzl4mc/.env.single",
                "com.docker.compose.project.working_dir": "/home/peter/openriak-builds/tmp/openriak-docker-3.4.0-ubuntu-jammy-otp26-jtxzl4mc",
                "com.docker.compose.service": "node",
                "com.docker.compose.version": "2.32.4",
                "org.opencontainers.image.description": "Package-backed OpenRiak KV with single-node and cluster startup support",
                "org.opencontainers.image.source": "https://github.com/TI-Tokyo/openriak-docs",
                "org.opencontainers.image.title": "OpenRiak KV",
                "org.opencontainers.image.url": "https://www.tiot.jp/",
                "org.opencontainers.image.vendor": "TI Tokyo",
                "org.opencontainers.image.version": "3.4.0",
                "org.openriak.image.tag": "tiotjp/openriak-kv:3.4.0-ubuntu-jammy-otp26",
                "org.openriak.os.name": "ubuntu",
                "org.openriak.os.release": "jammy",
                "org.openriak.os.version": "22.04",
                "org.openriak.otp.version": "26"
            },
            "StopSignal": "SIGTERM",
            "StopTimeout": 120
        },
        "NetworkSettings": {
            "SandboxID": "385c14732c6d423b41a6a3b06d19f4684a09eb05ce3c998b063559e6c02a9c1b",
            "SandboxKey": "/run/snap.docker/netns/385c14732c6d",
            "Ports": {
                "8087/tcp": null,
                "8098/tcp": null
            },
            "Networks": {
                "openriak-kv-340-ubuntu-jammy-otp26-node_openriak": {
                    "IPAMConfig": {},
                    "Links": null,
                    "Aliases": [
                        "openriak-kv-3.4.0-ubuntu-jammy-otp26-node-t-785170z",
                        "node",
                        "node-01.cluster-a.openriak"
                    ],
                    "DriverOpts": null,
                    "GwPriority": 0,
                    "NetworkID": "8aa81b9fb93847618c69923c885608ede650355185a63b010f0c55b0780c78f4",
                    "EndpointID": "e6ee4f672e56bc4401326eacdde49eec42e43b5105db015c982371ef78516a42",
                    "Gateway": "172.27.0.1",
                    "IPAddress": "172.27.0.2",
                    "MacAddress": "06:ca:8a:26:61:b8",
                    "IPPrefixLen": 16,
                    "IPv6Gateway": "",
                    "GlobalIPv6Address": "",
                    "GlobalIPv6PrefixLen": 0,
                    "DNSNames": [
                        "openriak-kv-3.4.0-ubuntu-jammy-otp26-node-t-785170z",
                        "node",
                        "node-01.cluster-a.openriak",
                        "69ec6cc02cb6"
                    ]
                }
            }
        }
    }
]

timeout_seconds: 3600
exit_code: 0
$ /usr/bin/docker exec openriak-kv-3.4.0-ubuntu-jammy-otp26-node-t-785170z sh -ec 'test ! -e /usr/bin/perl
test ! -e /usr/bin/python3
test -s /var/lib/dpkg/status
dpkg --compare-versions "$(dpkg-query -W -f='"'"'${Version}'"'"' libc6)" ge '"'"'2.35-0ubuntu3.15'"'"'
test ! -e /bin/tar
test ! -e /usr/bin/tar
'
started: 2026-09-11T15:23:14Z

timeout_seconds: 3600
exit_code: 0
