$ /usr/bin/docker container inspect openriak-kv-3.4.1-suse-16.0-otp26-node-1-t-439962z
started: 2026-09-11T11:54:04Z
[]
Error response from daemon: No such container: openriak-kv-3.4.1-suse-16.0-otp26-node-1-t-439962z

timeout_seconds: 3600
exit_code: 1
$ /usr/bin/docker container inspect openriak-kv-3.4.1-suse-16.0-otp26-node-2-t-439962z
started: 2026-09-11T11:54:04Z
[]
Error response from daemon: No such container: openriak-kv-3.4.1-suse-16.0-otp26-node-2-t-439962z

timeout_seconds: 3600
exit_code: 1
$ /usr/bin/docker container inspect openriak-kv-3.4.1-suse-16.0-otp26-node-3-t-439962z
started: 2026-09-11T11:54:04Z
[]
Error response from daemon: No such container: openriak-kv-3.4.1-suse-16.0-otp26-node-3-t-439962z

timeout_seconds: 3600
exit_code: 1
$ /usr/bin/docker container inspect openriak-kv-3.4.1-suse-16.0-otp26-node-4-t-439962z
started: 2026-09-11T11:54:04Z
[]
Error response from daemon: No such container: openriak-kv-3.4.1-suse-16.0-otp26-node-4-t-439962z

timeout_seconds: 3600
exit_code: 1
$ /usr/bin/docker container inspect openriak-kv-3.4.1-suse-16.0-otp26-node-5-t-439962z
started: 2026-09-11T11:54:04Z
[]
Error response from daemon: No such container: openriak-kv-3.4.1-suse-16.0-otp26-node-5-t-439962z

timeout_seconds: 3600
exit_code: 1
