$ /usr/bin/docker buildx build --builder openriak-kv-multiarch --load --platform linux/amd64 --pull=false --no-cache --tag tiotjp/openriak-kv:test-3.4.1-suse-16.0-otp26-linux-amd64-20260911t115258.439962z --file /home/peter/openriak-builds/openriak-distributed/openriak-docker-2026-09-11-b/local/20260911T084617.243958Z/results/3.4.1/3.4.1-suse-16.0-otp26/platforms/linux-amd64/runs/20260911T115258.439962Z/Dockerfile /home/peter/openriak-builds/openriak-distributed/openriak-docker-2026-09-11-b/local/20260911T084617.243958Z/results/3.4.1/3.4.1-suse-16.0-otp26/platforms/linux-amd64/runs/20260911T115258.439962Z
started: 2026-09-11T11:52:58Z
#0 building with "openriak-kv-multiarch" instance using docker-container driver

#1 [internal] load build definition from Dockerfile
#1 transferring dockerfile: 44.53kB done
#1 DONE 0.1s

#2 resolve image config for docker-image://docker.io/docker/dockerfile:1.7
#2 DONE 0.4s

#3 docker-image://docker.io/docker/dockerfile:1.7@sha256:a57df69d0ea827fb7266491f2813635de6f17269be881f696fbfdf2d83dda33e
#3 resolve docker.io/docker/dockerfile:1.7@sha256:a57df69d0ea827fb7266491f2813635de6f17269be881f696fbfdf2d83dda33e 0.0s done
#3 CACHED

#4 [internal] load metadata for registry.suse.com/bci/bci-base:16.0@sha256:6406613b1003eb42d1f718d8873e3b4d203aee6d81ef7bf786a7274693476500
#4 DONE 2.9s

#5 [internal] load .dockerignore
#5 transferring context: 2B done
#5 DONE 0.1s

#6 [download-amd64 1/1] ADD --checksum=sha256:952f04a57622b160ef01d7aa15d3871924221766f1cd08dc74bf5ecd3ffbe9ea https://files.tiot.jp/riak/kv/3.4/3.4.1/rhel/9/riak-3.4.1.OTP26-1.el9.x86_64.rpm /riak-3.4.1.OTP26-1.el9.x86_64.rpm
#6 CACHED

#7 [internal] preparing inline document
#7 CACHED

#8 [internal] preparing inline document
#8 CACHED

#9 [install-amd64 1/2] FROM registry.suse.com/bci/bci-base:16.0@sha256:6406613b1003eb42d1f718d8873e3b4d203aee6d81ef7bf786a7274693476500
#9 resolve registry.suse.com/bci/bci-base:16.0@sha256:6406613b1003eb42d1f718d8873e3b4d203aee6d81ef7bf786a7274693476500 0.1s done
#9 CACHED

#10 [download-amd64 1/1] ADD --checksum=sha256:952f04a57622b160ef01d7aa15d3871924221766f1cd08dc74bf5ecd3ffbe9ea https://files.tiot.jp/riak/kv/3.4/3.4.1/rhel/9/riak-3.4.1.OTP26-1.el9.x86_64.rpm /riak-3.4.1.OTP26-1.el9.x86_64.rpm
#10 DONE 0.1s

#11 [install-amd64 2/2] RUN --mount=type=bind,from=download-amd64,target=/opt/openriak-package,ro <<'OPENRIAK_PACKAGE_INSTALL' (set -eu...)
#11 0.422 Refreshing service 'container-suseconnect-zypp'.
#11 0.442 Retrieving repository 'SLE_BCI' metadata [...
#11 3.298 Looking for gpg keys in repository SLE_BCI.
#11 3.298   gpgkey=file:/usr/lib/rpm/gnupg/keys/gpg-pubkey-3fa1d6ce-67c856ee.asc
#11 4.341 .....done]
#11 4.619 Building repository 'SLE_BCI' cache [....done]
#11 4.997 All repositories have been refreshed.
#11 5.060 Refreshing service 'container-suseconnect-zypp'.
#11 5.068 Loading repository data...
#11 5.083 Reading installed packages...
#11 5.234 
#11 5.234 The following 12 NEW packages are going to be installed:
#11 5.234   krb5 libbrotlicommon1 libbrotlidec1 libcom_err2 libcurl4 libkeyutils1 libldap-2 libldap-data libsasl2-3 libssh-config libssh4 libverto1
#11 5.234 
#11 5.234 The following package is going to be REMOVED:
#11 5.234   libcurl-mini4
#11 5.234 
#11 5.234 The following 12 packages are not supported by their vendor:
#11 5.234   krb5 libbrotlicommon1 libbrotlidec1 libcom_err2 libcurl4 libkeyutils1 libldap-2 libldap-data libsasl2-3 libssh-config libssh4 libverto1
#11 5.234 
#11 5.234 12 new packages to install, 1 to remove.
#11 5.234 
#11 5.234 Package download size:     2.1 MiB
#11 5.234 
#11 5.234 Package install size change:
#11 5.234               |       4.5 MiB  required by packages that will be installed
#11 5.234      3.9 MiB  |  -  621.4 KiB  released by packages that will be removed
#11 5.234 
#11 5.234 Backend:  classic_rpmtrans
#11 5.234 Continue? [y/n/v/...? shows all options] (y): y
#11 5.242 Preloading Packages [..
#11 5.346 Preloading: libbrotlicommon1-1.1.0-160000.2.2.x86_64.rpm [done]
#11 5.346 .
#11 5.349 Preloading: libldap-data-2.6.10+10-160000.3.1.noarch.rpm [done]
#11 5.349 .
#11 5.358 Preloading: libcom_err2-1.47.0-160000.3.2.x86_64.rpm [done]
#11 5.358 .
#11 5.369 Preloading: libssh-config-0.11.5-160000.1.1.noarch.rpm [done]
#11 5.369 .
#11 5.369 Preloading: libkeyutils1-1.6.3-160000.3.2.x86_64.rpm [done]
#11 5.369 .
#11 5.387 Preloading: libverto1-0.3.2-160000.2.2.x86_64.rpm [done]
#11 5.387 .
#11 5.390 Preloading: libbrotlidec1-1.1.0-160000.2.2.x86_64.rpm [done]
#11 5.390 .
#11 5.415 Preloading: libsasl2-3-2.1.28-160000.3.1.x86_64.rpm [done]
#11 5.415 .
#11 5.446 Preloading: krb5-1.21.3-160000.4.1.x86_64.rpm [done]
#11 5.446 .
#11 5.451 Preloading: libldap-2-2.6.10+10-160000.3.1.x86_64.rpm [done]
#11 5.451 .
#11 5.467 Preloading: libssh4-0.11.5-160000.1.1.x86_64.rpm [done]
#11 5.467 .
#11 5.487 Preloading: libcurl4-8.14.1-160000.8.1.x86_64.rpm [done]
#11 5.487 .done]
#11 5.488 Retrieving: libbrotlicommon1-1.1.0-160000.2.2.x86_64 (SLE_BCI) (1/12),  69.6 KiB    
#11 5.490 Retrieving: libcom_err2-1.47.0-160000.3.2.x86_64 (SLE_BCI) (2/12),  87.1 KiB    
#11 5.493 Retrieving: libkeyutils1-1.6.3-160000.3.2.x86_64 (SLE_BCI) (3/12),  29.8 KiB    
#11 5.493 Retrieving: libldap-data-2.6.10+10-160000.3.1.noarch (SLE_BCI) (4/12),  14.0 KiB    
#11 5.495 Retrieving: libsasl2-3-2.1.28-160000.3.1.x86_64 (SLE_BCI) (5/12),  76.3 KiB    
#11 5.496 Retrieving: libssh-config-0.11.5-160000.1.1.noarch (SLE_BCI) (6/12),  42.3 KiB    
#11 5.497 Retrieving: libverto1-0.3.2-160000.2.2.x86_64 (SLE_BCI) (7/12),  19.3 KiB    
#11 5.498 Retrieving: libbrotlidec1-1.1.0-160000.2.2.x86_64 (SLE_BCI) (8/12),  32.9 KiB    
#11 5.499 Retrieving: libldap-2-2.6.10+10-160000.3.1.x86_64 (SLE_BCI) (9/12), 179.0 KiB    
#11 5.501 Retrieving: krb5-1.21.3-160000.4.1.x86_64 (SLE_BCI) (10/12), 749.8 KiB    
#11 5.505 Retrieving: libssh4-0.11.5-160000.1.1.x86_64 (SLE_BCI) (11/12), 249.8 KiB    
#11 5.507 Retrieving: libcurl4-8.14.1-160000.8.1.x86_64 (SLE_BCI) (12/12), 651.3 KiB    
#11 5.510 
#11 5.510 Checking for file conflicts: [..done]
#11 5.527 ( 1/12) Installing: libbrotlicommon1-1.1.0-160000.2.2.x86_64 [..done]
#11 5.719 ( 2/12) Installing: libcom_err2-1.47.0-160000.3.2.x86_64 [..done]
#11 5.771 ( 3/12) Installing: libkeyutils1-1.6.3-160000.3.2.x86_64 [..done]
#11 5.811 ( 4/12) Installing: libldap-data-2.6.10+10-160000.3.1.noarch [..done]
#11 5.838 ( 5/12) Installing: libsasl2-3-2.1.28-160000.3.1.x86_64 [..done]
#11 5.877 ( 6/12) Installing: libssh-config-0.11.5-160000.1.1.noarch [..done]
#11 5.907 ( 7/12) Installing: libverto1-0.3.2-160000.2.2.x86_64 [..done]
#11 5.951 ( 8/12) Installing: libbrotlidec1-1.1.0-160000.2.2.x86_64 [..done]
#11 5.994 ( 9/12) Installing: libldap-2-2.6.10+10-160000.3.1.x86_64 [..done]
#11 6.038 (10/12) Installing: krb5-1.21.3-160000.4.1.x86_64 [..done]
#11 6.109 (11/12) Installing: libssh4-0.11.5-160000.1.1.x86_64 [..done]
#11 6.159 (12/12) Installing: libcurl4-8.14.1-160000.8.1.x86_64 [..done]
#11 6.247 Running post-transaction scripts [...done]
#11 6.276  
#11 6.343 Refreshing service 'container-suseconnect-zypp'.
#11 6.351 Loading repository data...
#11 6.367 Reading installed packages...
#11 6.393 'glibc' is already installed.
#11 6.393 No update candidate for 'glibc-2.40-160000.6.1.x86_64'. The highest available version is already installed.
#11 6.393 'bash' is already installed.
#11 6.393 No update candidate for 'bash-5.2.37-160000.2.2.x86_64'. The highest available version is already installed.
#11 6.393 'shadow' is already installed.
#11 6.393 No update candidate for 'shadow-4.17.2-160000.2.2.x86_64'. The highest available version is already installed.
#11 6.393 'timezone' is already installed.
#11 6.393 No update candidate for 'timezone-2026b-160000.1.1.x86_64'. The highest available version is already installed.
#11 6.393 'ca-certificates' is already installed.
#11 6.393 No update candidate for 'ca-certificates-2+git20240805.fd24d50-160000.2.2.noarch'. The highest available version is already installed.
#11 6.393 'pam' is already installed.
#11 6.393 No update candidate for 'pam-1.7.1-160000.5.1.x86_64'. The highest available version is already installed.
#11 6.393 'libopenssl3' is already installed.
#11 6.393 No update candidate for 'libopenssl3-3.5.0-160000.9.1.x86_64'. The highest available version is already installed.
#11 6.393 'libstdc++6' is already installed.
#11 6.393 No update candidate for 'libstdc++6-15.3.0+git11272-160000.1.1.x86_64'. The highest available version is already installed.
#11 6.393 'libgcc_s1' is already installed.
#11 6.393 No update candidate for 'libgcc_s1-15.3.0+git11272-160000.1.1.x86_64'. The highest available version is already installed.
#11 6.393 'libz1' is already installed.
#11 6.393 No update candidate for 'libz1-1.2.13-160000.3.1.x86_64'. The highest available version is already installed.
#11 6.393 'libncurses6' is already installed.
#11 6.393 No update candidate for 'libncurses6-6.5.20250531-160000.3.1.x86_64'. The highest available version is already installed.
#11 6.393 Resolving package dependencies...
#11 6.414 
#11 6.414 The following 16 NEW packages are going to be installed:
#11 6.414   gawk hostname libblkid1 libcap-ng0 libfdisk1 libmount1 libmpfr6 libproc2-1 libsmartcols1 libsystemd0 libuuid1 permissions permissions-config procps sudo util-linux
#11 6.414 
#11 6.414 The following 16 packages are not supported by their vendor:
#11 6.414   gawk hostname libblkid1 libcap-ng0 libfdisk1 libmount1 libmpfr6 libproc2-1 libsmartcols1 libsystemd0 libuuid1 permissions permissions-config procps sudo util-linux
#11 6.414 
#11 6.414 16 new packages to install.
#11 6.414 
#11 6.414 Package download size:     8.4 MiB
#11 6.414 
#11 6.414 Package install size change:
#11 6.414               |      21.2 MiB  required by packages that will be installed
#11 6.414     21.2 MiB  |  -      0 B    released by packages that will be removed
#11 6.414 
#11 6.414 Backend:  classic_rpmtrans
#11 6.414 Continue? [y/n/v/...? shows all options] (y): y
#11 6.420 Preloading Packages [..
#11 6.509 Preloading: libcap-ng0-0.8.5-160000.3.2.x86_64.rpm [done]
#11 6.509 .
#11 6.528 Preloading: libblkid1-2.41.1-160000.4.1.x86_64.rpm [done]
#11 6.528 .
#11 6.535 Preloading: hostname-3.23-160000.2.2.x86_64.rpm [done]
#11 6.535 .
#11 6.575 Preloading: libsmartcols1-2.41.1-160000.4.1.x86_64.rpm [done]
#11 6.575 .
#11 6.607 Preloading: libsystemd0-257.13-160000.3.1.x86_64.rpm [done]
#11 6.607 .
#11 6.613 Preloading: permissions-config-1699_20250120-160000.2.2.noarch.rpm [done]
#11 6.613 .
#11 6.621 Preloading: libuuid1-2.41.1-160000.4.1.x86_64.rpm [done]
#11 6.621 .
#11 6.630 Preloading: libmount1-2.41.1-160000.4.1.x86_64.rpm [done]
#11 6.630 .
#11 6.720 Preloading: gawk-5.3.2-160000.3.1.x86_64.rpm [done]
#11 6.720 .
#11 6.725 Preloading: libproc2-1-4.0.5-160000.2.2.x86_64.rpm [done]
#11 6.725 .
#11 6.737 Preloading: libfdisk1-2.41.1-160000.4.1.x86_64.rpm [done]
#11 6.737 .
#11 6.832 Preloading: util-linux-2.41.1-160000.4.1.x86_64.rpm [done]
#11 6.832 .
#11 6.852 Preloading: procps-4.0.5-160000.2.2.x86_64.rpm [done]
#11 6.852 .
#11 6.935 Preloading: sudo-1.9.17p1-160000.3.1.x86_64.rpm [done]
#11 6.935 ...
#11 9.590 Preloading: permissions-1699_20250120-160000.2.2.x86_64.rpm [done]
#11 9.590 .
#11 9.803 Preloading: libmpfr6-4.2.1-160000.2.2.x86_64.rpm [done]
#11 9.803 .done]
#11 9.804 Retrieving: hostname-3.23-160000.2.2.x86_64 (SLE_BCI) (1/16),  25.6 KiB    
#11 9.806 Retrieving: libblkid1-2.41.1-160000.4.1.x86_64 (SLE_BCI) (2/16), 270.0 KiB    
#11 9.809 Retrieving: libcap-ng0-0.8.5-160000.3.2.x86_64 (SLE_BCI) (3/16),  32.5 KiB    
#11 9.811 Retrieving: libmpfr6-4.2.1-160000.2.2.x86_64 (SLE_BCI) (4/16), 346.3 KiB    
#11 9.813 Retrieving: libsmartcols1-2.41.1-160000.4.1.x86_64 (SLE_BCI) (5/16), 229.8 KiB    
#11 9.815 Retrieving: libsystemd0-257.13-160000.3.1.x86_64 (SLE_BCI) (6/16), 899.6 KiB    
#11 9.819 Retrieving: libuuid1-2.41.1-160000.4.1.x86_64 (SLE_BCI) (7/16), 183.3 KiB    
#11 9.820 Retrieving: permissions-config-1699_20250120-160000.2.2.noarch (SLE_BCI) (8/16),  67.7 KiB    
#11 9.821 Retrieving: libmount1-2.41.1-160000.4.1.x86_64 (SLE_BCI) (9/16), 304.8 KiB    
#11 9.824 Retrieving: gawk-5.3.2-160000.3.1.x86_64 (SLE_BCI) (10/16),   1.7 MiB    
#11 9.833 Retrieving: libproc2-1-4.0.5-160000.2.2.x86_64 (SLE_BCI) (11/16), 125.6 KiB    
#11 9.834 Retrieving: libfdisk1-2.41.1-160000.4.1.x86_64 (SLE_BCI) (12/16), 306.5 KiB    
#11 9.836 Retrieving: permissions-1699_20250120-160000.2.2.x86_64 (SLE_BCI) (13/16),  54.9 KiB    
#11 9.837 Retrieving: procps-4.0.5-160000.2.2.x86_64 (SLE_BCI) (14/16), 363.2 KiB    
#11 9.839 Retrieving: util-linux-2.41.1-160000.4.1.x86_64 (SLE_BCI) (15/16),   1.5 MiB    
#11 9.846 Retrieving: sudo-1.9.17p1-160000.3.1.x86_64 (SLE_BCI) (16/16),   2.1 MiB    
#11 9.856 
#11 9.856 Checking for file conflicts: [..done]
#11 9.896 ( 1/16) Installing: hostname-3.23-160000.2.2.x86_64 [..done]
#11 9.932 ( 2/16) Installing: libblkid1-2.41.1-160000.4.1.x86_64 [..done]
#11 9.983 ( 3/16) Installing: libcap-ng0-0.8.5-160000.3.2.x86_64 [..done]
#11 10.03 ( 4/16) Installing: libmpfr6-4.2.1-160000.2.2.x86_64 [..done]
#11 10.09 ( 5/16) Installing: libsmartcols1-2.41.1-160000.4.1.x86_64 [..done]
#11 10.14 ( 6/16) Installing: libsystemd0-257.13-160000.3.1.x86_64 [..done]
#11 10.21 ( 7/16) Installing: libuuid1-2.41.1-160000.4.1.x86_64 [..done]
#11 10.27 ( 8/16) Installing: permissions-config-1699_20250120-160000.2.2.noarch [..
#11 10.29 Updating /etc/sysconfig/security ...
#11 10.32 Checking permissions and ownerships - using the permissions files
#11 10.32 	/usr/share/permissions/permissions
#11 10.33 	/usr/share/permissions/permissions.easy
#11 10.33 	/etc/permissions.local
#11 10.34 done]
#11 10.34 ( 9/16) Installing: libmount1-2.41.1-160000.4.1.x86_64 [..done]
#11 10.40 (10/16) Installing: gawk-5.3.2-160000.3.1.x86_64 [..done]
#11 10.49 (11/16) Installing: libproc2-1-4.0.5-160000.2.2.x86_64 [..done]
#11 10.54 (12/16) Installing: libfdisk1-2.41.1-160000.4.1.x86_64 [..done]
#11 10.59 (13/16) Installing: permissions-1699_20250120-160000.2.2.x86_64 [..done]
#11 10.62 (14/16) Installing: procps-4.0.5-160000.2.2.x86_64 [..done]
#11 10.67 (15/16) Installing: util-linux-2.41.1-160000.4.1.x86_64 [..done]
#11 10.80 (16/16) Installing: sudo-1.9.17p1-160000.3.1.x86_64 [..done]
#11 10.91 Running post-transaction scripts [...done]
#11 11.03 All repositories have been cleaned up.
#11 11.04 Verifying...                          ########################################
#11 11.13 Preparing...                          ########################################
#11 11.22 Updating / installing...
#11 11.22 riak-3.4.1.OTP26-1.el9                ########################################
#11 DONE 12.0s

#12 [package-amd64 1/1] COPY --from=install-amd64 / /
#12 DONE 3.2s

#13 [final 1/4] RUN <<'OPENRIAK_IMAGE_SETUP' (set -eu...)
#13 0.173 uid=499(riak) gid=499(riak) groups=499(riak)
#13 DONE 0.4s

#14 [final 2/4] COPY <<OPENRIAK_ENTRYPOINT /usr/local/bin/openriak-entrypoint
#14 DONE 0.1s

#15 [final 3/4] COPY <<OPENRIAK_HEALTHCHECK /usr/local/bin/openriak-healthcheck
#15 DONE 0.1s

#16 [final 4/4] RUN <<'OPENRIAK_SCRIPT_SETUP' (set -eu...)
#16 DONE 0.1s

#17 exporting to docker image format
#17 exporting layers
#17 exporting layers 6.7s done
#17 exporting manifest sha256:a2c6309656c9414b08208157ffdcfd528c236e85b647b433d0f6d8dcbf0eccbb 0.0s done
#17 exporting config sha256:b76cca7e1bb9eece73a2a4e726d2d194c4923978def9bb37affb79adb81e27f4 0.0s done
#17 sending tarball
#17 ...

#18 importing to docker
#18 loading layer b11d1316f602 557.06kB / 79.21MB
#18 loading layer b11d1316f602 66.85MB / 79.21MB 2.1s
#18 loading layer ce716428cb29 23.62kB / 23.62kB
#18 loading layer c3e507790997 7.71kB / 7.71kB
#18 loading layer e62f0b7fe908 392B / 392B
#18 loading layer b11d1316f602 79.21MB / 79.21MB 4.3s done
#18 loading layer 6d5bc9c23664 7.88kB / 7.88kB
#18 loading layer ce716428cb29 23.62kB / 23.62kB 0.3s done
#18 loading layer c3e507790997 7.71kB / 7.71kB 0.2s done
#18 loading layer e62f0b7fe908 392B / 392B 0.1s done
#18 loading layer 6d5bc9c23664 7.88kB / 7.88kB 0.1s done
#18 DONE 4.3s

#17 exporting to docker image format
#17 sending tarball 5.0s done
#17 DONE 11.8s

timeout_seconds: 3600
exit_code: 0
