$ /usr/bin/docker exec openriak-kv-3.4.1-suse-16.0-otp26-node-t-439962z sh -c 'date +%z
id -u riak
id -g riak
stat -c '"'"'%u:%g'"'"' /etc/riak /var/lib/riak /var/log/riak'
started: 2026-09-11T11:53:56Z
+0900
19001
19002
19001:19002
19001:19002
19001:19002

timeout_seconds: 3600
exit_code: 0
$ /usr/bin/docker container inspect openriak-kv-3.4.1-suse-16.0-otp26-node-t-439962z
started: 2026-09-11T11:53:56Z
[
    {
        "Id": "3cc3b24f8a935276f76bb14f1282ea91c9c060cf5bfcf034ef4a8b7816cba3fa",
        "Created": "2026-09-11T11:53:34.77836576Z",
        "Path": "/usr/local/bin/openriak-entrypoint",
        "Args": [],
        "State": {
            "Status": "running",
            "Running": true,
            "Paused": false,
            "Restarting": false,
            "OOMKilled": false,
            "Dead": false,
            "Pid": 54093,
            "ExitCode": 0,
            "Error": "",
            "StartedAt": "2026-09-11T11:53:34.960383708Z",
            "FinishedAt": "0001-01-01T00:00:00Z",
            "Health": {
                "Status": "healthy",
                "FailingStreak": 0,
                "Log": [
                    {
                        "Start": "2026-09-11T11:53:40.173065268Z",
                        "End": "2026-09-11T11:53:40.642990797Z",
                        "ExitCode": 0,
                        "Output": "OpenRiak healthcheck passed: BEAM is running and riak ping returned pong\n"
                    },
                    {
                        "Start": "2026-09-11T11:53:52.586562866Z",
                        "End": "2026-09-11T11:53:52.994029235Z",
                        "ExitCode": 0,
                        "Output": "OpenRiak healthcheck passed: BEAM is running and riak ping returned pong\n"
                    }
                ]
            }
        },
        "Image": "sha256:b76cca7e1bb9eece73a2a4e726d2d194c4923978def9bb37affb79adb81e27f4",
        "ResolvConfPath": "/var/lib/docker/containers/3cc3b24f8a935276f76bb14f1282ea91c9c060cf5bfcf034ef4a8b7816cba3fa/resolv.conf",
        "HostnamePath": "/var/lib/docker/containers/3cc3b24f8a935276f76bb14f1282ea91c9c060cf5bfcf034ef4a8b7816cba3fa/hostname",
        "HostsPath": "/var/lib/docker/containers/3cc3b24f8a935276f76bb14f1282ea91c9c060cf5bfcf034ef4a8b7816cba3fa/hosts",
        "LogPath": "/var/lib/docker/containers/3cc3b24f8a935276f76bb14f1282ea91c9c060cf5bfcf034ef4a8b7816cba3fa/3cc3b24f8a935276f76bb14f1282ea91c9c060cf5bfcf034ef4a8b7816cba3fa-json.log",
        "Name": "/openriak-kv-3.4.1-suse-16.0-otp26-node-t-439962z",
        "RestartCount": 0,
        "Driver": "overlay2",
        "Platform": "linux",
        "MountLabel": "",
        "ProcessLabel": "",
        "AppArmorProfile": "",
        "ExecIDs": null,
        "HostConfig": {
            "Binds": [
                "/tmp/openriak-docker-3.4.1-suse-16.0-otp26-cehj32jj/openriak-kv-3.4.1-suse-16.0-otp26-node/data:/var/lib/riak:rw",
                "/tmp/openriak-docker-3.4.1-suse-16.0-otp26-cehj32jj/openriak-kv-3.4.1-suse-16.0-otp26-node/logs:/var/log/riak:rw",
                "/tmp/openriak-docker-3.4.1-suse-16.0-otp26-cehj32jj/openriak-kv-3.4.1-suse-16.0-otp26-node/config:/etc/riak:rw"
            ],
            "ContainerIDFile": "",
            "LogConfig": {
                "Type": "json-file",
                "Config": {
                    "max-file": "3",
                    "max-size": "10m"
                }
            },
            "NetworkMode": "openriak-kv-341-suse-160-otp26-node_openriak",
            "PortBindings": {},
            "RestartPolicy": {
                "Name": "no",
                "MaximumRetryCount": 0
            },
            "AutoRemove": false,
            "VolumeDriver": "",
            "VolumesFrom": null,
            "ConsoleSize": [
                0,
                0
            ],
            "CapAdd": null,
            "CapDrop": null,
            "CgroupnsMode": "private",
            "Dns": null,
            "DnsOptions": null,
            "DnsSearch": null,
            "ExtraHosts": [],
            "GroupAdd": null,
            "IpcMode": "private",
            "Cgroup": "",
            "Links": null,
            "OomScoreAdj": 0,
            "PidMode": "",
            "Privileged": false,
            "PublishAllPorts": false,
            "ReadonlyRootfs": false,
            "SecurityOpt": null,
            "UTSMode": "",
            "UsernsMode": "",
            "ShmSize": 67108864,
            "Runtime": "runc",
            "Isolation": "",
            "CpuShares": 0,
            "Memory": 0,
            "NanoCpus": 0,
            "CgroupParent": "",
            "BlkioWeight": 0,
            "BlkioWeightDevice": null,
            "BlkioDeviceReadBps": null,
            "BlkioDeviceWriteBps": null,
            "BlkioDeviceReadIOps": null,
            "BlkioDeviceWriteIOps": null,
            "CpuPeriod": 0,
            "CpuQuota": 0,
            "CpuRealtimePeriod": 0,
            "CpuRealtimeRuntime": 0,
            "CpusetCpus": "",
            "CpusetMems": "",
            "Devices": null,
            "DeviceCgroupRules": null,
            "DeviceRequests": null,
            "MemoryReservation": 0,
            "MemorySwap": 0,
            "MemorySwappiness": null,
            "OomKillDisable": null,
            "PidsLimit": null,
            "Ulimits": [
                {
                    "Name": "nofile",
                    "Hard": 100000,
                    "Soft": 100000
                }
            ],
            "CpuCount": 0,
            "CpuPercent": 0,
            "IOMaximumIOps": 0,
            "IOMaximumBandwidth": 0,
            "MaskedPaths": [
                "/proc/acpi",
                "/proc/asound",
                "/proc/interrupts",
                "/proc/kcore",
                "/proc/keys",
                "/proc/latency_stats",
                "/proc/sched_debug",
                "/proc/scsi",
                "/proc/timer_list",
                "/proc/timer_stats",
                "/sys/devices/virtual/powercap",
                "/sys/firmware"
            ],
            "ReadonlyPaths": [
                "/proc/bus",
                "/proc/fs",
                "/proc/irq",
                "/proc/sys",
                "/proc/sysrq-trigger"
            ]
        },
        "GraphDriver": {
            "Data": {
                "ID": "3cc3b24f8a935276f76bb14f1282ea91c9c060cf5bfcf034ef4a8b7816cba3fa",
                "LowerDir": "/var/lib/docker/overlay2/922d4c0ec9f9cc370b5879818b970566b7e8c83b52728163043913f75f5c1653-init/diff:/var/lib/docker/overlay2/f49fb82ddb1fa170c3abefbd59a1f8e21be9a78623b9dac4c381115acf1fa684/diff:/var/lib/docker/overlay2/8f13084f0e85f3a6cc49c926295b2474ea4130f32cc4163707939d2b0613bde7/diff:/var/lib/docker/overlay2/ea8e5bc96df1cf4a308cd2a5f1664d5231893d4c4175fca8d796e79b778158ff/diff:/var/lib/docker/overlay2/ed73cb704061726e71a69349c227b0b06130dd4540caf240c27913936135aab1/diff:/var/lib/docker/overlay2/66bb5878dafb8ff38f5c01ec4f2e6af9155469eee846a232aa39dff4c8c695d8/diff",
                "MergedDir": "/var/lib/docker/overlay2/922d4c0ec9f9cc370b5879818b970566b7e8c83b52728163043913f75f5c1653/merged",
                "UpperDir": "/var/lib/docker/overlay2/922d4c0ec9f9cc370b5879818b970566b7e8c83b52728163043913f75f5c1653/diff",
                "WorkDir": "/var/lib/docker/overlay2/922d4c0ec9f9cc370b5879818b970566b7e8c83b52728163043913f75f5c1653/work"
            },
            "Name": "overlay2"
        },
        "Mounts": [
            {
                "Type": "bind",
                "Source": "/tmp/openriak-docker-3.4.1-suse-16.0-otp26-cehj32jj/openriak-kv-3.4.1-suse-16.0-otp26-node/logs",
                "Destination": "/var/log/riak",
                "Mode": "rw",
                "RW": true,
                "Propagation": "rprivate"
            },
            {
                "Type": "bind",
                "Source": "/tmp/openriak-docker-3.4.1-suse-16.0-otp26-cehj32jj/openriak-kv-3.4.1-suse-16.0-otp26-node/config",
                "Destination": "/etc/riak",
                "Mode": "rw",
                "RW": true,
                "Propagation": "rprivate"
            },
            {
                "Type": "bind",
                "Source": "/tmp/openriak-docker-3.4.1-suse-16.0-otp26-cehj32jj/openriak-kv-3.4.1-suse-16.0-otp26-node/data",
                "Destination": "/var/lib/riak",
                "Mode": "rw",
                "RW": true,
                "Propagation": "rprivate"
            }
        ],
        "Config": {
            "Hostname": "node-01.cluster-a.openriak",
            "Domainname": "",
            "User": "",
            "AttachStdin": false,
            "AttachStdout": true,
            "AttachStderr": true,
            "ExposedPorts": {
                "8087/tcp": {},
                "8098/tcp": {}
            },
            "Tty": false,
            "OpenStdin": false,
            "StdinOnce": false,
            "Env": [
                "TZ=Asia/Tokyo",
                "RIAK_MONITOR_INTERVAL_SECONDS=1",
                "RIAK_NODE_HOST=node-01.cluster-a.openriak",
                "RIAK_LOG_MAX_FILE_SIZE=2MB",
                "RIAK_UID=19001",
                "RIAK_GID=19002",
                "RIAK_LOG_MAX_FILES=4",
                "RIAK_DISTRIBUTED_COOKIE=openriak-975d7f9fa9e8a8369802789ea7acbf70",
                "PATH=/usr/local/sbin:/usr/local/bin:/usr/sbin:/usr/bin:/sbin:/bin",
                "RIAK_NODE_NAME=",
                "RIAK_RING_SIZE=8",
                "RIAK_STORAGE_BACKEND=leveled",
                "RIAK_ANTI_ENTROPY=passive",
                "RIAK_TICTACAAE_ACTIVE=active",
                "RIAK_TICTACAAE_STOREHEADS=enabled",
                "RIAK_HTTP_LISTENER=0.0.0.0:8098",
                "RIAK_PB_LISTENER=0.0.0.0:8087",
                "RIAK_NOFILE_LIMIT=100000",
                "RIAK_INIT_ONLY=0",
                "RIAK_STARTUP_POLL_SECONDS=1",
                "RIAK_SHUTDOWN_POLL_SECONDS=1",
                "OPENRIAK_CLUSTER_MODE=single",
                "OPENRIAK_CLUSTER_CONTROL_DIR=/var/lib/openriak-cluster-control",
                "OPENRIAK_CLUSTER_POLL_SECONDS=1",
                "OPENRIAK_CLUSTER_WAIT_SECONDS=300",
                "role="
            ],
            "Cmd": null,
            "Healthcheck": {
                "Test": [
                    "CMD",
                    "/usr/local/bin/openriak-healthcheck"
                ],
                "Interval": 10000000000,
                "Timeout": 60000000000,
                "StartPeriod": 120000000000,
                "Retries": 3
            },
            "Image": "tiotjp/openriak-kv:test-3.4.1-suse-16.0-otp26-linux-amd64-20260911t115258.439962z",
            "Volumes": {
                "/etc/riak": {},
                "/var/lib/riak": {},
                "/var/log/riak": {}
            },
            "WorkingDir": "/",
            "Entrypoint": [
                "/usr/local/bin/openriak-entrypoint"
            ],
            "Labels": {
                "com.docker.compose.config-hash": "c20ca85555e5d659ce11614a1aac6c28a37a47f9ee8a0be961a349b2efe27b56",
                "com.docker.compose.container-number": "1",
                "com.docker.compose.depends_on": "",
                "com.docker.compose.image": "sha256:b76cca7e1bb9eece73a2a4e726d2d194c4923978def9bb37affb79adb81e27f4",
                "com.docker.compose.oneoff": "False",
                "com.docker.compose.project": "openriak-kv-341-suse-160-otp26-node",
                "com.docker.compose.project.config_files": "/tmp/openriak-docker-3.4.1-suse-16.0-otp26-cehj32jj/compose.single.test.yaml",
                "com.docker.compose.project.environment_file": "/tmp/openriak-docker-3.4.1-suse-16.0-otp26-cehj32jj/.env.single",
                "com.docker.compose.project.working_dir": "/tmp/openriak-docker-3.4.1-suse-16.0-otp26-cehj32jj",
                "com.docker.compose.service": "node",
                "com.docker.compose.version": "5.4.0",
                "desktop.docker.io/wsl-distro": "Ubuntu",
                "org.opencontainers.image.description": "Package-backed OpenRiak KV with single-node and cluster startup support",
                "org.opencontainers.image.source": "https://github.com/TI-Tokyo/openriak-docs",
                "org.opencontainers.image.title": "OpenRiak KV",
                "org.opencontainers.image.url": "https://www.tiot.jp/",
                "org.opencontainers.image.vendor": "TI Tokyo",
                "org.opencontainers.image.version": "3.4.1",
                "org.openriak.image.tag": "tiotjp/openriak-kv:3.4.1-suse-16.0-otp26",
                "org.openriak.os.name": "suse",
                "org.openriak.os.release": "16.0",
                "org.openriak.os.version": "16.0",
                "org.openriak.otp.version": "26"
            },
            "StopSignal": "SIGTERM",
            "StopTimeout": 120
        },
        "NetworkSettings": {
            "SandboxID": "f9a16fe59216d2503f82848f7ede2eb2eb13c09c25be82e30b0af4b4d7d41f16",
            "SandboxKey": "/var/run/docker/netns/f9a16fe59216",
            "Ports": {
                "8087/tcp": null,
                "8098/tcp": null
            },
            "Networks": {
                "openriak-kv-341-suse-160-otp26-node_openriak": {
                    "IPAMConfig": {},
                    "Links": null,
                    "Aliases": [
                        "openriak-kv-3.4.1-suse-16.0-otp26-node-t-439962z",
                        "node",
                        "node-01.cluster-a.openriak"
                    ],
                    "DriverOpts": null,
                    "GwPriority": 0,
                    "NetworkID": "dc6c8fc8c90f111a4b4fd857bdb49d22fb7a466b7c00aefd42b3a572739ddab6",
                    "EndpointID": "581b56aaf6c7ddd3fcf2596c8065d8c24ad1f7001588fb48db8258f05c748b19",
                    "Gateway": "172.25.0.1",
                    "IPAddress": "172.25.0.2",
                    "MacAddress": "0e:9c:dd:79:64:12",
                    "IPPrefixLen": 16,
                    "IPv6Gateway": "",
                    "GlobalIPv6Address": "",
                    "GlobalIPv6PrefixLen": 0,
                    "DNSNames": [
                        "openriak-kv-3.4.1-suse-16.0-otp26-node-t-439962z",
                        "node",
                        "node-01.cluster-a.openriak",
                        "3cc3b24f8a93"
                    ]
                }
            }
        }
    }
]

timeout_seconds: 3600
exit_code: 0
$ /usr/bin/docker exec openriak-kv-3.4.1-suse-16.0-otp26-node-t-439962z sh -ec 'test ! -e /usr/bin/container-suseconnect
if rpm -q container-suseconnect >/dev/null 2>&1
then
    echo '"'"'Unexpected SUSE registration helper in runtime image'"'"' >&2
    exit 1
fi'
started: 2026-09-11T11:53:56Z

timeout_seconds: 3600
exit_code: 0
