$ /usr/bin/docker compose --env-file /tmp/openriak-docker-3.4.0-debian-12-otp24-gqr0a1pz/.env.cluster --project-directory /tmp/openriak-docker-3.4.0-debian-12-otp24-gqr0a1pz --file /tmp/openriak-docker-3.4.0-debian-12-otp24-gqr0a1pz/compose.cluster.test.yaml down --remove-orphans --timeout 120
started: 2026-09-11T10:45:50Z
 Container openriak-kv-3.4.0-debian-12-otp24-node-3-t-580428z Stopping 
 Container openriak-kv-3.4.0-debian-12-otp24-node-4-t-580428z Stopping 
 Container openriak-kv-3.4.0-debian-12-otp24-node-2-t-580428z Stopping 
 Container openriak-kv-3.4.0-debian-12-otp24-node-1-t-580428z Stopping 
 Container openriak-kv-3.4.0-debian-12-otp24-node-5-t-580428z Stopping 
 Container openriak-kv-3.4.0-debian-12-otp24-node-3-t-580428z Stopped 
 Container openriak-kv-3.4.0-debian-12-otp24-node-3-t-580428z Removing 
 Container openriak-kv-3.4.0-debian-12-otp24-node-5-t-580428z Stopped 
 Container openriak-kv-3.4.0-debian-12-otp24-node-5-t-580428z Removing 
 Container openriak-kv-3.4.0-debian-12-otp24-node-4-t-580428z Stopped 
 Container openriak-kv-3.4.0-debian-12-otp24-node-4-t-580428z Removing 
 Container openriak-kv-3.4.0-debian-12-otp24-node-2-t-580428z Stopped 
 Container openriak-kv-3.4.0-debian-12-otp24-node-2-t-580428z Removing 
 Container openriak-kv-3.4.0-debian-12-otp24-node-1-t-580428z Stopped 
 Container openriak-kv-3.4.0-debian-12-otp24-node-1-t-580428z Removing 
 Container openriak-kv-3.4.0-debian-12-otp24-node-5-t-580428z Removed 
 Container openriak-kv-3.4.0-debian-12-otp24-node-1-t-580428z Removed 
 Container openriak-kv-3.4.0-debian-12-otp24-node-3-t-580428z Removed 
 Container openriak-kv-3.4.0-debian-12-otp24-node-2-t-580428z Removed 
 Container openriak-kv-3.4.0-debian-12-otp24-node-4-t-580428z Removed 
 Network openriak-kv-340-debian-12-otp24-node-cluster_openriak Removing 
 Network openriak-kv-340-debian-12-otp24-node-cluster_openriak Removed 

timeout_seconds: 3600
exit_code: 0
