================================================================
Docker script started at 2026-09-08 18:05:40
PID:           1670502
Log file:      /home/peter/GitHub/TI-Tokyo/openriak-docs/tools/cache/openriak-docker/logs/refresh-2026-09-08_18-05-40.610861+0900-yv4u3hf6.log
Version:       3.4.0
OS:            debian-12-amd64
Architecture:  amd64
Namespace:     tiotjp
Vendor:        TI Tokyo
Output:        docs cache
Docs updates:  enabled
Timeout:       3600s
Cluster nodes: 5
================================================================
[1/1] 2026-09-08 18:05:40 tiotjp/openriak-kv:3.4.0-debian-12-otp24 (linux/amd64)
      2026-09-08 18:05:40   Pulling tiotjp/debian:bookworm-slim-for-openriak for linux/amd64
      2026-09-08 18:05:43   Testing linux/amd64 (timeout 3600s per phase)
      2026-09-08 18:05:43     Creating Dockerfile, compose YAML files and .env for this run
      2026-09-08 18:05:43     Building image (timeout 3600s)
      2026-09-08 18:05:47     Testing single node (timeout 3600s)
      2026-09-08 18:06:17     Testing 5-node cluster (timeout 3600s)
      2026-09-08 18:09:52   PASSED linux/amd64
      2026-09-08 18:09:52   Exporting OCI image for linux/amd64 with 1 tag(s)
      2026-09-08 18:09:59 Synced OpenRiak KV 3.4.0: 17 tested Docker targets.
      2026-09-08 18:09:59 PASSED tiotjp/openriak-kv:3.4.0-debian-12-otp24 (duration 246s)
2026-09-08 18:09:59 Stopping builder openriak-kv-multiarch started for this refresh
2026-09-08 18:10:00 Synced OpenRiak KV 3.4.0: 17 tested Docker targets.
2026-09-08 18:10:00 Finished 1 groups: 0 failed (duration 247s)
