================================================================
Docker script started at 2026-09-07 21:29:41
PID:           1351247
Log file:      /home/peter/GitHub/TI-Tokyo/openriak-docs/tools/cache/openriak-docker/logs/refresh-2026-09-07_21-29-41.121853+0900-kgy8ph61.log
Version:       all
OS:            all
Architecture:  all
Namespace:     tiotjp
Vendor:        TI Tokyo
Output:        docs cache
Docs updates:  enabled
Timeout:       3600s
Cluster nodes: 5
================================================================
[01/35] 2026-09-07 21:29:41 tiotjp/openriak-kv:3.4.0-alpine-3.21-otp24 (linux/amd64, linux/arm64)
        2026-09-07 21:29:41   Pulling alpine:3.21 for linux/amd64
        2026-09-07 21:29:43   Pulling alpine:3.21 for linux/arm64
        2026-09-07 21:29:45   Testing linux/amd64 (timeout 3600s per phase)
        2026-09-07 21:29:45     Creating Dockerfile, compose YAML files and .env for this run
        2026-09-07 21:29:45     Building image (timeout 3600s)
        2026-09-07 21:29:50     Testing single node (timeout 3600s)
        2026-09-07 21:30:24     Testing 5-node cluster (timeout 3600s)
        2026-09-07 21:34:18   PASSED linux/amd64
        2026-09-07 21:34:18   Testing linux/arm64 (timeout 3600s per phase)
        2026-09-07 21:34:18     Creating Dockerfile, compose YAML files and .env for this run
        2026-09-07 21:34:18     Building image (timeout 3600s)
        2026-09-07 21:34:24     Testing single node (timeout 3600s)
        2026-09-07 21:36:21     Testing 5-node cluster (timeout 3600s)
        2026-09-07 21:51:45   PASSED linux/arm64
        2026-09-07 21:51:45   Exporting OCI image for linux/amd64, linux/arm64 with 1 tag(s)
        2026-09-07 21:51:52 Synced OpenRiak KV 3.4.0: 17 tested Docker targets.
        2026-09-07 21:51:52 PASSED tiotjp/openriak-kv:3.4.0-alpine-3.21-otp24 (duration 1252s)
[02/35] 2026-09-07 21:51:52 tiotjp/openriak-kv:3.4.0-alpine-3.21-otp26 (linux/amd64, linux/arm64)
        2026-09-07 21:51:52   Pulling alpine:3.21 for linux/amd64
        2026-09-07 21:51:54   Pulling alpine:3.21 for linux/arm64
        2026-09-07 21:51:55   Testing linux/amd64 (timeout 3600s per phase)
        2026-09-07 21:51:55     Creating Dockerfile, compose YAML files and .env for this run
        2026-09-07 21:51:56     Building image (timeout 3600s)
        2026-09-07 21:51:59     Testing single node (timeout 3600s)
        2026-09-07 21:52:34     Testing 5-node cluster (timeout 3600s)
        2026-09-07 21:56:34   PASSED linux/amd64
        2026-09-07 21:56:34   Testing linux/arm64 (timeout 3600s per phase)
        2026-09-07 21:56:34     Creating Dockerfile, compose YAML files and .env for this run
        2026-09-07 21:56:34     Building image (timeout 3600s)
        2026-09-07 21:56:40     Testing single node (timeout 3600s)
        2026-09-07 21:59:38     Testing 5-node cluster (timeout 3600s)
        2026-09-07 22:35:21   PASSED linux/arm64
        2026-09-07 22:35:21   Exporting OCI image for linux/amd64, linux/arm64 with 4 tag(s)
        2026-09-07 22:35:28 Synced OpenRiak KV 3.4.0: 17 tested Docker targets.
        2026-09-07 22:35:28 PASSED tiotjp/openriak-kv:3.4.0-alpine-3.21-otp26 (duration 2455s)
[03/35] 2026-09-07 22:35:28 tiotjp/openriak-kv:3.4.0-amazon-linux-2023-otp24 (linux/amd64, linux/arm64)
        2026-09-07 22:35:28   Pulling amazonlinux:2023 for linux/amd64
        2026-09-07 22:35:29   Pulling amazonlinux:2023 for linux/arm64
        2026-09-07 22:35:31   Testing linux/amd64 (timeout 3600s per phase)
        2026-09-07 22:35:31     Creating Dockerfile, compose YAML files and .env for this run
        2026-09-07 22:35:31     Building image (timeout 3600s)
        2026-09-07 22:36:11     Testing single node (timeout 3600s)
        2026-09-07 22:36:52     Testing 5-node cluster (timeout 3600s)
        2026-09-07 22:41:20   PASSED linux/amd64
        2026-09-07 22:41:20   Testing linux/arm64 (timeout 3600s per phase)
        2026-09-07 22:41:20     Creating Dockerfile, compose YAML files and .env for this run
        2026-09-07 22:41:20     Building image (timeout 3600s)
        2026-09-07 22:45:08     Testing single node (timeout 3600s)
        2026-09-07 22:47:44     Testing 5-node cluster (timeout 3600s)
        2026-09-07 23:11:02   PASSED linux/arm64
        2026-09-07 23:11:02   Exporting OCI image for linux/amd64, linux/arm64 with 1 tag(s)
        2026-09-07 23:11:12 Synced OpenRiak KV 3.4.0: 17 tested Docker targets.
        2026-09-07 23:11:12 PASSED tiotjp/openriak-kv:3.4.0-amazon-linux-2023-otp24 (duration 2010s)
[04/35] 2026-09-07 23:11:12 tiotjp/openriak-kv:3.4.0-amazon-linux-2023-otp26 (linux/amd64, linux/arm64)
        2026-09-07 23:11:12   Pulling amazonlinux:2023 for linux/amd64
        2026-09-07 23:11:14   Pulling amazonlinux:2023 for linux/arm64
        2026-09-07 23:11:16   Testing linux/amd64 (timeout 3600s per phase)
        2026-09-07 23:11:16     Creating Dockerfile, compose YAML files and .env for this run
        2026-09-07 23:11:16     Building image (timeout 3600s)
        2026-09-07 23:11:54     Testing single node (timeout 3600s)
        2026-09-07 23:12:27     Testing 5-node cluster (timeout 3600s)
        2026-09-07 23:15:58   PASSED linux/amd64
        2026-09-07 23:15:58   Testing linux/arm64 (timeout 3600s per phase)
        2026-09-07 23:15:58     Creating Dockerfile, compose YAML files and .env for this run
        2026-09-07 23:15:58     Building image (timeout 3600s)
        2026-09-07 23:19:44     Testing single node (timeout 3600s)
        2026-09-07 23:22:33     Testing 5-node cluster (timeout 3600s)
        2026-09-08 00:02:21   PASSED linux/arm64
        2026-09-08 00:02:21   Exporting OCI image for linux/amd64, linux/arm64 with 3 tag(s)
        2026-09-08 00:02:32 Synced OpenRiak KV 3.4.0: 17 tested Docker targets.
        2026-09-08 00:02:32 PASSED tiotjp/openriak-kv:3.4.0-amazon-linux-2023-otp26 (duration 2883s)
[05/35] 2026-09-08 00:02:32 tiotjp/openriak-kv:3.4.0-centos-9-otp26 (linux/amd64)
        2026-09-08 00:02:32   Pulling quay.io/centos/centos:stream9 for linux/amd64
        2026-09-08 00:02:35   Testing linux/amd64 (timeout 3600s per phase)
        2026-09-08 00:02:35     Creating Dockerfile, compose YAML files and .env for this run
        2026-09-08 00:02:35     Building image (timeout 3600s)
        2026-09-08 00:03:03     Testing single node (timeout 3600s)
        2026-09-08 00:03:41     Testing 5-node cluster (timeout 3600s)
        2026-09-08 00:07:49   PASSED linux/amd64
        2026-09-08 00:07:49   Exporting OCI image for linux/amd64 with 3 tag(s)
        2026-09-08 00:08:00 Synced OpenRiak KV 3.4.0: 17 tested Docker targets.
        2026-09-08 00:08:00 PASSED tiotjp/openriak-kv:3.4.0-centos-9-otp26 (duration 307s)
[06/35] 2026-09-08 00:08:00 tiotjp/openriak-kv:3.4.0-debian-12-otp24 (linux/amd64)
        2026-09-08 00:08:00   Pulling debian:bookworm-slim for linux/amd64
        2026-09-08 00:08:02   Testing linux/amd64 (timeout 3600s per phase)
        2026-09-08 00:08:02     Creating Dockerfile, compose YAML files and .env for this run
        2026-09-08 00:08:02     Building image (timeout 3600s)
        2026-09-08 00:08:28     Testing single node (timeout 3600s)
        2026-09-08 00:09:05     Testing 5-node cluster (timeout 3600s)
        2026-09-08 00:12:44   PASSED linux/amd64
        2026-09-08 00:12:44   Exporting OCI image for linux/amd64 with 1 tag(s)
        2026-09-08 00:12:53 Synced OpenRiak KV 3.4.0: 17 tested Docker targets.
        2026-09-08 00:12:53 PASSED tiotjp/openriak-kv:3.4.0-debian-12-otp24 (duration 274s)
[07/35] 2026-09-08 00:12:53 tiotjp/openriak-kv:3.4.0-debian-12-otp26 (linux/amd64)
        2026-09-08 00:12:53   Pulling debian:bookworm-slim for linux/amd64
        2026-09-08 00:12:57   Testing linux/amd64 (timeout 3600s per phase)
        2026-09-08 00:12:57     Creating Dockerfile, compose YAML files and .env for this run
        2026-09-08 00:12:57     Building image (timeout 3600s)
        2026-09-08 00:13:20     Testing single node (timeout 3600s)
        2026-09-08 00:14:02     Testing 5-node cluster (timeout 3600s)
        2026-09-08 00:17:58   PASSED linux/amd64
        2026-09-08 00:17:58   Exporting OCI image for linux/amd64 with 3 tag(s)
        2026-09-08 00:18:07 Synced OpenRiak KV 3.4.0: 17 tested Docker targets.
        2026-09-08 00:18:07 PASSED tiotjp/openriak-kv:3.4.0-debian-12-otp26 (duration 293s)
[08/35] 2026-09-08 00:18:07 tiotjp/openriak-kv:3.4.0-fedora-43-otp26 (linux/amd64)
        2026-09-08 00:18:07   Pulling fedora:43 for linux/amd64
        2026-09-08 00:18:09   Testing linux/amd64 (timeout 3600s per phase)
        2026-09-08 00:18:09     Creating Dockerfile, compose YAML files and .env for this run
        2026-09-08 00:18:09     Building image (timeout 3600s)
        2026-09-08 00:18:50     Testing single node (timeout 3600s)
        2026-09-08 00:19:30     Testing 5-node cluster (timeout 3600s)
        2026-09-08 00:23:46   PASSED linux/amd64
        2026-09-08 00:23:46   Exporting OCI image for linux/amd64 with 3 tag(s)
        2026-09-08 00:23:56 Synced OpenRiak KV 3.4.0: 17 tested Docker targets.
        2026-09-08 00:23:56 PASSED tiotjp/openriak-kv:3.4.0-fedora-43-otp26 (duration 326s)
[09/35] 2026-09-08 00:23:56 tiotjp/openriak-kv:3.4.0-oracle-linux-9-otp24 (linux/amd64)
        2026-09-08 00:23:56   Pulling oraclelinux:9-slim for linux/amd64
        2026-09-08 00:23:58   Testing linux/amd64 (timeout 3600s per phase)
        2026-09-08 00:23:58     Creating Dockerfile, compose YAML files and .env for this run
        2026-09-08 00:23:58     Building image (timeout 3600s)
        2026-09-08 00:27:00     Testing single node (timeout 3600s)
        2026-09-08 00:27:42     Testing 5-node cluster (timeout 3600s)
        2026-09-08 00:31:25   PASSED linux/amd64
        2026-09-08 00:31:25   Exporting OCI image for linux/amd64 with 1 tag(s)
        2026-09-08 00:31:37 Synced OpenRiak KV 3.4.0: 17 tested Docker targets.
        2026-09-08 00:31:37 PASSED tiotjp/openriak-kv:3.4.0-oracle-linux-9-otp24 (duration 432s)
[10/35] 2026-09-08 00:31:37 tiotjp/openriak-kv:3.4.0-oracle-linux-9-otp26 (linux/amd64)
        2026-09-08 00:31:37   Pulling oraclelinux:9-slim for linux/amd64
        2026-09-08 00:31:41   Testing linux/amd64 (timeout 3600s per phase)
        2026-09-08 00:31:41     Creating Dockerfile, compose YAML files and .env for this run
        2026-09-08 00:31:42     Building image (timeout 3600s)
        2026-09-08 00:34:10     Testing single node (timeout 3600s)
        2026-09-08 00:34:45     Testing 5-node cluster (timeout 3600s)
        2026-09-08 00:39:05   PASSED linux/amd64
        2026-09-08 00:39:05   Exporting OCI image for linux/amd64 with 3 tag(s)
        2026-09-08 00:39:20 Synced OpenRiak KV 3.4.0: 17 tested Docker targets.
        2026-09-08 00:39:20 PASSED tiotjp/openriak-kv:3.4.0-oracle-linux-9-otp26 (duration 431s)
[11/35] 2026-09-08 00:39:20 tiotjp/openriak-kv:3.4.0-rhel-9-otp26 (linux/amd64)
        2026-09-08 00:39:20   Pulling registry.access.redhat.com/ubi9/ubi:9.8 for linux/amd64
        2026-09-08 00:39:22   Testing linux/amd64 (timeout 3600s per phase)
        2026-09-08 00:39:22     Creating Dockerfile, compose YAML files and .env for this run
        2026-09-08 00:39:22     Building image (timeout 3600s)
        2026-09-08 00:39:38     Testing single node (timeout 3600s)
        2026-09-08 00:40:21     Testing 5-node cluster (timeout 3600s)
        2026-09-08 00:44:12   PASSED linux/amd64
        2026-09-08 00:44:12   Exporting OCI image for linux/amd64 with 3 tag(s)
        2026-09-08 00:44:21 Synced OpenRiak KV 3.4.0: 17 tested Docker targets.
        2026-09-08 00:44:21 PASSED tiotjp/openriak-kv:3.4.0-rhel-9-otp26 (duration 282s)
[12/35] 2026-09-08 00:44:21 tiotjp/openriak-kv:3.4.0-rocky-9-otp26 (linux/amd64)
        2026-09-08 00:44:21   Pulling rockylinux:9 for linux/amd64
        2026-09-08 00:44:23   Testing linux/amd64 (timeout 3600s per phase)
        2026-09-08 00:44:23     Creating Dockerfile, compose YAML files and .env for this run
        2026-09-08 00:44:23     Building image (timeout 3600s)
        2026-09-08 00:46:28     Testing single node (timeout 3600s)
        2026-09-08 00:47:09     Testing 5-node cluster (timeout 3600s)
        2026-09-08 00:50:49   PASSED linux/amd64
        2026-09-08 00:50:49   Exporting OCI image for linux/amd64 with 3 tag(s)
        2026-09-08 00:51:04 Synced OpenRiak KV 3.4.0: 17 tested Docker targets.
        2026-09-08 00:51:04 PASSED tiotjp/openriak-kv:3.4.0-rocky-9-otp26 (duration 375s)
[13/35] 2026-09-08 00:51:04 tiotjp/openriak-kv:3.4.0-suse-16.0-otp26 (linux/amd64)
        2026-09-08 00:51:04   Pulling registry.suse.com/bci/bci-base:16.0 for linux/amd64
        2026-09-08 00:51:08   Testing linux/amd64 (timeout 3600s per phase)
        2026-09-08 00:51:08     Creating Dockerfile, compose YAML files and .env for this run
        2026-09-08 00:51:09     Building image (timeout 3600s)
        2026-09-08 00:51:33     Testing single node (timeout 3600s)
        2026-09-08 00:52:08     Testing 5-node cluster (timeout 3600s)
        2026-09-08 00:56:22   PASSED linux/amd64
        2026-09-08 00:56:22   Exporting OCI image for linux/amd64 with 3 tag(s)
        2026-09-08 00:56:29 Synced OpenRiak KV 3.4.0: 17 tested Docker targets.
        2026-09-08 00:56:29 PASSED tiotjp/openriak-kv:3.4.0-suse-16.0-otp26 (duration 304s)
[14/35] 2026-09-08 00:56:29 tiotjp/openriak-kv:3.4.0-ubuntu-jammy-otp24 (linux/amd64)
        2026-09-08 00:56:29   Pulling ubuntu:jammy for linux/amd64
        2026-09-08 00:56:31   Testing linux/amd64 (timeout 3600s per phase)
        2026-09-08 00:56:31     Creating Dockerfile, compose YAML files and .env for this run
        2026-09-08 00:56:31     Building image (timeout 3600s)
        2026-09-08 00:57:13     Testing single node (timeout 3600s)
        2026-09-08 00:57:46     Testing 5-node cluster (timeout 3600s)
        2026-09-08 01:01:11   PASSED linux/amd64
        2026-09-08 01:01:11   Exporting OCI image for linux/amd64 with 1 tag(s)
        2026-09-08 01:01:19 Synced OpenRiak KV 3.4.0: 17 tested Docker targets.
        2026-09-08 01:01:19 PASSED tiotjp/openriak-kv:3.4.0-ubuntu-jammy-otp24 (duration 271s)
[15/35] 2026-09-08 01:01:19 tiotjp/openriak-kv:3.4.0-ubuntu-jammy-otp26 (linux/amd64)
        2026-09-08 01:01:19   Pulling ubuntu:jammy for linux/amd64
        2026-09-08 01:01:21   Testing linux/amd64 (timeout 3600s per phase)
        2026-09-08 01:01:21     Creating Dockerfile, compose YAML files and .env for this run
        2026-09-08 01:01:22     Building image (timeout 3600s)
        2026-09-08 01:02:05     Testing single node (timeout 3600s)
        2026-09-08 01:02:39     Testing 5-node cluster (timeout 3600s)
        2026-09-08 01:06:57   PASSED linux/amd64
        2026-09-08 01:06:57   Exporting OCI image for linux/amd64 with 2 tag(s)
        2026-09-08 01:07:07 Synced OpenRiak KV 3.4.0: 17 tested Docker targets.
        2026-09-08 01:07:07 PASSED tiotjp/openriak-kv:3.4.0-ubuntu-jammy-otp26 (duration 325s)
[16/35] 2026-09-08 01:07:07 tiotjp/openriak-kv:3.4.0-ubuntu-noble-otp24 (linux/amd64, linux/arm64)
        2026-09-08 01:07:07   Pulling ubuntu:noble for linux/amd64
        2026-09-08 01:07:09   Pulling ubuntu:noble for linux/arm64
        2026-09-08 01:07:11   Testing linux/amd64 (timeout 3600s per phase)
        2026-09-08 01:07:11     Creating Dockerfile, compose YAML files and .env for this run
        2026-09-08 01:07:11     Building image (timeout 3600s)
        2026-09-08 01:07:57     Testing single node (timeout 3600s)
        2026-09-08 01:08:38     Testing 5-node cluster (timeout 3600s)
        2026-09-08 01:12:02   PASSED linux/amd64
        2026-09-08 01:12:02   Testing linux/arm64 (timeout 3600s per phase)
        2026-09-08 01:12:02     Creating Dockerfile, compose YAML files and .env for this run
        2026-09-08 01:12:02     Building image (timeout 3600s)
        2026-09-08 01:14:54     Testing single node (timeout 3600s)
        2026-09-08 01:17:34     Testing 5-node cluster (timeout 3600s)
        2026-09-08 01:50:20   PASSED linux/arm64
        2026-09-08 01:50:20   Exporting OCI image for linux/amd64, linux/arm64 with 1 tag(s)
        2026-09-08 01:50:33 Synced OpenRiak KV 3.4.0: 17 tested Docker targets.
        2026-09-08 01:50:33 PASSED tiotjp/openriak-kv:3.4.0-ubuntu-noble-otp24 (duration 2431s)
[17/35] 2026-09-08 01:50:33 tiotjp/openriak-kv:3.4.0-ubuntu-noble-otp26 (linux/amd64, linux/arm64)
        2026-09-08 01:50:33   Pulling ubuntu:noble for linux/amd64
        2026-09-08 01:50:34   Pulling ubuntu:noble for linux/arm64
        2026-09-08 01:50:36   Testing linux/amd64 (timeout 3600s per phase)
        2026-09-08 01:50:36     Creating Dockerfile, compose YAML files and .env for this run
        2026-09-08 01:50:36     Building image (timeout 3600s)
        2026-09-08 01:51:21     Testing single node (timeout 3600s)
        2026-09-08 01:51:55     Testing 5-node cluster (timeout 3600s)
        2026-09-08 01:55:48   PASSED linux/amd64
        2026-09-08 01:55:48   Testing linux/arm64 (timeout 3600s per phase)
        2026-09-08 01:55:48     Creating Dockerfile, compose YAML files and .env for this run
        2026-09-08 01:55:48     Building image (timeout 3600s)
        2026-09-08 01:58:40     Testing single node (timeout 3600s)
        2026-09-08 02:01:32     Testing 5-node cluster (timeout 3600s)
        2026-09-08 02:29:48   PASSED linux/arm64
        2026-09-08 02:29:48   Exporting OCI image for linux/amd64, linux/arm64 with 3 tag(s)
        2026-09-08 02:29:57 Synced OpenRiak KV 3.4.0: 17 tested Docker targets.
        2026-09-08 02:29:57 PASSED tiotjp/openriak-kv:3.4.0-ubuntu-noble-otp26 (duration 2203s)
[18/35] 2026-09-08 02:29:57 tiotjp/openriak-kv:3.4.1-alpine-3.21-otp24 (linux/amd64, linux/arm64)
        2026-09-08 02:29:58   Pulling alpine:3.21 for linux/amd64
        2026-09-08 02:29:59   Pulling alpine:3.21 for linux/arm64
        2026-09-08 02:30:01   Testing linux/amd64 (timeout 3600s per phase)
        2026-09-08 02:30:01     Creating Dockerfile, compose YAML files and .env for this run
        2026-09-08 02:30:01     Building image (timeout 3600s)
        2026-09-08 02:30:05     Testing single node (timeout 3600s)
        2026-09-08 02:30:38     Testing 5-node cluster (timeout 3600s)
        2026-09-08 02:34:40   PASSED linux/amd64
        2026-09-08 02:34:40   Testing linux/arm64 (timeout 3600s per phase)
        2026-09-08 02:34:40     Creating Dockerfile, compose YAML files and .env for this run
        2026-09-08 02:34:40     Building image (timeout 3600s)
        2026-09-08 02:34:46     Testing single node (timeout 3600s)
        2026-09-08 02:36:24     Testing 5-node cluster (timeout 3600s)
        2026-09-08 02:48:32   PASSED linux/arm64
        2026-09-08 02:48:32   Exporting OCI image for linux/amd64, linux/arm64 with 1 tag(s)
        2026-09-08 02:48:38 Synced OpenRiak KV 3.4.1: 17 tested Docker targets.
        2026-09-08 02:48:38 PASSED tiotjp/openriak-kv:3.4.1-alpine-3.21-otp24 (duration 1042s)
[19/35] 2026-09-08 02:48:38 tiotjp/openriak-kv:3.4.1-alpine-3.21-otp26 (linux/amd64, linux/arm64)
        2026-09-08 02:48:38   Pulling alpine:3.21 for linux/amd64
        2026-09-08 02:48:39   Pulling alpine:3.21 for linux/arm64
        2026-09-08 02:48:41   Testing linux/amd64 (timeout 3600s per phase)
        2026-09-08 02:48:41     Creating Dockerfile, compose YAML files and .env for this run
        2026-09-08 02:48:41     Building image (timeout 3600s)
        2026-09-08 02:48:44     Testing single node (timeout 3600s)
        2026-09-08 02:49:16     Testing 5-node cluster (timeout 3600s)
        2026-09-08 02:52:52   PASSED linux/amd64
        2026-09-08 02:52:52   Testing linux/arm64 (timeout 3600s per phase)
        2026-09-08 02:52:52     Creating Dockerfile, compose YAML files and .env for this run
        2026-09-08 02:52:52     Building image (timeout 3600s)
        2026-09-08 02:52:57     Testing single node (timeout 3600s)
        2026-09-08 02:55:11     Testing 5-node cluster (timeout 3600s)
        2026-09-08 03:23:07   PASSED linux/arm64
        2026-09-08 03:23:07   Exporting OCI image for linux/amd64, linux/arm64 with 5 tag(s)
        2026-09-08 03:23:13 Synced OpenRiak KV 3.4.1: 17 tested Docker targets.
        2026-09-08 03:23:13 PASSED tiotjp/openriak-kv:3.4.1-alpine-3.21-otp26 (duration 1931s)
[20/35] 2026-09-08 03:23:13 tiotjp/openriak-kv:3.4.1-amazon-linux-2023-otp26 (linux/amd64, linux/arm64)
        2026-09-08 03:23:13   Pulling amazonlinux:2023 for linux/amd64
        2026-09-08 03:23:15   Pulling amazonlinux:2023 for linux/arm64
        2026-09-08 03:23:17   Testing linux/amd64 (timeout 3600s per phase)
        2026-09-08 03:23:17     Creating Dockerfile, compose YAML files and .env for this run
        2026-09-08 03:23:17     Building image (timeout 3600s)
        2026-09-08 03:23:25     Testing single node (timeout 3600s)
        2026-09-08 03:23:59     Testing 5-node cluster (timeout 3600s)
        2026-09-08 03:27:27   PASSED linux/amd64
        2026-09-08 03:27:27   Testing linux/arm64 (timeout 3600s per phase)
        2026-09-08 03:27:27     Creating Dockerfile, compose YAML files and .env for this run
        2026-09-08 03:27:27     Building image (timeout 3600s)
        2026-09-08 03:31:24     Testing single node (timeout 3600s)
        2026-09-08 03:34:25     Testing 5-node cluster (timeout 3600s)
        2026-09-08 04:03:51   PASSED linux/arm64
        2026-09-08 04:03:51   Exporting OCI image for linux/amd64, linux/arm64 with 3 tag(s)
        2026-09-08 04:04:03 Synced OpenRiak KV 3.4.1: 18 tested Docker targets.
        2026-09-08 04:04:03 PASSED tiotjp/openriak-kv:3.4.1-amazon-linux-2023-otp26 (duration 2406s)
[21/35] 2026-09-08 04:04:03 tiotjp/openriak-kv:3.4.1-centos-8-otp26 (linux/amd64)
        2026-09-08 04:04:03   Pulling quay.io/centos/centos:stream8 for linux/amd64
        2026-09-08 04:04:06   Testing linux/amd64 (timeout 3600s per phase)
        2026-09-08 04:04:06     Creating Dockerfile, compose YAML files and .env for this run
        2026-09-08 04:04:06     Building image (timeout 3600s)
        2026-09-08 04:04:38     Testing single node (timeout 3600s)
        2026-09-08 04:05:13     Testing 5-node cluster (timeout 3600s)
        2026-09-08 04:08:39   PASSED linux/amd64
        2026-09-08 04:08:39   Exporting OCI image for linux/amd64 with 2 tag(s)
        2026-09-08 04:08:49 Synced OpenRiak KV 3.4.1: 18 tested Docker targets.
        2026-09-08 04:08:49 PASSED tiotjp/openriak-kv:3.4.1-centos-8-otp26 (duration 286s)
[22/35] 2026-09-08 04:08:49 tiotjp/openriak-kv:3.4.1-centos-9-otp26 (linux/amd64)
        2026-09-08 04:08:49   Pulling quay.io/centos/centos:stream9 for linux/amd64
        2026-09-08 04:08:51   Testing linux/amd64 (timeout 3600s per phase)
        2026-09-08 04:08:51     Creating Dockerfile, compose YAML files and .env for this run
        2026-09-08 04:08:51     Building image (timeout 3600s)
        2026-09-08 04:09:17     Testing single node (timeout 3600s)
        2026-09-08 04:09:53     Testing 5-node cluster (timeout 3600s)
        2026-09-08 04:13:42   PASSED linux/amd64
        2026-09-08 04:13:42   Exporting OCI image for linux/amd64 with 3 tag(s)
        2026-09-08 04:13:52 Synced OpenRiak KV 3.4.1: 18 tested Docker targets.
        2026-09-08 04:13:52 PASSED tiotjp/openriak-kv:3.4.1-centos-9-otp26 (duration 302s)
[23/35] 2026-09-08 04:13:52 tiotjp/openriak-kv:3.4.1-debian-11-otp26 (linux/amd64)
        2026-09-08 04:13:52   Pulling debian:bullseye-slim for linux/amd64
        2026-09-08 04:13:53   Testing linux/amd64 (timeout 3600s per phase)
        2026-09-08 04:13:53     Creating Dockerfile, compose YAML files and .env for this run
        2026-09-08 04:13:54     Building image (timeout 3600s)
        2026-09-08 04:14:15     Testing single node (timeout 3600s)
        2026-09-08 04:14:49     Testing 5-node cluster (timeout 3600s)
        2026-09-08 04:18:26   PASSED linux/amd64
        2026-09-08 04:18:26   Exporting OCI image for linux/amd64 with 2 tag(s)
        2026-09-08 04:18:34 Synced OpenRiak KV 3.4.1: 18 tested Docker targets.
        2026-09-08 04:18:34 PASSED tiotjp/openriak-kv:3.4.1-debian-11-otp26 (duration 282s)
[24/35] 2026-09-08 04:18:34 tiotjp/openriak-kv:3.4.1-debian-12-otp26 (linux/amd64)
        2026-09-08 04:18:34   Pulling debian:bookworm-slim for linux/amd64
        2026-09-08 04:18:36   Testing linux/amd64 (timeout 3600s per phase)
        2026-09-08 04:18:36     Creating Dockerfile, compose YAML files and .env for this run
        2026-09-08 04:18:36     Building image (timeout 3600s)
        2026-09-08 04:18:56     Testing single node (timeout 3600s)
        2026-09-08 04:19:30     Testing 5-node cluster (timeout 3600s)
        2026-09-08 04:23:35   PASSED linux/amd64
        2026-09-08 04:23:35   Exporting OCI image for linux/amd64 with 3 tag(s)
        2026-09-08 04:23:43 Synced OpenRiak KV 3.4.1: 18 tested Docker targets.
        2026-09-08 04:23:43 PASSED tiotjp/openriak-kv:3.4.1-debian-12-otp26 (duration 309s)
[25/35] 2026-09-08 04:23:43 tiotjp/openriak-kv:3.4.1-fedora-29-otp26 (linux/amd64)
        2026-09-08 04:23:43   Pulling fedora:29 for linux/amd64
        2026-09-08 04:23:45   Testing linux/amd64 (timeout 3600s per phase)
        2026-09-08 04:23:45     Creating Dockerfile, compose YAML files and .env for this run
        2026-09-08 04:23:46     Building image (timeout 3600s)
        2026-09-08 04:25:24     Testing single node (timeout 3600s)
        2026-09-08 04:26:00     Testing 5-node cluster (timeout 3600s)
        2026-09-08 04:29:33   PASSED linux/amd64
        2026-09-08 04:29:33   Exporting OCI image for linux/amd64 with 2 tag(s)
        2026-09-08 04:29:49 Synced OpenRiak KV 3.4.1: 18 tested Docker targets.
        2026-09-08 04:29:49 PASSED tiotjp/openriak-kv:3.4.1-fedora-29-otp26 (duration 365s)
[26/35] 2026-09-08 04:29:49 tiotjp/openriak-kv:3.4.1-fedora-43-otp26 (linux/amd64)
        2026-09-08 04:29:49   Pulling fedora:43 for linux/amd64
        2026-09-08 04:29:51   Testing linux/amd64 (timeout 3600s per phase)
        2026-09-08 04:29:51     Creating Dockerfile, compose YAML files and .env for this run
        2026-09-08 04:29:51     Building image (timeout 3600s)
        2026-09-08 04:30:28     Testing single node (timeout 3600s)
        2026-09-08 04:31:03     Testing 5-node cluster (timeout 3600s)
        2026-09-08 04:34:50   PASSED linux/amd64
        2026-09-08 04:34:50   Exporting OCI image for linux/amd64 with 3 tag(s)
        2026-09-08 04:35:00 Synced OpenRiak KV 3.4.1: 18 tested Docker targets.
        2026-09-08 04:35:00 PASSED tiotjp/openriak-kv:3.4.1-fedora-43-otp26 (duration 311s)
[27/35] 2026-09-08 04:35:00 tiotjp/openriak-kv:3.4.1-oracle-linux-9-otp26 (linux/amd64)
        2026-09-08 04:35:00   Pulling oraclelinux:9-slim for linux/amd64
        2026-09-08 04:35:02   Testing linux/amd64 (timeout 3600s per phase)
        2026-09-08 04:35:02     Creating Dockerfile, compose YAML files and .env for this run
        2026-09-08 04:35:02     Building image (timeout 3600s)
        2026-09-08 04:37:38     Testing single node (timeout 3600s)
        2026-09-08 04:38:13     Testing 5-node cluster (timeout 3600s)
        2026-09-08 04:41:58   PASSED linux/amd64
        2026-09-08 04:41:58   Exporting OCI image for linux/amd64 with 3 tag(s)
        2026-09-08 04:42:12 Synced OpenRiak KV 3.4.1: 18 tested Docker targets.
        2026-09-08 04:42:12 PASSED tiotjp/openriak-kv:3.4.1-oracle-linux-9-otp26 (duration 432s)
[28/35] 2026-09-08 04:42:12 tiotjp/openriak-kv:3.4.1-rhel-8-otp26 (linux/amd64)
        2026-09-08 04:42:12   Pulling registry.access.redhat.com/ubi8/ubi:8.10 for linux/amd64
        2026-09-08 04:42:14   Testing linux/amd64 (timeout 3600s per phase)
        2026-09-08 04:42:14     Creating Dockerfile, compose YAML files and .env for this run
        2026-09-08 04:42:15     Building image (timeout 3600s)
        2026-09-08 04:42:36     Testing single node (timeout 3600s)
        2026-09-08 04:43:11     Testing 5-node cluster (timeout 3600s)
        2026-09-08 04:46:38   PASSED linux/amd64
        2026-09-08 04:46:38   Exporting OCI image for linux/amd64 with 2 tag(s)
        2026-09-08 04:46:49 Synced OpenRiak KV 3.4.1: 18 tested Docker targets.
        2026-09-08 04:46:49 PASSED tiotjp/openriak-kv:3.4.1-rhel-8-otp26 (duration 277s)
[29/35] 2026-09-08 04:46:49 tiotjp/openriak-kv:3.4.1-rhel-9-otp26 (linux/amd64)
        2026-09-08 04:46:49   Pulling registry.access.redhat.com/ubi9/ubi:9.8 for linux/amd64
        2026-09-08 04:46:50   Testing linux/amd64 (timeout 3600s per phase)
        2026-09-08 04:46:50     Creating Dockerfile, compose YAML files and .env for this run
        2026-09-08 04:46:51     Building image (timeout 3600s)
        2026-09-08 04:47:05     Testing single node (timeout 3600s)
        2026-09-08 04:47:43     Testing 5-node cluster (timeout 3600s)
        2026-09-08 04:51:08   PASSED linux/amd64
        2026-09-08 04:51:08   Exporting OCI image for linux/amd64 with 3 tag(s)
        2026-09-08 04:51:19 Synced OpenRiak KV 3.4.1: 18 tested Docker targets.
        2026-09-08 04:51:19 PASSED tiotjp/openriak-kv:3.4.1-rhel-9-otp26 (duration 270s)
[30/35] 2026-09-08 04:51:19 tiotjp/openriak-kv:3.4.1-rocky-8-otp26 (linux/amd64)
        2026-09-08 04:51:19   Pulling rockylinux:8 for linux/amd64
        2026-09-08 04:51:21   Testing linux/amd64 (timeout 3600s per phase)
        2026-09-08 04:51:21     Creating Dockerfile, compose YAML files and .env for this run
        2026-09-08 04:51:21     Building image (timeout 3600s)
        2026-09-08 04:53:03     Testing single node (timeout 3600s)
        2026-09-08 04:53:37     Testing 5-node cluster (timeout 3600s)
        2026-09-08 04:58:05   PASSED linux/amd64
        2026-09-08 04:58:05   Exporting OCI image for linux/amd64 with 2 tag(s)
        2026-09-08 04:58:23 Synced OpenRiak KV 3.4.1: 18 tested Docker targets.
        2026-09-08 04:58:23 PASSED tiotjp/openriak-kv:3.4.1-rocky-8-otp26 (duration 424s)
[31/35] 2026-09-08 04:58:23 tiotjp/openriak-kv:3.4.1-rocky-9-otp26 (linux/amd64)
        2026-09-08 04:58:23   Pulling rockylinux:9 for linux/amd64
        2026-09-08 04:58:26   Testing linux/amd64 (timeout 3600s per phase)
        2026-09-08 04:58:26     Creating Dockerfile, compose YAML files and .env for this run
        2026-09-08 04:58:26     Building image (timeout 3600s)
        2026-09-08 04:59:27     Testing single node (timeout 3600s)
        2026-09-08 05:00:05     Testing 5-node cluster (timeout 3600s)
        2026-09-08 05:03:30   PASSED linux/amd64
        2026-09-08 05:03:30   Exporting OCI image for linux/amd64 with 3 tag(s)
        2026-09-08 05:03:44 Synced OpenRiak KV 3.4.1: 18 tested Docker targets.
        2026-09-08 05:03:44 PASSED tiotjp/openriak-kv:3.4.1-rocky-9-otp26 (duration 321s)
[32/35] 2026-09-08 05:03:44 tiotjp/openriak-kv:3.4.1-suse-15-sp4-otp26 (linux/amd64)
        2026-09-08 05:03:44   Pulling registry.suse.com/suse/sle15:15.4 for linux/amd64
        2026-09-08 05:03:49   Testing linux/amd64 (timeout 3600s per phase)
        2026-09-08 05:03:49     Creating Dockerfile, compose YAML files and .env for this run
        2026-09-08 05:03:49     Building image (timeout 3600s)
        2026-09-08 05:04:09     Testing single node (timeout 3600s)
        2026-09-08 05:04:45     Testing 5-node cluster (timeout 3600s)
        2026-09-08 05:08:40   PASSED linux/amd64
        2026-09-08 05:08:40   Exporting OCI image for linux/amd64 with 2 tag(s)
        2026-09-08 05:08:48 Synced OpenRiak KV 3.4.1: 18 tested Docker targets.
        2026-09-08 05:08:48 PASSED tiotjp/openriak-kv:3.4.1-suse-15-sp4-otp26 (duration 304s)
[33/35] 2026-09-08 05:08:48 tiotjp/openriak-kv:3.4.1-suse-16.0-otp26 (linux/amd64)
        2026-09-08 05:08:48   Pulling registry.suse.com/bci/bci-base:16.0 for linux/amd64
        2026-09-08 05:08:53   Testing linux/amd64 (timeout 3600s per phase)
        2026-09-08 05:08:53     Creating Dockerfile, compose YAML files and .env for this run
        2026-09-08 05:08:53     Building image (timeout 3600s)
        2026-09-08 05:09:02     Testing single node (timeout 3600s)
        2026-09-08 05:09:37     Testing 5-node cluster (timeout 3600s)
        2026-09-08 05:13:58   PASSED linux/amd64
        2026-09-08 05:13:58   Exporting OCI image for linux/amd64 with 3 tag(s)
        2026-09-08 05:14:06 Synced OpenRiak KV 3.4.1: 18 tested Docker targets.
        2026-09-08 05:14:06 PASSED tiotjp/openriak-kv:3.4.1-suse-16.0-otp26 (duration 318s)
[34/35] 2026-09-08 05:14:06 tiotjp/openriak-kv:3.4.1-ubuntu-jammy-otp26 (linux/amd64)
        2026-09-08 05:14:06   Pulling ubuntu:jammy for linux/amd64
        2026-09-08 05:14:08   Testing linux/amd64 (timeout 3600s per phase)
        2026-09-08 05:14:08     Creating Dockerfile, compose YAML files and .env for this run
        2026-09-08 05:14:09     Building image (timeout 3600s)
        2026-09-08 05:14:53     Testing single node (timeout 3600s)
        2026-09-08 05:15:26     Testing 5-node cluster (timeout 3600s)
        2026-09-08 05:19:03   PASSED linux/amd64
        2026-09-08 05:19:03   Exporting OCI image for linux/amd64 with 2 tag(s)
        2026-09-08 05:19:12 Synced OpenRiak KV 3.4.1: 18 tested Docker targets.
        2026-09-08 05:19:12 PASSED tiotjp/openriak-kv:3.4.1-ubuntu-jammy-otp26 (duration 305s)
[35/35] 2026-09-08 05:19:12 tiotjp/openriak-kv:3.4.1-ubuntu-noble-otp26 (linux/amd64, linux/arm64)
        2026-09-08 05:19:12   Pulling ubuntu:noble for linux/amd64
        2026-09-08 05:19:13   Pulling ubuntu:noble for linux/arm64
        2026-09-08 05:19:15   Testing linux/amd64 (timeout 3600s per phase)
        2026-09-08 05:19:15     Creating Dockerfile, compose YAML files and .env for this run
        2026-09-08 05:19:15     Building image (timeout 3600s)
        2026-09-08 05:20:01     Testing single node (timeout 3600s)
        2026-09-08 05:20:35     Testing 5-node cluster (timeout 3600s)
        2026-09-08 05:24:41   PASSED linux/amd64
        2026-09-08 05:24:41   Testing linux/arm64 (timeout 3600s per phase)
        2026-09-08 05:24:41     Creating Dockerfile, compose YAML files and .env for this run
        2026-09-08 05:24:41     Building image (timeout 3600s)
        2026-09-08 05:27:34     Testing single node (timeout 3600s)
        2026-09-08 05:30:07     Testing 5-node cluster (timeout 3600s)
        2026-09-08 05:58:47   PASSED linux/arm64
        2026-09-08 05:58:47   Exporting OCI image for linux/amd64, linux/arm64 with 3 tag(s)
        2026-09-08 05:58:58 Synced OpenRiak KV 3.4.1: 18 tested Docker targets.
        2026-09-08 05:58:58 PASSED tiotjp/openriak-kv:3.4.1-ubuntu-noble-otp26 (duration 2383s)
2026-09-08 05:58:58 Stopping builder openriak-kv-multiarch started for this refresh
2026-09-08 05:58:59 Synced OpenRiak KV 3.4.0: 17 tested Docker targets.
2026-09-08 05:58:59 Synced OpenRiak KV 3.4.1: 18 tested Docker targets.
2026-09-08 05:58:59 Finished 35 groups: 0 failed (duration 29122s)
