================================================================
Docker script started at 2026-09-09 06:03:16
PID:           2970
Log file:      /home/peter/GitHub/TI-Tokyo/openriak-docs/tools/cache/openriak-docker/logs/refresh-2026-09-09_06-03-16.878209+0900-8v_s0x0m.log
Version:       all
OS:            all
Architecture:  all
Namespace:     tiotjp
Vendor:        TI Tokyo
Output:        docs cache
Docs updates:  enabled
Timeout:       3600s
Cluster nodes: 5
================================================================
[01/35] 2026-09-09 06:03:16 tiotjp/openriak-kv:3.4.0-alpine-3.21-otp24 (linux/amd64, linux/arm64)
        2026-09-09 06:03:16 SKIPPED tiotjp/openriak-kv:3.4.0-alpine-3.21-otp24 (all platforms passed)
        2026-09-09 06:03:17 Synced OpenRiak KV 3.4.0: 17 tested Docker targets.
        2026-09-09 06:03:17 PASSED tiotjp/openriak-kv:3.4.0-alpine-3.21-otp24 (duration 0s)
[02/35] 2026-09-09 06:03:17 tiotjp/openriak-kv:3.4.0-alpine-3.21-otp26 (linux/amd64, linux/arm64)
        2026-09-09 06:03:17 SKIPPED tiotjp/openriak-kv:3.4.0-alpine-3.21-otp26 (all platforms passed)
        2026-09-09 06:03:17 Synced OpenRiak KV 3.4.0: 17 tested Docker targets.
        2026-09-09 06:03:17 PASSED tiotjp/openriak-kv:3.4.0-alpine-3.21-otp26 (duration 0s)
[03/35] 2026-09-09 06:03:17 tiotjp/openriak-kv:3.4.0-amazon-linux-2023-otp24 (linux/amd64, linux/arm64)
        2026-09-09 06:03:17 SKIPPED tiotjp/openriak-kv:3.4.0-amazon-linux-2023-otp24 (all platforms passed)
        2026-09-09 06:03:17 Synced OpenRiak KV 3.4.0: 17 tested Docker targets.
        2026-09-09 06:03:17 PASSED tiotjp/openriak-kv:3.4.0-amazon-linux-2023-otp24 (duration 0s)
[04/35] 2026-09-09 06:03:17 tiotjp/openriak-kv:3.4.0-amazon-linux-2023-otp26 (linux/amd64, linux/arm64)
        2026-09-09 06:03:17 SKIPPED tiotjp/openriak-kv:3.4.0-amazon-linux-2023-otp26 (all platforms passed)
        2026-09-09 06:03:17 Synced OpenRiak KV 3.4.0: 17 tested Docker targets.
        2026-09-09 06:03:17 PASSED tiotjp/openriak-kv:3.4.0-amazon-linux-2023-otp26 (duration 0s)
[05/35] 2026-09-09 06:03:17 tiotjp/openriak-kv:3.4.0-centos-9-otp26 (linux/amd64)
        2026-09-09 06:03:17 SKIPPED tiotjp/openriak-kv:3.4.0-centos-9-otp26 (all platforms passed)
        2026-09-09 06:03:17 Synced OpenRiak KV 3.4.0: 17 tested Docker targets.
        2026-09-09 06:03:17 PASSED tiotjp/openriak-kv:3.4.0-centos-9-otp26 (duration 0s)
[06/35] 2026-09-09 06:03:17 tiotjp/openriak-kv:3.4.0-debian-12-otp24 (linux/amd64)
        2026-09-09 06:03:17 SKIPPED tiotjp/openriak-kv:3.4.0-debian-12-otp24 (all platforms passed)
        2026-09-09 06:03:17 Synced OpenRiak KV 3.4.0: 17 tested Docker targets.
        2026-09-09 06:03:17 PASSED tiotjp/openriak-kv:3.4.0-debian-12-otp24 (duration 0s)
[07/35] 2026-09-09 06:03:17 tiotjp/openriak-kv:3.4.0-debian-12-otp26 (linux/amd64)
        2026-09-09 06:03:17 SKIPPED tiotjp/openriak-kv:3.4.0-debian-12-otp26 (all platforms passed)
        2026-09-09 06:03:17 Synced OpenRiak KV 3.4.0: 17 tested Docker targets.
        2026-09-09 06:03:17 PASSED tiotjp/openriak-kv:3.4.0-debian-12-otp26 (duration 0s)
[08/35] 2026-09-09 06:03:17 tiotjp/openriak-kv:3.4.0-fedora-43-otp26 (linux/amd64)
        2026-09-09 06:03:17 SKIPPED tiotjp/openriak-kv:3.4.0-fedora-43-otp26 (all platforms passed)
        2026-09-09 06:03:17 Synced OpenRiak KV 3.4.0: 17 tested Docker targets.
        2026-09-09 06:03:17 PASSED tiotjp/openriak-kv:3.4.0-fedora-43-otp26 (duration 0s)
[09/35] 2026-09-09 06:03:17 tiotjp/openriak-kv:3.4.0-oracle-linux-9-otp24 (linux/amd64)
        2026-09-09 06:03:17 SKIPPED tiotjp/openriak-kv:3.4.0-oracle-linux-9-otp24 (all platforms passed)
        2026-09-09 06:03:18 Synced OpenRiak KV 3.4.0: 17 tested Docker targets.
        2026-09-09 06:03:18 PASSED tiotjp/openriak-kv:3.4.0-oracle-linux-9-otp24 (duration 0s)
[10/35] 2026-09-09 06:03:18 tiotjp/openriak-kv:3.4.0-oracle-linux-9-otp26 (linux/amd64)
        2026-09-09 06:03:18 SKIPPED tiotjp/openriak-kv:3.4.0-oracle-linux-9-otp26 (all platforms passed)
        2026-09-09 06:03:18 Synced OpenRiak KV 3.4.0: 17 tested Docker targets.
        2026-09-09 06:03:18 PASSED tiotjp/openriak-kv:3.4.0-oracle-linux-9-otp26 (duration 0s)
[11/35] 2026-09-09 06:03:18 tiotjp/openriak-kv:3.4.0-rhel-9-otp26 (linux/amd64)
        2026-09-09 06:03:18 SKIPPED tiotjp/openriak-kv:3.4.0-rhel-9-otp26 (all platforms passed)
        2026-09-09 06:03:18 Synced OpenRiak KV 3.4.0: 17 tested Docker targets.
        2026-09-09 06:03:18 PASSED tiotjp/openriak-kv:3.4.0-rhel-9-otp26 (duration 0s)
[12/35] 2026-09-09 06:03:18 tiotjp/openriak-kv:3.4.0-rocky-9-otp26 (linux/amd64)
        2026-09-09 06:03:18 SKIPPED tiotjp/openriak-kv:3.4.0-rocky-9-otp26 (all platforms passed)
        2026-09-09 06:03:18 Synced OpenRiak KV 3.4.0: 17 tested Docker targets.
        2026-09-09 06:03:18 PASSED tiotjp/openriak-kv:3.4.0-rocky-9-otp26 (duration 0s)
[13/35] 2026-09-09 06:03:18 tiotjp/openriak-kv:3.4.0-suse-16.0-otp26 (linux/amd64)
        2026-09-09 06:03:18 SKIPPED tiotjp/openriak-kv:3.4.0-suse-16.0-otp26 (all platforms passed)
        2026-09-09 06:03:18 Synced OpenRiak KV 3.4.0: 17 tested Docker targets.
        2026-09-09 06:03:18 PASSED tiotjp/openriak-kv:3.4.0-suse-16.0-otp26 (duration 0s)
[14/35] 2026-09-09 06:03:18 tiotjp/openriak-kv:3.4.0-ubuntu-jammy-otp24 (linux/amd64)
        2026-09-09 06:03:18 SKIPPED tiotjp/openriak-kv:3.4.0-ubuntu-jammy-otp24 (all platforms passed)
        2026-09-09 06:03:18 Synced OpenRiak KV 3.4.0: 17 tested Docker targets.
        2026-09-09 06:03:18 PASSED tiotjp/openriak-kv:3.4.0-ubuntu-jammy-otp24 (duration 0s)
[15/35] 2026-09-09 06:03:18 tiotjp/openriak-kv:3.4.0-ubuntu-jammy-otp26 (linux/amd64)
        2026-09-09 06:03:18 SKIPPED tiotjp/openriak-kv:3.4.0-ubuntu-jammy-otp26 (all platforms passed)
        2026-09-09 06:03:18 Synced OpenRiak KV 3.4.0: 17 tested Docker targets.
        2026-09-09 06:03:18 PASSED tiotjp/openriak-kv:3.4.0-ubuntu-jammy-otp26 (duration 0s)
[16/35] 2026-09-09 06:03:18 tiotjp/openriak-kv:3.4.0-ubuntu-noble-otp24 (linux/amd64, linux/arm64)
        2026-09-09 06:03:18 SKIPPED tiotjp/openriak-kv:3.4.0-ubuntu-noble-otp24 (all platforms passed)
        2026-09-09 06:03:18 Synced OpenRiak KV 3.4.0: 17 tested Docker targets.
        2026-09-09 06:03:18 PASSED tiotjp/openriak-kv:3.4.0-ubuntu-noble-otp24 (duration 0s)
[17/35] 2026-09-09 06:03:18 tiotjp/openriak-kv:3.4.0-ubuntu-noble-otp26 (linux/amd64, linux/arm64)
        2026-09-09 06:03:18 SKIPPED tiotjp/openriak-kv:3.4.0-ubuntu-noble-otp26 (all platforms passed)
        2026-09-09 06:03:18 Synced OpenRiak KV 3.4.0: 17 tested Docker targets.
        2026-09-09 06:03:18 PASSED tiotjp/openriak-kv:3.4.0-ubuntu-noble-otp26 (duration 0s)
[18/35] 2026-09-09 06:03:18 tiotjp/openriak-kv:3.4.1-alpine-3.21-otp24 (linux/amd64, linux/arm64)
        2026-09-09 06:03:18 SKIPPED tiotjp/openriak-kv:3.4.1-alpine-3.21-otp24 (all platforms passed)
        2026-09-09 06:03:18 Synced OpenRiak KV 3.4.1: 2 tested Docker targets.
        2026-09-09 06:03:18 PASSED tiotjp/openriak-kv:3.4.1-alpine-3.21-otp24 (duration 0s)
[19/35] 2026-09-09 06:03:18 tiotjp/openriak-kv:3.4.1-alpine-3.21-otp26 (linux/amd64, linux/arm64)
        2026-09-09 06:03:20   SKIPPED linux/amd64 (same shared files passed)
        2026-09-09 06:03:20   Testing linux/arm64 (timeout 3600s per phase)
        2026-09-09 06:03:20     Creating Dockerfile, compose YAML files and .env for this run
        2026-09-09 06:03:21     Building image (timeout 3600s)
        2026-09-09 06:03:25     Testing single node (timeout 3600s)
        2026-09-09 06:05:37     Testing 5-node cluster (timeout 3600s)
        2026-09-09 06:41:58   PASSED linux/arm64
        2026-09-09 06:41:58   Exporting OCI image for linux/amd64, linux/arm64 with 5 tag(s)
        2026-09-09 06:42:06 Synced OpenRiak KV 3.4.1: 3 tested Docker targets.
        2026-09-09 06:42:06 PASSED tiotjp/openriak-kv:3.4.1-alpine-3.21-otp26 (duration 2276s)
[20/35] 2026-09-09 06:42:06 tiotjp/openriak-kv:3.4.1-amazon-linux-2023-otp26 (linux/amd64, linux/arm64)
        2026-09-09 06:42:06   Pulling amazonlinux:2023 for linux/amd64
        2026-09-09 06:42:08   Pulling amazonlinux:2023 for linux/arm64
        2026-09-09 06:42:10   Testing linux/amd64 (timeout 3600s per phase)
        2026-09-09 06:42:10     Creating Dockerfile, compose YAML files and .env for this run
        2026-09-09 06:42:10     Building image (timeout 3600s)
        2026-09-09 06:42:15     Testing single node (timeout 3600s)
        2026-09-09 06:42:50     Testing 5-node cluster (timeout 3600s)
        2026-09-09 06:47:04   PASSED linux/amd64
        2026-09-09 06:47:04   Testing linux/arm64 (timeout 3600s per phase)
        2026-09-09 06:47:04     Creating Dockerfile, compose YAML files and .env for this run
        2026-09-09 06:47:04     Building image (timeout 3600s)
        2026-09-09 06:47:13     Testing single node (timeout 3600s)
        2026-09-09 06:50:44     Testing 5-node cluster (timeout 3600s)
        2026-09-09 07:20:06   PASSED linux/arm64
        2026-09-09 07:20:06   Exporting OCI image for linux/amd64, linux/arm64 with 3 tag(s)
        2026-09-09 07:20:15 Synced OpenRiak KV 3.4.1: 4 tested Docker targets.
        2026-09-09 07:20:15 PASSED tiotjp/openriak-kv:3.4.1-amazon-linux-2023-otp26 (duration 2228s)
[21/35] 2026-09-09 07:20:15 tiotjp/openriak-kv:3.4.1-centos-8-otp26 (linux/amd64)
        2026-09-09 07:20:15   Pulling quay.io/centos/centos:stream8 for linux/amd64
        2026-09-09 07:20:18   Testing linux/amd64 (timeout 3600s per phase)
        2026-09-09 07:20:18     Creating Dockerfile, compose YAML files and .env for this run
        2026-09-09 07:20:18     Building image (timeout 3600s)
        2026-09-09 07:20:22     Testing single node (timeout 3600s)
        2026-09-09 07:20:54     Testing 5-node cluster (timeout 3600s)
        2026-09-09 07:24:48   PASSED linux/amd64
        2026-09-09 07:24:48   Exporting OCI image for linux/amd64 with 2 tag(s)
        2026-09-09 07:24:54 Synced OpenRiak KV 3.4.1: 5 tested Docker targets.
        2026-09-09 07:24:54 PASSED tiotjp/openriak-kv:3.4.1-centos-8-otp26 (duration 271s)
[22/35] 2026-09-09 07:24:54 tiotjp/openriak-kv:3.4.1-centos-9-otp26 (linux/amd64)
        2026-09-09 07:24:54   Pulling quay.io/centos/centos:stream9 for linux/amd64
        2026-09-09 07:24:57   Testing linux/amd64 (timeout 3600s per phase)
        2026-09-09 07:24:57     Creating Dockerfile, compose YAML files and .env for this run
        2026-09-09 07:24:57     Building image (timeout 3600s)
        2026-09-09 07:25:00     Testing single node (timeout 3600s)
        2026-09-09 07:25:35     Testing 5-node cluster (timeout 3600s)
        2026-09-09 07:29:05   PASSED linux/amd64
        2026-09-09 07:29:05   Exporting OCI image for linux/amd64 with 3 tag(s)
        2026-09-09 07:29:11 Synced OpenRiak KV 3.4.1: 6 tested Docker targets.
        2026-09-09 07:29:11 PASSED tiotjp/openriak-kv:3.4.1-centos-9-otp26 (duration 249s)
[23/35] 2026-09-09 07:29:11 tiotjp/openriak-kv:3.4.1-debian-11-otp26 (linux/amd64)
        2026-09-09 07:29:11   Pulling debian:bullseye-slim for linux/amd64
        2026-09-09 07:29:13   Testing linux/amd64 (timeout 3600s per phase)
        2026-09-09 07:29:13     Creating Dockerfile, compose YAML files and .env for this run
        2026-09-09 07:29:13     Building image (timeout 3600s)
        2026-09-09 07:29:17     Testing single node (timeout 3600s)
        2026-09-09 07:29:49     Testing 5-node cluster (timeout 3600s)
        2026-09-09 07:33:35   PASSED linux/amd64
        2026-09-09 07:33:35   Exporting OCI image for linux/amd64 with 2 tag(s)
        2026-09-09 07:33:41 Synced OpenRiak KV 3.4.1: 7 tested Docker targets.
        2026-09-09 07:33:41 PASSED tiotjp/openriak-kv:3.4.1-debian-11-otp26 (duration 262s)
[24/35] 2026-09-09 07:33:41 tiotjp/openriak-kv:3.4.1-debian-12-otp26 (linux/amd64)
        2026-09-09 07:33:41 SKIPPED tiotjp/openriak-kv:3.4.1-debian-12-otp26 (all platforms passed)
        2026-09-09 07:33:41 Synced OpenRiak KV 3.4.1: 7 tested Docker targets.
        2026-09-09 07:33:41 PASSED tiotjp/openriak-kv:3.4.1-debian-12-otp26 (duration 0s)
[25/35] 2026-09-09 07:33:41 tiotjp/openriak-kv:3.4.1-fedora-29-otp26 (linux/amd64)
        2026-09-09 07:33:41   Pulling fedora:29 for linux/amd64
        2026-09-09 07:33:43   Testing linux/amd64 (timeout 3600s per phase)
        2026-09-09 07:33:43     Creating Dockerfile, compose YAML files and .env for this run
        2026-09-09 07:33:44     Building image (timeout 3600s)
        2026-09-09 07:33:48     Testing single node (timeout 3600s)
        2026-09-09 07:34:19     Testing 5-node cluster (timeout 3600s)
        2026-09-09 07:38:00   PASSED linux/amd64
        2026-09-09 07:38:00   Exporting OCI image for linux/amd64 with 2 tag(s)
        2026-09-09 07:38:04 Synced OpenRiak KV 3.4.1: 8 tested Docker targets.
        2026-09-09 07:38:04 PASSED tiotjp/openriak-kv:3.4.1-fedora-29-otp26 (duration 256s)
[26/35] 2026-09-09 07:38:04 tiotjp/openriak-kv:3.4.1-fedora-43-otp26 (linux/amd64)
        2026-09-09 07:38:04   Pulling fedora:43 for linux/amd64
        2026-09-09 07:38:07   Testing linux/amd64 (timeout 3600s per phase)
        2026-09-09 07:38:07     Creating Dockerfile, compose YAML files and .env for this run
        2026-09-09 07:38:07     Building image (timeout 3600s)
        2026-09-09 07:38:11     Testing single node (timeout 3600s)
        2026-09-09 07:38:43     Testing 5-node cluster (timeout 3600s)
        2026-09-09 07:42:15   PASSED linux/amd64
        2026-09-09 07:42:15   Exporting OCI image for linux/amd64 with 3 tag(s)
        2026-09-09 07:42:20 Synced OpenRiak KV 3.4.1: 9 tested Docker targets.
        2026-09-09 07:42:20 PASSED tiotjp/openriak-kv:3.4.1-fedora-43-otp26 (duration 248s)
[27/35] 2026-09-09 07:42:20 tiotjp/openriak-kv:3.4.1-oracle-linux-9-otp26 (linux/amd64)
        2026-09-09 07:42:20   Pulling oraclelinux:9-slim for linux/amd64
        2026-09-09 07:42:28   Testing linux/amd64 (timeout 3600s per phase)
        2026-09-09 07:42:28     Creating Dockerfile, compose YAML files and .env for this run
        2026-09-09 07:42:28     Building image (timeout 3600s)
        2026-09-09 07:44:54     Testing single node (timeout 3600s)
        2026-09-09 07:45:30     Testing 5-node cluster (timeout 3600s)
        2026-09-09 07:48:52   PASSED linux/amd64
        2026-09-09 07:48:52   Exporting OCI image for linux/amd64 with 3 tag(s)
        2026-09-09 07:49:03 Synced OpenRiak KV 3.4.1: 10 tested Docker targets.
        2026-09-09 07:49:03 PASSED tiotjp/openriak-kv:3.4.1-oracle-linux-9-otp26 (duration 391s)
[28/35] 2026-09-09 07:49:03 tiotjp/openriak-kv:3.4.1-rhel-8-otp26 (linux/amd64)
        2026-09-09 07:49:03   Pulling registry.access.redhat.com/ubi8/ubi:8.10 for linux/amd64
        2026-09-09 07:49:15   Testing linux/amd64 (timeout 3600s per phase)
        2026-09-09 07:49:15     Creating Dockerfile, compose YAML files and .env for this run
        2026-09-09 07:49:15     Building image (timeout 3600s)
        2026-09-09 07:50:09     Testing single node (timeout 3600s)
        2026-09-09 07:50:39     Testing 5-node cluster (timeout 3600s)
        2026-09-09 07:53:58   PASSED linux/amd64
        2026-09-09 07:53:58   Exporting OCI image for linux/amd64 with 2 tag(s)
        2026-09-09 07:54:08 Synced OpenRiak KV 3.4.1: 11 tested Docker targets.
        2026-09-09 07:54:08 PASSED tiotjp/openriak-kv:3.4.1-rhel-8-otp26 (duration 296s)
[29/35] 2026-09-09 07:54:08 tiotjp/openriak-kv:3.4.1-rhel-9-otp26 (linux/amd64)
        2026-09-09 07:54:08   Pulling registry.access.redhat.com/ubi9/ubi:9.8 for linux/amd64
        2026-09-09 07:54:10   Testing linux/amd64 (timeout 3600s per phase)
        2026-09-09 07:54:10     Creating Dockerfile, compose YAML files and .env for this run
        2026-09-09 07:54:10     Building image (timeout 3600s)
        2026-09-09 07:54:14     Testing single node (timeout 3600s)
        2026-09-09 07:54:46     Testing 5-node cluster (timeout 3600s)
        2026-09-09 07:58:35   PASSED linux/amd64
        2026-09-09 07:58:35   Exporting OCI image for linux/amd64 with 3 tag(s)
        2026-09-09 07:58:42 Synced OpenRiak KV 3.4.1: 12 tested Docker targets.
        2026-09-09 07:58:42 PASSED tiotjp/openriak-kv:3.4.1-rhel-9-otp26 (duration 266s)
[30/35] 2026-09-09 07:58:42 tiotjp/openriak-kv:3.4.1-rocky-8-otp26 (linux/amd64)
        2026-09-09 07:58:42   Pulling rockylinux:8 for linux/amd64
        2026-09-09 07:58:45   Testing linux/amd64 (timeout 3600s per phase)
        2026-09-09 07:58:45     Creating Dockerfile, compose YAML files and .env for this run
        2026-09-09 07:58:45     Building image (timeout 3600s)
        2026-09-09 07:58:49     Testing single node (timeout 3600s)
        2026-09-09 07:59:20     Testing 5-node cluster (timeout 3600s)
        2026-09-09 08:03:30   PASSED linux/amd64
        2026-09-09 08:03:30   Exporting OCI image for linux/amd64 with 2 tag(s)
        2026-09-09 08:03:36 Synced OpenRiak KV 3.4.1: 13 tested Docker targets.
        2026-09-09 08:03:36 PASSED tiotjp/openriak-kv:3.4.1-rocky-8-otp26 (duration 285s)
[31/35] 2026-09-09 08:03:36 tiotjp/openriak-kv:3.4.1-rocky-9-otp26 (linux/amd64)
        2026-09-09 08:03:36   Pulling rockylinux:9 for linux/amd64
        2026-09-09 08:03:38   Testing linux/amd64 (timeout 3600s per phase)
        2026-09-09 08:03:38     Creating Dockerfile, compose YAML files and .env for this run
        2026-09-09 08:03:38     Building image (timeout 3600s)
        2026-09-09 08:03:42     Testing single node (timeout 3600s)
        2026-09-09 08:04:15     Testing 5-node cluster (timeout 3600s)
        2026-09-09 08:07:43   PASSED linux/amd64
        2026-09-09 08:07:43   Exporting OCI image for linux/amd64 with 3 tag(s)
        2026-09-09 08:07:48 Synced OpenRiak KV 3.4.1: 14 tested Docker targets.
        2026-09-09 08:07:48 PASSED tiotjp/openriak-kv:3.4.1-rocky-9-otp26 (duration 245s)
[32/35] 2026-09-09 08:07:48 tiotjp/openriak-kv:3.4.1-suse-15-sp4-otp26 (linux/amd64)
        2026-09-09 08:07:48   Pulling registry.suse.com/suse/sle15:15.4 for linux/amd64
        2026-09-09 08:07:53   Testing linux/amd64 (timeout 3600s per phase)
        2026-09-09 08:07:53     Creating Dockerfile, compose YAML files and .env for this run
        2026-09-09 08:07:53     Building image (timeout 3600s)
        2026-09-09 08:08:27     Testing single node (timeout 3600s)
        2026-09-09 08:09:01     Testing 5-node cluster (timeout 3600s)
        2026-09-09 08:12:27   PASSED linux/amd64
        2026-09-09 08:12:27   Exporting OCI image for linux/amd64 with 2 tag(s)
        2026-09-09 08:12:35 Synced OpenRiak KV 3.4.1: 15 tested Docker targets.
        2026-09-09 08:12:35 PASSED tiotjp/openriak-kv:3.4.1-suse-15-sp4-otp26 (duration 278s)
[33/35] 2026-09-09 08:12:35 tiotjp/openriak-kv:3.4.1-suse-16.0-otp26 (linux/amd64)
        2026-09-09 08:12:35   Pulling registry.suse.com/bci/bci-base:16.0 for linux/amd64
        2026-09-09 08:12:40   Testing linux/amd64 (timeout 3600s per phase)
        2026-09-09 08:12:40     Creating Dockerfile, compose YAML files and .env for this run
        2026-09-09 08:12:40     Building image (timeout 3600s)
        2026-09-09 08:13:06     Testing single node (timeout 3600s)
        2026-09-09 08:13:34     Testing 5-node cluster (timeout 3600s)
        2026-09-09 08:16:53   PASSED linux/amd64
        2026-09-09 08:16:53   Exporting OCI image for linux/amd64 with 3 tag(s)
        2026-09-09 08:17:01 Synced OpenRiak KV 3.4.1: 16 tested Docker targets.
        2026-09-09 08:17:01 PASSED tiotjp/openriak-kv:3.4.1-suse-16.0-otp26 (duration 257s)
[34/35] 2026-09-09 08:17:01 tiotjp/openriak-kv:3.4.1-ubuntu-jammy-otp26 (linux/amd64)
        2026-09-09 08:17:01   Pulling ubuntu:jammy for linux/amd64
        2026-09-09 08:17:03   Testing linux/amd64 (timeout 3600s per phase)
        2026-09-09 08:17:03     Creating Dockerfile, compose YAML files and .env for this run
        2026-09-09 08:17:04     Building image (timeout 3600s)
        2026-09-09 08:17:08     Testing single node (timeout 3600s)
        2026-09-09 08:17:36     Testing 5-node cluster (timeout 3600s)
        2026-09-09 08:20:52   PASSED linux/amd64
        2026-09-09 08:20:52   Exporting OCI image for linux/amd64 with 2 tag(s)
        2026-09-09 08:20:57 Synced OpenRiak KV 3.4.1: 17 tested Docker targets.
        2026-09-09 08:20:57 PASSED tiotjp/openriak-kv:3.4.1-ubuntu-jammy-otp26 (duration 228s)
[35/35] 2026-09-09 08:20:57 tiotjp/openriak-kv:3.4.1-ubuntu-noble-otp26 (linux/amd64, linux/arm64)
        2026-09-09 08:20:57   Pulling ubuntu:noble for linux/amd64
        2026-09-09 08:21:00   Pulling ubuntu:noble for linux/arm64
        2026-09-09 08:21:02   Testing linux/amd64 (timeout 3600s per phase)
        2026-09-09 08:21:02     Creating Dockerfile, compose YAML files and .env for this run
        2026-09-09 08:21:02     Building image (timeout 3600s)
        2026-09-09 08:21:05     Testing single node (timeout 3600s)
        2026-09-09 08:21:33     Testing 5-node cluster (timeout 3600s)
        2026-09-09 08:24:48   PASSED linux/amd64
        2026-09-09 08:24:48   Testing linux/arm64 (timeout 3600s per phase)
        2026-09-09 08:24:48     Creating Dockerfile, compose YAML files and .env for this run
        2026-09-09 08:24:48     Building image (timeout 3600s)
        2026-09-09 08:24:55     Testing single node (timeout 3600s)
        2026-09-09 08:27:11     Testing 5-node cluster (timeout 3600s)
        2026-09-09 08:54:22   PASSED linux/arm64
        2026-09-09 08:54:22   Exporting OCI image for linux/amd64, linux/arm64 with 3 tag(s)
        2026-09-09 08:54:29 Synced OpenRiak KV 3.4.1: 18 tested Docker targets.
        2026-09-09 08:54:29 PASSED tiotjp/openriak-kv:3.4.1-ubuntu-noble-otp26 (duration 1947s)
2026-09-09 08:54:29 Stopping builder openriak-kv-multiarch started for this refresh
2026-09-09 08:54:29 Synced OpenRiak KV 3.4.0: 17 tested Docker targets.
2026-09-09 08:54:29 Synced OpenRiak KV 3.4.1: 18 tested Docker targets.
2026-09-09 08:54:29 Finished 35 groups: 0 failed (duration 9985s)
