================================================================
Docker script started at 2026-09-07 21:26:42
PID:           1349350
Log file:      /home/peter/GitHub/TI-Tokyo/openriak-docs/tools/cache/openriak-docker/logs/refresh-2026-09-07_21-26-42.695795+0900-p09uc9rl.log
Version:       all
OS:            all
Architecture:  all
Namespace:     tiotjp
Vendor:        TI Tokyo
Output:        docs cache
Docs updates:  enabled
Timeout:       1800s
Cluster nodes: 5
================================================================
[01/35] 2026-09-07 21:26:42 tiotjp/openriak-kv:3.4.0-alpine-3.21-otp24 (linux/amd64, linux/arm64)
        2026-09-07 21:26:42   Pulling alpine:3.21 for linux/amd64
        2026-09-07 21:26:45   Pulling alpine:3.21 for linux/arm64
        2026-09-07 21:26:48   Testing linux/amd64 (timeout 1800s per phase)
        2026-09-07 21:26:48     Creating Dockerfile, compose YAML files and .env for this run
        2026-09-07 21:26:48     Building image (timeout 1800s)
        2026-09-07 21:26:54     Testing single node (timeout 1800s)
        2026-09-07 21:27:33     Testing 5-node cluster (timeout 1800s)
2026-09-07 21:29:21 Stopping builder openriak-kv-multiarch started for this refresh
Refresh stopped by operator; current test cleanup completed.
