================================================================
Docker script started at 2026-09-07 13:43:02
PID:           1266522
Log file:      /home/peter/GitHub/TI-Tokyo/openriak-docs/tools/cache/openriak-docker/logs/refresh-2026-09-07_13-43-02.414393+0900-4sgqfdy2.log
Version:       all
OS:            alpine-3.21-x86_64
Architecture:  x86_64, aarch64
Namespace:     tiotjp
Vendor:        TI Tokyo
Output:        docs cache
Docs updates:  enabled
Timeout:       3600s
Cluster nodes: 5
================================================================
[1/4] 2026-09-07 13:43:02 tiotjp/openriak-kv:3.4.0-alpine-3.21-otp24 (linux/amd64, linux/arm64)
      2026-09-07 13:43:03   Testing linux/amd64 (timeout 3600s per phase)
      2026-09-07 13:43:03     Creating Dockerfile, compose YAML files and .env for this run
      2026-09-07 13:43:03     Building image (timeout 3600s)
      2026-09-07 13:43:07     Testing single node (timeout 3600s)
      2026-09-07 13:43:34     Testing 5-node cluster (timeout 3600s)
