================================================================
Docker script started at 2026-09-08 22:38:11
PID:           1720775
Log file:      /home/peter/GitHub/TI-Tokyo/openriak-docs/tools/cache/openriak-docker/logs/refresh-2026-09-08_22-38-11.319683+0900-qofh0sm5.log
Version:       all
OS:            all
Architecture:  all
Namespace:     tiotjp
Vendor:        TI Tokyo
Output:        docs cache
Docs updates:  enabled
Timeout:       3600s
Cluster nodes: 5
================================================================
[01/35] 2026-09-08 22:38:11 tiotjp/openriak-kv:3.4.0-alpine-3.21-otp24 (linux/amd64, linux/arm64)
        2026-09-08 22:38:11   Pulling alpine:3.21 for linux/amd64
        2026-09-08 22:38:13   Pulling alpine:3.21 for linux/arm64
        2026-09-08 22:38:16   Testing linux/amd64 (timeout 3600s per phase)
        2026-09-08 22:38:16     Creating Dockerfile, compose YAML files and .env for this run
        2026-09-08 22:38:16     Building image (timeout 3600s)
        2026-09-08 22:38:22     Testing single node (timeout 3600s)
        2026-09-08 22:38:59     Testing 5-node cluster (timeout 3600s)
        2026-09-08 22:42:42   PASSED linux/amd64
        2026-09-08 22:42:42   Testing linux/arm64 (timeout 3600s per phase)
        2026-09-08 22:42:42     Creating Dockerfile, compose YAML files and .env for this run
        2026-09-08 22:42:43     Building image (timeout 3600s)
        2026-09-08 22:42:50     Testing single node (timeout 3600s)
        2026-09-08 22:44:42     Testing 5-node cluster (timeout 3600s)
        2026-09-08 22:59:59   PASSED linux/arm64
        2026-09-08 22:59:59   Exporting OCI image for linux/amd64, linux/arm64 with 1 tag(s)
        2026-09-08 23:00:07 Synced OpenRiak KV 3.4.0: 17 tested Docker targets.
        2026-09-08 23:00:07 PASSED tiotjp/openriak-kv:3.4.0-alpine-3.21-otp24 (duration 1234s)
[02/35] 2026-09-08 23:00:07 tiotjp/openriak-kv:3.4.0-alpine-3.21-otp26 (linux/amd64, linux/arm64)
        2026-09-08 23:00:07   Pulling alpine:3.21 for linux/amd64
        2026-09-08 23:00:08   Pulling alpine:3.21 for linux/arm64
        2026-09-08 23:00:10   Testing linux/amd64 (timeout 3600s per phase)
        2026-09-08 23:00:10     Creating Dockerfile, compose YAML files and .env for this run
        2026-09-08 23:00:11     Building image (timeout 3600s)
        2026-09-08 23:00:14     Testing single node (timeout 3600s)
        2026-09-08 23:00:51     Testing 5-node cluster (timeout 3600s)
        2026-09-08 23:04:48   PASSED linux/amd64
        2026-09-08 23:04:48   Testing linux/arm64 (timeout 3600s per phase)
        2026-09-08 23:04:48     Creating Dockerfile, compose YAML files and .env for this run
        2026-09-08 23:04:48     Building image (timeout 3600s)
        2026-09-08 23:04:55     Testing single node (timeout 3600s)
        2026-09-08 23:07:55     Testing 5-node cluster (timeout 3600s)
        2026-09-08 23:43:18   PASSED linux/arm64
        2026-09-08 23:43:18   Exporting OCI image for linux/amd64, linux/arm64 with 4 tag(s)
        2026-09-08 23:43:24 Synced OpenRiak KV 3.4.0: 17 tested Docker targets.
        2026-09-08 23:43:24 PASSED tiotjp/openriak-kv:3.4.0-alpine-3.21-otp26 (duration 2432s)
[03/35] 2026-09-08 23:43:24 tiotjp/openriak-kv:3.4.0-amazon-linux-2023-otp24 (linux/amd64, linux/arm64)
        2026-09-08 23:43:24   Pulling amazonlinux:2023 for linux/amd64
        2026-09-08 23:43:26   Pulling amazonlinux:2023 for linux/arm64
        2026-09-08 23:43:28   Testing linux/amd64 (timeout 3600s per phase)
        2026-09-08 23:43:28     Creating Dockerfile, compose YAML files and .env for this run
        2026-09-08 23:43:28     Building image (timeout 3600s)
        2026-09-08 23:43:32     Testing single node (timeout 3600s)
        2026-09-08 23:44:09     Testing 5-node cluster (timeout 3600s)
        2026-09-08 23:47:38   PASSED linux/amd64
        2026-09-08 23:47:38   Testing linux/arm64 (timeout 3600s per phase)
        2026-09-08 23:47:38     Creating Dockerfile, compose YAML files and .env for this run
        2026-09-08 23:47:38     Building image (timeout 3600s)
        2026-09-08 23:47:46     Testing single node (timeout 3600s)
        2026-09-08 23:50:42     Testing 5-node cluster (timeout 3600s)
        2026-09-09 00:15:57   PASSED linux/arm64
        2026-09-09 00:15:57   Exporting OCI image for linux/amd64, linux/arm64 with 1 tag(s)
        2026-09-09 00:16:06 Synced OpenRiak KV 3.4.0: 17 tested Docker targets.
        2026-09-09 00:16:06 PASSED tiotjp/openriak-kv:3.4.0-amazon-linux-2023-otp24 (duration 1835s)
[04/35] 2026-09-09 00:16:06 tiotjp/openriak-kv:3.4.0-amazon-linux-2023-otp26 (linux/amd64, linux/arm64)
        2026-09-09 00:16:06   Pulling amazonlinux:2023 for linux/amd64
        2026-09-09 00:16:07   Pulling amazonlinux:2023 for linux/arm64
        2026-09-09 00:16:09   Testing linux/amd64 (timeout 3600s per phase)
        2026-09-09 00:16:09     Creating Dockerfile, compose YAML files and .env for this run
        2026-09-09 00:16:09     Building image (timeout 3600s)
        2026-09-09 00:16:15     Testing single node (timeout 3600s)
        2026-09-09 00:16:55     Testing 5-node cluster (timeout 3600s)
        2026-09-09 00:21:09   PASSED linux/amd64
        2026-09-09 00:21:09   Testing linux/arm64 (timeout 3600s per phase)
        2026-09-09 00:21:09     Creating Dockerfile, compose YAML files and .env for this run
        2026-09-09 00:21:09     Building image (timeout 3600s)
        2026-09-09 00:21:18     Testing single node (timeout 3600s)
        2026-09-09 00:24:41     Testing 5-node cluster (timeout 3600s)
        2026-09-09 00:56:41   PASSED linux/arm64
        2026-09-09 00:56:41   Exporting OCI image for linux/amd64, linux/arm64 with 3 tag(s)
        2026-09-09 00:56:51 Synced OpenRiak KV 3.4.0: 17 tested Docker targets.
        2026-09-09 00:56:51 PASSED tiotjp/openriak-kv:3.4.0-amazon-linux-2023-otp26 (duration 2285s)
[05/35] 2026-09-09 00:56:51 tiotjp/openriak-kv:3.4.0-centos-9-otp26 (linux/amd64)
        2026-09-09 00:56:51   Pulling quay.io/centos/centos:stream9 for linux/amd64
        2026-09-09 00:56:55   Testing linux/amd64 (timeout 3600s per phase)
        2026-09-09 00:56:55     Creating Dockerfile, compose YAML files and .env for this run
        2026-09-09 00:56:56     Building image (timeout 3600s)
        2026-09-09 00:57:00     Testing single node (timeout 3600s)
        2026-09-09 00:57:43     Testing 5-node cluster (timeout 3600s)
        2026-09-09 01:01:38   PASSED linux/amd64
        2026-09-09 01:01:38   Exporting OCI image for linux/amd64 with 3 tag(s)
        2026-09-09 01:01:47 Synced OpenRiak KV 3.4.0: 17 tested Docker targets.
        2026-09-09 01:01:47 PASSED tiotjp/openriak-kv:3.4.0-centos-9-otp26 (duration 275s)
[06/35] 2026-09-09 01:01:47 tiotjp/openriak-kv:3.4.0-debian-12-otp24 (linux/amd64)
        2026-09-09 01:01:47 SKIPPED tiotjp/openriak-kv:3.4.0-debian-12-otp24 (all platforms passed)
        2026-09-09 01:01:47 Synced OpenRiak KV 3.4.0: 17 tested Docker targets.
        2026-09-09 01:01:47 PASSED tiotjp/openriak-kv:3.4.0-debian-12-otp24 (duration 0s)
[07/35] 2026-09-09 01:01:47 tiotjp/openriak-kv:3.4.0-debian-12-otp26 (linux/amd64)
        2026-09-09 01:01:47 SKIPPED tiotjp/openriak-kv:3.4.0-debian-12-otp26 (all platforms passed)
        2026-09-09 01:01:48 Synced OpenRiak KV 3.4.0: 17 tested Docker targets.
        2026-09-09 01:01:48 PASSED tiotjp/openriak-kv:3.4.0-debian-12-otp26 (duration 0s)
[08/35] 2026-09-09 01:01:48 tiotjp/openriak-kv:3.4.0-fedora-43-otp26 (linux/amd64)
        2026-09-09 01:01:48   Pulling fedora:43 for linux/amd64
        2026-09-09 01:01:50   Testing linux/amd64 (timeout 3600s per phase)
        2026-09-09 01:01:50     Creating Dockerfile, compose YAML files and .env for this run
        2026-09-09 01:01:50     Building image (timeout 3600s)
        2026-09-09 01:01:54     Testing single node (timeout 3600s)
        2026-09-09 01:02:32     Testing 5-node cluster (timeout 3600s)
        2026-09-09 01:06:24   PASSED linux/amd64
        2026-09-09 01:06:24   Exporting OCI image for linux/amd64 with 3 tag(s)
        2026-09-09 01:06:30 Synced OpenRiak KV 3.4.0: 17 tested Docker targets.
        2026-09-09 01:06:30 PASSED tiotjp/openriak-kv:3.4.0-fedora-43-otp26 (duration 265s)
[09/35] 2026-09-09 01:06:30 tiotjp/openriak-kv:3.4.0-oracle-linux-9-otp24 (linux/amd64)
        2026-09-09 01:06:30   Pulling oraclelinux:9-slim for linux/amd64
        2026-09-09 01:06:34   Testing linux/amd64 (timeout 3600s per phase)
        2026-09-09 01:06:34     Creating Dockerfile, compose YAML files and .env for this run
        2026-09-09 01:06:34     Building image (timeout 3600s)
        2026-09-09 01:06:39     Testing single node (timeout 3600s)
        2026-09-09 01:07:18     Testing 5-node cluster (timeout 3600s)
        2026-09-09 01:11:58   PASSED linux/amd64
        2026-09-09 01:11:58   Exporting OCI image for linux/amd64 with 1 tag(s)
        2026-09-09 01:12:06 Synced OpenRiak KV 3.4.0: 17 tested Docker targets.
        2026-09-09 01:12:06 PASSED tiotjp/openriak-kv:3.4.0-oracle-linux-9-otp24 (duration 312s)
[10/35] 2026-09-09 01:12:06 tiotjp/openriak-kv:3.4.0-oracle-linux-9-otp26 (linux/amd64)
        2026-09-09 01:12:06   Pulling oraclelinux:9-slim for linux/amd64
        2026-09-09 01:12:08   Testing linux/amd64 (timeout 3600s per phase)
        2026-09-09 01:12:08     Creating Dockerfile, compose YAML files and .env for this run
        2026-09-09 01:12:08     Building image (timeout 3600s)
        2026-09-09 01:12:12     Testing single node (timeout 3600s)
        2026-09-09 01:12:57     Testing 5-node cluster (timeout 3600s)
        2026-09-09 01:17:37   PASSED linux/amd64
        2026-09-09 01:17:37   Exporting OCI image for linux/amd64 with 3 tag(s)
        2026-09-09 01:17:45 Synced OpenRiak KV 3.4.0: 17 tested Docker targets.
        2026-09-09 01:17:45 PASSED tiotjp/openriak-kv:3.4.0-oracle-linux-9-otp26 (duration 318s)
[11/35] 2026-09-09 01:17:45 tiotjp/openriak-kv:3.4.0-rhel-9-otp26 (linux/amd64)
        2026-09-09 01:17:45   Pulling registry.access.redhat.com/ubi9/ubi:9.8 for linux/amd64
        2026-09-09 01:17:50   Testing linux/amd64 (timeout 3600s per phase)
        2026-09-09 01:17:50     Creating Dockerfile, compose YAML files and .env for this run
        2026-09-09 01:17:50     Building image (timeout 3600s)
        2026-09-09 01:17:55     Testing single node (timeout 3600s)
        2026-09-09 01:18:35     Testing 5-node cluster (timeout 3600s)
        2026-09-09 01:22:56   PASSED linux/amd64
        2026-09-09 01:22:56   Exporting OCI image for linux/amd64 with 3 tag(s)
        2026-09-09 01:23:03 Synced OpenRiak KV 3.4.0: 17 tested Docker targets.
        2026-09-09 01:23:03 PASSED tiotjp/openriak-kv:3.4.0-rhel-9-otp26 (duration 296s)
[12/35] 2026-09-09 01:23:03 tiotjp/openriak-kv:3.4.0-rocky-9-otp26 (linux/amd64)
        2026-09-09 01:23:03   Pulling rockylinux:9 for linux/amd64
        2026-09-09 01:23:05   Testing linux/amd64 (timeout 3600s per phase)
        2026-09-09 01:23:05     Creating Dockerfile, compose YAML files and .env for this run
        2026-09-09 01:23:05     Building image (timeout 3600s)
        2026-09-09 01:23:13     Testing single node (timeout 3600s)
        2026-09-09 01:23:52     Testing 5-node cluster (timeout 3600s)
        2026-09-09 01:28:01   PASSED linux/amd64
        2026-09-09 01:28:01   Exporting OCI image for linux/amd64 with 3 tag(s)
        2026-09-09 01:28:08 Synced OpenRiak KV 3.4.0: 17 tested Docker targets.
        2026-09-09 01:28:08 PASSED tiotjp/openriak-kv:3.4.0-rocky-9-otp26 (duration 284s)
[13/35] 2026-09-09 01:28:08 tiotjp/openriak-kv:3.4.0-suse-16.0-otp26 (linux/amd64)
        2026-09-09 01:28:08   Pulling registry.suse.com/bci/bci-base:16.0 for linux/amd64
        2026-09-09 01:28:13   Testing linux/amd64 (timeout 3600s per phase)
        2026-09-09 01:28:13     Creating Dockerfile, compose YAML files and .env for this run
        2026-09-09 01:28:13     Building image (timeout 3600s)
        2026-09-09 01:28:43     Testing single node (timeout 3600s)
        2026-09-09 01:29:20     Testing 5-node cluster (timeout 3600s)
        2026-09-09 01:33:11   PASSED linux/amd64
        2026-09-09 01:33:11   Exporting OCI image for linux/amd64 with 3 tag(s)
        2026-09-09 01:33:23 Synced OpenRiak KV 3.4.0: 17 tested Docker targets.
        2026-09-09 01:33:23 PASSED tiotjp/openriak-kv:3.4.0-suse-16.0-otp26 (duration 293s)
[14/35] 2026-09-09 01:33:23 tiotjp/openriak-kv:3.4.0-ubuntu-jammy-otp24 (linux/amd64)
        2026-09-09 01:33:23   Pulling ubuntu:jammy for linux/amd64
        2026-09-09 01:33:25   Testing linux/amd64 (timeout 3600s per phase)
        2026-09-09 01:33:25     Creating Dockerfile, compose YAML files and .env for this run
        2026-09-09 01:33:25     Building image (timeout 3600s)
        2026-09-09 01:33:29     Testing single node (timeout 3600s)
        2026-09-09 01:34:05     Testing 5-node cluster (timeout 3600s)
        2026-09-09 01:37:40   PASSED linux/amd64
        2026-09-09 01:37:40   Exporting OCI image for linux/amd64 with 1 tag(s)
        2026-09-09 01:37:46 Synced OpenRiak KV 3.4.0: 17 tested Docker targets.
        2026-09-09 01:37:46 PASSED tiotjp/openriak-kv:3.4.0-ubuntu-jammy-otp24 (duration 245s)
[15/35] 2026-09-09 01:37:46 tiotjp/openriak-kv:3.4.0-ubuntu-jammy-otp26 (linux/amd64)
        2026-09-09 01:37:46   Pulling ubuntu:jammy for linux/amd64
        2026-09-09 01:37:48   Testing linux/amd64 (timeout 3600s per phase)
        2026-09-09 01:37:48     Creating Dockerfile, compose YAML files and .env for this run
        2026-09-09 01:37:48     Building image (timeout 3600s)
        2026-09-09 01:37:52     Testing single node (timeout 3600s)
        2026-09-09 01:38:29     Testing 5-node cluster (timeout 3600s)
        2026-09-09 01:42:07   PASSED linux/amd64
        2026-09-09 01:42:07   Exporting OCI image for linux/amd64 with 2 tag(s)
        2026-09-09 01:42:12 Synced OpenRiak KV 3.4.0: 17 tested Docker targets.
        2026-09-09 01:42:12 PASSED tiotjp/openriak-kv:3.4.0-ubuntu-jammy-otp26 (duration 249s)
[16/35] 2026-09-09 01:42:12 tiotjp/openriak-kv:3.4.0-ubuntu-noble-otp24 (linux/amd64, linux/arm64)
        2026-09-09 01:42:12   Pulling ubuntu:noble for linux/amd64
        2026-09-09 01:42:14   Pulling ubuntu:noble for linux/arm64
        2026-09-09 01:42:16   Testing linux/amd64 (timeout 3600s per phase)
        2026-09-09 01:42:16     Creating Dockerfile, compose YAML files and .env for this run
        2026-09-09 01:42:16     Building image (timeout 3600s)
        2026-09-09 01:42:20     Testing single node (timeout 3600s)
        2026-09-09 01:42:56     Testing 5-node cluster (timeout 3600s)
        2026-09-09 01:46:29   PASSED linux/amd64
        2026-09-09 01:46:29   Testing linux/arm64 (timeout 3600s per phase)
        2026-09-09 01:46:29     Creating Dockerfile, compose YAML files and .env for this run
        2026-09-09 01:46:29     Building image (timeout 3600s)
        2026-09-09 01:46:37     Testing single node (timeout 3600s)
        2026-09-09 01:49:31     Testing 5-node cluster (timeout 3600s)
        2026-09-09 02:24:39   PASSED linux/arm64
        2026-09-09 02:24:39   Exporting OCI image for linux/amd64, linux/arm64 with 1 tag(s)
        2026-09-09 02:24:48 Synced OpenRiak KV 3.4.0: 17 tested Docker targets.
        2026-09-09 02:24:48 PASSED tiotjp/openriak-kv:3.4.0-ubuntu-noble-otp24 (duration 2382s)
[17/35] 2026-09-09 02:24:48 tiotjp/openriak-kv:3.4.0-ubuntu-noble-otp26 (linux/amd64, linux/arm64)
        2026-09-09 02:24:48   Pulling ubuntu:noble for linux/amd64
        2026-09-09 02:24:50   Pulling ubuntu:noble for linux/arm64
        2026-09-09 02:24:54   Testing linux/amd64 (timeout 3600s per phase)
        2026-09-09 02:24:54     Creating Dockerfile, compose YAML files and .env for this run
        2026-09-09 02:24:54     Building image (timeout 3600s)
        2026-09-09 02:24:58     Testing single node (timeout 3600s)
        2026-09-09 02:25:38     Testing 5-node cluster (timeout 3600s)
        2026-09-09 02:31:03   PASSED linux/amd64
        2026-09-09 02:31:03   Testing linux/arm64 (timeout 3600s per phase)
        2026-09-09 02:31:03     Creating Dockerfile, compose YAML files and .env for this run
        2026-09-09 02:31:03     Building image (timeout 3600s)
        2026-09-09 02:31:18     Testing single node (timeout 3600s)
        2026-09-09 02:36:02     Testing 5-node cluster (timeout 3600s)
        2026-09-09 03:17:38   PASSED linux/arm64
        2026-09-09 03:17:38   Exporting OCI image for linux/amd64, linux/arm64 with 3 tag(s)
        2026-09-09 03:17:47 Synced OpenRiak KV 3.4.0: 17 tested Docker targets.
        2026-09-09 03:17:47 PASSED tiotjp/openriak-kv:3.4.0-ubuntu-noble-otp26 (duration 2956s)
[18/35] 2026-09-09 03:17:47 tiotjp/openriak-kv:3.4.1-alpine-3.21-otp24 (linux/amd64, linux/arm64)
        2026-09-09 03:17:47   Pulling alpine:3.21 for linux/amd64
        2026-09-09 03:17:48   Pulling alpine:3.21 for linux/arm64
        2026-09-09 03:17:50   Testing linux/amd64 (timeout 3600s per phase)
        2026-09-09 03:17:50     Creating Dockerfile, compose YAML files and .env for this run
        2026-09-09 03:17:51     Building image (timeout 3600s)
        2026-09-09 03:17:55     Testing single node (timeout 3600s)
        2026-09-09 03:18:42     Testing 5-node cluster (timeout 3600s)
        2026-09-09 03:22:35   PASSED linux/amd64
        2026-09-09 03:22:35   Testing linux/arm64 (timeout 3600s per phase)
        2026-09-09 03:22:35     Creating Dockerfile, compose YAML files and .env for this run
        2026-09-09 03:22:36     Building image (timeout 3600s)
        2026-09-09 03:22:42     Testing single node (timeout 3600s)
        2026-09-09 03:24:44     Testing 5-node cluster (timeout 3600s)
        2026-09-09 03:40:00   PASSED linux/arm64
        2026-09-09 03:40:00   Exporting OCI image for linux/amd64, linux/arm64 with 1 tag(s)
        2026-09-09 03:40:07 Synced OpenRiak KV 3.4.1: 18 tested Docker targets.
        2026-09-09 03:40:07 PASSED tiotjp/openriak-kv:3.4.1-alpine-3.21-otp24 (duration 1247s)
[19/35] 2026-09-09 03:40:07 tiotjp/openriak-kv:3.4.1-alpine-3.21-otp26 (linux/amd64, linux/arm64)
        2026-09-09 03:40:07   Pulling alpine:3.21 for linux/amd64
        2026-09-09 03:40:09   Pulling alpine:3.21 for linux/arm64
        2026-09-09 03:40:12   Testing linux/amd64 (timeout 3600s per phase)
        2026-09-09 03:40:12     Creating Dockerfile, compose YAML files and .env for this run
        2026-09-09 03:40:12     Building image (timeout 3600s)
        2026-09-09 03:40:15     Testing single node (timeout 3600s)
        2026-09-09 03:40:53     Testing 5-node cluster (timeout 3600s)
        2026-09-09 03:44:47   PASSED linux/amd64
        2026-09-09 03:44:47   Testing linux/arm64 (timeout 3600s per phase)
        2026-09-09 03:44:47     Creating Dockerfile, compose YAML files and .env for this run
        2026-09-09 03:44:47     Building image (timeout 3600s)
        2026-09-09 03:44:53     Testing single node (timeout 3600s)
        2026-09-09 03:47:32     Testing 5-node cluster (timeout 3600s)
        2026-09-09 04:15:06     FAILED linux/arm64: OpenRiak cluster container 'openriak-kv-3.4.1-alpine-3.21-otp26-node-3-t-348876z' stopped before the cluster became ready; state='Cannot connect to the Docker daemon at unix:///var/run/docker.sock. Is the docker daemon running?'
        2026-09-09 04:15:07     Cleanup failed: Cleanup command failed: /usr/bin/docker compose --env-file /tmp/openriak-docker-3.4.1-alpine-3.21-otp26-gbygk2rq/.env.cluster --project-directory /tmp/openriak-docker-3.4.1-alpine-3.21-otp26-gbygk2rq --file /tmp/openriak-docker-3.4.1-alpine-3.21-otp26-gbygk2rq/compose.cluster.test.yaml logs --no-color; see /home/peter/GitHub/TI-Tokyo/openriak-docs/tools/cache/openriak-docker-multiarch/3.4.1/3.4.1-alpine-3.21-otp26/platforms/linux-arm64/runs/20260908T184447.348876Z/logs/cluster-compose-runtime.log
        2026-09-09 04:15:07     Cleanup failed: Cleanup command failed: /usr/bin/docker compose --env-file /tmp/openriak-docker-3.4.1-alpine-3.21-otp26-gbygk2rq/.env.cluster --project-directory /tmp/openriak-docker-3.4.1-alpine-3.21-otp26-gbygk2rq --file /tmp/openriak-docker-3.4.1-alpine-3.21-otp26-gbygk2rq/compose.cluster.test.yaml down --remove-orphans --timeout 120; see /home/peter/GitHub/TI-Tokyo/openriak-docs/tools/cache/openriak-docker-multiarch/3.4.1/3.4.1-alpine-3.21-otp26/platforms/linux-arm64/runs/20260908T184447.348876Z/logs/cluster-compose-down.log
        2026-09-09 04:15:07     Cleanup failed: Cleanup command failed: /usr/bin/docker image rm tiotjp/openriak-kv:test-3.4.1-alpine-3.21-otp26-linux-arm64-20260908t184447.348876z; see /home/peter/GitHub/TI-Tokyo/openriak-docs/tools/cache/openriak-docker-multiarch/3.4.1/3.4.1-alpine-3.21-otp26/platforms/linux-arm64/runs/20260908T184447.348876Z/logs/remove-test-image.log
        2026-09-09 04:15:07   FAILED linux/arm64
        2026-09-09 04:15:07   FAILED: One or more architecture tests failed; shared downloads will not be published
        2026-09-09 04:15:07 FAILED tiotjp/openriak-kv:3.4.1-alpine-3.21-otp26 (duration 2031s)
[20/35] 2026-09-09 04:15:07 tiotjp/openriak-kv:3.4.1-amazon-linux-2023-otp26 (linux/amd64, linux/arm64)
        2026-09-09 04:15:07   Pulling amazonlinux:2023 for linux/amd64
        2026-09-09 04:15:07   FAILED: Command failed with exit code 1: /usr/bin/docker pull --platform linux/amd64 amazonlinux:2023 (see /home/peter/GitHub/TI-Tokyo/openriak-docs/tools/cache/openriak-docker-multiarch/3.4.1/3.4.1-amazon-linux-2023-otp26/runs/20260908T191507.842618Z/logs/linux-amd64/base-image-pull.log): error getting credentials - err: exec: "docker-credential-desktop.exe": executable file not found in $PATH, out: ``
        2026-09-09 04:15:07 FAILED tiotjp/openriak-kv:3.4.1-amazon-linux-2023-otp26 (duration 0s)
[21/35] 2026-09-09 04:15:07 tiotjp/openriak-kv:3.4.1-centos-8-otp26 (linux/amd64)
        2026-09-09 04:15:08   Pulling quay.io/centos/centos:stream8 for linux/amd64
        2026-09-09 04:15:08   FAILED: Command failed with exit code 1: /usr/bin/docker pull --platform linux/amd64 quay.io/centos/centos:stream8 (see /home/peter/GitHub/TI-Tokyo/openriak-docs/tools/cache/openriak-docker-multiarch/3.4.1/3.4.1-centos-8-otp26/runs/20260908T191508.036644Z/logs/linux-amd64/base-image-pull.log): error getting credentials - err: exec: "docker-credential-desktop.exe": executable file not found in $PATH, out: ``
        2026-09-09 04:15:08 FAILED tiotjp/openriak-kv:3.4.1-centos-8-otp26 (duration 0s)
[22/35] 2026-09-09 04:15:08 tiotjp/openriak-kv:3.4.1-centos-9-otp26 (linux/amd64)
        2026-09-09 04:15:08   Pulling quay.io/centos/centos:stream9 for linux/amd64
        2026-09-09 04:15:08   FAILED: Command failed with exit code 1: /usr/bin/docker pull --platform linux/amd64 quay.io/centos/centos:stream9 (see /home/peter/GitHub/TI-Tokyo/openriak-docs/tools/cache/openriak-docker-multiarch/3.4.1/3.4.1-centos-9-otp26/runs/20260908T191508.187319Z/logs/linux-amd64/base-image-pull.log): error getting credentials - err: exec: "docker-credential-desktop.exe": executable file not found in $PATH, out: ``
        2026-09-09 04:15:08 FAILED tiotjp/openriak-kv:3.4.1-centos-9-otp26 (duration 0s)
[23/35] 2026-09-09 04:15:08 tiotjp/openriak-kv:3.4.1-debian-11-otp26 (linux/amd64)
        2026-09-09 04:15:08   Pulling debian:bullseye-slim for linux/amd64
        2026-09-09 04:15:08   FAILED: Command failed with exit code 1: /usr/bin/docker pull --platform linux/amd64 debian:bullseye-slim (see /home/peter/GitHub/TI-Tokyo/openriak-docs/tools/cache/openriak-docker-multiarch/3.4.1/3.4.1-debian-11-otp26/runs/20260908T191508.329826Z/logs/linux-amd64/base-image-pull.log): error getting credentials - err: exec: "docker-credential-desktop.exe": executable file not found in $PATH, out: ``
        2026-09-09 04:15:08 FAILED tiotjp/openriak-kv:3.4.1-debian-11-otp26 (duration 0s)
[24/35] 2026-09-09 04:15:08 tiotjp/openriak-kv:3.4.1-debian-12-otp26 (linux/amd64)
        2026-09-09 04:15:08 SKIPPED tiotjp/openriak-kv:3.4.1-debian-12-otp26 (all platforms passed)
        2026-09-09 04:15:09 Synced OpenRiak KV 3.4.1: 13 tested Docker targets.
        2026-09-09 04:15:09 PASSED tiotjp/openriak-kv:3.4.1-debian-12-otp26 (duration 1s)
[25/35] 2026-09-09 04:15:09 tiotjp/openriak-kv:3.4.1-fedora-29-otp26 (linux/amd64)
        2026-09-09 04:15:09   Pulling fedora:29 for linux/amd64
        2026-09-09 04:15:09   FAILED: Command failed with exit code 1: /usr/bin/docker pull --platform linux/amd64 fedora:29 (see /home/peter/GitHub/TI-Tokyo/openriak-docs/tools/cache/openriak-docker-multiarch/3.4.1/3.4.1-fedora-29-otp26/runs/20260908T191509.665722Z/logs/linux-amd64/base-image-pull.log): error getting credentials - err: exec: "docker-credential-desktop.exe": executable file not found in $PATH, out: ``
        2026-09-09 04:15:09 FAILED tiotjp/openriak-kv:3.4.1-fedora-29-otp26 (duration 0s)
[26/35] 2026-09-09 04:15:09 tiotjp/openriak-kv:3.4.1-fedora-43-otp26 (linux/amd64)
        2026-09-09 04:15:09   Pulling fedora:43 for linux/amd64
        2026-09-09 04:15:09   FAILED: Command failed with exit code 1: /usr/bin/docker pull --platform linux/amd64 fedora:43 (see /home/peter/GitHub/TI-Tokyo/openriak-docs/tools/cache/openriak-docker-multiarch/3.4.1/3.4.1-fedora-43-otp26/runs/20260908T191509.767334Z/logs/linux-amd64/base-image-pull.log): error getting credentials - err: exec: "docker-credential-desktop.exe": executable file not found in $PATH, out: ``
        2026-09-09 04:15:09 FAILED tiotjp/openriak-kv:3.4.1-fedora-43-otp26 (duration 0s)
[27/35] 2026-09-09 04:15:09 tiotjp/openriak-kv:3.4.1-oracle-linux-9-otp26 (linux/amd64)
        2026-09-09 04:15:09   Pulling oraclelinux:9-slim for linux/amd64
        2026-09-09 04:15:09   FAILED: Command failed with exit code 1: /usr/bin/docker pull --platform linux/amd64 oraclelinux:9-slim (see /home/peter/GitHub/TI-Tokyo/openriak-docs/tools/cache/openriak-docker-multiarch/3.4.1/3.4.1-oracle-linux-9-otp26/runs/20260908T191509.857968Z/logs/linux-amd64/base-image-pull.log): error getting credentials - err: exec: "docker-credential-desktop.exe": executable file not found in $PATH, out: ``
        2026-09-09 04:15:09 FAILED tiotjp/openriak-kv:3.4.1-oracle-linux-9-otp26 (duration 0s)
[28/35] 2026-09-09 04:15:09 tiotjp/openriak-kv:3.4.1-rhel-8-otp26 (linux/amd64)
        2026-09-09 04:15:09   Pulling registry.access.redhat.com/ubi8/ubi:8.10 for linux/amd64
        2026-09-09 04:15:09   FAILED: Command failed with exit code 1: /usr/bin/docker pull --platform linux/amd64 registry.access.redhat.com/ubi8/ubi:8.10 (see /home/peter/GitHub/TI-Tokyo/openriak-docs/tools/cache/openriak-docker-multiarch/3.4.1/3.4.1-rhel-8-otp26/runs/20260908T191509.939899Z/logs/linux-amd64/base-image-pull.log): error getting credentials - err: exec: "docker-credential-desktop.exe": executable file not found in $PATH, out: ``
        2026-09-09 04:15:09 FAILED tiotjp/openriak-kv:3.4.1-rhel-8-otp26 (duration 0s)
[29/35] 2026-09-09 04:15:09 tiotjp/openriak-kv:3.4.1-rhel-9-otp26 (linux/amd64)
        2026-09-09 04:15:10   Pulling registry.access.redhat.com/ubi9/ubi:9.8 for linux/amd64
        2026-09-09 04:15:10   FAILED: Command failed with exit code 1: /usr/bin/docker pull --platform linux/amd64 registry.access.redhat.com/ubi9/ubi:9.8 (see /home/peter/GitHub/TI-Tokyo/openriak-docs/tools/cache/openriak-docker-multiarch/3.4.1/3.4.1-rhel-9-otp26/runs/20260908T191510.020605Z/logs/linux-amd64/base-image-pull.log): error getting credentials - err: exec: "docker-credential-desktop.exe": executable file not found in $PATH, out: ``
        2026-09-09 04:15:10 FAILED tiotjp/openriak-kv:3.4.1-rhel-9-otp26 (duration 0s)
[30/35] 2026-09-09 04:15:10 tiotjp/openriak-kv:3.4.1-rocky-8-otp26 (linux/amd64)
        2026-09-09 04:15:10   Pulling rockylinux:8 for linux/amd64
        2026-09-09 04:15:10   FAILED: Command failed with exit code 1: /usr/bin/docker pull --platform linux/amd64 rockylinux:8 (see /home/peter/GitHub/TI-Tokyo/openriak-docs/tools/cache/openriak-docker-multiarch/3.4.1/3.4.1-rocky-8-otp26/runs/20260908T191510.111137Z/logs/linux-amd64/base-image-pull.log): error getting credentials - err: exec: "docker-credential-desktop.exe": executable file not found in $PATH, out: ``
        2026-09-09 04:15:10 FAILED tiotjp/openriak-kv:3.4.1-rocky-8-otp26 (duration 0s)
[31/35] 2026-09-09 04:15:10 tiotjp/openriak-kv:3.4.1-rocky-9-otp26 (linux/amd64)
        2026-09-09 04:15:10   Pulling rockylinux:9 for linux/amd64
        2026-09-09 04:15:10   FAILED: Command failed with exit code 1: /usr/bin/docker pull --platform linux/amd64 rockylinux:9 (see /home/peter/GitHub/TI-Tokyo/openriak-docs/tools/cache/openriak-docker-multiarch/3.4.1/3.4.1-rocky-9-otp26/runs/20260908T191510.195802Z/logs/linux-amd64/base-image-pull.log): error getting credentials - err: exec: "docker-credential-desktop.exe": executable file not found in $PATH, out: ``
        2026-09-09 04:15:10 FAILED tiotjp/openriak-kv:3.4.1-rocky-9-otp26 (duration 0s)
[32/35] 2026-09-09 04:15:10 tiotjp/openriak-kv:3.4.1-suse-15-sp4-otp26 (linux/amd64)
        2026-09-09 04:15:10   Pulling registry.suse.com/suse/sle15:15.4 for linux/amd64
        2026-09-09 04:15:10   FAILED: Command failed with exit code 1: /usr/bin/docker pull --platform linux/amd64 registry.suse.com/suse/sle15:15.4 (see /home/peter/GitHub/TI-Tokyo/openriak-docs/tools/cache/openriak-docker-multiarch/3.4.1/3.4.1-suse-15-sp4-otp26/runs/20260908T191510.261759Z/logs/linux-amd64/base-image-pull.log): error getting credentials - err: exec: "docker-credential-desktop.exe": executable file not found in $PATH, out: ``
        2026-09-09 04:15:10 FAILED tiotjp/openriak-kv:3.4.1-suse-15-sp4-otp26 (duration 0s)
[33/35] 2026-09-09 04:15:10 tiotjp/openriak-kv:3.4.1-suse-16.0-otp26 (linux/amd64)
        2026-09-09 04:15:10   Pulling registry.suse.com/bci/bci-base:16.0 for linux/amd64
        2026-09-09 04:15:10   FAILED: Command failed with exit code 1: /usr/bin/docker pull --platform linux/amd64 registry.suse.com/bci/bci-base:16.0 (see /home/peter/GitHub/TI-Tokyo/openriak-docs/tools/cache/openriak-docker-multiarch/3.4.1/3.4.1-suse-16.0-otp26/runs/20260908T191510.342730Z/logs/linux-amd64/base-image-pull.log): error getting credentials - err: exec: "docker-credential-desktop.exe": executable file not found in $PATH, out: ``
        2026-09-09 04:15:10 FAILED tiotjp/openriak-kv:3.4.1-suse-16.0-otp26 (duration 0s)
[34/35] 2026-09-09 04:15:10 tiotjp/openriak-kv:3.4.1-ubuntu-jammy-otp26 (linux/amd64)
        2026-09-09 04:15:10   Pulling ubuntu:jammy for linux/amd64
        2026-09-09 04:15:10   FAILED: Command failed with exit code 1: /usr/bin/docker pull --platform linux/amd64 ubuntu:jammy (see /home/peter/GitHub/TI-Tokyo/openriak-docs/tools/cache/openriak-docker-multiarch/3.4.1/3.4.1-ubuntu-jammy-otp26/runs/20260908T191510.418496Z/logs/linux-amd64/base-image-pull.log): error getting credentials - err: exec: "docker-credential-desktop.exe": executable file not found in $PATH, out: ``
        2026-09-09 04:15:10 FAILED tiotjp/openriak-kv:3.4.1-ubuntu-jammy-otp26 (duration 0s)
[35/35] 2026-09-09 04:15:10 tiotjp/openriak-kv:3.4.1-ubuntu-noble-otp26 (linux/amd64, linux/arm64)
        2026-09-09 04:15:10   Pulling ubuntu:noble for linux/amd64
        2026-09-09 04:15:10   FAILED: Command failed with exit code 1: /usr/bin/docker pull --platform linux/amd64 ubuntu:noble (see /home/peter/GitHub/TI-Tokyo/openriak-docs/tools/cache/openriak-docker-multiarch/3.4.1/3.4.1-ubuntu-noble-otp26/runs/20260908T191510.513990Z/logs/linux-amd64/base-image-pull.log): error getting credentials - err: exec: "docker-credential-desktop.exe": executable file not found in $PATH, out: ``
        2026-09-09 04:15:10 FAILED tiotjp/openriak-kv:3.4.1-ubuntu-noble-otp26 (duration 0s)
2026-09-09 04:15:10 Stopping builder openriak-kv-multiarch started for this refresh
error: Command failed with exit code 100: /usr/bin/docker buildx stop openriak-kv-multiarch (see /home/peter/GitHub/TI-Tokyo/openriak-docs/tools/cache/openriak-docker-multiarch/3.4.0/3.4.0-alpine-3.21-otp24/runs/20260908T133811.438155Z/logs/builder.log): ERROR: open /home/peter/.docker/contexts/meta: input/output error
