================================================================
Docker script started at 2026-09-08 18:42:08
PID:           1678071
Log file:      /home/peter/GitHub/TI-Tokyo/openriak-docs/tools/cache/openriak-docker/logs/refresh-2026-09-08_18-42-07.946371+0900-3zsig8ea.log
Version:       3.4.0, 3.4.1
OS:            debian-12-amd64
Architecture:  amd64
Namespace:     tiotjp
Vendor:        TI Tokyo
Output:        docs cache
Docs updates:  enabled
Timeout:       3600s
Cluster nodes: 5
================================================================
[1/3] 2026-09-08 18:42:08 tiotjp/openriak-kv:3.4.0-debian-12-otp24 (linux/amd64)
      2026-09-08 18:42:08 SKIPPED tiotjp/openriak-kv:3.4.0-debian-12-otp24 (all platforms passed)
      2026-09-08 18:42:08 Synced OpenRiak KV 3.4.0: 17 tested Docker targets.
      2026-09-08 18:42:08 PASSED tiotjp/openriak-kv:3.4.0-debian-12-otp24 (duration 0s)
[2/3] 2026-09-08 18:42:08 tiotjp/openriak-kv:3.4.0-debian-12-otp26 (linux/amd64)
      2026-09-08 18:42:08   Pulling tiotjp/debian:bookworm-slim-for-openriak for linux/amd64
      2026-09-08 18:42:11   Testing linux/amd64 (timeout 3600s per phase)
      2026-09-08 18:42:11     Creating Dockerfile, compose YAML files and .env for this run
      2026-09-08 18:42:11     Building image (timeout 3600s)
      2026-09-08 18:42:15     Testing single node (timeout 3600s)
      2026-09-08 18:42:46     Testing 5-node cluster (timeout 3600s)
      2026-09-08 18:47:19   PASSED linux/amd64
      2026-09-08 18:47:19   Exporting OCI image for linux/amd64 with 3 tag(s)
      2026-09-08 18:47:25 Synced OpenRiak KV 3.4.0: 17 tested Docker targets.
      2026-09-08 18:47:25 PASSED tiotjp/openriak-kv:3.4.0-debian-12-otp26 (duration 301s)
[3/3] 2026-09-08 18:47:25 tiotjp/openriak-kv:3.4.1-debian-12-otp26 (linux/amd64)
      2026-09-08 18:47:25   Pulling tiotjp/debian:bookworm-slim-for-openriak for linux/amd64
      2026-09-08 18:47:27   Testing linux/amd64 (timeout 3600s per phase)
      2026-09-08 18:47:27     Creating Dockerfile, compose YAML files and .env for this run
      2026-09-08 18:47:28     Building image (timeout 3600s)
      2026-09-08 18:47:31     Testing single node (timeout 3600s)
      2026-09-08 18:48:12     Testing 5-node cluster (timeout 3600s)
      2026-09-08 18:51:41   PASSED linux/amd64
      2026-09-08 18:51:41   Exporting OCI image for linux/amd64 with 3 tag(s)
      2026-09-08 18:51:46 Synced OpenRiak KV 3.4.1: 18 tested Docker targets.
      2026-09-08 18:51:46 PASSED tiotjp/openriak-kv:3.4.1-debian-12-otp26 (duration 248s)
2026-09-08 18:51:46 Stopping builder openriak-kv-multiarch started for this refresh
2026-09-08 18:51:49 Synced OpenRiak KV 3.4.0: 17 tested Docker targets.
2026-09-08 18:51:49 Synced OpenRiak KV 3.4.1: 18 tested Docker targets.
2026-09-08 18:51:49 Finished 3 groups: 0 failed (duration 550s)
