================================================================
Docker script started at 2026-09-07 11:24:41
PID:           1233540
Log file:      /home/peter/GitHub/TI-Tokyo/openriak-docs/tools/cache/openriak-docker/logs/refresh-2026-09-07_11-24-41.194841+0900-mw6e4hia.log
Version:       all
OS:            alpine-3.21-x86_64
Architecture:  x86_64, aarch64
Namespace:     tiotjp
Vendor:        TI Tokyo
Output:        docs cache
Docs updates:  enabled
Timeout:       1800s
Cluster nodes: 5
================================================================
[1/4] 2026-09-07 11:24:41 tiotjp/openriak-kv:3.4.0-alpine-3.21-otp24 (linux/amd64, linux/arm64)
      2026-09-07 11:24:41   Pulling alpine:3.21 for linux/amd64
      2026-09-07 11:24:44   Pulling alpine:3.21 for linux/arm64
      2026-09-07 11:24:47   Testing linux/amd64 (timeout 1800s per phase)
      2026-09-07 11:24:47     Creating Dockerfile, compose YAML files and .env for this run
      2026-09-07 11:24:47     Building image (timeout 1800s)
      2026-09-07 11:24:53     Testing single node (timeout 1800s)
      2026-09-07 11:25:24     Testing 5-node cluster (timeout 1800s)
      2026-09-07 11:29:13   PASSED linux/amd64
      2026-09-07 11:29:13   Testing linux/arm64 (timeout 1800s per phase)
      2026-09-07 11:29:13     Creating Dockerfile, compose YAML files and .env for this run
      2026-09-07 11:29:13     Building image (timeout 1800s)
      2026-09-07 11:29:32     Testing single node (timeout 1800s)
      2026-09-07 11:31:30     Testing 5-node cluster (timeout 1800s)
      2026-09-07 11:50:08   PASSED linux/arm64
      2026-09-07 11:50:08   Exporting OCI image for linux/amd64, linux/arm64 with 1 tag(s)
      2026-09-07 11:50:17 Synced OpenRiak KV 3.4.0: 17 tested Docker targets.
      2026-09-07 11:50:17 PASSED tiotjp/openriak-kv:3.4.0-alpine-3.21-otp24 (duration 1492s)
[2/4] 2026-09-07 11:50:17 tiotjp/openriak-kv:3.4.0-alpine-3.21-otp26 (linux/amd64, linux/arm64)
      2026-09-07 11:50:17   Pulling alpine:3.21 for linux/amd64
      2026-09-07 11:50:19   Pulling alpine:3.21 for linux/arm64
      2026-09-07 11:50:21   Testing linux/amd64 (timeout 1800s per phase)
      2026-09-07 11:50:21     Creating Dockerfile, compose YAML files and .env for this run
      2026-09-07 11:50:21     Building image (timeout 1800s)
      2026-09-07 11:50:32     Testing single node (timeout 1800s)
      2026-09-07 11:51:11     Testing 5-node cluster (timeout 1800s)
      2026-09-07 11:55:42   PASSED linux/amd64
      2026-09-07 11:55:42   Testing linux/arm64 (timeout 1800s per phase)
      2026-09-07 11:55:42     Creating Dockerfile, compose YAML files and .env for this run
      2026-09-07 11:55:42     Building image (timeout 1800s)
      2026-09-07 11:56:00     Testing single node (timeout 1800s)
      2026-09-07 11:58:51     Testing 5-node cluster (timeout 1800s)
      2026-09-07 12:29:51     FAILED linux/arm64: Docker readiness command exceeded the wait timeout: /usr/bin/docker exec openriak-kv-3.4.0-alpine-3.21-otp26-node-5-t-444133z riak admin ringready
      2026-09-07 12:31:08   FAILED linux/arm64
      2026-09-07 12:31:08   FAILED: One or more architecture tests failed; shared downloads will not be published
      2026-09-07 12:31:08 FAILED tiotjp/openriak-kv:3.4.0-alpine-3.21-otp26 (duration 2376s)
[3/4] 2026-09-07 12:31:08 tiotjp/openriak-kv:3.4.1-alpine-3.21-otp24 (linux/amd64, linux/arm64)
      2026-09-07 12:31:08   Pulling alpine:3.21 for linux/amd64
      2026-09-07 12:31:11   Pulling alpine:3.21 for linux/arm64
      2026-09-07 12:31:14   Testing linux/amd64 (timeout 1800s per phase)
      2026-09-07 12:31:14     Creating Dockerfile, compose YAML files and .env for this run
      2026-09-07 12:31:14     Building image (timeout 1800s)
      2026-09-07 12:31:27     Testing single node (timeout 1800s)
      2026-09-07 12:32:03     Testing 5-node cluster (timeout 1800s)
      2026-09-07 12:35:34   PASSED linux/amd64
      2026-09-07 12:35:34   Testing linux/arm64 (timeout 1800s per phase)
      2026-09-07 12:35:34     Creating Dockerfile, compose YAML files and .env for this run
      2026-09-07 12:35:34     Building image (timeout 1800s)
      2026-09-07 12:35:51     Testing single node (timeout 1800s)
      2026-09-07 12:37:37     Testing 5-node cluster (timeout 1800s)
      2026-09-07 12:52:51   PASSED linux/arm64
      2026-09-07 12:52:51   Exporting OCI image for linux/amd64, linux/arm64 with 1 tag(s)
      2026-09-07 12:53:01 Synced OpenRiak KV 3.4.1: 17 tested Docker targets.
      2026-09-07 12:53:01 PASSED tiotjp/openriak-kv:3.4.1-alpine-3.21-otp24 (duration 1270s)
[4/4] 2026-09-07 12:53:01 tiotjp/openriak-kv:3.4.1-alpine-3.21-otp26 (linux/amd64, linux/arm64)
      2026-09-07 12:53:01   Pulling alpine:3.21 for linux/amd64
      2026-09-07 12:53:03   Pulling alpine:3.21 for linux/arm64
      2026-09-07 12:53:05   Testing linux/amd64 (timeout 1800s per phase)
      2026-09-07 12:53:05     Creating Dockerfile, compose YAML files and .env for this run
      2026-09-07 12:53:05     Building image (timeout 1800s)
      2026-09-07 12:53:16     Testing single node (timeout 1800s)
      2026-09-07 12:53:56     Testing 5-node cluster (timeout 1800s)
      2026-09-07 12:57:54   PASSED linux/amd64
      2026-09-07 12:57:54   Testing linux/arm64 (timeout 1800s per phase)
      2026-09-07 12:57:54     Creating Dockerfile, compose YAML files and .env for this run
      2026-09-07 12:57:54     Building image (timeout 1800s)
      2026-09-07 12:58:13     Testing single node (timeout 1800s)
      2026-09-07 13:00:42     Testing 5-node cluster (timeout 1800s)
      2026-09-07 13:24:17   PASSED linux/arm64
      2026-09-07 13:24:17   Exporting OCI image for linux/amd64, linux/arm64 with 5 tag(s)
      2026-09-07 13:24:26 Synced OpenRiak KV 3.4.1: 17 tested Docker targets.
      2026-09-07 13:24:26 PASSED tiotjp/openriak-kv:3.4.1-alpine-3.21-otp26 (duration 1822s)
2026-09-07 13:24:26 Stopping builder openriak-kv-multiarch started for this refresh
2026-09-07 13:24:27 Synced OpenRiak KV 3.4.0: 16 tested Docker targets.
2026-09-07 13:24:27 Synced OpenRiak KV 3.4.1: 17 tested Docker targets.
2026-09-07 13:24:27 Finished 4 groups: 1 failed (duration 6960s)
