================================================================
Docker script started at 2026-09-08 12:51:43
PID:           1583646
Log file:      /home/peter/GitHub/TI-Tokyo/openriak-docs/tools/cache/openriak-docker/logs/refresh-2026-09-08_12-51-43.647491+0900-l3pbq8tp.log
Version:       3.4.0
OS:            all
Architecture:  all
Namespace:     tiotjp
Vendor:        TI Tokyo
Output:        docs cache
Docs updates:  enabled
Timeout:       3600s
Cluster nodes: 5
================================================================
[1/6] 2026-09-08 12:51:43 tiotjp/openriak-kv:3.4.0-alpine-3.21-otp24 (linux/amd64, linux/arm64)
      2026-09-08 12:51:43   Pulling alpine:3.21 for linux/amd64
      2026-09-08 12:51:46   Pulling alpine:3.21 for linux/arm64
      2026-09-08 12:51:51   Testing linux/amd64 (timeout 3600s per phase)
      2026-09-08 12:51:51     Creating Dockerfile, compose YAML files and .env for this run
      2026-09-08 12:51:51     Building image (timeout 3600s)
      2026-09-08 12:51:57     Testing single node (timeout 3600s)
      2026-09-08 12:52:33     Testing 5-node cluster (timeout 3600s)
      2026-09-08 12:56:48   PASSED linux/amd64
      2026-09-08 12:56:48   Testing linux/arm64 (timeout 3600s per phase)
      2026-09-08 12:56:48     Creating Dockerfile, compose YAML files and .env for this run
      2026-09-08 12:56:48     Building image (timeout 3600s)
      2026-09-08 12:56:55     Testing single node (timeout 3600s)
      2026-09-08 12:58:52     Testing 5-node cluster (timeout 3600s)
      2026-09-08 13:15:53   PASSED linux/arm64
      2026-09-08 13:15:53   Exporting OCI image for linux/amd64, linux/arm64 with 1 tag(s)
      2026-09-08 13:16:01 Synced OpenRiak KV 3.4.0: 17 tested Docker targets.
      2026-09-08 13:16:01 PASSED tiotjp/openriak-kv:3.4.0-alpine-3.21-otp24 (duration 1409s)
[2/6] 2026-09-08 13:16:01 tiotjp/openriak-kv:3.4.0-amazon-linux-2023-otp24 (linux/amd64, linux/arm64)
      2026-09-08 13:16:01   Pulling amazonlinux:2023 for linux/amd64
      2026-09-08 13:16:03   Pulling amazonlinux:2023 for linux/arm64
      2026-09-08 13:16:05   Testing linux/amd64 (timeout 3600s per phase)
      2026-09-08 13:16:05     Creating Dockerfile, compose YAML files and .env for this run
      2026-09-08 13:16:05     Building image (timeout 3600s)
      2026-09-08 13:16:09     Testing single node (timeout 3600s)
      2026-09-08 13:16:47     Testing 5-node cluster (timeout 3600s)
      2026-09-08 13:20:33   PASSED linux/amd64
      2026-09-08 13:20:33   Testing linux/arm64 (timeout 3600s per phase)
      2026-09-08 13:20:33     Creating Dockerfile, compose YAML files and .env for this run
      2026-09-08 13:20:34     Building image (timeout 3600s)
      2026-09-08 13:20:42     Testing single node (timeout 3600s)
      2026-09-08 13:23:48     Testing 5-node cluster (timeout 3600s)
      2026-09-08 13:50:55   PASSED linux/arm64
      2026-09-08 13:50:55   Exporting OCI image for linux/amd64, linux/arm64 with 1 tag(s)
      2026-09-08 13:51:05 Synced OpenRiak KV 3.4.0: 17 tested Docker targets.
      2026-09-08 13:51:05 PASSED tiotjp/openriak-kv:3.4.0-amazon-linux-2023-otp24 (duration 2030s)
[3/6] 2026-09-08 13:51:05 tiotjp/openriak-kv:3.4.0-debian-12-otp24 (linux/amd64)
      2026-09-08 13:51:05   Pulling debian:bookworm-slim for linux/amd64
      2026-09-08 13:51:08   Testing linux/amd64 (timeout 3600s per phase)
      2026-09-08 13:51:08     Creating Dockerfile, compose YAML files and .env for this run
      2026-09-08 13:51:08     Building image (timeout 3600s)
      2026-09-08 13:51:12     Testing single node (timeout 3600s)
      2026-09-08 13:51:49     Testing 5-node cluster (timeout 3600s)
      2026-09-08 13:55:20   PASSED linux/amd64
      2026-09-08 13:55:20   Exporting OCI image for linux/amd64 with 1 tag(s)
      2026-09-08 13:55:25 Synced OpenRiak KV 3.4.0: 17 tested Docker targets.
      2026-09-08 13:55:25 PASSED tiotjp/openriak-kv:3.4.0-debian-12-otp24 (duration 251s)
[4/6] 2026-09-08 13:55:25 tiotjp/openriak-kv:3.4.0-oracle-linux-9-otp24 (linux/amd64)
      2026-09-08 13:55:25   Pulling oraclelinux:9-slim for linux/amd64
      2026-09-08 13:55:27   Testing linux/amd64 (timeout 3600s per phase)
      2026-09-08 13:55:27     Creating Dockerfile, compose YAML files and .env for this run
      2026-09-08 13:55:27     Building image (timeout 3600s)
      2026-09-08 13:55:33     Testing single node (timeout 3600s)
      2026-09-08 13:56:09     Testing 5-node cluster (timeout 3600s)
      2026-09-08 13:59:44   PASSED linux/amd64
      2026-09-08 13:59:44   Exporting OCI image for linux/amd64 with 1 tag(s)
      2026-09-08 13:59:52 Synced OpenRiak KV 3.4.0: 17 tested Docker targets.
      2026-09-08 13:59:52 PASSED tiotjp/openriak-kv:3.4.0-oracle-linux-9-otp24 (duration 257s)
[5/6] 2026-09-08 13:59:52 tiotjp/openriak-kv:3.4.0-ubuntu-jammy-otp24 (linux/amd64)
      2026-09-08 13:59:52   Pulling ubuntu:jammy for linux/amd64
      2026-09-08 13:59:54   Testing linux/amd64 (timeout 3600s per phase)
      2026-09-08 13:59:54     Creating Dockerfile, compose YAML files and .env for this run
      2026-09-08 13:59:54     Building image (timeout 3600s)
      2026-09-08 13:59:58     Testing single node (timeout 3600s)
      2026-09-08 14:00:33     Testing 5-node cluster (timeout 3600s)
      2026-09-08 14:04:04   PASSED linux/amd64
      2026-09-08 14:04:04   Exporting OCI image for linux/amd64 with 1 tag(s)
      2026-09-08 14:04:10 Synced OpenRiak KV 3.4.0: 17 tested Docker targets.
      2026-09-08 14:04:10 PASSED tiotjp/openriak-kv:3.4.0-ubuntu-jammy-otp24 (duration 249s)
[6/6] 2026-09-08 14:04:10 tiotjp/openriak-kv:3.4.0-ubuntu-noble-otp24 (linux/amd64, linux/arm64)
      2026-09-08 14:04:10   Pulling ubuntu:noble for linux/amd64
      2026-09-08 14:04:12   Pulling ubuntu:noble for linux/arm64
      2026-09-08 14:04:14   Testing linux/amd64 (timeout 3600s per phase)
      2026-09-08 14:04:14     Creating Dockerfile, compose YAML files and .env for this run
      2026-09-08 14:04:14     Building image (timeout 3600s)
      2026-09-08 14:04:18     Testing single node (timeout 3600s)
      2026-09-08 14:04:52     Testing 5-node cluster (timeout 3600s)
      2026-09-08 14:09:01   PASSED linux/amd64
      2026-09-08 14:09:01   Testing linux/arm64 (timeout 3600s per phase)
      2026-09-08 14:09:01     Creating Dockerfile, compose YAML files and .env for this run
      2026-09-08 14:09:02     Building image (timeout 3600s)
      2026-09-08 14:09:11     Testing single node (timeout 3600s)
      2026-09-08 14:12:27     Testing 5-node cluster (timeout 3600s)
      2026-09-08 14:50:19   PASSED linux/arm64
      2026-09-08 14:50:19   Exporting OCI image for linux/amd64, linux/arm64 with 1 tag(s)
      2026-09-08 14:50:28 Synced OpenRiak KV 3.4.0: 17 tested Docker targets.
      2026-09-08 14:50:28 PASSED tiotjp/openriak-kv:3.4.0-ubuntu-noble-otp24 (duration 2672s)
2026-09-08 14:50:28 Stopping builder openriak-kv-multiarch started for this refresh
2026-09-08 14:50:29 Synced OpenRiak KV 3.4.0: 17 tested Docker targets.
2026-09-08 14:50:29 Finished 6 groups: 0 failed (duration 6868s)
