================================================================
Docker script started at 2026-09-07 00:49:28
PID:           1045331
Log file:      /home/peter/GitHub/TI-Tokyo/openriak-docs/tools/cache/openriak-docker/logs/refresh-2026-09-07_00-49-28.087276+0900-g342sirt.log
Version:       all
OS:            all
Architecture:  all
Namespace:     tiotjp
Vendor:        TI Tokyo
Output:        docs cache
Docs updates:  enabled
Timeout:       1800s
Cluster nodes: 5
================================================================
[01/35] 2026-09-07 00:49:28 tiotjp/openriak-kv:3.4.0-alpine-3.21-otp24 (linux/amd64, linux/arm64)
        2026-09-07 00:49:28   Pulling alpine:3.21 for linux/amd64
        2026-09-07 00:49:30   Pulling alpine:3.21 for linux/arm64
        2026-09-07 00:49:32   Testing linux/amd64 (timeout 1800s per phase)
        2026-09-07 00:49:32     Creating Dockerfile, compose YAML files and .env for this run
        2026-09-07 00:49:32     Building image (timeout 1800s)
        2026-09-07 00:49:40     Testing single node (timeout 1800s)
        2026-09-07 00:50:06     Testing 5-node cluster (timeout 1800s)
        2026-09-07 00:53:44   PASSED linux/amd64
        2026-09-07 00:53:44   Testing linux/arm64 (timeout 1800s per phase)
        2026-09-07 00:53:44     Creating Dockerfile, compose YAML files and .env for this run
        2026-09-07 00:53:44     Building image (timeout 1800s)
        2026-09-07 00:54:12     Testing single node (timeout 1800s)
        2026-09-07 00:55:46     Testing 5-node cluster (timeout 1800s)
        2026-09-07 01:07:02   PASSED linux/arm64
        2026-09-07 01:07:02   Exporting OCI image for linux/amd64, linux/arm64 with 1 tag(s)
        2026-09-07 01:07:10 Synced OpenRiak KV 3.4.0: 1 tested Docker targets.
        2026-09-07 01:07:10 PASSED tiotjp/openriak-kv:3.4.0-alpine-3.21-otp24 (duration 992s)
[02/35] 2026-09-07 01:07:10 tiotjp/openriak-kv:3.4.0-alpine-3.21-otp26 (linux/amd64, linux/arm64)
        2026-09-07 01:07:10   Pulling alpine:3.21 for linux/amd64
        2026-09-07 01:07:11   Pulling alpine:3.21 for linux/arm64
        2026-09-07 01:07:13   Testing linux/amd64 (timeout 1800s per phase)
        2026-09-07 01:07:13     Creating Dockerfile, compose YAML files and .env for this run
        2026-09-07 01:07:13     Building image (timeout 1800s)
        2026-09-07 01:07:28     Testing single node (timeout 1800s)
        2026-09-07 01:08:00     Testing 5-node cluster (timeout 1800s)
        2026-09-07 01:11:21   PASSED linux/amd64
        2026-09-07 01:11:21   Testing linux/arm64 (timeout 1800s per phase)
        2026-09-07 01:11:21     Creating Dockerfile, compose YAML files and .env for this run
        2026-09-07 01:11:21     Building image (timeout 1800s)
        2026-09-07 01:11:42     Testing single node (timeout 1800s)
        2026-09-07 01:14:04     Testing 5-node cluster (timeout 1800s)
        2026-09-07 01:39:34   PASSED linux/arm64
        2026-09-07 01:39:34   Exporting OCI image for linux/amd64, linux/arm64 with 4 tag(s)
        2026-09-07 01:39:42 Synced OpenRiak KV 3.4.0: 2 tested Docker targets.
        2026-09-07 01:39:42 PASSED tiotjp/openriak-kv:3.4.0-alpine-3.21-otp26 (duration 1821s)
[03/35] 2026-09-07 01:39:42 tiotjp/openriak-kv:3.4.0-amazon-linux-2023-otp24 (linux/amd64, linux/arm64)
        2026-09-07 01:39:42   Pulling amazonlinux:2023 for linux/amd64
        2026-09-07 01:39:43   Pulling amazonlinux:2023 for linux/arm64
        2026-09-07 01:39:45   Testing linux/amd64 (timeout 1800s per phase)
        2026-09-07 01:39:45     Creating Dockerfile, compose YAML files and .env for this run
        2026-09-07 01:39:45     Building image (timeout 1800s)
        2026-09-07 01:40:25     Testing single node (timeout 1800s)
        2026-09-07 01:40:53     Testing 5-node cluster (timeout 1800s)
        2026-09-07 01:44:05   PASSED linux/amd64
        2026-09-07 01:44:05   Testing linux/arm64 (timeout 1800s per phase)
        2026-09-07 01:44:05     Creating Dockerfile, compose YAML files and .env for this run
        2026-09-07 01:44:05     Building image (timeout 1800s)
        2026-09-07 01:47:21     Testing single node (timeout 1800s)
        2026-09-07 01:49:33     Testing 5-node cluster (timeout 1800s)
        2026-09-07 02:07:42   PASSED linux/arm64
        2026-09-07 02:07:42   Exporting OCI image for linux/amd64, linux/arm64 with 1 tag(s)
        2026-09-07 02:07:52 Synced OpenRiak KV 3.4.0: 3 tested Docker targets.
        2026-09-07 02:07:52 PASSED tiotjp/openriak-kv:3.4.0-amazon-linux-2023-otp24 (duration 1576s)
[04/35] 2026-09-07 02:07:52 tiotjp/openriak-kv:3.4.0-amazon-linux-2023-otp26 (linux/amd64, linux/arm64)
        2026-09-07 02:07:52   Pulling amazonlinux:2023 for linux/amd64
        2026-09-07 02:07:55   Pulling amazonlinux:2023 for linux/arm64
        2026-09-07 02:07:56   Testing linux/amd64 (timeout 1800s per phase)
        2026-09-07 02:07:56     Creating Dockerfile, compose YAML files and .env for this run
        2026-09-07 02:07:56     Building image (timeout 1800s)
        2026-09-07 02:08:32     Testing single node (timeout 1800s)
        2026-09-07 02:09:04     Testing 5-node cluster (timeout 1800s)
        2026-09-07 02:12:24   PASSED linux/amd64
        2026-09-07 02:12:24   Testing linux/arm64 (timeout 1800s per phase)
        2026-09-07 02:12:24     Creating Dockerfile, compose YAML files and .env for this run
        2026-09-07 02:12:24     Building image (timeout 1800s)
        2026-09-07 02:15:36     Testing single node (timeout 1800s)
        2026-09-07 02:18:02     Testing 5-node cluster (timeout 1800s)
        2026-09-07 02:48:50   PASSED linux/arm64
        2026-09-07 02:48:50   Exporting OCI image for linux/amd64, linux/arm64 with 3 tag(s)
        2026-09-07 02:48:59 Synced OpenRiak KV 3.4.0: 4 tested Docker targets.
        2026-09-07 02:48:59 PASSED tiotjp/openriak-kv:3.4.0-amazon-linux-2023-otp26 (duration 2298s)
[05/35] 2026-09-07 02:48:59 tiotjp/openriak-kv:3.4.0-centos-9-otp26 (linux/amd64)
        2026-09-07 02:48:59   Pulling quay.io/centos/centos:stream9 for linux/amd64
        2026-09-07 02:49:01   Testing linux/amd64 (timeout 1800s per phase)
        2026-09-07 02:49:01     Creating Dockerfile, compose YAML files and .env for this run
        2026-09-07 02:49:01     Building image (timeout 1800s)
        2026-09-07 02:49:35     Testing single node (timeout 1800s)
        2026-09-07 02:50:06     Testing 5-node cluster (timeout 1800s)
        2026-09-07 02:53:28   PASSED linux/amd64
        2026-09-07 02:53:28   Exporting OCI image for linux/amd64 with 3 tag(s)
        2026-09-07 02:53:38 Synced OpenRiak KV 3.4.0: 5 tested Docker targets.
        2026-09-07 02:53:38 PASSED tiotjp/openriak-kv:3.4.0-centos-9-otp26 (duration 259s)
[06/35] 2026-09-07 02:53:38 tiotjp/openriak-kv:3.4.0-debian-12-otp24 (linux/amd64)
        2026-09-07 02:53:38   Pulling debian:bookworm-slim for linux/amd64
        2026-09-07 02:53:39   Testing linux/amd64 (timeout 1800s per phase)
        2026-09-07 02:53:39     Creating Dockerfile, compose YAML files and .env for this run
        2026-09-07 02:53:40     Building image (timeout 1800s)
        2026-09-07 02:54:05     Testing single node (timeout 1800s)
        2026-09-07 02:54:32     Testing 5-node cluster (timeout 1800s)
        2026-09-07 02:58:39   PASSED linux/amd64
        2026-09-07 02:58:39   Exporting OCI image for linux/amd64 with 1 tag(s)
        2026-09-07 02:58:45 Synced OpenRiak KV 3.4.0: 6 tested Docker targets.
        2026-09-07 02:58:45 PASSED tiotjp/openriak-kv:3.4.0-debian-12-otp24 (duration 287s)
[07/35] 2026-09-07 02:58:45 tiotjp/openriak-kv:3.4.0-debian-12-otp26 (linux/amd64)
        2026-09-07 02:58:45   Pulling debian:bookworm-slim for linux/amd64
        2026-09-07 02:58:47   Testing linux/amd64 (timeout 1800s per phase)
        2026-09-07 02:58:47     Creating Dockerfile, compose YAML files and .env for this run
        2026-09-07 02:58:47     Building image (timeout 1800s)
        2026-09-07 02:59:09     Testing single node (timeout 1800s)
        2026-09-07 02:59:40     Testing 5-node cluster (timeout 1800s)
        2026-09-07 03:03:21   PASSED linux/amd64
        2026-09-07 03:03:21   Exporting OCI image for linux/amd64 with 3 tag(s)
        2026-09-07 03:03:27 Synced OpenRiak KV 3.4.0: 7 tested Docker targets.
        2026-09-07 03:03:27 PASSED tiotjp/openriak-kv:3.4.0-debian-12-otp26 (duration 270s)
[08/35] 2026-09-07 03:03:27 tiotjp/openriak-kv:3.4.0-fedora-43-otp26 (linux/amd64)
        2026-09-07 03:03:27   Pulling fedora:43 for linux/amd64
        2026-09-07 03:03:29   Testing linux/amd64 (timeout 1800s per phase)
        2026-09-07 03:03:29     Creating Dockerfile, compose YAML files and .env for this run
        2026-09-07 03:03:29     Building image (timeout 1800s)
        2026-09-07 03:03:58     Testing single node (timeout 1800s)
        2026-09-07 03:04:28     Testing 5-node cluster (timeout 1800s)
        2026-09-07 03:07:48   PASSED linux/amd64
        2026-09-07 03:07:48   Exporting OCI image for linux/amd64 with 3 tag(s)
        2026-09-07 03:07:54 Synced OpenRiak KV 3.4.0: 8 tested Docker targets.
        2026-09-07 03:07:54 PASSED tiotjp/openriak-kv:3.4.0-fedora-43-otp26 (duration 262s)
[09/35] 2026-09-07 03:07:54 tiotjp/openriak-kv:3.4.0-oracle-linux-9-otp24 (linux/amd64)
        2026-09-07 03:07:54   Pulling oraclelinux:9-slim for linux/amd64
        2026-09-07 03:07:57   Testing linux/amd64 (timeout 1800s per phase)
        2026-09-07 03:07:57     Creating Dockerfile, compose YAML files and .env for this run
        2026-09-07 03:07:57     Building image (timeout 1800s)
        2026-09-07 03:10:08     Testing single node (timeout 1800s)
        2026-09-07 03:10:36     Testing 5-node cluster (timeout 1800s)
        2026-09-07 03:13:41   PASSED linux/amd64
        2026-09-07 03:13:41   Exporting OCI image for linux/amd64 with 1 tag(s)
        2026-09-07 03:13:51 Synced OpenRiak KV 3.4.0: 9 tested Docker targets.
        2026-09-07 03:13:51 PASSED tiotjp/openriak-kv:3.4.0-oracle-linux-9-otp24 (duration 355s)
[10/35] 2026-09-07 03:13:51 tiotjp/openriak-kv:3.4.0-oracle-linux-9-otp26 (linux/amd64)
        2026-09-07 03:13:51   Pulling oraclelinux:9-slim for linux/amd64
        2026-09-07 03:13:53   Testing linux/amd64 (timeout 1800s per phase)
        2026-09-07 03:13:53     Creating Dockerfile, compose YAML files and .env for this run
        2026-09-07 03:13:53     Building image (timeout 1800s)
        2026-09-07 03:16:03     Testing single node (timeout 1800s)
        2026-09-07 03:16:33     Testing 5-node cluster (timeout 1800s)
        2026-09-07 03:19:50   PASSED linux/amd64
        2026-09-07 03:19:50   Exporting OCI image for linux/amd64 with 3 tag(s)
        2026-09-07 03:20:00 Synced OpenRiak KV 3.4.0: 10 tested Docker targets.
        2026-09-07 03:20:00 PASSED tiotjp/openriak-kv:3.4.0-oracle-linux-9-otp26 (duration 370s)
[11/35] 2026-09-07 03:20:00 tiotjp/openriak-kv:3.4.0-rhel-9-otp26 (linux/amd64)
        2026-09-07 03:20:00   Pulling registry.access.redhat.com/ubi9/ubi:9.8 for linux/amd64
        2026-09-07 03:20:03   Testing linux/amd64 (timeout 1800s per phase)
        2026-09-07 03:20:03     Creating Dockerfile, compose YAML files and .env for this run
        2026-09-07 03:20:03     Building image (timeout 1800s)
        2026-09-07 03:20:24     Testing single node (timeout 1800s)
        2026-09-07 03:20:54     Testing 5-node cluster (timeout 1800s)
        2026-09-07 03:24:16   PASSED linux/amd64
        2026-09-07 03:24:16   Exporting OCI image for linux/amd64 with 3 tag(s)
        2026-09-07 03:24:24 Synced OpenRiak KV 3.4.0: 11 tested Docker targets.
        2026-09-07 03:24:24 PASSED tiotjp/openriak-kv:3.4.0-rhel-9-otp26 (duration 263s)
[12/35] 2026-09-07 03:24:24 tiotjp/openriak-kv:3.4.0-rocky-9-otp26 (linux/amd64)
        2026-09-07 03:24:24   Pulling rockylinux:9 for linux/amd64
        2026-09-07 03:24:26   Testing linux/amd64 (timeout 1800s per phase)
        2026-09-07 03:24:26     Creating Dockerfile, compose YAML files and .env for this run
        2026-09-07 03:24:26     Building image (timeout 1800s)
        2026-09-07 03:25:05     Testing single node (timeout 1800s)
        2026-09-07 03:25:34     Testing 5-node cluster (timeout 1800s)
        2026-09-07 03:28:56   PASSED linux/amd64
        2026-09-07 03:28:56   Exporting OCI image for linux/amd64 with 3 tag(s)
        2026-09-07 03:29:04 Synced OpenRiak KV 3.4.0: 12 tested Docker targets.
        2026-09-07 03:29:04 PASSED tiotjp/openriak-kv:3.4.0-rocky-9-otp26 (duration 280s)
[13/35] 2026-09-07 03:29:04 tiotjp/openriak-kv:3.4.0-suse-16.0-otp26 (linux/amd64)
        2026-09-07 03:29:04   Pulling registry.suse.com/bci/bci-base:16.0 for linux/amd64
        2026-09-07 03:29:09   Testing linux/amd64 (timeout 1800s per phase)
        2026-09-07 03:29:09     Creating Dockerfile, compose YAML files and .env for this run
        2026-09-07 03:29:09     Building image (timeout 1800s)
        2026-09-07 03:29:40     Testing single node (timeout 1800s)
        2026-09-07 03:30:10     Testing 5-node cluster (timeout 1800s)
        2026-09-07 03:33:28   PASSED linux/amd64
        2026-09-07 03:33:28   Exporting OCI image for linux/amd64 with 3 tag(s)
        2026-09-07 03:33:35 Synced OpenRiak KV 3.4.0: 13 tested Docker targets.
        2026-09-07 03:33:35 PASSED tiotjp/openriak-kv:3.4.0-suse-16.0-otp26 (duration 271s)
[14/35] 2026-09-07 03:33:35 tiotjp/openriak-kv:3.4.0-ubuntu-jammy-otp24 (linux/amd64)
        2026-09-07 03:33:35   Pulling ubuntu:jammy for linux/amd64
        2026-09-07 03:33:37   Testing linux/amd64 (timeout 1800s per phase)
        2026-09-07 03:33:37     Creating Dockerfile, compose YAML files and .env for this run
        2026-09-07 03:33:37     Building image (timeout 1800s)
        2026-09-07 03:34:06     Testing single node (timeout 1800s)
        2026-09-07 03:34:34     Testing 5-node cluster (timeout 1800s)
        2026-09-07 03:37:46   PASSED linux/amd64
        2026-09-07 03:37:46   Exporting OCI image for linux/amd64 with 1 tag(s)
        2026-09-07 03:37:52 Synced OpenRiak KV 3.4.0: 14 tested Docker targets.
        2026-09-07 03:37:52 PASSED tiotjp/openriak-kv:3.4.0-ubuntu-jammy-otp24 (duration 258s)
[15/35] 2026-09-07 03:37:52 tiotjp/openriak-kv:3.4.0-ubuntu-jammy-otp26 (linux/amd64)
        2026-09-07 03:37:52   Pulling ubuntu:jammy for linux/amd64
        2026-09-07 03:37:55   Testing linux/amd64 (timeout 1800s per phase)
        2026-09-07 03:37:55     Creating Dockerfile, compose YAML files and .env for this run
        2026-09-07 03:37:55     Building image (timeout 1800s)
        2026-09-07 03:38:32     Testing single node (timeout 1800s)
        2026-09-07 03:39:04     Testing 5-node cluster (timeout 1800s)
        2026-09-07 03:43:07   PASSED linux/amd64
        2026-09-07 03:43:07   Exporting OCI image for linux/amd64 with 2 tag(s)
        2026-09-07 03:43:14 Synced OpenRiak KV 3.4.0: 15 tested Docker targets.
        2026-09-07 03:43:14 PASSED tiotjp/openriak-kv:3.4.0-ubuntu-jammy-otp26 (duration 321s)
[16/35] 2026-09-07 03:43:14 tiotjp/openriak-kv:3.4.0-ubuntu-noble-otp24 (linux/amd64, linux/arm64)
        2026-09-07 03:43:14   Pulling ubuntu:noble for linux/amd64
        2026-09-07 03:43:16   Pulling ubuntu:noble for linux/arm64
        2026-09-07 03:43:17   Testing linux/amd64 (timeout 1800s per phase)
        2026-09-07 03:43:17     Creating Dockerfile, compose YAML files and .env for this run
        2026-09-07 03:43:18     Building image (timeout 1800s)
        2026-09-07 03:43:53     Testing single node (timeout 1800s)
        2026-09-07 03:44:22     Testing 5-node cluster (timeout 1800s)
        2026-09-07 03:47:36   PASSED linux/amd64
        2026-09-07 03:47:36   Testing linux/arm64 (timeout 1800s per phase)
        2026-09-07 03:47:36     Creating Dockerfile, compose YAML files and .env for this run
        2026-09-07 03:47:36     Building image (timeout 1800s)
        2026-09-07 03:49:41     Testing single node (timeout 1800s)
        2026-09-07 03:51:56     Testing 5-node cluster (timeout 1800s)
        2026-09-07 04:16:12   PASSED linux/arm64
        2026-09-07 04:16:12   Exporting OCI image for linux/amd64, linux/arm64 with 1 tag(s)
        2026-09-07 04:16:21 Synced OpenRiak KV 3.4.0: 16 tested Docker targets.
        2026-09-07 04:16:21 PASSED tiotjp/openriak-kv:3.4.0-ubuntu-noble-otp24 (duration 1986s)
[17/35] 2026-09-07 04:16:21 tiotjp/openriak-kv:3.4.0-ubuntu-noble-otp26 (linux/amd64, linux/arm64)
        2026-09-07 04:16:21   Pulling ubuntu:noble for linux/amd64
        2026-09-07 04:16:23   Pulling ubuntu:noble for linux/arm64
        2026-09-07 04:16:25   Testing linux/amd64 (timeout 1800s per phase)
        2026-09-07 04:16:25     Creating Dockerfile, compose YAML files and .env for this run
        2026-09-07 04:16:25     Building image (timeout 1800s)
        2026-09-07 04:17:05     Testing single node (timeout 1800s)
        2026-09-07 04:17:35     Testing 5-node cluster (timeout 1800s)
        2026-09-07 04:20:43   PASSED linux/amd64
        2026-09-07 04:20:43   Testing linux/arm64 (timeout 1800s per phase)
        2026-09-07 04:20:43     Creating Dockerfile, compose YAML files and .env for this run
        2026-09-07 04:20:43     Building image (timeout 1800s)
        2026-09-07 04:22:43     Testing single node (timeout 1800s)
        2026-09-07 04:25:14     Testing 5-node cluster (timeout 1800s)
        2026-09-07 04:51:20   PASSED linux/arm64
        2026-09-07 04:51:20   Exporting OCI image for linux/amd64, linux/arm64 with 3 tag(s)
        2026-09-07 04:51:29 Synced OpenRiak KV 3.4.0: 17 tested Docker targets.
        2026-09-07 04:51:29 PASSED tiotjp/openriak-kv:3.4.0-ubuntu-noble-otp26 (duration 2106s)
[18/35] 2026-09-07 04:51:29 tiotjp/openriak-kv:3.4.1-alpine-3.21-otp24 (linux/amd64, linux/arm64)
        2026-09-07 04:51:29   Pulling alpine:3.21 for linux/amd64
        2026-09-07 04:51:30   Pulling alpine:3.21 for linux/arm64
        2026-09-07 04:51:32   Testing linux/amd64 (timeout 1800s per phase)
        2026-09-07 04:51:32     Creating Dockerfile, compose YAML files and .env for this run
        2026-09-07 04:51:32     Building image (timeout 1800s)
        2026-09-07 04:51:46     Testing single node (timeout 1800s)
        2026-09-07 04:52:15     Testing 5-node cluster (timeout 1800s)
        2026-09-07 04:55:37   PASSED linux/amd64
        2026-09-07 04:55:37   Testing linux/arm64 (timeout 1800s per phase)
        2026-09-07 04:55:37     Creating Dockerfile, compose YAML files and .env for this run
        2026-09-07 04:55:37     Building image (timeout 1800s)
        2026-09-07 04:55:57     Testing single node (timeout 1800s)
        2026-09-07 04:57:27     Testing 5-node cluster (timeout 1800s)
        2026-09-07 05:09:07   PASSED linux/arm64
        2026-09-07 05:09:07   Exporting OCI image for linux/amd64, linux/arm64 with 1 tag(s)
        2026-09-07 05:09:15 Synced OpenRiak KV 3.4.1: 1 tested Docker targets.
        2026-09-07 05:09:15 PASSED tiotjp/openriak-kv:3.4.1-alpine-3.21-otp24 (duration 1065s)
[19/35] 2026-09-07 05:09:15 tiotjp/openriak-kv:3.4.1-alpine-3.21-otp26 (linux/amd64, linux/arm64)
        2026-09-07 05:09:15   Pulling alpine:3.21 for linux/amd64
        2026-09-07 05:09:17   Pulling alpine:3.21 for linux/arm64
        2026-09-07 05:09:19   Testing linux/amd64 (timeout 1800s per phase)
        2026-09-07 05:09:19     Creating Dockerfile, compose YAML files and .env for this run
        2026-09-07 05:09:19     Building image (timeout 1800s)
        2026-09-07 05:09:32     Testing single node (timeout 1800s)
        2026-09-07 05:10:04     Testing 5-node cluster (timeout 1800s)
        2026-09-07 05:14:05   PASSED linux/amd64
        2026-09-07 05:14:05   Testing linux/arm64 (timeout 1800s per phase)
        2026-09-07 05:14:05     Creating Dockerfile, compose YAML files and .env for this run
        2026-09-07 05:14:05     Building image (timeout 1800s)
        2026-09-07 05:14:26     Testing single node (timeout 1800s)
        2026-09-07 05:16:32     Testing 5-node cluster (timeout 1800s)
        2026-09-07 05:42:57   PASSED linux/arm64
        2026-09-07 05:42:57   Exporting OCI image for linux/amd64, linux/arm64 with 5 tag(s)
        2026-09-07 05:43:05 Synced OpenRiak KV 3.4.1: 2 tested Docker targets.
        2026-09-07 05:43:05 PASSED tiotjp/openriak-kv:3.4.1-alpine-3.21-otp26 (duration 2026s)
[20/35] 2026-09-07 05:43:05 tiotjp/openriak-kv:3.4.1-amazon-linux-2023-otp26 (linux/amd64, linux/arm64)
        2026-09-07 05:43:05   Pulling amazonlinux:2023 for linux/amd64
        2026-09-07 05:43:06   Pulling amazonlinux:2023 for linux/arm64
        2026-09-07 05:43:08   Testing linux/amd64 (timeout 1800s per phase)
        2026-09-07 05:43:08     Creating Dockerfile, compose YAML files and .env for this run
        2026-09-07 05:43:08     Building image (timeout 1800s)
        2026-09-07 05:43:46     Testing single node (timeout 1800s)
        2026-09-07 05:44:17     Testing 5-node cluster (timeout 1800s)
        2026-09-07 05:47:40   PASSED linux/amd64
        2026-09-07 05:47:40   Testing linux/arm64 (timeout 1800s per phase)
        2026-09-07 05:47:40     Creating Dockerfile, compose YAML files and .env for this run
        2026-09-07 05:47:40     Building image (timeout 1800s)
        2026-09-07 05:50:59     Testing single node (timeout 1800s)
        2026-09-07 05:53:42     Testing 5-node cluster (timeout 1800s)
        2026-09-07 06:23:47     FAILED linux/arm64: Docker readiness command exceeded the wait timeout: /usr/bin/docker exec openriak-kv-3.4.1-amazon-linux-2023-otp26-node-5-t-429947z riak admin transfers
        2026-09-07 06:25:03   FAILED linux/arm64
        2026-09-07 06:25:03   FAILED: One or more architecture tests failed; shared downloads will not be published
        2026-09-07 06:25:03 FAILED tiotjp/openriak-kv:3.4.1-amazon-linux-2023-otp26 (duration 2514s)
[21/35] 2026-09-07 06:25:03 tiotjp/openriak-kv:3.4.1-centos-8-otp26 (linux/amd64)
        2026-09-07 06:25:03   Pulling quay.io/centos/centos:stream8 for linux/amd64
        2026-09-07 06:25:06   Testing linux/amd64 (timeout 1800s per phase)
        2026-09-07 06:25:06     Creating Dockerfile, compose YAML files and .env for this run
        2026-09-07 06:25:06     Building image (timeout 1800s)
        2026-09-07 06:25:52     Testing single node (timeout 1800s)
        2026-09-07 06:26:26     Testing 5-node cluster (timeout 1800s)
        2026-09-07 06:30:34   PASSED linux/amd64
        2026-09-07 06:30:34   Exporting OCI image for linux/amd64 with 2 tag(s)
        2026-09-07 06:30:44 Synced OpenRiak KV 3.4.1: 3 tested Docker targets.
        2026-09-07 06:30:44 PASSED tiotjp/openriak-kv:3.4.1-centos-8-otp26 (duration 340s)
[22/35] 2026-09-07 06:30:44 tiotjp/openriak-kv:3.4.1-centos-9-otp26 (linux/amd64)
        2026-09-07 06:30:44   Pulling quay.io/centos/centos:stream9 for linux/amd64
        2026-09-07 06:30:46   Testing linux/amd64 (timeout 1800s per phase)
        2026-09-07 06:30:46     Creating Dockerfile, compose YAML files and .env for this run
        2026-09-07 06:30:46     Building image (timeout 1800s)
        2026-09-07 06:31:14     Testing single node (timeout 1800s)
        2026-09-07 06:31:49     Testing 5-node cluster (timeout 1800s)
        2026-09-07 06:35:50   PASSED linux/amd64
        2026-09-07 06:35:50   Exporting OCI image for linux/amd64 with 3 tag(s)
        2026-09-07 06:36:00 Synced OpenRiak KV 3.4.1: 4 tested Docker targets.
        2026-09-07 06:36:00 PASSED tiotjp/openriak-kv:3.4.1-centos-9-otp26 (duration 315s)
[23/35] 2026-09-07 06:36:00 tiotjp/openriak-kv:3.4.1-debian-11-otp26 (linux/amd64)
        2026-09-07 06:36:00   Pulling debian:bullseye-slim for linux/amd64
        2026-09-07 06:36:02   Testing linux/amd64 (timeout 1800s per phase)
        2026-09-07 06:36:02     Creating Dockerfile, compose YAML files and .env for this run
        2026-09-07 06:36:02     Building image (timeout 1800s)
        2026-09-07 06:36:29     Testing single node (timeout 1800s)
        2026-09-07 06:37:01     Testing 5-node cluster (timeout 1800s)
        2026-09-07 06:40:25   PASSED linux/amd64
        2026-09-07 06:40:25   Exporting OCI image for linux/amd64 with 2 tag(s)
        2026-09-07 06:40:32 Synced OpenRiak KV 3.4.1: 5 tested Docker targets.
        2026-09-07 06:40:32 PASSED tiotjp/openriak-kv:3.4.1-debian-11-otp26 (duration 271s)
[24/35] 2026-09-07 06:40:32 tiotjp/openriak-kv:3.4.1-debian-12-otp26 (linux/amd64)
        2026-09-07 06:40:32   Pulling debian:bookworm-slim for linux/amd64
        2026-09-07 06:40:34   Testing linux/amd64 (timeout 1800s per phase)
        2026-09-07 06:40:34     Creating Dockerfile, compose YAML files and .env for this run
        2026-09-07 06:40:34     Building image (timeout 1800s)
        2026-09-07 06:40:58     Testing single node (timeout 1800s)
        2026-09-07 06:41:29     Testing 5-node cluster (timeout 1800s)
        2026-09-07 06:44:48   PASSED linux/amd64
        2026-09-07 06:44:48   Exporting OCI image for linux/amd64 with 3 tag(s)
        2026-09-07 06:44:55 Synced OpenRiak KV 3.4.1: 6 tested Docker targets.
        2026-09-07 06:44:55 PASSED tiotjp/openriak-kv:3.4.1-debian-12-otp26 (duration 262s)
[25/35] 2026-09-07 06:44:55 tiotjp/openriak-kv:3.4.1-fedora-29-otp26 (linux/amd64)
        2026-09-07 06:44:55   Pulling fedora:29 for linux/amd64
        2026-09-07 06:44:57   Testing linux/amd64 (timeout 1800s per phase)
        2026-09-07 06:44:57     Creating Dockerfile, compose YAML files and .env for this run
        2026-09-07 06:44:57     Building image (timeout 1800s)
        2026-09-07 06:46:13     Testing single node (timeout 1800s)
        2026-09-07 06:46:46     Testing 5-node cluster (timeout 1800s)
        2026-09-07 06:50:55   PASSED linux/amd64
        2026-09-07 06:50:55   Exporting OCI image for linux/amd64 with 2 tag(s)
        2026-09-07 06:51:03 Synced OpenRiak KV 3.4.1: 7 tested Docker targets.
        2026-09-07 06:51:03 PASSED tiotjp/openriak-kv:3.4.1-fedora-29-otp26 (duration 368s)
[26/35] 2026-09-07 06:51:03 tiotjp/openriak-kv:3.4.1-fedora-43-otp26 (linux/amd64)
        2026-09-07 06:51:03   Pulling fedora:43 for linux/amd64
        2026-09-07 06:51:06   Testing linux/amd64 (timeout 1800s per phase)
        2026-09-07 06:51:06     Creating Dockerfile, compose YAML files and .env for this run
        2026-09-07 06:51:06     Building image (timeout 1800s)
        2026-09-07 06:51:28     Testing single node (timeout 1800s)
        2026-09-07 06:52:02     Testing 5-node cluster (timeout 1800s)
        2026-09-07 06:55:41   PASSED linux/amd64
        2026-09-07 06:55:41   Exporting OCI image for linux/amd64 with 3 tag(s)
        2026-09-07 06:55:49 Synced OpenRiak KV 3.4.1: 8 tested Docker targets.
        2026-09-07 06:55:49 PASSED tiotjp/openriak-kv:3.4.1-fedora-43-otp26 (duration 285s)
[27/35] 2026-09-07 06:55:49 tiotjp/openriak-kv:3.4.1-oracle-linux-9-otp26 (linux/amd64)
        2026-09-07 06:55:49   Pulling oraclelinux:9-slim for linux/amd64
        2026-09-07 06:55:51   Testing linux/amd64 (timeout 1800s per phase)
        2026-09-07 06:55:51     Creating Dockerfile, compose YAML files and .env for this run
        2026-09-07 06:55:51     Building image (timeout 1800s)
        2026-09-07 06:58:15     Testing single node (timeout 1800s)
        2026-09-07 06:58:48     Testing 5-node cluster (timeout 1800s)
        2026-09-07 07:02:21   PASSED linux/amd64
        2026-09-07 07:02:21   Exporting OCI image for linux/amd64 with 3 tag(s)
        2026-09-07 07:02:33 Synced OpenRiak KV 3.4.1: 9 tested Docker targets.
        2026-09-07 07:02:33 PASSED tiotjp/openriak-kv:3.4.1-oracle-linux-9-otp26 (duration 403s)
[28/35] 2026-09-07 07:02:33 tiotjp/openriak-kv:3.4.1-rhel-8-otp26 (linux/amd64)
        2026-09-07 07:02:33   Pulling registry.access.redhat.com/ubi8/ubi:8.10 for linux/amd64
        2026-09-07 07:02:36   Testing linux/amd64 (timeout 1800s per phase)
        2026-09-07 07:02:36     Creating Dockerfile, compose YAML files and .env for this run
        2026-09-07 07:02:36     Building image (timeout 1800s)
        2026-09-07 07:03:02     Testing single node (timeout 1800s)
        2026-09-07 07:03:35     Testing 5-node cluster (timeout 1800s)
        2026-09-07 07:07:12   PASSED linux/amd64
        2026-09-07 07:07:12   Exporting OCI image for linux/amd64 with 2 tag(s)
        2026-09-07 07:07:21 Synced OpenRiak KV 3.4.1: 10 tested Docker targets.
        2026-09-07 07:07:21 PASSED tiotjp/openriak-kv:3.4.1-rhel-8-otp26 (duration 287s)
[29/35] 2026-09-07 07:07:21 tiotjp/openriak-kv:3.4.1-rhel-9-otp26 (linux/amd64)
        2026-09-07 07:07:21   Pulling registry.access.redhat.com/ubi9/ubi:9.8 for linux/amd64
        2026-09-07 07:07:23   Testing linux/amd64 (timeout 1800s per phase)
        2026-09-07 07:07:23     Creating Dockerfile, compose YAML files and .env for this run
        2026-09-07 07:07:23     Building image (timeout 1800s)
        2026-09-07 07:07:38     Testing single node (timeout 1800s)
        2026-09-07 07:08:13     Testing 5-node cluster (timeout 1800s)
        2026-09-07 07:11:47   PASSED linux/amd64
        2026-09-07 07:11:47   Exporting OCI image for linux/amd64 with 3 tag(s)
        2026-09-07 07:11:56 Synced OpenRiak KV 3.4.1: 11 tested Docker targets.
        2026-09-07 07:11:56 PASSED tiotjp/openriak-kv:3.4.1-rhel-9-otp26 (duration 274s)
[30/35] 2026-09-07 07:11:56 tiotjp/openriak-kv:3.4.1-rocky-8-otp26 (linux/amd64)
        2026-09-07 07:11:56   Pulling rockylinux:8 for linux/amd64
        2026-09-07 07:11:58   Testing linux/amd64 (timeout 1800s per phase)
        2026-09-07 07:11:58     Creating Dockerfile, compose YAML files and .env for this run
        2026-09-07 07:11:58     Building image (timeout 1800s)
        2026-09-07 07:13:01     Testing single node (timeout 1800s)
        2026-09-07 07:13:35     Testing 5-node cluster (timeout 1800s)
        2026-09-07 07:17:11   PASSED linux/amd64
        2026-09-07 07:17:11   Exporting OCI image for linux/amd64 with 2 tag(s)
        2026-09-07 07:17:22 Synced OpenRiak KV 3.4.1: 12 tested Docker targets.
        2026-09-07 07:17:22 PASSED tiotjp/openriak-kv:3.4.1-rocky-8-otp26 (duration 324s)
[31/35] 2026-09-07 07:17:22 tiotjp/openriak-kv:3.4.1-rocky-9-otp26 (linux/amd64)
        2026-09-07 07:17:22   Pulling rockylinux:9 for linux/amd64
        2026-09-07 07:17:23   Testing linux/amd64 (timeout 1800s per phase)
        2026-09-07 07:17:23     Creating Dockerfile, compose YAML files and .env for this run
        2026-09-07 07:17:24     Building image (timeout 1800s)
        2026-09-07 07:18:01     Testing single node (timeout 1800s)
        2026-09-07 07:18:36     Testing 5-node cluster (timeout 1800s)
        2026-09-07 07:22:11   PASSED linux/amd64
        2026-09-07 07:22:11   Exporting OCI image for linux/amd64 with 3 tag(s)
        2026-09-07 07:22:21 Synced OpenRiak KV 3.4.1: 13 tested Docker targets.
        2026-09-07 07:22:21 PASSED tiotjp/openriak-kv:3.4.1-rocky-9-otp26 (duration 298s)
[32/35] 2026-09-07 07:22:21 tiotjp/openriak-kv:3.4.1-suse-15-sp4-otp26 (linux/amd64)
        2026-09-07 07:22:21   Pulling registry.suse.com/suse/sle15:15.4 for linux/amd64
        2026-09-07 07:22:26   Testing linux/amd64 (timeout 1800s per phase)
        2026-09-07 07:22:26     Creating Dockerfile, compose YAML files and .env for this run
        2026-09-07 07:22:26     Building image (timeout 1800s)
        2026-09-07 07:23:12     Testing single node (timeout 1800s)
        2026-09-07 07:23:43     Testing 5-node cluster (timeout 1800s)
        2026-09-07 07:27:21   PASSED linux/amd64
        2026-09-07 07:27:21   Exporting OCI image for linux/amd64 with 2 tag(s)
        2026-09-07 07:27:28 Synced OpenRiak KV 3.4.1: 14 tested Docker targets.
        2026-09-07 07:27:28 PASSED tiotjp/openriak-kv:3.4.1-suse-15-sp4-otp26 (duration 307s)
[33/35] 2026-09-07 07:27:28 tiotjp/openriak-kv:3.4.1-suse-16.0-otp26 (linux/amd64)
        2026-09-07 07:27:28   Pulling registry.suse.com/bci/bci-base:16.0 for linux/amd64
        2026-09-07 07:27:34   Testing linux/amd64 (timeout 1800s per phase)
        2026-09-07 07:27:34     Creating Dockerfile, compose YAML files and .env for this run
        2026-09-07 07:27:34     Building image (timeout 1800s)
        2026-09-07 07:27:58     Testing single node (timeout 1800s)
        2026-09-07 07:28:31     Testing 5-node cluster (timeout 1800s)
        2026-09-07 07:31:53   PASSED linux/amd64
        2026-09-07 07:31:53   Exporting OCI image for linux/amd64 with 3 tag(s)
        2026-09-07 07:32:01 Synced OpenRiak KV 3.4.1: 15 tested Docker targets.
        2026-09-07 07:32:01 PASSED tiotjp/openriak-kv:3.4.1-suse-16.0-otp26 (duration 272s)
[34/35] 2026-09-07 07:32:01 tiotjp/openriak-kv:3.4.1-ubuntu-jammy-otp26 (linux/amd64)
        2026-09-07 07:32:01   Pulling ubuntu:jammy for linux/amd64
        2026-09-07 07:32:03   Testing linux/amd64 (timeout 1800s per phase)
        2026-09-07 07:32:03     Creating Dockerfile, compose YAML files and .env for this run
        2026-09-07 07:32:04     Building image (timeout 1800s)
        2026-09-07 07:32:36     Testing single node (timeout 1800s)
        2026-09-07 07:33:12     Testing 5-node cluster (timeout 1800s)
        2026-09-07 07:36:42   PASSED linux/amd64
        2026-09-07 07:36:42   Exporting OCI image for linux/amd64 with 2 tag(s)
        2026-09-07 07:36:51 Synced OpenRiak KV 3.4.1: 16 tested Docker targets.
        2026-09-07 07:36:51 PASSED tiotjp/openriak-kv:3.4.1-ubuntu-jammy-otp26 (duration 289s)
[35/35] 2026-09-07 07:36:51 tiotjp/openriak-kv:3.4.1-ubuntu-noble-otp26 (linux/amd64, linux/arm64)
        2026-09-07 07:36:51   Pulling ubuntu:noble for linux/amd64
        2026-09-07 07:36:52   Pulling ubuntu:noble for linux/arm64
        2026-09-07 07:36:54   Testing linux/amd64 (timeout 1800s per phase)
        2026-09-07 07:36:54     Creating Dockerfile, compose YAML files and .env for this run
        2026-09-07 07:36:55     Building image (timeout 1800s)
        2026-09-07 07:37:35     Testing single node (timeout 1800s)
        2026-09-07 07:38:11     Testing 5-node cluster (timeout 1800s)
        2026-09-07 07:41:32   PASSED linux/amd64
        2026-09-07 07:41:32   Testing linux/arm64 (timeout 1800s per phase)
        2026-09-07 07:41:32     Creating Dockerfile, compose YAML files and .env for this run
        2026-09-07 07:41:32     Building image (timeout 1800s)
        2026-09-07 07:43:52     Testing single node (timeout 1800s)
        2026-09-07 07:46:09     Testing 5-node cluster (timeout 1800s)
        2026-09-07 08:18:54   PASSED linux/arm64
        2026-09-07 08:18:54   Exporting OCI image for linux/amd64, linux/arm64 with 3 tag(s)
        2026-09-07 08:19:05 Synced OpenRiak KV 3.4.1: 17 tested Docker targets.
        2026-09-07 08:19:05 PASSED tiotjp/openriak-kv:3.4.1-ubuntu-noble-otp26 (duration 2526s)
2026-09-07 08:19:05 Stopping builder openriak-kv-multiarch started for this refresh
2026-09-07 08:19:06 Synced OpenRiak KV 3.4.0: 17 tested Docker targets.
2026-09-07 08:19:06 Synced OpenRiak KV 3.4.1: 17 tested Docker targets.
2026-09-07 08:19:06 Finished 35 groups: 1 failed (duration 26404s)
