================================================================
Docker script started at 2026-09-08 20:52:00
PID:           1703575
Log file:      /home/peter/GitHub/TI-Tokyo/openriak-docs/tools/cache/openriak-docker/logs/refresh-2026-09-08_20-52-00.614116+0900-2g4fxphu.log
Version:       3.4.0, 3.4.1
OS:            debian-12-amd64
Architecture:  amd64
Namespace:     tiotjp
Vendor:        TI Tokyo
Output:        docs cache
Docs updates:  enabled
Timeout:       3600s
Cluster nodes: 5
================================================================
[1/3] 2026-09-08 20:52:00 tiotjp/openriak-kv:3.4.0-debian-12-otp24 (linux/amd64)
      2026-09-08 20:52:00   Pulling tiotjp/debian:bookworm-slim-for-openriak for linux/amd64
      2026-09-08 20:52:06   Testing linux/amd64 (timeout 3600s per phase)
      2026-09-08 20:52:06     Creating Dockerfile, compose YAML files and .env for this run
      2026-09-08 20:52:06     Building image (timeout 3600s)
      2026-09-08 20:52:10     Testing single node (timeout 3600s)
      2026-09-08 20:52:40     Testing 5-node cluster (timeout 3600s)
      2026-09-08 20:56:15   PASSED linux/amd64
      2026-09-08 20:56:15   Exporting OCI image for linux/amd64 with 1 tag(s)
      2026-09-08 20:56:23 Synced OpenRiak KV 3.4.0: 17 tested Docker targets.
      2026-09-08 20:56:23 PASSED tiotjp/openriak-kv:3.4.0-debian-12-otp24 (duration 246s)
[2/3] 2026-09-08 20:56:23 tiotjp/openriak-kv:3.4.0-debian-12-otp26 (linux/amd64)
      2026-09-08 20:56:23   Pulling tiotjp/debian:bookworm-slim-for-openriak for linux/amd64
      2026-09-08 20:56:26   Testing linux/amd64 (timeout 3600s per phase)
      2026-09-08 20:56:26     Creating Dockerfile, compose YAML files and .env for this run
      2026-09-08 20:56:26     Building image (timeout 3600s)
      2026-09-08 20:56:29     Testing single node (timeout 3600s)
      2026-09-08 20:57:07     Testing 5-node cluster (timeout 3600s)
      2026-09-08 21:01:01   PASSED linux/amd64
      2026-09-08 21:01:01   Exporting OCI image for linux/amd64 with 3 tag(s)
      2026-09-08 21:01:09 Synced OpenRiak KV 3.4.0: 17 tested Docker targets.
      2026-09-08 21:01:09 PASSED tiotjp/openriak-kv:3.4.0-debian-12-otp26 (duration 270s)
[3/3] 2026-09-08 21:01:09 tiotjp/openriak-kv:3.4.1-debian-12-otp26 (linux/amd64)
      2026-09-08 21:01:09   Pulling tiotjp/debian:bookworm-slim-for-openriak for linux/amd64
      2026-09-08 21:01:12   Testing linux/amd64 (timeout 3600s per phase)
      2026-09-08 21:01:12     Creating Dockerfile, compose YAML files and .env for this run
      2026-09-08 21:01:12     Building image (timeout 3600s)
      2026-09-08 21:01:16     Testing single node (timeout 3600s)
      2026-09-08 21:01:53     Testing 5-node cluster (timeout 3600s)
      2026-09-08 21:06:40   PASSED linux/amd64
      2026-09-08 21:06:40   Exporting OCI image for linux/amd64 with 3 tag(s)
      2026-09-08 21:06:48 Synced OpenRiak KV 3.4.1: 18 tested Docker targets.
      2026-09-08 21:06:48 PASSED tiotjp/openriak-kv:3.4.1-debian-12-otp26 (duration 319s)
2026-09-08 21:06:48 Stopping builder openriak-kv-multiarch started for this refresh
2026-09-08 21:06:49 Synced OpenRiak KV 3.4.0: 17 tested Docker targets.
2026-09-08 21:06:49 Synced OpenRiak KV 3.4.1: 18 tested Docker targets.
2026-09-08 21:06:49 Finished 3 groups: 0 failed (duration 836s)
