$ /usr/bin/docker exec openriak-kv-3.4.0-ubuntu-noble-otp26-node-4-t-041496z sh -c 'date +%z
id -u riak
id -g riak
stat -c '"'"'%u:%g'"'"' /etc/riak /var/lib/riak /var/log/riak'
started: 2026-09-11T09:29:21Z
+0900
19001
19002
19001:19002
19001:19002
19001:19002

timeout_seconds: 3600
exit_code: 0
$ /usr/bin/docker container inspect openriak-kv-3.4.0-ubuntu-noble-otp26-node-4-t-041496z
started: 2026-09-11T09:29:21Z
[
    {
        "Id": "59ef85cf873c67a2e8d77e835818c9d89cd524f1e0727324bd190d643c3fe77f",
        "Created": "2026-09-11T09:25:20.509414047Z",
        "Path": "/usr/local/bin/openriak-entrypoint",
        "Args": [],
        "State": {
            "Status": "running",
            "Running": true,
            "Paused": false,
            "Restarting": false,
            "OOMKilled": false,
            "Dead": false,
            "Pid": 96364,
            "ExitCode": 0,
            "Error": "",
            "StartedAt": "2026-09-11T09:25:20.765623953Z",
            "FinishedAt": "0001-01-01T00:00:00Z",
            "Health": {
                "Status": "healthy",
                "FailingStreak": 0,
                "Log": [
                    {
                        "Start": "2026-09-11T09:28:25.211799556Z",
                        "End": "2026-09-11T09:28:25.95599575Z",
                        "ExitCode": 0,
                        "Output": "OpenRiak healthcheck passed: BEAM is running and riak ping returned pong\n"
                    },
                    {
                        "Start": "2026-09-11T09:28:37.672827483Z",
                        "End": "2026-09-11T09:28:38.337990828Z",
                        "ExitCode": 0,
                        "Output": "OpenRiak healthcheck passed: BEAM is running and riak ping returned pong\n"
                    },
                    {
                        "Start": "2026-09-11T09:28:48.339850659Z",
                        "End": "2026-09-11T09:28:48.954553912Z",
                        "ExitCode": 0,
                        "Output": "OpenRiak healthcheck passed: BEAM is running and riak ping returned pong\n"
                    },
                    {
                        "Start": "2026-09-11T09:28:58.957492672Z",
                        "End": "2026-09-11T09:28:59.559348232Z",
                        "ExitCode": 0,
                        "Output": "OpenRiak healthcheck passed: BEAM is running and riak ping returned pong\n"
                    },
                    {
                        "Start": "2026-09-11T09:29:11.279431444Z",
                        "End": "2026-09-11T09:29:11.906427819Z",
                        "ExitCode": 0,
                        "Output": "OpenRiak healthcheck passed: BEAM is running and riak ping returned pong\n"
                    }
                ]
            }
        },
        "Image": "sha256:d89f1d914d6d0ec1ae0a560f69d65f14c45fc9a090b2d508f1b2620c64f5daa8",
        "ResolvConfPath": "/var/lib/docker/containers/59ef85cf873c67a2e8d77e835818c9d89cd524f1e0727324bd190d643c3fe77f/resolv.conf",
        "HostnamePath": "/var/lib/docker/containers/59ef85cf873c67a2e8d77e835818c9d89cd524f1e0727324bd190d643c3fe77f/hostname",
        "HostsPath": "/var/lib/docker/containers/59ef85cf873c67a2e8d77e835818c9d89cd524f1e0727324bd190d643c3fe77f/hosts",
        "LogPath": "/var/lib/docker/containers/59ef85cf873c67a2e8d77e835818c9d89cd524f1e0727324bd190d643c3fe77f/59ef85cf873c67a2e8d77e835818c9d89cd524f1e0727324bd190d643c3fe77f-json.log",
        "Name": "/openriak-kv-3.4.0-ubuntu-noble-otp26-node-4-t-041496z",
        "RestartCount": 0,
        "Driver": "overlay2",
        "Platform": "linux",
        "MountLabel": "",
        "ProcessLabel": "",
        "AppArmorProfile": "",
        "ExecIDs": null,
        "HostConfig": {
            "Binds": [
                "/tmp/openriak-docker-3.4.0-ubuntu-noble-otp26-vtvcjjqo/openriak-kv-3.4.0-ubuntu-noble-otp26-node-4/data:/var/lib/riak:rw",
                "/tmp/openriak-docker-3.4.0-ubuntu-noble-otp26-vtvcjjqo/openriak-kv-3.4.0-ubuntu-noble-otp26-node-4/logs:/var/log/riak:rw",
                "/tmp/openriak-docker-3.4.0-ubuntu-noble-otp26-vtvcjjqo/openriak-kv-3.4.0-ubuntu-noble-otp26-node-cluster-control:/var/lib/openriak-cluster-control:rw",
                "/tmp/openriak-docker-3.4.0-ubuntu-noble-otp26-vtvcjjqo/openriak-kv-3.4.0-ubuntu-noble-otp26-node-4/config:/etc/riak:rw"
            ],
            "ContainerIDFile": "",
            "LogConfig": {
                "Type": "json-file",
                "Config": {
                    "max-file": "3",
                    "max-size": "10m"
                }
            },
            "NetworkMode": "openriak-kv-340-ubuntu-noble-otp26-node-cluster_openriak",
            "PortBindings": {},
            "RestartPolicy": {
                "Name": "no",
                "MaximumRetryCount": 0
            },
            "AutoRemove": false,
            "VolumeDriver": "",
            "VolumesFrom": null,
            "ConsoleSize": [
                0,
                0
            ],
            "CapAdd": null,
            "CapDrop": null,
            "CgroupnsMode": "private",
            "Dns": null,
            "DnsOptions": null,
            "DnsSearch": null,
            "ExtraHosts": [],
            "GroupAdd": null,
            "IpcMode": "private",
            "Cgroup": "",
            "Links": null,
            "OomScoreAdj": 0,
            "PidMode": "",
            "Privileged": false,
            "PublishAllPorts": false,
            "ReadonlyRootfs": false,
            "SecurityOpt": null,
            "UTSMode": "",
            "UsernsMode": "",
            "ShmSize": 67108864,
            "Runtime": "runc",
            "Isolation": "",
            "CpuShares": 0,
            "Memory": 0,
            "NanoCpus": 0,
            "CgroupParent": "",
            "BlkioWeight": 0,
            "BlkioWeightDevice": null,
            "BlkioDeviceReadBps": null,
            "BlkioDeviceWriteBps": null,
            "BlkioDeviceReadIOps": null,
            "BlkioDeviceWriteIOps": null,
            "CpuPeriod": 0,
            "CpuQuota": 0,
            "CpuRealtimePeriod": 0,
            "CpuRealtimeRuntime": 0,
            "CpusetCpus": "",
            "CpusetMems": "",
            "Devices": null,
            "DeviceCgroupRules": null,
            "DeviceRequests": null,
            "MemoryReservation": 0,
            "MemorySwap": 0,
            "MemorySwappiness": null,
            "OomKillDisable": null,
            "PidsLimit": null,
            "Ulimits": [
                {
                    "Name": "nofile",
                    "Hard": 100000,
                    "Soft": 100000
                }
            ],
            "CpuCount": 0,
            "CpuPercent": 0,
            "IOMaximumIOps": 0,
            "IOMaximumBandwidth": 0,
            "MaskedPaths": [
                "/proc/acpi",
                "/proc/asound",
                "/proc/interrupts",
                "/proc/kcore",
                "/proc/keys",
                "/proc/latency_stats",
                "/proc/sched_debug",
                "/proc/scsi",
                "/proc/timer_list",
                "/proc/timer_stats",
                "/sys/devices/virtual/powercap",
                "/sys/firmware"
            ],
            "ReadonlyPaths": [
                "/proc/bus",
                "/proc/fs",
                "/proc/irq",
                "/proc/sys",
                "/proc/sysrq-trigger"
            ]
        },
        "GraphDriver": {
            "Data": {
                "ID": "59ef85cf873c67a2e8d77e835818c9d89cd524f1e0727324bd190d643c3fe77f",
                "LowerDir": "/var/lib/docker/overlay2/2171bb7a26954f300393146c23d46c87ba173dba60a454c452d066d95e8d7d85-init/diff:/var/lib/docker/overlay2/9cc2b600d745b881562c08265c7e3afad3a7ccc7ca4f5c6707f317aeef2a0d6b/diff:/var/lib/docker/overlay2/b0269fb64009b599c9db4965797c9f1c8af651d0d2d8e9dfa664292b064cdff3/diff:/var/lib/docker/overlay2/afa759e8c48080dd7129159647e925ca268a417ac161a1266655657eb3177fd6/diff:/var/lib/docker/overlay2/38fea185d2fa786ec82d07be2c1da336a84dd973287db8a1b7758d5fb0849bad/diff:/var/lib/docker/overlay2/849367ce97aca152b5db7c2c333d813a68efcfa1277c64a68582e37d29baced0/diff",
                "MergedDir": "/var/lib/docker/overlay2/2171bb7a26954f300393146c23d46c87ba173dba60a454c452d066d95e8d7d85/merged",
                "UpperDir": "/var/lib/docker/overlay2/2171bb7a26954f300393146c23d46c87ba173dba60a454c452d066d95e8d7d85/diff",
                "WorkDir": "/var/lib/docker/overlay2/2171bb7a26954f300393146c23d46c87ba173dba60a454c452d066d95e8d7d85/work"
            },
            "Name": "overlay2"
        },
        "Mounts": [
            {
                "Type": "bind",
                "Source": "/tmp/openriak-docker-3.4.0-ubuntu-noble-otp26-vtvcjjqo/openriak-kv-3.4.0-ubuntu-noble-otp26-node-cluster-control",
                "Destination": "/var/lib/openriak-cluster-control",
                "Mode": "rw",
                "RW": true,
                "Propagation": "rprivate"
            },
            {
                "Type": "bind",
                "Source": "/tmp/openriak-docker-3.4.0-ubuntu-noble-otp26-vtvcjjqo/openriak-kv-3.4.0-ubuntu-noble-otp26-node-4/config",
                "Destination": "/etc/riak",
                "Mode": "rw",
                "RW": true,
                "Propagation": "rprivate"
            },
            {
                "Type": "bind",
                "Source": "/tmp/openriak-docker-3.4.0-ubuntu-noble-otp26-vtvcjjqo/openriak-kv-3.4.0-ubuntu-noble-otp26-node-4/data",
                "Destination": "/var/lib/riak",
                "Mode": "rw",
                "RW": true,
                "Propagation": "rprivate"
            },
            {
                "Type": "bind",
                "Source": "/tmp/openriak-docker-3.4.0-ubuntu-noble-otp26-vtvcjjqo/openriak-kv-3.4.0-ubuntu-noble-otp26-node-4/logs",
                "Destination": "/var/log/riak",
                "Mode": "rw",
                "RW": true,
                "Propagation": "rprivate"
            }
        ],
        "Config": {
            "Hostname": "node-04.cluster-a.openriak",
            "Domainname": "",
            "User": "",
            "AttachStdin": false,
            "AttachStdout": true,
            "AttachStderr": true,
            "ExposedPorts": {
                "8087/tcp": {},
                "8098/tcp": {}
            },
            "Tty": false,
            "OpenStdin": false,
            "StdinOnce": false,
            "Env": [
                "OPENRIAK_CLUSTER_POLL_SECONDS=1",
                "TZ=Asia/Tokyo",
                "RIAK_NODE_HOST=node-04.cluster-a.openriak",
                "RIAK_MONITOR_INTERVAL_SECONDS=1",
                "OPENRIAK_CLUSTER_MODE=cluster",
                "RIAK_LOG_MAX_FILE_SIZE=2MB",
                "RIAK_DISTRIBUTED_COOKIE=openriak-fada6e77e4726a49ecd01d949d0aa50f",
                "RIAK_UID=19001",
                "RIAK_LOG_MAX_FILES=4",
                "OPENRIAK_CLUSTER_WAIT_SECONDS=3600",
                "RIAK_GID=19002",
                "PATH=/usr/local/sbin:/usr/local/bin:/usr/sbin:/usr/bin:/sbin:/bin",
                "RIAK_NODE_NAME=",
                "RIAK_RING_SIZE=8",
                "RIAK_STORAGE_BACKEND=leveled",
                "RIAK_ANTI_ENTROPY=passive",
                "RIAK_TICTACAAE_ACTIVE=active",
                "RIAK_TICTACAAE_STOREHEADS=enabled",
                "RIAK_HTTP_LISTENER=0.0.0.0:8098",
                "RIAK_PB_LISTENER=0.0.0.0:8087",
                "RIAK_NOFILE_LIMIT=100000",
                "RIAK_INIT_ONLY=0",
                "RIAK_STARTUP_POLL_SECONDS=1",
                "RIAK_SHUTDOWN_POLL_SECONDS=1",
                "OPENRIAK_CLUSTER_CONTROL_DIR=/var/lib/openriak-cluster-control",
                "role="
            ],
            "Cmd": null,
            "Healthcheck": {
                "Test": [
                    "CMD",
                    "/usr/local/bin/openriak-healthcheck"
                ],
                "Interval": 10000000000,
                "Timeout": 60000000000,
                "StartPeriod": 120000000000,
                "Retries": 3
            },
            "Image": "tiotjp/openriak-kv:test-3.4.0-ubuntu-noble-otp26-linux-amd64-20260911t091831.041496z",
            "Volumes": {
                "/etc/riak": {},
                "/var/lib/riak": {},
                "/var/log/riak": {}
            },
            "WorkingDir": "/",
            "Entrypoint": [
                "/usr/local/bin/openriak-entrypoint"
            ],
            "Labels": {
                "com.docker.compose.config-hash": "f234b14492b75756f32b44ed29c6638774741c8bb8653c9552f74d4bcff05440",
                "com.docker.compose.container-number": "1",
                "com.docker.compose.depends_on": "",
                "com.docker.compose.image": "sha256:d89f1d914d6d0ec1ae0a560f69d65f14c45fc9a090b2d508f1b2620c64f5daa8",
                "com.docker.compose.oneoff": "False",
                "com.docker.compose.project": "openriak-kv-340-ubuntu-noble-otp26-node-cluster",
                "com.docker.compose.project.config_files": "/tmp/openriak-docker-3.4.0-ubuntu-noble-otp26-vtvcjjqo/compose.cluster.test.yaml",
                "com.docker.compose.project.environment_file": "/tmp/openriak-docker-3.4.0-ubuntu-noble-otp26-vtvcjjqo/.env.cluster",
                "com.docker.compose.project.working_dir": "/tmp/openriak-docker-3.4.0-ubuntu-noble-otp26-vtvcjjqo",
                "com.docker.compose.service": "node4",
                "com.docker.compose.version": "5.4.0",
                "desktop.docker.io/wsl-distro": "Ubuntu",
                "org.opencontainers.image.description": "Package-backed OpenRiak KV with single-node and cluster startup support",
                "org.opencontainers.image.source": "https://github.com/TI-Tokyo/openriak-docs",
                "org.opencontainers.image.title": "OpenRiak KV",
                "org.opencontainers.image.url": "https://www.tiot.jp/",
                "org.opencontainers.image.vendor": "TI Tokyo",
                "org.opencontainers.image.version": "3.4.0",
                "org.openriak.image.tag": "tiotjp/openriak-kv:3.4.0-ubuntu-noble-otp26",
                "org.openriak.os.name": "ubuntu",
                "org.openriak.os.release": "noble",
                "org.openriak.os.version": "24.04",
                "org.openriak.otp.version": "26"
            },
            "StopSignal": "SIGTERM",
            "StopTimeout": 120
        },
        "NetworkSettings": {
            "SandboxID": "55f123809dae0abea4079eb11cdec2fd3f6cdc5599f8495b25cc1e98c351113a",
            "SandboxKey": "/var/run/docker/netns/55f123809dae",
            "Ports": {
                "8087/tcp": null,
                "8098/tcp": null
            },
            "Networks": {
                "openriak-kv-340-ubuntu-noble-otp26-node-cluster_openriak": {
                    "IPAMConfig": {},
                    "Links": null,
                    "Aliases": [
                        "openriak-kv-3.4.0-ubuntu-noble-otp26-node-4-t-041496z",
                        "node4",
                        "node-04.cluster-a.openriak"
                    ],
                    "DriverOpts": null,
                    "GwPriority": 0,
                    "NetworkID": "2f3b7f7d335217556f0261d90bacea5031deff3b6a4bb7186efdc0e76a396cd9",
                    "EndpointID": "d1cee752919174267ca471c73224bcac91bd5271f20badf7d2542d2e0c073c67",
                    "Gateway": "172.25.0.1",
                    "IPAddress": "172.25.0.3",
                    "MacAddress": "06:16:12:d8:e3:b0",
                    "IPPrefixLen": 16,
                    "IPv6Gateway": "",
                    "GlobalIPv6Address": "",
                    "GlobalIPv6PrefixLen": 0,
                    "DNSNames": [
                        "openriak-kv-3.4.0-ubuntu-noble-otp26-node-4-t-041496z",
                        "node4",
                        "node-04.cluster-a.openriak",
                        "59ef85cf873c"
                    ]
                }
            }
        }
    }
]

timeout_seconds: 3600
exit_code: 0
$ /usr/bin/docker exec openriak-kv-3.4.0-ubuntu-noble-otp26-node-4-t-041496z sh -ec 'test ! -e /usr/bin/perl
test ! -e /usr/bin/python3
test -s /var/lib/dpkg/status
dpkg --compare-versions "$(dpkg-query -W -f='"'"'${Version}'"'"' libc6)" ge '"'"'2.39-0ubuntu8.9'"'"'
test ! -e /bin/tar
test ! -e /usr/bin/tar
'
started: 2026-09-11T09:29:21Z

timeout_seconds: 3600
exit_code: 0
