$ /usr/bin/docker compose --env-file /tmp/openriak-docker-3.4.0-ubuntu-noble-otp26-vtvcjjqo/.env.cluster --project-directory /tmp/openriak-docker-3.4.0-ubuntu-noble-otp26-vtvcjjqo --file /tmp/openriak-docker-3.4.0-ubuntu-noble-otp26-vtvcjjqo/compose.cluster.test.yaml down --remove-orphans --timeout 120
started: 2026-09-11T09:29:29Z
 Container openriak-kv-3.4.0-ubuntu-noble-otp26-node-3-t-041496z Stopping 
 Container openriak-kv-3.4.0-ubuntu-noble-otp26-node-4-t-041496z Stopping 
 Container openriak-kv-3.4.0-ubuntu-noble-otp26-node-1-t-041496z Stopping 
 Container openriak-kv-3.4.0-ubuntu-noble-otp26-node-5-t-041496z Stopping 
 Container openriak-kv-3.4.0-ubuntu-noble-otp26-node-2-t-041496z Stopping 
 Container openriak-kv-3.4.0-ubuntu-noble-otp26-node-4-t-041496z Stopped 
 Container openriak-kv-3.4.0-ubuntu-noble-otp26-node-4-t-041496z Removing 
 Container openriak-kv-3.4.0-ubuntu-noble-otp26-node-3-t-041496z Stopped 
 Container openriak-kv-3.4.0-ubuntu-noble-otp26-node-3-t-041496z Removing 
 Container openriak-kv-3.4.0-ubuntu-noble-otp26-node-5-t-041496z Stopped 
 Container openriak-kv-3.4.0-ubuntu-noble-otp26-node-5-t-041496z Removing 
 Container openriak-kv-3.4.0-ubuntu-noble-otp26-node-1-t-041496z Stopped 
 Container openriak-kv-3.4.0-ubuntu-noble-otp26-node-1-t-041496z Removing 
 Container openriak-kv-3.4.0-ubuntu-noble-otp26-node-2-t-041496z Stopped 
 Container openriak-kv-3.4.0-ubuntu-noble-otp26-node-2-t-041496z Removing 
 Container openriak-kv-3.4.0-ubuntu-noble-otp26-node-4-t-041496z Removed 
 Container openriak-kv-3.4.0-ubuntu-noble-otp26-node-5-t-041496z Removed 
 Container openriak-kv-3.4.0-ubuntu-noble-otp26-node-2-t-041496z Removed 
 Container openriak-kv-3.4.0-ubuntu-noble-otp26-node-3-t-041496z Removed 
 Container openriak-kv-3.4.0-ubuntu-noble-otp26-node-1-t-041496z Removed 
 Network openriak-kv-340-ubuntu-noble-otp26-node-cluster_openriak Removing 
 Network openriak-kv-340-ubuntu-noble-otp26-node-cluster_openriak Removed 

timeout_seconds: 3600
exit_code: 0
