$ /usr/bin/docker compose --env-file /tmp/openriak-docker-3.4.0-ubuntu-noble-otp26-vtvcjjqo/.env.single --project-directory /tmp/openriak-docker-3.4.0-ubuntu-noble-otp26-vtvcjjqo --file /tmp/openriak-docker-3.4.0-ubuntu-noble-otp26-vtvcjjqo/compose.single.test.yaml run --rm -e RIAK_INIT_ONLY=1 node
started: 2026-09-11T09:24:51Z
 Network openriak-kv-340-ubuntu-noble-otp26-node_openriak Creating 
 Network openriak-kv-340-ubuntu-noble-otp26-node_openriak Creating 
 Network openriak-kv-340-ubuntu-noble-otp26-node_openriak Created 
 Network openriak-kv-340-ubuntu-noble-otp26-node_openriak Created 
 Container openriak-kv-340-ubuntu-noble-otp26-node-node-run-c4b76efd5c42 Creating 
 Container openriak-kv-340-ubuntu-noble-otp26-node-node-run-c4b76efd5c42 Created 
2026-09-11T18:24:52+09:00 [openriak-entrypoint] configuration: timezone = Asia/Tokyo
usermod: no changes
2026-09-11T18:24:52+09:00 [openriak-entrypoint] configuration: riak UID/GID = 19001/19002
2026-09-11T18:24:52+09:00 [openriak-entrypoint] configuration: preparing mounted directories
2026-09-11T18:24:52+09:00 [openriak-entrypoint] configuration: seeding /etc/riak from packaged defaults
2026-09-11T18:24:52+09:00 [openriak-entrypoint] configuration: current Docker IPv4 address = 172.25.0.2
2026-09-11T18:24:52+09:00 [openriak-entrypoint] configuration: nodename = openriak-kv@node-01.cluster-a.openriak
2026-09-11T18:24:52+09:00 [openriak-entrypoint] configuration: distributed_cookie = openriak-c39feb5596252a133f84f6bf277156a1
2026-09-11T18:24:52+09:00 [openriak-entrypoint] configuration: effective distributed cookie = openriak-c39feb5596252a133f84f6bf277156a1
2026-09-11T18:24:52+09:00 [openriak-entrypoint] configuration: ring_size = 8
2026-09-11T18:24:52+09:00 [openriak-entrypoint] configuration: storage_backend = leveled
2026-09-11T18:24:52+09:00 [openriak-entrypoint] configuration: anti_entropy = passive
2026-09-11T18:24:52+09:00 [openriak-entrypoint] configuration: tictacaae_active = active
2026-09-11T18:24:52+09:00 [openriak-entrypoint] configuration: tictacaae_storeheads = enabled
2026-09-11T18:24:52+09:00 [openriak-entrypoint] configuration: listener.http.internal = 0.0.0.0:8098
2026-09-11T18:24:52+09:00 [openriak-entrypoint] configuration: listener.protobuf.internal = 0.0.0.0:8087
2026-09-11T18:24:52+09:00 [openriak-entrypoint] configuration: logger.max_file_size = 2MB
2026-09-11T18:24:52+09:00 [openriak-entrypoint] configuration: logger.max_files = 4
2026-09-11T18:24:52+09:00 [openriak-entrypoint] initialization: volume setup complete; RIAK_INIT_ONLY requested

timeout_seconds: 3600
exit_code: 0
