$ /usr/bin/docker buildx build --builder openriak-kv-multiarch --load --platform linux/amd64 --pull=false --no-cache --tag tiotjp/openriak-kv:test-3.4.1-suse-15-sp4-otp26-linux-amd64-20260911t090806.024229z --file /home/peter/openriak-builds/openriak-distributed/openriak-docker-2026-09-11-b/living-room-b/20260911T084617.243958Z/results/3.4.1/3.4.1-suse-15-sp4-otp26/platforms/linux-amd64/runs/20260911T090806.024229Z/Dockerfile /home/peter/openriak-builds/openriak-distributed/openriak-docker-2026-09-11-b/living-room-b/20260911T084617.243958Z/results/3.4.1/3.4.1-suse-15-sp4-otp26/platforms/linux-amd64/runs/20260911T090806.024229Z
started: 2026-09-11T09:08:06Z
#0 building with "openriak-kv-multiarch" instance using docker-container driver

#1 [internal] load build definition from Dockerfile
#1 transferring dockerfile: 44.51kB 0.0s done
#1 DONE 0.2s

#2 resolve image config for docker-image://docker.io/docker/dockerfile:1.7
#2 DONE 0.7s

#3 docker-image://docker.io/docker/dockerfile:1.7@sha256:a57df69d0ea827fb7266491f2813635de6f17269be881f696fbfdf2d83dda33e
#3 resolve docker.io/docker/dockerfile:1.7@sha256:a57df69d0ea827fb7266491f2813635de6f17269be881f696fbfdf2d83dda33e 0.1s done
#3 CACHED

#4 [internal] load metadata for registry.suse.com/suse/sle15:15.4@sha256:5f0d026bbf4f1e90b563f69327aea6a3d8744a31c346008bf0556f732ed6236c
#4 DONE 2.9s

#5 [internal] load .dockerignore
#5 transferring context:
#5 transferring context: 2B done
#5 DONE 0.2s

#6 [internal] preparing inline document
#6 CACHED

#7 [internal] preparing inline document
#7 CACHED

#8 [install-amd64 1/2] FROM registry.suse.com/suse/sle15:15.4@sha256:5f0d026bbf4f1e90b563f69327aea6a3d8744a31c346008bf0556f732ed6236c
#8 resolve registry.suse.com/suse/sle15:15.4@sha256:5f0d026bbf4f1e90b563f69327aea6a3d8744a31c346008bf0556f732ed6236c 0.1s done
#8 DONE 0.3s

#9 [download-amd64 1/1] ADD --checksum=sha256:ffcc9ce4af826a508e4927a8c725d5e21dd6dcb565d8adba4ae3ca6ef3f146ea https://files.tiot.jp/riak/kv/3.4/3.4.1/rhel/8/riak-3.4.1.OTP26-1.el8.x86_64.rpm /riak-3.4.1.OTP26-1.el8.x86_64.rpm
#9 DONE 0.5s

#8 [install-amd64 1/2] FROM registry.suse.com/suse/sle15:15.4@sha256:5f0d026bbf4f1e90b563f69327aea6a3d8744a31c346008bf0556f732ed6236c
#8 sha256:ef5a172ef43450d733143ad7af68efceff7ad2404524ad50eacc33037c78f4bc 0B / 47.43MB 0.3s
#8 ...

#10 [download-amd64 1/1] ADD --checksum=sha256:ffcc9ce4af826a508e4927a8c725d5e21dd6dcb565d8adba4ae3ca6ef3f146ea https://files.tiot.jp/riak/kv/3.4/3.4.1/rhel/8/riak-3.4.1.OTP26-1.el8.x86_64.rpm /riak-3.4.1.OTP26-1.el8.x86_64.rpm
#10 DONE 0.1s

#8 [install-amd64 1/2] FROM registry.suse.com/suse/sle15:15.4@sha256:5f0d026bbf4f1e90b563f69327aea6a3d8744a31c346008bf0556f732ed6236c
#8 sha256:ef5a172ef43450d733143ad7af68efceff7ad2404524ad50eacc33037c78f4bc 4.19MB / 47.43MB 0.6s
#8 sha256:ef5a172ef43450d733143ad7af68efceff7ad2404524ad50eacc33037c78f4bc 8.39MB / 47.43MB 0.8s
#8 sha256:ef5a172ef43450d733143ad7af68efceff7ad2404524ad50eacc33037c78f4bc 13.63MB / 47.43MB 0.9s
#8 sha256:ef5a172ef43450d733143ad7af68efceff7ad2404524ad50eacc33037c78f4bc 22.02MB / 47.43MB 1.1s
#8 sha256:ef5a172ef43450d733143ad7af68efceff7ad2404524ad50eacc33037c78f4bc 26.21MB / 47.43MB 1.2s
#8 sha256:ef5a172ef43450d733143ad7af68efceff7ad2404524ad50eacc33037c78f4bc 34.60MB / 47.43MB 1.4s
#8 sha256:ef5a172ef43450d733143ad7af68efceff7ad2404524ad50eacc33037c78f4bc 40.89MB / 47.43MB 1.5s
#8 sha256:ef5a172ef43450d733143ad7af68efceff7ad2404524ad50eacc33037c78f4bc 47.43MB / 47.43MB 1.7s
#8 sha256:ef5a172ef43450d733143ad7af68efceff7ad2404524ad50eacc33037c78f4bc 47.43MB / 47.43MB 1.7s done
#8 extracting sha256:ef5a172ef43450d733143ad7af68efceff7ad2404524ad50eacc33037c78f4bc
#8 extracting sha256:ef5a172ef43450d733143ad7af68efceff7ad2404524ad50eacc33037c78f4bc 1.1s done
#8 DONE 3.1s

#11 [install-amd64 2/2] RUN --mount=type=bind,from=download-amd64,target=/opt/openriak-package,ro <<'OPENRIAK_PACKAGE_INSTALL' (set -eu...)
#11 0.676 Refreshing service 'container-suseconnect-zypp'.
#11 0.685 Retrieving repository 'SLE_BCI' metadata [.....
#11 6.088 Warning: The gpg key signing file 'repomd.xml' has expired.
#11 6.088   Repository:       SLE_BCI
#11 6.088   Key Fingerprint:  FEAB 5025 39D8 46DB 2C09 61CA 70AF 9E81 39DB 7C82
#11 6.088   Key Name:         SuSE Package Signing Key <build@suse.de>
#11 6.088   Key Algorithm:    RSA 2048
#11 6.088   Key Created:      Mon Sep 21 08:21:47 2020
#11 6.088   Key Expires:      Fri Sep 20 08:21:47 2024 (EXPIRED)
#11 6.088   Rpm Name:         gpg-pubkey-39db7c82-5f68629b
#11 6.178 .......done]
#11 6.673 Building repository 'SLE_BCI' cache [....done]
#11 7.081 All repositories have been refreshed.
#11 7.607 Refreshing service 'container-suseconnect-zypp'.
#11 7.618 Loading repository data...
#11 7.631 Reading installed packages...
#11 7.699 Nothing to do.
#11 8.226 Refreshing service 'container-suseconnect-zypp'.
#11 8.236 Loading repository data...
#11 8.250 Reading installed packages...
#11 8.277 'util-linux' is already installed.
#11 8.277 No update candidate for 'util-linux-2.37.2-150400.8.20.1.x86_64'. The highest available version is already installed.
#11 8.277 'shadow' is already installed.
#11 8.277 No update candidate for 'shadow-4.8.1-150400.10.12.1.x86_64'. The highest available version is already installed.
#11 8.277 'bash' is already installed.
#11 8.277 No update candidate for 'bash-4.4-150400.25.22.x86_64'. The highest available version is already installed.
#11 8.277 'glibc' is already installed.
#11 8.277 No update candidate for 'glibc-2.31-150300.63.1.x86_64'. The highest available version is already installed.
#11 8.277 'ca-certificates' is already installed.
#11 8.277 No update candidate for 'ca-certificates-2+git20210309.21162a6-2.1.noarch'. The highest available version is already installed.
#11 8.277 'timezone' is already installed.
#11 8.277 No update candidate for 'timezone-2023c-150000.75.23.1.x86_64'. The highest available version is already installed.
#11 8.277 'pam' is already installed.
#11 8.277 No update candidate for 'pam-1.3.0-150000.6.61.1.x86_64'. The highest available version is already installed.
#11 8.277 'procps' is already installed.
#11 8.277 No update candidate for 'procps-3.3.15-150000.7.34.1.x86_64'. The highest available version is already installed.
#11 8.277 'libgcc_s1' is already installed.
#11 8.277 No update candidate for 'libgcc_s1-13.2.1+git7813-150000.1.6.1.x86_64'. The highest available version is already installed.
#11 8.277 'libstdc++6' is already installed.
#11 8.277 No update candidate for 'libstdc++6-13.2.1+git7813-150000.1.6.1.x86_64'. The highest available version is already installed.
#11 8.277 'libopenssl1_1' is already installed.
#11 8.277 No update candidate for 'libopenssl1_1-1.1.1l-150400.7.60.2.x86_64'. The highest available version is already installed.
#11 8.277 'libz1' is already installed.
#11 8.277 No update candidate for 'libz1-1.2.11-150000.3.48.1.x86_64'. The highest available version is already installed.
#11 8.277 'libncurses6' is already installed.
#11 8.277 No update candidate for 'libncurses6-6.1-150000.5.20.1.x86_64'. The highest available version is already installed.
#11 8.277 Resolving package dependencies...
#11 8.325 
#11 8.325 The following 4 NEW packages are going to be installed:
#11 8.325   gawk hostname sudo update-alternatives
#11 8.325 
#11 8.325 The following 4 packages are not supported by their vendor:
#11 8.325   gawk hostname sudo update-alternatives
#11 8.325 
#11 8.325 4 new packages to install.
#11 8.325 Overall download size: 2.9 MiB. Already cached: 0 B. After the operation, additional 10.2 MiB will be used.
#11 8.325 Continue? [y/n/v/...? shows all options] (y): y
#11 8.333 Retrieving: hostname-3.16-2.22.x86_64 (SLE_BCI) (1/4),  22.8 KiB    
#11 8.336 Retrieving: hostname-3.16-2.22.x86_64.rpm [..done]
#11 8.557 Retrieving: sudo-1.9.9-150400.4.26.1.x86_64 (SLE_BCI) (2/4),   1.7 MiB    
#11 8.561 Retrieving: sudo-1.9.9-150400.4.26.1.x86_64.rpm [...done (768.0 KiB/s)]
#11 8.860 Retrieving: update-alternatives-1.19.0.4-150000.4.4.1.x86_64 (SLE_BCI) (3/4),  43.5 KiB    
#11 8.863 Retrieving: update-alternatives-1.19.0.4-150000.4.4.1.x86_64.rpm [.....done (10.5 KiB/s)]
#11 12.17 Retrieving: gawk-4.2.1-150000.3.3.1.x86_64 (SLE_BCI) (4/4),   1.2 MiB    
#11 12.17 Retrieving: gawk-4.2.1-150000.3.3.1.x86_64.rpm [..done]
#11 12.41 
#11 12.41 Checking for file conflicts: [..done]
#11 12.44 (1/4) Installing: hostname-3.16-2.22.x86_64 [..done]
#11 12.51 (2/4) Installing: sudo-1.9.9-150400.4.26.1.x86_64 [....done]
#11 12.78 (3/4) Installing: update-alternatives-1.19.0.4-150000.4.4.1.x86_64 [..done]
#11 12.85 (4/4) Installing: gawk-4.2.1-150000.3.3.1.x86_64 [..
#11 12.99 update-alternatives: using /usr/bin/gawk to provide /bin/awk (awk) in auto mode
#11 13.01 done]
#11 13.59 All repositories have been cleaned up.
#11 13.64 Preparing...                          ########################################
#11 13.68 Updating / installing...
#11 13.68 riak-3.4.1.OTP26-1.el8                ########################################
#11 DONE 16.7s

#12 [package-amd64 1/1] COPY --from=install-amd64 / /
#12 DONE 0.7s

#13 [final 1/4] RUN <<'OPENRIAK_IMAGE_SETUP' (set -eu...)
#13 0.136 uid=499(riak) gid=486(riak) groups=486(riak)
#13 DONE 0.4s

#14 [final 2/4] COPY <<OPENRIAK_ENTRYPOINT /usr/local/bin/openriak-entrypoint
#14 DONE 0.0s

#15 [final 3/4] COPY <<OPENRIAK_HEALTHCHECK /usr/local/bin/openriak-healthcheck
#15 DONE 0.0s

#16 [final 4/4] RUN <<'OPENRIAK_SCRIPT_SETUP' (set -eu...)
#16 DONE 0.1s

#17 exporting to docker image format
#17 exporting layers
#17 exporting layers 7.0s done
#17 exporting manifest sha256:6bb9bf9f45ba8340d27e4d3f7244872fabe854418a804ea24e0fea8ef8f5a64d done
#17 exporting config sha256:aa458600c01dfda8d6d0aa0cf3d183fe0014799b09612aafff7f650f258dad72 done
#17 sending tarball
#17 ...

#18 importing to docker
#18 loading layer e841e68dad5b 557.06kB / 83.59MB
#18 loading layer 1c9bcde028c5 23.62kB / 23.62kB
#18 loading layer e841e68dad5b 83.59MB / 83.59MB 2.1s done
#18 loading layer 1c9bcde028c5 23.62kB / 23.62kB 0.0s done
#18 loading layer f5ab8ae3373f 7.70kB / 7.70kB 0.0s done
#18 loading layer b180302980ce 391B / 391B 0.0s done
#18 loading layer 009d956f1b91 7.88kB / 7.88kB 0.0s done
#18 DONE 2.1s

#17 exporting to docker image format
#17 sending tarball 2.8s done
#17 DONE 9.8s

timeout_seconds: 3600
exit_code: 0
