2026-09-11 08:46:21 Worker 2/3; PID 3399047; output /home/peter/openriak-builds/openriak-distributed/openriak-docker-2026-09-11-b/living-room-b/20260911T084617.243958Z/results
[01/13] 2026-09-11 08:46:21 tiotjp/openriak-kv:3.4.0-alpine-3.21-otp26
2026-09-11 08:46:22   Pulling alpine:3.21 for linux/amd64
2026-09-11 08:46:24   Pulling alpine:3.21 for linux/arm64
2026-09-11 08:46:32   Testing linux/amd64 (timeout 3600s per phase)
2026-09-11 08:46:32     Creating Dockerfile, compose YAML files and .env for this run
2026-09-11 08:46:32     Building image (timeout 3600s)
2026-09-11 08:46:45     Testing single node (timeout 3600s)
2026-09-11 08:46:46     FAILED linux/amd64: Compose initialization did not create config, data, and logs directories
2026-09-11 08:46:46   FAILED linux/amd64
2026-09-11 08:46:46   Testing linux/arm64 (timeout 3600s per phase)
2026-09-11 08:46:46     Creating Dockerfile, compose YAML files and .env for this run
2026-09-11 08:46:46     Building image (timeout 3600s)
2026-09-11 08:47:04     Testing single node (timeout 3600s)
2026-09-11 08:47:04     FAILED linux/arm64: Command failed with exit code 255: /usr/bin/docker compose --env-file /tmp/openriak-docker-3.4.0-alpine-3.21-otp26-m8145__l/.env.single --project-directory /tmp/openriak-docker-3.4.0-alpine-3.21-otp26-m8145__l --file /tmp/openriak-docker-3.4.0-alpine-3.21-otp26-m8145__l/compose.single.test.yaml run --rm -e RIAK_INIT_ONLY=1 node (see /home/peter/openriak-builds/openriak-distributed/openriak-docker-2026-09-11-b/living-room-b/20260911T084617.243958Z/results/3.4.0/3.4.0-alpine-3.21-otp26/platforms/linux-arm64/runs/20260911T084646.555773Z/logs/compose-init.log): exec /usr/local/bin/openriak-entrypoint: exec format error
2026-09-11 08:47:05   FAILED linux/arm64
2026-09-11 08:47:05   FAILED: One or more architecture tests failed; shared downloads will not be published
[02/13] 2026-09-11 08:47:05 tiotjp/openriak-kv:3.4.0-ubuntu-noble-otp24
2026-09-11 08:47:05   Pulling ubuntu:noble for linux/amd64
2026-09-11 08:47:08   Pulling ubuntu:noble for linux/arm64
2026-09-11 08:47:12   Testing linux/amd64 (timeout 3600s per phase)
2026-09-11 08:47:12     Creating Dockerfile, compose YAML files and .env for this run
2026-09-11 08:47:12     Building image (timeout 3600s)
2026-09-11 08:51:59     Testing single node (timeout 3600s)
2026-09-11 08:52:00     FAILED linux/amd64: Compose initialization did not create config, data, and logs directories
2026-09-11 08:52:00   FAILED linux/amd64
2026-09-11 08:52:00   Testing linux/arm64 (timeout 3600s per phase)
2026-09-11 08:52:00     Creating Dockerfile, compose YAML files and .env for this run
2026-09-11 08:52:01     Building image (timeout 3600s)
2026-09-11 08:55:21     Testing single node (timeout 3600s)
2026-09-11 08:55:22     FAILED linux/arm64: Command failed with exit code 255: /usr/bin/docker compose --env-file /tmp/openriak-docker-3.4.0-ubuntu-noble-otp24-a0qccq0d/.env.single --project-directory /tmp/openriak-docker-3.4.0-ubuntu-noble-otp24-a0qccq0d --file /tmp/openriak-docker-3.4.0-ubuntu-noble-otp24-a0qccq0d/compose.single.test.yaml run --rm -e RIAK_INIT_ONLY=1 node (see /home/peter/openriak-builds/openriak-distributed/openriak-docker-2026-09-11-b/living-room-b/20260911T084617.243958Z/results/3.4.0/3.4.0-ubuntu-noble-otp24/platforms/linux-arm64/runs/20260911T085200.834736Z/logs/compose-init.log): exec /usr/local/bin/openriak-entrypoint: exec format error
2026-09-11 08:55:22   FAILED linux/arm64
2026-09-11 08:55:22   FAILED: One or more architecture tests failed; shared downloads will not be published
[03/13] 2026-09-11 08:55:22 tiotjp/openriak-kv:3.4.1-alpine-3.21-otp26
2026-09-11 08:55:22   Pulling alpine:3.21 for linux/amd64
2026-09-11 08:55:23   Pulling alpine:3.21 for linux/arm64
2026-09-11 08:55:25   Testing linux/amd64 (timeout 3600s per phase)
2026-09-11 08:55:25     Creating Dockerfile, compose YAML files and .env for this run
2026-09-11 08:55:25     Building image (timeout 3600s)
2026-09-11 08:55:35     Testing single node (timeout 3600s)
2026-09-11 08:55:37     FAILED linux/amd64: Compose initialization did not create config, data, and logs directories
2026-09-11 08:55:37   FAILED linux/amd64
2026-09-11 08:55:37   Testing linux/arm64 (timeout 3600s per phase)
2026-09-11 08:55:37     Creating Dockerfile, compose YAML files and .env for this run
2026-09-11 08:55:37     Building image (timeout 3600s)
2026-09-11 08:56:02     Testing single node (timeout 3600s)
2026-09-11 08:56:04     FAILED linux/arm64: Command failed with exit code 255: /usr/bin/docker compose --env-file /tmp/openriak-docker-3.4.1-alpine-3.21-otp26-c532aiy6/.env.single --project-directory /tmp/openriak-docker-3.4.1-alpine-3.21-otp26-c532aiy6 --file /tmp/openriak-docker-3.4.1-alpine-3.21-otp26-c532aiy6/compose.single.test.yaml run --rm -e RIAK_INIT_ONLY=1 node (see /home/peter/openriak-builds/openriak-distributed/openriak-docker-2026-09-11-b/living-room-b/20260911T084617.243958Z/results/3.4.1/3.4.1-alpine-3.21-otp26/platforms/linux-arm64/runs/20260911T085537.188934Z/logs/compose-init.log): exec /usr/local/bin/openriak-entrypoint: exec format error
2026-09-11 08:56:04   FAILED linux/arm64
2026-09-11 08:56:04   FAILED: One or more architecture tests failed; shared downloads will not be published
[04/13] 2026-09-11 08:56:04 tiotjp/openriak-kv:3.4.0-centos-9-otp26
2026-09-11 08:56:04   Pulling quay.io/centos/centos:stream9 for linux/amd64
2026-09-11 08:56:11   Testing linux/amd64 (timeout 3600s per phase)
2026-09-11 08:56:11     Creating Dockerfile, compose YAML files and .env for this run
2026-09-11 08:56:12     Building image (timeout 3600s)
2026-09-11 08:57:05     Testing single node (timeout 3600s)
2026-09-11 08:57:06     FAILED linux/amd64: Compose initialization did not create config, data, and logs directories
2026-09-11 08:57:06   FAILED linux/amd64
2026-09-11 08:57:06   FAILED: One or more architecture tests failed; shared downloads will not be published
[05/13] 2026-09-11 08:57:06 tiotjp/openriak-kv:3.4.0-debian-12-otp26
2026-09-11 08:57:06   Pulling tiotjp/debian:bookworm-slim-for-openriak for linux/amd64
2026-09-11 08:57:13   Testing linux/amd64 (timeout 3600s per phase)
2026-09-11 08:57:13     Creating Dockerfile, compose YAML files and .env for this run
2026-09-11 08:57:13     Building image (timeout 3600s)
2026-09-11 08:57:37     Testing single node (timeout 3600s)
2026-09-11 08:57:38     FAILED linux/amd64: Compose initialization did not create config, data, and logs directories
2026-09-11 08:57:38   FAILED linux/amd64
2026-09-11 08:57:38   FAILED: One or more architecture tests failed; shared downloads will not be published
[06/13] 2026-09-11 08:57:38 tiotjp/openriak-kv:3.4.0-oracle-linux-9-otp24
2026-09-11 08:57:38   Pulling oraclelinux:9-slim for linux/amd64
2026-09-11 08:57:42   Testing linux/amd64 (timeout 3600s per phase)
2026-09-11 08:57:42     Creating Dockerfile, compose YAML files and .env for this run
2026-09-11 08:57:43     Building image (timeout 3600s)
2026-09-11 09:00:01     Testing single node (timeout 3600s)
2026-09-11 09:00:06     FAILED linux/amd64: Compose initialization did not create config, data, and logs directories
2026-09-11 09:00:06   FAILED linux/amd64
2026-09-11 09:00:06   FAILED: One or more architecture tests failed; shared downloads will not be published
[07/13] 2026-09-11 09:00:06 tiotjp/openriak-kv:3.4.0-rhel-9-otp26
2026-09-11 09:00:06   Pulling registry.access.redhat.com/ubi9/ubi:9.8 for linux/amd64
2026-09-11 09:00:16   Testing linux/amd64 (timeout 3600s per phase)
2026-09-11 09:00:16     Creating Dockerfile, compose YAML files and .env for this run
2026-09-11 09:00:16     Building image (timeout 3600s)
2026-09-11 09:00:47     Testing single node (timeout 3600s)
2026-09-11 09:00:48     FAILED linux/amd64: Compose initialization did not create config, data, and logs directories
2026-09-11 09:00:49   FAILED linux/amd64
2026-09-11 09:00:49   FAILED: One or more architecture tests failed; shared downloads will not be published
[08/13] 2026-09-11 09:00:49 tiotjp/openriak-kv:3.4.0-suse-16.0-otp26
2026-09-11 09:00:49   Pulling registry.suse.com/bci/bci-base:16.0 for linux/amd64
2026-09-11 09:00:56   Testing linux/amd64 (timeout 3600s per phase)
2026-09-11 09:00:56     Creating Dockerfile, compose YAML files and .env for this run
2026-09-11 09:00:56     Building image (timeout 3600s)
2026-09-11 09:01:40     Testing single node (timeout 3600s)
2026-09-11 09:01:44     FAILED linux/amd64: Compose initialization did not create config, data, and logs directories
2026-09-11 09:01:45   FAILED linux/amd64
2026-09-11 09:01:45   FAILED: One or more architecture tests failed; shared downloads will not be published
[09/13] 2026-09-11 09:01:45 tiotjp/openriak-kv:3.4.0-ubuntu-jammy-otp26
2026-09-11 09:01:45   Pulling ubuntu:jammy for linux/amd64
2026-09-11 09:01:49   Testing linux/amd64 (timeout 3600s per phase)
2026-09-11 09:01:49     Creating Dockerfile, compose YAML files and .env for this run
2026-09-11 09:01:49     Building image (timeout 3600s)
2026-09-11 09:05:57     Testing single node (timeout 3600s)
2026-09-11 09:05:58     FAILED linux/amd64: Compose initialization did not create config, data, and logs directories
2026-09-11 09:05:58   FAILED linux/amd64
2026-09-11 09:05:58   FAILED: One or more architecture tests failed; shared downloads will not be published
[10/13] 2026-09-11 09:05:58 tiotjp/openriak-kv:3.4.1-debian-11-otp26
2026-09-11 09:05:58   Pulling debian:bullseye-slim for linux/amd64
2026-09-11 09:06:02   Testing linux/amd64 (timeout 3600s per phase)
2026-09-11 09:06:02     Creating Dockerfile, compose YAML files and .env for this run
2026-09-11 09:06:03     Building image (timeout 3600s)
2026-09-11 09:06:20     Testing single node (timeout 3600s)
2026-09-11 09:06:21     FAILED linux/amd64: Compose initialization did not create config, data, and logs directories
2026-09-11 09:06:21   FAILED linux/amd64
2026-09-11 09:06:21   FAILED: One or more architecture tests failed; shared downloads will not be published
[11/13] 2026-09-11 09:06:21 tiotjp/openriak-kv:3.4.1-fedora-43-otp26
2026-09-11 09:06:21   Pulling fedora:43 for linux/amd64
2026-09-11 09:06:27   Testing linux/amd64 (timeout 3600s per phase)
2026-09-11 09:06:27     Creating Dockerfile, compose YAML files and .env for this run
2026-09-11 09:06:27     Building image (timeout 3600s)
2026-09-11 09:06:58     Testing single node (timeout 3600s)
2026-09-11 09:07:02     FAILED linux/amd64: Compose initialization did not create config, data, and logs directories
2026-09-11 09:07:02   FAILED linux/amd64
2026-09-11 09:07:02   FAILED: One or more architecture tests failed; shared downloads will not be published
[12/13] 2026-09-11 09:07:02 tiotjp/openriak-kv:3.4.1-rhel-9-otp26
2026-09-11 09:07:02   Pulling registry.access.redhat.com/ubi9/ubi:9.8 for linux/amd64
2026-09-11 09:07:04   Testing linux/amd64 (timeout 3600s per phase)
2026-09-11 09:07:04     Creating Dockerfile, compose YAML files and .env for this run
2026-09-11 09:07:04     Building image (timeout 3600s)
2026-09-11 09:07:48     Testing single node (timeout 3600s)
2026-09-11 09:07:51     FAILED linux/amd64: Compose initialization did not create config, data, and logs directories
2026-09-11 09:07:51   FAILED linux/amd64
2026-09-11 09:07:51   FAILED: One or more architecture tests failed; shared downloads will not be published
[13/13] 2026-09-11 09:07:51 tiotjp/openriak-kv:3.4.1-suse-15-sp4-otp26
2026-09-11 09:07:51   Pulling registry.suse.com/suse/sle15:15.4 for linux/amd64
2026-09-11 09:08:06   Testing linux/amd64 (timeout 3600s per phase)
2026-09-11 09:08:06     Creating Dockerfile, compose YAML files and .env for this run
2026-09-11 09:08:06     Building image (timeout 3600s)
2026-09-11 09:08:44     Testing single node (timeout 3600s)
2026-09-11 09:08:45     FAILED linux/amd64: Compose initialization did not create config, data, and logs directories
2026-09-11 09:08:45   FAILED linux/amd64
2026-09-11 09:08:45   FAILED: One or more architecture tests failed; shared downloads will not be published
2026-09-11 09:08:45 Stopping builder openriak-kv-multiarch started for this refresh
2026-09-11 11:28:54 Worker 2/3; PID 3448662; output /home/peter/openriak-builds/openriak-distributed/openriak-docker-2026-09-11-b/living-room-b/20260911T084617.243958Z/results
[01/13] 2026-09-11 11:28:54 tiotjp/openriak-kv:3.4.0-alpine-3.21-otp26
2026-09-11 11:28:55   Testing linux/amd64 (timeout 3600s per phase)
2026-09-11 11:28:55     Creating Dockerfile, compose YAML files and .env for this run
2026-09-11 11:28:55     Building image (timeout 3600s)
2026-09-11 11:29:03     Testing single node (timeout 3600s)
2026-09-11 11:29:32     Testing 5-node cluster (timeout 3600s)
2026-09-11 11:33:15   PASSED linux/amd64
2026-09-11 11:33:15   Testing linux/arm64 (timeout 3600s per phase)
2026-09-11 11:33:15     Creating Dockerfile, compose YAML files and .env for this run
2026-09-11 11:33:15     Building image (timeout 3600s)
2026-09-11 11:33:31     Testing single node (timeout 3600s)
2026-09-11 11:36:37     Testing 5-node cluster (timeout 3600s)
2026-09-11 12:36:52   PASSED linux/arm64
2026-09-11 12:36:52   Exporting OCI image for linux/amd64, linux/arm64 with 4 tag(s)
[02/13] 2026-09-11 12:36:57 tiotjp/openriak-kv:3.4.0-ubuntu-noble-otp24
2026-09-11 12:36:57   Testing linux/amd64 (timeout 3600s per phase)
2026-09-11 12:36:57     Creating Dockerfile, compose YAML files and .env for this run
2026-09-11 12:36:57     Building image (timeout 3600s)
2026-09-11 12:42:42     Testing single node (timeout 3600s)
2026-09-11 12:43:10     Testing 5-node cluster (timeout 3600s)
2026-09-11 12:46:28   PASSED linux/amd64
2026-09-11 12:46:28   Testing linux/arm64 (timeout 3600s per phase)
2026-09-11 12:46:28     Creating Dockerfile, compose YAML files and .env for this run
2026-09-11 12:46:28     Building image (timeout 3600s)
2026-09-11 12:49:47     Testing single node (timeout 3600s)
2026-09-11 12:52:39     Testing 5-node cluster (timeout 3600s)
2026-09-11 13:48:09   PASSED linux/arm64
2026-09-11 13:48:09   Exporting OCI image for linux/amd64, linux/arm64 with 1 tag(s)
[03/13] 2026-09-11 13:48:16 tiotjp/openriak-kv:3.4.1-alpine-3.21-otp26
2026-09-11 13:48:16   Testing linux/amd64 (timeout 3600s per phase)
2026-09-11 13:48:16     Creating Dockerfile, compose YAML files and .env for this run
2026-09-11 13:48:16     Building image (timeout 3600s)
2026-09-11 13:48:24     Testing single node (timeout 3600s)
2026-09-11 13:48:52     Testing 5-node cluster (timeout 3600s)
2026-09-11 13:53:22   PASSED linux/amd64
2026-09-11 13:53:22   Testing linux/arm64 (timeout 3600s per phase)
2026-09-11 13:53:22     Creating Dockerfile, compose YAML files and .env for this run
2026-09-11 13:53:23     Building image (timeout 3600s)
2026-09-11 13:53:39     Testing single node (timeout 3600s)
2026-09-11 13:56:15     Testing 5-node cluster (timeout 3600s)
2026-09-11 14:57:43   PASSED linux/arm64
2026-09-11 14:57:43   Exporting OCI image for linux/amd64, linux/arm64 with 5 tag(s)
[04/13] 2026-09-11 14:57:47 tiotjp/openriak-kv:3.4.0-centos-9-otp26
2026-09-11 14:57:48   Testing linux/amd64 (timeout 3600s per phase)
2026-09-11 14:57:48     Creating Dockerfile, compose YAML files and .env for this run
2026-09-11 14:57:48     Building image (timeout 3600s)
2026-09-11 14:58:24     Testing single node (timeout 3600s)
2026-09-11 14:58:51     Testing 5-node cluster (timeout 3600s)
2026-09-11 15:02:24   PASSED linux/amd64
2026-09-11 15:02:24   Exporting OCI image for linux/amd64 with 3 tag(s)
[05/13] 2026-09-11 15:02:30 tiotjp/openriak-kv:3.4.0-debian-12-otp26
2026-09-11 15:02:30   Testing linux/amd64 (timeout 3600s per phase)
2026-09-11 15:02:30     Creating Dockerfile, compose YAML files and .env for this run
2026-09-11 15:02:30     Building image (timeout 3600s)
2026-09-11 15:02:51     Testing single node (timeout 3600s)
2026-09-11 15:03:17     Testing 5-node cluster (timeout 3600s)
2026-09-11 15:06:41   PASSED linux/amd64
2026-09-11 15:06:41   Exporting OCI image for linux/amd64 with 3 tag(s)
[06/13] 2026-09-11 15:06:45 tiotjp/openriak-kv:3.4.0-oracle-linux-9-otp24
2026-09-11 15:06:46   Testing linux/amd64 (timeout 3600s per phase)
2026-09-11 15:06:46     Creating Dockerfile, compose YAML files and .env for this run
2026-09-11 15:06:46     Building image (timeout 3600s)
2026-09-11 15:08:44     Testing single node (timeout 3600s)
2026-09-11 15:09:13     Testing 5-node cluster (timeout 3600s)
2026-09-11 15:12:45   PASSED linux/amd64
2026-09-11 15:12:45   Exporting OCI image for linux/amd64 with 1 tag(s)
[07/13] 2026-09-11 15:12:51 tiotjp/openriak-kv:3.4.0-rhel-9-otp26
2026-09-11 15:12:51   Testing linux/amd64 (timeout 3600s per phase)
2026-09-11 15:12:51     Creating Dockerfile, compose YAML files and .env for this run
2026-09-11 15:12:51     Building image (timeout 3600s)
2026-09-11 15:13:18     Testing single node (timeout 3600s)
2026-09-11 15:13:44     Testing 5-node cluster (timeout 3600s)
2026-09-11 15:17:19   PASSED linux/amd64
2026-09-11 15:17:19   Exporting OCI image for linux/amd64 with 3 tag(s)
[08/13] 2026-09-11 15:17:25 tiotjp/openriak-kv:3.4.0-suse-16.0-otp26
2026-09-11 15:17:25   Testing linux/amd64 (timeout 3600s per phase)
2026-09-11 15:17:25     Creating Dockerfile, compose YAML files and .env for this run
2026-09-11 15:17:26     Building image (timeout 3600s)
2026-09-11 15:18:00     Testing single node (timeout 3600s)
2026-09-11 15:18:32     Testing 5-node cluster (timeout 3600s)
2026-09-11 15:22:11   PASSED linux/amd64
2026-09-11 15:22:11   Exporting OCI image for linux/amd64 with 3 tag(s)
[09/13] 2026-09-11 15:22:16 tiotjp/openriak-kv:3.4.0-ubuntu-jammy-otp26
2026-09-11 15:22:16   Testing linux/amd64 (timeout 3600s per phase)
2026-09-11 15:22:16     Creating Dockerfile, compose YAML files and .env for this run
2026-09-11 15:22:17     Building image (timeout 3600s)
2026-09-11 15:22:49     Testing single node (timeout 3600s)
2026-09-11 15:23:21     Testing 5-node cluster (timeout 3600s)
2026-09-11 15:26:48   PASSED linux/amd64
2026-09-11 15:26:48   Exporting OCI image for linux/amd64 with 2 tag(s)
[10/13] 2026-09-11 15:26:53 tiotjp/openriak-kv:3.4.1-debian-11-otp26
2026-09-11 15:26:54   Testing linux/amd64 (timeout 3600s per phase)
2026-09-11 15:26:54     Creating Dockerfile, compose YAML files and .env for this run
2026-09-11 15:26:54     Building image (timeout 3600s)
2026-09-11 15:27:09     Testing single node (timeout 3600s)
2026-09-11 15:27:36     Testing 5-node cluster (timeout 3600s)
2026-09-11 15:31:19   PASSED linux/amd64
2026-09-11 15:31:19   Exporting OCI image for linux/amd64 with 2 tag(s)
[11/13] 2026-09-11 15:31:23 tiotjp/openriak-kv:3.4.1-fedora-43-otp26
2026-09-11 15:31:23   Testing linux/amd64 (timeout 3600s per phase)
2026-09-11 15:31:23     Creating Dockerfile, compose YAML files and .env for this run
2026-09-11 15:31:23     Building image (timeout 3600s)
2026-09-11 15:31:52     Testing single node (timeout 3600s)
2026-09-11 15:32:19     Testing 5-node cluster (timeout 3600s)
2026-09-11 15:36:25   PASSED linux/amd64
2026-09-11 15:36:25   Exporting OCI image for linux/amd64 with 3 tag(s)
[12/13] 2026-09-11 15:36:31 tiotjp/openriak-kv:3.4.1-rhel-9-otp26
2026-09-11 15:36:31   Testing linux/amd64 (timeout 3600s per phase)
2026-09-11 15:36:31     Creating Dockerfile, compose YAML files and .env for this run
2026-09-11 15:36:31     Building image (timeout 3600s)
2026-09-11 15:36:57     Testing single node (timeout 3600s)
2026-09-11 15:37:25     Testing 5-node cluster (timeout 3600s)
2026-09-11 15:40:58   PASSED linux/amd64
2026-09-11 15:40:58   Exporting OCI image for linux/amd64 with 3 tag(s)
[13/13] 2026-09-11 15:41:04 tiotjp/openriak-kv:3.4.1-suse-15-sp4-otp26
2026-09-11 15:41:04   Testing linux/amd64 (timeout 3600s per phase)
2026-09-11 15:41:04     Creating Dockerfile, compose YAML files and .env for this run
2026-09-11 15:41:04     Building image (timeout 3600s)
2026-09-11 15:41:34     Testing single node (timeout 3600s)
2026-09-11 15:42:04     Testing 5-node cluster (timeout 3600s)
2026-09-11 15:45:36   PASSED linux/amd64
2026-09-11 15:45:36   Exporting OCI image for linux/amd64 with 2 tag(s)
2026-09-11 15:45:42 Stopping builder openriak-kv-multiarch started for this refresh
