$ /usr/bin/docker compose --env-file /tmp/openriak-docker-3.4.1-rhel-8-otp26-yearhh1o/.env.cluster --project-directory /tmp/openriak-docker-3.4.1-rhel-8-otp26-yearhh1o --file /tmp/openriak-docker-3.4.1-rhel-8-otp26-yearhh1o/compose.cluster.test.yaml down --remove-orphans --timeout 120
started: 2026-09-11T09:39:14Z
 Container openriak-kv-3.4.1-rhel-8-otp26-node-3-t-722243z  Stopping
 Container openriak-kv-3.4.1-rhel-8-otp26-node-4-t-722243z  Stopping
 Container openriak-kv-3.4.1-rhel-8-otp26-node-2-t-722243z  Stopping
 Container openriak-kv-3.4.1-rhel-8-otp26-node-1-t-722243z  Stopping
 Container openriak-kv-3.4.1-rhel-8-otp26-node-5-t-722243z  Stopping
 Container openriak-kv-3.4.1-rhel-8-otp26-node-3-t-722243z  Stopped
 Container openriak-kv-3.4.1-rhel-8-otp26-node-3-t-722243z  Removing
 Container openriak-kv-3.4.1-rhel-8-otp26-node-5-t-722243z  Stopped
 Container openriak-kv-3.4.1-rhel-8-otp26-node-5-t-722243z  Removing
 Container openriak-kv-3.4.1-rhel-8-otp26-node-4-t-722243z  Stopped
 Container openriak-kv-3.4.1-rhel-8-otp26-node-4-t-722243z  Removing
 Container openriak-kv-3.4.1-rhel-8-otp26-node-1-t-722243z  Stopped
 Container openriak-kv-3.4.1-rhel-8-otp26-node-1-t-722243z  Removing
 Container openriak-kv-3.4.1-rhel-8-otp26-node-2-t-722243z  Stopped
 Container openriak-kv-3.4.1-rhel-8-otp26-node-2-t-722243z  Removing
 Container openriak-kv-3.4.1-rhel-8-otp26-node-3-t-722243z  Removed
 Container openriak-kv-3.4.1-rhel-8-otp26-node-5-t-722243z  Removed
 Container openriak-kv-3.4.1-rhel-8-otp26-node-4-t-722243z  Removed
 Container openriak-kv-3.4.1-rhel-8-otp26-node-1-t-722243z  Removed
 Container openriak-kv-3.4.1-rhel-8-otp26-node-2-t-722243z  Removed
 Network openriak-kv-341-rhel-8-otp26-node-cluster_openriak  Removing
 Network openriak-kv-341-rhel-8-otp26-node-cluster_openriak  Removed

timeout_seconds: 3600
exit_code: 0
