$ /usr/bin/docker buildx build --builder openriak-kv-multiarch --load --platform linux/amd64 --pull=false --no-cache --tag tiotjp/openriak-kv:test-3.4.1-rhel-8-otp26-linux-amd64-20260911t093411.722243z --file /home/peter/openriak-builds/openriak-distributed/openriak-docker-2026-09-11-b/living-room-a/20260911T084617.243958Z/results/3.4.1/3.4.1-rhel-8-otp26/platforms/linux-amd64/runs/20260911T093411.722243Z/Dockerfile /home/peter/openriak-builds/openriak-distributed/openriak-docker-2026-09-11-b/living-room-a/20260911T084617.243958Z/results/3.4.1/3.4.1-rhel-8-otp26/platforms/linux-amd64/runs/20260911T093411.722243Z
started: 2026-09-11T09:34:11Z
#0 building with "openriak-kv-multiarch" instance using docker-container driver

#1 [internal] load build definition from Dockerfile
#1 transferring dockerfile: 44.97kB done
#1 DONE 0.0s

#2 resolve image config for docker-image://docker.io/docker/dockerfile:1.7
#2 DONE 0.2s

#3 docker-image://docker.io/docker/dockerfile:1.7@sha256:a57df69d0ea827fb7266491f2813635de6f17269be881f696fbfdf2d83dda33e
#3 resolve docker.io/docker/dockerfile:1.7@sha256:a57df69d0ea827fb7266491f2813635de6f17269be881f696fbfdf2d83dda33e 0.0s done
#3 CACHED

#4 [internal] load metadata for registry.access.redhat.com/ubi8/ubi:8.10@sha256:ed721ca811f29fa0fd8a4666aec2fb6771f3defbecc708a973d0b711d6f09293
#4 DONE 1.4s

#5 [internal] load .dockerignore
#5 transferring context: 2B done
#5 DONE 0.0s

#6 [download-amd64 1/1] ADD --checksum=sha256:ffcc9ce4af826a508e4927a8c725d5e21dd6dcb565d8adba4ae3ca6ef3f146ea https://files.tiot.jp/riak/kv/3.4/3.4.1/rhel/8/riak-3.4.1.OTP26-1.el8.x86_64.rpm /riak-3.4.1.OTP26-1.el8.x86_64.rpm
#6 CACHED

#7 [internal] preparing inline document
#7 CACHED

#8 [internal] preparing inline document
#8 CACHED

#9 [download-amd64 1/1] ADD --checksum=sha256:ffcc9ce4af826a508e4927a8c725d5e21dd6dcb565d8adba4ae3ca6ef3f146ea https://files.tiot.jp/riak/kv/3.4/3.4.1/rhel/8/riak-3.4.1.OTP26-1.el8.x86_64.rpm /riak-3.4.1.OTP26-1.el8.x86_64.rpm
#9 DONE 0.0s

#10 [install-amd64 1/2] FROM registry.access.redhat.com/ubi8/ubi:8.10@sha256:ed721ca811f29fa0fd8a4666aec2fb6771f3defbecc708a973d0b711d6f09293
#10 resolve registry.access.redhat.com/ubi8/ubi:8.10@sha256:ed721ca811f29fa0fd8a4666aec2fb6771f3defbecc708a973d0b711d6f09293 done
#10 sha256:efdc9ca7aa1a670b0800accb9df023dd0efb2bf933c09838adc09a8b7ad6cda1 0B / 77.91MB 0.2s
#10 sha256:efdc9ca7aa1a670b0800accb9df023dd0efb2bf933c09838adc09a8b7ad6cda1 7.34MB / 77.91MB 0.3s
#10 sha256:efdc9ca7aa1a670b0800accb9df023dd0efb2bf933c09838adc09a8b7ad6cda1 24.12MB / 77.91MB 0.5s
#10 sha256:efdc9ca7aa1a670b0800accb9df023dd0efb2bf933c09838adc09a8b7ad6cda1 36.70MB / 77.91MB 0.6s
#10 sha256:efdc9ca7aa1a670b0800accb9df023dd0efb2bf933c09838adc09a8b7ad6cda1 50.33MB / 77.91MB 0.8s
#10 sha256:efdc9ca7aa1a670b0800accb9df023dd0efb2bf933c09838adc09a8b7ad6cda1 65.01MB / 77.91MB 0.9s
#10 sha256:efdc9ca7aa1a670b0800accb9df023dd0efb2bf933c09838adc09a8b7ad6cda1 77.91MB / 77.91MB 1.1s
#10 sha256:efdc9ca7aa1a670b0800accb9df023dd0efb2bf933c09838adc09a8b7ad6cda1 77.91MB / 77.91MB 1.1s done
#10 extracting sha256:efdc9ca7aa1a670b0800accb9df023dd0efb2bf933c09838adc09a8b7ad6cda1
#10 extracting sha256:efdc9ca7aa1a670b0800accb9df023dd0efb2bf933c09838adc09a8b7ad6cda1 2.1s done
#10 DONE 3.1s

#11 [install-amd64 2/2] RUN --mount=type=bind,from=download-amd64,target=/opt/openriak-package,ro <<'OPENRIAK_PACKAGE_INSTALL' (set -eu...)
#11 0.398 Updating Subscription Management repositories.
#11 0.398 Unable to read consumer identity
#11 0.401 
#11 0.401 This system is not registered with an entitlement server. You can use subscription-manager to register.
#11 0.401 
#11 0.524 Red Hat Universal Base Image 8 (RPMs) - BaseOS  7.1 MB/s | 734 kB     00:00    
#11 0.793 Red Hat Universal Base Image 8 (RPMs) - AppStre  28 MB/s | 3.7 MB     00:00    
#11 1.539 Red Hat Universal Base Image 8 (RPMs) - CodeRea 2.5 MB/s | 188 kB     00:00    
#11 1.878 Dependencies resolved.
#11 1.888 =========================================================================================
#11 1.888  Package                  Arch    Version                        Repository          Size
#11 1.888 =========================================================================================
#11 1.888 Installing:
#11 1.888  bash                     x86_64  4.4.20-6.el8_10                ubi-8-baseos-rpms  1.5 M
#11 1.888  ca-certificates          noarch  2025.2.80_v9.0.304-80.2.el8_10 ubi-8-baseos-rpms  1.0 M
#11 1.888  coreutils                x86_64  8.30-20.el8_10                 ubi-8-baseos-rpms  1.2 M
#11 1.888  findutils                x86_64  1:4.6.0-24.el8_10              ubi-8-baseos-rpms  526 k
#11 1.888  gawk                     x86_64  4.2.1-4.el8                    ubi-8-baseos-rpms  1.1 M
#11 1.888  glibc                    x86_64  2.28-251.el8_10.40             ubi-8-baseos-rpms  2.2 M
#11 1.888  glibc-minimal-langpack   x86_64  2.28-251.el8_10.40             ubi-8-baseos-rpms   73 k
#11 1.888  grep                     x86_64  3.1-6.el8                      ubi-8-baseos-rpms  274 k
#11 1.888  hostname                 x86_64  3.20-6.el8                     ubi-8-baseos-rpms   32 k
#11 1.888  libgcc                   x86_64  8.5.0-28.el8_10                ubi-8-baseos-rpms   82 k
#11 1.888  libstdc++                x86_64  8.5.0-28.el8_10                ubi-8-baseos-rpms  474 k
#11 1.888  ncurses-libs             x86_64  6.1-10.20180224.el8            ubi-8-baseos-rpms  334 k
#11 1.888  openssl-libs             x86_64  1:1.1.1k-17.el8_6              ubi-8-baseos-rpms  1.5 M
#11 1.888  pam                      x86_64  1.3.1-40.el8_10                ubi-8-baseos-rpms  749 k
#11 1.888  procps-ng                x86_64  3.3.15-14.el8                  ubi-8-baseos-rpms  330 k
#11 1.888  redhat-release           x86_64  8.10-0.3.el8                   ubi-8-baseos-rpms   45 k
#11 1.888  sed                      x86_64  4.5-5.el8_10                   ubi-8-baseos-rpms  298 k
#11 1.888  shadow-utils             x86_64  2:4.6-23.el8_10                ubi-8-baseos-rpms  1.2 M
#11 1.888  tzdata                   noarch  2026c-1.el8_10                 ubi-8-baseos-rpms  549 k
#11 1.888  util-linux               x86_64  2.32.1-48.el8_10               ubi-8-baseos-rpms  2.5 M
#11 1.888  zlib                     x86_64  1.2.11-25.el8                  ubi-8-baseos-rpms  103 k
#11 1.888 Installing dependencies:
#11 1.888  audit-libs               x86_64  3.1.2-1.el8_10.1               ubi-8-baseos-rpms  125 k
#11 1.888  basesystem               noarch  11-5.el8                       ubi-8-baseos-rpms   11 k
#11 1.888  bzip2-libs               x86_64  1.0.6-28.el8_10                ubi-8-baseos-rpms   48 k
#11 1.888  chkconfig                x86_64  1.19.2-1.el8                   ubi-8-baseos-rpms  199 k
#11 1.888  coreutils-common         x86_64  8.30-20.el8_10                 ubi-8-baseos-rpms  2.0 M
#11 1.888  cracklib                 x86_64  2.9.6-15.el8                   ubi-8-baseos-rpms   93 k
#11 1.888  cracklib-dicts           x86_64  2.9.6-15.el8                   ubi-8-baseos-rpms  4.0 M
#11 1.888  crypto-policies          noarch  20230731-1.git3177e06.el8      ubi-8-baseos-rpms   64 k
#11 1.888  filesystem               x86_64  3.8-6.el8                      ubi-8-baseos-rpms  1.1 M
#11 1.888  glibc-common             x86_64  2.28-251.el8_10.40             ubi-8-baseos-rpms  1.0 M
#11 1.888  gmp                      x86_64  1:6.1.2-11.el8                 ubi-8-baseos-rpms  318 k
#11 1.888  gzip                     x86_64  1.9-15.el8_10                  ubi-8-baseos-rpms  166 k
#11 1.888  info                     x86_64  6.5-7.el8                      ubi-8-baseos-rpms  198 k
#11 1.888  keyutils-libs            x86_64  1.5.10-9.el8                   ubi-8-baseos-rpms   34 k
#11 1.888  krb5-libs                x86_64  1.18.2-34.el8_10               ubi-8-baseos-rpms  843 k
#11 1.888  libacl                   x86_64  2.4.0-1.el8_10                 ubi-8-baseos-rpms   37 k
#11 1.888  libattr                  x86_64  2.6.0-1.el8_10                 ubi-8-baseos-rpms   26 k
#11 1.888  libblkid                 x86_64  2.32.1-48.el8_10               ubi-8-baseos-rpms  220 k
#11 1.888  libcap                   x86_64  2.48-6.el8_10.1                ubi-8-baseos-rpms   74 k
#11 1.888  libcap-ng                x86_64  0.7.11-1.el8                   ubi-8-baseos-rpms   33 k
#11 1.888  libcom_err               x86_64  1.45.6-7.el8_10                ubi-8-baseos-rpms   49 k
#11 1.888  libdb                    x86_64  5.3.28-42.el8_4                ubi-8-baseos-rpms  751 k
#11 1.888  libfdisk                 x86_64  2.32.1-48.el8_10               ubi-8-baseos-rpms  253 k
#11 1.888  libffi                   x86_64  3.1-24.el8                     ubi-8-baseos-rpms   38 k
#11 1.888  libgcrypt                x86_64  1.8.5-8.el8_10                 ubi-8-baseos-rpms  462 k
#11 1.888  libgpg-error             x86_64  1.31-1.el8                     ubi-8-baseos-rpms  242 k
#11 1.888  libmount                 x86_64  2.32.1-48.el8_10               ubi-8-baseos-rpms  236 k
#11 1.888  libnsl2                  x86_64  1.2.0-2.20180605git4a062cf.el8 ubi-8-baseos-rpms   58 k
#11 1.888  libpwquality             x86_64  1.4.4-6.el8                    ubi-8-baseos-rpms  107 k
#11 1.888  libselinux               x86_64  2.9-11.el8_10                  ubi-8-baseos-rpms  165 k
#11 1.888  libsemanage              x86_64  2.9-12.el8_10                  ubi-8-baseos-rpms  169 k
#11 1.888  libsepol                 x86_64  2.9-3.el8                      ubi-8-baseos-rpms  340 k
#11 1.888  libsigsegv               x86_64  2.11-5.el8                     ubi-8-baseos-rpms   30 k
#11 1.888  libsmartcols             x86_64  2.32.1-48.el8_10               ubi-8-baseos-rpms  179 k
#11 1.888  libtasn1                 x86_64  4.13-6.el8_10                  ubi-8-baseos-rpms   76 k
#11 1.888  libtirpc                 x86_64  1.1.4-12.el8_10                ubi-8-baseos-rpms  114 k
#11 1.888  libutempter              x86_64  1.1.6-14.el8                   ubi-8-baseos-rpms   32 k
#11 1.888  libuuid                  x86_64  2.32.1-48.el8_10               ubi-8-baseos-rpms   99 k
#11 1.888  libverto                 x86_64  0.3.2-2.el8                    ubi-8-baseos-rpms   24 k
#11 1.888  libxcrypt                x86_64  4.1.1-6.el8                    ubi-8-baseos-rpms   73 k
#11 1.888  lz4-libs                 x86_64  1.8.3-5.el8_10                 ubi-8-baseos-rpms   66 k
#11 1.888  mpfr                     x86_64  3.1.6-1.el8                    ubi-8-baseos-rpms  221 k
#11 1.888  ncurses                  x86_64  6.1-10.20180224.el8            ubi-8-baseos-rpms  387 k
#11 1.888  ncurses-base             noarch  6.1-10.20180224.el8            ubi-8-baseos-rpms   81 k
#11 1.888  p11-kit                  x86_64  0.23.22-2.el8                  ubi-8-baseos-rpms  327 k
#11 1.888  p11-kit-trust            x86_64  0.23.22-2.el8                  ubi-8-baseos-rpms  138 k
#11 1.888  pcre                     x86_64  8.42-6.el8                     ubi-8-baseos-rpms  211 k
#11 1.888  pcre2                    x86_64  10.32-3.el8_6                  ubi-8-baseos-rpms  247 k
#11 1.888  popt                     x86_64  1.18-1.el8                     ubi-8-baseos-rpms   61 k
#11 1.888  readline                 x86_64  7.0-10.el8                     ubi-8-baseos-rpms  199 k
#11 1.888  setup                    noarch  2.12.2-9.el8                   ubi-8-baseos-rpms  181 k
#11 1.888  systemd-libs             x86_64  239-82.el8_10.19               ubi-8-baseos-rpms  1.1 M
#11 1.888  xz-libs                  x86_64  5.2.4-4.el8_6                  ubi-8-baseos-rpms   94 k
#11 1.888 
#11 1.888 Transaction Summary
#11 1.888 =========================================================================================
#11 1.888 Install  74 Packages
#11 1.888 
#11 1.894 Total download size: 33 M
#11 1.894 Installed size: 104 M
#11 1.895 Downloading Packages:
#11 1.947 (1/74): basesystem-11-5.el8.noarch.rpm          242 kB/s |  11 kB     00:00    
#11 1.957 (2/74): audit-libs-3.1.2-1.el8_10.1.x86_64.rpm  2.3 MB/s | 125 kB     00:00    
#11 1.969 (3/74): bash-4.4.20-6.el8_10.x86_64.rpm          24 MB/s | 1.5 MB     00:00    
#11 1.970 (4/74): bzip2-libs-1.0.6-28.el8_10.x86_64.rpm   2.1 MB/s |  48 kB     00:00    
#11 1.983 (5/74): ca-certificates-2025.2.80_v9.0.304-80.2  39 MB/s | 1.0 MB     00:00    
#11 2.005 (6/74): coreutils-8.30-20.el8_10.x86_64.rpm      35 MB/s | 1.2 MB     00:00    
#11 2.008 (7/74): chkconfig-1.19.2-1.el8.x86_64.rpm       5.0 MB/s | 199 kB     00:00    
#11 2.020 (8/74): cracklib-2.9.6-15.el8.x86_64.rpm        6.6 MB/s |  93 kB     00:00    
#11 2.046 (9/74): crypto-policies-20230731-1.git3177e06.e 2.5 MB/s |  64 kB     00:00    
#11 2.069 (10/74): filesystem-3.8-6.el8.x86_64.rpm         49 MB/s | 1.1 MB     00:00    
#11 2.083 (11/74): coreutils-common-8.30-20.el8_10.x86_64  20 MB/s | 2.0 MB     00:00    
#11 2.091 (12/74): findutils-4.6.0-24.el8_10.x86_64.rpm    24 MB/s | 526 kB     00:00    
#11 2.147 (13/74): gawk-4.2.1-4.el8.x86_64.rpm             18 MB/s | 1.1 MB     00:00    
#11 2.166 (14/74): glibc-2.28-251.el8_10.40.x86_64.rpm     29 MB/s | 2.2 MB     00:00    
#11 2.184 (15/74): cracklib-dicts-2.9.6-15.el8.x86_64.rpm  23 MB/s | 4.0 MB     00:00    
#11 2.186 (16/74): glibc-minimal-langpack-2.28-251.el8_10 3.7 MB/s |  73 kB     00:00    
#11 2.193 (17/74): gmp-6.1.2-11.el8.x86_64.rpm             34 MB/s | 318 kB     00:00    
#11 2.200 (18/74): glibc-common-2.28-251.el8_10.40.x86_64  19 MB/s | 1.0 MB     00:00    
#11 2.203 (19/74): grep-3.1-6.el8.x86_64.rpm               16 MB/s | 274 kB     00:00    
#11 2.207 (20/74): hostname-3.20-6.el8.x86_64.rpm         4.9 MB/s |  32 kB     00:00    
#11 2.221 (21/74): info-6.5-7.el8.x86_64.rpm               11 MB/s | 198 kB     00:00    
#11 2.223 (22/74): gzip-1.9-15.el8_10.x86_64.rpm          5.6 MB/s | 166 kB     00:00    
#11 2.224 (23/74): keyutils-libs-1.5.10-9.el8.x86_64.rpm  1.9 MB/s |  34 kB     00:00    
#11 2.231 (24/74): libacl-2.4.0-1.el8_10.x86_64.rpm       5.2 MB/s |  37 kB     00:00    
#11 2.233 (25/74): libattr-2.6.0-1.el8_10.x86_64.rpm      3.1 MB/s |  26 kB     00:00    
#11 2.240 (26/74): krb5-libs-1.18.2-34.el8_10.x86_64.rpm   46 MB/s | 843 kB     00:00    
#11 2.242 (27/74): libcap-2.48-6.el8_10.1.x86_64.rpm      8.9 MB/s |  74 kB     00:00    
#11 2.245 (28/74): libblkid-2.32.1-48.el8_10.x86_64.rpm    16 MB/s | 220 kB     00:00    
#11 2.247 (29/74): libcap-ng-0.7.11-1.el8.x86_64.rpm      5.1 MB/s |  33 kB     00:00    
#11 2.248 (30/74): libcom_err-1.45.6-7.el8_10.x86_64.rpm  7.8 MB/s |  49 kB     00:00    
#11 2.257 (31/74): libffi-3.1-24.el8.x86_64.rpm           4.6 MB/s |  38 kB     00:00    
#11 2.263 (32/74): libdb-5.3.28-42.el8_4.x86_64.rpm        41 MB/s | 751 kB     00:00    
#11 2.265 (33/74): libfdisk-2.32.1-48.el8_10.x86_64.rpm    13 MB/s | 253 kB     00:00    
#11 2.267 (34/74): libgcc-8.5.0-28.el8_10.x86_64.rpm      7.9 MB/s |  82 kB     00:00    
#11 2.277 (35/74): libgcrypt-1.8.5-8.el8_10.x86_64.rpm     35 MB/s | 462 kB     00:00    
#11 2.281 (36/74): libgpg-error-1.31-1.el8.x86_64.rpm      16 MB/s | 242 kB     00:00    
#11 2.283 (37/74): libmount-2.32.1-48.el8_10.x86_64.rpm    15 MB/s | 236 kB     00:00    
#11 2.285 (38/74): libnsl2-1.2.0-2.20180605git4a062cf.el8 7.1 MB/s |  58 kB     00:00    
#11 2.288 (39/74): libpwquality-1.4.4-6.el8.x86_64.rpm     14 MB/s | 107 kB     00:00    
#11 2.292 (40/74): libselinux-2.9-11.el8_10.x86_64.rpm     21 MB/s | 165 kB     00:00    
#11 2.296 (41/74): libsemanage-2.9-12.el8_10.x86_64.rpm    17 MB/s | 169 kB     00:00    
#11 2.299 (42/74): libsigsegv-2.11-5.el8.x86_64.rpm       4.7 MB/s |  30 kB     00:00    
#11 2.302 (43/74): libsepol-2.9-3.el8.x86_64.rpm           25 MB/s | 340 kB     00:00    
#11 2.309 (44/74): libsmartcols-2.32.1-48.el8_10.x86_64.r  15 MB/s | 179 kB     00:00    
#11 2.311 (45/74): libtasn1-4.13-6.el8_10.x86_64.rpm      8.6 MB/s |  76 kB     00:00    
#11 2.317 (46/74): libstdc++-8.5.0-28.el8_10.x86_64.rpm    27 MB/s | 474 kB     00:00    
#11 2.318 (47/74): libutempter-1.1.6-14.el8.x86_64.rpm    4.8 MB/s |  32 kB     00:00    
#11 2.321 (48/74): libtirpc-1.1.4-12.el8_10.x86_64.rpm    9.9 MB/s | 114 kB     00:00    
#11 2.325 (49/74): libverto-0.3.2-2.el8.x86_64.rpm        4.1 MB/s |  24 kB     00:00    
#11 2.326 (50/74): libuuid-2.32.1-48.el8_10.x86_64.rpm     11 MB/s |  99 kB     00:00    
#11 2.331 (51/74): libxcrypt-4.1.1-6.el8.x86_64.rpm       7.4 MB/s |  73 kB     00:00    
#11 2.333 (52/74): lz4-libs-1.8.3-5.el8_10.x86_64.rpm     8.6 MB/s |  66 kB     00:00    
#11 2.342 (53/74): mpfr-3.1.6-1.el8.x86_64.rpm             14 MB/s | 221 kB     00:00    
#11 2.345 (54/74): ncurses-base-6.1-10.20180224.el8.noarc 6.8 MB/s |  81 kB     00:00    
#11 2.349 (55/74): ncurses-6.1-10.20180224.el8.x86_64.rpm  21 MB/s | 387 kB     00:00    
#11 2.356 (56/74): ncurses-libs-6.1-10.20180224.el8.x86_6  26 MB/s | 334 kB     00:00    
#11 2.363 (57/74): p11-kit-0.23.22-2.el8.x86_64.rpm        24 MB/s | 327 kB     00:00    
#11 2.371 (58/74): p11-kit-trust-0.23.22-2.el8.x86_64.rpm 8.9 MB/s | 138 kB     00:00    
#11 2.386 (59/74): openssl-libs-1.1.1k-17.el8_6.x86_64.rp  37 MB/s | 1.5 MB     00:00    
#11 2.390 (60/74): pcre-8.42-6.el8.x86_64.rpm              12 MB/s | 211 kB     00:00    
#11 2.395 (61/74): pam-1.3.1-40.el8_10.x86_64.rpm          23 MB/s | 749 kB     00:00    
#11 2.397 (62/74): popt-1.18-1.el8.x86_64.rpm             8.4 MB/s |  61 kB     00:00    
#11 2.400 (63/74): pcre2-10.32-3.el8_6.x86_64.rpm          17 MB/s | 247 kB     00:00    
#11 2.409 (64/74): procps-ng-3.3.15-14.el8.x86_64.rpm      25 MB/s | 330 kB     00:00    
#11 2.410 (65/74): readline-7.0-10.el8.x86_64.rpm          15 MB/s | 199 kB     00:00    
#11 2.412 (66/74): redhat-release-8.10-0.3.el8.x86_64.rpm 3.8 MB/s |  45 kB     00:00    
#11 2.421 (67/74): setup-2.12.2-9.el8.noarch.rpm           18 MB/s | 181 kB     00:00    
#11 2.425 (68/74): sed-4.5-5.el8_10.x86_64.rpm             21 MB/s | 298 kB     00:00    
#11 2.454 (69/74): systemd-libs-239-82.el8_10.19.x86_64.r  36 MB/s | 1.1 MB     00:00    
#11 2.461 (70/74): shadow-utils-4.6-23.el8_10.x86_64.rpm   26 MB/s | 1.2 MB     00:00    
#11 2.465 (71/74): tzdata-2026c-1.el8_10.noarch.rpm        14 MB/s | 549 kB     00:00    
#11 2.469 (72/74): xz-libs-5.2.4-4.el8_6.x86_64.rpm        13 MB/s |  94 kB     00:00    
#11 2.487 (73/74): zlib-1.2.11-25.el8.x86_64.rpm          4.7 MB/s | 103 kB     00:00    
#11 2.503 (74/74): util-linux-2.32.1-48.el8_10.x86_64.rpm  51 MB/s | 2.5 MB     00:00    
#11 2.507 --------------------------------------------------------------------------------
#11 2.507 Total                                            55 MB/s |  33 MB     00:00     
#11 2.520 Red Hat Universal Base Image 8 (RPMs) - BaseOS  4.9 MB/s | 5.0 kB     00:00    
#11 2.592 Importing GPG key 0xFD431D51:
#11 2.592  Userid     : "Red Hat, Inc. (release key 2) <security@redhat.com>"
#11 2.592  Fingerprint: 567E 347A D004 4ADE 55BA 8A5F 199E 2F91 FD43 1D51
#11 2.592  From       : /etc/pki/rpm-gpg/RPM-GPG-KEY-redhat-release
#11 2.595 Key imported successfully
#11 2.595 Importing GPG key 0xD4082792:
#11 2.595  Userid     : "Red Hat, Inc. (auxiliary key) <security@redhat.com>"
#11 2.595  Fingerprint: 6A6A A7C9 7C88 90AE C6AE BFE2 F76F 66C3 D408 2792
#11 2.595  From       : /etc/pki/rpm-gpg/RPM-GPG-KEY-redhat-release
#11 2.596 Key imported successfully
#11 3.489 Running transaction check
#11 3.529 Transaction check succeeded.
#11 3.529 Running transaction test
#11 4.128 Transaction test succeeded.
#11 4.129 Running transaction
#11 4.456   Running scriptlet: filesystem-3.8-6.el8.x86_64                            1/1 
#11 4.782   Preparing        :                                                        1/1 
#11 4.792   Installing       : libgcc-8.5.0-28.el8_10.x86_64                         1/74 
#11 4.798   Running scriptlet: libgcc-8.5.0-28.el8_10.x86_64                         1/74 
#11 4.814   Installing       : crypto-policies-20230731-1.git3177e06.el8.noarch      2/74 
#11 4.820   Running scriptlet: crypto-policies-20230731-1.git3177e06.el8.noarch      2/74 
#11 5.011   Installing       : tzdata-2026c-1.el8_10.noarch                          3/74 
#11 5.030   Installing       : redhat-release-8.10-0.3.el8.x86_64                    4/74 
#11 5.052   Installing       : setup-2.12.2-9.el8.noarch                             5/74 
#11 5.056   Running scriptlet: setup-2.12.2-9.el8.noarch                             5/74 
#11 5.101   Installing       : filesystem-3.8-6.el8.x86_64                           6/74 
#11 5.188   Installing       : basesystem-11-5.el8.noarch                            7/74 
#11 5.210   Installing       : ncurses-base-6.1-10.20180224.el8.noarch               8/74 
#11 5.236   Installing       : pcre2-10.32-3.el8_6.x86_64                            9/74 
#11 5.248   Installing       : libselinux-2.9-11.el8_10.x86_64                      10/74 
#11 5.284   Installing       : ncurses-libs-6.1-10.20180224.el8.x86_64              11/74 
#11 5.290   Installing       : glibc-minimal-langpack-2.28-251.el8_10.40.x86_64     12/74 
#11 5.477   Installing       : glibc-common-2.28-251.el8_10.40.x86_64               13/74 
#11 5.486   Running scriptlet: glibc-2.28-251.el8_10.40.x86_64                      14/74 
#11 5.695   Installing       : glibc-2.28-251.el8_10.40.x86_64                      14/74 
#11 5.704   Running scriptlet: glibc-2.28-251.el8_10.40.x86_64                      14/74 
#11 7.099   Installing       : bash-4.4.20-6.el8_10.x86_64                          15/74 
#11 7.104   Running scriptlet: bash-4.4.20-6.el8_10.x86_64                          15/74 
#11 7.131   Installing       : libsepol-2.9-3.el8.x86_64                            16/74 
#11 7.135   Running scriptlet: libsepol-2.9-3.el8.x86_64                            16/74 
#11 7.772   Installing       : libuuid-2.32.1-48.el8_10.x86_64                      17/74 
#11 7.776   Running scriptlet: libuuid-2.32.1-48.el8_10.x86_64                      17/74 
#11 8.417   Installing       : zlib-1.2.11-25.el8.x86_64                            18/74 
#11 8.438   Installing       : info-6.5-7.el8.x86_64                                19/74 
#11 8.469   Installing       : gmp-1:6.1.2-11.el8.x86_64                            20/74 
#11 8.472   Running scriptlet: gmp-1:6.1.2-11.el8.x86_64                            20/74 
#11 9.113   Installing       : libacl-2.4.0-1.el8_10.x86_64                         21/74 
#11 9.141   Installing       : sed-4.5-5.el8_10.x86_64                              22/74 
#11 9.145   Running scriptlet: sed-4.5-5.el8_10.x86_64                              22/74 
#11 9.777 install-info: No such file or directory for /dev/null
#11 9.777 
#11 9.786   Installing       : libxcrypt-4.1.1-6.el8.x86_64                         23/74 
#11 9.798   Installing       : libattr-2.6.0-1.el8_10.x86_64                        24/74 
#11 9.810   Installing       : libcap-2.48-6.el8_10.1.x86_64                        25/74 
#11 9.816   Installing       : libcap-ng-0.7.11-1.el8.x86_64                        26/74 
#11 9.831   Installing       : audit-libs-3.1.2-1.el8_10.1.x86_64                   27/74 
#11 9.838   Installing       : libcom_err-1.45.6-7.el8_10.x86_64                    28/74 
#11 9.841   Running scriptlet: libcom_err-1.45.6-7.el8_10.x86_64                    28/74 
#11 10.50   Installing       : mpfr-3.1.6-1.el8.x86_64                              29/74 
#11 10.50   Running scriptlet: mpfr-3.1.6-1.el8.x86_64                              29/74 
#11 11.29   Installing       : coreutils-common-8.30-20.el8_10.x86_64               30/74 
#11 11.30   Running scriptlet: coreutils-common-8.30-20.el8_10.x86_64               30/74 
#11 11.95   Installing       : readline-7.0-10.el8.x86_64                           31/74 
#11 11.95   Running scriptlet: readline-7.0-10.el8.x86_64                           31/74 
#11 12.59 install-info: No such file or directory for /usr/share/info/history.info
#11 12.59 install-info: No such file or directory for /usr/share/info/rluserman.info
#11 12.59 
#11 12.59   Installing       : bzip2-libs-1.0.6-28.el8_10.x86_64                    32/74 
#11 12.61   Installing       : libsemanage-2.9-12.el8_10.x86_64                     33/74 
#11 12.61   Installing       : keyutils-libs-1.5.10-9.el8.x86_64                    34/74 
#11 12.62   Installing       : libffi-3.1-24.el8.x86_64                             35/74 
#11 12.66   Installing       : p11-kit-0.23.22-2.el8.x86_64                         36/74 
#11 12.69   Installing       : libgpg-error-1.31-1.el8.x86_64                       37/74 
#11 12.73   Installing       : libgcrypt-1.8.5-8.el8_10.x86_64                      38/74 
#11 12.74   Running scriptlet: libgcrypt-1.8.5-8.el8_10.x86_64                      38/74 
#11 13.37   Installing       : libsigsegv-2.11-5.el8.x86_64                         39/74 
#11 13.45   Installing       : gawk-4.2.1-4.el8.x86_64                              40/74 
#11 13.46   Installing       : libsmartcols-2.32.1-48.el8_10.x86_64                 41/74 
#11 13.46   Running scriptlet: libsmartcols-2.32.1-48.el8_10.x86_64                 41/74 
#11 14.10   Installing       : libtasn1-4.13-6.el8_10.x86_64                        42/74 
#11 14.11   Running scriptlet: libtasn1-4.13-6.el8_10.x86_64                        42/74 
#11 14.74   Installing       : libverto-0.3.2-2.el8.x86_64                          43/74 
#11 14.75   Installing       : lz4-libs-1.8.3-5.el8_10.x86_64                       44/74 
#11 14.78   Installing       : ncurses-6.1-10.20180224.el8.x86_64                   45/74 
#11 14.80   Installing       : pcre-8.42-6.el8.x86_64                               46/74 
#11 14.83   Installing       : grep-3.1-6.el8.x86_64                                47/74 
#11 14.83   Running scriptlet: grep-3.1-6.el8.x86_64                                47/74 
#11 15.46 install-info: No such file or directory for /usr/share/info/grep.info.gz
#11 15.46 
#11 15.47   Installing       : popt-1.18-1.el8.x86_64                               48/74 
#11 15.49   Installing       : chkconfig-1.19.2-1.el8.x86_64                        49/74 
#11 15.51   Installing       : p11-kit-trust-0.23.22-2.el8.x86_64                   50/74 
#11 15.52   Running scriptlet: p11-kit-trust-0.23.22-2.el8.x86_64                   50/74 
#11 16.27   Installing       : openssl-libs-1:1.1.1k-17.el8_6.x86_64                51/74 
#11 16.28   Running scriptlet: openssl-libs-1:1.1.1k-17.el8_6.x86_64                51/74 
#11 17.06   Installing       : coreutils-8.30-20.el8_10.x86_64                      52/74 
#11 17.07   Running scriptlet: ca-certificates-2025.2.80_v9.0.304-80.2.el8_10.noa   53/74 
#11 17.78   Installing       : ca-certificates-2025.2.80_v9.0.304-80.2.el8_10.noa   53/74 
#11 17.79   Running scriptlet: ca-certificates-2025.2.80_v9.0.304-80.2.el8_10.noa   53/74 
#11 19.36   Installing       : libblkid-2.32.1-48.el8_10.x86_64                     54/74 
#11 19.36   Running scriptlet: libblkid-2.32.1-48.el8_10.x86_64                     54/74 
#11 20.02   Installing       : libmount-2.32.1-48.el8_10.x86_64                     55/74 
#11 20.02   Running scriptlet: libmount-2.32.1-48.el8_10.x86_64                     55/74 
#11 20.69   Installing       : libfdisk-2.32.1-48.el8_10.x86_64                     56/74 
#11 20.73   Running scriptlet: libfdisk-2.32.1-48.el8_10.x86_64                     56/74 
#11 21.41   Installing       : gzip-1.9-15.el8_10.x86_64                            57/74 
#11 21.48   Running scriptlet: gzip-1.9-15.el8_10.x86_64                            57/74 
#11 22.15   Installing       : cracklib-2.9.6-15.el8.x86_64                         58/74 
#11 22.58   Installing       : cracklib-dicts-2.9.6-15.el8.x86_64                   59/74 
#11 23.14   Installing       : krb5-libs-1.18.2-34.el8_10.x86_64                    60/74 
#11 23.24   Installing       : libtirpc-1.1.4-12.el8_10.x86_64                      61/74 
#11 23.27   Running scriptlet: libtirpc-1.1.4-12.el8_10.x86_64                      61/74 
#11 23.95   Installing       : libnsl2-1.2.0-2.20180605git4a062cf.el8.x86_64        62/74 
#11 23.99   Running scriptlet: libnsl2-1.2.0-2.20180605git4a062cf.el8.x86_64        62/74 
#11 24.80   Installing       : shadow-utils-2:4.6-23.el8_10.x86_64                  63/74 
#11 24.86   Running scriptlet: libutempter-1.1.6-14.el8.x86_64                      64/74 
#11 25.59   Installing       : libutempter-1.1.6-14.el8.x86_64                      64/74 
#11 25.74   Installing       : libdb-5.3.28-42.el8_4.x86_64                         65/74 
#11 25.78   Running scriptlet: libdb-5.3.28-42.el8_4.x86_64                         65/74 
#11 26.45   Installing       : libpwquality-1.4.4-6.el8.x86_64                      66/74 
#11 26.62   Installing       : pam-1.3.1-40.el8_10.x86_64                           67/74 
#11 26.72   Running scriptlet: pam-1.3.1-40.el8_10.x86_64                           67/74 
#11 27.41   Installing       : xz-libs-5.2.4-4.el8_6.x86_64                         68/74 
#11 27.61   Installing       : systemd-libs-239-82.el8_10.19.x86_64                 69/74 
#11 27.68   Running scriptlet: systemd-libs-239-82.el8_10.19.x86_64                 69/74 
#11 28.39   Installing       : procps-ng-3.3.15-14.el8.x86_64                       70/74 
#11 29.91   Installing       : util-linux-2.32.1-48.el8_10.x86_64                   71/74 
#11 30.04   Running scriptlet: util-linux-2.32.1-48.el8_10.x86_64                   71/74 
#11 30.74   Installing       : findutils-1:4.6.0-24.el8_10.x86_64                   72/74 
#11 30.80   Running scriptlet: findutils-1:4.6.0-24.el8_10.x86_64                   72/74 
#11 31.46   Installing       : hostname-3.20-6.el8.x86_64                           73/74 
#11 31.58   Running scriptlet: hostname-3.20-6.el8.x86_64                           73/74 
#11 32.29   Installing       : libstdc++-8.5.0-28.el8_10.x86_64                     74/74 
#11 32.35   Running scriptlet: libstdc++-8.5.0-28.el8_10.x86_64                     74/74 
#11 33.02   Running scriptlet: filesystem-3.8-6.el8.x86_64                          74/74 
#11 33.65   Running scriptlet: ca-certificates-2025.2.80_v9.0.304-80.2.el8_10.noa   74/74 
#11 35.22   Running scriptlet: glibc-common-2.28-251.el8_10.40.x86_64               74/74 
#11 35.91   Verifying        : audit-libs-3.1.2-1.el8_10.1.x86_64                    1/74 
#11 35.91   Verifying        : basesystem-11-5.el8.noarch                            2/74 
#11 35.91   Verifying        : bash-4.4.20-6.el8_10.x86_64                           3/74 
#11 35.91   Verifying        : bzip2-libs-1.0.6-28.el8_10.x86_64                     4/74 
#11 35.91   Verifying        : ca-certificates-2025.2.80_v9.0.304-80.2.el8_10.noa    5/74 
#11 35.91   Verifying        : chkconfig-1.19.2-1.el8.x86_64                         6/74 
#11 35.91   Verifying        : coreutils-8.30-20.el8_10.x86_64                       7/74 
#11 35.91   Verifying        : coreutils-common-8.30-20.el8_10.x86_64                8/74 
#11 35.91   Verifying        : cracklib-2.9.6-15.el8.x86_64                          9/74 
#11 35.91   Verifying        : cracklib-dicts-2.9.6-15.el8.x86_64                   10/74 
#11 35.91   Verifying        : crypto-policies-20230731-1.git3177e06.el8.noarch     11/74 
#11 35.91   Verifying        : filesystem-3.8-6.el8.x86_64                          12/74 
#11 35.91   Verifying        : findutils-1:4.6.0-24.el8_10.x86_64                   13/74 
#11 35.91   Verifying        : gawk-4.2.1-4.el8.x86_64                              14/74 
#11 35.91   Verifying        : glibc-2.28-251.el8_10.40.x86_64                      15/74 
#11 35.91   Verifying        : glibc-common-2.28-251.el8_10.40.x86_64               16/74 
#11 35.91   Verifying        : glibc-minimal-langpack-2.28-251.el8_10.40.x86_64     17/74 
#11 35.91   Verifying        : gmp-1:6.1.2-11.el8.x86_64                            18/74 
#11 35.91   Verifying        : grep-3.1-6.el8.x86_64                                19/74 
#11 35.91   Verifying        : gzip-1.9-15.el8_10.x86_64                            20/74 
#11 35.91   Verifying        : hostname-3.20-6.el8.x86_64                           21/74 
#11 35.91   Verifying        : info-6.5-7.el8.x86_64                                22/74 
#11 35.91   Verifying        : keyutils-libs-1.5.10-9.el8.x86_64                    23/74 
#11 35.91   Verifying        : krb5-libs-1.18.2-34.el8_10.x86_64                    24/74 
#11 35.91   Verifying        : libacl-2.4.0-1.el8_10.x86_64                         25/74 
#11 35.91   Verifying        : libattr-2.6.0-1.el8_10.x86_64                        26/74 
#11 35.91   Verifying        : libblkid-2.32.1-48.el8_10.x86_64                     27/74 
#11 35.91   Verifying        : libcap-2.48-6.el8_10.1.x86_64                        28/74 
#11 35.91   Verifying        : libcap-ng-0.7.11-1.el8.x86_64                        29/74 
#11 35.91   Verifying        : libcom_err-1.45.6-7.el8_10.x86_64                    30/74 
#11 35.91   Verifying        : libdb-5.3.28-42.el8_4.x86_64                         31/74 
#11 35.91   Verifying        : libfdisk-2.32.1-48.el8_10.x86_64                     32/74 
#11 35.91   Verifying        : libffi-3.1-24.el8.x86_64                             33/74 
#11 35.91   Verifying        : libgcc-8.5.0-28.el8_10.x86_64                        34/74 
#11 35.91   Verifying        : libgcrypt-1.8.5-8.el8_10.x86_64                      35/74 
#11 35.91   Verifying        : libgpg-error-1.31-1.el8.x86_64                       36/74 
#11 35.91   Verifying        : libmount-2.32.1-48.el8_10.x86_64                     37/74 
#11 35.91   Verifying        : libnsl2-1.2.0-2.20180605git4a062cf.el8.x86_64        38/74 
#11 35.91   Verifying        : libpwquality-1.4.4-6.el8.x86_64                      39/74 
#11 35.91   Verifying        : libselinux-2.9-11.el8_10.x86_64                      40/74 
#11 35.91   Verifying        : libsemanage-2.9-12.el8_10.x86_64                     41/74 
#11 35.92   Verifying        : libsepol-2.9-3.el8.x86_64                            42/74 
#11 35.92   Verifying        : libsigsegv-2.11-5.el8.x86_64                         43/74 
#11 35.92   Verifying        : libsmartcols-2.32.1-48.el8_10.x86_64                 44/74 
#11 35.92   Verifying        : libstdc++-8.5.0-28.el8_10.x86_64                     45/74 
#11 35.92   Verifying        : libtasn1-4.13-6.el8_10.x86_64                        46/74 
#11 35.92   Verifying        : libtirpc-1.1.4-12.el8_10.x86_64                      47/74 
#11 35.92   Verifying        : libutempter-1.1.6-14.el8.x86_64                      48/74 
#11 35.92   Verifying        : libuuid-2.32.1-48.el8_10.x86_64                      49/74 
#11 35.92   Verifying        : libverto-0.3.2-2.el8.x86_64                          50/74 
#11 35.92   Verifying        : libxcrypt-4.1.1-6.el8.x86_64                         51/74 
#11 35.92   Verifying        : lz4-libs-1.8.3-5.el8_10.x86_64                       52/74 
#11 35.92   Verifying        : mpfr-3.1.6-1.el8.x86_64                              53/74 
#11 35.92   Verifying        : ncurses-6.1-10.20180224.el8.x86_64                   54/74 
#11 35.92   Verifying        : ncurses-base-6.1-10.20180224.el8.noarch              55/74 
#11 35.92   Verifying        : ncurses-libs-6.1-10.20180224.el8.x86_64              56/74 
#11 35.92   Verifying        : openssl-libs-1:1.1.1k-17.el8_6.x86_64                57/74 
#11 35.92   Verifying        : p11-kit-0.23.22-2.el8.x86_64                         58/74 
#11 35.92   Verifying        : p11-kit-trust-0.23.22-2.el8.x86_64                   59/74 
#11 35.92   Verifying        : pam-1.3.1-40.el8_10.x86_64                           60/74 
#11 35.92   Verifying        : pcre-8.42-6.el8.x86_64                               61/74 
#11 35.92   Verifying        : pcre2-10.32-3.el8_6.x86_64                           62/74 
#11 35.92   Verifying        : popt-1.18-1.el8.x86_64                               63/74 
#11 35.92   Verifying        : procps-ng-3.3.15-14.el8.x86_64                       64/74 
#11 35.92   Verifying        : readline-7.0-10.el8.x86_64                           65/74 
#11 35.92   Verifying        : redhat-release-8.10-0.3.el8.x86_64                   66/74 
#11 35.92   Verifying        : sed-4.5-5.el8_10.x86_64                              67/74 
#11 35.92   Verifying        : setup-2.12.2-9.el8.noarch                            68/74 
#11 35.92   Verifying        : shadow-utils-2:4.6-23.el8_10.x86_64                  69/74 
#11 35.92   Verifying        : systemd-libs-239-82.el8_10.19.x86_64                 70/74 
#11 35.92   Verifying        : tzdata-2026c-1.el8_10.noarch                         71/74 
#11 35.92   Verifying        : util-linux-2.32.1-48.el8_10.x86_64                   72/74 
#11 35.92   Verifying        : xz-libs-5.2.4-4.el8_6.x86_64                         73/74 
#11 35.92   Verifying        : zlib-1.2.11-25.el8.x86_64                            74/74 
#11 36.63 Installed products updated.
#11 36.65 
#11 36.65 Installed:
#11 36.65   audit-libs-3.1.2-1.el8_10.1.x86_64                                            
#11 36.65   basesystem-11-5.el8.noarch                                                    
#11 36.65   bash-4.4.20-6.el8_10.x86_64                                                   
#11 36.65   bzip2-libs-1.0.6-28.el8_10.x86_64                                             
#11 36.65   ca-certificates-2025.2.80_v9.0.304-80.2.el8_10.noarch                         
#11 36.65   chkconfig-1.19.2-1.el8.x86_64                                                 
#11 36.65   coreutils-8.30-20.el8_10.x86_64                                               
#11 36.65   coreutils-common-8.30-20.el8_10.x86_64                                        
#11 36.65   cracklib-2.9.6-15.el8.x86_64                                                  
#11 36.65   cracklib-dicts-2.9.6-15.el8.x86_64                                            
#11 36.65   crypto-policies-20230731-1.git3177e06.el8.noarch                              
#11 36.65   filesystem-3.8-6.el8.x86_64                                                   
#11 36.65   findutils-1:4.6.0-24.el8_10.x86_64                                            
#11 36.65   gawk-4.2.1-4.el8.x86_64                                                       
#11 36.65   glibc-2.28-251.el8_10.40.x86_64                                               
#11 36.65   glibc-common-2.28-251.el8_10.40.x86_64                                        
#11 36.65   glibc-minimal-langpack-2.28-251.el8_10.40.x86_64                              
#11 36.65   gmp-1:6.1.2-11.el8.x86_64                                                     
#11 36.65   grep-3.1-6.el8.x86_64                                                         
#11 36.65   gzip-1.9-15.el8_10.x86_64                                                     
#11 36.65   hostname-3.20-6.el8.x86_64                                                    
#11 36.65   info-6.5-7.el8.x86_64                                                         
#11 36.65   keyutils-libs-1.5.10-9.el8.x86_64                                             
#11 36.65   krb5-libs-1.18.2-34.el8_10.x86_64                                             
#11 36.65   libacl-2.4.0-1.el8_10.x86_64                                                  
#11 36.65   libattr-2.6.0-1.el8_10.x86_64                                                 
#11 36.65   libblkid-2.32.1-48.el8_10.x86_64                                              
#11 36.65   libcap-2.48-6.el8_10.1.x86_64                                                 
#11 36.65   libcap-ng-0.7.11-1.el8.x86_64                                                 
#11 36.65   libcom_err-1.45.6-7.el8_10.x86_64                                             
#11 36.65   libdb-5.3.28-42.el8_4.x86_64                                                  
#11 36.65   libfdisk-2.32.1-48.el8_10.x86_64                                              
#11 36.65   libffi-3.1-24.el8.x86_64                                                      
#11 36.65   libgcc-8.5.0-28.el8_10.x86_64                                                 
#11 36.65   libgcrypt-1.8.5-8.el8_10.x86_64                                               
#11 36.65   libgpg-error-1.31-1.el8.x86_64                                                
#11 36.65   libmount-2.32.1-48.el8_10.x86_64                                              
#11 36.65   libnsl2-1.2.0-2.20180605git4a062cf.el8.x86_64                                 
#11 36.65   libpwquality-1.4.4-6.el8.x86_64                                               
#11 36.65   libselinux-2.9-11.el8_10.x86_64                                               
#11 36.65   libsemanage-2.9-12.el8_10.x86_64                                              
#11 36.65   libsepol-2.9-3.el8.x86_64                                                     
#11 36.65   libsigsegv-2.11-5.el8.x86_64                                                  
#11 36.65   libsmartcols-2.32.1-48.el8_10.x86_64                                          
#11 36.65   libstdc++-8.5.0-28.el8_10.x86_64                                              
#11 36.65   libtasn1-4.13-6.el8_10.x86_64                                                 
#11 36.65   libtirpc-1.1.4-12.el8_10.x86_64                                               
#11 36.65   libutempter-1.1.6-14.el8.x86_64                                               
#11 36.65   libuuid-2.32.1-48.el8_10.x86_64                                               
#11 36.65   libverto-0.3.2-2.el8.x86_64                                                   
#11 36.65   libxcrypt-4.1.1-6.el8.x86_64                                                  
#11 36.65   lz4-libs-1.8.3-5.el8_10.x86_64                                                
#11 36.65   mpfr-3.1.6-1.el8.x86_64                                                       
#11 36.65   ncurses-6.1-10.20180224.el8.x86_64                                            
#11 36.65   ncurses-base-6.1-10.20180224.el8.noarch                                       
#11 36.65   ncurses-libs-6.1-10.20180224.el8.x86_64                                       
#11 36.65   openssl-libs-1:1.1.1k-17.el8_6.x86_64                                         
#11 36.65   p11-kit-0.23.22-2.el8.x86_64                                                  
#11 36.65   p11-kit-trust-0.23.22-2.el8.x86_64                                            
#11 36.65   pam-1.3.1-40.el8_10.x86_64                                                    
#11 36.65   pcre-8.42-6.el8.x86_64                                                        
#11 36.65   pcre2-10.32-3.el8_6.x86_64                                                    
#11 36.65   popt-1.18-1.el8.x86_64                                                        
#11 36.65   procps-ng-3.3.15-14.el8.x86_64                                                
#11 36.65   readline-7.0-10.el8.x86_64                                                    
#11 36.65   redhat-release-8.10-0.3.el8.x86_64                                            
#11 36.65   sed-4.5-5.el8_10.x86_64                                                       
#11 36.65   setup-2.12.2-9.el8.noarch                                                     
#11 36.65   shadow-utils-2:4.6-23.el8_10.x86_64                                           
#11 36.65   systemd-libs-239-82.el8_10.19.x86_64                                          
#11 36.65   tzdata-2026c-1.el8_10.noarch                                                  
#11 36.65   util-linux-2.32.1-48.el8_10.x86_64                                            
#11 36.65   xz-libs-5.2.4-4.el8_6.x86_64                                                  
#11 36.65   zlib-1.2.11-25.el8.x86_64                                                     
#11 36.65 
#11 36.65 Complete!
#11 36.75 Verifying...                          ########################################
#11 36.87 Preparing...                          ########################################
#11 37.59 Updating / installing...
#11 37.59 riak-3.4.1.OTP26-1.el8                ########################################
#11 DONE 42.2s

#12 [package-amd64 1/1] COPY --from=install-amd64 /openriak-rootfs/ /
#12 DONE 0.6s

#13 [final 1/4] RUN <<'OPENRIAK_IMAGE_SETUP' (set -eu...)
#13 0.310 uid=999(riak) gid=999(riak) groups=999(riak)
#13 DONE 2.1s

#14 [final 2/4] COPY <<OPENRIAK_ENTRYPOINT /usr/local/bin/openriak-entrypoint
#14 DONE 0.3s

#15 [final 3/4] COPY <<OPENRIAK_HEALTHCHECK /usr/local/bin/openriak-healthcheck
#15 DONE 0.2s

#16 [final 4/4] RUN <<'OPENRIAK_SCRIPT_SETUP' (set -eu...)
#16 DONE 0.3s

#17 exporting to docker image format
#17 exporting layers
#17 exporting layers 6.5s done
#17 exporting manifest sha256:241349a12344a3fdb686725e518e1abddf9cef1cf47a4977073ab4fe07a57993 0.0s done
#17 exporting config sha256:97bea58a8c742bb7187f9ee4c43780cbf51f315a41899eda30482403cf79cc22 0.0s done
#17 sending tarball
#17 ...

#18 importing to docker
#18 loading layer 8ed7d648ef9b 557.06kB / 69.89MB
#18 loading layer 8a188fbc62ee 23.63kB / 23.63kB
#18 loading layer ff0cc9814da0 7.69kB / 7.69kB
#18 loading layer aea2e20afe58 385B / 385B
#18 loading layer ff0cc9814da0 7.69kB / 7.69kB 0.2s done
#18 loading layer 509f9170d71f 7.87kB / 7.87kB
#18 loading layer 8ed7d648ef9b 557.06kB / 69.89MB 1.9s done
#18 loading layer 8a188fbc62ee 23.63kB / 23.63kB 0.3s done
#18 loading layer aea2e20afe58 385B / 385B 0.2s done
#18 loading layer 509f9170d71f 7.87kB / 7.87kB 0.1s done
#18 DONE 1.9s

#17 exporting to docker image format
#17 sending tarball 2.7s done
#17 DONE 9.2s

timeout_seconds: 3600
exit_code: 0
