$ /usr/bin/docker compose --env-file /tmp/openriak-docker-3.4.0-ubuntu-jammy-otp24-91entxo9/.env.cluster --project-directory /tmp/openriak-docker-3.4.0-ubuntu-jammy-otp24-91entxo9 --file /tmp/openriak-docker-3.4.0-ubuntu-jammy-otp24-91entxo9/compose.cluster.test.yaml down --remove-orphans --timeout 120
started: 2026-09-11T11:18:29Z
 Container openriak-kv-3.4.0-ubuntu-jammy-otp24-node-3-t-203135z Stopping 
 Container openriak-kv-3.4.0-ubuntu-jammy-otp24-node-5-t-203135z Stopping 
 Container openriak-kv-3.4.0-ubuntu-jammy-otp24-node-1-t-203135z Stopping 
 Container openriak-kv-3.4.0-ubuntu-jammy-otp24-node-4-t-203135z Stopping 
 Container openriak-kv-3.4.0-ubuntu-jammy-otp24-node-2-t-203135z Stopping 
 Container openriak-kv-3.4.0-ubuntu-jammy-otp24-node-3-t-203135z Stopped 
 Container openriak-kv-3.4.0-ubuntu-jammy-otp24-node-3-t-203135z Removing 
 Container openriak-kv-3.4.0-ubuntu-jammy-otp24-node-2-t-203135z Stopped 
 Container openriak-kv-3.4.0-ubuntu-jammy-otp24-node-2-t-203135z Removing 
 Container openriak-kv-3.4.0-ubuntu-jammy-otp24-node-1-t-203135z Stopped 
 Container openriak-kv-3.4.0-ubuntu-jammy-otp24-node-1-t-203135z Removing 
 Container openriak-kv-3.4.0-ubuntu-jammy-otp24-node-5-t-203135z Stopped 
 Container openriak-kv-3.4.0-ubuntu-jammy-otp24-node-5-t-203135z Removing 
 Container openriak-kv-3.4.0-ubuntu-jammy-otp24-node-4-t-203135z Stopped 
 Container openriak-kv-3.4.0-ubuntu-jammy-otp24-node-4-t-203135z Removing 
 Container openriak-kv-3.4.0-ubuntu-jammy-otp24-node-1-t-203135z Removed 
 Container openriak-kv-3.4.0-ubuntu-jammy-otp24-node-3-t-203135z Removed 
 Container openriak-kv-3.4.0-ubuntu-jammy-otp24-node-4-t-203135z Removed 
 Container openriak-kv-3.4.0-ubuntu-jammy-otp24-node-2-t-203135z Removed 
 Container openriak-kv-3.4.0-ubuntu-jammy-otp24-node-5-t-203135z Removed 
 Network openriak-kv-340-ubuntu-jammy-otp24-node-cluster_openriak Removing 
 Network openriak-kv-340-ubuntu-jammy-otp24-node-cluster_openriak Removed 

timeout_seconds: 3600
exit_code: 0
