$ /usr/bin/docker compose --env-file /tmp/openriak-docker-3.4.0-ubuntu-jammy-otp24-91entxo9/.env.single --project-directory /tmp/openriak-docker-3.4.0-ubuntu-jammy-otp24-91entxo9 --file /tmp/openriak-docker-3.4.0-ubuntu-jammy-otp24-91entxo9/compose.single.test.yaml run --rm -e RIAK_INIT_ONLY=1 node
started: 2026-09-11T11:13:38Z
 Network openriak-kv-340-ubuntu-jammy-otp24-node_openriak Creating 
 Network openriak-kv-340-ubuntu-jammy-otp24-node_openriak Creating 
 Network openriak-kv-340-ubuntu-jammy-otp24-node_openriak Created 
 Network openriak-kv-340-ubuntu-jammy-otp24-node_openriak Created 
 Container openriak-kv-340-ubuntu-jammy-otp24-node-node-run-651783be4360 Creating 
 Container openriak-kv-340-ubuntu-jammy-otp24-node-node-run-651783be4360 Created 
2026-09-11T20:13:39+09:00 [openriak-entrypoint] configuration: timezone = Asia/Tokyo
usermod: no changes
2026-09-11T20:13:39+09:00 [openriak-entrypoint] configuration: riak UID/GID = 19001/19002
2026-09-11T20:13:39+09:00 [openriak-entrypoint] configuration: preparing mounted directories
2026-09-11T20:13:39+09:00 [openriak-entrypoint] configuration: seeding /etc/riak from packaged defaults
2026-09-11T20:13:39+09:00 [openriak-entrypoint] configuration: current Docker IPv4 address = 172.25.0.2
2026-09-11T20:13:39+09:00 [openriak-entrypoint] configuration: nodename = openriak-kv@node-01.cluster-a.openriak
2026-09-11T20:13:39+09:00 [openriak-entrypoint] configuration: distributed_cookie = openriak-8847371b343c87ce19fcbdbc9524c7b7
2026-09-11T20:13:39+09:00 [openriak-entrypoint] configuration: effective distributed cookie = openriak-8847371b343c87ce19fcbdbc9524c7b7
2026-09-11T20:13:39+09:00 [openriak-entrypoint] configuration: ring_size = 8
2026-09-11T20:13:39+09:00 [openriak-entrypoint] configuration: storage_backend = leveled
2026-09-11T20:13:39+09:00 [openriak-entrypoint] configuration: anti_entropy = passive
2026-09-11T20:13:39+09:00 [openriak-entrypoint] configuration: tictacaae_active = active
2026-09-11T20:13:39+09:00 [openriak-entrypoint] configuration: tictacaae_storeheads = enabled
2026-09-11T20:13:39+09:00 [openriak-entrypoint] configuration: listener.http.internal = 0.0.0.0:8098
2026-09-11T20:13:39+09:00 [openriak-entrypoint] configuration: listener.protobuf.internal = 0.0.0.0:8087
2026-09-11T20:13:39+09:00 [openriak-entrypoint] configuration: logger.max_file_size = 2MB
2026-09-11T20:13:39+09:00 [openriak-entrypoint] configuration: logger.max_files = 4
2026-09-11T20:13:40+09:00 [openriak-entrypoint] initialization: volume setup complete; RIAK_INIT_ONLY requested

timeout_seconds: 3600
exit_code: 0
