$ /usr/bin/docker compose --env-file /home/peter/openriak-builds/tmp/openriak-docker-3.4.0-debian-12-otp26-dwgtz6dx/.env.cluster --project-directory /home/peter/openriak-builds/tmp/openriak-docker-3.4.0-debian-12-otp26-dwgtz6dx --file /home/peter/openriak-builds/tmp/openriak-docker-3.4.0-debian-12-otp26-dwgtz6dx/compose.cluster.test.yaml up --detach --no-build
started: 2026-09-11T15:03:17Z
 Network openriak-kv-340-debian-12-otp26-node-cluster_openriak  Creating
 Network openriak-kv-340-debian-12-otp26-node-cluster_openriak  Created
 Container openriak-kv-3.4.0-debian-12-otp26-node-1-t-440427z  Creating
 Container openriak-kv-3.4.0-debian-12-otp26-node-3-t-440427z  Creating
 Container openriak-kv-3.4.0-debian-12-otp26-node-5-t-440427z  Creating
 Container openriak-kv-3.4.0-debian-12-otp26-node-4-t-440427z  Creating
 Container openriak-kv-3.4.0-debian-12-otp26-node-2-t-440427z  Creating
 Container openriak-kv-3.4.0-debian-12-otp26-node-3-t-440427z  Created
 Container openriak-kv-3.4.0-debian-12-otp26-node-5-t-440427z  Created
 Container openriak-kv-3.4.0-debian-12-otp26-node-1-t-440427z  Created
 Container openriak-kv-3.4.0-debian-12-otp26-node-2-t-440427z  Created
 Container openriak-kv-3.4.0-debian-12-otp26-node-4-t-440427z  Created
 Container openriak-kv-3.4.0-debian-12-otp26-node-2-t-440427z  Starting
 Container openriak-kv-3.4.0-debian-12-otp26-node-5-t-440427z  Starting
 Container openriak-kv-3.4.0-debian-12-otp26-node-4-t-440427z  Starting
 Container openriak-kv-3.4.0-debian-12-otp26-node-3-t-440427z  Starting
 Container openriak-kv-3.4.0-debian-12-otp26-node-1-t-440427z  Starting
 Container openriak-kv-3.4.0-debian-12-otp26-node-2-t-440427z  Started
 Container openriak-kv-3.4.0-debian-12-otp26-node-1-t-440427z  Started
 Container openriak-kv-3.4.0-debian-12-otp26-node-4-t-440427z  Started
 Container openriak-kv-3.4.0-debian-12-otp26-node-5-t-440427z  Started
 Container openriak-kv-3.4.0-debian-12-otp26-node-3-t-440427z  Started

timeout_seconds: 3600
exit_code: 0
