$ /usr/bin/docker container inspect openriak-kv-3.4.0-debian-12-otp26-node-1-t-440427z
started: 2026-09-11T15:03:17Z
[]
Error response from daemon: No such container: openriak-kv-3.4.0-debian-12-otp26-node-1-t-440427z

timeout_seconds: 3600
exit_code: 1
$ /usr/bin/docker container inspect openriak-kv-3.4.0-debian-12-otp26-node-2-t-440427z
started: 2026-09-11T15:03:17Z
[]
Error response from daemon: No such container: openriak-kv-3.4.0-debian-12-otp26-node-2-t-440427z

timeout_seconds: 3600
exit_code: 1
$ /usr/bin/docker container inspect openriak-kv-3.4.0-debian-12-otp26-node-3-t-440427z
started: 2026-09-11T15:03:17Z
[]
Error response from daemon: No such container: openriak-kv-3.4.0-debian-12-otp26-node-3-t-440427z

timeout_seconds: 3600
exit_code: 1
$ /usr/bin/docker container inspect openriak-kv-3.4.0-debian-12-otp26-node-4-t-440427z
started: 2026-09-11T15:03:17Z
[]
Error response from daemon: No such container: openriak-kv-3.4.0-debian-12-otp26-node-4-t-440427z

timeout_seconds: 3600
exit_code: 1
$ /usr/bin/docker container inspect openriak-kv-3.4.0-debian-12-otp26-node-5-t-440427z
started: 2026-09-11T15:03:17Z
[]
Error response from daemon: No such container: openriak-kv-3.4.0-debian-12-otp26-node-5-t-440427z

timeout_seconds: 3600
exit_code: 1
