$ /usr/bin/docker exec openriak-kv-3.4.0-debian-12-otp26-node-t-440427z sh -c 'date +%z
id -u riak
id -g riak
stat -c '"'"'%u:%g'"'"' /etc/riak /var/lib/riak /var/log/riak'
started: 2026-09-11T15:03:11Z
+0900
19001
19002
19001:19002
19001:19002
19001:19002

timeout_seconds: 3600
exit_code: 0
$ /usr/bin/docker container inspect openriak-kv-3.4.0-debian-12-otp26-node-t-440427z
started: 2026-09-11T15:03:11Z
[
    {
        "Id": "7119d2388538d24a90da57750b9d2104bcf8e388b270b8b2fbbd2883fe5a7d4e",
        "Created": "2026-09-11T15:02:53.424474447Z",
        "Path": "/usr/local/bin/openriak-entrypoint",
        "Args": [],
        "State": {
            "Status": "running",
            "Running": true,
            "Paused": false,
            "Restarting": false,
            "OOMKilled": false,
            "Dead": false,
            "Pid": 560130,
            "ExitCode": 0,
            "Error": "",
            "StartedAt": "2026-09-11T15:02:53.45558008Z",
            "FinishedAt": "0001-01-01T00:00:00Z",
            "Health": {
                "Status": "healthy",
                "FailingStreak": 0,
                "Log": [
                    {
                        "Start": "2026-09-11T15:02:58.722060202Z",
                        "End": "2026-09-11T15:02:59.104315521Z",
                        "ExitCode": 0,
                        "Output": "OpenRiak healthcheck passed: BEAM is running and riak ping returned pong\n"
                    },
                    {
                        "Start": "2026-09-11T15:03:09.105688898Z",
                        "End": "2026-09-11T15:03:09.400731488Z",
                        "ExitCode": 0,
                        "Output": "OpenRiak healthcheck passed: BEAM is running and riak ping returned pong\n"
                    }
                ]
            }
        },
        "Image": "sha256:983c394cd935ce0a7ecb2cf5c00e1686288d9398209a6219a7acfba606f5aeb7",
        "ResolvConfPath": "/var/snap/docker/common/var-lib-docker/containers/7119d2388538d24a90da57750b9d2104bcf8e388b270b8b2fbbd2883fe5a7d4e/resolv.conf",
        "HostnamePath": "/var/snap/docker/common/var-lib-docker/containers/7119d2388538d24a90da57750b9d2104bcf8e388b270b8b2fbbd2883fe5a7d4e/hostname",
        "HostsPath": "/var/snap/docker/common/var-lib-docker/containers/7119d2388538d24a90da57750b9d2104bcf8e388b270b8b2fbbd2883fe5a7d4e/hosts",
        "LogPath": "/var/snap/docker/common/var-lib-docker/containers/7119d2388538d24a90da57750b9d2104bcf8e388b270b8b2fbbd2883fe5a7d4e/7119d2388538d24a90da57750b9d2104bcf8e388b270b8b2fbbd2883fe5a7d4e-json.log",
        "Name": "/openriak-kv-3.4.0-debian-12-otp26-node-t-440427z",
        "RestartCount": 0,
        "Driver": "overlay2",
        "Platform": "linux",
        "MountLabel": "",
        "ProcessLabel": "",
        "AppArmorProfile": "docker-default",
        "ExecIDs": null,
        "HostConfig": {
            "Binds": [
                "/home/peter/openriak-builds/tmp/openriak-docker-3.4.0-debian-12-otp26-dwgtz6dx/openriak-kv-3.4.0-debian-12-otp26-node/data:/var/lib/riak:rw",
                "/home/peter/openriak-builds/tmp/openriak-docker-3.4.0-debian-12-otp26-dwgtz6dx/openriak-kv-3.4.0-debian-12-otp26-node/logs:/var/log/riak:rw",
                "/home/peter/openriak-builds/tmp/openriak-docker-3.4.0-debian-12-otp26-dwgtz6dx/openriak-kv-3.4.0-debian-12-otp26-node/config:/etc/riak:rw"
            ],
            "ContainerIDFile": "",
            "LogConfig": {
                "Type": "json-file",
                "Config": {
                    "max-file": "3",
                    "max-size": "10m"
                }
            },
            "NetworkMode": "openriak-kv-340-debian-12-otp26-node_openriak",
            "PortBindings": {},
            "RestartPolicy": {
                "Name": "no",
                "MaximumRetryCount": 0
            },
            "AutoRemove": false,
            "VolumeDriver": "",
            "VolumesFrom": null,
            "ConsoleSize": [
                0,
                0
            ],
            "CapAdd": null,
            "CapDrop": null,
            "CgroupnsMode": "private",
            "Dns": null,
            "DnsOptions": null,
            "DnsSearch": null,
            "ExtraHosts": [],
            "GroupAdd": null,
            "IpcMode": "private",
            "Cgroup": "",
            "Links": null,
            "OomScoreAdj": 0,
            "PidMode": "",
            "Privileged": false,
            "PublishAllPorts": false,
            "ReadonlyRootfs": false,
            "SecurityOpt": null,
            "UTSMode": "",
            "UsernsMode": "",
            "ShmSize": 67108864,
            "Runtime": "runc",
            "Isolation": "",
            "CpuShares": 0,
            "Memory": 0,
            "NanoCpus": 0,
            "CgroupParent": "",
            "BlkioWeight": 0,
            "BlkioWeightDevice": null,
            "BlkioDeviceReadBps": null,
            "BlkioDeviceWriteBps": null,
            "BlkioDeviceReadIOps": null,
            "BlkioDeviceWriteIOps": null,
            "CpuPeriod": 0,
            "CpuQuota": 0,
            "CpuRealtimePeriod": 0,
            "CpuRealtimeRuntime": 0,
            "CpusetCpus": "",
            "CpusetMems": "",
            "Devices": null,
            "DeviceCgroupRules": null,
            "DeviceRequests": null,
            "MemoryReservation": 0,
            "MemorySwap": 0,
            "MemorySwappiness": null,
            "OomKillDisable": null,
            "PidsLimit": null,
            "Ulimits": [
                {
                    "Name": "nofile",
                    "Hard": 100000,
                    "Soft": 100000
                }
            ],
            "CpuCount": 0,
            "CpuPercent": 0,
            "IOMaximumIOps": 0,
            "IOMaximumBandwidth": 0,
            "MaskedPaths": [
                "/proc/acpi",
                "/proc/asound",
                "/proc/interrupts",
                "/proc/kcore",
                "/proc/keys",
                "/proc/latency_stats",
                "/proc/sched_debug",
                "/proc/scsi",
                "/proc/timer_list",
                "/proc/timer_stats",
                "/sys/devices/virtual/powercap",
                "/sys/firmware",
                "/sys/devices/system/cpu/cpu0/thermal_throttle",
                "/sys/devices/system/cpu/cpu1/thermal_throttle",
                "/sys/devices/system/cpu/cpu2/thermal_throttle",
                "/sys/devices/system/cpu/cpu3/thermal_throttle"
            ],
            "ReadonlyPaths": [
                "/proc/bus",
                "/proc/fs",
                "/proc/irq",
                "/proc/sys",
                "/proc/sysrq-trigger"
            ]
        },
        "GraphDriver": {
            "Data": {
                "ID": "7119d2388538d24a90da57750b9d2104bcf8e388b270b8b2fbbd2883fe5a7d4e",
                "LowerDir": "/var/snap/docker/common/var-lib-docker/overlay2/52a7a45705e00b3b922af83b8a657935249a6fc16c6edcb3209e0e2f5e1fe2c1-init/diff:/var/snap/docker/common/var-lib-docker/overlay2/d5710b52fbda65416b656d3b23406a48752c0a63dcbbdf41bf2c99478f9f337f/diff:/var/snap/docker/common/var-lib-docker/overlay2/00b83b75b8cbd84462ff118674cf92bfe931ff523bfbe8d1bfd85ba51663137c/diff:/var/snap/docker/common/var-lib-docker/overlay2/9f0449e6641a1978477a5ee3b448b538d8468dd37ecd07798ba4c17061868916/diff:/var/snap/docker/common/var-lib-docker/overlay2/fa502784656e2a3930c74fec166378d5969e8dd4811440acc9b3e91540a93dd0/diff:/var/snap/docker/common/var-lib-docker/overlay2/d350d138fdaf572a0abae1071fec7b96c37d54be2fd37480c9749335f863dd54/diff",
                "MergedDir": "/var/snap/docker/common/var-lib-docker/overlay2/52a7a45705e00b3b922af83b8a657935249a6fc16c6edcb3209e0e2f5e1fe2c1/merged",
                "UpperDir": "/var/snap/docker/common/var-lib-docker/overlay2/52a7a45705e00b3b922af83b8a657935249a6fc16c6edcb3209e0e2f5e1fe2c1/diff",
                "WorkDir": "/var/snap/docker/common/var-lib-docker/overlay2/52a7a45705e00b3b922af83b8a657935249a6fc16c6edcb3209e0e2f5e1fe2c1/work"
            },
            "Name": "overlay2"
        },
        "Mounts": [
            {
                "Type": "bind",
                "Source": "/home/peter/openriak-builds/tmp/openriak-docker-3.4.0-debian-12-otp26-dwgtz6dx/openriak-kv-3.4.0-debian-12-otp26-node/data",
                "Destination": "/var/lib/riak",
                "Mode": "rw",
                "RW": true,
                "Propagation": "rprivate"
            },
            {
                "Type": "bind",
                "Source": "/home/peter/openriak-builds/tmp/openriak-docker-3.4.0-debian-12-otp26-dwgtz6dx/openriak-kv-3.4.0-debian-12-otp26-node/logs",
                "Destination": "/var/log/riak",
                "Mode": "rw",
                "RW": true,
                "Propagation": "rprivate"
            },
            {
                "Type": "bind",
                "Source": "/home/peter/openriak-builds/tmp/openriak-docker-3.4.0-debian-12-otp26-dwgtz6dx/openriak-kv-3.4.0-debian-12-otp26-node/config",
                "Destination": "/etc/riak",
                "Mode": "rw",
                "RW": true,
                "Propagation": "rprivate"
            }
        ],
        "Config": {
            "Hostname": "node-01.cluster-a.openriak",
            "Domainname": "",
            "User": "",
            "AttachStdin": false,
            "AttachStdout": true,
            "AttachStderr": true,
            "ExposedPorts": {
                "8087/tcp": {},
                "8098/tcp": {}
            },
            "Tty": false,
            "OpenStdin": false,
            "StdinOnce": false,
            "Env": [
                "RIAK_LOG_MAX_FILE_SIZE=2MB",
                "RIAK_LOG_MAX_FILES=4",
                "RIAK_NODE_HOST=node-01.cluster-a.openriak",
                "RIAK_DISTRIBUTED_COOKIE=openriak-15338f337f4333dc656b612ec787a725",
                "RIAK_MONITOR_INTERVAL_SECONDS=1",
                "TZ=Asia/Tokyo",
                "RIAK_UID=19001",
                "RIAK_GID=19002",
                "PATH=/usr/local/sbin:/usr/local/bin:/usr/sbin:/usr/bin:/sbin:/bin",
                "RIAK_NODE_NAME=",
                "RIAK_RING_SIZE=8",
                "RIAK_STORAGE_BACKEND=leveled",
                "RIAK_ANTI_ENTROPY=passive",
                "RIAK_TICTACAAE_ACTIVE=active",
                "RIAK_TICTACAAE_STOREHEADS=enabled",
                "RIAK_HTTP_LISTENER=0.0.0.0:8098",
                "RIAK_PB_LISTENER=0.0.0.0:8087",
                "RIAK_NOFILE_LIMIT=100000",
                "RIAK_INIT_ONLY=0",
                "RIAK_STARTUP_POLL_SECONDS=1",
                "RIAK_SHUTDOWN_POLL_SECONDS=1",
                "OPENRIAK_CLUSTER_MODE=single",
                "OPENRIAK_CLUSTER_CONTROL_DIR=/var/lib/openriak-cluster-control",
                "OPENRIAK_CLUSTER_POLL_SECONDS=1",
                "OPENRIAK_CLUSTER_WAIT_SECONDS=300",
                "role="
            ],
            "Cmd": null,
            "Healthcheck": {
                "Test": [
                    "CMD",
                    "/usr/local/bin/openriak-healthcheck"
                ],
                "Interval": 10000000000,
                "Timeout": 60000000000,
                "StartPeriod": 120000000000,
                "Retries": 3
            },
            "Image": "tiotjp/openriak-kv:test-3.4.0-debian-12-otp26-linux-amd64-20260911t150230.440427z",
            "Volumes": {
                "/etc/riak": {},
                "/var/lib/riak": {},
                "/var/log/riak": {}
            },
            "WorkingDir": "/",
            "Entrypoint": [
                "/usr/local/bin/openriak-entrypoint"
            ],
            "Labels": {
                "com.docker.compose.config-hash": "e68df03c56e1b45268ad4e560feef3c6681efe71395733b7d58983e38aa7c248",
                "com.docker.compose.container-number": "1",
                "com.docker.compose.depends_on": "",
                "com.docker.compose.image": "sha256:983c394cd935ce0a7ecb2cf5c00e1686288d9398209a6219a7acfba606f5aeb7",
                "com.docker.compose.oneoff": "False",
                "com.docker.compose.project": "openriak-kv-340-debian-12-otp26-node",
                "com.docker.compose.project.config_files": "/home/peter/openriak-builds/tmp/openriak-docker-3.4.0-debian-12-otp26-dwgtz6dx/compose.single.test.yaml",
                "com.docker.compose.project.environment_file": "/home/peter/openriak-builds/tmp/openriak-docker-3.4.0-debian-12-otp26-dwgtz6dx/.env.single",
                "com.docker.compose.project.working_dir": "/home/peter/openriak-builds/tmp/openriak-docker-3.4.0-debian-12-otp26-dwgtz6dx",
                "com.docker.compose.service": "node",
                "com.docker.compose.version": "2.32.4",
                "org.opencontainers.image.description": "Package-backed OpenRiak KV with single-node and cluster startup support",
                "org.opencontainers.image.source": "https://github.com/TI-Tokyo/openriak-docs",
                "org.opencontainers.image.title": "OpenRiak KV",
                "org.opencontainers.image.url": "https://www.tiot.jp/",
                "org.opencontainers.image.vendor": "TI Tokyo",
                "org.opencontainers.image.version": "3.4.0",
                "org.openriak.image.tag": "tiotjp/openriak-kv:3.4.0-debian-12-otp26",
                "org.openriak.os.name": "debian",
                "org.openriak.os.release": "12",
                "org.openriak.os.version": "12",
                "org.openriak.otp.version": "26"
            },
            "StopSignal": "SIGTERM",
            "StopTimeout": 120
        },
        "NetworkSettings": {
            "SandboxID": "2776ae87603e2435e7acce133ddf10cbc3511c427c57541afd9591ee31872267",
            "SandboxKey": "/run/snap.docker/netns/2776ae87603e",
            "Ports": {
                "8087/tcp": null,
                "8098/tcp": null
            },
            "Networks": {
                "openriak-kv-340-debian-12-otp26-node_openriak": {
                    "IPAMConfig": {},
                    "Links": null,
                    "Aliases": [
                        "openriak-kv-3.4.0-debian-12-otp26-node-t-440427z",
                        "node",
                        "node-01.cluster-a.openriak"
                    ],
                    "DriverOpts": null,
                    "GwPriority": 0,
                    "NetworkID": "8d6e9a2ff3d281f839bbe726e140140967483467e73d7f8f7918d1a1a260aa78",
                    "EndpointID": "64b4c229c8925c036086040368b72d1d167a678ee8d622522507094897966169",
                    "Gateway": "172.23.0.1",
                    "IPAddress": "172.23.0.2",
                    "MacAddress": "c6:f6:89:45:db:02",
                    "IPPrefixLen": 16,
                    "IPv6Gateway": "",
                    "GlobalIPv6Address": "",
                    "GlobalIPv6PrefixLen": 0,
                    "DNSNames": [
                        "openriak-kv-3.4.0-debian-12-otp26-node-t-440427z",
                        "node",
                        "node-01.cluster-a.openriak",
                        "7119d2388538"
                    ]
                }
            }
        }
    }
]

timeout_seconds: 3600
exit_code: 0
$ /usr/bin/docker exec openriak-kv-3.4.0-debian-12-otp26-node-t-440427z sh -ec 'test ! -e /usr/bin/perl
test ! -e /usr/bin/python3
test -s /var/lib/dpkg/status
test ! -e /bin/tar
test ! -e /usr/bin/tar
test ! -e /usr/local/bin/tar
test -s /usr/share/openriak-build/libblkid-packages.txt
dpkg --compare-versions "$(dpkg-query -W -f='"'"'${Version}'"'"' libblkid1)" eq '"'"'2.38.1-5+deb12u3+openriak1'"'"'
test ! -e /usr/bin/gcc
test ! -d /build
test -s /usr/share/openriak-build/openssl-packages.txt
dpkg --compare-versions "$(dpkg-query -W -f='"'"'${Version}'"'"' libssl3)" ge '"'"'3.0.22-0openriak1~deb12u1'"'"'
openssl version
'
started: 2026-09-11T15:03:11Z
OpenSSL 3.0.22 25 Aug 2026 (Library: OpenSSL 3.0.22 25 Aug 2026)

timeout_seconds: 3600
exit_code: 0
