$ /usr/bin/docker buildx inspect openriak-kv-multiarch
started: 2026-09-11T08:46:26Z
ERROR: no builder "openriak-kv-multiarch" found

timeout_seconds: 3600
exit_code: 1
$ /usr/bin/docker buildx create --name openriak-kv-multiarch --driver docker-container
started: 2026-09-11T08:46:26Z
openriak-kv-multiarch

timeout_seconds: 3600
exit_code: 0
$ /usr/bin/docker buildx inspect openriak-kv-multiarch --bootstrap
started: 2026-09-11T08:46:26Z
#1 [internal] booting buildkit
#1 pulling image moby/buildkit:buildx-stable-1
#1 pulling image moby/buildkit:buildx-stable-1 5.8s done
#1 creating container buildx_buildkit_openriak-kv-multiarch0
#1 creating container buildx_buildkit_openriak-kv-multiarch0 0.6s done
#1 DONE 6.4s
Name:          openriak-kv-multiarch
Driver:        docker-container
Last Activity: 2026-09-11 08:46:26 +0000 UTC

Nodes:
Name:                  openriak-kv-multiarch0
Endpoint:              unix:///var/run/docker.sock
Status:                running
BuildKit daemon flags: --allow-insecure-entitlement=network.host
BuildKit version:      v0.32.2
Platforms:             linux/amd64, linux/amd64/v2, linux/amd64/v3, linux/386
Labels:
 org.mobyproject.buildkit.worker.executor:         oci
 org.mobyproject.buildkit.worker.hostname:         12fecde1533f
 org.mobyproject.buildkit.worker.network:          host
 org.mobyproject.buildkit.worker.oci.process-mode: sandbox
 org.mobyproject.buildkit.worker.selinux.enabled:  false
 org.mobyproject.buildkit.worker.snapshotter:      overlayfs
GC Policy rule#0:
 All:           false
 Filters:       type==source.local type==exec.cachemount type==source.git.checkout
 Keep Duration: 48h0m0s
GC Policy rule#1:
 All:           false
 Keep Duration: 1440h0m0s
 Keep Bytes:    9.313GiB
GC Policy rule#2:
 All:        false
 Keep Bytes: 9.313GiB
GC Policy rule#3:
 All:        true
 Keep Bytes: 9.313GiB

timeout_seconds: 3600
exit_code: 0
$ /usr/bin/docker buildx stop openriak-kv-multiarch
started: 2026-09-11T09:50:25Z

timeout_seconds: 3600
exit_code: 0
