$ /usr/bin/docker exec openriak-kv-3.4.1-fedora-43-otp26-node-3-t-705843z sh -c 'date +%z
id -u riak
id -g riak
stat -c '"'"'%u:%g'"'"' /etc/riak /var/lib/riak /var/log/riak'
started: 2026-09-11T15:36:15Z
+0900
19001
19002
19001:19002
19001:19002
19001:19002

timeout_seconds: 3600
exit_code: 0
$ /usr/bin/docker container inspect openriak-kv-3.4.1-fedora-43-otp26-node-3-t-705843z
started: 2026-09-11T15:36:15Z
[
    {
        "Id": "4246da753cd00b1a3d9e4951a0f487d75de675789a4c58f903770f29cddc4869",
        "Created": "2026-09-11T15:32:20.562911816Z",
        "Path": "/usr/local/bin/openriak-entrypoint",
        "Args": [],
        "State": {
            "Status": "running",
            "Running": true,
            "Paused": false,
            "Restarting": false,
            "OOMKilled": false,
            "Dead": false,
            "Pid": 1237490,
            "ExitCode": 0,
            "Error": "",
            "StartedAt": "2026-09-11T15:32:21.123138051Z",
            "FinishedAt": "0001-01-01T00:00:00Z",
            "Health": {
                "Status": "healthy",
                "FailingStreak": 0,
                "Log": [
                    {
                        "Start": "2026-09-11T15:35:25.317651175Z",
                        "End": "2026-09-11T15:35:26.840628329Z",
                        "ExitCode": 0,
                        "Output": "OpenRiak healthcheck passed: BEAM is running and riak ping returned pong\n"
                    },
                    {
                        "Start": "2026-09-11T15:35:36.841785621Z",
                        "End": "2026-09-11T15:35:38.115900061Z",
                        "ExitCode": 0,
                        "Output": "OpenRiak healthcheck passed: BEAM is running and riak ping returned pong\n"
                    },
                    {
                        "Start": "2026-09-11T15:35:48.117531226Z",
                        "End": "2026-09-11T15:35:48.591966784Z",
                        "ExitCode": 0,
                        "Output": "OpenRiak healthcheck passed: BEAM is running and riak ping returned pong\n"
                    },
                    {
                        "Start": "2026-09-11T15:35:58.59320956Z",
                        "End": "2026-09-11T15:35:59.422062616Z",
                        "ExitCode": 0,
                        "Output": "OpenRiak healthcheck passed: BEAM is running and riak ping returned pong\n"
                    },
                    {
                        "Start": "2026-09-11T15:36:09.423728556Z",
                        "End": "2026-09-11T15:36:10.320700469Z",
                        "ExitCode": 0,
                        "Output": "OpenRiak healthcheck passed: BEAM is running and riak ping returned pong\n"
                    }
                ]
            }
        },
        "Image": "sha256:08c6eb805004ac736ccc281856a2168949df77544e08d6552ae63124eb22ae40",
        "ResolvConfPath": "/var/snap/docker/common/var-lib-docker/containers/4246da753cd00b1a3d9e4951a0f487d75de675789a4c58f903770f29cddc4869/resolv.conf",
        "HostnamePath": "/var/snap/docker/common/var-lib-docker/containers/4246da753cd00b1a3d9e4951a0f487d75de675789a4c58f903770f29cddc4869/hostname",
        "HostsPath": "/var/snap/docker/common/var-lib-docker/containers/4246da753cd00b1a3d9e4951a0f487d75de675789a4c58f903770f29cddc4869/hosts",
        "LogPath": "/var/snap/docker/common/var-lib-docker/containers/4246da753cd00b1a3d9e4951a0f487d75de675789a4c58f903770f29cddc4869/4246da753cd00b1a3d9e4951a0f487d75de675789a4c58f903770f29cddc4869-json.log",
        "Name": "/openriak-kv-3.4.1-fedora-43-otp26-node-3-t-705843z",
        "RestartCount": 0,
        "Driver": "overlay2",
        "Platform": "linux",
        "MountLabel": "",
        "ProcessLabel": "",
        "AppArmorProfile": "docker-default",
        "ExecIDs": null,
        "HostConfig": {
            "Binds": [
                "/home/peter/openriak-builds/tmp/openriak-docker-3.4.1-fedora-43-otp26-oui0hrq5/openriak-kv-3.4.1-fedora-43-otp26-node-3/config:/etc/riak:rw",
                "/home/peter/openriak-builds/tmp/openriak-docker-3.4.1-fedora-43-otp26-oui0hrq5/openriak-kv-3.4.1-fedora-43-otp26-node-3/data:/var/lib/riak:rw",
                "/home/peter/openriak-builds/tmp/openriak-docker-3.4.1-fedora-43-otp26-oui0hrq5/openriak-kv-3.4.1-fedora-43-otp26-node-3/logs:/var/log/riak:rw",
                "/home/peter/openriak-builds/tmp/openriak-docker-3.4.1-fedora-43-otp26-oui0hrq5/openriak-kv-3.4.1-fedora-43-otp26-node-cluster-control:/var/lib/openriak-cluster-control:rw"
            ],
            "ContainerIDFile": "",
            "LogConfig": {
                "Type": "json-file",
                "Config": {
                    "max-file": "3",
                    "max-size": "10m"
                }
            },
            "NetworkMode": "openriak-kv-341-fedora-43-otp26-node-cluster_openriak",
            "PortBindings": {},
            "RestartPolicy": {
                "Name": "no",
                "MaximumRetryCount": 0
            },
            "AutoRemove": false,
            "VolumeDriver": "",
            "VolumesFrom": null,
            "ConsoleSize": [
                0,
                0
            ],
            "CapAdd": null,
            "CapDrop": null,
            "CgroupnsMode": "private",
            "Dns": null,
            "DnsOptions": null,
            "DnsSearch": null,
            "ExtraHosts": [],
            "GroupAdd": null,
            "IpcMode": "private",
            "Cgroup": "",
            "Links": null,
            "OomScoreAdj": 0,
            "PidMode": "",
            "Privileged": false,
            "PublishAllPorts": false,
            "ReadonlyRootfs": false,
            "SecurityOpt": null,
            "UTSMode": "",
            "UsernsMode": "",
            "ShmSize": 67108864,
            "Runtime": "runc",
            "Isolation": "",
            "CpuShares": 0,
            "Memory": 0,
            "NanoCpus": 0,
            "CgroupParent": "",
            "BlkioWeight": 0,
            "BlkioWeightDevice": null,
            "BlkioDeviceReadBps": null,
            "BlkioDeviceWriteBps": null,
            "BlkioDeviceReadIOps": null,
            "BlkioDeviceWriteIOps": null,
            "CpuPeriod": 0,
            "CpuQuota": 0,
            "CpuRealtimePeriod": 0,
            "CpuRealtimeRuntime": 0,
            "CpusetCpus": "",
            "CpusetMems": "",
            "Devices": null,
            "DeviceCgroupRules": null,
            "DeviceRequests": null,
            "MemoryReservation": 0,
            "MemorySwap": 0,
            "MemorySwappiness": null,
            "OomKillDisable": null,
            "PidsLimit": null,
            "Ulimits": [
                {
                    "Name": "nofile",
                    "Hard": 100000,
                    "Soft": 100000
                }
            ],
            "CpuCount": 0,
            "CpuPercent": 0,
            "IOMaximumIOps": 0,
            "IOMaximumBandwidth": 0,
            "MaskedPaths": [
                "/proc/acpi",
                "/proc/asound",
                "/proc/interrupts",
                "/proc/kcore",
                "/proc/keys",
                "/proc/latency_stats",
                "/proc/sched_debug",
                "/proc/scsi",
                "/proc/timer_list",
                "/proc/timer_stats",
                "/sys/devices/virtual/powercap",
                "/sys/firmware",
                "/sys/devices/system/cpu/cpu0/thermal_throttle",
                "/sys/devices/system/cpu/cpu1/thermal_throttle",
                "/sys/devices/system/cpu/cpu2/thermal_throttle",
                "/sys/devices/system/cpu/cpu3/thermal_throttle"
            ],
            "ReadonlyPaths": [
                "/proc/bus",
                "/proc/fs",
                "/proc/irq",
                "/proc/sys",
                "/proc/sysrq-trigger"
            ]
        },
        "GraphDriver": {
            "Data": {
                "ID": "4246da753cd00b1a3d9e4951a0f487d75de675789a4c58f903770f29cddc4869",
                "LowerDir": "/var/snap/docker/common/var-lib-docker/overlay2/1fb269056d4c656437cecc1d4e2c8651fff1c11dc82f4d9dc1a45241eab18224-init/diff:/var/snap/docker/common/var-lib-docker/overlay2/8dce6dd5c4e726fae4dde3a34e8690acdf064f4d23bee65d74af0077895a2168/diff:/var/snap/docker/common/var-lib-docker/overlay2/e00c43dc6c446937afd9d39d610a2dfc432d49f1d83dcdb77e602db09b4d735c/diff:/var/snap/docker/common/var-lib-docker/overlay2/63ab126b791f9873b0ec8087400701d0af62766bbb0602b13bffcfdf416e08e4/diff:/var/snap/docker/common/var-lib-docker/overlay2/6249e8ff306245d8d95203cd3f56b111e70a844a61cda478e89a55a97df7dc65/diff:/var/snap/docker/common/var-lib-docker/overlay2/e0dc35a42b70ca357df29e3f14883612536971e6eaefe6e26914694bd0b0d5c2/diff:/var/snap/docker/common/var-lib-docker/overlay2/b373ad4090f15316b357e7beeec23ea7f44856383612111f92c6bf835d91cc7e/diff",
                "MergedDir": "/var/snap/docker/common/var-lib-docker/overlay2/1fb269056d4c656437cecc1d4e2c8651fff1c11dc82f4d9dc1a45241eab18224/merged",
                "UpperDir": "/var/snap/docker/common/var-lib-docker/overlay2/1fb269056d4c656437cecc1d4e2c8651fff1c11dc82f4d9dc1a45241eab18224/diff",
                "WorkDir": "/var/snap/docker/common/var-lib-docker/overlay2/1fb269056d4c656437cecc1d4e2c8651fff1c11dc82f4d9dc1a45241eab18224/work"
            },
            "Name": "overlay2"
        },
        "Mounts": [
            {
                "Type": "bind",
                "Source": "/home/peter/openriak-builds/tmp/openriak-docker-3.4.1-fedora-43-otp26-oui0hrq5/openriak-kv-3.4.1-fedora-43-otp26-node-3/logs",
                "Destination": "/var/log/riak",
                "Mode": "rw",
                "RW": true,
                "Propagation": "rprivate"
            },
            {
                "Type": "bind",
                "Source": "/home/peter/openriak-builds/tmp/openriak-docker-3.4.1-fedora-43-otp26-oui0hrq5/openriak-kv-3.4.1-fedora-43-otp26-node-cluster-control",
                "Destination": "/var/lib/openriak-cluster-control",
                "Mode": "rw",
                "RW": true,
                "Propagation": "rprivate"
            },
            {
                "Type": "bind",
                "Source": "/home/peter/openriak-builds/tmp/openriak-docker-3.4.1-fedora-43-otp26-oui0hrq5/openriak-kv-3.4.1-fedora-43-otp26-node-3/config",
                "Destination": "/etc/riak",
                "Mode": "rw",
                "RW": true,
                "Propagation": "rprivate"
            },
            {
                "Type": "bind",
                "Source": "/home/peter/openriak-builds/tmp/openriak-docker-3.4.1-fedora-43-otp26-oui0hrq5/openriak-kv-3.4.1-fedora-43-otp26-node-3/data",
                "Destination": "/var/lib/riak",
                "Mode": "rw",
                "RW": true,
                "Propagation": "rprivate"
            }
        ],
        "Config": {
            "Hostname": "node-03.cluster-a.openriak",
            "Domainname": "",
            "User": "",
            "AttachStdin": false,
            "AttachStdout": true,
            "AttachStderr": true,
            "ExposedPorts": {
                "8087/tcp": {},
                "8098/tcp": {}
            },
            "Tty": false,
            "OpenStdin": false,
            "StdinOnce": false,
            "Env": [
                "RIAK_UID=19001",
                "OPENRIAK_CLUSTER_WAIT_SECONDS=3600",
                "RIAK_DISTRIBUTED_COOKIE=openriak-0893c6c57cc27e9987ac5dfc86d46e57",
                "RIAK_MONITOR_INTERVAL_SECONDS=1",
                "TZ=Asia/Tokyo",
                "RIAK_LOG_MAX_FILE_SIZE=2MB",
                "RIAK_GID=19002",
                "RIAK_LOG_MAX_FILES=4",
                "OPENRIAK_CLUSTER_MODE=cluster",
                "OPENRIAK_CLUSTER_POLL_SECONDS=1",
                "RIAK_NODE_HOST=node-03.cluster-a.openriak",
                "PATH=/usr/local/sbin:/usr/local/bin:/usr/sbin:/usr/bin:/sbin:/bin",
                "DISTTAG=f43container",
                "FGC=f43",
                "FBR=f43",
                "RIAK_NODE_NAME=",
                "RIAK_RING_SIZE=8",
                "RIAK_STORAGE_BACKEND=leveled",
                "RIAK_ANTI_ENTROPY=passive",
                "RIAK_TICTACAAE_ACTIVE=active",
                "RIAK_TICTACAAE_STOREHEADS=enabled",
                "RIAK_HTTP_LISTENER=0.0.0.0:8098",
                "RIAK_PB_LISTENER=0.0.0.0:8087",
                "RIAK_NOFILE_LIMIT=100000",
                "RIAK_INIT_ONLY=0",
                "RIAK_STARTUP_POLL_SECONDS=1",
                "RIAK_SHUTDOWN_POLL_SECONDS=1",
                "OPENRIAK_CLUSTER_CONTROL_DIR=/var/lib/openriak-cluster-control",
                "role="
            ],
            "Cmd": null,
            "Healthcheck": {
                "Test": [
                    "CMD",
                    "/usr/local/bin/openriak-healthcheck"
                ],
                "Interval": 10000000000,
                "Timeout": 60000000000,
                "StartPeriod": 120000000000,
                "Retries": 3
            },
            "Image": "tiotjp/openriak-kv:test-3.4.1-fedora-43-otp26-linux-amd64-20260911t153123.705843z",
            "Volumes": {
                "/etc/riak": {},
                "/var/lib/riak": {},
                "/var/log/riak": {}
            },
            "WorkingDir": "/",
            "Entrypoint": [
                "/usr/local/bin/openriak-entrypoint"
            ],
            "Labels": {
                "com.docker.compose.config-hash": "d6b0105cf2934b92ef801e7cfa4f5b8896eb4f6595ebb943181be056d2c0680e",
                "com.docker.compose.container-number": "1",
                "com.docker.compose.depends_on": "",
                "com.docker.compose.image": "sha256:08c6eb805004ac736ccc281856a2168949df77544e08d6552ae63124eb22ae40",
                "com.docker.compose.oneoff": "False",
                "com.docker.compose.project": "openriak-kv-341-fedora-43-otp26-node-cluster",
                "com.docker.compose.project.config_files": "/home/peter/openriak-builds/tmp/openriak-docker-3.4.1-fedora-43-otp26-oui0hrq5/compose.cluster.test.yaml",
                "com.docker.compose.project.environment_file": "/home/peter/openriak-builds/tmp/openriak-docker-3.4.1-fedora-43-otp26-oui0hrq5/.env.cluster",
                "com.docker.compose.project.working_dir": "/home/peter/openriak-builds/tmp/openriak-docker-3.4.1-fedora-43-otp26-oui0hrq5",
                "com.docker.compose.service": "node3",
                "com.docker.compose.version": "2.32.4",
                "maintainer": "Clement Verna <cverna@fedoraproject.org>",
                "org.opencontainers.image.description": "Package-backed OpenRiak KV with single-node and cluster startup support",
                "org.opencontainers.image.source": "https://github.com/TI-Tokyo/openriak-docs",
                "org.opencontainers.image.title": "OpenRiak KV",
                "org.opencontainers.image.url": "https://www.tiot.jp/",
                "org.opencontainers.image.vendor": "TI Tokyo",
                "org.opencontainers.image.version": "3.4.1",
                "org.openriak.image.tag": "tiotjp/openriak-kv:3.4.1-fedora-43-otp26",
                "org.openriak.os.name": "fedora",
                "org.openriak.os.release": "43",
                "org.openriak.os.version": "43",
                "org.openriak.otp.version": "26"
            },
            "StopSignal": "SIGTERM",
            "StopTimeout": 120
        },
        "NetworkSettings": {
            "SandboxID": "cc457fa9d8738f3de53b446dfe3654cd57f4f18673ca83913c749001575f384b",
            "SandboxKey": "/run/snap.docker/netns/cc457fa9d873",
            "Ports": {
                "8087/tcp": null,
                "8098/tcp": null
            },
            "Networks": {
                "openriak-kv-341-fedora-43-otp26-node-cluster_openriak": {
                    "IPAMConfig": {},
                    "Links": null,
                    "Aliases": [
                        "openriak-kv-3.4.1-fedora-43-otp26-node-3-t-705843z",
                        "node3",
                        "node-03.cluster-a.openriak"
                    ],
                    "DriverOpts": null,
                    "GwPriority": 0,
                    "NetworkID": "867c1b657ea6ff9f1e65a2fd49f08e7c3a3decc01474db3bda798e01105941bc",
                    "EndpointID": "38b47de84fdbdd97bc05fdc6207f3e5db9ef2606c4ecab867be4560d77768425",
                    "Gateway": "172.19.0.1",
                    "IPAddress": "172.19.0.3",
                    "MacAddress": "2a:6b:db:31:e9:79",
                    "IPPrefixLen": 16,
                    "IPv6Gateway": "",
                    "GlobalIPv6Address": "",
                    "GlobalIPv6PrefixLen": 0,
                    "DNSNames": [
                        "openriak-kv-3.4.1-fedora-43-otp26-node-3-t-705843z",
                        "node3",
                        "node-03.cluster-a.openriak",
                        "4246da753cd0"
                    ]
                }
            }
        }
    }
]

timeout_seconds: 3600
exit_code: 0
