$ /usr/bin/docker compose --env-file /home/peter/openriak-builds/tmp/openriak-docker-3.4.1-fedora-43-otp26-oui0hrq5/.env.cluster --project-directory /home/peter/openriak-builds/tmp/openriak-docker-3.4.1-fedora-43-otp26-oui0hrq5 --file /home/peter/openriak-builds/tmp/openriak-docker-3.4.1-fedora-43-otp26-oui0hrq5/compose.cluster.test.yaml up --detach --no-build
started: 2026-09-11T15:32:20Z
 Network openriak-kv-341-fedora-43-otp26-node-cluster_openriak  Creating
 Network openriak-kv-341-fedora-43-otp26-node-cluster_openriak  Created
 Container openriak-kv-3.4.1-fedora-43-otp26-node-3-t-705843z  Creating
 Container openriak-kv-3.4.1-fedora-43-otp26-node-1-t-705843z  Creating
 Container openriak-kv-3.4.1-fedora-43-otp26-node-4-t-705843z  Creating
 Container openriak-kv-3.4.1-fedora-43-otp26-node-2-t-705843z  Creating
 Container openriak-kv-3.4.1-fedora-43-otp26-node-5-t-705843z  Creating
 Container openriak-kv-3.4.1-fedora-43-otp26-node-2-t-705843z  Created
 Container openriak-kv-3.4.1-fedora-43-otp26-node-5-t-705843z  Created
 Container openriak-kv-3.4.1-fedora-43-otp26-node-4-t-705843z  Created
 Container openriak-kv-3.4.1-fedora-43-otp26-node-1-t-705843z  Created
 Container openriak-kv-3.4.1-fedora-43-otp26-node-3-t-705843z  Created
 Container openriak-kv-3.4.1-fedora-43-otp26-node-1-t-705843z  Starting
 Container openriak-kv-3.4.1-fedora-43-otp26-node-4-t-705843z  Starting
 Container openriak-kv-3.4.1-fedora-43-otp26-node-5-t-705843z  Starting
 Container openriak-kv-3.4.1-fedora-43-otp26-node-2-t-705843z  Starting
 Container openriak-kv-3.4.1-fedora-43-otp26-node-3-t-705843z  Starting
 Container openriak-kv-3.4.1-fedora-43-otp26-node-1-t-705843z  Started
 Container openriak-kv-3.4.1-fedora-43-otp26-node-3-t-705843z  Started
 Container openriak-kv-3.4.1-fedora-43-otp26-node-5-t-705843z  Started
 Container openriak-kv-3.4.1-fedora-43-otp26-node-2-t-705843z  Started
 Container openriak-kv-3.4.1-fedora-43-otp26-node-4-t-705843z  Started

timeout_seconds: 3600
exit_code: 0
