$ /usr/bin/docker logs openriak-kv-3.4.1-fedora-43-otp26-node-2-t-705843z
started: 2026-09-11T15:36:11Z
2026-09-12T00:32:21+09:00 [openriak-entrypoint] configuration: timezone = Asia/Tokyo
usermod: no changes
2026-09-12T00:32:22+09:00 [openriak-entrypoint] configuration: riak UID/GID = 19001/19002
2026-09-12T00:32:22+09:00 [openriak-entrypoint] configuration: preparing mounted directories
2026-09-12T00:32:22+09:00 [openriak-entrypoint] configuration: seeding /etc/riak from packaged defaults
2026-09-12T00:32:22+09:00 [openriak-entrypoint] configuration: current Docker IPv4 address = 172.19.0.5
2026-09-12T00:32:22+09:00 [openriak-entrypoint] configuration: waiting for coordinator cookie before daemon startup
2026-09-12T00:32:23+09:00 [openriak-entrypoint] configuration: waiting for coordinator cookie before daemon startup
2026-09-12T00:32:24+09:00 [openriak-entrypoint] configuration: waiting for coordinator cookie before daemon startup
2026-09-12T00:32:25+09:00 [openriak-entrypoint] configuration: waiting for coordinator cookie before daemon startup
2026-09-12T00:32:26+09:00 [openriak-entrypoint] configuration: waiting for coordinator cookie before daemon startup
2026-09-12T00:32:27+09:00 [openriak-entrypoint] configuration: waiting for coordinator cookie before daemon startup
2026-09-12T00:32:28+09:00 [openriak-entrypoint] configuration: waiting for coordinator cookie before daemon startup
2026-09-12T00:32:29+09:00 [openriak-entrypoint] configuration: waiting for coordinator cookie before daemon startup
2026-09-12T00:32:30+09:00 [openriak-entrypoint] configuration: waiting for coordinator cookie before daemon startup
2026-09-12T00:32:31+09:00 [openriak-entrypoint] configuration: waiting for coordinator cookie before daemon startup
2026-09-12T00:32:32+09:00 [openriak-entrypoint] configuration: waiting for coordinator cookie before daemon startup
2026-09-12T00:32:33+09:00 [openriak-entrypoint] configuration: waiting for coordinator cookie before daemon startup
2026-09-12T00:32:34+09:00 [openriak-entrypoint] configuration: waiting for coordinator cookie before daemon startup
2026-09-12T00:32:35+09:00 [openriak-entrypoint] configuration: waiting for coordinator cookie before daemon startup
2026-09-12T00:32:36+09:00 [openriak-entrypoint] configuration: waiting for coordinator cookie before daemon startup
2026-09-12T00:32:37+09:00 [openriak-entrypoint] configuration: waiting for coordinator cookie before daemon startup
2026-09-12T00:32:38+09:00 [openriak-entrypoint] configuration: waiting for coordinator cookie before daemon startup
2026-09-12T00:32:39+09:00 [openriak-entrypoint] configuration: waiting for coordinator cookie before daemon startup
2026-09-12T00:32:40+09:00 [openriak-entrypoint] configuration: adopted coordinator cookie before daemon startup
2026-09-12T00:32:40+09:00 [openriak-entrypoint] configuration: nodename = openriak-kv@node-02.cluster-a.openriak
2026-09-12T00:32:40+09:00 [openriak-entrypoint] configuration: distributed_cookie = openriak-091072188f92cf9af2511ba5d47f1ff1
2026-09-12T00:32:40+09:00 [openriak-entrypoint] configuration: effective distributed cookie = openriak-091072188f92cf9af2511ba5d47f1ff1
2026-09-12T00:32:40+09:00 [openriak-entrypoint] configuration: ring_size = 8
2026-09-12T00:32:40+09:00 [openriak-entrypoint] configuration: storage_backend = leveled
2026-09-12T00:32:40+09:00 [openriak-entrypoint] configuration: anti_entropy = passive
2026-09-12T00:32:40+09:00 [openriak-entrypoint] configuration: tictacaae_active = active
2026-09-12T00:32:40+09:00 [openriak-entrypoint] configuration: tictacaae_storeheads = enabled
2026-09-12T00:32:40+09:00 [openriak-entrypoint] configuration: listener.http.internal = 0.0.0.0:8098
2026-09-12T00:32:40+09:00 [openriak-entrypoint] configuration: listener.protobuf.internal = 0.0.0.0:8087
2026-09-12T00:32:40+09:00 [openriak-entrypoint] configuration: logger.max_file_size = 2MB
2026-09-12T00:32:40+09:00 [openriak-entrypoint] configuration: logger.max_files = 4
2026-09-12T00:32:40+09:00 [openriak-entrypoint] startup: validating configuration and generating VM arguments
2026-09-12T00:32:47+09:00 [openriak-entrypoint] startup: configuration is valid (config is OK -config /var/lib/riak/generated.conf/app.2026.09.12.00.32.41.config -args_file /var/lib/riak/generated.conf/vm.2026.09.12.00.32.41.args -vm_args /var/lib/riak/generated.conf/vm.2026.09.12.00.32.41.args)
2026-09-12T00:32:47+09:00 [openriak-entrypoint] startup: starting OpenRiak as a daemon
!!!!
!!!! WARNING: ulimit -n is 1024; 65536 is the recommended minimum.
!!!!
2026-09-12T00:33:01+09:00 [openriak-entrypoint] startup: daemon command completed
2026-09-12T00:33:01+09:00 [openriak-entrypoint] startup: waiting for BEAM and riak ping
2026-09-12T00:33:02+09:00 [openriak-entrypoint] startup: BEAM is running and riak ping returned pong
2026-09-12T00:33:02+09:00 [openriak-entrypoint] startup: waiting for the riak_kv service
2026-09-12T00:33:04+09:00 [openriak-entrypoint] startup: waiting for riak_kv (attempt 1, services=[])
2026-09-12T00:33:08+09:00 [openriak-entrypoint] startup: riak_kv service is up ([riak_kv,riak_pipe,riak_repl])
2026-09-12T00:33:08+09:00 [openriak-entrypoint] startup: waiting for Riak transfers to complete
2026-09-12T00:33:09+09:00 [openriak-entrypoint] startup: transfers complete (No transfers active Active Transfers: ok)
2026-09-12T00:33:09+09:00 [openriak-entrypoint] cluster: Role: Follower
2026-09-12T00:33:12+09:00 [openriak-entrypoint] cluster: announced openriak-kv@node-02.cluster-a.openriak at 172.19.0.5 to coordinator openriak-kv@node-01.cluster-a.openriak (87b1575baf66211f)
2026-09-12T00:33:12+09:00 [openriak-entrypoint] cluster: follower waiting for coordinator approval (1s/3600s)
2026-09-12T00:33:13+09:00 [openriak-entrypoint] cluster: join approved by openriak-kv@node-01.cluster-a.openriak (87b1575baf66211f)
2026-09-12T00:33:15+09:00 [openriak-entrypoint] cluster: join: Success: staged join request for 'openriak-kv@node-02.cluster-a.openriak' to 'openriak-kv@node-01.cluster-a.openriak'
2026-09-12T00:33:15+09:00 [openriak-entrypoint] cluster: join: ok
2026-09-12T00:33:15+09:00 [openriak-entrypoint] cluster: join request accepted; waiting for plan and commit
2026-09-12T00:33:16+09:00 [openriak-entrypoint] cluster: waiting for the ring to become ready
2026-09-12T00:33:18+09:00 [openriak-entrypoint] cluster: ring is ready (TRUE All nodes agree on the ring ['openriak-kv@node-01.cluster-a.openriak', 'openriak-kv@node-02.cluster-a.openriak', 'openriak-kv@node-04.cluster-a.openriak', 'openriak-kv@node-05.cluster-a.openriak'] ok)
2026-09-12T00:33:18+09:00 [openriak-entrypoint] startup: waiting for Riak transfers to complete
2026-09-12T00:33:19+09:00 [openriak-entrypoint] startup: waiting for transfers (attempt 1, transfers='openriak-kv@node-05.cluster-a.openriak' waiting to handoff 8 partitions 'openriak-kv@node-04.cluster-a.openriak' waiting to handoff 8 partitions 'openriak-kv@node-02.cluster-a.openriak' waiting to handoff 8 partitions Active Transfers: ok)
2026-09-12T00:33:23+09:00 [openriak-entrypoint] startup: waiting for transfers (attempt 2, transfers='openriak-kv@node-05.cluster-a.openriak' waiting to handoff 8 partitions 'openriak-kv@node-04.cluster-a.openriak' waiting to handoff 8 partitions 'openriak-kv@node-03.cluster-a.openriak' waiting to handoff 8 partitions 'openriak-kv@node-02.cluster-a.openriak' waiting to handoff 8 partitions Active Transfers: ok)
2026-09-12T00:33:26+09:00 [openriak-entrypoint] startup: waiting for transfers (attempt 3, transfers='openriak-kv@node-05.cluster-a.openriak' waiting to handoff 8 partitions 'openriak-kv@node-04.cluster-a.openriak' waiting to handoff 8 partitions 'openriak-kv@node-03.cluster-a.openriak' waiting to handoff 8 partitions 'openriak-kv@node-02.cluster-a.openriak' waiting to handoff 8 partitions Active Transfers: ok)
2026-09-12T00:33:28+09:00 [openriak-entrypoint] startup: waiting for transfers (attempt 4, transfers='openriak-kv@node-05.cluster-a.openriak' waiting to handoff 8 partitions 'openriak-kv@node-04.cluster-a.openriak' waiting to handoff 8 partitions 'openriak-kv@node-03.cluster-a.openriak' waiting to handoff 8 partitions 'openriak-kv@node-02.cluster-a.openriak' waiting to handoff 8 partitions Active Transfers: ok)
2026-09-12T00:33:30+09:00 [openriak-entrypoint] startup: waiting for transfers (attempt 5, transfers='openriak-kv@node-05.cluster-a.openriak' waiting to handoff 8 partitions 'openriak-kv@node-04.cluster-a.openriak' waiting to handoff 8 partitions 'openriak-kv@node-03.cluster-a.openriak' waiting to handoff 8 partitions 'openriak-kv@node-02.cluster-a.openriak' waiting to handoff 8 partitions 'openriak-kv@node-01.cluster-a.openriak' does not have 6 primary partitions running Active Transfers: ok)
2026-09-12T00:33:33+09:00 [openriak-entrypoint] startup: waiting for transfers (attempt 6, transfers='openriak-kv@node-05.cluster-a.openriak' waiting to handoff 8 partitions 'openriak-kv@node-04.cluster-a.openriak' waiting to handoff 8 partitions 'openriak-kv@node-03.cluster-a.openriak' waiting to handoff 8 partitions 'openriak-kv@node-02.cluster-a.openriak' waiting to handoff 8 partitions 'openriak-kv@node-01.cluster-a.openriak' does not have 6 primary partitions running Active Transfers: ok)
2026-09-12T00:33:35+09:00 [openriak-entrypoint] startup: waiting for transfers (attempt 7, transfers='openriak-kv@node-05.cluster-a.openriak' waiting to handoff 8 partitions 'openriak-kv@node-04.cluster-a.openriak' waiting to handoff 8 partitions 'openriak-kv@node-03.cluster-a.openriak' waiting to handoff 8 partitions 'openriak-kv@node-02.cluster-a.openriak' waiting to handoff 8 partitions 'openriak-kv@node-01.cluster-a.openriak' does not have 6 primary partitions running Active Transfers: ok)
2026-09-12T00:33:37+09:00 [openriak-entrypoint] startup: waiting for transfers (attempt 8, transfers='openriak-kv@node-05.cluster-a.openriak' waiting to handoff 8 partitions 'openriak-kv@node-04.cluster-a.openriak' waiting to handoff 8 partitions 'openriak-kv@node-03.cluster-a.openriak' waiting to handoff 8 partitions 'openriak-kv@node-02.cluster-a.openriak' waiting to handoff 8 partitions 'openriak-kv@node-01.cluster-a.openriak' does not have 6 primary partitions running Active Transfers: ok)
2026-09-12T00:33:40+09:00 [openriak-entrypoint] startup: waiting for transfers (attempt 9, transfers='openriak-kv@node-05.cluster-a.openriak' waiting to handoff 7 partitions 'openriak-kv@node-04.cluster-a.openriak' waiting to handoff 7 partitions 'openriak-kv@node-03.cluster-a.openriak' waiting to handoff 6 partitions 'openriak-kv@node-02.cluster-a.openriak' waiting to handoff 6 partitions 'openriak-kv@node-01.cluster-a.openriak' waiting to handoff 6 partitions Active Transfers: ok)
2026-09-12T00:33:43+09:00 [openriak-entrypoint] startup: waiting for transfers (attempt 10, transfers='openriak-kv@node-05.cluster-a.openriak' waiting to handoff 7 partitions 'openriak-kv@node-04.cluster-a.openriak' waiting to handoff 7 partitions 'openriak-kv@node-03.cluster-a.openriak' waiting to handoff 6 partitions 'openriak-kv@node-02.cluster-a.openriak' waiting to handoff 6 partitions 'openriak-kv@node-01.cluster-a.openriak' waiting to handoff 6 partitions Active Transfers: ok)
2026-09-12T00:33:46+09:00 [openriak-entrypoint] startup: waiting for transfers (attempt 11, transfers='openriak-kv@node-05.cluster-a.openriak' waiting to handoff 7 partitions 'openriak-kv@node-04.cluster-a.openriak' waiting to handoff 7 partitions 'openriak-kv@node-03.cluster-a.openriak' waiting to handoff 6 partitions 'openriak-kv@node-02.cluster-a.openriak' waiting to handoff 6 partitions 'openriak-kv@node-01.cluster-a.openriak' waiting to handoff 6 partitions Active Transfers: ok)
2026-09-12T00:33:49+09:00 [openriak-entrypoint] startup: waiting for transfers (attempt 12, transfers='openriak-kv@node-05.cluster-a.openriak' waiting to handoff 7 partitions 'openriak-kv@node-04.cluster-a.openriak' waiting to handoff 7 partitions 'openriak-kv@node-03.cluster-a.openriak' waiting to handoff 6 partitions 'openriak-kv@node-02.cluster-a.openriak' waiting to handoff 6 partitions 'openriak-kv@node-01.cluster-a.openriak' waiting to handoff 6 partitions Active Transfers: ok)
2026-09-12T00:33:51+09:00 [openriak-entrypoint] startup: waiting for transfers (attempt 13, transfers='openriak-kv@node-05.cluster-a.openriak' waiting to handoff 7 partitions 'openriak-kv@node-04.cluster-a.openriak' waiting to handoff 7 partitions 'openriak-kv@node-03.cluster-a.openriak' waiting to handoff 6 partitions 'openriak-kv@node-02.cluster-a.openriak' waiting to handoff 6 partitions 'openriak-kv@node-01.cluster-a.openriak' waiting to handoff 6 partitions Active Transfers: ok)
2026-09-12T00:33:54+09:00 [openriak-entrypoint] startup: waiting for transfers (attempt 14, transfers='openriak-kv@node-05.cluster-a.openriak' waiting to handoff 7 partitions 'openriak-kv@node-04.cluster-a.openriak' waiting to handoff 7 partitions 'openriak-kv@node-03.cluster-a.openriak' waiting to handoff 6 partitions 'openriak-kv@node-02.cluster-a.openriak' waiting to handoff 6 partitions 'openriak-kv@node-01.cluster-a.openriak' waiting to handoff 6 partitions Active Transfers: ok)
2026-09-12T00:33:56+09:00 [openriak-entrypoint] startup: waiting for transfers (attempt 15, transfers='openriak-kv@node-05.cluster-a.openriak' waiting to handoff 7 partitions 'openriak-kv@node-04.cluster-a.openriak' waiting to handoff 7 partitions 'openriak-kv@node-03.cluster-a.openriak' waiting to handoff 6 partitions 'openriak-kv@node-02.cluster-a.openriak' waiting to handoff 6 partitions 'openriak-kv@node-01.cluster-a.openriak' waiting to handoff 6 partitions Active Transfers: ok)
2026-09-12T00:33:58+09:00 [openriak-entrypoint] startup: waiting for transfers (attempt 16, transfers='openriak-kv@node-05.cluster-a.openriak' waiting to handoff 7 partitions 'openriak-kv@node-04.cluster-a.openriak' waiting to handoff 7 partitions 'openriak-kv@node-03.cluster-a.openriak' waiting to handoff 6 partitions 'openriak-kv@node-02.cluster-a.openriak' waiting to handoff 6 partitions 'openriak-kv@node-01.cluster-a.openriak' waiting to handoff 6 partitions Active Transfers: ok)
2026-09-12T00:34:01+09:00 [openriak-entrypoint] startup: waiting for transfers (attempt 17, transfers='openriak-kv@node-05.cluster-a.openriak' waiting to handoff 7 partitions 'openriak-kv@node-04.cluster-a.openriak' waiting to handoff 7 partitions 'openriak-kv@node-03.cluster-a.openriak' waiting to handoff 6 partitions 'openriak-kv@node-02.cluster-a.openriak' waiting to handoff 6 partitions 'openriak-kv@node-01.cluster-a.openriak' waiting to handoff 6 partitions Active Transfers: ok)
2026-09-12T00:34:03+09:00 [openriak-entrypoint] startup: waiting for transfers (attempt 18, transfers='openriak-kv@node-05.cluster-a.openriak' waiting to handoff 7 partitions 'openriak-kv@node-04.cluster-a.openriak' waiting to handoff 7 partitions 'openriak-kv@node-03.cluster-a.openriak' waiting to handoff 6 partitions 'openriak-kv@node-02.cluster-a.openriak' waiting to handoff 6 partitions 'openriak-kv@node-01.cluster-a.openriak' waiting to handoff 6 partitions Active Transfers: ok)
2026-09-12T00:34:06+09:00 [openriak-entrypoint] startup: waiting for transfers (attempt 19, transfers='openriak-kv@node-05.cluster-a.openriak' waiting to handoff 7 partitions 'openriak-kv@node-04.cluster-a.openriak' waiting to handoff 7 partitions 'openriak-kv@node-03.cluster-a.openriak' waiting to handoff 6 partitions 'openriak-kv@node-02.cluster-a.openriak' waiting to handoff 6 partitions 'openriak-kv@node-01.cluster-a.openriak' waiting to handoff 6 partitions Active Transfers: ok)
2026-09-12T00:34:08+09:00 [openriak-entrypoint] startup: waiting for transfers (attempt 20, transfers='openriak-kv@node-05.cluster-a.openriak' waiting to handoff 7 partitions 'openriak-kv@node-04.cluster-a.openriak' waiting to handoff 7 partitions 'openriak-kv@node-03.cluster-a.openriak' waiting to handoff 6 partitions 'openriak-kv@node-02.cluster-a.openriak' waiting to handoff 6 partitions 'openriak-kv@node-01.cluster-a.openriak' waiting to handoff 6 partitions Active Transfers: ok)
2026-09-12T00:34:10+09:00 [openriak-entrypoint] startup: waiting for transfers (attempt 21, transfers='openriak-kv@node-05.cluster-a.openriak' waiting to handoff 7 partitions 'openriak-kv@node-04.cluster-a.openriak' waiting to handoff 7 partitions 'openriak-kv@node-03.cluster-a.openriak' waiting to handoff 6 partitions 'openriak-kv@node-02.cluster-a.openriak' waiting to handoff 6 partitions 'openriak-kv@node-01.cluster-a.openriak' waiting to handoff 6 partitions Active Transfers: ok)
2026-09-12T00:34:12+09:00 [openriak-entrypoint] startup: waiting for transfers (attempt 22, transfers='openriak-kv@node-05.cluster-a.openriak' waiting to handoff 7 partitions 'openriak-kv@node-04.cluster-a.openriak' waiting to handoff 7 partitions 'openriak-kv@node-03.cluster-a.openriak' waiting to handoff 6 partitions 'openriak-kv@node-02.cluster-a.openriak' waiting to handoff 6 partitions 'openriak-kv@node-01.cluster-a.openriak' waiting to handoff 6 partitions Active Transfers: ok)
2026-09-12T00:34:15+09:00 [openriak-entrypoint] startup: waiting for transfers (attempt 23, transfers='openriak-kv@node-05.cluster-a.openriak' waiting to handoff 7 partitions 'openriak-kv@node-04.cluster-a.openriak' waiting to handoff 6 partitions 'openriak-kv@node-03.cluster-a.openriak' waiting to handoff 6 partitions 'openriak-kv@node-02.cluster-a.openriak' waiting to handoff 6 partitions 'openriak-kv@node-01.cluster-a.openriak' waiting to handoff 6 partitions Active Transfers: ok)
2026-09-12T00:34:18+09:00 [openriak-entrypoint] startup: waiting for transfers (attempt 24, transfers='openriak-kv@node-05.cluster-a.openriak' waiting to handoff 7 partitions 'openriak-kv@node-04.cluster-a.openriak' waiting to handoff 6 partitions 'openriak-kv@node-03.cluster-a.openriak' waiting to handoff 6 partitions 'openriak-kv@node-02.cluster-a.openriak' waiting to handoff 6 partitions 'openriak-kv@node-01.cluster-a.openriak' waiting to handoff 6 partitions Active Transfers: ok)
2026-09-12T00:34:21+09:00 [openriak-entrypoint] startup: waiting for transfers (attempt 25, transfers='openriak-kv@node-05.cluster-a.openriak' waiting to handoff 7 partitions 'openriak-kv@node-04.cluster-a.openriak' waiting to handoff 6 partitions 'openriak-kv@node-03.cluster-a.openriak' waiting to handoff 6 partitions 'openriak-kv@node-02.cluster-a.openriak' waiting to handoff 6 partitions 'openriak-kv@node-01.cluster-a.openriak' waiting to handoff 6 partitions Active Transfers: ok)
2026-09-12T00:34:23+09:00 [openriak-entrypoint] startup: waiting for transfers (attempt 26, transfers='openriak-kv@node-05.cluster-a.openriak' waiting to handoff 7 partitions 'openriak-kv@node-04.cluster-a.openriak' waiting to handoff 6 partitions 'openriak-kv@node-03.cluster-a.openriak' waiting to handoff 6 partitions 'openriak-kv@node-02.cluster-a.openriak' waiting to handoff 6 partitions 'openriak-kv@node-01.cluster-a.openriak' waiting to handoff 6 partitions Active Transfers: ok)
2026-09-12T00:34:25+09:00 [openriak-entrypoint] startup: waiting for transfers (attempt 27, transfers='openriak-kv@node-05.cluster-a.openriak' waiting to handoff 7 partitions 'openriak-kv@node-04.cluster-a.openriak' waiting to handoff 5 partitions 'openriak-kv@node-03.cluster-a.openriak' waiting to handoff 5 partitions 'openriak-kv@node-02.cluster-a.openriak' waiting to handoff 6 partitions 'openriak-kv@node-01.cluster-a.openriak' waiting to handoff 6 partitions Active Transfers: ok)
2026-09-12T00:34:27+09:00 [openriak-entrypoint] startup: waiting for transfers (attempt 28, transfers='openriak-kv@node-05.cluster-a.openriak' waiting to handoff 7 partitions 'openriak-kv@node-04.cluster-a.openriak' waiting to handoff 5 partitions 'openriak-kv@node-03.cluster-a.openriak' waiting to handoff 5 partitions 'openriak-kv@node-02.cluster-a.openriak' waiting to handoff 6 partitions 'openriak-kv@node-01.cluster-a.openriak' waiting to handoff 6 partitions Active Transfers: ok)
2026-09-12T00:34:30+09:00 [openriak-entrypoint] startup: waiting for transfers (attempt 29, transfers='openriak-kv@node-05.cluster-a.openriak' waiting to handoff 7 partitions 'openriak-kv@node-04.cluster-a.openriak' waiting to handoff 5 partitions 'openriak-kv@node-03.cluster-a.openriak' waiting to handoff 5 partitions 'openriak-kv@node-02.cluster-a.openriak' waiting to handoff 5 partitions 'openriak-kv@node-01.cluster-a.openriak' waiting to handoff 6 partitions Active Transfers: ok)
2026-09-12T00:34:33+09:00 [openriak-entrypoint] startup: waiting for transfers (attempt 30, transfers='openriak-kv@node-05.cluster-a.openriak' waiting to handoff 7 partitions 'openriak-kv@node-04.cluster-a.openriak' waiting to handoff 4 partitions 'openriak-kv@node-03.cluster-a.openriak' waiting to handoff 5 partitions 'openriak-kv@node-02.cluster-a.openriak' waiting to handoff 5 partitions 'openriak-kv@node-01.cluster-a.openriak' waiting to handoff 6 partitions Active Transfers: ok)
2026-09-12T00:34:36+09:00 [openriak-entrypoint] startup: waiting for transfers (attempt 31, transfers='openriak-kv@node-05.cluster-a.openriak' waiting to handoff 6 partitions 'openriak-kv@node-04.cluster-a.openriak' waiting to handoff 4 partitions 'openriak-kv@node-03.cluster-a.openriak' waiting to handoff 5 partitions 'openriak-kv@node-02.cluster-a.openriak' waiting to handoff 5 partitions 'openriak-kv@node-01.cluster-a.openriak' waiting to handoff 6 partitions Active Transfers: ok)
2026-09-12T00:34:38+09:00 [openriak-entrypoint] startup: waiting for transfers (attempt 32, transfers='openriak-kv@node-05.cluster-a.openriak' waiting to handoff 6 partitions 'openriak-kv@node-04.cluster-a.openriak' waiting to handoff 4 partitions 'openriak-kv@node-03.cluster-a.openriak' waiting to handoff 5 partitions 'openriak-kv@node-02.cluster-a.openriak' waiting to handoff 4 partitions 'openriak-kv@node-01.cluster-a.openriak' waiting to handoff 6 partitions Active Transfers: ok)
2026-09-12T00:34:41+09:00 [openriak-entrypoint] startup: waiting for transfers (attempt 33, transfers='openriak-kv@node-05.cluster-a.openriak' waiting to handoff 5 partitions 'openriak-kv@node-04.cluster-a.openriak' waiting to handoff 4 partitions 'openriak-kv@node-03.cluster-a.openriak' waiting to handoff 5 partitions 'openriak-kv@node-02.cluster-a.openriak' waiting to handoff 4 partitions 'openriak-kv@node-01.cluster-a.openriak' waiting to handoff 6 partitions Active Transfers: ok)
2026-09-12T00:34:42+09:00 [openriak-entrypoint] startup: waiting for transfers (attempt 34, transfers='openriak-kv@node-05.cluster-a.openriak' waiting to handoff 5 partitions 'openriak-kv@node-04.cluster-a.openriak' waiting to handoff 3 partitions 'openriak-kv@node-03.cluster-a.openriak' waiting to handoff 5 partitions 'openriak-kv@node-02.cluster-a.openriak' waiting to handoff 4 partitions 'openriak-kv@node-01.cluster-a.openriak' waiting to handoff 6 partitions Active Transfers: ok)
2026-09-12T00:34:45+09:00 [openriak-entrypoint] startup: waiting for transfers (attempt 35, transfers='openriak-kv@node-05.cluster-a.openriak' waiting to handoff 5 partitions 'openriak-kv@node-04.cluster-a.openriak' waiting to handoff 2 partitions 'openriak-kv@node-03.cluster-a.openriak' waiting to handoff 5 partitions 'openriak-kv@node-02.cluster-a.openriak' waiting to handoff 4 partitions 'openriak-kv@node-01.cluster-a.openriak' waiting to handoff 6 partitions Active Transfers: ok)
2026-09-12T00:34:47+09:00 [openriak-entrypoint] startup: waiting for transfers (attempt 36, transfers='openriak-kv@node-05.cluster-a.openriak' waiting to handoff 5 partitions 'openriak-kv@node-04.cluster-a.openriak' waiting to handoff 2 partitions 'openriak-kv@node-03.cluster-a.openriak' waiting to handoff 4 partitions 'openriak-kv@node-02.cluster-a.openriak' waiting to handoff 4 partitions 'openriak-kv@node-01.cluster-a.openriak' waiting to handoff 6 partitions Active Transfers: ok)
2026-09-12T00:34:50+09:00 [openriak-entrypoint] startup: waiting for transfers (attempt 37, transfers='openriak-kv@node-05.cluster-a.openriak' waiting to handoff 5 partitions 'openriak-kv@node-04.cluster-a.openriak' waiting to handoff 2 partitions 'openriak-kv@node-03.cluster-a.openriak' waiting to handoff 3 partitions 'openriak-kv@node-02.cluster-a.openriak' waiting to handoff 4 partitions 'openriak-kv@node-01.cluster-a.openriak' waiting to handoff 6 partitions Active Transfers: ok)
2026-09-12T00:34:54+09:00 [openriak-entrypoint] startup: waiting for transfers (attempt 38, transfers='openriak-kv@node-05.cluster-a.openriak' waiting to handoff 5 partitions 'openriak-kv@node-04.cluster-a.openriak' waiting to handoff 1 partitions 'openriak-kv@node-03.cluster-a.openriak' waiting to handoff 2 partitions 'openriak-kv@node-02.cluster-a.openriak' waiting to handoff 3 partitions 'openriak-kv@node-01.cluster-a.openriak' waiting to handoff 6 partitions Active Transfers: ok)
2026-09-12T00:34:56+09:00 [openriak-entrypoint] startup: waiting for transfers (attempt 39, transfers='openriak-kv@node-05.cluster-a.openriak' waiting to handoff 4 partitions 'openriak-kv@node-04.cluster-a.openriak' waiting to handoff 1 partitions 'openriak-kv@node-03.cluster-a.openriak' waiting to handoff 2 partitions 'openriak-kv@node-02.cluster-a.openriak' waiting to handoff 3 partitions 'openriak-kv@node-01.cluster-a.openriak' waiting to handoff 6 partitions Active Transfers: ok)
2026-09-12T00:34:59+09:00 [openriak-entrypoint] startup: waiting for transfers (attempt 40, transfers='openriak-kv@node-05.cluster-a.openriak' waiting to handoff 4 partitions 'openriak-kv@node-04.cluster-a.openriak' waiting to handoff 1 partitions 'openriak-kv@node-03.cluster-a.openriak' waiting to handoff 1 partitions 'openriak-kv@node-02.cluster-a.openriak' waiting to handoff 2 partitions 'openriak-kv@node-01.cluster-a.openriak' waiting to handoff 6 partitions Active Transfers: ok)
2026-09-12T00:35:01+09:00 [openriak-entrypoint] startup: waiting for transfers (attempt 41, transfers='openriak-kv@node-05.cluster-a.openriak' waiting to handoff 3 partitions 'openriak-kv@node-04.cluster-a.openriak' waiting to handoff 1 partitions 'openriak-kv@node-03.cluster-a.openriak' waiting to handoff 1 partitions 'openriak-kv@node-02.cluster-a.openriak' waiting to handoff 2 partitions 'openriak-kv@node-01.cluster-a.openriak' waiting to handoff 5 partitions Active Transfers: ok)
2026-09-12T00:35:03+09:00 [openriak-entrypoint] startup: waiting for transfers (attempt 42, transfers='openriak-kv@node-05.cluster-a.openriak' waiting to handoff 2 partitions 'openriak-kv@node-03.cluster-a.openriak' waiting to handoff 1 partitions 'openriak-kv@node-02.cluster-a.openriak' waiting to handoff 1 partitions 'openriak-kv@node-01.cluster-a.openriak' waiting to handoff 5 partitions Active Transfers: ok)
2026-09-12T00:35:06+09:00 [openriak-entrypoint] startup: waiting for transfers (attempt 43, transfers='openriak-kv@node-05.cluster-a.openriak' waiting to handoff 2 partitions 'openriak-kv@node-03.cluster-a.openriak' waiting to handoff 1 partitions 'openriak-kv@node-01.cluster-a.openriak' waiting to handoff 5 partitions Active Transfers: ok)
2026-09-12T00:35:08+09:00 [openriak-entrypoint] startup: waiting for transfers (attempt 44, transfers='openriak-kv@node-05.cluster-a.openriak' waiting to handoff 2 partitions 'openriak-kv@node-03.cluster-a.openriak' waiting to handoff 1 partitions 'openriak-kv@node-01.cluster-a.openriak' waiting to handoff 5 partitions Active Transfers: ok)
2026-09-12T00:35:10+09:00 [openriak-entrypoint] startup: waiting for transfers (attempt 45, transfers='openriak-kv@node-01.cluster-a.openriak' waiting to handoff 5 partitions Active Transfers: ok)
2026-09-12T00:35:13+09:00 [openriak-entrypoint] startup: waiting for transfers (attempt 46, transfers='openriak-kv@node-01.cluster-a.openriak' waiting to handoff 5 partitions Active Transfers: ok)
2026-09-12T00:35:15+09:00 [openriak-entrypoint] startup: waiting for transfers (attempt 47, transfers='openriak-kv@node-01.cluster-a.openriak' waiting to handoff 5 partitions Active Transfers: ok)
2026-09-12T00:35:18+09:00 [openriak-entrypoint] startup: waiting for transfers (attempt 48, transfers='openriak-kv@node-01.cluster-a.openriak' waiting to handoff 4 partitions Active Transfers: ok)
2026-09-12T00:35:20+09:00 [openriak-entrypoint] startup: waiting for transfers (attempt 49, transfers='openriak-kv@node-01.cluster-a.openriak' waiting to handoff 4 partitions Active Transfers: ok)
2026-09-12T00:35:23+09:00 [openriak-entrypoint] startup: waiting for transfers (attempt 50, transfers='openriak-kv@node-01.cluster-a.openriak' waiting to handoff 4 partitions Active Transfers: ok)
2026-09-12T00:35:26+09:00 [openriak-entrypoint] startup: waiting for transfers (attempt 51, transfers='openriak-kv@node-01.cluster-a.openriak' waiting to handoff 4 partitions Active Transfers: ok)
2026-09-12T00:35:29+09:00 [openriak-entrypoint] startup: waiting for transfers (attempt 52, transfers='openriak-kv@node-01.cluster-a.openriak' waiting to handoff 2 partitions Active Transfers: ok)
2026-09-12T00:35:31+09:00 [openriak-entrypoint] startup: waiting for transfers (attempt 53, transfers='openriak-kv@node-01.cluster-a.openriak' waiting to handoff 2 partitions Active Transfers: ok)
2026-09-12T00:35:33+09:00 [openriak-entrypoint] startup: waiting for transfers (attempt 54, transfers='openriak-kv@node-01.cluster-a.openriak' waiting to handoff 1 partitions Active Transfers: ok)
2026-09-12T00:35:36+09:00 [openriak-entrypoint] startup: waiting for transfers (attempt 55, transfers='openriak-kv@node-01.cluster-a.openriak' waiting to handoff 1 partitions Active Transfers: ok)
2026-09-12T00:35:39+09:00 [openriak-entrypoint] startup: waiting for transfers (attempt 56, transfers='openriak-kv@node-01.cluster-a.openriak' waiting to handoff 1 partitions Active Transfers: ok)
2026-09-12T00:35:41+09:00 [openriak-entrypoint] startup: waiting for transfers (attempt 57, transfers='openriak-kv@node-01.cluster-a.openriak' waiting to handoff 1 partitions Active Transfers: ok)
2026-09-12T00:35:44+09:00 [openriak-entrypoint] startup: waiting for transfers (attempt 58, transfers='openriak-kv@node-01.cluster-a.openriak' waiting to handoff 1 partitions Active Transfers: ok)
2026-09-12T00:35:47+09:00 [openriak-entrypoint] startup: waiting for transfers (attempt 59, transfers='openriak-kv@node-01.cluster-a.openriak' waiting to handoff 1 partitions Active Transfers: ok)
2026-09-12T00:35:49+09:00 [openriak-entrypoint] startup: transfers complete (No transfers active Active Transfers: ok)
2026-09-12T00:35:49+09:00 [openriak-entrypoint] cluster: waiting for coordinator completion confirmation
2026-09-12T00:35:51+09:00 [openriak-entrypoint] cluster: coordinator confirmed completion for openriak-kv@node-02.cluster-a.openriak
2026-09-12T00:35:51+09:00 [openriak-entrypoint] cluster: follower joined openriak-kv@node-01.cluster-a.openriak successfully
2026-09-12T00:35:51+09:00 [openriak-entrypoint] startup: OpenRiak is ready
2026-09-12T00:35:51+09:00 [openriak-entrypoint] monitor: sleeping for 1s
2026-09-12T00:35:53+09:00 [openriak-entrypoint] monitor: BEAM is running and riak ping returned pong
2026-09-12T00:35:53+09:00 [openriak-entrypoint] monitor: sleeping for 1s
2026-09-12T00:35:55+09:00 [openriak-entrypoint] monitor: BEAM is running and riak ping returned pong
2026-09-12T00:35:55+09:00 [openriak-entrypoint] monitor: sleeping for 1s
2026-09-12T00:35:56+09:00 [openriak-entrypoint] monitor: BEAM is running and riak ping returned pong
2026-09-12T00:35:56+09:00 [openriak-entrypoint] monitor: sleeping for 1s
2026-09-12T00:35:58+09:00 [openriak-entrypoint] monitor: BEAM is running and riak ping returned pong
2026-09-12T00:35:58+09:00 [openriak-entrypoint] monitor: sleeping for 1s
2026-09-12T00:35:59+09:00 [openriak-entrypoint] monitor: BEAM is running and riak ping returned pong
2026-09-12T00:35:59+09:00 [openriak-entrypoint] monitor: sleeping for 1s
2026-09-12T00:36:01+09:00 [openriak-entrypoint] monitor: BEAM is running and riak ping returned pong
2026-09-12T00:36:01+09:00 [openriak-entrypoint] monitor: sleeping for 1s
2026-09-12T00:36:02+09:00 [openriak-entrypoint] monitor: BEAM is running and riak ping returned pong
2026-09-12T00:36:02+09:00 [openriak-entrypoint] monitor: sleeping for 1s
2026-09-12T00:36:04+09:00 [openriak-entrypoint] monitor: BEAM is running and riak ping returned pong
2026-09-12T00:36:04+09:00 [openriak-entrypoint] monitor: sleeping for 1s
2026-09-12T00:36:06+09:00 [openriak-entrypoint] monitor: BEAM is running and riak ping returned pong
2026-09-12T00:36:06+09:00 [openriak-entrypoint] monitor: sleeping for 1s
2026-09-12T00:36:07+09:00 [openriak-entrypoint] monitor: BEAM is running and riak ping returned pong
2026-09-12T00:36:07+09:00 [openriak-entrypoint] monitor: sleeping for 1s
2026-09-12T00:36:08+09:00 [openriak-entrypoint] monitor: BEAM is running and riak ping returned pong
2026-09-12T00:36:08+09:00 [openriak-entrypoint] monitor: sleeping for 1s
2026-09-12T00:36:10+09:00 [openriak-entrypoint] monitor: BEAM is running and riak ping returned pong
2026-09-12T00:36:10+09:00 [openriak-entrypoint] monitor: sleeping for 1s

timeout_seconds: 3600
exit_code: 0
