$ /usr/bin/docker exec openriak-kv-3.4.1-fedora-43-otp26-node-5-t-705843z sh -c 'date +%z
id -u riak
id -g riak
stat -c '"'"'%u:%g'"'"' /etc/riak /var/lib/riak /var/log/riak'
started: 2026-09-11T15:36:18Z
+0900
19001
19002
19001:19002
19001:19002
19001:19002

timeout_seconds: 3600
exit_code: 0
$ /usr/bin/docker container inspect openriak-kv-3.4.1-fedora-43-otp26-node-5-t-705843z
started: 2026-09-11T15:36:19Z
[
    {
        "Id": "65435f562a753fa05ba5065e818101515e742bab92b172067f0388a53074b66f",
        "Created": "2026-09-11T15:32:20.574976653Z",
        "Path": "/usr/local/bin/openriak-entrypoint",
        "Args": [],
        "State": {
            "Status": "running",
            "Running": true,
            "Paused": false,
            "Restarting": false,
            "OOMKilled": false,
            "Dead": false,
            "Pid": 1237566,
            "ExitCode": 0,
            "Error": "",
            "StartedAt": "2026-09-11T15:32:21.190030602Z",
            "FinishedAt": "0001-01-01T00:00:00Z",
            "Health": {
                "Status": "healthy",
                "FailingStreak": 0,
                "Log": [
                    {
                        "Start": "2026-09-11T15:35:25.356980533Z",
                        "End": "2026-09-11T15:35:26.699533247Z",
                        "ExitCode": 0,
                        "Output": "OpenRiak healthcheck passed: BEAM is running and riak ping returned pong\n"
                    },
                    {
                        "Start": "2026-09-11T15:35:36.700424313Z",
                        "End": "2026-09-11T15:35:37.497675552Z",
                        "ExitCode": 0,
                        "Output": "OpenRiak healthcheck passed: BEAM is running and riak ping returned pong\n"
                    },
                    {
                        "Start": "2026-09-11T15:35:47.498772866Z",
                        "End": "2026-09-11T15:35:47.943304114Z",
                        "ExitCode": 0,
                        "Output": "OpenRiak healthcheck passed: BEAM is running and riak ping returned pong\n"
                    },
                    {
                        "Start": "2026-09-11T15:35:57.945532478Z",
                        "End": "2026-09-11T15:35:58.636444042Z",
                        "ExitCode": 0,
                        "Output": "OpenRiak healthcheck passed: BEAM is running and riak ping returned pong\n"
                    },
                    {
                        "Start": "2026-09-11T15:36:08.637541773Z",
                        "End": "2026-09-11T15:36:09.202174181Z",
                        "ExitCode": 0,
                        "Output": "OpenRiak healthcheck passed: BEAM is running and riak ping returned pong\n"
                    }
                ]
            }
        },
        "Image": "sha256:08c6eb805004ac736ccc281856a2168949df77544e08d6552ae63124eb22ae40",
        "ResolvConfPath": "/var/snap/docker/common/var-lib-docker/containers/65435f562a753fa05ba5065e818101515e742bab92b172067f0388a53074b66f/resolv.conf",
        "HostnamePath": "/var/snap/docker/common/var-lib-docker/containers/65435f562a753fa05ba5065e818101515e742bab92b172067f0388a53074b66f/hostname",
        "HostsPath": "/var/snap/docker/common/var-lib-docker/containers/65435f562a753fa05ba5065e818101515e742bab92b172067f0388a53074b66f/hosts",
        "LogPath": "/var/snap/docker/common/var-lib-docker/containers/65435f562a753fa05ba5065e818101515e742bab92b172067f0388a53074b66f/65435f562a753fa05ba5065e818101515e742bab92b172067f0388a53074b66f-json.log",
        "Name": "/openriak-kv-3.4.1-fedora-43-otp26-node-5-t-705843z",
        "RestartCount": 0,
        "Driver": "overlay2",
        "Platform": "linux",
        "MountLabel": "",
        "ProcessLabel": "",
        "AppArmorProfile": "docker-default",
        "ExecIDs": null,
        "HostConfig": {
            "Binds": [
                "/home/peter/openriak-builds/tmp/openriak-docker-3.4.1-fedora-43-otp26-oui0hrq5/openriak-kv-3.4.1-fedora-43-otp26-node-5/config:/etc/riak:rw",
                "/home/peter/openriak-builds/tmp/openriak-docker-3.4.1-fedora-43-otp26-oui0hrq5/openriak-kv-3.4.1-fedora-43-otp26-node-5/data:/var/lib/riak:rw",
                "/home/peter/openriak-builds/tmp/openriak-docker-3.4.1-fedora-43-otp26-oui0hrq5/openriak-kv-3.4.1-fedora-43-otp26-node-5/logs:/var/log/riak:rw",
                "/home/peter/openriak-builds/tmp/openriak-docker-3.4.1-fedora-43-otp26-oui0hrq5/openriak-kv-3.4.1-fedora-43-otp26-node-cluster-control:/var/lib/openriak-cluster-control:rw"
            ],
            "ContainerIDFile": "",
            "LogConfig": {
                "Type": "json-file",
                "Config": {
                    "max-file": "3",
                    "max-size": "10m"
                }
            },
            "NetworkMode": "openriak-kv-341-fedora-43-otp26-node-cluster_openriak",
            "PortBindings": {},
            "RestartPolicy": {
                "Name": "no",
                "MaximumRetryCount": 0
            },
            "AutoRemove": false,
            "VolumeDriver": "",
            "VolumesFrom": null,
            "ConsoleSize": [
                0,
                0
            ],
            "CapAdd": null,
            "CapDrop": null,
            "CgroupnsMode": "private",
            "Dns": null,
            "DnsOptions": null,
            "DnsSearch": null,
            "ExtraHosts": [],
            "GroupAdd": null,
            "IpcMode": "private",
            "Cgroup": "",
            "Links": null,
            "OomScoreAdj": 0,
            "PidMode": "",
            "Privileged": false,
            "PublishAllPorts": false,
            "ReadonlyRootfs": false,
            "SecurityOpt": null,
            "UTSMode": "",
            "UsernsMode": "",
            "ShmSize": 67108864,
            "Runtime": "runc",
            "Isolation": "",
            "CpuShares": 0,
            "Memory": 0,
            "NanoCpus": 0,
            "CgroupParent": "",
            "BlkioWeight": 0,
            "BlkioWeightDevice": null,
            "BlkioDeviceReadBps": null,
            "BlkioDeviceWriteBps": null,
            "BlkioDeviceReadIOps": null,
            "BlkioDeviceWriteIOps": null,
            "CpuPeriod": 0,
            "CpuQuota": 0,
            "CpuRealtimePeriod": 0,
            "CpuRealtimeRuntime": 0,
            "CpusetCpus": "",
            "CpusetMems": "",
            "Devices": null,
            "DeviceCgroupRules": null,
            "DeviceRequests": null,
            "MemoryReservation": 0,
            "MemorySwap": 0,
            "MemorySwappiness": null,
            "OomKillDisable": null,
            "PidsLimit": null,
            "Ulimits": [
                {
                    "Name": "nofile",
                    "Hard": 100000,
                    "Soft": 100000
                }
            ],
            "CpuCount": 0,
            "CpuPercent": 0,
            "IOMaximumIOps": 0,
            "IOMaximumBandwidth": 0,
            "MaskedPaths": [
                "/proc/acpi",
                "/proc/asound",
                "/proc/interrupts",
                "/proc/kcore",
                "/proc/keys",
                "/proc/latency_stats",
                "/proc/sched_debug",
                "/proc/scsi",
                "/proc/timer_list",
                "/proc/timer_stats",
                "/sys/devices/virtual/powercap",
                "/sys/firmware",
                "/sys/devices/system/cpu/cpu0/thermal_throttle",
                "/sys/devices/system/cpu/cpu1/thermal_throttle",
                "/sys/devices/system/cpu/cpu2/thermal_throttle",
                "/sys/devices/system/cpu/cpu3/thermal_throttle"
            ],
            "ReadonlyPaths": [
                "/proc/bus",
                "/proc/fs",
                "/proc/irq",
                "/proc/sys",
                "/proc/sysrq-trigger"
            ]
        },
        "GraphDriver": {
            "Data": {
                "ID": "65435f562a753fa05ba5065e818101515e742bab92b172067f0388a53074b66f",
                "LowerDir": "/var/snap/docker/common/var-lib-docker/overlay2/e388f453061c615faee4bee00ab753db6c11682d020795e16075cba6145af8bb-init/diff:/var/snap/docker/common/var-lib-docker/overlay2/8dce6dd5c4e726fae4dde3a34e8690acdf064f4d23bee65d74af0077895a2168/diff:/var/snap/docker/common/var-lib-docker/overlay2/e00c43dc6c446937afd9d39d610a2dfc432d49f1d83dcdb77e602db09b4d735c/diff:/var/snap/docker/common/var-lib-docker/overlay2/63ab126b791f9873b0ec8087400701d0af62766bbb0602b13bffcfdf416e08e4/diff:/var/snap/docker/common/var-lib-docker/overlay2/6249e8ff306245d8d95203cd3f56b111e70a844a61cda478e89a55a97df7dc65/diff:/var/snap/docker/common/var-lib-docker/overlay2/e0dc35a42b70ca357df29e3f14883612536971e6eaefe6e26914694bd0b0d5c2/diff:/var/snap/docker/common/var-lib-docker/overlay2/b373ad4090f15316b357e7beeec23ea7f44856383612111f92c6bf835d91cc7e/diff",
                "MergedDir": "/var/snap/docker/common/var-lib-docker/overlay2/e388f453061c615faee4bee00ab753db6c11682d020795e16075cba6145af8bb/merged",
                "UpperDir": "/var/snap/docker/common/var-lib-docker/overlay2/e388f453061c615faee4bee00ab753db6c11682d020795e16075cba6145af8bb/diff",
                "WorkDir": "/var/snap/docker/common/var-lib-docker/overlay2/e388f453061c615faee4bee00ab753db6c11682d020795e16075cba6145af8bb/work"
            },
            "Name": "overlay2"
        },
        "Mounts": [
            {
                "Type": "bind",
                "Source": "/home/peter/openriak-builds/tmp/openriak-docker-3.4.1-fedora-43-otp26-oui0hrq5/openriak-kv-3.4.1-fedora-43-otp26-node-5/config",
                "Destination": "/etc/riak",
                "Mode": "rw",
                "RW": true,
                "Propagation": "rprivate"
            },
            {
                "Type": "bind",
                "Source": "/home/peter/openriak-builds/tmp/openriak-docker-3.4.1-fedora-43-otp26-oui0hrq5/openriak-kv-3.4.1-fedora-43-otp26-node-5/data",
                "Destination": "/var/lib/riak",
                "Mode": "rw",
                "RW": true,
                "Propagation": "rprivate"
            },
            {
                "Type": "bind",
                "Source": "/home/peter/openriak-builds/tmp/openriak-docker-3.4.1-fedora-43-otp26-oui0hrq5/openriak-kv-3.4.1-fedora-43-otp26-node-5/logs",
                "Destination": "/var/log/riak",
                "Mode": "rw",
                "RW": true,
                "Propagation": "rprivate"
            },
            {
                "Type": "bind",
                "Source": "/home/peter/openriak-builds/tmp/openriak-docker-3.4.1-fedora-43-otp26-oui0hrq5/openriak-kv-3.4.1-fedora-43-otp26-node-cluster-control",
                "Destination": "/var/lib/openriak-cluster-control",
                "Mode": "rw",
                "RW": true,
                "Propagation": "rprivate"
            }
        ],
        "Config": {
            "Hostname": "node-05.cluster-a.openriak",
            "Domainname": "",
            "User": "",
            "AttachStdin": false,
            "AttachStdout": true,
            "AttachStderr": true,
            "ExposedPorts": {
                "8087/tcp": {},
                "8098/tcp": {}
            },
            "Tty": false,
            "OpenStdin": false,
            "StdinOnce": false,
            "Env": [
                "RIAK_NODE_HOST=node-05.cluster-a.openriak",
                "RIAK_LOG_MAX_FILES=4",
                "RIAK_MONITOR_INTERVAL_SECONDS=1",
                "RIAK_GID=19002",
                "RIAK_LOG_MAX_FILE_SIZE=2MB",
                "OPENRIAK_CLUSTER_MODE=cluster",
                "RIAK_UID=19001",
                "RIAK_DISTRIBUTED_COOKIE=openriak-b8a43bf84ef10f38293275663ab64465",
                "OPENRIAK_CLUSTER_POLL_SECONDS=1",
                "TZ=Asia/Tokyo",
                "OPENRIAK_CLUSTER_WAIT_SECONDS=3600",
                "PATH=/usr/local/sbin:/usr/local/bin:/usr/sbin:/usr/bin:/sbin:/bin",
                "DISTTAG=f43container",
                "FGC=f43",
                "FBR=f43",
                "RIAK_NODE_NAME=",
                "RIAK_RING_SIZE=8",
                "RIAK_STORAGE_BACKEND=leveled",
                "RIAK_ANTI_ENTROPY=passive",
                "RIAK_TICTACAAE_ACTIVE=active",
                "RIAK_TICTACAAE_STOREHEADS=enabled",
                "RIAK_HTTP_LISTENER=0.0.0.0:8098",
                "RIAK_PB_LISTENER=0.0.0.0:8087",
                "RIAK_NOFILE_LIMIT=100000",
                "RIAK_INIT_ONLY=0",
                "RIAK_STARTUP_POLL_SECONDS=1",
                "RIAK_SHUTDOWN_POLL_SECONDS=1",
                "OPENRIAK_CLUSTER_CONTROL_DIR=/var/lib/openriak-cluster-control",
                "role="
            ],
            "Cmd": null,
            "Healthcheck": {
                "Test": [
                    "CMD",
                    "/usr/local/bin/openriak-healthcheck"
                ],
                "Interval": 10000000000,
                "Timeout": 60000000000,
                "StartPeriod": 120000000000,
                "Retries": 3
            },
            "Image": "tiotjp/openriak-kv:test-3.4.1-fedora-43-otp26-linux-amd64-20260911t153123.705843z",
            "Volumes": {
                "/etc/riak": {},
                "/var/lib/riak": {},
                "/var/log/riak": {}
            },
            "WorkingDir": "/",
            "Entrypoint": [
                "/usr/local/bin/openriak-entrypoint"
            ],
            "Labels": {
                "com.docker.compose.config-hash": "df96654288536f2786f9c38a221b3b1b77e87d3d55f25b23cbc48a832e8db70d",
                "com.docker.compose.container-number": "1",
                "com.docker.compose.depends_on": "",
                "com.docker.compose.image": "sha256:08c6eb805004ac736ccc281856a2168949df77544e08d6552ae63124eb22ae40",
                "com.docker.compose.oneoff": "False",
                "com.docker.compose.project": "openriak-kv-341-fedora-43-otp26-node-cluster",
                "com.docker.compose.project.config_files": "/home/peter/openriak-builds/tmp/openriak-docker-3.4.1-fedora-43-otp26-oui0hrq5/compose.cluster.test.yaml",
                "com.docker.compose.project.environment_file": "/home/peter/openriak-builds/tmp/openriak-docker-3.4.1-fedora-43-otp26-oui0hrq5/.env.cluster",
                "com.docker.compose.project.working_dir": "/home/peter/openriak-builds/tmp/openriak-docker-3.4.1-fedora-43-otp26-oui0hrq5",
                "com.docker.compose.service": "node5",
                "com.docker.compose.version": "2.32.4",
                "maintainer": "Clement Verna <cverna@fedoraproject.org>",
                "org.opencontainers.image.description": "Package-backed OpenRiak KV with single-node and cluster startup support",
                "org.opencontainers.image.source": "https://github.com/TI-Tokyo/openriak-docs",
                "org.opencontainers.image.title": "OpenRiak KV",
                "org.opencontainers.image.url": "https://www.tiot.jp/",
                "org.opencontainers.image.vendor": "TI Tokyo",
                "org.opencontainers.image.version": "3.4.1",
                "org.openriak.image.tag": "tiotjp/openriak-kv:3.4.1-fedora-43-otp26",
                "org.openriak.os.name": "fedora",
                "org.openriak.os.release": "43",
                "org.openriak.os.version": "43",
                "org.openriak.otp.version": "26"
            },
            "StopSignal": "SIGTERM",
            "StopTimeout": 120
        },
        "NetworkSettings": {
            "SandboxID": "14d040159952f6288e3cddfa33f0a982e844fd70669bc7d042a36555609fb677",
            "SandboxKey": "/run/snap.docker/netns/14d040159952",
            "Ports": {
                "8087/tcp": null,
                "8098/tcp": null
            },
            "Networks": {
                "openriak-kv-341-fedora-43-otp26-node-cluster_openriak": {
                    "IPAMConfig": {},
                    "Links": null,
                    "Aliases": [
                        "openriak-kv-3.4.1-fedora-43-otp26-node-5-t-705843z",
                        "node5",
                        "node-05.cluster-a.openriak"
                    ],
                    "DriverOpts": null,
                    "GwPriority": 0,
                    "NetworkID": "867c1b657ea6ff9f1e65a2fd49f08e7c3a3decc01474db3bda798e01105941bc",
                    "EndpointID": "1bd2a15f268921b72798e7660d606ab954e53fa1bbf0696d94b420d6738a37cd",
                    "Gateway": "172.19.0.1",
                    "IPAddress": "172.19.0.4",
                    "MacAddress": "da:6b:66:99:e6:01",
                    "IPPrefixLen": 16,
                    "IPv6Gateway": "",
                    "GlobalIPv6Address": "",
                    "GlobalIPv6PrefixLen": 0,
                    "DNSNames": [
                        "openriak-kv-3.4.1-fedora-43-otp26-node-5-t-705843z",
                        "node5",
                        "node-05.cluster-a.openriak",
                        "65435f562a75"
                    ]
                }
            }
        }
    }
]

timeout_seconds: 3600
exit_code: 0
