$ /usr/bin/docker container inspect openriak-kv-3.4.1-fedora-43-otp26-node-1-t-705843z
started: 2026-09-11T15:32:19Z
[]
Error response from daemon: No such container: openriak-kv-3.4.1-fedora-43-otp26-node-1-t-705843z

timeout_seconds: 3600
exit_code: 1
$ /usr/bin/docker container inspect openriak-kv-3.4.1-fedora-43-otp26-node-2-t-705843z
started: 2026-09-11T15:32:19Z
[]
Error response from daemon: No such container: openriak-kv-3.4.1-fedora-43-otp26-node-2-t-705843z

timeout_seconds: 3600
exit_code: 1
$ /usr/bin/docker container inspect openriak-kv-3.4.1-fedora-43-otp26-node-3-t-705843z
started: 2026-09-11T15:32:19Z
[]
Error response from daemon: No such container: openriak-kv-3.4.1-fedora-43-otp26-node-3-t-705843z

timeout_seconds: 3600
exit_code: 1
$ /usr/bin/docker container inspect openriak-kv-3.4.1-fedora-43-otp26-node-4-t-705843z
started: 2026-09-11T15:32:19Z
[]
Error response from daemon: No such container: openriak-kv-3.4.1-fedora-43-otp26-node-4-t-705843z

timeout_seconds: 3600
exit_code: 1
$ /usr/bin/docker container inspect openriak-kv-3.4.1-fedora-43-otp26-node-5-t-705843z
started: 2026-09-11T15:32:20Z
[]
Error response from daemon: No such container: openriak-kv-3.4.1-fedora-43-otp26-node-5-t-705843z

timeout_seconds: 3600
exit_code: 1
