$ /usr/bin/docker buildx build --builder openriak-kv-multiarch --load --platform linux/amd64 --pull=false --no-cache --tag tiotjp/openriak-kv:test-3.4.1-fedora-43-otp26-linux-amd64-20260911t153123.705843z --file /home/peter/openriak-builds/openriak-distributed/openriak-docker-2026-09-11-b/living-room-b/20260911T084617.243958Z/results/3.4.1/3.4.1-fedora-43-otp26/platforms/linux-amd64/runs/20260911T153123.705843Z/Dockerfile /home/peter/openriak-builds/openriak-distributed/openriak-docker-2026-09-11-b/living-room-b/20260911T084617.243958Z/results/3.4.1/3.4.1-fedora-43-otp26/platforms/linux-amd64/runs/20260911T153123.705843Z
started: 2026-09-11T15:31:23Z
#0 building with "openriak-kv-multiarch" instance using docker-container driver

#1 [internal] load build definition from Dockerfile
#1 transferring dockerfile: 44.08kB done
#1 DONE 0.0s

#2 resolve image config for docker-image://docker.io/docker/dockerfile:1.7
#2 DONE 0.2s

#3 docker-image://docker.io/docker/dockerfile:1.7@sha256:a57df69d0ea827fb7266491f2813635de6f17269be881f696fbfdf2d83dda33e
#3 resolve docker.io/docker/dockerfile:1.7@sha256:a57df69d0ea827fb7266491f2813635de6f17269be881f696fbfdf2d83dda33e 0.0s done
#3 CACHED

#4 [internal] load metadata for docker.io/library/fedora:43@sha256:a651ddf48ea28a06ed4e1e6519f51c9f47e7a5a138722ade87369b8fbb7e5b42
#4 DONE 1.0s

#5 [internal] load .dockerignore
#5 transferring context: 2B done
#5 DONE 0.0s

#6 [download-amd64 1/1] ADD --checksum=sha256:952f04a57622b160ef01d7aa15d3871924221766f1cd08dc74bf5ecd3ffbe9ea https://files.tiot.jp/riak/kv/3.4/3.4.1/rhel/9/riak-3.4.1.OTP26-1.el9.x86_64.rpm /riak-3.4.1.OTP26-1.el9.x86_64.rpm
#6 CACHED

#7 [internal] preparing inline document
#7 CACHED

#8 [internal] preparing inline document
#8 CACHED

#9 [package-amd64 1/2] FROM docker.io/library/fedora:43@sha256:a651ddf48ea28a06ed4e1e6519f51c9f47e7a5a138722ade87369b8fbb7e5b42
#9 resolve docker.io/library/fedora:43@sha256:a651ddf48ea28a06ed4e1e6519f51c9f47e7a5a138722ade87369b8fbb7e5b42
#9 resolve docker.io/library/fedora:43@sha256:a651ddf48ea28a06ed4e1e6519f51c9f47e7a5a138722ade87369b8fbb7e5b42 0.0s done
#9 CACHED

#10 [download-amd64 1/1] ADD --checksum=sha256:952f04a57622b160ef01d7aa15d3871924221766f1cd08dc74bf5ecd3ffbe9ea https://files.tiot.jp/riak/kv/3.4/3.4.1/rhel/9/riak-3.4.1.OTP26-1.el9.x86_64.rpm /riak-3.4.1.OTP26-1.el9.x86_64.rpm
#10 DONE 0.0s

#11 [package-amd64 2/2] RUN --mount=type=bind,from=download-amd64,target=/opt/openriak-package,ro <<'OPENRIAK_PACKAGE_INSTALL' (set -eu...)
#11 0.108 Updating and loading repositories:
#11 3.566  Fedora 43 - x86_64                     100% |  12.3 MiB/s |  35.4 MiB |  00m03s
#11 3.569  Fedora 43 openh264 (From Cisco) - x86_ 100% |   1.7 KiB/s |   5.8 KiB |  00m03s
#11 4.760  Fedora 43 - x86_64 - Updates           100% |   5.4 MiB/s |  20.6 MiB |  00m04s
#11 9.581 Repositories loaded.
#11 11.71 Package                                  Arch   Version                     Repository                            Size
#11 11.71 Upgrading:
#11 11.71  ca-certificates                         noarch 2026.2.90_v9.0.317-1.fc43   updates                            2.7 MiB
#11 11.71    replacing ca-certificates             noarch 2025.2.80_v9.0.304-1.2.fc43 b19937cf82db4c2c8570d3daf4365919   2.7 MiB
#11 11.71  curl                                    x86_64 8.15.0-10.fc43              updates                          461.4 KiB
#11 11.71    replacing curl                        x86_64 8.15.0-8.fc43               b19937cf82db4c2c8570d3daf4365919 461.4 KiB
#11 11.71  elfutils-default-yama-scope             noarch 0.196-1.fc43                updates                            1.8 KiB
#11 11.71    replacing elfutils-default-yama-scope noarch 0.195-1.fc43                b19937cf82db4c2c8570d3daf4365919   1.8 KiB
#11 11.71  elfutils-libelf                         x86_64 0.196-1.fc43                updates                            1.4 MiB
#11 11.71    replacing elfutils-libelf             x86_64 0.195-1.fc43                b19937cf82db4c2c8570d3daf4365919   1.2 MiB
#11 11.71  elfutils-libs                           x86_64 0.196-1.fc43                updates                          695.4 KiB
#11 11.71    replacing elfutils-libs               x86_64 0.195-1.fc43                b19937cf82db4c2c8570d3daf4365919 691.5 KiB
#11 11.71  fedora-gpg-keys                         noarch 43-2                        updates                          259.0 KiB
#11 11.71    replacing fedora-gpg-keys             noarch 43-1                        ea0661eb48fb4368809d6b12b9f9e888 131.2 KiB
#11 11.71  fedora-repos                            noarch 43-2                        updates                            4.9 KiB
#11 11.71    replacing fedora-repos                noarch 43-1                        ea0661eb48fb4368809d6b12b9f9e888   4.9 KiB
#11 11.71  libcap-ng                               x86_64 0.9.5-1.fc43                updates                           68.8 KiB
#11 11.71    replacing libcap-ng                   x86_64 0.9.3-1.fc43                b19937cf82db4c2c8570d3daf4365919  69.0 KiB
#11 11.71  libcurl                                 x86_64 8.15.0-10.fc43              updates                          907.0 KiB
#11 11.71    replacing libcurl                     x86_64 8.15.0-8.fc43               b19937cf82db4c2c8570d3daf4365919 907.1 KiB
#11 11.71  libevent                                x86_64 2.1.13-1.fc43               updates                          884.4 KiB
#11 11.71    replacing libevent                    x86_64 2.1.12-16.fc43              ea0661eb48fb4368809d6b12b9f9e888 883.1 KiB
#11 11.71  libtirpc                                x86_64 1.3.7-1.rc1.fc43            updates                          200.3 KiB
#11 11.71    replacing libtirpc                    x86_64 1.3.7-1.fc43                b19937cf82db4c2c8570d3daf4365919 200.4 KiB
#11 11.71  openssl-libs                            x86_64 1:3.5.8-1.fc43              updates                            8.9 MiB
#11 11.71    replacing openssl-libs                x86_64 1:3.5.7-2.fc43              b19937cf82db4c2c8570d3daf4365919   8.9 MiB
#11 11.71  rpm-sequoia                             x86_64 1.10.3-1.fc43               updates                            2.4 MiB
#11 11.71    replacing rpm-sequoia                 x86_64 1.10.2-4.fc43               b19937cf82db4c2c8570d3daf4365919   2.4 MiB
#11 11.71 
#11 11.71 Transaction Summary:
#11 11.71  Upgrading:         13 packages
#11 11.71  Replacing:         13 packages
#11 11.71 
#11 11.71 Total size of inbound packages is 6 MiB. Need to download 6 MiB.
#11 11.71 After this operation, 424 KiB extra will be used (install 19 MiB, remove 18 MiB).
#11 11.87 [ 1/13] curl-0:8.15.0-10.fc43.x86_64    100% |   1.5 MiB/s | 226.6 KiB |  00m00s
#11 11.93 [ 2/13] libcurl-0:8.15.0-10.fc43.x86_64 100% |   1.9 MiB/s | 403.5 KiB |  00m00s
#11 11.93 [ 3/13] elfutils-default-yama-scope-0:0 100% | 171.7 KiB/s |  11.3 KiB |  00m00s
#11 11.95 [ 4/13] ca-certificates-0:2026.2.90_v9. 100% |   4.0 MiB/s | 973.1 KiB |  00m00s
#11 12.10 [ 5/13] fedora-gpg-keys-0:43-2.noarch   100% |   1.2 MiB/s | 184.2 KiB |  00m00s
#11 12.11 [ 6/13] elfutils-libelf-0:0.196-1.fc43. 100% |   1.3 MiB/s | 235.6 KiB |  00m00s
#11 12.11 [ 7/13] elfutils-libs-0:0.196-1.fc43.x8 100% |   1.5 MiB/s | 272.8 KiB |  00m00s
#11 12.11 [ 8/13] fedora-repos-0:43-2.noarch      100% | 683.0 KiB/s |   8.9 KiB |  00m00s
#11 12.43 [ 9/13] libcap-ng-0:0.9.5-1.fc43.x86_64 100% | 107.0 KiB/s |  34.0 KiB |  00m00s
#11 12.46 [10/13] libtirpc-0:1.3.7-1.rc1.fc43.x86 100% | 274.4 KiB/s |  94.9 KiB |  00m00s
#11 12.48 [11/13] libevent-0:2.1.13-1.fc43.x86_64 100% | 719.0 KiB/s | 259.5 KiB |  00m00s
#11 12.58 [12/13] rpm-sequoia-0:1.10.3-1.fc43.x86 100% |   8.1 MiB/s | 940.6 KiB |  00m00s
#11 12.61 [13/13] openssl-libs-1:3.5.8-1.fc43.x86 100% |  14.7 MiB/s |   2.6 MiB |  00m00s
#11 12.61 --------------------------------------------------------------------------------
#11 12.61 [13/13] Total                           100% |   6.9 MiB/s |   6.2 MiB |  00m01s
#11 12.61 Running transaction
#11 12.90 [ 1/28] Verify package files            100% | 232.0   B/s |  13.0   B |  00m00s
#11 12.92 [ 2/28] Prepare transaction             100% | 666.0   B/s |  26.0   B |  00m00s
#11 12.97 [ 3/28] Upgrading fedora-gpg-keys-0:43- 100% |   7.5 MiB/s | 355.0 KiB |  00m00s
#11 12.97 [ 4/28] Upgrading elfutils-libelf-0:0.1 100% | 179.9 MiB/s |   1.4 MiB |  00m00s
#11 13.01 [ 5/28] Upgrading elfutils-default-yama 100% | 102.1 KiB/s |   2.0 KiB |  00m00s
#11 14.92 [ 6/28] Upgrading ca-certificates-0:202 100% |   1.3 MiB/s |   2.5 MiB |  00m02s
#11 14.98 [ 7/28] Upgrading openssl-libs-1:3.5.8- 100% | 153.8 MiB/s |   8.9 MiB |  00m00s
#11 14.99 [ 8/28] Upgrading libcurl-0:8.15.0-10.f 100% |  98.5 MiB/s | 908.1 KiB |  00m00s
#11 15.02 [ 9/28] Upgrading curl-0:8.15.0-10.fc43 100% |  18.1 MiB/s | 463.9 KiB |  00m00s
#11 15.04 [10/28] Upgrading libevent-0:2.1.13-1.f 100% |  78.8 MiB/s | 888.2 KiB |  00m00s
#11 15.05 [11/28] Upgrading rpm-sequoia-0:1.10.3- 100% | 153.2 MiB/s |   2.5 MiB |  00m00s
#11 15.05 [12/28] Upgrading elfutils-libs-0:0.196 100% |  85.1 MiB/s | 697.2 KiB |  00m00s
#11 15.06 [13/28] Upgrading fedora-repos-0:43-2.n 100% |   1.4 MiB/s |   5.7 KiB |  00m00s
#11 15.06 [14/28] Upgrading libtirpc-0:1.3.7-1.rc 100% |  39.5 MiB/s | 202.3 KiB |  00m00s
#11 15.07 [15/28] Upgrading libcap-ng-0:0.9.5-1.f 100% |  17.2 MiB/s |  70.6 KiB |  00m00s
#11 15.07 [16/28] Removing elfutils-libs-0:0.195- 100% |   3.9 KiB/s |  12.0   B |  00m00s
#11 15.07 [17/28] Removing libevent-0:2.1.12-16.f 100% |   5.9 KiB/s |  24.0   B |  00m00s
#11 15.08 [18/28] Removing rpm-sequoia-0:1.10.2-4 100% | 818.0   B/s |   9.0   B |  00m00s
#11 15.10 [19/28] Removing curl-0:8.15.0-8.fc43.x 100% |   1.2 KiB/s |  17.0   B |  00m00s
#11 15.10 [20/28] Removing fedora-repos-0:43-1.no 100% |   4.9 KiB/s |   5.0   B |  00m00s
#11 15.10 [21/28] Removing fedora-gpg-keys-0:43-1 100% | 148.9 KiB/s | 305.0   B |  00m00s
#11 15.11 [22/28] Removing elfutils-default-yama- 100% |   1.0 KiB/s |   1.0   B |  00m00s
#11 15.11 [23/28] Removing libcurl-0:8.15.0-8.fc4 100% |   2.3 KiB/s |   7.0   B |  00m00s
#11 15.12 [24/28] Removing openssl-libs-1:3.5.7-2 100% |   2.5 KiB/s |  39.0   B |  00m00s
#11 15.15 [25/28] Removing ca-certificates-0:2025 100% |  54.5 KiB/s | 781.0   B |  00m00s
#11 15.15 [26/28] Removing elfutils-libelf-0:0.19 100% |   1.2 KiB/s |  15.0   B |  00m00s
#11 15.16 [27/28] Removing libtirpc-0:1.3.7-1.fc4 100% |   4.6 KiB/s |  14.0   B |  00m00s
#11 17.13 [28/28] Removing libcap-ng-0:0.9.3-1.fc 100% |   6.0   B/s |  12.0   B |  00m02s
#11 17.13 Complete!
#11 17.19 Updating and loading repositories:
#11 17.87 Repositories loaded.
#11 18.07 Package "bash-5.3.0-2.fc43.x86_64" is already installed.
#11 18.07 Package "ca-certificates-2026.2.90_v9.0.317-1.fc43.noarch" is already installed.
#11 18.07 Package "glibc-2.42-16.fc43.x86_64" is already installed.
#11 18.07 Package "libgcc-15.3.1-1.fc43.x86_64" is already installed.
#11 18.07 Package "libstdc++-15.3.1-1.fc43.x86_64" is already installed.
#11 18.07 Package "ncurses-libs-6.5-7.20250614.fc43.x86_64" is already installed.
#11 18.07 Package "openssl-libs-1:3.5.8-1.fc43.x86_64" is already installed.
#11 18.07 Package "pam-1.7.1-5.fc43.x86_64" is already installed.
#11 18.07 Package "shadow-utils-2:4.18.0-3.fc43.x86_64" is already installed.
#11 18.07 Package "sudo-1.9.17-7.p2.fc43.x86_64" is already installed.
#11 18.07 Package "zlib-ng-compat-2.3.3-2.fc43.x86_64" is already installed.
#11 18.07 Package "tzdata-2026c-1.fc43.noarch" is already installed.
#11 18.07 
#11 18.08 Total size of inbound packages is 2 MiB. Need to download 2 MiB.
#11 18.08 After this operation, 5 MiB extra will be used (install 5 MiB, remove 0 B).
#11 18.08 Package      Arch   Version        Repository      Size
#11 18.08 Installing:
#11 18.08  hostname    x86_64 3.25-3.fc43    fedora      41.4 KiB
#11 18.08  procps-ng   x86_64 4.0.4-7.fc43.1 updates      1.0 MiB
#11 18.08  util-linux  x86_64 2.41.5-1.fc43  updates      3.5 MiB
#11 18.08 Installing dependencies:
#11 18.08  libfdisk    x86_64 2.41.5-1.fc43  updates    380.3 KiB
#11 18.08  liblastlog2 x86_64 2.41.5-1.fc43  updates     37.6 KiB
#11 18.08 
#11 18.08 Transaction Summary:
#11 18.08  Installing:         5 packages
#11 18.08 
#11 19.37 [1/5] hostname-0:3.25-3.fc43.x86_64     100% | 243.5 KiB/s |  27.5 KiB |  00m00s
#11 19.45 [2/5] libfdisk-0:2.41.5-1.fc43.x86_64   100% |   1.9 MiB/s | 162.3 KiB |  00m00s
#11 19.47 [3/5] liblastlog2-0:2.41.5-1.fc43.x86_6 100% |   1.6 MiB/s |  23.8 KiB |  00m00s
#11 19.48 [4/5] procps-ng-0:4.0.4-7.fc43.1.x86_64 100% |   1.6 MiB/s | 364.4 KiB |  00m00s
#11 19.56 [5/5] util-linux-0:2.41.5-1.fc43.x86_64 100% |   4.0 MiB/s |   1.2 MiB |  00m00s
#11 19.56 --------------------------------------------------------------------------------
#11 19.56 [5/5] Total                             100% |   1.2 MiB/s |   1.8 MiB |  00m01s
#11 19.56 Running transaction
#11 19.70 [1/7] Verify package files              100% | 312.0   B/s |   5.0   B |  00m00s
#11 19.71 [2/7] Prepare transaction               100% | 208.0   B/s |   5.0   B |  00m00s
#11 19.72 [3/7] Installing liblastlog2-0:2.41.5-1 100% |   2.8 MiB/s |  39.5 KiB |  00m00s
#11 19.76 [4/7] Installing libfdisk-0:2.41.5-1.fc 100% |  62.1 MiB/s | 381.4 KiB |  00m00s
#11 19.84 [5/7] Installing util-linux-0:2.41.5-1. 100% |  34.6 MiB/s |   3.6 MiB |  00m00s
#11 19.86 [6/7] Installing procps-ng-0:4.0.4-7.fc 100% |  32.6 MiB/s |   1.0 MiB |  00m00s
#11 19.91 [7/7] Installing hostname-0:3.25-3.fc43 100% | 837.0 KiB/s |  44.4 KiB |  00m00s
#11 19.91 Complete!
#11 19.98 Removed 18 files, 11 directories (total of 105 MiB). 0 errors occurred.
#11 19.99 Verifying...                          ########################################
#11 20.25 Preparing...                          ########################################
#11 20.31 Updating / installing...
#11 20.31 riak-3.4.1.OTP26-1.el9                ########################################
#11 DONE 21.0s

#12 [final 1/4] RUN <<'OPENRIAK_IMAGE_SETUP' (set -eu...)
#12 0.085 uid=999(riak) gid=999(riak) groups=999(riak)
#12 DONE 0.1s

#13 [final 2/4] COPY <<OPENRIAK_ENTRYPOINT /usr/local/bin/openriak-entrypoint
#13 DONE 0.0s

#14 [final 3/4] COPY <<OPENRIAK_HEALTHCHECK /usr/local/bin/openriak-healthcheck
#14 DONE 0.0s

#15 [final 4/4] RUN <<'OPENRIAK_SCRIPT_SETUP' (set -eu...)
#15 DONE 0.1s

#16 exporting to docker image format
#16 exporting layers
#16 exporting layers 3.2s done
#16 exporting manifest sha256:d02f6af370cc2920d75656a01ffc7e640f60d846c7aaebcbc66a4aca440e9863 done
#16 exporting config sha256:08c6eb805004ac736ccc281856a2168949df77544e08d6552ae63124eb22ae40 done
#16 sending tarball
#16 sending tarball 2.0s done
#16 DONE 5.2s

#17 importing to docker
#17 loading layer a7203bb69684 47.85MB / 47.85MB 1.1s done
#17 loading layer 5b25798a976e 23.62kB / 23.62kB 0.0s done
#17 loading layer 91edabb3a0f6 7.70kB / 7.70kB 0.0s done
#17 loading layer 88ce20ea00a0 392B / 392B 0.0s done
#17 loading layer 7719b36a2c06 7.88kB / 7.88kB 0.0s done
#17 DONE 1.1s

timeout_seconds: 3600
exit_code: 0
