$ /usr/bin/docker exec openriak-kv-3.4.1-rhel-8-otp26-node-1-t-722243z sh -c 'date +%z
id -u riak
id -g riak
stat -c '"'"'%u:%g'"'"' /etc/riak /var/lib/riak /var/log/riak'
started: 2026-09-11T09:38:59Z
+0900
19001
19002
19001:19002
19001:19002
19001:19002

timeout_seconds: 3600
exit_code: 0
$ /usr/bin/docker container inspect openriak-kv-3.4.1-rhel-8-otp26-node-1-t-722243z
started: 2026-09-11T09:38:59Z
[
    {
        "Id": "b9ade10b9f5e5f3e11701c58ff53a5610d043b130d01892c13500cc4bbf293f3",
        "Created": "2026-09-11T09:35:43.183343676Z",
        "Path": "/usr/local/bin/openriak-entrypoint",
        "Args": [],
        "State": {
            "Status": "running",
            "Running": true,
            "Paused": false,
            "Restarting": false,
            "OOMKilled": false,
            "Dead": false,
            "Pid": 3995742,
            "ExitCode": 0,
            "Error": "",
            "StartedAt": "2026-09-11T09:35:43.297883972Z",
            "FinishedAt": "0001-01-01T00:00:00Z",
            "Health": {
                "Status": "healthy",
                "FailingStreak": 0,
                "Log": [
                    {
                        "Start": "2026-09-11T09:38:03.079147072Z",
                        "End": "2026-09-11T09:38:05.033755755Z",
                        "ExitCode": 0,
                        "Output": "OpenRiak healthcheck passed: BEAM is running and riak ping returned pong\n"
                    },
                    {
                        "Start": "2026-09-11T09:38:15.034629352Z",
                        "End": "2026-09-11T09:38:16.586275958Z",
                        "ExitCode": 0,
                        "Output": "OpenRiak healthcheck passed: BEAM is running and riak ping returned pong\n"
                    },
                    {
                        "Start": "2026-09-11T09:38:26.587257983Z",
                        "End": "2026-09-11T09:38:27.504094412Z",
                        "ExitCode": 0,
                        "Output": "OpenRiak healthcheck passed: BEAM is running and riak ping returned pong\n"
                    },
                    {
                        "Start": "2026-09-11T09:38:37.505647155Z",
                        "End": "2026-09-11T09:38:38.093666368Z",
                        "ExitCode": 0,
                        "Output": "OpenRiak healthcheck passed: BEAM is running and riak ping returned pong\n"
                    },
                    {
                        "Start": "2026-09-11T09:38:48.095096055Z",
                        "End": "2026-09-11T09:38:49.188518817Z",
                        "ExitCode": 0,
                        "Output": "OpenRiak healthcheck passed: BEAM is running and riak ping returned pong\n"
                    }
                ]
            }
        },
        "Image": "sha256:97bea58a8c742bb7187f9ee4c43780cbf51f315a41899eda30482403cf79cc22",
        "ResolvConfPath": "/var/lib/docker/containers/b9ade10b9f5e5f3e11701c58ff53a5610d043b130d01892c13500cc4bbf293f3/resolv.conf",
        "HostnamePath": "/var/lib/docker/containers/b9ade10b9f5e5f3e11701c58ff53a5610d043b130d01892c13500cc4bbf293f3/hostname",
        "HostsPath": "/var/lib/docker/containers/b9ade10b9f5e5f3e11701c58ff53a5610d043b130d01892c13500cc4bbf293f3/hosts",
        "LogPath": "/var/lib/docker/containers/b9ade10b9f5e5f3e11701c58ff53a5610d043b130d01892c13500cc4bbf293f3/b9ade10b9f5e5f3e11701c58ff53a5610d043b130d01892c13500cc4bbf293f3-json.log",
        "Name": "/openriak-kv-3.4.1-rhel-8-otp26-node-1-t-722243z",
        "RestartCount": 0,
        "Driver": "overlay2",
        "Platform": "linux",
        "MountLabel": "",
        "ProcessLabel": "",
        "AppArmorProfile": "docker-default",
        "ExecIDs": [
            "ed0099d339e87aca4b2f9097641bfed8cae36d6a321e18d875171b51199066bc"
        ],
        "HostConfig": {
            "Binds": [
                "/tmp/openriak-docker-3.4.1-rhel-8-otp26-yearhh1o/openriak-kv-3.4.1-rhel-8-otp26-node-1/config:/etc/riak:rw",
                "/tmp/openriak-docker-3.4.1-rhel-8-otp26-yearhh1o/openriak-kv-3.4.1-rhel-8-otp26-node-1/data:/var/lib/riak:rw",
                "/tmp/openriak-docker-3.4.1-rhel-8-otp26-yearhh1o/openriak-kv-3.4.1-rhel-8-otp26-node-1/logs:/var/log/riak:rw",
                "/tmp/openriak-docker-3.4.1-rhel-8-otp26-yearhh1o/openriak-kv-3.4.1-rhel-8-otp26-node-cluster-control:/var/lib/openriak-cluster-control:rw"
            ],
            "ContainerIDFile": "",
            "LogConfig": {
                "Type": "json-file",
                "Config": {
                    "max-file": "3",
                    "max-size": "10m"
                }
            },
            "NetworkMode": "openriak-kv-341-rhel-8-otp26-node-cluster_openriak",
            "PortBindings": {},
            "RestartPolicy": {
                "Name": "no",
                "MaximumRetryCount": 0
            },
            "AutoRemove": false,
            "VolumeDriver": "",
            "VolumesFrom": null,
            "ConsoleSize": [
                0,
                0
            ],
            "CapAdd": null,
            "CapDrop": null,
            "CgroupnsMode": "private",
            "Dns": null,
            "DnsOptions": null,
            "DnsSearch": null,
            "ExtraHosts": [],
            "GroupAdd": null,
            "IpcMode": "private",
            "Cgroup": "",
            "Links": null,
            "OomScoreAdj": 0,
            "PidMode": "",
            "Privileged": false,
            "PublishAllPorts": false,
            "ReadonlyRootfs": false,
            "SecurityOpt": null,
            "UTSMode": "",
            "UsernsMode": "",
            "ShmSize": 67108864,
            "Runtime": "runc",
            "Isolation": "",
            "CpuShares": 0,
            "Memory": 0,
            "NanoCpus": 0,
            "CgroupParent": "",
            "BlkioWeight": 0,
            "BlkioWeightDevice": null,
            "BlkioDeviceReadBps": null,
            "BlkioDeviceWriteBps": null,
            "BlkioDeviceReadIOps": null,
            "BlkioDeviceWriteIOps": null,
            "CpuPeriod": 0,
            "CpuQuota": 0,
            "CpuRealtimePeriod": 0,
            "CpuRealtimeRuntime": 0,
            "CpusetCpus": "",
            "CpusetMems": "",
            "Devices": null,
            "DeviceCgroupRules": null,
            "DeviceRequests": null,
            "MemoryReservation": 0,
            "MemorySwap": 0,
            "MemorySwappiness": null,
            "OomKillDisable": null,
            "PidsLimit": null,
            "Ulimits": [
                {
                    "Name": "nofile",
                    "Hard": 100000,
                    "Soft": 100000
                }
            ],
            "CpuCount": 0,
            "CpuPercent": 0,
            "IOMaximumIOps": 0,
            "IOMaximumBandwidth": 0,
            "MaskedPaths": [
                "/proc/asound",
                "/proc/acpi",
                "/proc/kcore",
                "/proc/keys",
                "/proc/latency_stats",
                "/proc/timer_list",
                "/proc/timer_stats",
                "/proc/sched_debug",
                "/proc/scsi",
                "/sys/firmware",
                "/sys/devices/virtual/powercap"
            ],
            "ReadonlyPaths": [
                "/proc/bus",
                "/proc/fs",
                "/proc/irq",
                "/proc/sys",
                "/proc/sysrq-trigger"
            ]
        },
        "GraphDriver": {
            "Data": {
                "LowerDir": "/var/lib/docker/overlay2/3c6d4944ca92618d5ecd12f68bf552a9837eb3b0d86770a2930d899a7fdcc9a8-init/diff:/var/lib/docker/overlay2/0240083e78744462cc8bd9a2ee875469eed5ffd18530fff800b7def450408638/diff:/var/lib/docker/overlay2/6108896dd65ed3c6991850e39c2ab5e4db0d0a0131b2c9e62478e4330ab3a672/diff:/var/lib/docker/overlay2/1fdff3f3a651e48c19405b4c01c661eb56e57cee0e7a8b76db61ceab32664b28/diff:/var/lib/docker/overlay2/e9b63666e39bf7f77c5988fa607448013217d35937cd0e4957d204ec71f5c880/diff:/var/lib/docker/overlay2/370522545ccef78a19c0f520085136633179d2dd9fbe73f0d6545d1b42fe9966/diff",
                "MergedDir": "/var/lib/docker/overlay2/3c6d4944ca92618d5ecd12f68bf552a9837eb3b0d86770a2930d899a7fdcc9a8/merged",
                "UpperDir": "/var/lib/docker/overlay2/3c6d4944ca92618d5ecd12f68bf552a9837eb3b0d86770a2930d899a7fdcc9a8/diff",
                "WorkDir": "/var/lib/docker/overlay2/3c6d4944ca92618d5ecd12f68bf552a9837eb3b0d86770a2930d899a7fdcc9a8/work"
            },
            "Name": "overlay2"
        },
        "Mounts": [
            {
                "Type": "bind",
                "Source": "/tmp/openriak-docker-3.4.1-rhel-8-otp26-yearhh1o/openriak-kv-3.4.1-rhel-8-otp26-node-1/config",
                "Destination": "/etc/riak",
                "Mode": "rw",
                "RW": true,
                "Propagation": "rprivate"
            },
            {
                "Type": "bind",
                "Source": "/tmp/openriak-docker-3.4.1-rhel-8-otp26-yearhh1o/openriak-kv-3.4.1-rhel-8-otp26-node-1/data",
                "Destination": "/var/lib/riak",
                "Mode": "rw",
                "RW": true,
                "Propagation": "rprivate"
            },
            {
                "Type": "bind",
                "Source": "/tmp/openriak-docker-3.4.1-rhel-8-otp26-yearhh1o/openriak-kv-3.4.1-rhel-8-otp26-node-1/logs",
                "Destination": "/var/log/riak",
                "Mode": "rw",
                "RW": true,
                "Propagation": "rprivate"
            },
            {
                "Type": "bind",
                "Source": "/tmp/openriak-docker-3.4.1-rhel-8-otp26-yearhh1o/openriak-kv-3.4.1-rhel-8-otp26-node-cluster-control",
                "Destination": "/var/lib/openriak-cluster-control",
                "Mode": "rw",
                "RW": true,
                "Propagation": "rprivate"
            }
        ],
        "Config": {
            "Hostname": "node-01.cluster-a.openriak",
            "Domainname": "",
            "User": "",
            "AttachStdin": false,
            "AttachStdout": true,
            "AttachStderr": true,
            "ExposedPorts": {
                "8087/tcp": {},
                "8098/tcp": {}
            },
            "Tty": false,
            "OpenStdin": false,
            "StdinOnce": false,
            "Env": [
                "RIAK_MONITOR_INTERVAL_SECONDS=1",
                "OPENRIAK_CLUSTER_WAIT_SECONDS=3600",
                "RIAK_NODE_HOST=node-01.cluster-a.openriak",
                "RIAK_GID=19002",
                "role=coordinator",
                "RIAK_LOG_MAX_FILES=4",
                "OPENRIAK_CLUSTER_MODE=cluster",
                "RIAK_LOG_MAX_FILE_SIZE=2MB",
                "TZ=Asia/Tokyo",
                "OPENRIAK_CLUSTER_POLL_SECONDS=1",
                "RIAK_UID=19001",
                "RIAK_DISTRIBUTED_COOKIE=openriak-ca6019e3eacd07c2601d97012b64e3a9",
                "PATH=/usr/local/sbin:/usr/local/bin:/usr/sbin:/usr/bin:/sbin:/bin",
                "RIAK_NODE_NAME=",
                "RIAK_RING_SIZE=8",
                "RIAK_STORAGE_BACKEND=leveled",
                "RIAK_ANTI_ENTROPY=passive",
                "RIAK_TICTACAAE_ACTIVE=active",
                "RIAK_TICTACAAE_STOREHEADS=enabled",
                "RIAK_HTTP_LISTENER=0.0.0.0:8098",
                "RIAK_PB_LISTENER=0.0.0.0:8087",
                "RIAK_NOFILE_LIMIT=100000",
                "RIAK_INIT_ONLY=0",
                "RIAK_STARTUP_POLL_SECONDS=1",
                "RIAK_SHUTDOWN_POLL_SECONDS=1",
                "OPENRIAK_CLUSTER_CONTROL_DIR=/var/lib/openriak-cluster-control"
            ],
            "Cmd": null,
            "Healthcheck": {
                "Test": [
                    "CMD",
                    "/usr/local/bin/openriak-healthcheck"
                ],
                "Interval": 10000000000,
                "Timeout": 60000000000,
                "StartPeriod": 120000000000,
                "Retries": 3
            },
            "Image": "tiotjp/openriak-kv:test-3.4.1-rhel-8-otp26-linux-amd64-20260911t093411.722243z",
            "Volumes": {
                "/etc/riak": {},
                "/var/lib/riak": {},
                "/var/log/riak": {}
            },
            "WorkingDir": "/",
            "Entrypoint": [
                "/usr/local/bin/openriak-entrypoint"
            ],
            "OnBuild": null,
            "Labels": {
                "com.docker.compose.config-hash": "53f820cb672aa3fd197026c42f7b0448c1c4d989b327ce669a848bd974bfcf53",
                "com.docker.compose.container-number": "1",
                "com.docker.compose.depends_on": "",
                "com.docker.compose.image": "sha256:97bea58a8c742bb7187f9ee4c43780cbf51f315a41899eda30482403cf79cc22",
                "com.docker.compose.oneoff": "False",
                "com.docker.compose.project": "openriak-kv-341-rhel-8-otp26-node-cluster",
                "com.docker.compose.project.config_files": "/tmp/openriak-docker-3.4.1-rhel-8-otp26-yearhh1o/compose.cluster.test.yaml",
                "com.docker.compose.project.environment_file": "/tmp/openriak-docker-3.4.1-rhel-8-otp26-yearhh1o/.env.cluster",
                "com.docker.compose.project.working_dir": "/tmp/openriak-docker-3.4.1-rhel-8-otp26-yearhh1o",
                "com.docker.compose.service": "node1",
                "com.docker.compose.version": "2.29.1",
                "org.opencontainers.image.description": "Package-backed OpenRiak KV with single-node and cluster startup support",
                "org.opencontainers.image.source": "https://github.com/TI-Tokyo/openriak-docs",
                "org.opencontainers.image.title": "OpenRiak KV",
                "org.opencontainers.image.url": "https://www.tiot.jp/",
                "org.opencontainers.image.vendor": "TI Tokyo",
                "org.opencontainers.image.version": "3.4.1",
                "org.openriak.image.tag": "tiotjp/openriak-kv:3.4.1-rhel-8-otp26",
                "org.openriak.os.name": "rhel",
                "org.openriak.os.release": "8",
                "org.openriak.os.version": "8",
                "org.openriak.otp.version": "26"
            },
            "StopSignal": "SIGTERM",
            "StopTimeout": 120
        },
        "NetworkSettings": {
            "Bridge": "",
            "SandboxID": "1381d9028d15d563fe7cdf16f7bf5314c3a275dd870fd4e0c04b8559b3ec31f5",
            "SandboxKey": "/var/run/docker/netns/1381d9028d15",
            "Ports": {
                "8087/tcp": null,
                "8098/tcp": null
            },
            "HairpinMode": false,
            "LinkLocalIPv6Address": "",
            "LinkLocalIPv6PrefixLen": 0,
            "SecondaryIPAddresses": null,
            "SecondaryIPv6Addresses": null,
            "EndpointID": "",
            "Gateway": "",
            "GlobalIPv6Address": "",
            "GlobalIPv6PrefixLen": 0,
            "IPAddress": "",
            "IPPrefixLen": 0,
            "IPv6Gateway": "",
            "MacAddress": "",
            "Networks": {
                "openriak-kv-341-rhel-8-otp26-node-cluster_openriak": {
                    "IPAMConfig": {},
                    "Links": null,
                    "Aliases": [
                        "openriak-kv-3.4.1-rhel-8-otp26-node-1-t-722243z",
                        "node1",
                        "node-01.cluster-a.openriak"
                    ],
                    "MacAddress": "02:42:ac:16:00:03",
                    "DriverOpts": null,
                    "NetworkID": "dbe47659afc548ec2cee77eb4a9a4aad58685327704517b1eed899b135ba39ab",
                    "EndpointID": "d9822654c29f6c0901442b275e3136f77b0ec0f4d97f3abf91f93c4f80e191b6",
                    "Gateway": "172.22.0.1",
                    "IPAddress": "172.22.0.3",
                    "IPPrefixLen": 16,
                    "IPv6Gateway": "",
                    "GlobalIPv6Address": "",
                    "GlobalIPv6PrefixLen": 0,
                    "DNSNames": [
                        "openriak-kv-3.4.1-rhel-8-otp26-node-1-t-722243z",
                        "node1",
                        "node-01.cluster-a.openriak",
                        "b9ade10b9f5e"
                    ]
                }
            }
        }
    }
]

timeout_seconds: 3600
exit_code: 0
$ /usr/bin/docker exec openriak-kv-3.4.1-rhel-8-otp26-node-1-t-722243z sh -ec 'test ! -e /usr/bin/sudo
test ! -e /usr/bin/sudoreplay
! grep -Eq '"'"'^[[:space:]]*sudo '"'"' /usr/sbin/riak
test ! -e /usr/bin/vi
test ! -e /usr/bin/vim
test ! -d /usr/share/vim
for name in python python3 perl pip pip3 dnf yum microdnf rpm
do
    if command -v "$name" >/dev/null 2>&1
    then
        echo "Unexpected runtime command: $name" >&2
        exit 1
    fi
done
if find /usr /opt -type f \( -iname '"'"'*python*'"'"' -o -iname '"'"'*setuptools*'"'"' -o -name perl \) | grep .
then
    echo '"'"'Unexpected interpreter files'"'"' >&2
    exit 1
fi
test -s /usr/share/openriak-build/runtime-packages.txt
test -s /etc/os-release
'
started: 2026-09-11T09:38:59Z

timeout_seconds: 3600
exit_code: 0
