$ /usr/bin/docker container inspect openriak-kv-3.4.1-rhel-8-otp26-node-1-t-722243z
started: 2026-09-11T09:35:42Z
[]
Error response from daemon: No such container: openriak-kv-3.4.1-rhel-8-otp26-node-1-t-722243z

timeout_seconds: 3600
exit_code: 1
$ /usr/bin/docker container inspect openriak-kv-3.4.1-rhel-8-otp26-node-2-t-722243z
started: 2026-09-11T09:35:42Z
[]
Error response from daemon: No such container: openriak-kv-3.4.1-rhel-8-otp26-node-2-t-722243z

timeout_seconds: 3600
exit_code: 1
$ /usr/bin/docker container inspect openriak-kv-3.4.1-rhel-8-otp26-node-3-t-722243z
started: 2026-09-11T09:35:42Z
[]
Error response from daemon: No such container: openriak-kv-3.4.1-rhel-8-otp26-node-3-t-722243z

timeout_seconds: 3600
exit_code: 1
$ /usr/bin/docker container inspect openriak-kv-3.4.1-rhel-8-otp26-node-4-t-722243z
started: 2026-09-11T09:35:42Z
[]
Error response from daemon: No such container: openriak-kv-3.4.1-rhel-8-otp26-node-4-t-722243z

timeout_seconds: 3600
exit_code: 1
$ /usr/bin/docker container inspect openriak-kv-3.4.1-rhel-8-otp26-node-5-t-722243z
started: 2026-09-11T09:35:42Z
[]
Error response from daemon: No such container: openriak-kv-3.4.1-rhel-8-otp26-node-5-t-722243z

timeout_seconds: 3600
exit_code: 1
