$ /usr/bin/docker exec openriak-kv-3.4.1-ubuntu-noble-otp26-node-5-t-361081z sh -c 'date +%z
id -u riak
id -g riak
stat -c '"'"'%u:%g'"'"' /etc/riak /var/lib/riak /var/log/riak'
started: 2026-09-11T14:17:31Z
+0900
19001
19002
19001:19002
19001:19002
19001:19002

timeout_seconds: 3600
exit_code: 0
$ /usr/bin/docker container inspect openriak-kv-3.4.1-ubuntu-noble-otp26-node-5-t-361081z
started: 2026-09-11T14:17:32Z
[
    {
        "Id": "a75513d68586f231c456e29d11dc5a793dda6ab6e71bc95158c96b2fc6eea817",
        "Created": "2026-09-11T13:19:44.362345354Z",
        "Path": "/usr/local/bin/openriak-entrypoint",
        "Args": [],
        "State": {
            "Status": "running",
            "Running": true,
            "Paused": false,
            "Restarting": false,
            "OOMKilled": false,
            "Dead": false,
            "Pid": 790344,
            "ExitCode": 0,
            "Error": "",
            "StartedAt": "2026-09-11T13:19:44.499309465Z",
            "FinishedAt": "0001-01-01T00:00:00Z",
            "Health": {
                "Status": "healthy",
                "FailingStreak": 0,
                "Log": [
                    {
                        "Start": "2026-09-11T14:14:29.784294174Z",
                        "End": "2026-09-11T14:14:54.35637797Z",
                        "ExitCode": 0,
                        "Output": "OpenRiak healthcheck passed: BEAM is running and riak ping returned pong\n"
                    },
                    {
                        "Start": "2026-09-11T14:15:04.357570929Z",
                        "End": "2026-09-11T14:15:28.62190645Z",
                        "ExitCode": 0,
                        "Output": "OpenRiak healthcheck passed: BEAM is running and riak ping returned pong\n"
                    },
                    {
                        "Start": "2026-09-11T14:15:38.62330626Z",
                        "End": "2026-09-11T14:16:03.240857982Z",
                        "ExitCode": 0,
                        "Output": "OpenRiak healthcheck passed: BEAM is running and riak ping returned pong\n"
                    },
                    {
                        "Start": "2026-09-11T14:16:13.242271775Z",
                        "End": "2026-09-11T14:16:36.441138528Z",
                        "ExitCode": 0,
                        "Output": "OpenRiak healthcheck passed: BEAM is running and riak ping returned pong\n"
                    },
                    {
                        "Start": "2026-09-11T14:16:46.442512003Z",
                        "End": "2026-09-11T14:17:17.109694498Z",
                        "ExitCode": 0,
                        "Output": "OpenRiak healthcheck passed: BEAM is running and riak ping returned pong\n"
                    }
                ]
            }
        },
        "Image": "sha256:cbf0be934f7c076542509298513f384e2dd7905144d8c281dbdd8ff1e5cdb59a",
        "ResolvConfPath": "/var/lib/docker/containers/a75513d68586f231c456e29d11dc5a793dda6ab6e71bc95158c96b2fc6eea817/resolv.conf",
        "HostnamePath": "/var/lib/docker/containers/a75513d68586f231c456e29d11dc5a793dda6ab6e71bc95158c96b2fc6eea817/hostname",
        "HostsPath": "/var/lib/docker/containers/a75513d68586f231c456e29d11dc5a793dda6ab6e71bc95158c96b2fc6eea817/hosts",
        "LogPath": "/var/lib/docker/containers/a75513d68586f231c456e29d11dc5a793dda6ab6e71bc95158c96b2fc6eea817/a75513d68586f231c456e29d11dc5a793dda6ab6e71bc95158c96b2fc6eea817-json.log",
        "Name": "/openriak-kv-3.4.1-ubuntu-noble-otp26-node-5-t-361081z",
        "RestartCount": 0,
        "Driver": "overlay2",
        "Platform": "linux",
        "MountLabel": "",
        "ProcessLabel": "",
        "AppArmorProfile": "docker-default",
        "ExecIDs": [
            "8df4801b89e767cbdf41c087fd76e70c7e9e1118ed5fa048109ed5c006bfacd1"
        ],
        "HostConfig": {
            "Binds": [
                "/tmp/openriak-docker-3.4.1-ubuntu-noble-otp26-ckeov97j/openriak-kv-3.4.1-ubuntu-noble-otp26-node-5/config:/etc/riak:rw",
                "/tmp/openriak-docker-3.4.1-ubuntu-noble-otp26-ckeov97j/openriak-kv-3.4.1-ubuntu-noble-otp26-node-5/data:/var/lib/riak:rw",
                "/tmp/openriak-docker-3.4.1-ubuntu-noble-otp26-ckeov97j/openriak-kv-3.4.1-ubuntu-noble-otp26-node-5/logs:/var/log/riak:rw",
                "/tmp/openriak-docker-3.4.1-ubuntu-noble-otp26-ckeov97j/openriak-kv-3.4.1-ubuntu-noble-otp26-node-cluster-control:/var/lib/openriak-cluster-control:rw"
            ],
            "ContainerIDFile": "",
            "LogConfig": {
                "Type": "json-file",
                "Config": {
                    "max-file": "3",
                    "max-size": "10m"
                }
            },
            "NetworkMode": "openriak-kv-341-ubuntu-noble-otp26-node-cluster_openriak",
            "PortBindings": {},
            "RestartPolicy": {
                "Name": "no",
                "MaximumRetryCount": 0
            },
            "AutoRemove": false,
            "VolumeDriver": "",
            "VolumesFrom": null,
            "ConsoleSize": [
                0,
                0
            ],
            "CapAdd": null,
            "CapDrop": null,
            "CgroupnsMode": "private",
            "Dns": null,
            "DnsOptions": null,
            "DnsSearch": null,
            "ExtraHosts": [],
            "GroupAdd": null,
            "IpcMode": "private",
            "Cgroup": "",
            "Links": null,
            "OomScoreAdj": 0,
            "PidMode": "",
            "Privileged": false,
            "PublishAllPorts": false,
            "ReadonlyRootfs": false,
            "SecurityOpt": null,
            "UTSMode": "",
            "UsernsMode": "",
            "ShmSize": 67108864,
            "Runtime": "runc",
            "Isolation": "",
            "CpuShares": 0,
            "Memory": 0,
            "NanoCpus": 0,
            "CgroupParent": "",
            "BlkioWeight": 0,
            "BlkioWeightDevice": null,
            "BlkioDeviceReadBps": null,
            "BlkioDeviceWriteBps": null,
            "BlkioDeviceReadIOps": null,
            "BlkioDeviceWriteIOps": null,
            "CpuPeriod": 0,
            "CpuQuota": 0,
            "CpuRealtimePeriod": 0,
            "CpuRealtimeRuntime": 0,
            "CpusetCpus": "",
            "CpusetMems": "",
            "Devices": null,
            "DeviceCgroupRules": null,
            "DeviceRequests": null,
            "MemoryReservation": 0,
            "MemorySwap": 0,
            "MemorySwappiness": null,
            "OomKillDisable": null,
            "PidsLimit": null,
            "Ulimits": [
                {
                    "Name": "nofile",
                    "Hard": 100000,
                    "Soft": 100000
                }
            ],
            "CpuCount": 0,
            "CpuPercent": 0,
            "IOMaximumIOps": 0,
            "IOMaximumBandwidth": 0,
            "MaskedPaths": [
                "/proc/asound",
                "/proc/acpi",
                "/proc/kcore",
                "/proc/keys",
                "/proc/latency_stats",
                "/proc/timer_list",
                "/proc/timer_stats",
                "/proc/sched_debug",
                "/proc/scsi",
                "/sys/firmware",
                "/sys/devices/virtual/powercap"
            ],
            "ReadonlyPaths": [
                "/proc/bus",
                "/proc/fs",
                "/proc/irq",
                "/proc/sys",
                "/proc/sysrq-trigger"
            ]
        },
        "GraphDriver": {
            "Data": {
                "LowerDir": "/var/lib/docker/overlay2/1183dfbbf58a9825e554fb58bad752920c6d5dc3da73e9e7717ceba2e2ccc0b2-init/diff:/var/lib/docker/overlay2/7aad4b788c2ce2303adf93c09ca50255717267b6ea58dba03afca4e471130b06/diff:/var/lib/docker/overlay2/e93ca241193916debbdc1e26beca4e988cd76d61a9e520bc6b2119789d517f61/diff:/var/lib/docker/overlay2/56f3812d2168112874af55f82b04f79c6c93c0197a1216a323bfe1dbdb706f11/diff:/var/lib/docker/overlay2/ae5733503e8cb77bf6a79f09b391ab79028814184db4054d32be5077891607d5/diff:/var/lib/docker/overlay2/20627ac48a471406c6b200a9c1ed1503544e8bf821625c07cdb744d5ca1a1649/diff",
                "MergedDir": "/var/lib/docker/overlay2/1183dfbbf58a9825e554fb58bad752920c6d5dc3da73e9e7717ceba2e2ccc0b2/merged",
                "UpperDir": "/var/lib/docker/overlay2/1183dfbbf58a9825e554fb58bad752920c6d5dc3da73e9e7717ceba2e2ccc0b2/diff",
                "WorkDir": "/var/lib/docker/overlay2/1183dfbbf58a9825e554fb58bad752920c6d5dc3da73e9e7717ceba2e2ccc0b2/work"
            },
            "Name": "overlay2"
        },
        "Mounts": [
            {
                "Type": "bind",
                "Source": "/tmp/openriak-docker-3.4.1-ubuntu-noble-otp26-ckeov97j/openriak-kv-3.4.1-ubuntu-noble-otp26-node-5/config",
                "Destination": "/etc/riak",
                "Mode": "rw",
                "RW": true,
                "Propagation": "rprivate"
            },
            {
                "Type": "bind",
                "Source": "/tmp/openriak-docker-3.4.1-ubuntu-noble-otp26-ckeov97j/openriak-kv-3.4.1-ubuntu-noble-otp26-node-5/data",
                "Destination": "/var/lib/riak",
                "Mode": "rw",
                "RW": true,
                "Propagation": "rprivate"
            },
            {
                "Type": "bind",
                "Source": "/tmp/openriak-docker-3.4.1-ubuntu-noble-otp26-ckeov97j/openriak-kv-3.4.1-ubuntu-noble-otp26-node-5/logs",
                "Destination": "/var/log/riak",
                "Mode": "rw",
                "RW": true,
                "Propagation": "rprivate"
            },
            {
                "Type": "bind",
                "Source": "/tmp/openriak-docker-3.4.1-ubuntu-noble-otp26-ckeov97j/openriak-kv-3.4.1-ubuntu-noble-otp26-node-cluster-control",
                "Destination": "/var/lib/openriak-cluster-control",
                "Mode": "rw",
                "RW": true,
                "Propagation": "rprivate"
            }
        ],
        "Config": {
            "Hostname": "node-05.cluster-a.openriak",
            "Domainname": "",
            "User": "",
            "AttachStdin": false,
            "AttachStdout": true,
            "AttachStderr": true,
            "ExposedPorts": {
                "8087/tcp": {},
                "8098/tcp": {}
            },
            "Tty": false,
            "OpenStdin": false,
            "StdinOnce": false,
            "Env": [
                "TZ=Asia/Tokyo",
                "RIAK_LOG_MAX_FILE_SIZE=2MB",
                "OPENRIAK_CLUSTER_POLL_SECONDS=1",
                "RIAK_LOG_MAX_FILES=4",
                "OPENRIAK_CLUSTER_MODE=cluster",
                "RIAK_GID=19002",
                "RIAK_DISTRIBUTED_COOKIE=openriak-302b97232e1c4a2af14b3bab9e5bac6e",
                "RIAK_UID=19001",
                "RIAK_NODE_HOST=node-05.cluster-a.openriak",
                "OPENRIAK_CLUSTER_WAIT_SECONDS=3600",
                "RIAK_MONITOR_INTERVAL_SECONDS=1",
                "PATH=/usr/local/sbin:/usr/local/bin:/usr/sbin:/usr/bin:/sbin:/bin",
                "RIAK_NODE_NAME=",
                "RIAK_RING_SIZE=8",
                "RIAK_STORAGE_BACKEND=leveled",
                "RIAK_ANTI_ENTROPY=passive",
                "RIAK_TICTACAAE_ACTIVE=active",
                "RIAK_TICTACAAE_STOREHEADS=enabled",
                "RIAK_HTTP_LISTENER=0.0.0.0:8098",
                "RIAK_PB_LISTENER=0.0.0.0:8087",
                "RIAK_NOFILE_LIMIT=100000",
                "RIAK_INIT_ONLY=0",
                "RIAK_STARTUP_POLL_SECONDS=1",
                "RIAK_SHUTDOWN_POLL_SECONDS=1",
                "OPENRIAK_CLUSTER_CONTROL_DIR=/var/lib/openriak-cluster-control",
                "role="
            ],
            "Cmd": null,
            "Healthcheck": {
                "Test": [
                    "CMD",
                    "/usr/local/bin/openriak-healthcheck"
                ],
                "Interval": 10000000000,
                "Timeout": 60000000000,
                "StartPeriod": 120000000000,
                "Retries": 3
            },
            "Image": "tiotjp/openriak-kv:test-3.4.1-ubuntu-noble-otp26-linux-arm64-20260911t131340.361081z",
            "Volumes": {
                "/etc/riak": {},
                "/var/lib/riak": {},
                "/var/log/riak": {}
            },
            "WorkingDir": "/",
            "Entrypoint": [
                "/usr/local/bin/openriak-entrypoint"
            ],
            "OnBuild": null,
            "Labels": {
                "com.docker.compose.config-hash": "68c0b13b28e43463455db61ff2fb023b7c4072f4558f0c85fd6dbdf4a14a9ef4",
                "com.docker.compose.container-number": "1",
                "com.docker.compose.depends_on": "",
                "com.docker.compose.image": "sha256:cbf0be934f7c076542509298513f384e2dd7905144d8c281dbdd8ff1e5cdb59a",
                "com.docker.compose.oneoff": "False",
                "com.docker.compose.project": "openriak-kv-341-ubuntu-noble-otp26-node-cluster",
                "com.docker.compose.project.config_files": "/tmp/openriak-docker-3.4.1-ubuntu-noble-otp26-ckeov97j/compose.cluster.test.yaml",
                "com.docker.compose.project.environment_file": "/tmp/openriak-docker-3.4.1-ubuntu-noble-otp26-ckeov97j/.env.cluster",
                "com.docker.compose.project.working_dir": "/tmp/openriak-docker-3.4.1-ubuntu-noble-otp26-ckeov97j",
                "com.docker.compose.service": "node5",
                "com.docker.compose.version": "2.29.1",
                "org.opencontainers.image.description": "Package-backed OpenRiak KV with single-node and cluster startup support",
                "org.opencontainers.image.source": "https://github.com/TI-Tokyo/openriak-docs",
                "org.opencontainers.image.title": "OpenRiak KV",
                "org.opencontainers.image.url": "https://www.tiot.jp/",
                "org.opencontainers.image.vendor": "TI Tokyo",
                "org.opencontainers.image.version": "3.4.1",
                "org.openriak.image.tag": "tiotjp/openriak-kv:3.4.1-ubuntu-noble-otp26",
                "org.openriak.os.name": "ubuntu",
                "org.openriak.os.release": "noble",
                "org.openriak.os.version": "24.04",
                "org.openriak.otp.version": "26"
            },
            "StopSignal": "SIGTERM",
            "StopTimeout": 120
        },
        "NetworkSettings": {
            "Bridge": "",
            "SandboxID": "73993844d2f952484b8d118bee5fe28277e3cb04e920c23ebbe9adf37a787246",
            "SandboxKey": "/var/run/docker/netns/73993844d2f9",
            "Ports": {
                "8087/tcp": null,
                "8098/tcp": null
            },
            "HairpinMode": false,
            "LinkLocalIPv6Address": "",
            "LinkLocalIPv6PrefixLen": 0,
            "SecondaryIPAddresses": null,
            "SecondaryIPv6Addresses": null,
            "EndpointID": "",
            "Gateway": "",
            "GlobalIPv6Address": "",
            "GlobalIPv6PrefixLen": 0,
            "IPAddress": "",
            "IPPrefixLen": 0,
            "IPv6Gateway": "",
            "MacAddress": "",
            "Networks": {
                "openriak-kv-341-ubuntu-noble-otp26-node-cluster_openriak": {
                    "IPAMConfig": {},
                    "Links": null,
                    "Aliases": [
                        "openriak-kv-3.4.1-ubuntu-noble-otp26-node-5-t-361081z",
                        "node5",
                        "node-05.cluster-a.openriak"
                    ],
                    "MacAddress": "02:42:ac:12:00:06",
                    "DriverOpts": null,
                    "NetworkID": "d9b2c91e869a5da51b8c49b9fa6bd15786314b3e206fc42237d46c92161186be",
                    "EndpointID": "8778be83e9c5d789dcca5097651a1c1a1f55be813d69189ccebf70b7eb8415aa",
                    "Gateway": "172.18.0.1",
                    "IPAddress": "172.18.0.6",
                    "IPPrefixLen": 16,
                    "IPv6Gateway": "",
                    "GlobalIPv6Address": "",
                    "GlobalIPv6PrefixLen": 0,
                    "DNSNames": [
                        "openriak-kv-3.4.1-ubuntu-noble-otp26-node-5-t-361081z",
                        "node5",
                        "node-05.cluster-a.openriak",
                        "a75513d68586"
                    ]
                }
            }
        }
    }
]

timeout_seconds: 3600
exit_code: 0
$ /usr/bin/docker exec openriak-kv-3.4.1-ubuntu-noble-otp26-node-5-t-361081z sh -ec 'test ! -e /usr/bin/perl
test ! -e /usr/bin/python3
test -s /var/lib/dpkg/status
dpkg --compare-versions "$(dpkg-query -W -f='"'"'${Version}'"'"' libc6)" ge '"'"'2.39-0ubuntu8.9'"'"'
test ! -e /bin/tar
test ! -e /usr/bin/tar
'
started: 2026-09-11T14:17:32Z

timeout_seconds: 3600
exit_code: 0
