$ /usr/bin/docker compose --env-file /tmp/openriak-docker-3.4.1-ubuntu-noble-otp26-ckeov97j/.env.cluster --project-directory /tmp/openriak-docker-3.4.1-ubuntu-noble-otp26-ckeov97j --file /tmp/openriak-docker-3.4.1-ubuntu-noble-otp26-ckeov97j/compose.cluster.test.yaml up --detach --no-build
started: 2026-09-11T13:19:44Z
 Network openriak-kv-341-ubuntu-noble-otp26-node-cluster_openriak  Creating
 Network openriak-kv-341-ubuntu-noble-otp26-node-cluster_openriak  Created
 Container openriak-kv-3.4.1-ubuntu-noble-otp26-node-3-t-361081z  Creating
 Container openriak-kv-3.4.1-ubuntu-noble-otp26-node-4-t-361081z  Creating
 Container openriak-kv-3.4.1-ubuntu-noble-otp26-node-1-t-361081z  Creating
 Container openriak-kv-3.4.1-ubuntu-noble-otp26-node-5-t-361081z  Creating
 Container openriak-kv-3.4.1-ubuntu-noble-otp26-node-2-t-361081z  Creating
 Container openriak-kv-3.4.1-ubuntu-noble-otp26-node-1-t-361081z  Created
 Container openriak-kv-3.4.1-ubuntu-noble-otp26-node-3-t-361081z  Created
 Container openriak-kv-3.4.1-ubuntu-noble-otp26-node-5-t-361081z  Created
 Container openriak-kv-3.4.1-ubuntu-noble-otp26-node-4-t-361081z  Created
 Container openriak-kv-3.4.1-ubuntu-noble-otp26-node-2-t-361081z  Created
 Container openriak-kv-3.4.1-ubuntu-noble-otp26-node-5-t-361081z  Starting
 Container openriak-kv-3.4.1-ubuntu-noble-otp26-node-1-t-361081z  Starting
 Container openriak-kv-3.4.1-ubuntu-noble-otp26-node-3-t-361081z  Starting
 Container openriak-kv-3.4.1-ubuntu-noble-otp26-node-4-t-361081z  Starting
 Container openriak-kv-3.4.1-ubuntu-noble-otp26-node-2-t-361081z  Starting
 Container openriak-kv-3.4.1-ubuntu-noble-otp26-node-1-t-361081z  Started
 Container openriak-kv-3.4.1-ubuntu-noble-otp26-node-3-t-361081z  Started
 Container openriak-kv-3.4.1-ubuntu-noble-otp26-node-2-t-361081z  Started
 Container openriak-kv-3.4.1-ubuntu-noble-otp26-node-4-t-361081z  Started
 Container openriak-kv-3.4.1-ubuntu-noble-otp26-node-5-t-361081z  Started

timeout_seconds: 3600
exit_code: 0
