$ /usr/bin/docker logs openriak-kv-3.4.1-ubuntu-noble-otp26-node-1-t-361081z
started: 2026-09-11T14:14:25Z
2026-09-11T22:19:44+09:00 [openriak-entrypoint] configuration: timezone = Asia/Tokyo
usermod: no changes
2026-09-11T22:19:46+09:00 [openriak-entrypoint] configuration: riak UID/GID = 19001/19002
2026-09-11T22:19:46+09:00 [openriak-entrypoint] configuration: preparing mounted directories
2026-09-11T22:19:46+09:00 [openriak-entrypoint] configuration: seeding /etc/riak from packaged defaults
2026-09-11T22:19:47+09:00 [openriak-entrypoint] configuration: current Docker IPv4 address = 172.18.0.2
2026-09-11T22:19:48+09:00 [openriak-entrypoint] configuration: nodename = openriak-kv@node-01.cluster-a.openriak
2026-09-11T22:19:48+09:00 [openriak-entrypoint] configuration: distributed_cookie = openriak-282334c3a281c86aa2bd34da8284a52e
2026-09-11T22:19:48+09:00 [openriak-entrypoint] configuration: effective distributed cookie = openriak-282334c3a281c86aa2bd34da8284a52e
2026-09-11T22:19:48+09:00 [openriak-entrypoint] configuration: ring_size = 8
2026-09-11T22:19:48+09:00 [openriak-entrypoint] configuration: storage_backend = leveled
2026-09-11T22:19:49+09:00 [openriak-entrypoint] configuration: anti_entropy = passive
2026-09-11T22:19:49+09:00 [openriak-entrypoint] configuration: tictacaae_active = active
2026-09-11T22:19:49+09:00 [openriak-entrypoint] configuration: tictacaae_storeheads = enabled
2026-09-11T22:19:50+09:00 [openriak-entrypoint] configuration: listener.http.internal = 0.0.0.0:8098
2026-09-11T22:19:50+09:00 [openriak-entrypoint] configuration: listener.protobuf.internal = 0.0.0.0:8087
2026-09-11T22:19:51+09:00 [openriak-entrypoint] configuration: logger.max_file_size = 2MB
2026-09-11T22:19:51+09:00 [openriak-entrypoint] configuration: logger.max_files = 4
2026-09-11T22:19:51+09:00 [openriak-entrypoint] startup: validating configuration and generating VM arguments
2026-09-11T22:20:28+09:00 [openriak-entrypoint] startup: configuration is valid (config is OK)
2026-09-11T22:20:28+09:00 [openriak-entrypoint] startup: starting OpenRiak as a daemon
!!!!
!!!! WARNING: ulimit -n is 1024; 65536 is the recommended minimum.
!!!!
2026-09-11T22:21:53+09:00 [openriak-entrypoint] startup: daemon command completed
2026-09-11T22:21:53+09:00 [openriak-entrypoint] startup: waiting for BEAM and riak ping
2026-09-11T22:22:01+09:00 [openriak-entrypoint] startup: BEAM is running and riak ping returned pong
2026-09-11T22:22:01+09:00 [openriak-entrypoint] startup: waiting for the riak_kv service
2026-09-11T22:22:19+09:00 [openriak-entrypoint] startup: riak_kv service is up ([riak_kv,riak_pipe,riak_repl])
2026-09-11T22:22:19+09:00 [openriak-entrypoint] startup: waiting for Riak transfers to complete
2026-09-11T22:22:33+09:00 [openriak-entrypoint] startup: transfers complete (No transfers active Active Transfers: ok)
2026-09-11T22:22:33+09:00 [openriak-entrypoint] cluster: Role: Coordinator
2026-09-11T22:22:33+09:00 [openriak-entrypoint] cluster: published coordinator openriak-kv@node-01.cluster-a.openriak at 172.18.0.2 in openriak-kv@node-01.cluster-a.openriak-3f4ca3f47cc36ecf-coordinator
2026-09-11T22:23:34+09:00 [openriak-entrypoint] monitor: Coordinator is healthy; sleeping for 1s
2026-09-11T22:23:58+09:00 [openriak-entrypoint] monitor: Coordinator is healthy; sleeping for 1s
2026-09-11T22:24:17+09:00 [openriak-entrypoint] monitor: Coordinator is healthy; sleeping for 1s
2026-09-11T22:24:40+09:00 [openriak-entrypoint] monitor: Coordinator is healthy; sleeping for 1s
2026-09-11T22:25:02+09:00 [openriak-entrypoint] monitor: Coordinator is healthy; sleeping for 1s
2026-09-11T22:25:21+09:00 [openriak-entrypoint] monitor: Coordinator is healthy; sleeping for 1s
2026-09-11T22:25:47+09:00 [openriak-entrypoint] monitor: Coordinator is healthy; sleeping for 1s
2026-09-11T22:26:06+09:00 [openriak-entrypoint] monitor: Coordinator is healthy; sleeping for 1s
2026-09-11T22:26:29+09:00 [openriak-entrypoint] monitor: Coordinator is healthy; sleeping for 1s
2026-09-11T22:26:53+09:00 [openriak-entrypoint] monitor: Coordinator is healthy; sleeping for 1s
2026-09-11T22:27:10+09:00 [openriak-entrypoint] monitor: Coordinator is healthy; sleeping for 1s
2026-09-11T22:27:37+09:00 [openriak-entrypoint] monitor: Coordinator is healthy; sleeping for 1s
2026-09-11T22:27:57+09:00 [openriak-entrypoint] monitor: Coordinator is healthy; sleeping for 1s
2026-09-11T22:28:18+09:00 [openriak-entrypoint] monitor: Coordinator is healthy; sleeping for 1s
2026-09-11T22:28:40+09:00 [openriak-entrypoint] monitor: Coordinator is healthy; sleeping for 1s
2026-09-11T22:28:59+09:00 [openriak-entrypoint] monitor: Coordinator is healthy; sleeping for 1s
2026-09-11T22:29:25+09:00 [openriak-entrypoint] monitor: Coordinator is healthy; sleeping for 1s
2026-09-11T22:29:42+09:00 [openriak-entrypoint] monitor: Coordinator is healthy; sleeping for 1s
2026-09-11T22:30:06+09:00 [openriak-entrypoint] monitor: Coordinator is healthy; sleeping for 1s
2026-09-11T22:30:27+09:00 [openriak-entrypoint] monitor: Coordinator is healthy; sleeping for 1s
2026-09-11T22:30:31+09:00 [openriak-entrypoint] cluster: approved follower openriak-kv@node-02.cluster-a.openriak at 172.18.0.3
2026-09-11T22:30:33+09:00 [openriak-entrypoint] cluster: approved follower openriak-kv@node-05.cluster-a.openriak at 172.18.0.6
2026-09-11T22:30:49+09:00 [openriak-entrypoint] monitor: Coordinator is healthy; sleeping for 1s
2026-09-11T22:31:15+09:00 [openriak-entrypoint] monitor: Coordinator is healthy; sleeping for 1s
2026-09-11T22:31:16+09:00 [openriak-entrypoint] cluster: waiting for 1 approved or ready node(s) before planning 1 joined node(s)
2026-09-11T22:31:35+09:00 [openriak-entrypoint] monitor: Coordinator is healthy; sleeping for 1s
2026-09-11T22:31:36+09:00 [openriak-entrypoint] cluster: planning a batch of 2 joined node(s)
2026-09-11T22:32:11+09:00 [openriak-entrypoint] cluster: plan: =============================== Staged Changes ================================
2026-09-11T22:32:12+09:00 [openriak-entrypoint] cluster: plan: Action         Details(s)
2026-09-11T22:32:12+09:00 [openriak-entrypoint] cluster: plan: -------------------------------------------------------------------------------
2026-09-11T22:32:12+09:00 [openriak-entrypoint] cluster: plan: join           'openriak-kv@node-02.cluster-a.openriak'
2026-09-11T22:32:12+09:00 [openriak-entrypoint] cluster: plan: join           'openriak-kv@node-05.cluster-a.openriak'
2026-09-11T22:32:12+09:00 [openriak-entrypoint] cluster: plan: -------------------------------------------------------------------------------
2026-09-11T22:32:12+09:00 [openriak-entrypoint] cluster: plan: 
2026-09-11T22:32:12+09:00 [openriak-entrypoint] cluster: plan: 
2026-09-11T22:32:12+09:00 [openriak-entrypoint] cluster: plan: NOTE: Applying these changes will result in 1 cluster transition
2026-09-11T22:32:13+09:00 [openriak-entrypoint] cluster: plan: 
2026-09-11T22:32:13+09:00 [openriak-entrypoint] cluster: plan: ###############################################################################
2026-09-11T22:32:13+09:00 [openriak-entrypoint] cluster: plan:                          After cluster transition 1/1
2026-09-11T22:32:13+09:00 [openriak-entrypoint] cluster: plan: ###############################################################################
2026-09-11T22:32:13+09:00 [openriak-entrypoint] cluster: plan: 
2026-09-11T22:32:13+09:00 [openriak-entrypoint] cluster: plan: ================================= Membership ==================================
2026-09-11T22:32:14+09:00 [openriak-entrypoint] cluster: plan: Status     Ring    Pending    Node
2026-09-11T22:32:14+09:00 [openriak-entrypoint] cluster: plan: -------------------------------------------------------------------------------
2026-09-11T22:32:14+09:00 [openriak-entrypoint] cluster: plan: valid     100.0%     50.0%    openriak-kv@node-01.cluster-a.openriak
2026-09-11T22:32:14+09:00 [openriak-entrypoint] cluster: plan: valid       0.0%     25.0%    openriak-kv@node-02.cluster-a.openriak
2026-09-11T22:32:14+09:00 [openriak-entrypoint] cluster: plan: valid       0.0%     25.0%    openriak-kv@node-05.cluster-a.openriak
2026-09-11T22:32:14+09:00 [openriak-entrypoint] cluster: plan: -------------------------------------------------------------------------------
2026-09-11T22:32:14+09:00 [openriak-entrypoint] cluster: plan: Valid:3 / Leaving:0 / Exiting:0 / Joining:0 / Down:0
2026-09-11T22:32:14+09:00 [openriak-entrypoint] cluster: plan: 
2026-09-11T22:32:15+09:00 [openriak-entrypoint] cluster: plan: WARNING: Not all replicas will be on distinct nodes
2026-09-11T22:32:15+09:00 [openriak-entrypoint] cluster: plan: 
2026-09-11T22:32:15+09:00 [openriak-entrypoint] cluster: plan: Transfers resulting from cluster changes: 4
2026-09-11T22:32:15+09:00 [openriak-entrypoint] cluster: plan:   2 transfers from 'openriak-kv@node-01.cluster-a.openriak' to 'openriak-kv@node-05.cluster-a.openriak'
2026-09-11T22:32:15+09:00 [openriak-entrypoint] cluster: plan:   2 transfers from 'openriak-kv@node-01.cluster-a.openriak' to 'openriak-kv@node-02.cluster-a.openriak'
2026-09-11T22:32:15+09:00 [openriak-entrypoint] cluster: plan: 
2026-09-11T22:32:15+09:00 [openriak-entrypoint] cluster: plan: ok
2026-09-11T22:32:16+09:00 [openriak-entrypoint] cluster: committing the planned membership changes
2026-09-11T22:32:50+09:00 [openriak-entrypoint] cluster: commit: Cluster changes committed
2026-09-11T22:32:50+09:00 [openriak-entrypoint] cluster: commit: ok
2026-09-11T22:32:51+09:00 [openriak-entrypoint] cluster: waiting for the ring to become ready
2026-09-11T22:33:30+09:00 [openriak-entrypoint] cluster: ring is ready (TRUE All nodes agree on the ring ['openriak-kv@node-01.cluster-a.openriak', 'openriak-kv@node-02.cluster-a.openriak', 'openriak-kv@node-05.cluster-a.openriak'] ok)
2026-09-11T22:33:30+09:00 [openriak-entrypoint] startup: waiting for Riak transfers to complete
2026-09-11T22:34:05+09:00 [openriak-entrypoint] startup: transfers complete (No transfers active Active Transfers: ok)
2026-09-11T22:34:06+09:00 [openriak-entrypoint] cluster: completed follower openriak-kv@node-02.cluster-a.openriak-3f4ca3f47cc36ecf
2026-09-11T22:34:06+09:00 [openriak-entrypoint] cluster: completed follower openriak-kv@node-05.cluster-a.openriak-3f4ca3f47cc36ecf
2026-09-11T22:34:24+09:00 [openriak-entrypoint] monitor: Coordinator is healthy; sleeping for 1s
2026-09-11T22:34:27+09:00 [openriak-entrypoint] cluster: approved follower openriak-kv@node-03.cluster-a.openriak at 172.18.0.5
2026-09-11T22:34:30+09:00 [openriak-entrypoint] cluster: approved follower openriak-kv@node-04.cluster-a.openriak at 172.18.0.4
2026-09-11T22:34:46+09:00 [openriak-entrypoint] monitor: Coordinator is healthy; sleeping for 1s
2026-09-11T22:35:18+09:00 [openriak-entrypoint] monitor: Coordinator is healthy; sleeping for 1s
2026-09-11T22:35:19+09:00 [openriak-entrypoint] cluster: planning a batch of 2 joined node(s)
2026-09-11T22:36:16+09:00 [openriak-entrypoint] cluster: plan: =============================== Staged Changes ================================
2026-09-11T22:36:16+09:00 [openriak-entrypoint] cluster: plan: Action         Details(s)
2026-09-11T22:36:17+09:00 [openriak-entrypoint] cluster: plan: -------------------------------------------------------------------------------
2026-09-11T22:36:17+09:00 [openriak-entrypoint] cluster: plan: join           'openriak-kv@node-03.cluster-a.openriak'
2026-09-11T22:36:17+09:00 [openriak-entrypoint] cluster: plan: join           'openriak-kv@node-04.cluster-a.openriak'
2026-09-11T22:36:17+09:00 [openriak-entrypoint] cluster: plan: -------------------------------------------------------------------------------
2026-09-11T22:36:18+09:00 [openriak-entrypoint] cluster: plan: 
2026-09-11T22:36:18+09:00 [openriak-entrypoint] cluster: plan: 
2026-09-11T22:36:18+09:00 [openriak-entrypoint] cluster: plan: NOTE: Applying these changes will result in 1 cluster transition
2026-09-11T22:36:18+09:00 [openriak-entrypoint] cluster: plan: 
2026-09-11T22:36:18+09:00 [openriak-entrypoint] cluster: plan: ###############################################################################
2026-09-11T22:36:19+09:00 [openriak-entrypoint] cluster: plan:                          After cluster transition 1/1
2026-09-11T22:36:19+09:00 [openriak-entrypoint] cluster: plan: ###############################################################################
2026-09-11T22:36:19+09:00 [openriak-entrypoint] cluster: plan: 
2026-09-11T22:36:19+09:00 [openriak-entrypoint] cluster: plan: ================================= Membership ==================================
2026-09-11T22:36:20+09:00 [openriak-entrypoint] cluster: plan: Status     Ring    Pending    Node
2026-09-11T22:36:20+09:00 [openriak-entrypoint] cluster: plan: -------------------------------------------------------------------------------
2026-09-11T22:36:20+09:00 [openriak-entrypoint] cluster: plan: valid      50.0%     25.0%    openriak-kv@node-01.cluster-a.openriak
2026-09-11T22:36:20+09:00 [openriak-entrypoint] cluster: plan: valid      25.0%     25.0%    openriak-kv@node-02.cluster-a.openriak
2026-09-11T22:36:21+09:00 [openriak-entrypoint] cluster: plan: valid       0.0%     25.0%    openriak-kv@node-03.cluster-a.openriak
2026-09-11T22:36:21+09:00 [openriak-entrypoint] cluster: plan: valid       0.0%     12.5%    openriak-kv@node-04.cluster-a.openriak
2026-09-11T22:36:21+09:00 [openriak-entrypoint] cluster: plan: valid      25.0%     12.5%    openriak-kv@node-05.cluster-a.openriak
2026-09-11T22:36:21+09:00 [openriak-entrypoint] cluster: plan: -------------------------------------------------------------------------------
2026-09-11T22:36:21+09:00 [openriak-entrypoint] cluster: plan: Valid:5 / Leaving:0 / Exiting:0 / Joining:0 / Down:0
2026-09-11T22:36:22+09:00 [openriak-entrypoint] cluster: plan: 
2026-09-11T22:36:22+09:00 [openriak-entrypoint] cluster: plan: Transfers resulting from cluster changes: 4
2026-09-11T22:36:22+09:00 [openriak-entrypoint] cluster: plan:   1 transfers from 'openriak-kv@node-01.cluster-a.openriak' to 'openriak-kv@node-04.cluster-a.openriak'
2026-09-11T22:36:22+09:00 [openriak-entrypoint] cluster: plan:   1 transfers from 'openriak-kv@node-01.cluster-a.openriak' to 'openriak-kv@node-05.cluster-a.openriak'
2026-09-11T22:36:23+09:00 [openriak-entrypoint] cluster: plan:   2 transfers from 'openriak-kv@node-05.cluster-a.openriak' to 'openriak-kv@node-03.cluster-a.openriak'
2026-09-11T22:36:23+09:00 [openriak-entrypoint] cluster: plan: 
2026-09-11T22:36:23+09:00 [openriak-entrypoint] cluster: plan: ok
2026-09-11T22:36:24+09:00 [openriak-entrypoint] cluster: committing the planned membership changes
2026-09-11T22:37:21+09:00 [openriak-entrypoint] cluster: commit: Cluster changes committed
2026-09-11T22:37:22+09:00 [openriak-entrypoint] cluster: commit: ok
2026-09-11T22:37:22+09:00 [openriak-entrypoint] cluster: waiting for the ring to become ready
2026-09-11T22:38:22+09:00 [openriak-entrypoint] cluster: ring is ready (TRUE All nodes agree on the ring ['openriak-kv@node-01.cluster-a.openriak', 'openriak-kv@node-02.cluster-a.openriak', 'openriak-kv@node-03.cluster-a.openriak', 'openriak-kv@node-04.cluster-a.openriak', 'openriak-kv@node-05.cluster-a.openriak'] ok)
2026-09-11T22:38:22+09:00 [openriak-entrypoint] startup: waiting for Riak transfers to complete
2026-09-11T22:39:17+09:00 [openriak-entrypoint] startup: waiting for transfers (attempt 1, transfers='openriak-kv@node-01.cluster-a.openriak' waiting to handoff 2 partitions Active Transfers: ok)
2026-09-11T22:40:00+09:00 [openriak-entrypoint] startup: transfers complete (No transfers active Active Transfers: ok)
2026-09-11T22:40:00+09:00 [openriak-entrypoint] cluster: completed follower openriak-kv@node-03.cluster-a.openriak-3f4ca3f47cc36ecf
2026-09-11T22:40:01+09:00 [openriak-entrypoint] cluster: completed follower openriak-kv@node-04.cluster-a.openriak-3f4ca3f47cc36ecf
2026-09-11T22:40:17+09:00 [openriak-entrypoint] monitor: Coordinator is healthy; sleeping for 1s
2026-09-11T22:40:41+09:00 [openriak-entrypoint] monitor: Coordinator is healthy; sleeping for 1s
2026-09-11T22:41:01+09:00 [openriak-entrypoint] monitor: Coordinator is healthy; sleeping for 1s
2026-09-11T22:41:23+09:00 [openriak-entrypoint] monitor: Coordinator is healthy; sleeping for 1s
2026-09-11T22:41:46+09:00 [openriak-entrypoint] monitor: Coordinator is healthy; sleeping for 1s
2026-09-11T22:42:03+09:00 [openriak-entrypoint] monitor: Coordinator is healthy; sleeping for 1s
2026-09-11T22:42:28+09:00 [openriak-entrypoint] monitor: Coordinator is healthy; sleeping for 1s
2026-09-11T22:42:48+09:00 [openriak-entrypoint] monitor: Coordinator is healthy; sleeping for 1s
2026-09-11T22:43:08+09:00 [openriak-entrypoint] monitor: Coordinator is healthy; sleeping for 1s
2026-09-11T22:43:32+09:00 [openriak-entrypoint] monitor: Coordinator is healthy; sleeping for 1s
2026-09-11T22:43:50+09:00 [openriak-entrypoint] monitor: Coordinator is healthy; sleeping for 1s
2026-09-11T22:44:12+09:00 [openriak-entrypoint] monitor: Coordinator is healthy; sleeping for 1s
2026-09-11T22:44:34+09:00 [openriak-entrypoint] monitor: Coordinator is healthy; sleeping for 1s
2026-09-11T22:44:53+09:00 [openriak-entrypoint] monitor: Coordinator is healthy; sleeping for 1s
2026-09-11T22:45:18+09:00 [openriak-entrypoint] monitor: Coordinator is healthy; sleeping for 1s
2026-09-11T22:45:35+09:00 [openriak-entrypoint] monitor: Coordinator is healthy; sleeping for 1s
2026-09-11T22:45:58+09:00 [openriak-entrypoint] monitor: Coordinator is healthy; sleeping for 1s
2026-09-11T22:46:20+09:00 [openriak-entrypoint] monitor: Coordinator is healthy; sleeping for 1s
2026-09-11T22:46:38+09:00 [openriak-entrypoint] monitor: Coordinator is healthy; sleeping for 1s
2026-09-11T22:47:01+09:00 [openriak-entrypoint] monitor: Coordinator is healthy; sleeping for 1s
2026-09-11T22:47:20+09:00 [openriak-entrypoint] monitor: Coordinator is healthy; sleeping for 1s
2026-09-11T22:47:41+09:00 [openriak-entrypoint] monitor: Coordinator is healthy; sleeping for 1s
2026-09-11T22:48:03+09:00 [openriak-entrypoint] monitor: Coordinator is healthy; sleeping for 1s
2026-09-11T22:48:21+09:00 [openriak-entrypoint] monitor: Coordinator is healthy; sleeping for 1s
2026-09-11T22:48:46+09:00 [openriak-entrypoint] monitor: Coordinator is healthy; sleeping for 1s
2026-09-11T22:49:05+09:00 [openriak-entrypoint] monitor: Coordinator is healthy; sleeping for 1s
2026-09-11T22:49:28+09:00 [openriak-entrypoint] monitor: Coordinator is healthy; sleeping for 1s
2026-09-11T22:49:51+09:00 [openriak-entrypoint] monitor: Coordinator is healthy; sleeping for 1s
2026-09-11T22:50:09+09:00 [openriak-entrypoint] monitor: Coordinator is healthy; sleeping for 1s
2026-09-11T22:50:33+09:00 [openriak-entrypoint] monitor: Coordinator is healthy; sleeping for 1s
2026-09-11T22:50:54+09:00 [openriak-entrypoint] monitor: Coordinator is healthy; sleeping for 1s
2026-09-11T22:51:14+09:00 [openriak-entrypoint] monitor: Coordinator is healthy; sleeping for 1s
2026-09-11T22:51:37+09:00 [openriak-entrypoint] monitor: Coordinator is healthy; sleeping for 1s
2026-09-11T22:51:55+09:00 [openriak-entrypoint] monitor: Coordinator is healthy; sleeping for 1s
2026-09-11T22:52:19+09:00 [openriak-entrypoint] monitor: Coordinator is healthy; sleeping for 1s
2026-09-11T22:52:41+09:00 [openriak-entrypoint] monitor: Coordinator is healthy; sleeping for 1s
2026-09-11T22:52:59+09:00 [openriak-entrypoint] monitor: Coordinator is healthy; sleeping for 1s
2026-09-11T22:53:23+09:00 [openriak-entrypoint] monitor: Coordinator is healthy; sleeping for 1s
2026-09-11T22:53:39+09:00 [openriak-entrypoint] monitor: Coordinator is healthy; sleeping for 1s
2026-09-11T22:54:04+09:00 [openriak-entrypoint] monitor: Coordinator is healthy; sleeping for 1s
2026-09-11T22:54:27+09:00 [openriak-entrypoint] monitor: Coordinator is healthy; sleeping for 1s
2026-09-11T22:54:45+09:00 [openriak-entrypoint] monitor: Coordinator is healthy; sleeping for 1s
2026-09-11T22:55:16+09:00 [openriak-entrypoint] monitor: Coordinator is healthy; sleeping for 1s
2026-09-11T22:55:46+09:00 [openriak-entrypoint] monitor: Coordinator is healthy; sleeping for 1s
2026-09-11T22:56:17+09:00 [openriak-entrypoint] monitor: Coordinator is healthy; sleeping for 1s
2026-09-11T22:56:51+09:00 [openriak-entrypoint] monitor: Coordinator is healthy; sleeping for 1s
2026-09-11T22:57:24+09:00 [openriak-entrypoint] monitor: Coordinator is healthy; sleeping for 1s
2026-09-11T22:57:55+09:00 [openriak-entrypoint] monitor: Coordinator is healthy; sleeping for 1s
2026-09-11T22:58:25+09:00 [openriak-entrypoint] monitor: Coordinator is healthy; sleeping for 1s
2026-09-11T22:58:56+09:00 [openriak-entrypoint] monitor: Coordinator is healthy; sleeping for 1s
2026-09-11T22:59:15+09:00 [openriak-entrypoint] monitor: Coordinator is healthy; sleeping for 1s
2026-09-11T22:59:37+09:00 [openriak-entrypoint] monitor: Coordinator is healthy; sleeping for 1s
2026-09-11T22:59:59+09:00 [openriak-entrypoint] monitor: Coordinator is healthy; sleeping for 1s
2026-09-11T23:00:17+09:00 [openriak-entrypoint] monitor: Coordinator is healthy; sleeping for 1s
2026-09-11T23:00:42+09:00 [openriak-entrypoint] monitor: Coordinator is healthy; sleeping for 1s
2026-09-11T23:01:00+09:00 [openriak-entrypoint] monitor: Coordinator is healthy; sleeping for 1s
2026-09-11T23:01:22+09:00 [openriak-entrypoint] monitor: Coordinator is healthy; sleeping for 1s
2026-09-11T23:01:46+09:00 [openriak-entrypoint] monitor: Coordinator is healthy; sleeping for 1s
2026-09-11T23:02:04+09:00 [openriak-entrypoint] monitor: Coordinator is healthy; sleeping for 1s
2026-09-11T23:02:27+09:00 [openriak-entrypoint] monitor: Coordinator is healthy; sleeping for 1s
2026-09-11T23:02:47+09:00 [openriak-entrypoint] monitor: Coordinator is healthy; sleeping for 1s
2026-09-11T23:03:06+09:00 [openriak-entrypoint] monitor: Coordinator is healthy; sleeping for 1s
2026-09-11T23:03:30+09:00 [openriak-entrypoint] monitor: Coordinator is healthy; sleeping for 1s
2026-09-11T23:03:46+09:00 [openriak-entrypoint] monitor: Coordinator is healthy; sleeping for 1s
2026-09-11T23:04:11+09:00 [openriak-entrypoint] monitor: Coordinator is healthy; sleeping for 1s
2026-09-11T23:04:29+09:00 [openriak-entrypoint] monitor: Coordinator is healthy; sleeping for 1s
2026-09-11T23:04:51+09:00 [openriak-entrypoint] monitor: Coordinator is healthy; sleeping for 1s
2026-09-11T23:05:13+09:00 [openriak-entrypoint] monitor: Coordinator is healthy; sleeping for 1s
2026-09-11T23:05:32+09:00 [openriak-entrypoint] monitor: Coordinator is healthy; sleeping for 1s
2026-09-11T23:05:56+09:00 [openriak-entrypoint] monitor: Coordinator is healthy; sleeping for 1s
2026-09-11T23:06:15+09:00 [openriak-entrypoint] monitor: Coordinator is healthy; sleeping for 1s
2026-09-11T23:06:36+09:00 [openriak-entrypoint] monitor: Coordinator is healthy; sleeping for 1s
2026-09-11T23:06:59+09:00 [openriak-entrypoint] monitor: Coordinator is healthy; sleeping for 1s
2026-09-11T23:07:16+09:00 [openriak-entrypoint] monitor: Coordinator is healthy; sleeping for 1s
2026-09-11T23:07:40+09:00 [openriak-entrypoint] monitor: Coordinator is healthy; sleeping for 1s
2026-09-11T23:08:01+09:00 [openriak-entrypoint] monitor: Coordinator is healthy; sleeping for 1s
2026-09-11T23:08:20+09:00 [openriak-entrypoint] monitor: Coordinator is healthy; sleeping for 1s
2026-09-11T23:08:44+09:00 [openriak-entrypoint] monitor: Coordinator is healthy; sleeping for 1s
2026-09-11T23:09:01+09:00 [openriak-entrypoint] monitor: Coordinator is healthy; sleeping for 1s
2026-09-11T23:09:26+09:00 [openriak-entrypoint] monitor: Coordinator is healthy; sleeping for 1s
2026-09-11T23:09:47+09:00 [openriak-entrypoint] monitor: Coordinator is healthy; sleeping for 1s
2026-09-11T23:10:06+09:00 [openriak-entrypoint] monitor: Coordinator is healthy; sleeping for 1s
2026-09-11T23:10:32+09:00 [openriak-entrypoint] monitor: Coordinator is healthy; sleeping for 1s
2026-09-11T23:10:52+09:00 [openriak-entrypoint] monitor: Coordinator is healthy; sleeping for 1s
2026-09-11T23:11:13+09:00 [openriak-entrypoint] monitor: Coordinator is healthy; sleeping for 1s
2026-09-11T23:11:35+09:00 [openriak-entrypoint] monitor: Coordinator is healthy; sleeping for 1s
2026-09-11T23:11:52+09:00 [openriak-entrypoint] monitor: Coordinator is healthy; sleeping for 1s
2026-09-11T23:12:15+09:00 [openriak-entrypoint] monitor: Coordinator is healthy; sleeping for 1s
2026-09-11T23:12:36+09:00 [openriak-entrypoint] monitor: Coordinator is healthy; sleeping for 1s
2026-09-11T23:12:55+09:00 [openriak-entrypoint] monitor: Coordinator is healthy; sleeping for 1s
2026-09-11T23:13:20+09:00 [openriak-entrypoint] monitor: Coordinator is healthy; sleeping for 1s
2026-09-11T23:13:38+09:00 [openriak-entrypoint] monitor: Coordinator is healthy; sleeping for 1s
2026-09-11T23:14:01+09:00 [openriak-entrypoint] monitor: Coordinator is healthy; sleeping for 1s
2026-09-11T23:14:22+09:00 [openriak-entrypoint] monitor: Coordinator is healthy; sleeping for 1s

timeout_seconds: 3600
exit_code: 0
