$ /usr/bin/docker compose --env-file /tmp/openriak-docker-3.4.1-ubuntu-noble-otp26-ckeov97j/.env.cluster --project-directory /tmp/openriak-docker-3.4.1-ubuntu-noble-otp26-ckeov97j --file /tmp/openriak-docker-3.4.1-ubuntu-noble-otp26-ckeov97j/compose.cluster.test.yaml down --remove-orphans --timeout 120
started: 2026-09-11T14:18:49Z
 Container openriak-kv-3.4.1-ubuntu-noble-otp26-node-2-t-361081z  Stopping
 Container openriak-kv-3.4.1-ubuntu-noble-otp26-node-3-t-361081z  Stopping
 Container openriak-kv-3.4.1-ubuntu-noble-otp26-node-5-t-361081z  Stopping
 Container openriak-kv-3.4.1-ubuntu-noble-otp26-node-1-t-361081z  Stopping
 Container openriak-kv-3.4.1-ubuntu-noble-otp26-node-4-t-361081z  Stopping
 Container openriak-kv-3.4.1-ubuntu-noble-otp26-node-4-t-361081z  Stopped
 Container openriak-kv-3.4.1-ubuntu-noble-otp26-node-4-t-361081z  Removing
 Container openriak-kv-3.4.1-ubuntu-noble-otp26-node-1-t-361081z  Stopped
 Container openriak-kv-3.4.1-ubuntu-noble-otp26-node-1-t-361081z  Removing
 Container openriak-kv-3.4.1-ubuntu-noble-otp26-node-5-t-361081z  Stopped
 Container openriak-kv-3.4.1-ubuntu-noble-otp26-node-5-t-361081z  Removing
 Container openriak-kv-3.4.1-ubuntu-noble-otp26-node-3-t-361081z  Stopped
 Container openriak-kv-3.4.1-ubuntu-noble-otp26-node-3-t-361081z  Removing
 Container openriak-kv-3.4.1-ubuntu-noble-otp26-node-2-t-361081z  Stopped
 Container openriak-kv-3.4.1-ubuntu-noble-otp26-node-2-t-361081z  Removing
 Container openriak-kv-3.4.1-ubuntu-noble-otp26-node-4-t-361081z  Removed
 Container openriak-kv-3.4.1-ubuntu-noble-otp26-node-1-t-361081z  Removed
 Container openriak-kv-3.4.1-ubuntu-noble-otp26-node-3-t-361081z  Removed
 Container openriak-kv-3.4.1-ubuntu-noble-otp26-node-5-t-361081z  Removed
 Container openriak-kv-3.4.1-ubuntu-noble-otp26-node-2-t-361081z  Removed
 Network openriak-kv-341-ubuntu-noble-otp26-node-cluster_openriak  Removing
 Network openriak-kv-341-ubuntu-noble-otp26-node-cluster_openriak  Removed

timeout_seconds: 3600
exit_code: 0
