$ /usr/bin/docker exec openriak-kv-3.4.1-ubuntu-noble-otp26-node-t-361081z sh -c 'date +%z
id -u riak
id -g riak
stat -c '"'"'%u:%g'"'"' /etc/riak /var/lib/riak /var/log/riak'
started: 2026-09-11T13:19:13Z
+0900
19001
19002
19001:19002
19001:19002
19001:19002

timeout_seconds: 3600
exit_code: 0
$ /usr/bin/docker container inspect openriak-kv-3.4.1-ubuntu-noble-otp26-node-t-361081z
started: 2026-09-11T13:19:14Z
[
    {
        "Id": "d88acbd20630bf3aaf6e1c1626be256097f2a76da4f79ccfbc88eed388365727",
        "Created": "2026-09-11T13:17:15.336243681Z",
        "Path": "/usr/local/bin/openriak-entrypoint",
        "Args": [],
        "State": {
            "Status": "running",
            "Running": true,
            "Paused": false,
            "Restarting": false,
            "OOMKilled": false,
            "Dead": false,
            "Pid": 781247,
            "ExitCode": 0,
            "Error": "",
            "StartedAt": "2026-09-11T13:17:15.369398879Z",
            "FinishedAt": "0001-01-01T00:00:00Z",
            "Health": {
                "Status": "healthy",
                "FailingStreak": 0,
                "Log": [
                    {
                        "Start": "2026-09-11T13:17:58.653665191Z",
                        "End": "2026-09-11T13:18:05.503635425Z",
                        "ExitCode": 1,
                        "Output": "OpenRiak healthcheck failed: riak ping did not return pong\n"
                    },
                    {
                        "Start": "2026-09-11T13:18:10.504186456Z",
                        "End": "2026-09-11T13:18:17.869127005Z",
                        "ExitCode": 0,
                        "Output": "OpenRiak healthcheck passed: BEAM is running and riak ping returned pong\n"
                    },
                    {
                        "Start": "2026-09-11T13:18:27.870131429Z",
                        "End": "2026-09-11T13:18:33.613862047Z",
                        "ExitCode": 0,
                        "Output": "OpenRiak healthcheck passed: BEAM is running and riak ping returned pong\n"
                    },
                    {
                        "Start": "2026-09-11T13:18:43.614714798Z",
                        "End": "2026-09-11T13:18:49.383115974Z",
                        "ExitCode": 0,
                        "Output": "OpenRiak healthcheck passed: BEAM is running and riak ping returned pong\n"
                    },
                    {
                        "Start": "2026-09-11T13:18:59.384661858Z",
                        "End": "2026-09-11T13:19:04.866233507Z",
                        "ExitCode": 0,
                        "Output": "OpenRiak healthcheck passed: BEAM is running and riak ping returned pong\n"
                    }
                ]
            }
        },
        "Image": "sha256:cbf0be934f7c076542509298513f384e2dd7905144d8c281dbdd8ff1e5cdb59a",
        "ResolvConfPath": "/var/lib/docker/containers/d88acbd20630bf3aaf6e1c1626be256097f2a76da4f79ccfbc88eed388365727/resolv.conf",
        "HostnamePath": "/var/lib/docker/containers/d88acbd20630bf3aaf6e1c1626be256097f2a76da4f79ccfbc88eed388365727/hostname",
        "HostsPath": "/var/lib/docker/containers/d88acbd20630bf3aaf6e1c1626be256097f2a76da4f79ccfbc88eed388365727/hosts",
        "LogPath": "/var/lib/docker/containers/d88acbd20630bf3aaf6e1c1626be256097f2a76da4f79ccfbc88eed388365727/d88acbd20630bf3aaf6e1c1626be256097f2a76da4f79ccfbc88eed388365727-json.log",
        "Name": "/openriak-kv-3.4.1-ubuntu-noble-otp26-node-t-361081z",
        "RestartCount": 0,
        "Driver": "overlay2",
        "Platform": "linux",
        "MountLabel": "",
        "ProcessLabel": "",
        "AppArmorProfile": "docker-default",
        "ExecIDs": null,
        "HostConfig": {
            "Binds": [
                "/tmp/openriak-docker-3.4.1-ubuntu-noble-otp26-ckeov97j/openriak-kv-3.4.1-ubuntu-noble-otp26-node/config:/etc/riak:rw",
                "/tmp/openriak-docker-3.4.1-ubuntu-noble-otp26-ckeov97j/openriak-kv-3.4.1-ubuntu-noble-otp26-node/data:/var/lib/riak:rw",
                "/tmp/openriak-docker-3.4.1-ubuntu-noble-otp26-ckeov97j/openriak-kv-3.4.1-ubuntu-noble-otp26-node/logs:/var/log/riak:rw"
            ],
            "ContainerIDFile": "",
            "LogConfig": {
                "Type": "json-file",
                "Config": {
                    "max-file": "3",
                    "max-size": "10m"
                }
            },
            "NetworkMode": "openriak-kv-341-ubuntu-noble-otp26-node_openriak",
            "PortBindings": {},
            "RestartPolicy": {
                "Name": "no",
                "MaximumRetryCount": 0
            },
            "AutoRemove": false,
            "VolumeDriver": "",
            "VolumesFrom": null,
            "ConsoleSize": [
                0,
                0
            ],
            "CapAdd": null,
            "CapDrop": null,
            "CgroupnsMode": "private",
            "Dns": null,
            "DnsOptions": null,
            "DnsSearch": null,
            "ExtraHosts": [],
            "GroupAdd": null,
            "IpcMode": "private",
            "Cgroup": "",
            "Links": null,
            "OomScoreAdj": 0,
            "PidMode": "",
            "Privileged": false,
            "PublishAllPorts": false,
            "ReadonlyRootfs": false,
            "SecurityOpt": null,
            "UTSMode": "",
            "UsernsMode": "",
            "ShmSize": 67108864,
            "Runtime": "runc",
            "Isolation": "",
            "CpuShares": 0,
            "Memory": 0,
            "NanoCpus": 0,
            "CgroupParent": "",
            "BlkioWeight": 0,
            "BlkioWeightDevice": null,
            "BlkioDeviceReadBps": null,
            "BlkioDeviceWriteBps": null,
            "BlkioDeviceReadIOps": null,
            "BlkioDeviceWriteIOps": null,
            "CpuPeriod": 0,
            "CpuQuota": 0,
            "CpuRealtimePeriod": 0,
            "CpuRealtimeRuntime": 0,
            "CpusetCpus": "",
            "CpusetMems": "",
            "Devices": null,
            "DeviceCgroupRules": null,
            "DeviceRequests": null,
            "MemoryReservation": 0,
            "MemorySwap": 0,
            "MemorySwappiness": null,
            "OomKillDisable": null,
            "PidsLimit": null,
            "Ulimits": [
                {
                    "Name": "nofile",
                    "Hard": 100000,
                    "Soft": 100000
                }
            ],
            "CpuCount": 0,
            "CpuPercent": 0,
            "IOMaximumIOps": 0,
            "IOMaximumBandwidth": 0,
            "MaskedPaths": [
                "/proc/asound",
                "/proc/acpi",
                "/proc/kcore",
                "/proc/keys",
                "/proc/latency_stats",
                "/proc/timer_list",
                "/proc/timer_stats",
                "/proc/sched_debug",
                "/proc/scsi",
                "/sys/firmware",
                "/sys/devices/virtual/powercap"
            ],
            "ReadonlyPaths": [
                "/proc/bus",
                "/proc/fs",
                "/proc/irq",
                "/proc/sys",
                "/proc/sysrq-trigger"
            ]
        },
        "GraphDriver": {
            "Data": {
                "LowerDir": "/var/lib/docker/overlay2/1bf8874731181da34dd145e46768af56e5e0b7ed228e26c7bb12213ba1190c22-init/diff:/var/lib/docker/overlay2/7aad4b788c2ce2303adf93c09ca50255717267b6ea58dba03afca4e471130b06/diff:/var/lib/docker/overlay2/e93ca241193916debbdc1e26beca4e988cd76d61a9e520bc6b2119789d517f61/diff:/var/lib/docker/overlay2/56f3812d2168112874af55f82b04f79c6c93c0197a1216a323bfe1dbdb706f11/diff:/var/lib/docker/overlay2/ae5733503e8cb77bf6a79f09b391ab79028814184db4054d32be5077891607d5/diff:/var/lib/docker/overlay2/20627ac48a471406c6b200a9c1ed1503544e8bf821625c07cdb744d5ca1a1649/diff",
                "MergedDir": "/var/lib/docker/overlay2/1bf8874731181da34dd145e46768af56e5e0b7ed228e26c7bb12213ba1190c22/merged",
                "UpperDir": "/var/lib/docker/overlay2/1bf8874731181da34dd145e46768af56e5e0b7ed228e26c7bb12213ba1190c22/diff",
                "WorkDir": "/var/lib/docker/overlay2/1bf8874731181da34dd145e46768af56e5e0b7ed228e26c7bb12213ba1190c22/work"
            },
            "Name": "overlay2"
        },
        "Mounts": [
            {
                "Type": "bind",
                "Source": "/tmp/openriak-docker-3.4.1-ubuntu-noble-otp26-ckeov97j/openriak-kv-3.4.1-ubuntu-noble-otp26-node/config",
                "Destination": "/etc/riak",
                "Mode": "rw",
                "RW": true,
                "Propagation": "rprivate"
            },
            {
                "Type": "bind",
                "Source": "/tmp/openriak-docker-3.4.1-ubuntu-noble-otp26-ckeov97j/openriak-kv-3.4.1-ubuntu-noble-otp26-node/data",
                "Destination": "/var/lib/riak",
                "Mode": "rw",
                "RW": true,
                "Propagation": "rprivate"
            },
            {
                "Type": "bind",
                "Source": "/tmp/openriak-docker-3.4.1-ubuntu-noble-otp26-ckeov97j/openriak-kv-3.4.1-ubuntu-noble-otp26-node/logs",
                "Destination": "/var/log/riak",
                "Mode": "rw",
                "RW": true,
                "Propagation": "rprivate"
            }
        ],
        "Config": {
            "Hostname": "node-01.cluster-a.openriak",
            "Domainname": "",
            "User": "",
            "AttachStdin": false,
            "AttachStdout": true,
            "AttachStderr": true,
            "ExposedPorts": {
                "8087/tcp": {},
                "8098/tcp": {}
            },
            "Tty": false,
            "OpenStdin": false,
            "StdinOnce": false,
            "Env": [
                "TZ=Asia/Tokyo",
                "RIAK_UID=19001",
                "RIAK_GID=19002",
                "RIAK_LOG_MAX_FILE_SIZE=2MB",
                "RIAK_LOG_MAX_FILES=4",
                "RIAK_NODE_HOST=node-01.cluster-a.openriak",
                "RIAK_DISTRIBUTED_COOKIE=openriak-282334c3a281c86aa2bd34da8284a52e",
                "RIAK_MONITOR_INTERVAL_SECONDS=1",
                "PATH=/usr/local/sbin:/usr/local/bin:/usr/sbin:/usr/bin:/sbin:/bin",
                "RIAK_NODE_NAME=",
                "RIAK_RING_SIZE=8",
                "RIAK_STORAGE_BACKEND=leveled",
                "RIAK_ANTI_ENTROPY=passive",
                "RIAK_TICTACAAE_ACTIVE=active",
                "RIAK_TICTACAAE_STOREHEADS=enabled",
                "RIAK_HTTP_LISTENER=0.0.0.0:8098",
                "RIAK_PB_LISTENER=0.0.0.0:8087",
                "RIAK_NOFILE_LIMIT=100000",
                "RIAK_INIT_ONLY=0",
                "RIAK_STARTUP_POLL_SECONDS=1",
                "RIAK_SHUTDOWN_POLL_SECONDS=1",
                "OPENRIAK_CLUSTER_MODE=single",
                "OPENRIAK_CLUSTER_CONTROL_DIR=/var/lib/openriak-cluster-control",
                "OPENRIAK_CLUSTER_POLL_SECONDS=1",
                "OPENRIAK_CLUSTER_WAIT_SECONDS=300",
                "role="
            ],
            "Cmd": null,
            "Healthcheck": {
                "Test": [
                    "CMD",
                    "/usr/local/bin/openriak-healthcheck"
                ],
                "Interval": 10000000000,
                "Timeout": 60000000000,
                "StartPeriod": 120000000000,
                "Retries": 3
            },
            "Image": "tiotjp/openriak-kv:test-3.4.1-ubuntu-noble-otp26-linux-arm64-20260911t131340.361081z",
            "Volumes": {
                "/etc/riak": {},
                "/var/lib/riak": {},
                "/var/log/riak": {}
            },
            "WorkingDir": "/",
            "Entrypoint": [
                "/usr/local/bin/openriak-entrypoint"
            ],
            "OnBuild": null,
            "Labels": {
                "com.docker.compose.config-hash": "9f70bd03dbca7470c8da0e8a1603e13a25a4b845ad2fd1ee41301c65cee800ab",
                "com.docker.compose.container-number": "1",
                "com.docker.compose.depends_on": "",
                "com.docker.compose.image": "sha256:cbf0be934f7c076542509298513f384e2dd7905144d8c281dbdd8ff1e5cdb59a",
                "com.docker.compose.oneoff": "False",
                "com.docker.compose.project": "openriak-kv-341-ubuntu-noble-otp26-node",
                "com.docker.compose.project.config_files": "/tmp/openriak-docker-3.4.1-ubuntu-noble-otp26-ckeov97j/compose.single.test.yaml",
                "com.docker.compose.project.environment_file": "/tmp/openriak-docker-3.4.1-ubuntu-noble-otp26-ckeov97j/.env.single",
                "com.docker.compose.project.working_dir": "/tmp/openriak-docker-3.4.1-ubuntu-noble-otp26-ckeov97j",
                "com.docker.compose.service": "node",
                "com.docker.compose.version": "2.29.1",
                "org.opencontainers.image.description": "Package-backed OpenRiak KV with single-node and cluster startup support",
                "org.opencontainers.image.source": "https://github.com/TI-Tokyo/openriak-docs",
                "org.opencontainers.image.title": "OpenRiak KV",
                "org.opencontainers.image.url": "https://www.tiot.jp/",
                "org.opencontainers.image.vendor": "TI Tokyo",
                "org.opencontainers.image.version": "3.4.1",
                "org.openriak.image.tag": "tiotjp/openriak-kv:3.4.1-ubuntu-noble-otp26",
                "org.openriak.os.name": "ubuntu",
                "org.openriak.os.release": "noble",
                "org.openriak.os.version": "24.04",
                "org.openriak.otp.version": "26"
            },
            "StopSignal": "SIGTERM",
            "StopTimeout": 120
        },
        "NetworkSettings": {
            "Bridge": "",
            "SandboxID": "56968c720d4d5d4027d013cfe932f4b1bfbf62a297d606cbde797d319936cb7d",
            "SandboxKey": "/var/run/docker/netns/56968c720d4d",
            "Ports": {
                "8087/tcp": null,
                "8098/tcp": null
            },
            "HairpinMode": false,
            "LinkLocalIPv6Address": "",
            "LinkLocalIPv6PrefixLen": 0,
            "SecondaryIPAddresses": null,
            "SecondaryIPv6Addresses": null,
            "EndpointID": "",
            "Gateway": "",
            "GlobalIPv6Address": "",
            "GlobalIPv6PrefixLen": 0,
            "IPAddress": "",
            "IPPrefixLen": 0,
            "IPv6Gateway": "",
            "MacAddress": "",
            "Networks": {
                "openriak-kv-341-ubuntu-noble-otp26-node_openriak": {
                    "IPAMConfig": {},
                    "Links": null,
                    "Aliases": [
                        "openriak-kv-3.4.1-ubuntu-noble-otp26-node-t-361081z",
                        "node",
                        "node-01.cluster-a.openriak"
                    ],
                    "MacAddress": "02:42:ac:15:00:02",
                    "DriverOpts": null,
                    "NetworkID": "66b159c0e27f8d35269ba9e34544f627379db83687506bc42dcccf7fdda13c59",
                    "EndpointID": "00dfb52c23e68bddad59ae1ee429533d010f12f8b1b7ab9bdf6c3f134abfb246",
                    "Gateway": "172.21.0.1",
                    "IPAddress": "172.21.0.2",
                    "IPPrefixLen": 16,
                    "IPv6Gateway": "",
                    "GlobalIPv6Address": "",
                    "GlobalIPv6PrefixLen": 0,
                    "DNSNames": [
                        "openriak-kv-3.4.1-ubuntu-noble-otp26-node-t-361081z",
                        "node",
                        "node-01.cluster-a.openriak",
                        "d88acbd20630"
                    ]
                }
            }
        }
    }
]

timeout_seconds: 3600
exit_code: 0
$ /usr/bin/docker exec openriak-kv-3.4.1-ubuntu-noble-otp26-node-t-361081z sh -ec 'test ! -e /usr/bin/perl
test ! -e /usr/bin/python3
test -s /var/lib/dpkg/status
dpkg --compare-versions "$(dpkg-query -W -f='"'"'${Version}'"'"' libc6)" ge '"'"'2.39-0ubuntu8.9'"'"'
test ! -e /bin/tar
test ! -e /usr/bin/tar
'
started: 2026-09-11T13:19:14Z

timeout_seconds: 3600
exit_code: 0
