$ /usr/bin/docker container inspect openriak-kv-3.4.1-rocky-9-otp26-node-1-t-947558z
started: 2026-09-11T09:40:41Z
[]
Error response from daemon: No such container: openriak-kv-3.4.1-rocky-9-otp26-node-1-t-947558z

timeout_seconds: 3600
exit_code: 1
$ /usr/bin/docker container inspect openriak-kv-3.4.1-rocky-9-otp26-node-2-t-947558z
started: 2026-09-11T09:40:41Z
[]
Error response from daemon: No such container: openriak-kv-3.4.1-rocky-9-otp26-node-2-t-947558z

timeout_seconds: 3600
exit_code: 1
$ /usr/bin/docker container inspect openriak-kv-3.4.1-rocky-9-otp26-node-3-t-947558z
started: 2026-09-11T09:40:41Z
[]
Error response from daemon: No such container: openriak-kv-3.4.1-rocky-9-otp26-node-3-t-947558z

timeout_seconds: 3600
exit_code: 1
$ /usr/bin/docker container inspect openriak-kv-3.4.1-rocky-9-otp26-node-4-t-947558z
started: 2026-09-11T09:40:41Z
[]
Error response from daemon: No such container: openriak-kv-3.4.1-rocky-9-otp26-node-4-t-947558z

timeout_seconds: 3600
exit_code: 1
$ /usr/bin/docker container inspect openriak-kv-3.4.1-rocky-9-otp26-node-5-t-947558z
started: 2026-09-11T09:40:41Z
[]
Error response from daemon: No such container: openriak-kv-3.4.1-rocky-9-otp26-node-5-t-947558z

timeout_seconds: 3600
exit_code: 1
